request_time,write,response_time,accept_status
1785246839854,true,1785246839875,LeaderAccept
1785246840067,false,1785246840088,LeaderAccept
1785246840304,false,1785246840326,LeaderAccept
1785246840571,false,1785246840593,LeaderAccept
1785246840876,true,1785246840897,LeaderAccept
1785246841231,true,1785246841252,LeaderAccept
1785246841654,true,1785246841675,LeaderAccept
1785246842177,false,1785246842208,LeaderAccept
1785246842856,false,1785246842877,LeaderAccept
1785246843809,false,1785246843830,LeaderAccept
1785246845342,true,1785246845363,LeaderAccept
1785246848641,false,1785246848662,LeaderAccept
1785246854368,true,1785246854389,LeaderAccept
1785246854384,true,1785246854405,LeaderAccept
1785246854398,true,1785246854419,LeaderAccept
1785246854414,true,1785246854435,LeaderAccept
1785246854430,false,1785246854451,LeaderAccept
1785246854445,false,1785246854466,LeaderAccept
1785246854462,true,1785246854483,LeaderAccept
1785246854478,false,1785246854499,LeaderAccept
1785246854494,false,1785246854516,LeaderAccept
1785246854511,false,1785246854532,LeaderAccept
1785246854528,false,1785246854549,LeaderAccept
1785246854545,false,1785246854567,LeaderAccept
1785246854562,false,1785246854583,LeaderAccept
1785246854579,false,1785246854600,LeaderAccept
1785246854596,true,1785246854617,LeaderAccept
1785246854612,false,1785246854634,LeaderAccept
1785246854630,true,1785246854651,LeaderAccept
1785246854648,false,1785246854669,LeaderAccept
1785246854666,true,1785246854692,LeaderAccept
1785246854684,true,1785246854705,LeaderAccept
1785246854702,false,1785246854723,LeaderAccept
1785246854719,false,1785246854740,LeaderAccept
1785246854738,true,1785246854759,LeaderAccept
1785246854756,false,1785246854777,LeaderAccept
1785246854774,true,1785246854795,LeaderAccept
1785246854793,false,1785246854814,LeaderAccept
1785246854812,false,1785246854832,LeaderAccept
1785246854831,true,1785246854852,LeaderAccept
1785246854850,true,1785246854871,LeaderAccept
1785246854869,true,1785246854890,LeaderAccept
1785246854889,true,1785246854910,LeaderAccept
1785246854909,false,1785246854930,LeaderAccept
1785246854929,true,1785246854950,LeaderAccept
1785246854950,false,1785246854971,LeaderAccept
1785246854970,false,1785246854991,LeaderAccept
1785246854990,false,1785246855011,LeaderAccept
1785246855011,true,1785246855032,LeaderAccept
1785246855031,false,1785246855052,LeaderAccept
1785246855052,false,1785246855073,LeaderAccept
1785246855074,false,1785246855095,LeaderAccept
1785246855095,true,1785246855116,LeaderAccept
1785246855117,false,1785246855138,LeaderAccept
1785246855139,true,1785246855160,LeaderAccept
1785246855161,true,1785246855182,LeaderAccept
1785246855183,true,1785246855205,LeaderAccept
1785246855206,true,1785246855227,LeaderAccept
1785246855229,false,1785246855250,LeaderAccept
1785246855253,true,1785246855274,LeaderAccept
1785246855276,true,1785246855297,LeaderAccept
1785246855300,false,1785246855321,LeaderAccept
1785246855324,false,1785246855345,LeaderAccept
1785246855348,false,1785246855369,LeaderAccept
1785246855372,false,1785246855393,LeaderAccept
1785246855397,true,1785246855418,LeaderAccept
1785246855423,true,1785246855444,LeaderAccept
1785246855448,false,1785246855469,LeaderAccept
1785246855474,false,1785246855495,LeaderAccept
1785246855500,true,1785246855521,LeaderAccept
1785246855527,false,1785246855548,LeaderAccept
1785246855554,false,1785246855580,LeaderAccept
1785246855580,true,1785246855601,LeaderAccept
1785246855608,false,1785246855629,LeaderAccept
1785246855636,true,1785246855657,LeaderAccept
1785246855665,true,1785246855686,LeaderAccept
1785246855693,false,1785246855714,LeaderAccept
1785246855722,true,1785246855743,LeaderAccept
1785246855751,true,1785246855773,LeaderAccept
1785246855781,true,1785246855802,LeaderAccept
1785246855811,false,1785246855832,LeaderAccept
1785246855842,false,1785246855863,LeaderAccept
1785246855872,true,1785246855893,LeaderAccept
1785246855904,false,1785246855925,LeaderAccept
1785246855936,false,1785246855957,LeaderAccept
1785246855968,false,1785246855990,LeaderAccept
1785246856001,false,1785246856023,LeaderAccept
1785246856035,false,1785246856057,LeaderAccept
1785246856069,false,1785246856091,LeaderAccept
1785246856104,true,1785246856125,LeaderAccept
1785246856139,true,1785246856160,LeaderAccept
1785246856175,true,1785246856196,LeaderAccept
1785246856211,false,1785246856232,LeaderAccept
1785246856249,true,1785246856270,LeaderAccept
1785246856287,true,1785246856308,LeaderAccept
1785246856325,true,1785246856346,LeaderAccept
1785246856364,false,1785246856385,LeaderAccept
1785246856404,false,1785246856426,LeaderAccept
1785246856445,false,1785246856466,LeaderAccept
1785246856486,false,1785246856507,LeaderAccept
1785246856528,true,1785246856550,LeaderAccept
1785246856572,false,1785246856594,LeaderAccept
1785246856617,true,1785246856639,LeaderAccept
1785246856663,true,1785246856684,LeaderAccept
1785246856709,true,1785246856731,LeaderAccept
1785246856757,true,1785246856779,LeaderAccept
1785246856805,true,1785246856826,LeaderAccept
1785246856855,true,1785246856877,LeaderAccept
1785246856906,false,1785246856928,LeaderAccept
1785246856958,false,1785246856980,LeaderAccept
1785246857012,false,1785246857034,LeaderAccept
1785246857067,true,1785246857094,LeaderAccept
1785246857123,false,1785246857144,LeaderAccept
1785246857181,false,1785246857237,LeaderAccept
1785246857241,true,1785246857268,LeaderAccept
1785246857303,true,1785246857324,LeaderAccept
1785246857366,true,1785246857387,LeaderAccept
1785246857431,false,1785246857462,LeaderAccept
1785246857499,false,1785246857526,LeaderAccept
1785246857569,false,1785246857590,LeaderAccept
1785246857641,false,1785246857662,LeaderAccept
1785246857715,false,1785246857742,LeaderAccept
1785246857792,false,1785246857813,LeaderAccept
1785246857874,false,1785246857895,LeaderAccept
1785246857957,false,1785246858004,LeaderAccept
1785246858044,true,1785246858071,LeaderAccept
1785246858136,false,1785246858157,LeaderAccept
1785246858231,true,1785246858253,LeaderAccept
1785246858331,true,1785246858381,LeaderAccept
1785246858436,true,1785246858457,LeaderAccept
1785246858546,true,1785246858568,LeaderAccept
1785246858663,false,1785246858684,LeaderAccept
1785246858788,true,1785246858814,LeaderAccept
1785246858919,true,1785246858939,LeaderAccept
1785246859059,false,1785246859080,LeaderAccept
1785246859208,true,1785246859229,LeaderAccept
1785246859370,false,1785246859391,LeaderAccept
1785246859545,true,1785246859567,LeaderAccept
1785246859737,false,1785246859763,LeaderAccept
1785246859948,true,1785246859974,LeaderAccept
1785246860180,false,1785246860202,LeaderAccept
1785246860443,true,1785246860464,LeaderAccept
1785246860742,true,1785246860763,LeaderAccept
1785246861089,true,1785246861111,LeaderAccept
1785246861502,true,1785246861524,LeaderAccept
1785246862009,true,1785246862031,LeaderAccept
1785246862663,false,1785246862684,LeaderAccept
1785246863568,true,1785246863589,LeaderAccept
1785246864990,true,1785246865011,LeaderAccept
1785246867884,false,1785246867911,LeaderAccept
1785246873024,true,1785246873046,LeaderAccept
1785246873057,false,1785246873078,LeaderAccept
1785246873090,true,1785246873111,LeaderAccept
1785246873124,true,1785246873145,LeaderAccept
1785246873158,false,1785246873180,LeaderAccept
1785246873194,false,1785246873216,LeaderAccept
1785246873230,true,1785246873252,LeaderAccept
1785246873267,false,1785246873288,LeaderAccept
1785246873305,false,1785246873326,LeaderAccept
1785246873342,true,1785246873363,LeaderAccept
1785246873381,true,1785246873402,LeaderAccept
1785246873420,false,1785246873441,LeaderAccept
1785246873459,true,1785246873481,LeaderAccept
1785246873500,false,1785246873521,LeaderAccept
1785246873541,true,1785246873562,LeaderAccept
1785246873583,false,1785246873604,LeaderAccept
1785246873626,true,1785246873647,LeaderAccept
1785246873670,false,1785246873691,LeaderAccept
1785246873714,true,1785246873736,LeaderAccept
1785246873760,false,1785246873781,LeaderAccept
1785246873807,true,1785246873828,LeaderAccept
1785246873854,false,1785246873876,LeaderAccept
1785246873904,false,1785246873926,LeaderAccept
1785246873955,false,1785246873976,LeaderAccept
1785246874007,true,1785246874028,LeaderAccept
1785246874060,false,1785246874081,LeaderAccept
1785246874115,false,1785246874136,LeaderAccept
1785246874170,true,1785246874192,LeaderAccept
1785246874228,false,1785246874250,LeaderAccept
1785246874287,false,1785246874308,LeaderAccept
1785246874348,true,1785246874370,LeaderAccept
1785246874411,false,1785246874432,LeaderAccept
1785246874475,true,1785246874496,LeaderAccept
1785246874541,true,1785246874562,LeaderAccept
1785246874610,false,1785246874631,LeaderAccept
1785246874681,false,1785246874702,LeaderAccept
1785246874754,true,1785246874775,LeaderAccept
1785246874830,false,1785246874852,LeaderAccept
1785246874909,false,1785246874931,LeaderAccept
1785246874992,false,1785246875013,LeaderAccept
1785246875078,true,1785246875099,LeaderAccept
1785246875167,false,1785246875188,LeaderAccept
1785246875261,false,1785246875310,LeaderAccept
1785246875359,false,1785246875390,LeaderAccept
1785246875462,false,1785246875500,LeaderAccept
1785246875570,true,1785246875591,LeaderAccept
1785246875684,true,1785246875715,LeaderAccept
1785246875804,false,1785246875825,LeaderAccept
1785246875931,false,1785246875953,LeaderAccept
1785246876068,false,1785246876089,LeaderAccept
1785246876214,true,1785246876236,LeaderAccept
1785246876372,true,1785246876394,LeaderAccept
1785246876542,true,1785246876564,LeaderAccept
1785246876727,false,1785246876748,LeaderAccept
1785246876930,true,1785246876951,LeaderAccept
1785246877154,false,1785246877175,LeaderAccept
1785246877404,true,1785246877425,LeaderAccept
1785246877687,true,1785246877709,LeaderAccept
1785246878014,true,1785246878035,LeaderAccept
1785246878398,true,1785246878420,LeaderAccept
1785246878863,true,1785246878885,LeaderAccept
1785246879450,true,1785246879473,LeaderAccept
1785246880236,true,1785246880257,LeaderAccept
1785246881401,true,1785246881422,LeaderAccept
1785246883484,false,1785246883506,LeaderAccept
1785246889384,false,1785246889405,LeaderAccept
1785246907539,true,1785246907560,LeaderAccept
1785246907560,true,1785246907581,LeaderAccept
1785246907581,true,1785246907607,LeaderAccept
1785246907603,false,1785246907624,LeaderAccept
1785246907625,false,1785246907647,LeaderAccept
1785246907647,false,1785246907692,SlowAccept
1785246907670,true,1785246907692,LeaderAccept
1785246907692,true,1785246907712,LeaderAccept
1785246907714,false,1785246907741,LeaderAccept
1785246907738,false,1785246907759,LeaderAccept
1785246907761,true,1785246907782,LeaderAccept
1785246907784,true,1785246907831,SlowAccept
1785246907808,false,1785246907831,LeaderAccept
1785246907832,true,1785246907853,LeaderAccept
1785246907857,false,1785246907883,LeaderAccept
1785246907882,true,1785246907903,LeaderAccept
1785246907907,true,1785246907927,LeaderAccept
1785246907932,false,1785246907964,LeaderAccept
1785246907957,false,1785246907978,LeaderAccept
1785246907983,false,1785246908004,LeaderAccept
1785246908010,true,1785246908036,LeaderAccept
1785246908036,true,1785246908057,LeaderAccept
1785246908063,false,1785246908084,LeaderAccept
1785246908090,false,1785246908111,LeaderAccept
1785246908118,false,1785246908139,LeaderAccept
1785246908146,true,1785246908167,LeaderAccept
1785246908175,false,1785246908201,LeaderAccept
1785246908204,true,1785246908225,LeaderAccept
1785246908234,true,1785246908255,LeaderAccept
1785246908263,true,1785246908289,LeaderAccept
1785246908293,true,1785246908314,LeaderAccept
1785246908323,false,1785246908345,LeaderAccept
1785246908354,true,1785246908380,LeaderAccept
1785246908385,false,1785246908406,LeaderAccept
1785246908417,false,1785246908467,LeaderAccept
1785246908450,false,1785246908471,LeaderAccept
1785246908483,true,1785246908504,LeaderAccept
1785246908516,true,1785246908537,LeaderAccept
1785246908550,false,1785246908572,LeaderAccept
1785246908585,true,1785246908606,LeaderAccept
1785246908620,false,1785246908641,LeaderAccept
1785246908655,false,1785246908677,LeaderAccept
1785246908691,true,1785246908713,LeaderAccept
1785246908728,true,1785246908749,LeaderAccept
1785246908766,true,1785246908787,LeaderAccept
1785246908804,true,1785246908825,LeaderAccept
1785246908843,true,1785246908864,LeaderAccept
1785246908882,false,1785246908903,LeaderAccept
1785246908923,true,1785246908944,LeaderAccept
1785246908964,true,1785246908986,LeaderAccept
1785246909006,false,1785246909028,LeaderAccept
1785246909048,false,1785246909076,LeaderAccept
1785246909092,true,1785246909113,LeaderAccept
1785246909136,false,1785246909157,LeaderAccept
1785246909182,true,1785246909203,LeaderAccept
1785246909228,true,1785246909250,LeaderAccept
1785246909276,true,1785246909298,LeaderAccept
1785246909326,true,1785246909373,LeaderAccept
1785246909375,false,1785246909396,LeaderAccept
1785246909427,true,1785246909448,LeaderAccept
1785246909480,true,1785246909528,LeaderAccept
1785246909534,false,1785246909555,LeaderAccept
1785246909590,false,1785246909611,LeaderAccept
1785246909647,true,1785246909668,LeaderAccept
1785246909705,false,1785246909726,LeaderAccept
1785246909765,true,1785246909786,LeaderAccept
1785246909827,true,1785246909854,LeaderAccept
1785246909891,false,1785246909913,LeaderAccept
1785246909958,false,1785246909979,LeaderAccept
1785246910026,false,1785246910053,LeaderAccept
1785246910096,true,1785246910118,LeaderAccept
1785246910170,true,1785246910191,LeaderAccept
1785246910246,false,1785246910273,LeaderAccept
1785246910326,true,1785246910348,LeaderAccept
1785246910409,true,1785246910430,LeaderAccept
1785246910494,false,1785246910516,LeaderAccept
1785246910583,false,1785246910605,LeaderAccept
1785246910676,true,1785246910697,LeaderAccept
1785246910774,false,1785246910795,LeaderAccept
1785246910876,false,1785246910897,LeaderAccept
1785246910983,false,1785246911004,LeaderAccept
1785246911096,false,1785246911118,LeaderAccept
1785246911216,true,1785246911238,LeaderAccept
1785246911343,false,1785246911365,LeaderAccept
1785246911479,true,1785246911501,LeaderAccept
1785246911624,true,1785246911645,LeaderAccept
1785246911779,true,1785246911800,LeaderAccept
1785246911946,true,1785246911968,LeaderAccept
1785246912129,true,1785246912150,LeaderAccept
1785246912329,true,1785246912350,LeaderAccept
1785246912550,false,1785246912576,LeaderAccept
1785246912797,false,1785246912819,LeaderAccept
1785246913076,false,1785246913097,LeaderAccept
1785246913396,false,1785246913418,LeaderAccept
1785246913772,true,1785246913794,LeaderAccept
1785246914225,false,1785246914246,LeaderAccept
1785246914793,false,1785246914815,LeaderAccept
1785246915547,true,1785246915569,LeaderAccept
1785246916645,false,1785246916666,LeaderAccept
1785246918546,false,1785246918568,LeaderAccept
1785246923463,true,1785246923485,LeaderAccept
1785246947109,false,1785246947136,LeaderAccept
1785246947125,false,1785246947146,LeaderAccept
1785246947141,false,1785246947162,LeaderAccept
1785246947157,false,1785246947177,LeaderAccept
1785246947173,true,1785246947195,LeaderAccept
1785246947190,false,1785246947211,LeaderAccept
1785246947206,true,1785246947228,LeaderAccept
1785246947222,false,1785246947244,LeaderAccept
1785246947239,true,1785246947260,LeaderAccept
1785246947256,true,1785246947277,LeaderAccept
1785246947273,false,1785246947294,LeaderAccept
1785246947290,true,1785246947312,LeaderAccept
1785246947307,false,1785246947329,LeaderAccept
1785246947325,false,1785246947346,LeaderAccept
1785246947343,true,1785246947364,LeaderAccept
1785246947360,false,1785246947381,LeaderAccept
1785246947377,true,1785246947398,LeaderAccept
1785246947395,false,1785246947416,LeaderAccept
1785246947413,false,1785246947433,LeaderAccept
1785246947431,false,1785246947452,LeaderAccept
1785246947449,true,1785246947470,LeaderAccept
1785246947467,false,1785246947488,LeaderAccept
1785246947485,false,1785246947506,LeaderAccept
1785246947504,false,1785246947525,LeaderAccept
1785246947523,false,1785246947545,LeaderAccept
1785246947542,false,1785246947563,LeaderAccept
1785246947562,true,1785246947583,LeaderAccept
1785246947582,false,1785246947603,LeaderAccept
1785246947602,true,1785246947623,LeaderAccept
1785246947622,true,1785246947643,LeaderAccept
1785246947642,true,1785246947663,LeaderAccept
1785246947662,true,1785246947683,LeaderAccept
1785246947683,false,1785246947704,LeaderAccept
1785246947703,false,1785246947724,LeaderAccept
1785246947724,false,1785246947745,LeaderAccept
1785246947744,true,1785246947765,LeaderAccept
1785246947766,true,1785246947787,LeaderAccept
1785246947787,false,1785246947807,LeaderAccept
1785246947807,true,1785246947828,LeaderAccept
1785246947829,true,1785246947851,LeaderAccept
1785246947852,true,1785246947873,LeaderAccept
1785246947874,false,1785246947895,LeaderAccept
1785246947897,false,1785246947919,LeaderAccept
1785246947920,true,1785246947946,LeaderAccept
1785246947944,false,1785246947965,LeaderAccept
1785246947967,false,1785246947987,LeaderAccept
1785246947990,true,1785246948011,LeaderAccept
1785246948013,false,1785246948034,LeaderAccept
1785246948037,true,1785246948058,LeaderAccept
1785246948061,true,1785246948082,LeaderAccept
1785246948085,true,1785246948111,LeaderAccept
1785246948110,true,1785246948132,LeaderAccept
1785246948135,false,1785246948156,LeaderAccept
1785246948160,false,1785246948207,LeaderAccept
1785246948186,false,1785246948207,LeaderAccept
1785246948212,true,1785246948233,LeaderAccept
1785246948238,false,1785246948286,LeaderAccept
1785246948265,true,1785246948286,LeaderAccept
1785246948292,false,1785246948313,LeaderAccept
1785246948319,false,1785246948340,LeaderAccept
1785246948347,false,1785246948368,LeaderAccept
1785246948375,false,1785246948396,LeaderAccept
1785246948403,true,1785246948424,LeaderAccept
1785246948432,true,1785246948458,LeaderAccept
1785246948461,false,1785246948481,LeaderAccept
1785246948490,false,1785246948511,LeaderAccept
1785246948520,false,1785246948567,LeaderAccept
1785246948551,true,1785246948572,LeaderAccept
1785246948582,true,1785246948603,LeaderAccept
1785246948613,true,1785246948659,LeaderAccept
1785246948646,false,1785246948667,LeaderAccept
1785246948678,false,1785246948699,LeaderAccept
1785246948711,true,1785246948732,LeaderAccept
1785246948745,false,1785246948772,LeaderAccept
1785246948779,true,1785246948801,LeaderAccept
1785246948814,false,1785246948835,LeaderAccept
1785246948849,true,1785246948898,LeaderAccept
1785246948885,true,1785246948906,LeaderAccept
1785246948920,true,1785246948942,LeaderAccept
1785246948958,true,1785246948979,LeaderAccept
1785246948996,true,1785246949017,LeaderAccept
1785246949034,true,1785246949055,LeaderAccept
1785246949073,false,1785246949094,LeaderAccept
1785246949113,false,1785246949139,LeaderAccept
1785246949153,true,1785246949175,LeaderAccept
1785246949195,false,1785246949216,LeaderAccept
1785246949237,true,1785246949282,LeaderAccept
1785246949281,false,1785246949303,LeaderAccept
1785246949326,true,1785246949348,LeaderAccept
1785246949372,true,1785246949393,LeaderAccept
1785246949419,false,1785246949445,LeaderAccept
1785246949466,false,1785246949486,LeaderAccept
1785246949514,true,1785246949535,LeaderAccept
1785246949563,true,1785246949610,LeaderAccept
1785246949613,true,1785246949634,LeaderAccept
1785246949665,true,1785246949686,LeaderAccept
1785246949718,false,1785246949739,LeaderAccept
1785246949773,true,1785246949794,LeaderAccept
1785246949829,false,1785246949851,LeaderAccept
1785246949887,false,1785246949909,LeaderAccept
1785246949947,true,1785246949974,LeaderAccept
1785246950008,true,1785246950029,LeaderAccept
1785246950071,true,1785246950092,LeaderAccept
1785246950136,false,1785246950181,LeaderAccept
1785246950203,true,1785246950224,LeaderAccept
1785246950272,true,1785246950294,LeaderAccept
1785246950344,false,1785246950365,LeaderAccept
1785246950418,false,1785246950440,LeaderAccept
1785246950495,false,1785246950516,LeaderAccept
1785246950575,false,1785246950596,LeaderAccept
1785246950658,false,1785246950680,LeaderAccept
1785246950745,true,1785246950767,LeaderAccept
1785246950836,true,1785246950863,LeaderAccept
1785246950931,true,1785246950958,LeaderAccept
1785246951031,false,1785246951052,LeaderAccept
1785246951136,true,1785246951156,LeaderAccept
1785246951245,false,1785246951272,LeaderAccept
1785246951360,true,1785246951381,LeaderAccept
1785246951483,false,1785246951504,LeaderAccept
1785246951613,true,1785246951639,LeaderAccept
1785246951752,true,1785246951787,LeaderAccept
1785246951901,false,1785246951921,LeaderAccept
1785246952061,false,1785246952088,LeaderAccept
1785246952235,false,1785246952283,LeaderAccept
1785246952425,true,1785246952447,LeaderAccept
1785246952633,true,1785246952654,LeaderAccept
1785246952864,false,1785246952890,LeaderAccept
1785246953122,false,1785246953144,LeaderAccept
1785246953416,true,1785246953438,LeaderAccept
1785246953757,false,1785246953787,LeaderAccept
1785246954160,true,1785246954190,LeaderAccept
1785246954653,false,1785246954677,LeaderAccept
1785246955284,true,1785246955305,LeaderAccept
1785246956148,false,1785246956199,LeaderAccept
1785246957479,true,1785246957500,LeaderAccept
1785246960066,true,1785246960087,LeaderAccept
1785246969496,true,1785246969517,LeaderAccept
1785246996750,false,1785246996771,LeaderAccept
1785246996765,true,1785246996792,LeaderAccept
1785246996781,false,1785246996801,LeaderAccept
1785246996795,false,1785246996816,LeaderAccept
1785246996811,false,1785246996837,LeaderAccept
1785246996825,false,1785246996846,LeaderAccept
1785246996841,true,1785246996862,LeaderAccept
1785246996857,false,1785246996878,LeaderAccept
1785246996873,true,1785246996900,LeaderAccept
1785246996890,true,1785246996911,LeaderAccept
1785246996907,false,1785246996928,LeaderAccept
1785246996924,false,1785246996950,LeaderAccept
1785246996939,false,1785246996960,LeaderAccept
1785246996956,false,1785246996977,LeaderAccept
1785246996973,false,1785246996993,LeaderAccept
1785246996990,false,1785246997016,LeaderAccept
1785246997006,true,1785246997028,LeaderAccept
1785246997024,false,1785246997044,LeaderAccept
1785246997041,false,1785246997067,LeaderAccept
1785246997059,false,1785246997080,LeaderAccept
1785246997076,false,1785246997096,LeaderAccept
1785246997094,false,1785246997114,LeaderAccept
1785246997112,false,1785246997138,LeaderAccept
1785246997130,false,1785246997150,LeaderAccept
1785246997148,true,1785246997169,LeaderAccept
1785246997166,false,1785246997193,LeaderAccept
1785246997185,true,1785246997206,LeaderAccept
1785246997204,true,1785246997225,LeaderAccept
1785246997223,true,1785246997244,LeaderAccept
1785246997242,true,1785246997269,LeaderAccept
1785246997260,false,1785246997281,LeaderAccept
1785246997280,true,1785246997301,LeaderAccept
1785246997300,false,1785246997327,LeaderAccept
1785246997319,false,1785246997340,LeaderAccept
1785246997340,true,1785246997361,LeaderAccept
1785246997361,false,1785246997382,LeaderAccept
1785246997381,false,1785246997407,LeaderAccept
1785246997402,true,1785246997423,LeaderAccept
1785246997423,true,1785246997443,LeaderAccept
1785246997443,true,1785246997470,LeaderAccept
1785246997465,true,1785246997486,LeaderAccept
1785246997486,false,1785246997506,LeaderAccept
1785246997506,true,1785246997527,LeaderAccept
1785246997528,true,1785246997555,LeaderAccept
1785246997551,false,1785246997572,LeaderAccept
1785246997573,true,1785246997594,LeaderAccept
1785246997596,false,1785246997622,LeaderAccept
1785246997618,true,1785246997639,LeaderAccept
1785246997642,true,1785246997663,LeaderAccept
1785246997666,false,1785246997687,LeaderAccept
1785246997690,true,1785246997717,LeaderAccept
1785246997714,false,1785246997735,LeaderAccept
1785246997739,false,1785246997759,LeaderAccept
1785246997763,false,1785246997789,LeaderAccept
1785246997787,false,1785246997808,LeaderAccept
1785246997812,false,1785246997833,LeaderAccept
1785246997837,false,1785246997858,LeaderAccept
1785246997862,true,1785246997909,LeaderAccept
1785246997888,true,1785246997909,LeaderAccept
1785246997913,true,1785246997935,LeaderAccept
1785246997940,false,1785246997966,LeaderAccept
1785246997966,false,1785246997987,LeaderAccept
1785246997994,true,1785246998015,LeaderAccept
1785246998022,false,1785246998044,LeaderAccept
1785246998050,true,1785246998076,LeaderAccept
1785246998078,false,1785246998098,LeaderAccept
1785246998105,true,1785246998126,LeaderAccept
1785246998135,false,1785246998156,LeaderAccept
1785246998164,true,1785246998185,LeaderAccept
1785246998194,true,1785246998215,LeaderAccept
1785246998225,false,1785246998246,LeaderAccept
1785246998256,true,1785246998283,LeaderAccept
1785246998288,false,1785246998309,LeaderAccept
1785246998320,false,1785246998342,LeaderAccept
1785246998353,true,1785246998379,LeaderAccept
1785246998386,false,1785246998406,LeaderAccept
1785246998419,true,1785246998440,LeaderAccept
1785246998453,true,1785246998474,LeaderAccept
1785246998488,false,1785246998535,LeaderAccept
1785246998523,false,1785246998545,LeaderAccept
1785246998559,false,1785246998580,LeaderAccept
1785246998595,true,1785246998622,LeaderAccept
1785246998632,true,1785246998653,LeaderAccept
1785246998669,false,1785246998690,LeaderAccept
1785246998707,false,1785246998728,LeaderAccept
1785246998746,false,1785246998792,LeaderAccept
1785246998785,true,1785246998806,LeaderAccept
1785246998826,false,1785246998847,LeaderAccept
1785246998867,true,1785246998889,LeaderAccept
1785246998909,false,1785246998930,LeaderAccept
1785246998952,true,1785246998973,LeaderAccept
1785246998996,false,1785246999017,LeaderAccept
1785246999041,true,1785246999087,LeaderAccept
1785246999086,true,1785246999107,LeaderAccept
1785246999133,false,1785246999154,LeaderAccept
1785246999181,true,1785246999202,LeaderAccept
1785246999229,false,1785246999251,LeaderAccept
1785246999280,true,1785246999301,LeaderAccept
1785246999331,true,1785246999352,LeaderAccept
1785246999383,true,1785246999431,LeaderAccept
1785246999437,false,1785246999458,LeaderAccept
1785246999493,false,1785246999514,LeaderAccept
1785246999550,true,1785246999571,LeaderAccept
1785246999608,true,1785246999629,LeaderAccept
1785246999668,true,1785246999690,LeaderAccept
1785246999730,false,1785246999751,LeaderAccept
1785246999795,true,1785246999842,LeaderAccept
1785246999861,true,1785246999883,LeaderAccept
1785246999930,true,1785246999952,LeaderAccept
1785247000001,false,1785247000023,LeaderAccept
1785247000074,true,1785247000096,LeaderAccept
1785247000150,true,1785247000172,LeaderAccept
1785247000229,false,1785247000251,LeaderAccept
1785247000311,false,1785247000333,LeaderAccept
1785247000396,false,1785247000418,LeaderAccept
1785247000485,true,1785247000507,LeaderAccept
1785247000578,true,1785247000599,LeaderAccept
1785247000675,true,1785247000696,LeaderAccept
1785247000777,false,1785247000798,LeaderAccept
1785247000884,true,1785247000906,LeaderAccept
1785247000997,true,1785247001019,LeaderAccept
1785247001117,false,1785247001138,LeaderAccept
1785247001244,true,1785247001265,LeaderAccept
1785247001379,true,1785247001400,LeaderAccept
1785247001523,true,1785247001545,LeaderAccept
1785247001678,true,1785247001699,LeaderAccept
1785247001846,true,1785247001867,LeaderAccept
1785247002027,false,1785247002048,LeaderAccept
1785247002226,false,1785247002247,LeaderAccept
1785247002445,true,1785247002466,LeaderAccept
1785247002690,false,1785247002711,LeaderAccept
1785247002966,true,1785247002988,LeaderAccept
1785247003284,true,1785247003306,LeaderAccept
1785247003657,false,1785247003679,LeaderAccept
1785247004105,false,1785247004126,LeaderAccept
1785247004665,true,1785247004687,LeaderAccept
1785247005406,false,1785247005427,LeaderAccept
1785247006478,true,1785247006499,LeaderAccept
1785247008310,true,1785247008331,LeaderAccept
1785247012888,true,1785247012910,LeaderAccept
1785247028502,false,1785247028523,LeaderAccept
1785247028526,false,1785247028548,LeaderAccept
1785247028551,false,1785247028572,LeaderAccept
1785247028575,true,1785247028596,LeaderAccept
1785247028600,false,1785247028621,LeaderAccept
1785247028624,true,1785247028646,LeaderAccept
1785247028650,true,1785247028671,LeaderAccept
1785247028676,false,1785247028697,LeaderAccept
1785247028702,true,1785247028723,LeaderAccept
1785247028728,false,1785247028749,LeaderAccept
1785247028755,false,1785247028776,LeaderAccept
1785247028782,true,1785247028803,LeaderAccept
1785247028810,false,1785247028831,LeaderAccept
1785247028838,false,1785247028859,LeaderAccept
1785247028865,true,1785247028886,LeaderAccept
1785247028893,true,1785247028915,LeaderAccept
1785247028922,false,1785247028943,LeaderAccept
1785247028951,false,1785247028973,LeaderAccept
1785247028981,false,1785247029002,LeaderAccept
1785247029011,true,1785247029032,LeaderAccept
1785247029042,true,1785247029064,LeaderAccept
1785247029073,false,1785247029099,LeaderAccept
1785247029104,true,1785247029125,LeaderAccept
1785247029136,false,1785247029157,LeaderAccept
1785247029168,true,1785247029189,LeaderAccept
1785247029200,false,1785247029222,LeaderAccept
1785247029234,false,1785247029255,LeaderAccept
1785247029268,true,1785247029288,LeaderAccept
1785247029302,true,1785247029323,LeaderAccept
1785247029336,false,1785247029357,LeaderAccept
1785247029372,true,1785247029393,LeaderAccept
1785247029408,true,1785247029429,LeaderAccept
1785247029445,false,1785247029466,LeaderAccept
1785247029483,true,1785247029504,LeaderAccept
1785247029521,true,1785247029542,LeaderAccept
1785247029560,false,1785247029581,LeaderAccept
1785247029599,true,1785247029621,LeaderAccept
1785247029640,false,1785247029661,LeaderAccept
1785247029681,true,1785247029702,LeaderAccept
1785247029723,false,1785247029744,LeaderAccept
1785247029765,false,1785247029786,LeaderAccept
1785247029809,false,1785247029830,LeaderAccept
1785247029854,true,1785247029876,LeaderAccept
1785247029900,true,1785247029921,LeaderAccept
1785247029947,true,1785247029973,LeaderAccept
1785247029995,true,1785247030015,LeaderAccept
1785247030044,false,1785247030065,LeaderAccept
1785247030094,false,1785247030115,LeaderAccept
1785247030145,true,1785247030167,LeaderAccept
1785247030198,true,1785247030219,LeaderAccept
1785247030252,false,1785247030274,LeaderAccept
1785247030308,false,1785247030330,LeaderAccept
1785247030366,false,1785247030388,LeaderAccept
1785247030425,true,1785247030447,LeaderAccept
1785247030486,true,1785247030507,LeaderAccept
1785247030549,true,1785247030570,LeaderAccept
1785247030613,true,1785247030634,LeaderAccept
1785247030680,false,1785247030701,LeaderAccept
1785247030749,true,1785247030770,LeaderAccept
1785247030820,true,1785247030841,LeaderAccept
1785247030894,true,1785247030915,LeaderAccept
1785247030970,false,1785247030991,LeaderAccept
1785247031050,false,1785247031071,LeaderAccept
1785247031132,true,1785247031153,LeaderAccept
1785247031217,false,1785247031238,LeaderAccept
1785247031307,false,1785247031328,LeaderAccept
1785247031399,false,1785247031421,LeaderAccept
1785247031497,true,1785247031518,LeaderAccept
1785247031600,false,1785247031621,LeaderAccept
1785247031708,false,1785247031729,LeaderAccept
1785247031822,true,1785247031843,LeaderAccept
1785247031943,false,1785247031964,LeaderAccept
1785247032071,false,1785247032092,LeaderAccept
1785247032208,false,1785247032229,LeaderAccept
1785247032354,false,1785247032375,LeaderAccept
1785247032511,false,1785247032532,LeaderAccept
1785247032679,true,1785247032700,LeaderAccept
1785247032864,false,1785247032885,LeaderAccept
1785247033066,true,1785247033087,LeaderAccept
1785247033289,true,1785247033310,LeaderAccept
1785247033538,false,1785247033568,LeaderAccept
1785247033820,false,1785247033840,LeaderAccept
1785247034145,true,1785247034166,LeaderAccept
1785247034527,true,1785247034548,LeaderAccept
1785247034990,true,1785247035012,LeaderAccept
1785247035573,true,1785247035594,LeaderAccept
1785247036353,true,1785247036404,LeaderAccept
1785247037503,true,1785247037525,LeaderAccept
1785247039548,false,1785247039570,LeaderAccept
1785247045230,true,1785247045251,LeaderAccept
1785247059723,true,1785247059744,LeaderAccept
1785247059740,false,1785247059761,LeaderAccept
1785247059757,false,1785247059778,LeaderAccept
1785247059775,false,1785247059796,LeaderAccept
1785247059792,false,1785247059813,LeaderAccept
1785247059809,false,1785247059830,LeaderAccept
1785247059827,false,1785247059848,LeaderAccept
1785247059845,true,1785247059866,LeaderAccept
1785247059863,false,1785247059883,LeaderAccept
1785247059881,true,1785247059902,LeaderAccept
1785247059900,false,1785247059926,LeaderAccept
1785247059918,false,1785247059938,LeaderAccept
1785247059936,true,1785247059956,LeaderAccept
1785247059954,true,1785247059975,LeaderAccept
1785247059973,false,1785247059993,LeaderAccept
1785247059992,true,1785247060012,LeaderAccept
1785247060011,true,1785247060032,LeaderAccept
1785247060030,false,1785247060051,LeaderAccept
1785247060049,true,1785247060070,LeaderAccept
1785247060069,true,1785247060090,LeaderAccept
1785247060089,true,1785247060110,LeaderAccept
1785247060108,true,1785247060129,LeaderAccept
1785247060129,true,1785247060180,LeaderAccept
1785247060149,false,1785247060180,LeaderAccept
1785247060170,false,1785247060191,LeaderAccept
1785247060191,false,1785247060212,LeaderAccept
1785247060212,false,1785247060233,LeaderAccept
1785247060233,false,1785247060254,LeaderAccept
1785247060254,true,1785247060274,LeaderAccept
1785247060276,true,1785247060297,LeaderAccept
1785247060298,false,1785247060319,LeaderAccept
1785247060320,false,1785247060341,LeaderAccept
1785247060343,true,1785247060364,LeaderAccept
1785247060364,true,1785247060391,LeaderAccept
1785247060387,false,1785247060408,LeaderAccept
1785247060409,true,1785247060430,LeaderAccept
1785247060432,true,1785247060453,LeaderAccept
1785247060456,false,1785247060477,LeaderAccept
1785247060480,true,1785247060501,LeaderAccept
1785247060504,false,1785247060525,LeaderAccept
1785247060529,true,1785247060550,LeaderAccept
1785247060553,true,1785247060574,LeaderAccept
1785247060578,false,1785247060600,LeaderAccept
1785247060604,true,1785247060625,LeaderAccept
1785247060630,true,1785247060651,LeaderAccept
1785247060656,true,1785247060676,LeaderAccept
1785247060682,true,1785247060702,LeaderAccept
1785247060707,false,1785247060729,LeaderAccept
1785247060734,true,1785247060755,LeaderAccept
1785247060761,true,1785247060783,LeaderAccept
1785247060789,true,1785247060815,LeaderAccept
1785247060817,false,1785247060841,LeaderAccept
1785247060846,false,1785247060867,LeaderAccept
1785247060875,false,1785247060913,LeaderAccept
1785247060903,false,1785247060925,LeaderAccept
1785247060933,true,1785247060954,LeaderAccept
1785247060963,false,1785247061015,LeaderAccept
1785247060993,false,1785247061015,LeaderAccept
1785247061023,true,1785247061062,LeaderAccept
1785247061055,true,1785247061076,LeaderAccept
1785247061087,false,1785247061108,LeaderAccept
1785247061119,true,1785247061145,LeaderAccept
1785247061152,true,1785247061173,LeaderAccept
1785247061185,true,1785247061212,LeaderAccept
1785247061219,false,1785247061240,LeaderAccept
1785247061254,true,1785247061275,LeaderAccept
1785247061289,true,1785247061315,LeaderAccept
1785247061324,false,1785247061345,LeaderAccept
1785247061360,false,1785247061386,LeaderAccept
1785247061397,true,1785247061424,LeaderAccept
1785247061434,false,1785247061456,LeaderAccept
1785247061472,true,1785247061498,LeaderAccept
1785247061511,false,1785247061533,LeaderAccept
1785247061551,true,1785247061571,LeaderAccept
1785247061590,false,1785247061617,LeaderAccept
1785247061632,false,1785247061654,LeaderAccept
1785247061674,false,1785247061701,LeaderAccept
1785247061717,false,1785247061738,LeaderAccept
1785247061761,true,1785247061782,LeaderAccept
1785247061805,true,1785247061832,LeaderAccept
1785247061851,false,1785247061872,LeaderAccept
1785247061898,true,1785247061925,LeaderAccept
1785247061946,true,1785247061998,LeaderAccept
1785247061995,false,1785247062016,LeaderAccept
1785247062045,true,1785247062071,LeaderAccept
1785247062096,false,1785247062117,LeaderAccept
1785247062148,true,1785247062175,LeaderAccept
1785247062202,false,1785247062255,LeaderAccept
1785247062258,false,1785247062280,LeaderAccept
1785247062315,false,1785247062342,LeaderAccept
1785247062374,true,1785247062396,LeaderAccept
1785247062435,true,1785247062462,LeaderAccept
1785247062497,false,1785247062550,LeaderAccept
1785247062561,true,1785247062583,LeaderAccept
1785247062627,false,1785247062654,LeaderAccept
1785247062695,true,1785247062716,LeaderAccept
1785247062766,true,1785247062787,LeaderAccept
1785247062839,true,1785247062860,LeaderAccept
1785247062914,false,1785247062935,LeaderAccept
1785247062992,false,1785247063019,LeaderAccept
1785247063073,false,1785247063100,LeaderAccept
1785247063158,true,1785247063180,LeaderAccept
1785247063247,true,1785247063269,LeaderAccept
1785247063340,false,1785247063362,LeaderAccept
1785247063437,false,1785247063464,LeaderAccept
1785247063539,true,1785247063561,LeaderAccept
1785247063646,true,1785247063668,LeaderAccept
1785247063759,true,1785247063781,LeaderAccept
1785247063878,false,1785247063900,LeaderAccept
1785247064004,false,1785247064032,LeaderAccept
1785247064139,true,1785247064166,LeaderAccept
1785247064283,true,1785247064305,LeaderAccept
1785247064437,false,1785247064459,LeaderAccept
1785247064603,true,1785247064625,LeaderAccept
1785247064784,false,1785247064806,LeaderAccept
1785247064982,true,1785247065004,LeaderAccept
1785247065200,true,1785247065222,LeaderAccept
1785247065444,false,1785247065465,LeaderAccept
1785247065719,true,1785247065740,LeaderAccept
1785247066033,true,1785247066054,LeaderAccept
1785247066401,false,1785247066422,LeaderAccept
1785247066843,false,1785247066865,LeaderAccept
1785247067394,false,1785247067415,LeaderAccept
1785247068119,true,1785247068140,LeaderAccept
1785247069160,true,1785247069182,LeaderAccept
1785247070912,false,1785247070933,LeaderAccept
1785247075115,false,1785247075136,LeaderAccept
1785247109484,false,1785247109506,LeaderAccept
1785247115054,false,1785247115076,LeaderAccept
1785247115074,true,1785247115096,LeaderAccept
1785247115095,false,1785247115116,LeaderAccept
1785247115116,false,1785247115137,LeaderAccept
1785247115137,true,1785247115158,LeaderAccept
1785247115158,true,1785247115179,LeaderAccept
1785247115179,true,1785247115200,LeaderAccept
1785247115201,false,1785247115222,LeaderAccept
1785247115223,true,1785247115244,LeaderAccept
1785247115244,false,1785247115265,LeaderAccept
1785247115267,true,1785247115289,LeaderAccept
1785247115290,true,1785247115312,LeaderAccept
1785247115314,true,1785247115335,LeaderAccept
1785247115338,false,1785247115360,LeaderAccept
1785247115361,false,1785247115382,LeaderAccept
1785247115385,true,1785247115408,LeaderAccept
1785247115410,true,1785247115437,LeaderAccept
1785247115436,true,1785247115457,LeaderAccept
1785247115460,true,1785247115482,LeaderAccept
1785247115485,true,1785247115512,LeaderAccept
1785247115510,false,1785247115532,LeaderAccept
1785247115535,false,1785247115557,LeaderAccept
1785247115561,false,1785247115587,LeaderAccept
1785247115587,false,1785247115608,LeaderAccept
1785247115613,true,1785247115634,LeaderAccept
1785247115640,false,1785247115667,LeaderAccept
1785247115667,true,1785247115688,LeaderAccept
1785247115696,false,1785247115717,LeaderAccept
1785247115724,false,1785247115751,LeaderAccept
1785247115752,false,1785247115774,LeaderAccept
1785247115781,true,1785247115803,LeaderAccept
1785247115810,true,1785247115859,LeaderAccept
1785247115840,false,1785247115861,LeaderAccept
1785247115870,false,1785247115892,LeaderAccept
1785247115900,true,1785247115948,LeaderAccept
1785247115931,true,1785247115953,LeaderAccept
1785247115963,false,1785247115984,LeaderAccept
1785247115994,true,1785247116043,LeaderAccept
1785247116027,true,1785247116049,LeaderAccept
1785247116059,true,1785247116081,LeaderAccept
1785247116093,false,1785247116140,LeaderAccept
1785247116127,true,1785247116149,LeaderAccept
1785247116162,true,1785247116183,LeaderAccept
1785247116197,true,1785247116242,LeaderAccept
1785247116234,true,1785247116255,LeaderAccept
1785247116269,false,1785247116291,LeaderAccept
1785247116306,true,1785247116328,LeaderAccept
1785247116344,true,1785247116366,LeaderAccept
1785247116382,false,1785247116404,LeaderAccept
1785247116421,true,1785247116442,LeaderAccept
1785247116460,true,1785247116482,LeaderAccept
1785247116501,false,1785247116523,LeaderAccept
1785247116541,false,1785247116563,LeaderAccept
1785247116584,true,1785247116606,LeaderAccept
1785247116628,true,1785247116650,LeaderAccept
1785247116672,true,1785247116694,LeaderAccept
1785247116717,true,1785247116739,LeaderAccept
1785247116763,true,1785247116784,LeaderAccept
1785247116810,false,1785247116831,LeaderAccept
1785247116858,false,1785247116879,LeaderAccept
1785247116907,true,1785247116929,LeaderAccept
1785247116958,true,1785247116980,LeaderAccept
1785247117010,false,1785247117032,LeaderAccept
1785247117063,false,1785247117085,LeaderAccept
1785247117117,true,1785247117139,LeaderAccept
1785247117172,true,1785247117193,LeaderAccept
1785247117229,false,1785247117251,LeaderAccept
1785247117288,false,1785247117309,LeaderAccept
1785247117349,true,1785247117370,LeaderAccept
1785247117411,true,1785247117432,LeaderAccept
1785247117476,true,1785247117497,LeaderAccept
1785247117543,false,1785247117565,LeaderAccept
1785247117612,false,1785247117634,LeaderAccept
1785247117683,false,1785247117704,LeaderAccept
1785247117756,false,1785247117777,LeaderAccept
1785247117832,false,1785247117853,LeaderAccept
1785247117911,false,1785247117931,LeaderAccept
1785247117993,true,1785247118014,LeaderAccept
1785247118078,true,1785247118099,LeaderAccept
1785247118167,false,1785247118197,LeaderAccept
1785247118260,true,1785247118287,LeaderAccept
1785247118359,true,1785247118380,LeaderAccept
1785247118461,true,1785247118482,LeaderAccept
1785247118569,false,1785247118590,LeaderAccept
1785247118682,true,1785247118704,LeaderAccept
1785247118802,false,1785247118833,LeaderAccept
1785247118930,false,1785247118951,LeaderAccept
1785247119065,true,1785247119087,LeaderAccept
1785247119211,false,1785247119233,LeaderAccept
1785247119367,false,1785247119388,LeaderAccept
1785247119536,true,1785247119578,LeaderAccept
1785247119720,true,1785247119742,LeaderAccept
1785247119922,true,1785247119943,LeaderAccept
1785247120145,true,1785247120166,LeaderAccept
1785247120393,true,1785247120414,LeaderAccept
1785247120674,true,1785247120696,LeaderAccept
1785247120997,false,1785247121019,LeaderAccept
1785247121378,false,1785247121399,LeaderAccept
1785247121837,true,1785247121859,LeaderAccept
1785247122415,false,1785247122436,LeaderAccept
1785247123186,false,1785247123208,LeaderAccept
1785247124320,true,1785247124342,LeaderAccept
1785247126315,true,1785247126336,LeaderAccept
1785247131722,false,1785247131743,LeaderAccept
1785247150234,true,1785247150280,LeaderAccept
1785247150259,true,1785247150280,LeaderAccept
1785247150284,false,1785247150306,LeaderAccept
1785247150309,true,1785247150330,LeaderAccept
1785247150334,false,1785247150361,LeaderAccept
1785247150360,false,1785247150383,LeaderAccept
1785247150386,false,1785247150408,LeaderAccept
1785247150413,true,1785247150435,LeaderAccept
1785247150439,false,1785247150467,LeaderAccept
1785247150466,true,1785247150488,LeaderAccept
1785247150494,false,1785247150516,LeaderAccept
1785247150522,false,1785247150544,LeaderAccept
1785247150550,false,1785247150572,LeaderAccept
1785247150578,true,1785247150600,LeaderAccept
1785247150607,true,1785247150629,LeaderAccept
1785247150636,true,1785247150657,LeaderAccept
1785247150666,true,1785247150687,LeaderAccept
1785247150696,false,1785247150743,LeaderAccept
1785247150725,false,1785247150747,LeaderAccept
1785247150756,false,1785247150779,LeaderAccept
1785247150787,false,1785247150809,LeaderAccept
1785247150819,true,1785247150847,LeaderAccept
1785247150851,false,1785247150872,LeaderAccept
1785247150884,true,1785247150907,LeaderAccept
1785247150918,false,1785247150940,LeaderAccept
1785247150952,false,1785247150979,LeaderAccept
1785247150986,false,1785247151008,LeaderAccept
1785247151022,false,1785247151044,LeaderAccept
1785247151058,false,1785247151079,LeaderAccept
1785247151094,false,1785247151116,LeaderAccept
1785247151131,false,1785247151152,LeaderAccept
1785247151169,true,1785247151190,LeaderAccept
1785247151207,true,1785247151229,LeaderAccept
1785247151246,true,1785247151268,LeaderAccept
1785247151286,true,1785247151343,LeaderAccept
1785247151327,true,1785247151348,LeaderAccept
1785247151368,true,1785247151389,LeaderAccept
1785247151410,true,1785247151431,LeaderAccept
1785247151453,false,1785247151480,LeaderAccept
1785247151497,false,1785247151519,LeaderAccept
1785247151542,true,1785247151564,LeaderAccept
1785247151588,false,1785247151610,LeaderAccept
1785247151635,false,1785247151656,LeaderAccept
1785247151683,false,1785247151704,LeaderAccept
1785247151732,false,1785247151753,LeaderAccept
1785247151782,false,1785247151803,LeaderAccept
1785247151833,false,1785247151854,LeaderAccept
1785247151886,true,1785247151907,LeaderAccept
1785247151940,true,1785247151961,LeaderAccept
1785247151996,false,1785247152018,LeaderAccept
1785247152053,false,1785247152075,LeaderAccept
1785247152112,true,1785247152139,LeaderAccept
1785247152172,false,1785247152194,LeaderAccept
1785247152234,true,1785247152256,LeaderAccept
1785247152299,true,1785247152320,LeaderAccept
1785247152365,true,1785247152387,LeaderAccept
1785247152433,true,1785247152454,LeaderAccept
1785247152504,false,1785247152535,LeaderAccept
1785247152577,true,1785247152604,LeaderAccept
1785247152653,false,1785247152674,LeaderAccept
1785247152732,true,1785247152753,LeaderAccept
1785247152814,false,1785247152835,LeaderAccept
1785247152899,true,1785247152920,LeaderAccept
1785247152988,true,1785247153010,LeaderAccept
1785247153081,false,1785247153103,LeaderAccept
1785247153179,true,1785247153201,LeaderAccept
1785247153282,true,1785247153304,LeaderAccept
1785247153390,true,1785247153411,LeaderAccept
1785247153503,false,1785247153525,LeaderAccept
1785247153623,false,1785247153644,LeaderAccept
1785247153750,true,1785247153772,LeaderAccept
1785247153886,true,1785247153908,LeaderAccept
1785247154031,false,1785247154053,LeaderAccept
1785247154188,true,1785247154210,LeaderAccept
1785247154356,true,1785247154378,LeaderAccept
1785247154539,false,1785247154561,LeaderAccept
1785247154739,true,1785247154761,LeaderAccept
1785247154962,false,1785247154983,LeaderAccept
1785247155209,false,1785247155231,LeaderAccept
1785247155489,true,1785247155511,LeaderAccept
1785247155811,true,1785247155832,LeaderAccept
1785247156189,true,1785247156210,LeaderAccept
1785247156645,false,1785247156667,LeaderAccept
1785247157217,false,1785247157239,LeaderAccept
1785247157980,true,1785247158002,LeaderAccept
1785247159097,false,1785247159118,LeaderAccept
1785247161046,false,1785247161067,LeaderAccept
1785247166206,false,1785247166227,LeaderAccept
1785247184047,false,1785247184093,LeaderAccept
1785247184084,false,1785247184106,LeaderAccept
1785247184121,true,1785247184142,LeaderAccept
1785247184158,false,1785247184179,LeaderAccept
1785247184196,false,1785247184218,LeaderAccept
1785247184235,false,1785247184256,LeaderAccept
1785247184275,true,1785247184297,LeaderAccept
1785247184316,false,1785247184338,LeaderAccept
1785247184358,false,1785247184381,LeaderAccept
1785247184401,false,1785247184429,LeaderAccept
1785247184444,false,1785247184465,LeaderAccept
1785247184488,true,1785247184509,LeaderAccept
1785247184533,false,1785247184555,LeaderAccept
1785247184579,false,1785247184601,LeaderAccept
1785247184626,true,1785247184647,LeaderAccept
1785247184674,true,1785247184695,LeaderAccept
1785247184723,false,1785247184745,LeaderAccept
1785247184775,true,1785247184802,LeaderAccept
1785247184826,true,1785247184847,LeaderAccept
1785247184879,true,1785247184927,LeaderAccept
1785247184933,false,1785247184955,LeaderAccept
1785247184989,false,1785247185010,LeaderAccept
1785247185046,false,1785247185094,LeaderAccept
1785247185105,false,1785247185127,LeaderAccept
1785247185166,true,1785247185187,LeaderAccept
1785247185229,true,1785247185256,LeaderAccept
1785247185294,true,1785247185315,LeaderAccept
1785247185361,false,1785247185382,LeaderAccept
1785247185430,true,1785247185452,LeaderAccept
1785247185502,false,1785247185530,LeaderAccept
1785247185576,false,1785247185598,LeaderAccept
1785247185653,false,1785247185674,LeaderAccept
1785247185732,true,1785247185754,LeaderAccept
1785247185815,true,1785247185863,LeaderAccept
1785247185902,false,1785247185924,LeaderAccept
1785247185992,true,1785247186013,LeaderAccept
1785247186086,true,1785247186113,LeaderAccept
1785247186184,false,1785247186206,LeaderAccept
1785247186288,true,1785247186309,LeaderAccept
1785247186396,false,1785247186418,LeaderAccept
1785247186511,true,1785247186533,LeaderAccept
1785247186632,true,1785247186653,LeaderAccept
1785247186761,true,1785247186782,LeaderAccept
1785247186898,false,1785247186920,LeaderAccept
1785247187045,true,1785247187073,LeaderAccept
1785247187203,true,1785247187225,LeaderAccept
1785247187374,false,1785247187396,LeaderAccept
1785247187560,false,1785247187582,LeaderAccept
1785247187765,false,1785247187786,LeaderAccept
1785247187991,false,1785247188012,LeaderAccept
1785247188244,true,1785247188265,LeaderAccept
1785247188531,true,1785247188552,LeaderAccept
1785247188862,true,1785247188884,LeaderAccept
1785247189253,true,1785247189274,LeaderAccept
1785247189727,false,1785247189749,LeaderAccept
1785247190328,false,1785247190350,LeaderAccept
1785247191140,true,1785247191170,LeaderAccept
1785247192358,true,1785247192379,LeaderAccept
1785247194594,false,1785247194616,LeaderAccept
1785247201436,true,1785247201458,LeaderAccept
1785247201646,true,1785247201668,LeaderAccept
1785247201661,false,1785247201682,LeaderAccept
1785247201676,true,1785247201697,LeaderAccept
1785247201691,false,1785247201713,LeaderAccept
1785247201706,true,1785247201728,LeaderAccept
1785247201722,false,1785247201744,LeaderAccept
1785247201738,true,1785247201760,LeaderAccept
1785247201754,true,1785247201776,LeaderAccept
1785247201770,false,1785247201792,LeaderAccept
1785247201786,false,1785247201817,LeaderAccept
1785247201802,true,1785247201823,LeaderAccept
1785247201818,true,1785247201839,LeaderAccept
1785247201834,false,1785247201856,LeaderAccept
1785247201850,false,1785247201872,LeaderAccept
1785247201867,true,1785247201889,LeaderAccept
1785247201883,true,1785247201904,LeaderAccept
1785247201899,false,1785247201921,LeaderAccept
1785247201916,true,1785247201938,LeaderAccept
1785247201933,false,1785247201955,LeaderAccept
1785247201950,false,1785247201971,LeaderAccept
1785247201967,true,1785247201988,LeaderAccept
1785247201984,true,1785247202006,LeaderAccept
1785247202001,false,1785247202022,LeaderAccept
1785247202018,true,1785247202040,LeaderAccept
1785247202036,true,1785247202058,LeaderAccept
1785247202055,true,1785247202077,LeaderAccept
1785247202073,false,1785247202095,LeaderAccept
1785247202092,true,1785247202114,LeaderAccept
1785247202111,false,1785247202132,LeaderAccept
1785247202129,true,1785247202151,LeaderAccept
1785247202148,false,1785247202169,LeaderAccept
1785247202167,true,1785247202189,LeaderAccept
1785247202186,false,1785247202209,LeaderAccept
1785247202206,true,1785247202228,LeaderAccept
1785247202226,false,1785247202248,LeaderAccept
1785247202245,true,1785247202267,LeaderAccept
1785247202265,false,1785247202288,LeaderAccept
1785247202285,false,1785247202307,LeaderAccept
1785247202305,false,1785247202326,LeaderAccept
1785247202325,true,1785247202347,LeaderAccept
1785247202345,false,1785247202367,LeaderAccept
1785247202366,true,1785247202387,LeaderAccept
1785247202387,true,1785247202409,LeaderAccept
1785247202408,false,1785247202429,LeaderAccept
1785247202429,false,1785247202450,LeaderAccept
1785247202451,true,1785247202472,LeaderAccept
1785247202472,false,1785247202493,LeaderAccept
1785247202494,false,1785247202515,LeaderAccept
1785247202516,false,1785247202537,LeaderAccept
1785247202539,false,1785247202560,LeaderAccept
1785247202561,true,1785247202583,LeaderAccept
1785247202584,true,1785247202605,LeaderAccept
1785247202606,true,1785247202628,LeaderAccept
1785247202630,false,1785247202651,LeaderAccept
1785247202654,true,1785247202675,LeaderAccept
1785247202678,true,1785247202700,LeaderAccept
1785247202702,false,1785247202723,LeaderAccept
1785247202727,false,1785247202748,LeaderAccept
1785247202751,true,1785247202773,LeaderAccept
1785247202777,true,1785247202799,LeaderAccept
1785247202803,true,1785247202824,LeaderAccept
1785247202830,true,1785247202852,LeaderAccept
1785247202856,false,1785247202877,LeaderAccept
1785247202882,true,1785247202903,LeaderAccept
1785247202908,false,1785247202929,LeaderAccept
1785247202935,true,1785247202956,LeaderAccept
1785247202962,false,1785247202983,LeaderAccept
1785247202989,false,1785247203012,LeaderAccept
1785247203018,true,1785247203040,LeaderAccept
1785247203046,true,1785247203067,LeaderAccept
1785247203075,true,1785247203097,LeaderAccept
1785247203104,true,1785247203125,LeaderAccept
1785247203134,false,1785247203155,LeaderAccept
1785247203164,true,1785247203185,LeaderAccept
1785247203195,false,1785247203216,LeaderAccept
1785247203226,false,1785247203248,LeaderAccept
1785247203258,false,1785247203279,LeaderAccept
1785247203290,true,1785247203312,LeaderAccept
1785247203323,true,1785247203344,LeaderAccept
1785247203356,true,1785247203378,LeaderAccept
1785247203390,true,1785247203411,LeaderAccept
1785247203424,false,1785247203445,LeaderAccept
1785247203458,false,1785247203479,LeaderAccept
1785247203493,true,1785247203515,LeaderAccept
1785247203529,false,1785247203550,LeaderAccept
1785247203565,false,1785247203587,LeaderAccept
1785247203602,true,1785247203624,LeaderAccept
1785247203641,true,1785247203663,LeaderAccept
1785247203679,true,1785247203701,LeaderAccept
1785247203719,true,1785247203741,LeaderAccept
1785247203759,false,1785247203781,LeaderAccept
1785247203800,false,1785247203822,LeaderAccept
1785247203842,false,1785247203864,LeaderAccept
1785247203885,true,1785247203907,LeaderAccept
1785247203928,false,1785247203950,LeaderAccept
1785247203973,true,1785247203995,LeaderAccept
1785247204018,true,1785247204070,LeaderAccept
1785247204065,false,1785247204087,LeaderAccept
1785247204113,true,1785247204135,LeaderAccept
1785247204161,true,1785247204183,LeaderAccept
1785247204211,true,1785247204261,LeaderAccept
1785247204261,false,1785247204282,LeaderAccept
1785247204313,true,1785247204336,LeaderAccept
1785247204367,false,1785247204389,LeaderAccept
1785247204422,true,1785247204453,LeaderAccept
1785247204477,false,1785247204499,LeaderAccept
1785247204535,true,1785247204557,LeaderAccept
1785247204595,false,1785247204616,LeaderAccept
1785247204656,true,1785247204687,LeaderAccept
1785247204718,false,1785247204740,LeaderAccept
1785247204783,false,1785247204805,LeaderAccept
1785247204850,false,1785247204872,LeaderAccept
1785247204919,false,1785247204940,LeaderAccept
1785247204990,true,1785247205039,LeaderAccept
1785247205064,false,1785247205086,LeaderAccept
1785247205140,false,1785247205162,LeaderAccept
1785247205220,false,1785247205242,LeaderAccept
1785247205303,false,1785247205334,LeaderAccept
1785247205390,true,1785247205411,LeaderAccept
1785247205481,true,1785247205502,LeaderAccept
1785247205575,false,1785247205597,LeaderAccept
1785247205674,true,1785247205696,LeaderAccept
1785247205777,false,1785247205800,LeaderAccept
1785247205887,false,1785247205909,LeaderAccept
1785247206003,false,1785247206025,LeaderAccept
1785247206125,true,1785247206146,LeaderAccept
1785247206255,true,1785247206276,LeaderAccept
1785247206394,true,1785247206415,LeaderAccept
1785247206542,false,1785247206564,LeaderAccept
1785247206702,false,1785247206724,LeaderAccept
1785247206875,true,1785247206897,LeaderAccept
1785247207063,true,1785247207085,LeaderAccept
1785247207270,false,1785247207292,LeaderAccept
1785247207500,true,1785247207521,LeaderAccept
1785247207757,false,1785247207778,LeaderAccept
1785247208048,false,1785247208088,LeaderAccept
1785247208386,true,1785247208407,LeaderAccept
1785247208785,true,1785247208806,LeaderAccept
1785247209273,true,1785247209294,LeaderAccept
1785247209894,true,1785247209943,LeaderAccept
1785247210742,true,1785247210764,LeaderAccept
1785247212037,false,1785247212059,LeaderAccept
1785247214509,true,1785247214531,LeaderAccept
1785247223020,false,1785247223042,LeaderAccept
1785247231422,true,1785247231449,LeaderAccept
1785247231441,false,1785247231462,LeaderAccept
1785247231461,false,1785247231482,LeaderAccept
1785247231481,false,1785247231502,LeaderAccept
1785247231501,false,1785247231522,LeaderAccept
1785247231521,true,1785247231542,LeaderAccept
1785247231541,true,1785247231562,LeaderAccept
1785247231561,true,1785247231582,LeaderAccept
1785247231581,false,1785247231608,LeaderAccept
1785247231602,true,1785247231623,LeaderAccept
1785247231623,true,1785247231644,LeaderAccept
1785247231644,true,1785247231665,LeaderAccept
1785247231666,false,1785247231687,LeaderAccept
1785247231688,false,1785247231709,LeaderAccept
1785247231709,true,1785247231730,LeaderAccept
1785247231731,false,1785247231753,LeaderAccept
1785247231753,false,1785247231801,LeaderAccept
1785247231776,false,1785247231800,LeaderAccept
1785247231799,true,1785247231820,LeaderAccept
1785247231821,true,1785247231842,LeaderAccept
1785247231845,false,1785247231866,LeaderAccept
1785247231868,false,1785247231889,LeaderAccept
1785247231892,true,1785247231913,LeaderAccept
1785247231918,false,1785247231945,LeaderAccept
1785247231942,false,1785247231964,LeaderAccept
1785247231967,false,1785247232018,LeaderAccept
1785247231992,false,1785247232018,LeaderAccept
1785247232017,false,1785247232038,LeaderAccept
1785247232043,true,1785247232064,LeaderAccept
1785247232069,false,1785247232091,LeaderAccept
1785247232096,true,1785247232118,LeaderAccept
1785247232122,true,1785247232150,LeaderAccept
1785247232150,false,1785247232173,LeaderAccept
1785247232177,false,1785247232199,LeaderAccept
1785247232205,true,1785247232236,LeaderAccept
1785247232233,false,1785247232254,LeaderAccept
1785247232261,true,1785247232283,LeaderAccept
1785247232290,false,1785247232312,LeaderAccept
1785247232319,false,1785247232341,LeaderAccept
1785247232350,false,1785247232371,LeaderAccept
1785247232380,false,1785247232402,LeaderAccept
1785247232411,false,1785247232433,LeaderAccept
1785247232442,true,1785247232465,LeaderAccept
1785247232474,false,1785247232495,LeaderAccept
1785247232506,false,1785247232528,LeaderAccept
1785247232539,false,1785247232561,LeaderAccept
1785247232572,true,1785247232600,LeaderAccept
1785247232605,false,1785247232627,LeaderAccept
1785247232639,true,1785247232661,LeaderAccept
1785247232674,true,1785247232695,LeaderAccept
1785247232709,true,1785247232730,LeaderAccept
1785247232745,false,1785247232766,LeaderAccept
1785247232781,true,1785247232803,LeaderAccept
1785247232819,false,1785247232840,LeaderAccept
1785247232856,true,1785247232878,LeaderAccept
1785247232895,true,1785247232917,LeaderAccept
1785247232934,false,1785247232956,LeaderAccept
1785247232974,false,1785247233026,LeaderAccept
1785247233015,false,1785247233036,LeaderAccept
1785247233056,true,1785247233078,LeaderAccept
1785247233099,false,1785247233121,LeaderAccept
1785247233143,false,1785247233171,LeaderAccept
1785247233187,true,1785247233209,LeaderAccept
1785247233233,true,1785247233255,LeaderAccept
1785247233280,true,1785247233302,LeaderAccept
1785247233328,true,1785247233350,LeaderAccept
1785247233378,false,1785247233408,LeaderAccept
1785247233427,false,1785247233448,LeaderAccept
1785247233477,false,1785247233499,LeaderAccept
1785247233529,false,1785247233551,LeaderAccept
1785247233583,true,1785247233605,LeaderAccept
1785247233639,false,1785247233661,LeaderAccept
1785247233695,false,1785247233717,LeaderAccept
1785247233753,false,1785247233775,LeaderAccept
1785247233812,false,1785247233834,LeaderAccept
1785247233873,true,1785247233895,LeaderAccept
1785247233936,true,1785247233984,LeaderAccept
1785247234001,false,1785247234023,LeaderAccept
1785247234068,true,1785247234089,LeaderAccept
1785247234137,true,1785247234158,LeaderAccept
1785247234209,false,1785247234231,LeaderAccept
1785247234283,false,1785247234305,LeaderAccept
1785247234360,true,1785247234382,LeaderAccept
1785247234440,false,1785247234462,LeaderAccept
1785247234523,true,1785247234545,LeaderAccept
1785247234610,false,1785247234632,LeaderAccept
1785247234701,false,1785247234723,LeaderAccept
1785247234796,false,1785247234819,LeaderAccept
1785247234894,true,1785247234916,LeaderAccept
1785247234999,false,1785247235021,LeaderAccept
1785247235109,true,1785247235130,LeaderAccept
1785247235224,false,1785247235245,LeaderAccept
1785247235347,true,1785247235369,LeaderAccept
1785247235477,true,1785247235499,LeaderAccept
1785247235616,true,1785247235638,LeaderAccept
1785247235765,true,1785247235788,LeaderAccept
1785247235925,false,1785247235948,LeaderAccept
1785247236098,true,1785247236120,LeaderAccept
1785247236287,true,1785247236309,LeaderAccept
1785247236494,true,1785247236516,LeaderAccept
1785247236724,true,1785247236746,LeaderAccept
1785247236982,false,1785247237004,LeaderAccept
1785247237276,false,1785247237297,LeaderAccept
1785247237615,false,1785247237636,LeaderAccept
1785247238017,false,1785247238039,LeaderAccept
1785247238509,true,1785247238530,LeaderAccept
1785247239136,true,1785247239159,LeaderAccept
1785247239995,true,1785247240017,LeaderAccept
1785247241313,false,1785247241335,LeaderAccept
1785247243861,false,1785247243883,LeaderAccept
1785247252965,true,1785247252986,LeaderAccept
1785247254915,true,1785247254937,LeaderAccept
1785247254932,false,1785247254954,LeaderAccept
1785247254949,false,1785247254971,LeaderAccept
1785247254966,true,1785247254988,LeaderAccept
1785247254984,true,1785247255006,LeaderAccept
1785247255002,true,1785247255024,LeaderAccept
1785247255020,true,1785247255043,LeaderAccept
1785247255038,false,1785247255060,LeaderAccept
1785247255056,false,1785247255078,LeaderAccept
1785247255075,true,1785247255097,LeaderAccept
1785247255093,false,1785247255114,LeaderAccept
1785247255113,false,1785247255135,LeaderAccept
1785247255132,true,1785247255153,LeaderAccept
1785247255151,false,1785247255174,LeaderAccept
1785247255170,true,1785247255192,LeaderAccept
1785247255189,false,1785247255210,LeaderAccept
1785247255208,true,1785247255230,LeaderAccept
1785247255228,true,1785247255249,LeaderAccept
1785247255248,true,1785247255270,LeaderAccept
1785247255269,true,1785247255291,LeaderAccept
1785247255289,true,1785247255310,LeaderAccept
1785247255309,false,1785247255330,LeaderAccept
1785247255330,true,1785247255357,LeaderAccept
1785247255351,false,1785247255372,LeaderAccept
1785247255372,false,1785247255393,LeaderAccept
1785247255393,false,1785247255415,LeaderAccept
1785247255414,true,1785247255436,LeaderAccept
1785247255435,true,1785247255456,LeaderAccept
1785247255456,false,1785247255478,LeaderAccept
1785247255478,false,1785247255499,LeaderAccept
1785247255500,false,1785247255522,LeaderAccept
1785247255522,true,1785247255549,LeaderAccept
1785247255545,true,1785247255567,LeaderAccept
1785247255568,true,1785247255591,LeaderAccept
1785247255592,true,1785247255614,LeaderAccept
1785247255616,true,1785247255639,LeaderAccept
1785247255640,false,1785247255662,LeaderAccept
1785247255664,true,1785247255686,LeaderAccept
1785247255688,false,1785247255710,LeaderAccept
1785247255712,false,1785247255734,LeaderAccept
1785247255737,true,1785247255759,LeaderAccept
1785247255762,false,1785247255784,LeaderAccept
1785247255787,false,1785247255809,LeaderAccept
1785247255813,false,1785247255837,LeaderAccept
1785247255839,false,1785247255860,LeaderAccept
1785247255864,false,1785247255886,LeaderAccept
1785247255891,true,1785247255913,LeaderAccept
1785247255917,false,1785247255940,LeaderAccept
1785247255945,false,1785247255967,LeaderAccept
1785247255973,false,1785247255994,LeaderAccept
1785247256001,false,1785247256023,LeaderAccept
1785247256030,false,1785247256052,LeaderAccept
1785247256059,true,1785247256081,LeaderAccept
1785247256088,false,1785247256110,LeaderAccept
1785247256118,false,1785247256140,LeaderAccept
1785247256148,true,1785247256169,LeaderAccept
1785247256178,false,1785247256199,LeaderAccept
1785247256208,false,1785247256230,LeaderAccept
1785247256240,false,1785247256262,LeaderAccept
1785247256272,false,1785247256293,LeaderAccept
1785247256304,true,1785247256325,LeaderAccept
1785247256337,true,1785247256358,LeaderAccept
1785247256369,true,1785247256391,LeaderAccept
1785247256403,true,1785247256425,LeaderAccept
1785247256438,false,1785247256460,LeaderAccept
1785247256473,false,1785247256495,LeaderAccept
1785247256509,true,1785247256531,LeaderAccept
1785247256545,true,1785247256566,LeaderAccept
1785247256582,false,1785247256604,LeaderAccept
1785247256619,true,1785247256641,LeaderAccept
1785247256657,false,1785247256679,LeaderAccept
1785247256696,true,1785247256718,LeaderAccept
1785247256736,true,1785247256757,LeaderAccept
1785247256777,true,1785247256798,LeaderAccept
1785247256818,false,1785247256840,LeaderAccept
1785247256860,false,1785247256882,LeaderAccept
1785247256903,false,1785247256925,LeaderAccept
1785247256947,false,1785247256969,LeaderAccept
1785247256992,true,1785247257014,LeaderAccept
1785247257038,true,1785247257059,LeaderAccept
1785247257085,true,1785247257107,LeaderAccept
1785247257133,false,1785247257155,LeaderAccept
1785247257182,false,1785247257204,LeaderAccept
1785247257232,true,1785247257254,LeaderAccept
1785247257284,false,1785247257306,LeaderAccept
1785247257337,false,1785247257359,LeaderAccept
1785247257391,true,1785247257412,LeaderAccept
1785247257447,false,1785247257468,LeaderAccept
1785247257504,true,1785247257525,LeaderAccept
1785247257563,true,1785247257584,LeaderAccept
1785247257623,false,1785247257644,LeaderAccept
1785247257685,false,1785247257706,LeaderAccept
1785247257749,false,1785247257770,LeaderAccept
1785247257815,true,1785247257836,LeaderAccept
1785247257883,true,1785247257904,LeaderAccept
1785247257953,true,1785247257974,LeaderAccept
1785247258026,false,1785247258047,LeaderAccept
1785247258102,false,1785247258124,LeaderAccept
1785247258181,false,1785247258203,LeaderAccept
1785247258263,true,1785247258285,LeaderAccept
1785247258349,true,1785247258371,LeaderAccept
1785247258439,true,1785247258460,LeaderAccept
1785247258532,false,1785247258553,LeaderAccept
1785247258630,true,1785247258651,LeaderAccept
1785247258732,false,1785247258753,LeaderAccept
1785247258839,false,1785247258861,LeaderAccept
1785247258953,true,1785247258975,LeaderAccept
1785247259073,true,1785247259094,LeaderAccept
1785247259200,true,1785247259221,LeaderAccept
1785247259336,false,1785247259358,LeaderAccept
1785247259481,false,1785247259503,LeaderAccept
1785247259637,false,1785247259659,LeaderAccept
1785247259806,true,1785247259828,LeaderAccept
1785247259989,false,1785247260011,LeaderAccept
1785247260190,false,1785247260212,LeaderAccept
1785247260411,false,1785247260432,LeaderAccept
1785247260658,true,1785247260679,LeaderAccept
1785247260938,true,1785247260960,LeaderAccept
1785247261260,false,1785247261281,LeaderAccept
1785247261637,false,1785247261658,LeaderAccept
1785247262092,false,1785247262113,LeaderAccept
1785247262663,false,1785247262685,LeaderAccept
1785247263423,true,1785247263444,LeaderAccept
1785247264533,true,1785247264555,LeaderAccept
1785247266466,true,1785247266488,LeaderAccept
1785247271547,true,1785247271570,LeaderAccept
1785247303193,false,1785247303214,LeaderAccept
1785247303218,true,1785247303240,LeaderAccept
1785247303244,false,1785247303265,LeaderAccept
1785247303270,false,1785247303291,LeaderAccept
1785247303296,true,1785247303323,LeaderAccept
1785247303323,false,1785247303344,LeaderAccept
1785247303350,false,1785247303371,LeaderAccept
1785247303376,false,1785247303398,LeaderAccept
1785247303404,true,1785247303425,LeaderAccept
1785247303432,false,1785247303453,LeaderAccept
1785247303460,true,1785247303481,LeaderAccept
1785247303489,false,1785247303510,LeaderAccept
1785247303518,true,1785247303539,LeaderAccept
1785247303546,false,1785247303574,LeaderAccept
1785247303576,false,1785247303597,LeaderAccept
1785247303607,false,1785247303628,LeaderAccept
1785247303638,true,1785247303659,LeaderAccept
1785247303670,false,1785247303692,LeaderAccept
1785247303702,false,1785247303724,LeaderAccept
1785247303735,false,1785247303756,LeaderAccept
1785247303768,true,1785247303789,LeaderAccept
1785247303802,true,1785247303823,LeaderAccept
1785247303836,false,1785247303864,LeaderAccept
1785247303871,false,1785247303893,LeaderAccept
1785247303906,true,1785247303933,LeaderAccept
1785247303941,false,1785247303962,LeaderAccept
1785247303977,true,1785247304009,LeaderAccept
1785247304014,false,1785247304035,LeaderAccept
1785247304052,true,1785247304079,LeaderAccept
1785247304090,false,1785247304117,LeaderAccept
1785247304129,true,1785247304150,LeaderAccept
1785247304169,false,1785247304199,LeaderAccept
1785247304210,true,1785247304241,LeaderAccept
1785247304252,true,1785247304280,LeaderAccept
1785247304295,false,1785247304323,LeaderAccept
1785247304338,false,1785247304359,LeaderAccept
1785247304382,true,1785247304404,LeaderAccept
1785247304427,true,1785247304454,LeaderAccept
1785247304473,false,1785247304500,LeaderAccept
1785247304520,false,1785247304541,LeaderAccept
1785247304568,true,1785247304615,LeaderAccept
1785247304618,false,1785247304641,LeaderAccept
1785247304668,false,1785247304693,LeaderAccept
1785247304720,true,1785247304742,LeaderAccept
1785247304773,false,1785247304795,LeaderAccept
1785247304828,false,1785247304887,LeaderAccept
1785247304884,false,1785247304910,LeaderAccept
1785247304941,true,1785247304968,LeaderAccept
1785247304999,false,1785247305020,LeaderAccept
1785247305059,true,1785247305083,LeaderAccept
1785247305121,false,1785247305151,LeaderAccept
1785247305184,true,1785247305211,LeaderAccept
1785247305251,true,1785247305272,LeaderAccept
1785247305319,false,1785247305341,LeaderAccept
1785247305390,true,1785247305445,LeaderAccept
1785247305463,true,1785247305490,LeaderAccept
1785247305539,true,1785247305560,LeaderAccept
1785247305618,false,1785247305640,LeaderAccept
1785247305701,true,1785247305722,LeaderAccept
1785247305786,false,1785247305835,LeaderAccept
1785247305876,true,1785247305903,LeaderAccept
1785247305968,false,1785247305990,LeaderAccept
1785247306065,true,1785247306087,LeaderAccept
1785247306168,true,1785247306189,LeaderAccept
1785247306276,true,1785247306325,LeaderAccept
1785247306389,false,1785247306416,LeaderAccept
1785247306509,true,1785247306565,LeaderAccept
1785247306637,false,1785247306658,LeaderAccept
1785247306773,true,1785247306794,LeaderAccept
1785247306918,true,1785247306948,LeaderAccept
1785247307074,true,1785247307096,LeaderAccept
1785247307243,true,1785247307264,LeaderAccept
1785247307425,false,1785247307447,LeaderAccept
1785247307626,true,1785247307648,LeaderAccept
1785247307848,false,1785247307875,LeaderAccept
1785247308096,true,1785247308117,LeaderAccept
1785247308376,false,1785247308398,LeaderAccept
1785247308699,false,1785247308720,LeaderAccept
1785247309077,true,1785247309098,LeaderAccept
1785247309534,true,1785247309555,LeaderAccept
1785247310108,false,1785247310130,LeaderAccept
1785247310872,true,1785247310895,LeaderAccept
1785247311991,false,1785247312013,LeaderAccept
1785247313948,true,1785247313970,LeaderAccept
1785247319152,false,1785247319174,LeaderAccept
1785247370402,true,1785247370424,LeaderAccept
1785247370426,false,1785247370448,LeaderAccept
1785247370450,true,1785247370471,LeaderAccept
1785247370474,true,1785247370496,LeaderAccept
1785247370498,true,1785247370520,LeaderAccept
1785247370523,true,1785247370545,LeaderAccept
1785247370548,true,1785247370570,LeaderAccept
1785247370573,false,1785247370596,LeaderAccept
1785247370599,false,1785247370623,LeaderAccept
1785247370625,false,1785247370647,LeaderAccept
1785247370651,false,1785247370673,LeaderAccept
1785247370678,false,1785247370700,LeaderAccept
1785247370705,true,1785247370727,LeaderAccept
1785247370733,true,1785247370754,LeaderAccept
1785247370761,false,1785247370783,LeaderAccept
1785247370789,true,1785247370811,LeaderAccept
1785247370818,true,1785247370840,LeaderAccept
1785247370847,false,1785247370869,LeaderAccept
1785247370876,true,1785247370897,LeaderAccept
1785247370906,true,1785247370928,LeaderAccept
1785247370937,true,1785247370958,LeaderAccept
1785247370967,true,1785247370989,LeaderAccept
1785247370999,false,1785247371020,LeaderAccept
1785247371030,false,1785247371052,LeaderAccept
1785247371062,true,1785247371084,LeaderAccept
1785247371095,false,1785247371116,LeaderAccept
1785247371127,false,1785247371149,LeaderAccept
1785247371161,false,1785247371182,LeaderAccept
1785247371195,false,1785247371216,LeaderAccept
1785247371230,false,1785247371251,LeaderAccept
1785247371265,true,1785247371287,LeaderAccept
1785247371301,false,1785247371323,LeaderAccept
1785247371338,true,1785247371360,LeaderAccept
1785247371375,false,1785247371397,LeaderAccept
1785247371413,true,1785247371435,LeaderAccept
1785247371452,false,1785247371473,LeaderAccept
1785247371491,true,1785247371512,LeaderAccept
1785247371531,true,1785247371552,LeaderAccept
1785247371572,true,1785247371594,LeaderAccept
1785247371614,true,1785247371635,LeaderAccept
1785247371656,true,1785247371678,LeaderAccept
1785247371701,true,1785247371722,LeaderAccept
1785247371745,true,1785247371766,LeaderAccept
1785247371790,false,1785247371811,LeaderAccept
1785247371836,true,1785247371858,LeaderAccept
1785247371883,true,1785247371913,LeaderAccept
1785247371932,true,1785247371953,LeaderAccept
1785247371981,true,1785247372002,LeaderAccept
1785247372031,false,1785247372052,LeaderAccept
1785247372083,false,1785247372104,LeaderAccept
1785247372136,true,1785247372157,LeaderAccept
1785247372191,true,1785247372212,LeaderAccept
1785247372247,false,1785247372268,LeaderAccept
1785247372305,false,1785247372327,LeaderAccept
1785247372364,false,1785247372385,LeaderAccept
1785247372425,true,1785247372447,LeaderAccept
1785247372488,false,1785247372510,LeaderAccept
1785247372553,false,1785247372574,LeaderAccept
1785247372620,false,1785247372641,LeaderAccept
1785247372689,false,1785247372711,LeaderAccept
1785247372761,false,1785247372783,LeaderAccept
1785247372836,false,1785247372857,LeaderAccept
1785247372913,false,1785247372934,LeaderAccept
1785247372993,false,1785247373014,LeaderAccept
1785247373076,true,1785247373097,LeaderAccept
1785247373162,false,1785247373183,LeaderAccept
1785247373252,true,1785247373274,LeaderAccept
1785247373347,false,1785247373369,LeaderAccept
1785247373447,false,1785247373469,LeaderAccept
1785247373551,true,1785247373573,LeaderAccept
1785247373661,true,1785247373682,LeaderAccept
1785247373777,false,1785247373799,LeaderAccept
1785247373900,false,1785247373921,LeaderAccept
1785247374030,false,1785247374051,LeaderAccept
1785247374169,false,1785247374190,LeaderAccept
1785247374317,true,1785247374338,LeaderAccept
1785247374477,false,1785247374498,LeaderAccept
1785247374650,false,1785247374672,LeaderAccept
1785247374839,false,1785247374869,LeaderAccept
1785247375047,false,1785247375069,LeaderAccept
1785247375277,false,1785247375298,LeaderAccept
1785247375535,true,1785247375556,LeaderAccept
1785247375828,false,1785247375849,LeaderAccept
1785247376167,false,1785247376189,LeaderAccept
1785247376568,false,1785247376590,LeaderAccept
1785247377059,false,1785247377080,LeaderAccept
1785247377685,false,1785247377706,LeaderAccept
1785247378542,true,1785247378564,LeaderAccept
1785247379857,false,1785247379878,LeaderAccept
1785247382395,false,1785247382416,LeaderAccept
1785247391409,false,1785247391431,LeaderAccept
1785247400383,true,1785247400404,LeaderAccept
1785247400399,false,1785247400421,LeaderAccept
1785247400416,false,1785247400439,LeaderAccept
1785247400432,false,1785247400453,LeaderAccept
1785247400449,false,1785247400471,LeaderAccept
1785247400466,false,1785247400487,LeaderAccept
1785247400483,false,1785247400506,LeaderAccept
1785247400500,true,1785247400521,LeaderAccept
1785247400517,true,1785247400538,LeaderAccept
1785247400535,false,1785247400556,LeaderAccept
1785247400553,true,1785247400595,LeaderAccept
1785247400571,false,1785247400595,LeaderAccept
1785247400589,false,1785247400610,LeaderAccept
1785247400607,true,1785247400634,LeaderAccept
1785247400625,true,1785247400647,LeaderAccept
1785247400644,false,1785247400665,LeaderAccept
1785247400663,false,1785247400683,LeaderAccept
1785247400681,true,1785247400710,LeaderAccept
1785247400700,false,1785247400721,LeaderAccept
1785247400719,false,1785247400740,LeaderAccept
1785247400738,false,1785247400759,LeaderAccept
1785247400757,true,1785247400777,LeaderAccept
1785247400776,false,1785247400797,LeaderAccept
1785247400796,true,1785247400816,LeaderAccept
1785247400816,true,1785247400842,LeaderAccept
1785247400836,false,1785247400857,LeaderAccept
1785247400856,false,1785247400877,LeaderAccept
1785247400876,false,1785247400897,LeaderAccept
1785247400897,false,1785247400924,LeaderAccept
1785247400918,false,1785247400939,LeaderAccept
1785247400939,true,1785247400959,LeaderAccept
1785247400959,false,1785247400980,LeaderAccept
1785247400981,true,1785247401002,LeaderAccept
1785247401002,false,1785247401023,LeaderAccept
1785247401024,true,1785247401045,LeaderAccept
1785247401046,true,1785247401094,LeaderAccept
1785247401069,true,1785247401090,LeaderAccept
1785247401091,true,1785247401112,LeaderAccept
1785247401114,true,1785247401135,LeaderAccept
1785247401137,false,1785247401184,LeaderAccept
1785247401159,false,1785247401180,LeaderAccept
1785247401183,false,1785247401203,LeaderAccept
1785247401207,true,1785247401228,LeaderAccept
1785247401231,false,1785247401273,SlowAccept
1785247401256,false,1785247401277,LeaderAccept
1785247401280,false,1785247401301,LeaderAccept
1785247401305,false,1785247401352,LeaderAccept
1785247401331,false,1785247401352,LeaderAccept
1785247401356,true,1785247401378,LeaderAccept
1785247401382,true,1785247401403,LeaderAccept
1785247401408,true,1785247401455,LeaderAccept
1785247401434,false,1785247401455,LeaderAccept
1785247401461,true,1785247401483,LeaderAccept
1785247401488,true,1785247401509,LeaderAccept
1785247401515,true,1785247401555,LeaderAccept
1785247401543,false,1785247401564,LeaderAccept
1785247401571,false,1785247401592,LeaderAccept
1785247401599,true,1785247401667,LeaderAccept
1785247401628,false,1785247401667,LeaderAccept
1785247401657,false,1785247401678,LeaderAccept
1785247401687,true,1785247401708,LeaderAccept
1785247401717,false,1785247401765,LeaderAccept
1785247401748,false,1785247401769,LeaderAccept
1785247401779,false,1785247401801,LeaderAccept
1785247401811,false,1785247401832,LeaderAccept
1785247401843,false,1785247401891,LeaderAccept
1785247401876,true,1785247401897,LeaderAccept
1785247401909,false,1785247401930,LeaderAccept
1785247401942,false,1785247401964,LeaderAccept
1785247401976,true,1785247402018,LeaderAccept
1785247402011,true,1785247402032,LeaderAccept
1785247402046,true,1785247402068,LeaderAccept
1785247402082,false,1785247402156,LeaderAccept
1785247402119,false,1785247402140,LeaderAccept
1785247402155,true,1785247402177,LeaderAccept
1785247402193,true,1785247402214,LeaderAccept
1785247402231,false,1785247402252,LeaderAccept
1785247402270,true,1785247402291,LeaderAccept
1785247402309,false,1785247402330,LeaderAccept
1785247402350,true,1785247402370,LeaderAccept
1785247402391,true,1785247402427,LeaderAccept
1785247402434,true,1785247402455,LeaderAccept
1785247402477,false,1785247402498,LeaderAccept
1785247402521,false,1785247402542,LeaderAccept
1785247402567,true,1785247402606,LeaderAccept
1785247402612,false,1785247402635,LeaderAccept
1785247402660,true,1785247402680,LeaderAccept
1785247402708,false,1785247402729,LeaderAccept
1785247402756,false,1785247402778,LeaderAccept
1785247402807,true,1785247402828,LeaderAccept
1785247402859,true,1785247402881,LeaderAccept
1785247402912,false,1785247402933,LeaderAccept
1785247402967,false,1785247402988,LeaderAccept
1785247403022,false,1785247403043,LeaderAccept
1785247403080,true,1785247403119,LeaderAccept
1785247403139,true,1785247403183,LeaderAccept
1785247403200,true,1785247403221,LeaderAccept
1785247403263,false,1785247403285,LeaderAccept
1785247403328,false,1785247403350,LeaderAccept
1785247403395,true,1785247403425,LeaderAccept
1785247403464,false,1785247403484,LeaderAccept
1785247403535,false,1785247403556,LeaderAccept
1785247403609,true,1785247403630,LeaderAccept
1785247403685,false,1785247403755,LeaderAccept
1785247403765,false,1785247403786,LeaderAccept
1785247403848,false,1785247403870,LeaderAccept
1785247403935,false,1785247403965,LeaderAccept
1785247404024,false,1785247404046,LeaderAccept
1785247404118,false,1785247404140,LeaderAccept
1785247404217,true,1785247404238,LeaderAccept
1785247404320,true,1785247404350,LeaderAccept
1785247404429,false,1785247404450,LeaderAccept
1785247404543,true,1785247404564,LeaderAccept
1785247404665,false,1785247404686,LeaderAccept
1785247404793,true,1785247404815,LeaderAccept
1785247404931,false,1785247404961,LeaderAccept
1785247405079,true,1785247405100,LeaderAccept
1785247405237,true,1785247405258,LeaderAccept
1785247405408,true,1785247405429,LeaderAccept
1785247405594,false,1785247405616,LeaderAccept
1785247405799,false,1785247405836,LeaderAccept
1785247406025,true,1785247406046,LeaderAccept
1785247406279,false,1785247406329,LeaderAccept
1785247406566,true,1785247406586,LeaderAccept
1785247406898,true,1785247406919,LeaderAccept
1785247407290,false,1785247407311,LeaderAccept
1785247407766,true,1785247407787,LeaderAccept
1785247408370,false,1785247408391,LeaderAccept
1785247409187,false,1785247409237,LeaderAccept
1785247410415,true,1785247410436,LeaderAccept
1785247412682,true,1785247412704,LeaderAccept
1785247419725,true,1785247419747,LeaderAccept
1785247443845,false,1785247443866,LeaderAccept
1785247443863,false,1785247443884,LeaderAccept
1785247443882,false,1785247443909,LeaderAccept
1785247443900,true,1785247443921,LeaderAccept
1785247443918,true,1785247443938,LeaderAccept
1785247443937,false,1785247443958,LeaderAccept
1785247443956,true,1785247443976,LeaderAccept
1785247443975,true,1785247443997,LeaderAccept
1785247443994,false,1785247444021,LeaderAccept
1785247444014,true,1785247444035,LeaderAccept
1785247444033,true,1785247444054,LeaderAccept
1785247444053,true,1785247444101,LeaderAccept
1785247444073,false,1785247444095,LeaderAccept
1785247444094,false,1785247444115,LeaderAccept
1785247444114,false,1785247444141,LeaderAccept
1785247444135,true,1785247444156,LeaderAccept
1785247444156,true,1785247444177,LeaderAccept
1785247444177,true,1785247444197,LeaderAccept
1785247444197,false,1785247444218,LeaderAccept
1785247444219,true,1785247444240,LeaderAccept
1785247444241,true,1785247444268,LeaderAccept
1785247444262,true,1785247444284,LeaderAccept
1785247444285,true,1785247444312,LeaderAccept
1785247444308,false,1785247444329,LeaderAccept
1785247444330,false,1785247444351,LeaderAccept
1785247444352,true,1785247444374,LeaderAccept
1785247444376,true,1785247444403,LeaderAccept
1785247444399,false,1785247444421,LeaderAccept
1785247444423,false,1785247444444,LeaderAccept
1785247444447,true,1785247444468,LeaderAccept
1785247444470,true,1785247444492,LeaderAccept
1785247444495,false,1785247444516,LeaderAccept
1785247444520,true,1785247444572,LeaderAccept
1785247444545,false,1785247444567,LeaderAccept
1785247444570,false,1785247444591,LeaderAccept
1785247444596,true,1785247444618,LeaderAccept
1785247444622,false,1785247444643,LeaderAccept
1785247444649,false,1785247444670,LeaderAccept
1785247444675,true,1785247444722,LeaderAccept
1785247444701,true,1785247444722,LeaderAccept
1785247444729,true,1785247444750,LeaderAccept
1785247444756,true,1785247444777,LeaderAccept
1785247444784,true,1785247444805,LeaderAccept
1785247444812,true,1785247444833,LeaderAccept
1785247444841,false,1785247444868,LeaderAccept
1785247444870,false,1785247444917,LeaderAccept
1785247444900,true,1785247444921,LeaderAccept
1785247444930,false,1785247444952,LeaderAccept
1785247444961,false,1785247444982,LeaderAccept
1785247444992,false,1785247445014,LeaderAccept
1785247445024,false,1785247445071,LeaderAccept
1785247445056,false,1785247445078,LeaderAccept
1785247445089,true,1785247445110,LeaderAccept
1785247445122,true,1785247445143,LeaderAccept
1785247445155,false,1785247445176,LeaderAccept
1785247445189,true,1785247445210,LeaderAccept
1785247445223,false,1785247445266,LeaderAccept
1785247445258,true,1785247445279,LeaderAccept
1785247445293,false,1785247445315,LeaderAccept
1785247445331,false,1785247445352,LeaderAccept
1785247445367,true,1785247445389,LeaderAccept
1785247445404,false,1785247445425,LeaderAccept
1785247445442,false,1785247445490,LeaderAccept
1785247445480,true,1785247445501,LeaderAccept
1785247445520,true,1785247445541,LeaderAccept
1785247445560,false,1785247445581,LeaderAccept
1785247445601,true,1785247445622,LeaderAccept
1785247445643,true,1785247445670,LeaderAccept
1785247445685,false,1785247445712,LeaderAccept
1785247445729,true,1785247445751,LeaderAccept
1785247445774,false,1785247445795,LeaderAccept
1785247445820,true,1785247445841,LeaderAccept
1785247445866,true,1785247445888,LeaderAccept
1785247445914,false,1785247445935,LeaderAccept
1785247445963,true,1785247446010,LeaderAccept
1785247446012,true,1785247446033,LeaderAccept
1785247446064,false,1785247446085,LeaderAccept
1785247446116,true,1785247446137,LeaderAccept
1785247446170,false,1785247446191,LeaderAccept
1785247446225,false,1785247446246,LeaderAccept
1785247446282,true,1785247446330,LeaderAccept
1785247446340,false,1785247446361,LeaderAccept
1785247446399,false,1785247446421,LeaderAccept
1785247446461,false,1785247446482,LeaderAccept
1785247446525,true,1785247446546,LeaderAccept
1785247446590,false,1785247446612,LeaderAccept
1785247446658,false,1785247446680,LeaderAccept
1785247446728,true,1785247446749,LeaderAccept
1785247446801,true,1785247446822,LeaderAccept
1785247446876,true,1785247446905,LeaderAccept
1785247446954,true,1785247446975,LeaderAccept
1785247447035,false,1785247447057,LeaderAccept
1785247447119,false,1785247447140,LeaderAccept
1785247447208,true,1785247447229,LeaderAccept
1785247447300,true,1785247447321,LeaderAccept
1785247447396,false,1785247447417,LeaderAccept
1785247447497,true,1785247447518,LeaderAccept
1785247447603,false,1785247447624,LeaderAccept
1785247447715,true,1785247447736,LeaderAccept
1785247447833,true,1785247447855,LeaderAccept
1785247447959,true,1785247447980,LeaderAccept
1785247448092,true,1785247448113,LeaderAccept
1785247448234,true,1785247448255,LeaderAccept
1785247448387,false,1785247448435,LeaderAccept
1785247448552,true,1785247448573,LeaderAccept
1785247448731,false,1785247448751,LeaderAccept
1785247448926,true,1785247448947,LeaderAccept
1785247449141,false,1785247449162,LeaderAccept
1785247449380,false,1785247449401,LeaderAccept
1785247449648,false,1785247449670,LeaderAccept
1785247449957,true,1785247449979,LeaderAccept
1785247450317,true,1785247450338,LeaderAccept
1785247450747,false,1785247450768,LeaderAccept
1785247451280,false,1785247451301,LeaderAccept
1785247451976,false,1785247451997,LeaderAccept
1785247452961,true,1785247452982,LeaderAccept
1785247454572,true,1785247454593,LeaderAccept
1785247458174,true,1785247458195,LeaderAccept
1785247479990,false,1785247480011,LeaderAccept
1785247480943,false,1785247480965,LeaderAccept
1785247480963,false,1785247480984,LeaderAccept
1785247480983,false,1785247481004,LeaderAccept
1785247481003,false,1785247481024,LeaderAccept
1785247481023,true,1785247481044,LeaderAccept
1785247481043,true,1785247481073,LeaderAccept
1785247481063,false,1785247481084,LeaderAccept
1785247481084,false,1785247481105,LeaderAccept
1785247481105,false,1785247481126,LeaderAccept
1785247481125,true,1785247481146,LeaderAccept
1785247481146,false,1785247481167,LeaderAccept
1785247481167,true,1785247481187,LeaderAccept
1785247481187,false,1785247481208,LeaderAccept
1785247481208,true,1785247481229,LeaderAccept
1785247481230,true,1785247481260,LeaderAccept
1785247481251,true,1785247481273,LeaderAccept
1785247481274,false,1785247481295,LeaderAccept
1785247481296,false,1785247481317,LeaderAccept
1785247481319,true,1785247481340,LeaderAccept
1785247481342,true,1785247481363,LeaderAccept
1785247481365,true,1785247481386,LeaderAccept
1785247481389,true,1785247481410,LeaderAccept
1785247481413,false,1785247481434,LeaderAccept
1785247481437,true,1785247481483,LeaderAccept
1785247481462,true,1785247481483,LeaderAccept
1785247481486,false,1785247481508,LeaderAccept
1785247481511,false,1785247481532,LeaderAccept
1785247481536,false,1785247481557,LeaderAccept
1785247481561,true,1785247481583,LeaderAccept
1785247481587,false,1785247481608,LeaderAccept
1785247481613,true,1785247481634,LeaderAccept
1785247481639,false,1785247481660,LeaderAccept
1785247481665,false,1785247481687,LeaderAccept
1785247481693,false,1785247481714,LeaderAccept
1785247481720,true,1785247481741,LeaderAccept
1785247481748,true,1785247481769,LeaderAccept
1785247481777,true,1785247481798,LeaderAccept
1785247481805,true,1785247481826,LeaderAccept
1785247481834,false,1785247481856,LeaderAccept
1785247481864,false,1785247481885,LeaderAccept
1785247481894,false,1785247481916,LeaderAccept
1785247481925,true,1785247481946,LeaderAccept
1785247481956,false,1785247481977,LeaderAccept
1785247481987,false,1785247482009,LeaderAccept
1785247482019,true,1785247482040,LeaderAccept
1785247482051,true,1785247482073,LeaderAccept
1785247482084,true,1785247482105,LeaderAccept
1785247482117,true,1785247482138,LeaderAccept
1785247482150,true,1785247482171,LeaderAccept
1785247482184,false,1785247482206,LeaderAccept
1785247482219,true,1785247482240,LeaderAccept
1785247482254,true,1785247482275,LeaderAccept
1785247482290,true,1785247482312,LeaderAccept
1785247482327,true,1785247482349,LeaderAccept
1785247482365,true,1785247482386,LeaderAccept
1785247482403,false,1785247482424,LeaderAccept
1785247482441,false,1785247482462,LeaderAccept
1785247482481,true,1785247482502,LeaderAccept
1785247482521,false,1785247482542,LeaderAccept
1785247482561,true,1785247482583,LeaderAccept
1785247482603,true,1785247482624,LeaderAccept
1785247482646,true,1785247482668,LeaderAccept
1785247482690,false,1785247482711,LeaderAccept
1785247482735,true,1785247482756,LeaderAccept
1785247482780,true,1785247482802,LeaderAccept
1785247482827,true,1785247482848,LeaderAccept
1785247482875,false,1785247482896,LeaderAccept
1785247482924,false,1785247482946,LeaderAccept
1785247482974,true,1785247482995,LeaderAccept
1785247483025,false,1785247483046,LeaderAccept
1785247483077,true,1785247483099,LeaderAccept
1785247483131,true,1785247483152,LeaderAccept
1785247483187,false,1785247483209,LeaderAccept
1785247483243,false,1785247483264,LeaderAccept
1785247483301,true,1785247483322,LeaderAccept
1785247483362,true,1785247483383,LeaderAccept
1785247483423,false,1785247483444,LeaderAccept
1785247483487,true,1785247483508,LeaderAccept
1785247483552,true,1785247483573,LeaderAccept
1785247483619,false,1785247483640,LeaderAccept
1785247483689,false,1785247483710,LeaderAccept
1785247483762,true,1785247483783,LeaderAccept
1785247483836,true,1785247483857,LeaderAccept
1785247483913,true,1785247483935,LeaderAccept
1785247483994,false,1785247484016,LeaderAccept
1785247484079,false,1785247484101,LeaderAccept
1785247484167,true,1785247484189,LeaderAccept
1785247484259,false,1785247484281,LeaderAccept
1785247484355,true,1785247484376,LeaderAccept
1785247484456,true,1785247484477,LeaderAccept
1785247484562,false,1785247484583,LeaderAccept
1785247484673,false,1785247484695,LeaderAccept
1785247484791,true,1785247484813,LeaderAccept
1785247484916,true,1785247484937,LeaderAccept
1785247485049,true,1785247485070,LeaderAccept
1785247485189,true,1785247485210,LeaderAccept
1785247485341,false,1785247485362,LeaderAccept
1785247485505,false,1785247485526,LeaderAccept
1785247485681,false,1785247485703,LeaderAccept
1785247485875,false,1785247485896,LeaderAccept
1785247486088,true,1785247486109,LeaderAccept
1785247486325,false,1785247486346,LeaderAccept
1785247486592,true,1785247486613,LeaderAccept
1785247486895,false,1785247486916,LeaderAccept
1785247487250,true,1785247487271,LeaderAccept
1785247487673,false,1785247487695,LeaderAccept
1785247488196,false,1785247488217,LeaderAccept
1785247488874,true,1785247488896,LeaderAccept
1785247489825,false,1785247489846,LeaderAccept
1785247491354,false,1785247491376,LeaderAccept
1785247494639,false,1785247494693,LeaderAccept
