request_time,write,response_time,accept_status
1785246839733,true,1785246839773,FastAccept
1785246839808,false,1785246839848,FastAccept
1785246839887,false,1785246839927,FastAccept
1785246839968,false,1785246840008,FastAccept
1785246840052,true,1785246840092,FastAccept
1785246840140,true,1785246840181,FastAccept
1785246840232,false,1785246840272,FastAccept
1785246840328,true,1785246840369,FastAccept
1785246840429,true,1785246840470,FastAccept
1785246840535,true,1785246840575,FastAccept
1785246840647,true,1785246840709,LeaderAccept
1785246840765,true,1785246840837,SlowAccept
1785246840891,false,1785246840977,LeaderAccept
1785246841025,true,1785246841078,FastAccept
1785246841168,false,1785246841221,FastAccept
1785246841321,false,1785246841361,FastAccept
1785246841486,true,1785246841525,FastAccept
1785246841665,false,1785246841716,LeaderAccept
1785246841861,true,1785246841902,FastAccept
1785246842077,true,1785246842128,LeaderAccept
1785246842317,true,1785246842368,LeaderAccept
1785246842588,false,1785246842641,LeaderAccept
1785246842898,true,1785246842957,LeaderAccept
1785246843260,false,1785246843321,SlowAccept
1785246843694,false,1785246843734,FastAccept
1785246844232,false,1785246844273,FastAccept
1785246844937,false,1785246844978,FastAccept
1785246845939,false,1785246845979,FastAccept
1785246847590,false,1785246847650,LeaderAccept
1785246851357,false,1785246851417,LeaderAccept
1785246866498,false,1785246866538,FastAccept
1785246866523,false,1785246866564,FastAccept
1785246866550,false,1785246866590,FastAccept
1785246866576,true,1785246866616,FastAccept
1785246866602,true,1785246866642,FastAccept
1785246866629,true,1785246866669,FastAccept
1785246866656,false,1785246866697,FastAccept
1785246866684,false,1785246866724,FastAccept
1785246866712,false,1785246866752,FastAccept
1785246866740,false,1785246866800,SlowAccept
1785246866769,true,1785246866820,LeaderAccept
1785246866798,true,1785246866848,LeaderAccept
1785246866827,true,1785246866877,LeaderAccept
1785246866856,false,1785246866896,FastAccept
1785246866886,false,1785246866927,FastAccept
1785246866917,true,1785246866958,FastAccept
1785246866948,true,1785246866988,FastAccept
1785246866979,true,1785246867019,FastAccept
1785246867011,true,1785246867051,FastAccept
1785246867044,true,1785246867084,FastAccept
1785246867077,true,1785246867118,FastAccept
1785246867111,true,1785246867151,FastAccept
1785246867145,true,1785246867185,FastAccept
1785246867180,true,1785246867221,FastAccept
1785246867216,true,1785246867257,FastAccept
1785246867252,false,1785246867292,FastAccept
1785246867289,true,1785246867329,FastAccept
1785246867326,false,1785246867366,FastAccept
1785246867364,false,1785246867404,FastAccept
1785246867403,false,1785246867463,LeaderAccept
1785246867443,false,1785246867482,FastAccept
1785246867482,true,1785246867522,FastAccept
1785246867523,false,1785246867562,FastAccept
1785246867564,true,1785246867604,FastAccept
1785246867607,true,1785246867647,FastAccept
1785246867650,false,1785246867690,FastAccept
1785246867694,true,1785246867734,FastAccept
1785246867738,true,1785246867779,FastAccept
1785246867785,false,1785246867825,FastAccept
1785246867833,true,1785246867874,FastAccept
1785246867882,true,1785246867948,LeaderAccept
1785246867932,false,1785246867972,FastAccept
1785246867983,true,1785246868023,FastAccept
1785246868035,true,1785246868075,FastAccept
1785246868089,false,1785246868130,FastAccept
1785246868144,true,1785246868184,FastAccept
1785246868201,true,1785246868241,FastAccept
1785246868259,false,1785246868299,FastAccept
1785246868319,false,1785246868359,FastAccept
1785246868381,false,1785246868421,FastAccept
1785246868444,true,1785246868485,FastAccept
1785246868509,true,1785246868549,FastAccept
1785246868576,true,1785246868617,FastAccept
1785246868646,false,1785246868686,FastAccept
1785246868718,true,1785246868759,FastAccept
1785246868793,false,1785246868833,FastAccept
1785246868871,false,1785246868911,FastAccept
1785246868951,false,1785246868992,FastAccept
1785246869035,false,1785246869076,FastAccept
1785246869123,true,1785246869164,FastAccept
1785246869215,true,1785246869255,FastAccept
1785246869310,false,1785246869351,FastAccept
1785246869411,true,1785246869452,FastAccept
1785246869517,true,1785246869557,FastAccept
1785246869628,false,1785246869668,FastAccept
1785246869745,true,1785246869785,FastAccept
1785246869869,false,1785246869909,FastAccept
1785246870001,true,1785246870041,FastAccept
1785246870142,false,1785246870183,FastAccept
1785246870294,true,1785246870335,FastAccept
1785246870457,true,1785246870497,FastAccept
1785246870634,true,1785246870674,FastAccept
1785246870827,false,1785246870867,FastAccept
1785246871040,true,1785246871080,FastAccept
1785246871276,true,1785246871316,FastAccept
1785246871542,true,1785246871582,FastAccept
1785246871846,true,1785246871886,FastAccept
1785246872199,true,1785246872239,FastAccept
1785246872620,false,1785246872659,FastAccept
1785246873140,false,1785246873180,FastAccept
1785246873815,true,1785246873865,LeaderAccept
1785246874759,false,1785246874812,LeaderAccept
1785246876272,false,1785246876323,LeaderAccept
1785246879496,true,1785246879537,FastAccept
1785246893374,true,1785246893414,FastAccept
1785246893392,false,1785246893432,FastAccept
1785246893410,false,1785246893449,FastAccept
1785246893428,true,1785246893468,FastAccept
1785246893446,true,1785246893486,FastAccept
1785246893465,true,1785246893506,FastAccept
1785246893484,false,1785246893524,FastAccept
1785246893502,false,1785246893543,FastAccept
1785246893521,false,1785246893561,FastAccept
1785246893540,true,1785246893580,FastAccept
1785246893559,true,1785246893599,FastAccept
1785246893578,false,1785246893618,FastAccept
1785246893598,false,1785246893638,FastAccept
1785246893618,false,1785246893658,FastAccept
1785246893638,true,1785246893678,FastAccept
1785246893658,true,1785246893697,FastAccept
1785246893678,false,1785246893718,FastAccept
1785246893698,true,1785246893738,FastAccept
1785246893719,false,1785246893760,FastAccept
1785246893740,true,1785246893780,FastAccept
1785246893761,false,1785246893801,FastAccept
1785246893782,true,1785246893823,FastAccept
1785246893804,false,1785246893844,FastAccept
1785246893826,false,1785246893866,FastAccept
1785246893848,true,1785246893888,FastAccept
1785246893870,true,1785246893911,FastAccept
1785246893893,true,1785246893933,FastAccept
1785246893915,true,1785246893955,FastAccept
1785246893937,false,1785246893977,FastAccept
1785246893960,true,1785246894001,FastAccept
1785246893984,false,1785246894024,FastAccept
1785246894008,true,1785246894048,FastAccept
1785246894032,true,1785246894072,FastAccept
1785246894056,true,1785246894096,FastAccept
1785246894081,true,1785246894122,FastAccept
1785246894106,false,1785246894146,FastAccept
1785246894131,false,1785246894171,FastAccept
1785246894156,true,1785246894196,FastAccept
1785246894181,false,1785246894221,FastAccept
1785246894207,true,1785246894247,FastAccept
1785246894233,true,1785246894273,FastAccept
1785246894259,true,1785246894300,FastAccept
1785246894286,false,1785246894327,FastAccept
1785246894313,false,1785246894353,FastAccept
1785246894341,true,1785246894382,FastAccept
1785246894369,true,1785246894410,FastAccept
1785246894398,true,1785246894438,FastAccept
1785246894427,false,1785246894468,FastAccept
1785246894456,true,1785246894497,FastAccept
1785246894486,false,1785246894526,FastAccept
1785246894516,false,1785246894556,FastAccept
1785246894546,false,1785246894587,FastAccept
1785246894577,true,1785246894617,FastAccept
1785246894608,true,1785246894648,FastAccept
1785246894639,false,1785246894679,FastAccept
1785246894672,false,1785246894712,FastAccept
1785246894705,true,1785246894745,FastAccept
1785246894738,false,1785246894778,FastAccept
1785246894772,true,1785246894813,FastAccept
1785246894808,true,1785246894847,FastAccept
1785246894842,false,1785246894882,FastAccept
1785246894878,true,1785246894919,FastAccept
1785246894915,false,1785246894956,FastAccept
1785246894952,true,1785246894992,FastAccept
1785246894989,false,1785246895029,FastAccept
1785246895028,false,1785246895068,FastAccept
1785246895066,true,1785246895107,FastAccept
1785246895106,false,1785246895147,FastAccept
1785246895147,true,1785246895187,FastAccept
1785246895188,true,1785246895229,FastAccept
1785246895230,false,1785246895270,FastAccept
1785246895273,true,1785246895313,FastAccept
1785246895316,true,1785246895357,FastAccept
1785246895361,false,1785246895402,FastAccept
1785246895407,true,1785246895447,FastAccept
1785246895455,false,1785246895495,FastAccept
1785246895502,false,1785246895543,FastAccept
1785246895551,true,1785246895591,FastAccept
1785246895601,false,1785246895642,FastAccept
1785246895653,false,1785246895693,FastAccept
1785246895706,true,1785246895746,FastAccept
1785246895760,true,1785246895800,FastAccept
1785246895815,false,1785246895855,FastAccept
1785246895872,true,1785246895913,FastAccept
1785246895931,true,1785246895982,LeaderAccept
1785246895991,true,1785246896048,LeaderAccept
1785246896053,true,1785246896113,LeaderAccept
1785246896117,false,1785246896178,LeaderAccept
1785246896184,false,1785246896224,FastAccept
1785246896252,true,1785246896305,LeaderAccept
1785246896323,true,1785246896383,LeaderAccept
1785246896396,true,1785246896455,LeaderAccept
1785246896472,false,1785246896512,FastAccept
1785246896550,true,1785246896600,LeaderAccept
1785246896632,false,1785246896690,LeaderAccept
1785246896718,false,1785246896778,LeaderAccept
1785246896807,false,1785246896847,FastAccept
1785246896901,false,1785246896940,FastAccept
1785246896998,false,1785246897049,LeaderAccept
1785246897100,true,1785246897160,LeaderAccept
1785246897207,false,1785246897248,FastAccept
1785246897320,false,1785246897360,FastAccept
1785246897440,false,1785246897480,FastAccept
1785246897567,true,1785246897622,LeaderAccept
1785246897703,false,1785246897763,SlowAccept
1785246897847,false,1785246897888,FastAccept
1785246898002,true,1785246898042,FastAccept
1785246898170,false,1785246898210,FastAccept
1785246898352,true,1785246898413,LeaderAccept
1785246898552,true,1785246898592,FastAccept
1785246898773,false,1785246898813,FastAccept
1785246899019,true,1785246899060,FastAccept
1785246899298,true,1785246899358,LeaderAccept
1785246899618,false,1785246899658,FastAccept
1785246899993,false,1785246900034,FastAccept
1785246900445,false,1785246900486,FastAccept
1785246901012,true,1785246901052,FastAccept
1785246901763,false,1785246901803,FastAccept
1785246902857,false,1785246902898,FastAccept
1785246904747,false,1785246904807,LeaderAccept
1785246909607,true,1785246909679,LeaderAccept
1785246917975,true,1785246918015,FastAccept
1785246917992,true,1785246918033,FastAccept
1785246918011,false,1785246918050,FastAccept
1785246918028,true,1785246918068,FastAccept
1785246918045,false,1785246918084,FastAccept
1785246918063,true,1785246918103,FastAccept
1785246918081,true,1785246918121,FastAccept
1785246918099,false,1785246918138,FastAccept
1785246918117,false,1785246918156,FastAccept
1785246918135,false,1785246918175,FastAccept
1785246918154,false,1785246918194,FastAccept
1785246918173,true,1785246918213,FastAccept
1785246918192,false,1785246918233,FastAccept
1785246918212,true,1785246918253,FastAccept
1785246918231,false,1785246918271,FastAccept
1785246918251,true,1785246918291,FastAccept
1785246918271,true,1785246918311,FastAccept
1785246918291,true,1785246918331,FastAccept
1785246918311,false,1785246918352,FastAccept
1785246918332,true,1785246918373,FastAccept
1785246918353,true,1785246918393,FastAccept
1785246918374,false,1785246918414,FastAccept
1785246918395,true,1785246918436,FastAccept
1785246918417,true,1785246918458,FastAccept
1785246918439,true,1785246918480,FastAccept
1785246918461,true,1785246918501,FastAccept
1785246918483,false,1785246918523,FastAccept
1785246918505,false,1785246918545,FastAccept
1785246918527,false,1785246918566,FastAccept
1785246918549,false,1785246918605,LeaderAccept
1785246918572,false,1785246918625,LeaderAccept
1785246918596,true,1785246918646,LeaderAccept
1785246918619,true,1785246918670,LeaderAccept
1785246918643,false,1785246918693,LeaderAccept
1785246918667,false,1785246918718,LeaderAccept
1785246918691,false,1785246918742,LeaderAccept
1785246918715,true,1785246918766,LeaderAccept
1785246918740,true,1785246918791,LeaderAccept
1785246918765,false,1785246918816,LeaderAccept
1785246918790,false,1785246918841,LeaderAccept
1785246918816,false,1785246918866,LeaderAccept
1785246918842,true,1785246918892,LeaderAccept
1785246918868,true,1785246918919,LeaderAccept
1785246918895,true,1785246918946,LeaderAccept
1785246918922,false,1785246918972,LeaderAccept
1785246918949,true,1785246918999,LeaderAccept
1785246918976,true,1785246919026,LeaderAccept
1785246919004,true,1785246919055,LeaderAccept
1785246919033,false,1785246919084,LeaderAccept
1785246919062,false,1785246919113,LeaderAccept
1785246919091,true,1785246919142,LeaderAccept
1785246919121,false,1785246919161,FastAccept
1785246919151,true,1785246919191,FastAccept
1785246919182,true,1785246919223,FastAccept
1785246919212,true,1785246919252,FastAccept
1785246919244,false,1785246919284,FastAccept
1785246919276,false,1785246919316,FastAccept
1785246919308,true,1785246919349,FastAccept
1785246919341,true,1785246919381,FastAccept
1785246919374,false,1785246919414,FastAccept
1785246919408,false,1785246919449,FastAccept
1785246919444,true,1785246919484,FastAccept
1785246919479,true,1785246919519,FastAccept
1785246919515,false,1785246919555,FastAccept
1785246919551,true,1785246919592,FastAccept
1785246919588,false,1785246919627,FastAccept
1785246919625,true,1785246919665,FastAccept
1785246919663,true,1785246919703,FastAccept
1785246919702,true,1785246919742,FastAccept
1785246919742,false,1785246919781,FastAccept
1785246919783,false,1785246919823,FastAccept
1785246919824,true,1785246919864,FastAccept
1785246919866,false,1785246919907,FastAccept
1785246919909,false,1785246919949,FastAccept
1785246919953,true,1785246919993,FastAccept
1785246919998,false,1785246920038,FastAccept
1785246920043,false,1785246920083,FastAccept
1785246920090,false,1785246920131,FastAccept
1785246920138,true,1785246920179,FastAccept
1785246920187,false,1785246920227,FastAccept
1785246920237,false,1785246920277,FastAccept
1785246920289,true,1785246920330,FastAccept
1785246920341,false,1785246920381,FastAccept
1785246920395,false,1785246920436,FastAccept
1785246920451,true,1785246920491,FastAccept
1785246920508,true,1785246920548,FastAccept
1785246920568,true,1785246920608,FastAccept
1785246920628,false,1785246920668,FastAccept
1785246920691,true,1785246920731,FastAccept
1785246920755,false,1785246920795,FastAccept
1785246920821,true,1785246920862,FastAccept
1785246920890,true,1785246920950,LeaderAccept
1785246920961,false,1785246921021,SlowAccept
1785246921035,false,1785246921097,LeaderAccept
1785246921112,true,1785246921168,LeaderAccept
1785246921191,false,1785246921231,FastAccept
1785246921273,false,1785246921326,FastAccept
1785246921360,true,1785246921429,SlowAccept
1785246921449,false,1785246921509,LeaderAccept
1785246921542,true,1785246921599,LeaderAccept
1785246921640,false,1785246921690,LeaderAccept
1785246921742,false,1785246921782,FastAccept
1785246921850,false,1785246921891,FastAccept
1785246921964,true,1785246922018,FastAccept
1785246922085,false,1785246922155,SlowAccept
1785246922213,false,1785246922273,SlowAccept
1785246922349,true,1785246922402,LeaderAccept
1785246922495,false,1785246922535,FastAccept
1785246922653,true,1785246922693,FastAccept
1785246922822,false,1785246922862,FastAccept
1785246923006,true,1785246923047,FastAccept
1785246923209,true,1785246923263,FastAccept
1785246923433,true,1785246923493,SlowAccept
1785246923683,false,1785246923733,LeaderAccept
1785246923966,false,1785246924007,FastAccept
1785246924294,false,1785246924334,FastAccept
1785246924677,true,1785246924717,FastAccept
1785246925141,false,1785246925181,FastAccept
1785246925727,false,1785246925792,LeaderAccept
1785246926512,false,1785246926584,LeaderAccept
1785246927674,true,1785246927714,FastAccept
1785246929750,false,1785246929790,FastAccept
1785246933727,false,1785246933767,FastAccept
1785246933742,true,1785246933782,FastAccept
1785246933757,true,1785246933798,FastAccept
1785246933773,true,1785246933814,FastAccept
1785246933789,false,1785246933829,FastAccept
1785246933805,false,1785246933845,FastAccept
1785246933821,false,1785246933861,FastAccept
1785246933836,false,1785246933877,FastAccept
1785246933853,false,1785246933893,FastAccept
1785246933869,true,1785246933909,FastAccept
1785246933886,false,1785246933926,FastAccept
1785246933902,false,1785246933942,FastAccept
1785246933919,false,1785246933959,FastAccept
1785246933935,true,1785246933975,FastAccept
1785246933952,true,1785246933992,FastAccept
1785246933969,true,1785246934009,FastAccept
1785246933986,true,1785246934026,FastAccept
1785246934003,false,1785246934044,FastAccept
1785246934021,true,1785246934061,FastAccept
1785246934039,true,1785246934080,FastAccept
1785246934057,true,1785246934096,FastAccept
1785246934076,false,1785246934116,FastAccept
1785246934093,false,1785246934133,FastAccept
1785246934111,false,1785246934151,FastAccept
1785246934130,true,1785246934169,FastAccept
1785246934148,true,1785246934221,LeaderAccept
1785246934166,false,1785246934234,LeaderAccept
1785246934184,false,1785246934234,LeaderAccept
1785246934203,true,1785246934255,LeaderAccept
1785246934222,true,1785246934275,LeaderAccept
1785246934241,true,1785246934296,LeaderAccept
1785246934261,true,1785246934317,LeaderAccept
1785246934281,false,1785246934337,LeaderAccept
1785246934301,true,1785246934358,LeaderAccept
1785246934321,false,1785246934378,LeaderAccept
1785246934341,false,1785246934399,LeaderAccept
1785246934362,true,1785246934419,LeaderAccept
1785246934382,false,1785246934440,LeaderAccept
1785246934403,false,1785246934461,LeaderAccept
1785246934424,false,1785246934481,LeaderAccept
1785246934446,true,1785246934502,LeaderAccept
1785246934468,true,1785246934522,LeaderAccept
1785246934489,false,1785246934543,LeaderAccept
1785246934511,false,1785246934563,LeaderAccept
1785246934533,true,1785246934584,LeaderAccept
1785246934556,false,1785246934606,LeaderAccept
1785246934578,false,1785246934628,LeaderAccept
1785246934601,true,1785246934651,LeaderAccept
1785246934624,true,1785246934675,LeaderAccept
1785246934648,false,1785246934697,LeaderAccept
1785246934671,true,1785246934721,LeaderAccept
1785246934695,true,1785246934746,LeaderAccept
1785246934719,false,1785246934769,LeaderAccept
1785246934743,false,1785246934793,LeaderAccept
1785246934767,true,1785246934817,LeaderAccept
1785246934792,true,1785246934843,LeaderAccept
1785246934817,false,1785246934867,LeaderAccept
1785246934842,true,1785246934893,LeaderAccept
1785246934867,false,1785246934918,LeaderAccept
1785246934893,false,1785246934943,LeaderAccept
1785246934919,false,1785246934969,LeaderAccept
1785246934945,false,1785246934996,LeaderAccept
1785246934972,true,1785246935022,LeaderAccept
1785246935000,true,1785246935051,LeaderAccept
1785246935028,true,1785246935079,LeaderAccept
1785246935057,false,1785246935107,LeaderAccept
1785246935086,true,1785246935137,LeaderAccept
1785246935115,true,1785246935165,LeaderAccept
1785246935144,true,1785246935194,LeaderAccept
1785246935174,true,1785246935214,FastAccept
1785246935204,false,1785246935245,FastAccept
1785246935235,true,1785246935275,FastAccept
1785246935266,true,1785246935306,FastAccept
1785246935297,true,1785246935338,FastAccept
1785246935330,false,1785246935371,FastAccept
1785246935363,true,1785246935403,FastAccept
1785246935396,false,1785246935436,FastAccept
1785246935431,false,1785246935471,FastAccept
1785246935465,true,1785246935505,FastAccept
1785246935499,true,1785246935539,FastAccept
1785246935534,false,1785246935574,FastAccept
1785246935570,false,1785246935611,FastAccept
1785246935608,true,1785246935648,FastAccept
1785246935645,true,1785246935685,FastAccept
1785246935683,false,1785246935723,FastAccept
1785246935721,false,1785246935761,FastAccept
1785246935760,true,1785246935800,FastAccept
1785246935800,true,1785246935840,FastAccept
1785246935841,true,1785246935881,FastAccept
1785246935883,false,1785246935923,FastAccept
1785246935925,true,1785246935966,FastAccept
1785246935969,false,1785246936009,FastAccept
1785246936013,false,1785246936053,FastAccept
1785246936058,false,1785246936099,FastAccept
1785246936105,true,1785246936146,FastAccept
1785246936153,true,1785246936193,FastAccept
1785246936200,true,1785246936241,FastAccept
1785246936250,true,1785246936290,FastAccept
1785246936300,false,1785246936340,FastAccept
1785246936352,true,1785246936392,FastAccept
1785246936405,true,1785246936445,FastAccept
1785246936460,true,1785246936500,FastAccept
1785246936516,true,1785246936556,FastAccept
1785246936574,false,1785246936614,FastAccept
1785246936635,false,1785246936674,FastAccept
1785246936696,false,1785246936737,FastAccept
1785246936760,false,1785246936800,FastAccept
1785246936825,false,1785246936865,FastAccept
1785246936893,true,1785246936933,FastAccept
1785246936963,true,1785246937019,LeaderAccept
1785246937036,true,1785246937086,LeaderAccept
1785246937111,true,1785246937171,LeaderAccept
1785246937188,false,1785246937254,LeaderAccept
1785246937269,true,1785246937320,LeaderAccept
1785246937353,false,1785246937403,LeaderAccept
1785246937441,false,1785246937491,LeaderAccept
1785246937532,true,1785246937591,LeaderAccept
1785246937628,true,1785246937678,LeaderAccept
1785246937728,false,1785246937777,LeaderAccept
1785246937833,false,1785246937889,LeaderAccept
1785246937944,false,1785246938011,SlowAccept
1785246938061,false,1785246938111,LeaderAccept
1785246938185,true,1785246938246,LeaderAccept
1785246938318,true,1785246938369,LeaderAccept
1785246938459,true,1785246938519,LeaderAccept
1785246938610,false,1785246938670,LeaderAccept
1785246938773,true,1785246938829,LeaderAccept
1785246938950,false,1785246939011,LeaderAccept
1785246939144,false,1785246939185,FastAccept
1785246939357,true,1785246939407,LeaderAccept
1785246939593,false,1785246939648,LeaderAccept
1785246939859,true,1785246939930,LeaderAccept
1785246940162,false,1785246940269,LeaderAccept
1785246940515,true,1785246940569,FastAccept
1785246940936,false,1785246941015,LeaderAccept
1785246941455,true,1785246941529,LeaderAccept
1785246942128,true,1785246942169,FastAccept
1785246943070,true,1785246943111,FastAccept
1785246944578,true,1785246944618,FastAccept
1785246947587,true,1785246947639,LeaderAccept
1785246947615,true,1785246947665,LeaderAccept
1785246947643,false,1785246947693,LeaderAccept
1785246947671,true,1785246947721,LeaderAccept
1785246947700,true,1785246947750,LeaderAccept
1785246947729,false,1785246947781,LeaderAccept
1785246947759,true,1785246947809,LeaderAccept
1785246947789,true,1785246947844,LeaderAccept
1785246947820,false,1785246947870,LeaderAccept
1785246947851,false,1785246947909,LeaderAccept
1785246947883,false,1785246947932,LeaderAccept
1785246947915,true,1785246947983,LeaderAccept
1785246947947,true,1785246948002,LeaderAccept
1785246947980,false,1785246948030,LeaderAccept
1785246948014,false,1785246948071,LeaderAccept
1785246948048,true,1785246948098,LeaderAccept
1785246948083,true,1785246948148,LeaderAccept
1785246948118,false,1785246948168,LeaderAccept
1785246948154,false,1785246948224,SlowAccept
1785246948191,true,1785246948244,LeaderAccept
1785246948229,false,1785246948302,SlowAccept
1785246948267,false,1785246948322,LeaderAccept
1785246948306,false,1785246948357,LeaderAccept
1785246948346,true,1785246948405,LeaderAccept
1785246948387,false,1785246948437,LeaderAccept
1785246948428,false,1785246948495,LeaderAccept
1785246948470,false,1785246948520,LeaderAccept
1785246948513,true,1785246948583,SlowAccept
1785246948557,false,1785246948608,LeaderAccept
1785246948601,false,1785246948655,FastAccept
1785246948647,false,1785246948697,LeaderAccept
1785246948693,false,1785246948743,LeaderAccept
1785246948741,true,1785246948809,LeaderAccept
1785246948789,false,1785246948840,LeaderAccept
1785246948839,false,1785246948914,SlowAccept
1785246948890,false,1785246948941,LeaderAccept
1785246948942,true,1785246948981,FastAccept
1785246948995,true,1785246949054,LeaderAccept
1785246949050,true,1785246949101,LeaderAccept
1785246949107,true,1785246949176,LeaderAccept
1785246949165,false,1785246949216,LeaderAccept
1785246949225,true,1785246949278,FastAccept
1785246949286,false,1785246949340,LeaderAccept
1785246949349,false,1785246949390,FastAccept
1785246949415,true,1785246949482,LeaderAccept
1785246949483,false,1785246949524,FastAccept
1785246949553,true,1785246949626,SlowAccept
1785246949625,false,1785246949676,LeaderAccept
1785246949700,false,1785246949740,FastAccept
1785246949778,true,1785246949830,LeaderAccept
1785246949859,false,1785246949900,FastAccept
1785246949944,false,1785246950010,LeaderAccept
1785246950032,true,1785246950072,FastAccept
1785246950124,true,1785246950177,FastAccept
1785246950220,true,1785246950260,FastAccept
1785246950321,false,1785246950361,FastAccept
1785246950427,false,1785246950477,LeaderAccept
1785246950539,true,1785246950579,FastAccept
1785246950657,false,1785246950716,LeaderAccept
1785246950782,true,1785246950823,FastAccept
1785246950916,true,1785246950956,FastAccept
1785246951059,false,1785246951128,LeaderAccept
1785246951211,true,1785246951288,LeaderAccept
1785246951375,false,1785246951430,LeaderAccept
1785246951553,false,1785246951593,FastAccept
1785246951748,true,1785246951803,LeaderAccept
1785246951962,true,1785246952016,FastAccept
1785246952202,false,1785246952243,FastAccept
1785246952472,true,1785246952531,LeaderAccept
1785246952781,false,1785246952834,FastAccept
1785246953141,false,1785246953181,FastAccept
1785246953572,false,1785246953623,LeaderAccept
1785246954105,false,1785246954164,LeaderAccept
1785246954802,false,1785246954856,SlowAccept
1785246955787,true,1785246955837,LeaderAccept
1785246957400,false,1785246957464,LeaderAccept
1785246961010,true,1785246961050,FastAccept
1785246974994,true,1785246975047,FastAccept
1785246975023,false,1785246975094,SlowAccept
1785246975052,true,1785246975119,LeaderAccept
1785246975081,false,1785246975145,LeaderAccept
1785246975111,true,1785246975165,LeaderAccept
1785246975142,false,1785246975244,LeaderAccept
1785246975173,false,1785246975234,SlowAccept
1785246975205,true,1785246975260,LeaderAccept
1785246975236,true,1785246975296,SlowAccept
1785246975269,false,1785246975322,LeaderAccept
1785246975302,false,1785246975377,LeaderAccept
1785246975335,true,1785246975398,LeaderAccept
1785246975369,false,1785246975425,LeaderAccept
1785246975403,true,1785246975471,LeaderAccept
1785246975438,true,1785246975497,LeaderAccept
1785246975473,false,1785246975543,SlowAccept
1785246975509,true,1785246975569,LeaderAccept
1785246975546,true,1785246975623,LeaderAccept
1785246975584,true,1785246975695,LeaderAccept
1785246975623,true,1785246975695,SlowAccept
1785246975662,true,1785246975715,LeaderAccept
1785246975702,true,1785246975762,LeaderAccept
1785246975743,true,1785246975810,LeaderAccept
1785246975786,false,1785246975835,LeaderAccept
1785246975828,false,1785246975882,FastAccept
1785246975871,false,1785246975928,LeaderAccept
1785246975915,true,1785246975968,LeaderAccept
1785246975960,false,1785246976000,FastAccept
1785246976006,false,1785246976070,LeaderAccept
1785246976053,true,1785246976114,LeaderAccept
1785246976101,true,1785246976154,FastAccept
1785246976150,true,1785246976206,LeaderAccept
1785246976201,true,1785246976251,LeaderAccept
1785246976252,true,1785246976293,FastAccept
1785246976306,true,1785246976367,LeaderAccept
1785246976361,true,1785246976431,LeaderAccept
1785246976417,true,1785246976470,FastAccept
1785246976475,true,1785246976515,FastAccept
1785246976534,true,1785246976574,FastAccept
1785246976595,true,1785246976635,FastAccept
1785246976658,false,1785246976698,FastAccept
1785246976723,true,1785246976790,LeaderAccept
1785246976790,true,1785246976843,FastAccept
1785246976859,false,1785246976899,FastAccept
1785246976931,true,1785246976971,FastAccept
1785246977005,true,1785246977045,FastAccept
1785246977082,false,1785246977122,FastAccept
1785246977162,false,1785246977223,LeaderAccept
1785246977245,true,1785246977299,FastAccept
1785246977332,false,1785246977372,FastAccept
1785246977422,false,1785246977462,FastAccept
1785246977517,true,1785246977557,FastAccept
1785246977616,false,1785246977657,FastAccept
1785246977720,false,1785246977760,FastAccept
1785246977829,true,1785246977891,SlowAccept
1785246977945,true,1785246977985,FastAccept
1785246978067,false,1785246978107,FastAccept
1785246978197,false,1785246978237,FastAccept
1785246978335,true,1785246978376,FastAccept
1785246978484,true,1785246978525,FastAccept
1785246978644,false,1785246978711,LeaderAccept
1785246978817,true,1785246978858,FastAccept
1785246979006,true,1785246979047,FastAccept
1785246979213,true,1785246979253,FastAccept
1785246979443,true,1785246979483,FastAccept
1785246979700,false,1785246979741,FastAccept
1785246979993,false,1785246980034,FastAccept
1785246980332,true,1785246980372,FastAccept
1785246980733,false,1785246980773,FastAccept
1785246981222,true,1785246981262,FastAccept
1785246981847,true,1785246981887,FastAccept
1785246982701,true,1785246982761,LeaderAccept
1785246984009,true,1785246984061,LeaderAccept
1785246986524,false,1785246986564,FastAccept
1785246995367,false,1785246995423,LeaderAccept
1785247007070,false,1785247007111,FastAccept
1785247007094,false,1785247007135,FastAccept
1785247007119,true,1785247007159,FastAccept
1785247007144,true,1785247007185,FastAccept
1785247007170,true,1785247007211,FastAccept
1785247007196,false,1785247007236,FastAccept
1785247007222,true,1785247007262,FastAccept
1785247007249,false,1785247007289,FastAccept
1785247007276,true,1785247007316,FastAccept
1785247007303,true,1785247007343,FastAccept
1785247007330,false,1785247007370,FastAccept
1785247007358,true,1785247007399,FastAccept
1785247007386,false,1785247007426,FastAccept
1785247007415,true,1785247007455,FastAccept
1785247007444,true,1785247007484,FastAccept
1785247007474,true,1785247007514,FastAccept
1785247007504,false,1785247007543,FastAccept
1785247007534,true,1785247007574,FastAccept
1785247007564,true,1785247007604,FastAccept
1785247007595,false,1785247007636,FastAccept
1785247007628,true,1785247007668,FastAccept
1785247007660,true,1785247007700,FastAccept
1785247007693,true,1785247007733,FastAccept
1785247007726,true,1785247007766,FastAccept
1785247007759,false,1785247007799,FastAccept
1785247007793,true,1785247007833,FastAccept
1785247007828,false,1785247007868,FastAccept
1785247007864,false,1785247007904,FastAccept
1785247007899,false,1785247007938,FastAccept
1785247007935,true,1785247007975,FastAccept
1785247007972,false,1785247008012,FastAccept
1785247008009,true,1785247008050,FastAccept
1785247008048,false,1785247008088,FastAccept
1785247008087,true,1785247008127,FastAccept
1785247008127,true,1785247008168,FastAccept
1785247008168,false,1785247008208,FastAccept
1785247008209,false,1785247008249,FastAccept
1785247008251,true,1785247008291,FastAccept
1785247008294,true,1785247008334,FastAccept
1785247008338,false,1785247008378,FastAccept
1785247008383,true,1785247008423,FastAccept
1785247008429,false,1785247008469,FastAccept
1785247008476,false,1785247008517,FastAccept
1785247008525,false,1785247008565,FastAccept
1785247008574,true,1785247008614,FastAccept
1785247008625,true,1785247008685,LeaderAccept
1785247008677,false,1785247008732,LeaderAccept
1785247008730,true,1785247008786,LeaderAccept
1785247008784,true,1785247008838,LeaderAccept
1785247008840,false,1785247008898,LeaderAccept
1785247008898,true,1785247008958,LeaderAccept
1785247008957,true,1785247009016,LeaderAccept
1785247009018,false,1785247009072,LeaderAccept
1785247009081,false,1785247009131,LeaderAccept
1785247009146,true,1785247009203,LeaderAccept
1785247009213,false,1785247009266,LeaderAccept
1785247009283,true,1785247009334,LeaderAccept
1785247009355,false,1785247009443,LeaderAccept
1785247009429,false,1785247009511,LeaderAccept
1785247009506,true,1785247009572,LeaderAccept
1785247009587,true,1785247009653,LeaderAccept
1785247009670,false,1785247009729,LeaderAccept
1785247009756,true,1785247009808,LeaderAccept
1785247009846,false,1785247009909,LeaderAccept
1785247009941,true,1785247010006,LeaderAccept
1785247010040,true,1785247010099,LeaderAccept
1785247010144,false,1785247010204,LeaderAccept
1785247010253,true,1785247010307,FastAccept
1785247010369,false,1785247010429,SlowAccept
1785247010491,true,1785247010543,LeaderAccept
1785247010621,false,1785247010674,FastAccept
1785247010760,true,1785247010820,SlowAccept
1785247010909,true,1785247010960,LeaderAccept
1785247011070,false,1785247011123,FastAccept
1785247011244,true,1785247011300,LeaderAccept
1785247011433,false,1785247011474,FastAccept
1785247011641,false,1785247011714,SlowAccept
1785247011872,false,1785247011922,LeaderAccept
1785247012132,false,1785247012172,FastAccept
1785247012426,true,1785247012479,FastAccept
1785247012766,true,1785247012816,LeaderAccept
1785247013169,false,1785247013209,FastAccept
1785247013662,false,1785247013702,FastAccept
1785247014293,true,1785247014333,FastAccept
1785247015158,false,1785247015199,FastAccept
1785247016491,true,1785247016531,FastAccept
1785247019083,true,1785247019124,FastAccept
1785247028555,true,1785247028608,LeaderAccept
1785247051361,true,1785247051402,FastAccept
1785247051390,true,1785247051430,FastAccept
1785247051419,true,1785247051459,FastAccept
1785247051448,true,1785247051488,FastAccept
1785247051478,false,1785247051518,FastAccept
1785247051509,false,1785247051548,FastAccept
1785247051539,false,1785247051579,FastAccept
1785247051571,true,1785247051612,FastAccept
1785247051603,false,1785247051643,FastAccept
1785247051635,false,1785247051675,FastAccept
1785247051668,true,1785247051709,FastAccept
1785247051702,true,1785247051743,FastAccept
1785247051736,true,1785247051777,FastAccept
1785247051770,false,1785247051811,FastAccept
1785247051805,false,1785247051845,FastAccept
1785247051840,false,1785247051879,FastAccept
1785247051876,false,1785247051916,FastAccept
1785247051914,true,1785247051953,FastAccept
1785247051952,false,1785247051992,FastAccept
1785247051990,false,1785247052030,FastAccept
1785247052029,false,1785247052069,FastAccept
1785247052069,true,1785247052109,FastAccept
1785247052109,true,1785247052149,FastAccept
1785247052150,false,1785247052191,FastAccept
1785247052192,false,1785247052231,FastAccept
1785247052235,true,1785247052275,FastAccept
1785247052278,false,1785247052318,FastAccept
1785247052323,false,1785247052363,FastAccept
1785247052369,false,1785247052409,FastAccept
1785247052415,false,1785247052455,FastAccept
1785247052463,true,1785247052504,FastAccept
1785247052512,true,1785247052552,FastAccept
1785247052562,false,1785247052603,FastAccept
1785247052614,false,1785247052654,FastAccept
1785247052667,true,1785247052707,FastAccept
1785247052721,false,1785247052761,FastAccept
1785247052776,false,1785247052816,FastAccept
1785247052833,true,1785247052873,FastAccept
1785247052892,true,1785247052933,FastAccept
1785247052953,true,1785247052994,FastAccept
1785247053015,true,1785247053056,FastAccept
1785247053079,true,1785247053119,FastAccept
1785247053146,false,1785247053186,FastAccept
1785247053214,true,1785247053254,FastAccept
1785247053285,false,1785247053325,FastAccept
1785247053358,true,1785247053398,FastAccept
1785247053434,true,1785247053474,FastAccept
1785247053514,false,1785247053554,FastAccept
1785247053596,false,1785247053636,FastAccept
1785247053682,false,1785247053722,FastAccept
1785247053771,false,1785247053811,FastAccept
1785247053864,false,1785247053904,FastAccept
1785247053961,true,1785247054001,FastAccept
1785247054063,true,1785247054104,FastAccept
1785247054172,true,1785247054212,FastAccept
1785247054285,true,1785247054326,FastAccept
1785247054405,false,1785247054445,FastAccept
1785247054532,true,1785247054572,FastAccept
1785247054667,false,1785247054723,LeaderAccept
1785247054812,false,1785247054878,LeaderAccept
1785247054969,true,1785247055032,LeaderAccept
1785247055137,false,1785247055194,LeaderAccept
1785247055320,true,1785247055396,LeaderAccept
1785247055520,true,1785247055586,LeaderAccept
1785247055741,true,1785247055798,LeaderAccept
1785247055989,true,1785247056045,LeaderAccept
1785247056269,false,1785247056342,SlowAccept
1785247056591,false,1785247056650,SlowAccept
1785247056968,true,1785247057025,LeaderAccept
1785247057424,false,1785247057479,LeaderAccept
1785247057996,true,1785247058057,LeaderAccept
1785247058758,false,1785247058798,FastAccept
1785247059872,false,1785247059923,LeaderAccept
1785247061816,false,1785247061874,LeaderAccept
1785247066948,true,1785247066989,FastAccept
1785247096593,true,1785247096633,FastAccept
1785247096613,true,1785247096654,FastAccept
1785247096633,true,1785247096673,FastAccept
1785247096653,false,1785247096693,FastAccept
1785247096674,false,1785247096715,FastAccept
1785247096695,true,1785247096735,FastAccept
1785247096716,true,1785247096756,FastAccept
1785247096737,false,1785247096779,FastAccept
1785247096759,true,1785247096799,FastAccept
1785247096781,false,1785247096821,FastAccept
1785247096802,false,1785247096842,FastAccept
1785247096824,false,1785247096864,FastAccept
1785247096846,false,1785247096886,FastAccept
1785247096869,true,1785247096909,FastAccept
1785247096891,true,1785247096932,FastAccept
1785247096914,true,1785247096954,FastAccept
1785247096937,false,1785247096977,FastAccept
1785247096960,true,1785247097001,FastAccept
1785247096984,true,1785247097024,FastAccept
1785247097008,false,1785247097048,FastAccept
1785247097032,false,1785247097073,FastAccept
1785247097057,false,1785247097098,FastAccept
1785247097082,false,1785247097122,FastAccept
1785247097107,false,1785247097147,FastAccept
1785247097132,true,1785247097172,FastAccept
1785247097157,false,1785247097198,FastAccept
1785247097183,true,1785247097223,FastAccept
1785247097209,false,1785247097249,FastAccept
1785247097235,true,1785247097275,FastAccept
1785247097262,true,1785247097303,FastAccept
1785247097290,true,1785247097330,FastAccept
1785247097318,true,1785247097358,FastAccept
1785247097346,true,1785247097386,FastAccept
1785247097374,true,1785247097414,FastAccept
1785247097403,true,1785247097443,FastAccept
1785247097432,false,1785247097472,FastAccept
1785247097462,false,1785247097502,FastAccept
1785247097492,true,1785247097532,FastAccept
1785247097522,false,1785247097562,FastAccept
1785247097553,false,1785247097594,FastAccept
1785247097585,true,1785247097624,FastAccept
1785247097616,false,1785247097656,FastAccept
1785247097648,false,1785247097688,FastAccept
1785247097681,true,1785247097721,FastAccept
1785247097714,false,1785247097754,FastAccept
1785247097748,true,1785247097788,FastAccept
1785247097783,false,1785247097823,FastAccept
1785247097818,false,1785247097858,FastAccept
1785247097854,false,1785247097894,FastAccept
1785247097890,true,1785247097930,FastAccept
1785247097927,true,1785247097968,FastAccept
1785247097965,false,1785247098006,FastAccept
1785247098004,false,1785247098045,FastAccept
1785247098043,false,1785247098083,FastAccept
1785247098083,false,1785247098124,FastAccept
1785247098124,true,1785247098165,FastAccept
1785247098165,false,1785247098204,FastAccept
1785247098206,false,1785247098246,FastAccept
1785247098249,true,1785247098290,FastAccept
1785247098293,true,1785247098334,FastAccept
1785247098338,true,1785247098379,FastAccept
1785247098384,false,1785247098424,FastAccept
1785247098431,true,1785247098471,FastAccept
1785247098479,false,1785247098519,FastAccept
1785247098528,false,1785247098568,FastAccept
1785247098578,true,1785247098618,FastAccept
1785247098629,false,1785247098670,FastAccept
1785247098682,true,1785247098722,FastAccept
1785247098736,false,1785247098775,FastAccept
1785247098791,false,1785247098903,LeaderAccept
1785247098848,false,1785247098903,LeaderAccept
1785247098907,false,1785247098981,LeaderAccept
1785247098968,true,1785247099028,LeaderAccept
1785247099030,true,1785247099103,LeaderAccept
1785247099095,true,1785247099145,LeaderAccept
1785247099161,false,1785247099233,LeaderAccept
1785247099230,false,1785247099286,LeaderAccept
1785247099301,true,1785247099359,LeaderAccept
1785247099374,false,1785247099415,FastAccept
1785247099451,false,1785247099492,FastAccept
1785247099530,false,1785247099584,FastAccept
1785247099612,false,1785247099665,FastAccept
1785247099698,false,1785247099758,SlowAccept
1785247099788,true,1785247099861,LeaderAccept
1785247099881,false,1785247099951,LeaderAccept
1785247099979,true,1785247100020,FastAccept
1785247100082,true,1785247100122,FastAccept
1785247100190,false,1785247100230,FastAccept
1785247100304,true,1785247100345,FastAccept
1785247100425,true,1785247100466,FastAccept
1785247100553,true,1785247100607,FastAccept
1785247100690,false,1785247100751,SlowAccept
1785247100836,true,1785247100903,LeaderAccept
1785247100993,true,1785247101052,LeaderAccept
1785247101162,false,1785247101202,FastAccept
1785247101347,true,1785247101387,FastAccept
1785247101549,false,1785247101590,FastAccept
1785247101773,false,1785247101813,FastAccept
1785247102023,false,1785247102063,FastAccept
1785247102306,true,1785247102367,LeaderAccept
1785247102633,true,1785247102689,LeaderAccept
1785247103017,true,1785247103112,LeaderAccept
1785247103482,true,1785247103542,LeaderAccept
1785247104068,true,1785247104128,SlowAccept
1785247104854,true,1785247104914,SlowAccept
1785247106017,false,1785247106057,FastAccept
1785247108097,true,1785247108138,FastAccept
1785247113167,false,1785247113207,FastAccept
1785247113192,false,1785247113233,FastAccept
1785247113217,false,1785247113257,FastAccept
1785247113243,true,1785247113283,FastAccept
1785247113269,false,1785247113309,FastAccept
1785247113294,false,1785247113335,FastAccept
1785247113320,false,1785247113361,FastAccept
1785247113347,false,1785247113387,FastAccept
1785247113374,true,1785247113414,FastAccept
1785247113401,false,1785247113454,FastAccept
1785247113428,false,1785247113500,SlowAccept
1785247113456,true,1785247113526,SlowAccept
1785247113484,false,1785247113558,LeaderAccept
1785247113513,false,1785247113578,LeaderAccept
1785247113542,false,1785247113599,LeaderAccept
1785247113572,true,1785247113622,LeaderAccept
1785247113602,false,1785247113642,FastAccept
1785247113632,false,1785247113672,FastAccept
1785247113663,false,1785247113703,FastAccept
1785247113694,false,1785247113734,FastAccept
1785247113726,false,1785247113767,FastAccept
1785247113760,true,1785247113800,FastAccept
1785247113792,true,1785247113832,FastAccept
1785247113826,false,1785247113866,FastAccept
1785247113859,false,1785247113900,FastAccept
1785247113894,false,1785247113934,FastAccept
1785247113929,true,1785247113969,FastAccept
1785247113964,true,1785247114004,FastAccept
1785247114000,true,1785247114041,FastAccept
1785247114037,true,1785247114077,FastAccept
1785247114075,true,1785247114115,FastAccept
1785247114113,false,1785247114153,FastAccept
1785247114152,false,1785247114192,FastAccept
1785247114192,false,1785247114232,FastAccept
1785247114232,false,1785247114272,FastAccept
1785247114273,false,1785247114313,FastAccept
1785247114315,false,1785247114355,FastAccept
1785247114357,false,1785247114398,FastAccept
1785247114401,false,1785247114441,FastAccept
1785247114446,false,1785247114486,FastAccept
1785247114492,false,1785247114532,FastAccept
1785247114538,true,1785247114578,FastAccept
1785247114587,true,1785247114627,FastAccept
1785247114636,false,1785247114676,FastAccept
1785247114686,false,1785247114727,FastAccept
1785247114738,false,1785247114778,FastAccept
1785247114790,true,1785247114830,FastAccept
1785247114844,false,1785247114885,FastAccept
1785247114900,true,1785247114940,FastAccept
1785247114957,true,1785247114998,FastAccept
1785247115016,true,1785247115056,FastAccept
1785247115076,true,1785247115133,LeaderAccept
1785247115139,true,1785247115195,LeaderAccept
1785247115203,false,1785247115259,LeaderAccept
1785247115270,false,1785247115325,LeaderAccept
1785247115338,true,1785247115397,LeaderAccept
1785247115408,true,1785247115475,LeaderAccept
1785247115482,true,1785247115549,LeaderAccept
1785247115558,true,1785247115625,LeaderAccept
1785247115637,false,1785247115704,LeaderAccept
1785247115719,true,1785247115788,LeaderAccept
1785247115804,false,1785247115875,SlowAccept
1785247115893,false,1785247115964,SlowAccept
1785247115985,true,1785247116059,SlowAccept
1785247116082,false,1785247116136,FastAccept
1785247116185,false,1785247116238,FastAccept
1785247116292,true,1785247116333,FastAccept
1785247116406,false,1785247116447,FastAccept
1785247116526,false,1785247116566,FastAccept
1785247116653,false,1785247116694,FastAccept
1785247116788,false,1785247116828,FastAccept
1785247116933,true,1785247116974,FastAccept
1785247117089,false,1785247117129,FastAccept
1785247117257,false,1785247117307,LeaderAccept
1785247117440,false,1785247117490,LeaderAccept
1785247117640,false,1785247117702,SlowAccept
1785247117861,true,1785247117913,LeaderAccept
1785247118108,true,1785247118158,LeaderAccept
1785247118387,false,1785247118437,LeaderAccept
1785247118706,true,1785247118771,LeaderAccept
1785247119082,false,1785247119161,LeaderAccept
1785247119535,true,1785247119589,LeaderAccept
1785247120104,true,1785247120165,LeaderAccept
1785247120859,true,1785247120900,FastAccept
1785247121960,true,1785247122000,FastAccept
1785247123868,true,1785247123909,FastAccept
1785247128820,false,1785247128861,FastAccept
1785247136553,false,1785247136593,FastAccept
1785247136571,true,1785247136612,FastAccept
1785247136589,true,1785247136628,FastAccept
1785247136607,false,1785247136647,FastAccept
1785247136625,true,1785247136665,FastAccept
1785247136643,true,1785247136683,FastAccept
1785247136661,true,1785247136701,FastAccept
1785247136680,false,1785247136720,FastAccept
1785247136699,false,1785247136739,FastAccept
1785247136718,false,1785247136785,LeaderAccept
1785247136737,true,1785247136805,LeaderAccept
1785247136756,false,1785247136806,LeaderAccept
1785247136775,true,1785247136826,LeaderAccept
1785247136794,false,1785247136846,LeaderAccept
1785247136813,true,1785247136867,LeaderAccept
1785247136833,false,1785247136888,LeaderAccept
1785247136853,true,1785247136908,LeaderAccept
1785247136874,false,1785247136930,LeaderAccept
1785247136894,true,1785247136950,LeaderAccept
1785247136914,true,1785247136970,LeaderAccept
1785247136934,true,1785247136991,LeaderAccept
1785247136955,true,1785247137033,SlowAccept
1785247136976,false,1785247137033,LeaderAccept
1785247136998,true,1785247137054,LeaderAccept
1785247137020,true,1785247137074,LeaderAccept
1785247137042,true,1785247137095,LeaderAccept
1785247137065,false,1785247137116,LeaderAccept
1785247137087,true,1785247137138,LeaderAccept
1785247137110,false,1785247137161,LeaderAccept
1785247137133,true,1785247137184,LeaderAccept
1785247137156,false,1785247137207,LeaderAccept
1785247137179,false,1785247137230,LeaderAccept
1785247137202,false,1785247137252,LeaderAccept
1785247137226,true,1785247137282,LeaderAccept
1785247137250,true,1785247137303,LeaderAccept
1785247137274,false,1785247137325,LeaderAccept
1785247137300,true,1785247137350,LeaderAccept
1785247137324,false,1785247137376,LeaderAccept
1785247137349,false,1785247137401,LeaderAccept
1785247137375,true,1785247137426,LeaderAccept
1785247137401,true,1785247137452,LeaderAccept
1785247137427,true,1785247137478,LeaderAccept
1785247137454,false,1785247137505,LeaderAccept
1785247137481,true,1785247137531,LeaderAccept
1785247137508,false,1785247137559,LeaderAccept
1785247137536,false,1785247137587,LeaderAccept
1785247137565,false,1785247137615,LeaderAccept
1785247137593,false,1785247137644,LeaderAccept
1785247137622,true,1785247137673,LeaderAccept
1785247137651,false,1785247137702,LeaderAccept
1785247137681,true,1785247137732,LeaderAccept
1785247137711,false,1785247137751,FastAccept
1785247137742,false,1785247137782,FastAccept
1785247137773,true,1785247137813,FastAccept
1785247137804,true,1785247137845,FastAccept
1785247137836,true,1785247137876,FastAccept
1785247137868,false,1785247137908,FastAccept
1785247137901,false,1785247137941,FastAccept
1785247137934,false,1785247138004,SlowAccept
1785247137968,true,1785247138025,LeaderAccept
1785247138002,true,1785247138053,LeaderAccept
1785247138037,false,1785247138078,FastAccept
1785247138073,false,1785247138113,FastAccept
1785247138109,false,1785247138149,FastAccept
1785247138146,false,1785247138186,FastAccept
1785247138184,false,1785247138225,FastAccept
1785247138223,false,1785247138262,FastAccept
1785247138261,true,1785247138301,FastAccept
1785247138300,true,1785247138340,FastAccept
1785247138340,false,1785247138381,FastAccept
1785247138382,true,1785247138436,FastAccept
1785247138424,false,1785247138477,LeaderAccept
1785247138466,false,1785247138506,FastAccept
1785247138509,false,1785247138550,FastAccept
1785247138554,true,1785247138594,FastAccept
1785247138600,true,1785247138640,FastAccept
1785247138646,true,1785247138686,FastAccept
1785247138694,false,1785247138735,FastAccept
1785247138743,true,1785247138783,FastAccept
1785247138793,true,1785247138833,FastAccept
1785247138844,false,1785247138884,FastAccept
1785247138897,false,1785247138939,FastAccept
1785247138951,true,1785247139022,SlowAccept
1785247139006,true,1785247139047,FastAccept
1785247139063,false,1785247139104,FastAccept
1785247139122,false,1785247139163,FastAccept
1785247139183,true,1785247139224,FastAccept
1785247139245,false,1785247139286,FastAccept
1785247139309,false,1785247139350,FastAccept
1785247139375,false,1785247139415,FastAccept
1785247139443,false,1785247139484,FastAccept
1785247139514,true,1785247139555,FastAccept
1785247139587,false,1785247139628,FastAccept
1785247139663,true,1785247139703,FastAccept
1785247139741,true,1785247139781,FastAccept
1785247139823,true,1785247139864,FastAccept
1785247139909,true,1785247139950,FastAccept
1785247139998,false,1785247140038,FastAccept
1785247140091,false,1785247140131,FastAccept
1785247140189,false,1785247140230,FastAccept
1785247140291,true,1785247140331,FastAccept
1785247140398,false,1785247140438,FastAccept
1785247140512,true,1785247140552,FastAccept
1785247140632,false,1785247140672,FastAccept
1785247140758,true,1785247140798,FastAccept
1785247140893,true,1785247140933,FastAccept
1785247141037,false,1785247141078,FastAccept
1785247141192,true,1785247141259,LeaderAccept
1785247141360,false,1785247141419,LeaderAccept
1785247141542,true,1785247141602,LeaderAccept
1785247141741,true,1785247141792,LeaderAccept
1785247141961,false,1785247142001,FastAccept
1785247142206,false,1785247142265,LeaderAccept
1785247142483,false,1785247142523,FastAccept
1785247142802,false,1785247142842,FastAccept
1785247143175,false,1785247143233,LeaderAccept
1785247143625,true,1785247143684,LeaderAccept
1785247144188,true,1785247144248,LeaderAccept
1785247144934,false,1785247144985,LeaderAccept
1785247146016,false,1785247146088,SlowAccept
1785247147873,false,1785247147914,FastAccept
1785247152572,true,1785247152641,LeaderAccept
1785247183804,true,1785247183844,FastAccept
1785247183824,false,1785247183865,FastAccept
1785247183844,false,1785247183884,FastAccept
1785247183864,true,1785247183905,FastAccept
1785247183884,false,1785247183924,FastAccept
1785247183905,true,1785247183945,FastAccept
1785247183926,false,1785247183967,FastAccept
1785247183948,true,1785247183988,FastAccept
1785247183969,true,1785247184010,FastAccept
1785247183991,false,1785247184031,FastAccept
1785247184013,true,1785247184110,LeaderAccept
1785247184035,true,1785247184110,SlowAccept
1785247184058,false,1785247184110,LeaderAccept
1785247184080,false,1785247184131,LeaderAccept
1785247184103,false,1785247184154,LeaderAccept
1785247184126,true,1785247184176,LeaderAccept
1785247184149,true,1785247184200,LeaderAccept
1785247184173,false,1785247184224,LeaderAccept
1785247184197,true,1785247184247,LeaderAccept
1785247184221,true,1785247184272,LeaderAccept
1785247184245,false,1785247184296,LeaderAccept
1785247184271,true,1785247184321,LeaderAccept
1785247184295,true,1785247184347,LeaderAccept
1785247184320,true,1785247184371,LeaderAccept
1785247184346,true,1785247184397,LeaderAccept
1785247184372,true,1785247184423,LeaderAccept
1785247184398,true,1785247184449,LeaderAccept
1785247184425,false,1785247184476,LeaderAccept
1785247184452,false,1785247184502,LeaderAccept
1785247184479,true,1785247184529,LeaderAccept
1785247184506,true,1785247184556,LeaderAccept
1785247184533,false,1785247184584,LeaderAccept
1785247184562,false,1785247184614,LeaderAccept
1785247184591,false,1785247184641,LeaderAccept
1785247184620,true,1785247184670,LeaderAccept
1785247184649,false,1785247184700,LeaderAccept
1785247184679,true,1785247184732,LeaderAccept
1785247184710,true,1785247184761,LeaderAccept
1785247184741,false,1785247184781,FastAccept
1785247184772,false,1785247184838,LeaderAccept
1785247184804,false,1785247184859,LeaderAccept
1785247184837,true,1785247184888,LeaderAccept
1785247184869,false,1785247184943,SlowAccept
1785247184902,false,1785247184961,LeaderAccept
1785247184936,false,1785247184987,LeaderAccept
1785247184971,true,1785247185011,FastAccept
1785247185005,true,1785247185056,LeaderAccept
1785247185040,false,1785247185110,SlowAccept
1785247185076,false,1785247185130,LeaderAccept
1785247185113,true,1785247185164,LeaderAccept
1785247185150,true,1785247185191,FastAccept
1785247185188,false,1785247185228,FastAccept
1785247185227,false,1785247185293,LeaderAccept
1785247185266,true,1785247185316,LeaderAccept
1785247185306,false,1785247185357,LeaderAccept
1785247185347,true,1785247185388,FastAccept
1785247185389,false,1785247185430,FastAccept
1785247185431,true,1785247185488,LeaderAccept
1785247185475,true,1785247185515,FastAccept
1785247185519,false,1785247185572,FastAccept
1785247185564,true,1785247185615,LeaderAccept
1785247185610,false,1785247185650,FastAccept
1785247185658,false,1785247185710,LeaderAccept
1785247185707,true,1785247185747,FastAccept
1785247185756,true,1785247185796,FastAccept
1785247185807,false,1785247185879,SlowAccept
1785247185860,true,1785247185900,FastAccept
1785247185913,true,1785247185963,LeaderAccept
1785247185968,false,1785247186009,FastAccept
1785247186025,false,1785247186066,FastAccept
1785247186083,false,1785247186151,LeaderAccept
1785247186143,false,1785247186184,FastAccept
1785247186205,true,1785247186245,FastAccept
1785247186268,false,1785247186309,FastAccept
1785247186334,false,1785247186407,LeaderAccept
1785247186401,true,1785247186456,LeaderAccept
1785247186471,false,1785247186511,FastAccept
1785247186543,true,1785247186583,FastAccept
1785247186618,false,1785247186659,FastAccept
1785247186696,false,1785247186736,FastAccept
1785247186777,false,1785247186828,LeaderAccept
1785247186861,false,1785247186902,FastAccept
1785247186949,false,1785247186989,FastAccept
1785247187040,false,1785247187111,LeaderAccept
1785247187136,false,1785247187176,FastAccept
1785247187236,false,1785247187277,FastAccept
1785247187341,true,1785247187381,FastAccept
1785247187452,true,1785247187492,FastAccept
1785247187569,false,1785247187619,LeaderAccept
1785247187693,false,1785247187733,FastAccept
1785247187825,true,1785247187865,FastAccept
1785247187966,true,1785247188006,FastAccept
1785247188117,false,1785247188157,FastAccept
1785247188280,false,1785247188321,FastAccept
1785247188457,true,1785247188498,FastAccept
1785247188651,false,1785247188691,FastAccept
1785247188863,false,1785247188921,LeaderAccept
1785247189100,true,1785247189140,FastAccept
1785247189366,false,1785247189406,FastAccept
1785247189670,true,1785247189710,FastAccept
1785247190023,false,1785247190063,FastAccept
1785247190444,true,1785247190484,FastAccept
1785247190964,false,1785247191030,LeaderAccept
1785247191638,true,1785247191707,LeaderAccept
1785247192583,true,1785247192639,LeaderAccept
1785247194096,false,1785247194136,FastAccept
1785247197320,false,1785247197360,FastAccept
1785247207433,true,1785247207473,FastAccept
1785247207469,false,1785247207510,FastAccept
1785247207507,false,1785247207558,LeaderAccept
1785247207544,false,1785247207604,LeaderAccept
1785247207582,false,1785247207632,LeaderAccept
1785247207621,false,1785247207679,LeaderAccept
1785247207660,false,1785247207720,SlowAccept
1785247207700,false,1785247207759,LeaderAccept
1785247207741,false,1785247207812,LeaderAccept
1785247207783,false,1785247207838,LeaderAccept
1785247207826,true,1785247207879,LeaderAccept
1785247207869,true,1785247207929,LeaderAccept
1785247207914,false,1785247207982,LeaderAccept
1785247207960,false,1785247208029,SlowAccept
1785247208006,true,1785247208076,LeaderAccept
1785247208053,true,1785247208114,LeaderAccept
1785247208102,false,1785247208166,LeaderAccept
1785247208152,true,1785247208207,LeaderAccept
1785247208203,true,1785247208264,LeaderAccept
1785247208256,true,1785247208339,LeaderAccept
1785247208309,true,1785247208365,LeaderAccept
1785247208364,false,1785247208415,LeaderAccept
1785247208421,true,1785247208478,LeaderAccept
1785247208480,true,1785247208539,LeaderAccept
1785247208540,false,1785247208609,SlowAccept
1785247208602,false,1785247208659,LeaderAccept
1785247208666,true,1785247208719,FastAccept
1785247208731,false,1785247208783,LeaderAccept
1785247208799,false,1785247208877,LeaderAccept
1785247208869,true,1785247208919,LeaderAccept
1785247208942,true,1785247208992,LeaderAccept
1785247209017,false,1785247209057,FastAccept
1785247209095,false,1785247209156,SlowAccept
1785247209177,true,1785247209218,FastAccept
1785247209262,true,1785247209315,LeaderAccept
1785247209351,false,1785247209411,LeaderAccept
1785247209444,true,1785247209484,FastAccept
1785247209540,false,1785247209610,SlowAccept
1785247209641,true,1785247209682,FastAccept
1785247209748,true,1785247209808,SlowAccept
1785247209860,false,1785247209914,LeaderAccept
1785247209979,true,1785247210030,LeaderAccept
1785247210105,true,1785247210146,FastAccept
1785247210239,false,1785247210279,FastAccept
1785247210382,false,1785247210436,FastAccept
1785247210536,false,1785247210587,LeaderAccept
1785247210702,false,1785247210762,LeaderAccept
1785247210882,true,1785247210923,FastAccept
1785247211079,true,1785247211130,LeaderAccept
1785247211296,false,1785247211336,FastAccept
1785247211538,true,1785247211578,FastAccept
1785247211812,true,1785247211852,FastAccept
1785247212124,true,1785247212165,FastAccept
1785247212490,true,1785247212530,FastAccept
1785247212928,false,1785247212989,SlowAccept
1785247213476,true,1785247213516,FastAccept
1785247214193,true,1785247214234,FastAccept
1785247215220,true,1785247215285,LeaderAccept
1785247216935,false,1785247216988,FastAccept
1785247220976,false,1785247221016,FastAccept
1785247238923,false,1785247238963,FastAccept
1785247238940,true,1785247238981,FastAccept
1785247238958,false,1785247238998,FastAccept
1785247238975,false,1785247239015,FastAccept
1785247238993,true,1785247239033,FastAccept
1785247239011,false,1785247239052,FastAccept
1785247239029,true,1785247239070,FastAccept
1785247239047,false,1785247239087,FastAccept
1785247239065,false,1785247239106,FastAccept
1785247239084,false,1785247239124,FastAccept
1785247239102,false,1785247239143,FastAccept
1785247239121,true,1785247239162,FastAccept
1785247239140,true,1785247239196,LeaderAccept
1785247239159,false,1785247239217,LeaderAccept
1785247239178,true,1785247239244,LeaderAccept
1785247239197,false,1785247239291,LeaderAccept
1785247239216,true,1785247239270,FastAccept
1785247239236,false,1785247239287,LeaderAccept
1785247239256,true,1785247239308,LeaderAccept
1785247239276,false,1785247239329,LeaderAccept
1785247239297,false,1785247239349,LeaderAccept
1785247239317,false,1785247239371,LeaderAccept
1785247239338,true,1785247239391,LeaderAccept
1785247239358,false,1785247239412,LeaderAccept
1785247239380,true,1785247239433,LeaderAccept
1785247239401,false,1785247239453,LeaderAccept
1785247239422,true,1785247239474,LeaderAccept
1785247239444,false,1785247239495,LeaderAccept
1785247239466,true,1785247239517,LeaderAccept
1785247239488,true,1785247239540,LeaderAccept
1785247239512,false,1785247239562,LeaderAccept
1785247239534,true,1785247239584,LeaderAccept
1785247239557,true,1785247239608,LeaderAccept
1785247239580,false,1785247239631,LeaderAccept
1785247239603,false,1785247239654,LeaderAccept
1785247239627,false,1785247239678,LeaderAccept
1785247239651,true,1785247239702,LeaderAccept
1785247239675,false,1785247239726,LeaderAccept
1785247239699,false,1785247239750,LeaderAccept
1785247239724,true,1785247239775,LeaderAccept
1785247239749,false,1785247239800,LeaderAccept
1785247239775,true,1785247239826,LeaderAccept
1785247239800,false,1785247239851,LeaderAccept
1785247239826,false,1785247239877,LeaderAccept
1785247239853,false,1785247239904,LeaderAccept
1785247239880,false,1785247239931,LeaderAccept
1785247239907,false,1785247239957,LeaderAccept
1785247239934,false,1785247239985,LeaderAccept
1785247239961,true,1785247240012,LeaderAccept
1785247239990,true,1785247240041,LeaderAccept
1785247240018,true,1785247240070,LeaderAccept
1785247240047,false,1785247240098,LeaderAccept
1785247240076,false,1785247240127,LeaderAccept
1785247240106,false,1785247240147,FastAccept
1785247240136,true,1785247240177,FastAccept
1785247240167,false,1785247240208,FastAccept
1785247240198,false,1785247240238,FastAccept
1785247240230,true,1785247240270,FastAccept
1785247240262,true,1785247240302,FastAccept
1785247240294,false,1785247240334,FastAccept
1785247240327,false,1785247240367,FastAccept
1785247240361,true,1785247240401,FastAccept
1785247240395,true,1785247240435,FastAccept
1785247240430,false,1785247240471,FastAccept
1785247240466,true,1785247240506,FastAccept
1785247240502,true,1785247240542,FastAccept
1785247240539,true,1785247240580,FastAccept
1785247240576,false,1785247240616,FastAccept
1785247240614,false,1785247240654,FastAccept
1785247240653,false,1785247240693,FastAccept
1785247240692,true,1785247240732,FastAccept
1785247240732,true,1785247240773,FastAccept
1785247240773,false,1785247240813,FastAccept
1785247240814,false,1785247240854,FastAccept
1785247240857,true,1785247240897,FastAccept
1785247240900,true,1785247240940,FastAccept
1785247240945,true,1785247240986,FastAccept
1785247240991,true,1785247241032,FastAccept
1785247241038,true,1785247241078,FastAccept
1785247241086,false,1785247241127,FastAccept
1785247241135,false,1785247241175,FastAccept
1785247241185,false,1785247241225,FastAccept
1785247241236,true,1785247241277,FastAccept
1785247241289,true,1785247241330,FastAccept
1785247241343,true,1785247241384,FastAccept
1785247241398,false,1785247241438,FastAccept
1785247241454,true,1785247241494,FastAccept
1785247241512,false,1785247241552,FastAccept
1785247241572,false,1785247241614,FastAccept
1785247241634,false,1785247241674,FastAccept
1785247241698,true,1785247241740,FastAccept
1785247241764,true,1785247241804,FastAccept
1785247241832,false,1785247241873,FastAccept
1785247241902,true,1785247241942,FastAccept
1785247241974,false,1785247242034,LeaderAccept
1785247242050,true,1785247242090,FastAccept
1785247242128,false,1785247242169,FastAccept
1785247242209,false,1785247242250,FastAccept
1785247242294,true,1785247242335,FastAccept
1785247242382,false,1785247242423,FastAccept
1785247242474,true,1785247242514,FastAccept
1785247242571,false,1785247242611,FastAccept
1785247242672,false,1785247242712,FastAccept
1785247242778,false,1785247242818,FastAccept
1785247242890,false,1785247242931,FastAccept
1785247243009,true,1785247243049,FastAccept
1785247243135,false,1785247243175,FastAccept
1785247243268,false,1785247243309,FastAccept
1785247243411,false,1785247243451,FastAccept
1785247243564,false,1785247243604,FastAccept
1785247243729,true,1785247243770,FastAccept
1785247243909,true,1785247243950,FastAccept
1785247244105,true,1785247244145,FastAccept
1785247244321,false,1785247244362,FastAccept
1785247244562,false,1785247244602,FastAccept
1785247244833,true,1785247244874,FastAccept
1785247245144,false,1785247245185,FastAccept
1785247245507,true,1785247245548,FastAccept
1785247245941,false,1785247245982,FastAccept
1785247246480,true,1785247246730,LeaderAccept
1785247247186,true,1785247247241,FastAccept
1785247248191,false,1785247248242,LeaderAccept
1785247249850,true,1785247249890,FastAccept
1785247253653,false,1785247253694,FastAccept
1785247279114,true,1785247279154,FastAccept
1785247287735,false,1785247287775,FastAccept
1785247287774,true,1785247287834,LeaderAccept
1785247287814,true,1785247287853,FastAccept
1785247287854,true,1785247287895,FastAccept
1785247287896,false,1785247287937,FastAccept
1785247287939,true,1785247287979,FastAccept
1785247287982,true,1785247288022,FastAccept
1785247288026,false,1785247288066,FastAccept
1785247288071,false,1785247288112,FastAccept
1785247288117,false,1785247288157,FastAccept
1785247288164,true,1785247288204,FastAccept
1785247288212,true,1785247288252,FastAccept
1785247288261,false,1785247288301,FastAccept
1785247288311,false,1785247288351,FastAccept
1785247288363,false,1785247288403,FastAccept
1785247288416,true,1785247288456,FastAccept
1785247288471,true,1785247288511,FastAccept
1785247288526,true,1785247288598,LeaderAccept
1785247288583,true,1785247288624,FastAccept
1785247288642,true,1785247288683,FastAccept
1785247288703,false,1785247288743,FastAccept
1785247288765,false,1785247288805,FastAccept
1785247288830,false,1785247288871,FastAccept
1785247288897,true,1785247288937,FastAccept
1785247288967,false,1785247289007,FastAccept
1785247289038,true,1785247289079,FastAccept
1785247289112,true,1785247289152,FastAccept
1785247289188,false,1785247289229,FastAccept
1785247289268,true,1785247289308,FastAccept
1785247289351,true,1785247289391,FastAccept
1785247289437,true,1785247289478,FastAccept
1785247289527,false,1785247289567,FastAccept
1785247289621,true,1785247289662,FastAccept
1785247289720,true,1785247289761,FastAccept
1785247289824,false,1785247289864,FastAccept
1785247289934,false,1785247289975,FastAccept
1785247290048,false,1785247290089,FastAccept
1785247290170,true,1785247290210,FastAccept
1785247290300,true,1785247290340,FastAccept
1785247290437,true,1785247290477,FastAccept
1785247290585,true,1785247290626,FastAccept
1785247290744,true,1785247290784,FastAccept
1785247290916,false,1785247290956,FastAccept
1785247291103,false,1785247291164,LeaderAccept
1785247291309,false,1785247291350,FastAccept
1785247291537,false,1785247291577,FastAccept
1785247291792,false,1785247291832,FastAccept
1785247292081,true,1785247292121,FastAccept
1785247292415,false,1785247292456,FastAccept
1785247292809,false,1785247292850,FastAccept
1785247293290,true,1785247293330,FastAccept
1785247293900,true,1785247293940,FastAccept
1785247294728,false,1785247294770,FastAccept
1785247295980,false,1785247296021,FastAccept
1785247298321,true,1785247298362,FastAccept
1785247305863,false,1785247305902,FastAccept
1785247308461,false,1785247308520,SlowAccept
1785247308478,true,1785247308547,SlowAccept
1785247308494,true,1785247308547,LeaderAccept
1785247308511,true,1785247308564,LeaderAccept
1785247308528,true,1785247308591,LeaderAccept
1785247308546,true,1785247308637,LeaderAccept
1785247308563,true,1785247308617,FastAccept
1785247308581,false,1785247308632,LeaderAccept
1785247308598,true,1785247308652,LeaderAccept
1785247308616,true,1785247308698,LeaderAccept
1785247308634,false,1785247308692,SlowAccept
1785247308652,false,1785247308719,LeaderAccept
1785247308670,true,1785247308719,LeaderAccept
1785247308689,true,1785247308739,LeaderAccept
1785247308707,true,1785247308757,LeaderAccept
1785247308725,false,1785247308778,LeaderAccept
1785247308744,false,1785247308799,LeaderAccept
1785247308763,false,1785247308819,LeaderAccept
1785247308782,true,1785247308845,LeaderAccept
1785247308801,false,1785247308893,LeaderAccept
1785247308821,false,1785247308893,SlowAccept
1785247308841,false,1785247308893,LeaderAccept
1785247308861,false,1785247308910,LeaderAccept
1785247308881,false,1785247308931,LeaderAccept
1785247308901,false,1785247308952,LeaderAccept
1785247308922,true,1785247308973,LeaderAccept
1785247308942,false,1785247308993,LeaderAccept
1785247308963,false,1785247309013,LeaderAccept
1785247308984,false,1785247309034,LeaderAccept
1785247309005,false,1785247309055,LeaderAccept
1785247309028,true,1785247309078,LeaderAccept
1785247309049,true,1785247309104,LeaderAccept
1785247309071,true,1785247309125,LeaderAccept
1785247309093,true,1785247309145,LeaderAccept
1785247309116,false,1785247309166,LeaderAccept
1785247309139,false,1785247309188,LeaderAccept
1785247309162,false,1785247309213,LeaderAccept
1785247309186,false,1785247309236,LeaderAccept
1785247309209,false,1785247309259,LeaderAccept
1785247309233,false,1785247309283,LeaderAccept
1785247309257,false,1785247309307,LeaderAccept
1785247309281,false,1785247309332,LeaderAccept
1785247309307,false,1785247309383,SlowAccept
1785247309332,false,1785247309383,LeaderAccept
1785247309357,true,1785247309408,LeaderAccept
1785247309383,true,1785247309432,LeaderAccept
1785247309409,true,1785247309459,LeaderAccept
1785247309435,false,1785247309486,LeaderAccept
1785247309462,false,1785247309512,LeaderAccept
1785247309489,true,1785247309539,LeaderAccept
1785247309516,true,1785247309566,LeaderAccept
1785247309544,false,1785247309593,LeaderAccept
1785247309572,true,1785247309621,LeaderAccept
1785247309600,false,1785247309649,LeaderAccept
1785247309628,false,1785247309667,FastAccept
1785247309658,true,1785247309697,FastAccept
1785247309688,false,1785247309728,FastAccept
1785247309718,false,1785247309758,FastAccept
1785247309749,true,1785247309789,FastAccept
1785247309780,false,1785247309819,FastAccept
1785247309811,false,1785247309850,FastAccept
1785247309843,false,1785247309883,FastAccept
1785247309876,true,1785247309915,FastAccept
1785247309908,false,1785247309960,FastAccept
1785247309941,true,1785247310007,LeaderAccept
1785247309975,false,1785247310028,LeaderAccept
1785247310010,false,1785247310049,FastAccept
1785247310045,false,1785247310085,FastAccept
1785247310082,false,1785247310121,FastAccept
1785247310118,false,1785247310174,LeaderAccept
1785247310155,true,1785247310221,LeaderAccept
1785247310193,false,1785247310243,LeaderAccept
1785247310232,false,1785247310272,FastAccept
1785247310271,true,1785247310311,FastAccept
1785247310311,false,1785247310369,LeaderAccept
1785247310352,false,1785247310391,FastAccept
1785247310393,false,1785247310433,FastAccept
1785247310435,true,1785247310474,FastAccept
1785247310478,false,1785247310518,FastAccept
1785247310522,true,1785247310562,FastAccept
1785247310567,false,1785247310607,FastAccept
1785247310613,true,1785247310652,FastAccept
1785247310660,false,1785247310700,FastAccept
1785247310708,false,1785247310747,FastAccept
1785247310757,false,1785247310829,SlowAccept
1785247310807,false,1785247310857,LeaderAccept
1785247310858,true,1785247310898,FastAccept
1785247310911,true,1785247310951,FastAccept
1785247310965,true,1785247311005,FastAccept
1785247311021,false,1785247311060,FastAccept
1785247311078,false,1785247311117,FastAccept
1785247311137,true,1785247311178,FastAccept
1785247311198,true,1785247311238,FastAccept
1785247311260,true,1785247311300,FastAccept
1785247311324,false,1785247311364,FastAccept
1785247311391,true,1785247311432,FastAccept
1785247311460,false,1785247311500,FastAccept
1785247311531,true,1785247311571,FastAccept
1785247311605,true,1785247311645,FastAccept
1785247311682,true,1785247311722,FastAccept
1785247311761,true,1785247311800,FastAccept
1785247311843,true,1785247311882,FastAccept
1785247311928,true,1785247311995,LeaderAccept
1785247312017,true,1785247312076,LeaderAccept
1785247312111,false,1785247312170,LeaderAccept
1785247312209,false,1785247312274,LeaderAccept
1785247312312,true,1785247312366,LeaderAccept
1785247312420,true,1785247312479,LeaderAccept
1785247312534,true,1785247312584,LeaderAccept
1785247312655,false,1785247312715,LeaderAccept
1785247312785,false,1785247312835,LeaderAccept
1785247312921,false,1785247312982,SlowAccept
1785247313068,false,1785247313123,LeaderAccept
1785247313225,false,1785247313265,FastAccept
1785247313395,false,1785247313456,LeaderAccept
1785247313580,true,1785247313620,FastAccept
1785247313783,false,1785247313823,FastAccept
1785247314008,false,1785247314059,LeaderAccept
1785247314259,false,1785247314299,FastAccept
1785247314544,true,1785247314603,LeaderAccept
1785247314872,true,1785247314912,FastAccept
1785247315259,false,1785247315333,SlowAccept
1785247315727,true,1785247315766,FastAccept
1785247316319,true,1785247316358,FastAccept
1785247317114,false,1785247317154,FastAccept
1785247318297,false,1785247318337,FastAccept
1785247320434,false,1785247320473,FastAccept
1785247326649,false,1785247326689,FastAccept
1785247356255,true,1785247356315,LeaderAccept
1785247356289,false,1785247356339,LeaderAccept
1785247356324,true,1785247356364,FastAccept
1785247356360,true,1785247356400,FastAccept
1785247356396,false,1785247356436,FastAccept
1785247356434,true,1785247356473,FastAccept
1785247356472,false,1785247356511,FastAccept
1785247356510,false,1785247356549,FastAccept
1785247356549,false,1785247356589,FastAccept
1785247356589,false,1785247356628,FastAccept
1785247356630,true,1785247356670,FastAccept
1785247356671,true,1785247356710,FastAccept
1785247356713,true,1785247356752,FastAccept
1785247356757,false,1785247356796,FastAccept
1785247356801,true,1785247356840,FastAccept
1785247356846,true,1785247356887,FastAccept
1785247356892,true,1785247356931,FastAccept
1785247356939,false,1785247356979,FastAccept
1785247356988,true,1785247357028,FastAccept
1785247357038,false,1785247357077,FastAccept
1785247357090,true,1785247357129,FastAccept
1785247357142,false,1785247357182,FastAccept
1785247357196,true,1785247357235,FastAccept
1785247357250,true,1785247357290,FastAccept
1785247357306,false,1785247357345,FastAccept
1785247357364,true,1785247357404,FastAccept
1785247357425,true,1785247357477,FastAccept
1785247357486,false,1785247357526,FastAccept
1785247357549,true,1785247357588,FastAccept
1785247357614,true,1785247357653,FastAccept
1785247357681,false,1785247357720,FastAccept
1785247357751,true,1785247357790,FastAccept
1785247357822,true,1785247357862,FastAccept
1785247357897,false,1785247357937,FastAccept
1785247357974,false,1785247358013,FastAccept
1785247358054,true,1785247358094,FastAccept
1785247358138,true,1785247358177,FastAccept
1785247358225,false,1785247358265,FastAccept
1785247358316,true,1785247358355,FastAccept
1785247358412,true,1785247358451,FastAccept
1785247358511,true,1785247358551,FastAccept
1785247358616,false,1785247358656,FastAccept
1785247358726,false,1785247358766,FastAccept
1785247358842,false,1785247358911,LeaderAccept
1785247358965,true,1785247359006,FastAccept
1785247359096,true,1785247359136,FastAccept
1785247359236,true,1785247359276,FastAccept
1785247359386,false,1785247359426,FastAccept
1785247359548,true,1785247359588,FastAccept
1785247359723,true,1785247359763,FastAccept
1785247359914,false,1785247359954,FastAccept
1785247360124,false,1785247360163,FastAccept
1785247360357,false,1785247360397,FastAccept
1785247360618,true,1785247360658,FastAccept
1785247360916,true,1785247360955,FastAccept
1785247361261,true,1785247361301,FastAccept
1785247361671,false,1785247361726,LeaderAccept
1785247362175,true,1785247362241,SlowAccept
1785247362822,false,1785247362872,SlowAccept
1785247363716,false,1785247363772,LeaderAccept
1785247365113,true,1785247365169,LeaderAccept
1785247367922,false,1785247367961,FastAccept
1785247379359,false,1785247379399,FastAccept
1785247399751,true,1785247399816,LeaderAccept
1785247399768,true,1785247399841,LeaderAccept
1785247399785,true,1785247399841,LeaderAccept
1785247399802,true,1785247399887,LeaderAccept
1785247399819,false,1785247399887,SlowAccept
1785247399836,false,1785247399907,SlowAccept
1785247399853,true,1785247399907,LeaderAccept
1785247399870,true,1785247399953,LeaderAccept
1785247399888,false,1785247399947,SlowAccept
1785247399906,true,1785247399979,LeaderAccept
1785247399924,true,1785247399979,LeaderAccept
1785247399942,true,1785247400005,LeaderAccept
1785247399960,false,1785247400050,LeaderAccept
1785247399978,true,1785247400050,LeaderAccept
1785247399996,true,1785247400050,LeaderAccept
1785247400014,true,1785247400097,LeaderAccept
1785247400032,true,1785247400091,SlowAccept
1785247400050,true,1785247400124,LeaderAccept
1785247400069,true,1785247400124,LeaderAccept
1785247400088,true,1785247400144,LeaderAccept
1785247400107,false,1785247400164,LeaderAccept
1785247400127,false,1785247400184,LeaderAccept
1785247400146,true,1785247400203,LeaderAccept
1785247400166,true,1785247400230,LeaderAccept
1785247400186,true,1785247400282,LeaderAccept
1785247400207,true,1785247400277,SlowAccept
1785247400228,false,1785247400282,LeaderAccept
1785247400248,true,1785247400303,LeaderAccept
1785247400269,true,1785247400324,LeaderAccept
1785247400290,true,1785247400368,LeaderAccept
1785247400311,true,1785247400368,LeaderAccept
1785247400333,true,1785247400388,LeaderAccept
1785247400355,true,1785247400409,LeaderAccept
1785247400377,true,1785247400426,LeaderAccept
1785247400399,true,1785247400454,LeaderAccept
1785247400421,false,1785247400474,LeaderAccept
1785247400444,true,1785247400493,LeaderAccept
1785247400466,true,1785247400521,LeaderAccept
1785247400489,false,1785247400542,LeaderAccept
1785247400512,true,1785247400562,LeaderAccept
1785247400536,true,1785247400610,LeaderAccept
1785247400559,true,1785247400610,LeaderAccept
1785247400583,false,1785247400632,LeaderAccept
1785247400607,false,1785247400656,LeaderAccept
1785247400632,true,1785247400681,LeaderAccept
1785247400656,true,1785247400705,LeaderAccept
1785247400682,true,1785247400732,LeaderAccept
1785247400708,true,1785247400756,LeaderAccept
1785247400733,true,1785247400788,LeaderAccept
1785247400758,false,1785247400809,LeaderAccept
1785247400785,false,1785247400834,LeaderAccept
1785247400812,true,1785247400861,LeaderAccept
1785247400839,true,1785247400889,LeaderAccept
1785247400867,false,1785247400916,LeaderAccept
1785247400895,true,1785247400944,LeaderAccept
1785247400923,false,1785247400972,LeaderAccept
1785247400952,true,1785247401007,LeaderAccept
1785247400981,true,1785247401038,LeaderAccept
1785247401011,false,1785247401060,LeaderAccept
1785247401041,false,1785247401100,SlowAccept
1785247401073,false,1785247401122,LeaderAccept
1785247401103,false,1785247401152,LeaderAccept
1785247401134,false,1785247401193,SlowAccept
1785247401166,false,1785247401216,LeaderAccept
1785247401198,false,1785247401247,LeaderAccept
1785247401231,true,1785247401289,LeaderAccept
1785247401265,false,1785247401314,LeaderAccept
1785247401298,true,1785247401368,SlowAccept
1785247401332,false,1785247401382,LeaderAccept
1785247401366,false,1785247401415,LeaderAccept
1785247401401,true,1785247401459,SlowAccept
1785247401437,true,1785247401489,LeaderAccept
1785247401474,true,1785247401524,LeaderAccept
1785247401511,true,1785247401571,SlowAccept
1785247401550,true,1785247401599,LeaderAccept
1785247401589,false,1785247401641,FastAccept
1785247401628,true,1785247401682,LeaderAccept
1785247401669,false,1785247401718,LeaderAccept
1785247401710,false,1785247401780,SlowAccept
1785247401752,false,1785247401802,LeaderAccept
1785247401795,true,1785247401834,FastAccept
1785247401839,false,1785247401899,SlowAccept
1785247401884,false,1785247401934,LeaderAccept
1785247401930,false,1785247401969,FastAccept
1785247401976,true,1785247402034,LeaderAccept
1785247402024,true,1785247402074,LeaderAccept
1785247402072,false,1785247402125,FastAccept
1785247402122,true,1785247402176,LeaderAccept
1785247402173,true,1785247402213,FastAccept
1785247402225,false,1785247402283,LeaderAccept
1785247402279,true,1785247402329,LeaderAccept
1785247402335,true,1785247402388,LeaderAccept
1785247402392,false,1785247402442,SlowAccept
1785247402451,false,1785247402503,LeaderAccept
1785247402511,false,1785247402560,LeaderAccept
1785247402572,false,1785247402622,LeaderAccept
1785247402636,false,1785247402692,LeaderAccept
1785247402702,false,1785247402757,LeaderAccept
1785247402770,false,1785247402820,LeaderAccept
1785247402841,false,1785247402890,LeaderAccept
1785247402914,false,1785247402969,LeaderAccept
1785247402989,false,1785247403038,LeaderAccept
1785247403067,true,1785247403135,SlowAccept
1785247403149,true,1785247403199,LeaderAccept
1785247403234,false,1785247403294,LeaderAccept
1785247403323,true,1785247403373,LeaderAccept
1785247403416,true,1785247403474,LeaderAccept
1785247403513,true,1785247403571,LeaderAccept
1785247403614,false,1785247403675,LeaderAccept
1785247403720,true,1785247403770,LeaderAccept
1785247403834,true,1785247403884,LeaderAccept
1785247403953,true,1785247404016,SlowAccept
1785247404079,true,1785247404118,FastAccept
1785247404213,false,1785247404264,LeaderAccept
1785247404356,true,1785247404407,LeaderAccept
1785247404510,true,1785247404559,LeaderAccept
1785247404676,false,1785247404725,LeaderAccept
1785247404857,false,1785247404896,FastAccept
1785247405054,true,1785247405109,LeaderAccept
1785247405272,false,1785247405312,FastAccept
1785247405515,false,1785247405565,LeaderAccept
1785247405789,false,1785247405851,SlowAccept
1785247406103,true,1785247406142,FastAccept
1785247406471,true,1785247406511,FastAccept
1785247406913,false,1785247406963,LeaderAccept
1785247407464,true,1785247407504,FastAccept
1785247408189,true,1785247408228,FastAccept
1785247409229,false,1785247409279,LeaderAccept
1785247410980,true,1785247411040,LeaderAccept
1785247415178,false,1785247415218,FastAccept
1785247425231,false,1785247425270,FastAccept
1785247425258,true,1785247425310,LeaderAccept
1785247425286,true,1785247425337,LeaderAccept
1785247425314,true,1785247425364,LeaderAccept
1785247425342,false,1785247425392,LeaderAccept
1785247425370,true,1785247425419,LeaderAccept
1785247425399,true,1785247425438,FastAccept
1785247425428,true,1785247425468,FastAccept
1785247425458,true,1785247425498,FastAccept
1785247425488,false,1785247425527,FastAccept
1785247425519,false,1785247425559,FastAccept
1785247425551,true,1785247425590,FastAccept
1785247425582,false,1785247425622,FastAccept
1785247425614,true,1785247425653,FastAccept
1785247425647,false,1785247425686,FastAccept
1785247425680,true,1785247425720,FastAccept
1785247425713,false,1785247425752,FastAccept
1785247425747,false,1785247425786,FastAccept
1785247425781,false,1785247425820,FastAccept
1785247425816,false,1785247425869,FastAccept
1785247425852,true,1785247425910,LeaderAccept
1785247425888,true,1785247425938,LeaderAccept
1785247425926,true,1785247425966,FastAccept
1785247425964,true,1785247426003,FastAccept
1785247426002,true,1785247426041,FastAccept
1785247426041,false,1785247426080,FastAccept
1785247426081,false,1785247426121,FastAccept
1785247426122,true,1785247426162,FastAccept
1785247426163,false,1785247426203,FastAccept
1785247426205,true,1785247426244,FastAccept
1785247426248,false,1785247426288,FastAccept
1785247426292,true,1785247426332,FastAccept
1785247426337,true,1785247426376,FastAccept
1785247426384,false,1785247426423,FastAccept
1785247426431,true,1785247426471,FastAccept
1785247426479,false,1785247426519,FastAccept
1785247426529,true,1785247426568,FastAccept
1785247426580,false,1785247426620,FastAccept
1785247426632,true,1785247426672,FastAccept
1785247426686,true,1785247426725,FastAccept
1785247426741,true,1785247426781,FastAccept
1785247426797,false,1785247426836,FastAccept
1785247426855,true,1785247426895,FastAccept
1785247426915,false,1785247426954,FastAccept
1785247426976,false,1785247427016,FastAccept
1785247427039,false,1785247427080,FastAccept
1785247427104,true,1785247427144,FastAccept
1785247427171,false,1785247427210,FastAccept
1785247427241,true,1785247427281,FastAccept
1785247427313,true,1785247427353,FastAccept
1785247427387,false,1785247427427,FastAccept
1785247427464,false,1785247427503,FastAccept
1785247427544,true,1785247427583,FastAccept
1785247427627,false,1785247427666,FastAccept
1785247427713,false,1785247427752,FastAccept
1785247427803,false,1785247427843,FastAccept
1785247427898,false,1785247427937,FastAccept
1785247427997,true,1785247428036,FastAccept
1785247428101,false,1785247428141,FastAccept
1785247428211,true,1785247428251,FastAccept
1785247428327,false,1785247428367,FastAccept
1785247428450,true,1785247428489,FastAccept
1785247428580,false,1785247428620,FastAccept
1785247428719,false,1785247428759,FastAccept
1785247428868,true,1785247428908,FastAccept
1785247429028,false,1785247429068,FastAccept
1785247429202,true,1785247429241,FastAccept
1785247429391,true,1785247429430,FastAccept
1785247429599,false,1785247429638,FastAccept
1785247429829,false,1785247429869,FastAccept
1785247430088,true,1785247430128,FastAccept
1785247430383,true,1785247430422,FastAccept
1785247430723,true,1785247430762,FastAccept
1785247431127,false,1785247431167,FastAccept
1785247431621,true,1785247431661,FastAccept
1785247432254,false,1785247432294,FastAccept
1785247433121,false,1785247433160,FastAccept
1785247434457,false,1785247434516,SlowAccept
1785247437063,true,1785247437103,FastAccept
1785247446650,false,1785247446715,LeaderAccept
1785247471097,false,1785247471136,FastAccept
1785247471119,false,1785247471159,FastAccept
1785247471142,false,1785247471181,FastAccept
1785247471164,true,1785247471203,FastAccept
1785247471186,false,1785247471226,FastAccept
1785247471209,true,1785247471267,LeaderAccept
1785247471233,true,1785247471288,LeaderAccept
1785247471256,false,1785247471308,LeaderAccept
1785247471280,true,1785247471330,LeaderAccept
1785247471304,false,1785247471353,LeaderAccept
1785247471328,true,1785247471378,LeaderAccept
1785247471353,false,1785247471409,LeaderAccept
1785247471377,true,1785247471429,LeaderAccept
1785247471403,false,1785247471453,LeaderAccept
1785247471428,true,1785247471478,LeaderAccept
1785247471454,true,1785247471504,LeaderAccept
1785247471480,false,1785247471530,LeaderAccept
1785247471506,false,1785247471555,LeaderAccept
1785247471533,true,1785247471692,LeaderAccept
1785247471560,false,1785247471613,FastAccept
1785247471588,false,1785247471660,SlowAccept
1785247471617,true,1785247471686,SlowAccept
1785247471645,true,1785247471713,LeaderAccept
1785247471674,true,1785247471739,LeaderAccept
1785247471703,false,1785247471765,LeaderAccept
1785247471733,true,1785247471783,LeaderAccept
1785247471763,false,1785247471813,LeaderAccept
1785247471794,false,1785247471834,FastAccept
1785247471825,true,1785247471865,FastAccept
1785247471857,true,1785247471896,FastAccept
1785247471889,false,1785247471928,FastAccept
1785247471921,false,1785247471980,LeaderAccept
1785247471953,false,1785247472002,LeaderAccept
1785247471986,true,1785247472025,FastAccept
1785247472019,true,1785247472059,FastAccept
1785247472053,false,1785247472093,FastAccept
1785247472088,false,1785247472128,FastAccept
1785247472123,false,1785247472194,LeaderAccept
1785247472159,false,1785247472214,LeaderAccept
1785247472195,true,1785247472234,FastAccept
1785247472232,false,1785247472271,FastAccept
1785247472270,false,1785247472309,FastAccept
1785247472309,false,1785247472369,SlowAccept
1785247472350,true,1785247472404,LeaderAccept
1785247472390,false,1785247472445,LeaderAccept
1785247472431,true,1785247472471,FastAccept
1785247472473,true,1785247472512,FastAccept
1785247472515,true,1785247472555,FastAccept
1785247472559,true,1785247472598,FastAccept
1785247472603,true,1785247472644,FastAccept
1785247472649,false,1785247472688,FastAccept
1785247472695,false,1785247472735,FastAccept
1785247472742,true,1785247472781,FastAccept
1785247472791,true,1785247472830,FastAccept
1785247472841,false,1785247472881,FastAccept
1785247472892,true,1785247472932,FastAccept
1785247472944,false,1785247473006,LeaderAccept
1785247472997,false,1785247473037,FastAccept
1785247473052,false,1785247473092,FastAccept
1785247473109,true,1785247473148,FastAccept
1785247473167,false,1785247473217,LeaderAccept
1785247473227,false,1785247473267,FastAccept
1785247473289,false,1785247473362,LeaderAccept
1785247473353,true,1785247473393,FastAccept
1785247473419,false,1785247473459,FastAccept
1785247473487,false,1785247473527,FastAccept
1785247473557,true,1785247473596,FastAccept
1785247473629,false,1785247473669,FastAccept
1785247473705,true,1785247473758,FastAccept
1785247473783,true,1785247473823,FastAccept
1785247473864,true,1785247473903,FastAccept
1785247473949,false,1785247473988,FastAccept
1785247474037,false,1785247474077,FastAccept
1785247474129,true,1785247474169,FastAccept
1785247474225,true,1785247474265,FastAccept
1785247474326,false,1785247474366,FastAccept
1785247474432,true,1785247474488,LeaderAccept
1785247474544,true,1785247474584,FastAccept
1785247474662,true,1785247474701,FastAccept
1785247474787,true,1785247474826,FastAccept
1785247474920,false,1785247474973,FastAccept
1785247475062,true,1785247475102,FastAccept
1785247475215,true,1785247475254,FastAccept
1785247475380,true,1785247475420,FastAccept
1785247475559,true,1785247475598,FastAccept
1785247475755,true,1785247475795,FastAccept
1785247475970,false,1785247476010,FastAccept
1785247476210,false,1785247476249,FastAccept
1785247476480,false,1785247476519,FastAccept
1785247476789,true,1785247476829,FastAccept
1785247477150,true,1785247477190,FastAccept
1785247477583,true,1785247477622,FastAccept
1785247478119,true,1785247478159,FastAccept
1785247478820,true,1785247478879,SlowAccept
1785247479814,false,1785247479853,FastAccept
1785247481448,true,1785247481499,LeaderAccept
1785247485145,true,1785247485184,FastAccept
