request_time,write,response_time,accept_status
1785246840096,true,1785246840135,FastAccept
1785246840637,true,1785246840683,FastAccept
1785246841344,false,1785246841408,LeaderAccept
1785246842352,false,1785246842398,FastAccept
1785246844019,true,1785246844058,FastAccept
1785246847854,true,1785246847916,LeaderAccept
1785246848230,true,1785246848269,FastAccept
1785246848267,true,1785246848325,LeaderAccept
1785246848303,true,1785246848342,FastAccept
1785246848341,false,1785246848391,LeaderAccept
1785246848380,true,1785246848438,LeaderAccept
1785246848419,true,1785246848485,SlowAccept
1785246848459,true,1785246848514,LeaderAccept
1785246848500,true,1785246848559,LeaderAccept
1785246848542,true,1785246848586,SlowAccept
1785246848584,true,1785246848622,FastAccept
1785246848626,true,1785246848665,FastAccept
1785246848671,true,1785246848709,FastAccept
1785246848715,true,1785246848754,FastAccept
1785246848762,true,1785246848801,FastAccept
1785246848810,false,1785246848860,LeaderAccept
1785246848859,false,1785246848914,LeaderAccept
1785246848909,true,1785246848969,LeaderAccept
1785246848960,true,1785246849019,LeaderAccept
1785246849011,true,1785246849064,SlowAccept
1785246849064,true,1785246849103,FastAccept
1785246849118,false,1785246849157,FastAccept
1785246849175,false,1785246849214,FastAccept
1785246849233,true,1785246849272,FastAccept
1785246849293,false,1785246849331,FastAccept
1785246849354,true,1785246849392,FastAccept
1785246849417,false,1785246849468,LeaderAccept
1785246849481,true,1785246849540,LeaderAccept
1785246849548,false,1785246849608,LeaderAccept
1785246849617,true,1785246849670,SlowAccept
1785246849690,true,1785246849729,FastAccept
1785246849764,true,1785246849802,FastAccept
1785246849841,true,1785246849879,FastAccept
1785246849921,true,1785246849959,FastAccept
1785246850005,true,1785246850062,LeaderAccept
1785246850091,true,1785246850130,FastAccept
1785246850181,true,1785246850220,FastAccept
1785246850277,true,1785246850327,LeaderAccept
1785246850376,false,1785246850435,LeaderAccept
1785246850481,false,1785246850540,LeaderAccept
1785246850590,false,1785246850629,FastAccept
1785246850707,true,1785246850746,FastAccept
1785246850830,true,1785246850869,FastAccept
1785246850961,false,1785246851000,FastAccept
1785246851101,false,1785246851139,FastAccept
1785246851250,true,1785246851289,FastAccept
1785246851411,true,1785246851450,FastAccept
1785246851586,false,1785246851625,FastAccept
1785246851777,false,1785246851816,FastAccept
1785246851987,false,1785246852045,LeaderAccept
1785246852219,true,1785246852258,FastAccept
1785246852480,true,1785246852519,FastAccept
1785246852777,false,1785246852816,FastAccept
1785246853122,false,1785246853161,FastAccept
1785246853530,true,1785246853569,FastAccept
1785246854032,true,1785246854071,FastAccept
1785246854675,false,1785246854724,LeaderAccept
1785246855564,false,1785246855611,LeaderAccept
1785246856949,false,1785246856988,FastAccept
1785246859715,true,1785246859774,LeaderAccept
1785246870735,false,1785246870774,FastAccept
1785246904746,false,1785246904802,LeaderAccept
1785246904764,false,1785246904835,LeaderAccept
1785246904781,false,1785246904835,SlowAccept
1785246904798,false,1785246904875,SlowAccept
1785246904816,false,1785246904904,LeaderAccept
1785246904834,true,1785246904898,SlowAccept
1785246904852,false,1785246904904,LeaderAccept
1785246904870,true,1785246904944,LeaderAccept
1785246904888,true,1785246904957,LeaderAccept
1785246904906,false,1785246904970,LeaderAccept
1785246904925,false,1785246904977,LeaderAccept
1785246904943,false,1785246904996,LeaderAccept
1785246904962,true,1785246905071,LeaderAccept
1785246904980,false,1785246905039,SlowAccept
1785246904999,false,1785246905045,FastAccept
1785246905019,false,1785246905058,FastAccept
1785246905038,true,1785246905117,SlowAccept
1785246905057,false,1785246905146,LeaderAccept
1785246905076,false,1785246905140,SlowAccept
1785246905097,false,1785246905140,FastAccept
1785246905117,true,1785246905247,LeaderAccept
1785246905136,true,1785246905195,SlowAccept
1785246905157,false,1785246905216,SlowAccept
1785246905178,false,1785246905242,SlowAccept
1785246905198,false,1785246905242,FastAccept
1785246905220,true,1785246905277,LeaderAccept
1785246905241,true,1785246905303,LeaderAccept
1785246905262,false,1785246905344,LeaderAccept
1785246905284,false,1785246905339,SlowAccept
1785246905305,true,1785246905388,LeaderAccept
1785246905327,true,1785246905388,LeaderAccept
1785246905350,false,1785246905428,LeaderAccept
1785246905373,true,1785246905432,LeaderAccept
1785246905396,true,1785246905454,LeaderAccept
1785246905419,false,1785246905507,LeaderAccept
1785246905442,false,1785246905502,SlowAccept
1785246905465,true,1785246905551,LeaderAccept
1785246905490,true,1785246905545,SlowAccept
1785246905514,true,1785246905603,LeaderAccept
1785246905538,true,1785246905597,SlowAccept
1785246905563,true,1785246905647,LeaderAccept
1785246905587,true,1785246905652,LeaderAccept
1785246905613,false,1785246905695,LeaderAccept
1785246905638,false,1785246905697,LeaderAccept
1785246905663,false,1785246905725,LeaderAccept
1785246905690,false,1785246905752,LeaderAccept
1785246905717,false,1785246905808,LeaderAccept
1785246905744,false,1785246905787,LeaderAccept
1785246905771,false,1785246905840,LeaderAccept
1785246905799,false,1785246905840,LeaderAccept
1785246905826,true,1785246905865,FastAccept
1785246905855,true,1785246905921,LeaderAccept
1785246905884,false,1785246905947,LeaderAccept
1785246905913,true,1785246905977,LeaderAccept
1785246905942,true,1785246906003,LeaderAccept
1785246905972,true,1785246906024,LeaderAccept
1785246906003,false,1785246906042,FastAccept
1785246906034,true,1785246906073,FastAccept
1785246906066,false,1785246906131,LeaderAccept
1785246906098,false,1785246906151,LeaderAccept
1785246906130,false,1785246906176,FastAccept
1785246906164,true,1785246906228,LeaderAccept
1785246906196,true,1785246906249,LeaderAccept
1785246906230,false,1785246906269,FastAccept
1785246906265,true,1785246906316,LeaderAccept
1785246906299,false,1785246906338,FastAccept
1785246906334,true,1785246906385,LeaderAccept
1785246906371,false,1785246906409,FastAccept
1785246906408,true,1785246906457,LeaderAccept
1785246906445,true,1785246906509,LeaderAccept
1785246906482,false,1785246906530,LeaderAccept
1785246906522,true,1785246906581,LeaderAccept
1785246906562,false,1785246906601,FastAccept
1785246906602,false,1785246906660,LeaderAccept
1785246906643,false,1785246906682,FastAccept
1785246906686,true,1785246906737,LeaderAccept
1785246906729,false,1785246906768,FastAccept
1785246906773,false,1785246906812,FastAccept
1785246906818,false,1785246906856,FastAccept
1785246906864,true,1785246906902,FastAccept
1785246906910,true,1785246906949,FastAccept
1785246906958,true,1785246906997,FastAccept
1785246907007,false,1785246907067,LeaderAccept
1785246907058,true,1785246907096,FastAccept
1785246907110,true,1785246907169,LeaderAccept
1785246907163,true,1785246907202,FastAccept
1785246907218,true,1785246907273,LeaderAccept
1785246907273,true,1785246907313,FastAccept
1785246907331,true,1785246907369,FastAccept
1785246907390,true,1785246907429,FastAccept
1785246907450,false,1785246907489,FastAccept
1785246907512,false,1785246907551,FastAccept
1785246907577,false,1785246907638,LeaderAccept
1785246907644,true,1785246907702,LeaderAccept
1785246907712,true,1785246907772,LeaderAccept
1785246907783,false,1785246907842,LeaderAccept
1785246907855,true,1785246907914,LeaderAccept
1785246907931,true,1785246907990,LeaderAccept
1785246908011,true,1785246908069,LeaderAccept
1785246908094,false,1785246908143,LeaderAccept
1785246908180,true,1785246908233,LeaderAccept
1785246908270,false,1785246908321,LeaderAccept
1785246908363,false,1785246908412,LeaderAccept
1785246908462,true,1785246908501,FastAccept
1785246908564,false,1785246908603,FastAccept
1785246908672,false,1785246908711,FastAccept
1785246908786,false,1785246908825,FastAccept
1785246908907,false,1785246908946,FastAccept
1785246909035,true,1785246909094,LeaderAccept
1785246909172,true,1785246909210,FastAccept
1785246909318,true,1785246909364,FastAccept
1785246909475,true,1785246909538,SlowAccept
1785246909645,true,1785246909694,LeaderAccept
1785246909830,true,1785246909889,LeaderAccept
1785246910032,false,1785246910084,LeaderAccept
1785246910256,true,1785246910305,LeaderAccept
1785246910506,false,1785246910545,FastAccept
1785246910790,false,1785246910829,FastAccept
1785246911117,true,1785246911155,FastAccept
1785246911501,false,1785246911540,FastAccept
1785246911967,false,1785246912006,FastAccept
1785246912553,false,1785246912608,LeaderAccept
1785246913340,false,1785246913379,FastAccept
1785246914506,false,1785246914545,FastAccept
1785246916594,false,1785246916632,FastAccept
1785246922519,false,1785246922557,FastAccept
1785246925327,true,1785246925366,FastAccept
1785246925360,false,1785246925398,FastAccept
1785246925393,true,1785246925431,FastAccept
1785246925426,true,1785246925464,FastAccept
1785246925459,true,1785246925498,FastAccept
1785246925494,false,1785246925533,FastAccept
1785246925529,true,1785246925590,SlowAccept
1785246925565,true,1785246925616,LeaderAccept
1785246925601,true,1785246925640,FastAccept
1785246925639,true,1785246925678,FastAccept
1785246925677,false,1785246925715,FastAccept
1785246925715,false,1785246925761,FastAccept
1785246925755,false,1785246925807,LeaderAccept
1785246925795,false,1785246925834,FastAccept
1785246925836,true,1785246925875,FastAccept
1785246925878,true,1785246925916,FastAccept
1785246925921,false,1785246925960,FastAccept
1785246925964,true,1785246926017,SlowAccept
1785246926008,false,1785246926047,FastAccept
1785246926054,true,1785246926093,FastAccept
1785246926100,false,1785246926139,FastAccept
1785246926148,true,1785246926187,FastAccept
1785246926196,false,1785246926235,FastAccept
1785246926245,true,1785246926299,LeaderAccept
1785246926296,false,1785246926335,FastAccept
1785246926348,true,1785246926387,FastAccept
1785246926400,false,1785246926439,FastAccept
1785246926455,true,1785246926494,FastAccept
1785246926512,true,1785246926558,FastAccept
1785246926570,true,1785246926609,FastAccept
1785246926630,true,1785246926668,FastAccept
1785246926690,true,1785246926750,SlowAccept
1785246926753,false,1785246926792,FastAccept
1785246926819,false,1785246926858,FastAccept
1785246926887,false,1785246926925,FastAccept
1785246926956,false,1785246926994,FastAccept
1785246927028,false,1785246927067,FastAccept
1785246927102,false,1785246927141,FastAccept
1785246927179,false,1785246927218,FastAccept
1785246927258,true,1785246927304,FastAccept
1785246927341,true,1785246927380,FastAccept
1785246927428,false,1785246927467,FastAccept
1785246927518,false,1785246927557,FastAccept
1785246927613,false,1785246927652,FastAccept
1785246927713,false,1785246927751,FastAccept
1785246927816,true,1785246927855,FastAccept
1785246927926,true,1785246927964,FastAccept
1785246928042,true,1785246928097,LeaderAccept
1785246928165,true,1785246928204,FastAccept
1785246928295,false,1785246928334,FastAccept
1785246928434,true,1785246928472,FastAccept
1785246928582,true,1785246928622,FastAccept
1785246928743,false,1785246928782,FastAccept
1785246928916,false,1785246928955,FastAccept
1785246929106,false,1785246929144,FastAccept
1785246929314,false,1785246929353,FastAccept
1785246929544,false,1785246929583,FastAccept
1785246929802,true,1785246929841,FastAccept
1785246930096,true,1785246930135,FastAccept
1785246930437,true,1785246930476,FastAccept
1785246930840,false,1785246930878,FastAccept
1785246931332,true,1785246931371,FastAccept
1785246931962,true,1785246932003,FastAccept
1785246932824,true,1785246932868,FastAccept
1785246934151,true,1785246934203,SlowAccept
1785246936725,true,1785246936764,FastAccept
1785246939519,true,1785246939557,FastAccept
1785246939542,true,1785246939638,LeaderAccept
1785246939565,false,1785246939630,SlowAccept
1785246939588,true,1785246939643,LeaderAccept
1785246939611,true,1785246939672,LeaderAccept
1785246939634,false,1785246939698,LeaderAccept
1785246939657,false,1785246939741,LeaderAccept
1785246939681,false,1785246939746,LeaderAccept
1785246939705,false,1785246939772,LeaderAccept
1785246939730,false,1785246939810,LeaderAccept
1785246939754,false,1785246939813,LeaderAccept
1785246939779,false,1785246939840,LeaderAccept
1785246939804,false,1785246939866,LeaderAccept
1785246939830,false,1785246939892,LeaderAccept
1785246939857,true,1785246939948,LeaderAccept
1785246939884,true,1785246939925,LeaderAccept
1785246939911,false,1785246939985,LeaderAccept
1785246939937,true,1785246940002,LeaderAccept
1785246939965,true,1785246940031,LeaderAccept
1785246939992,true,1785246940057,LeaderAccept
1785246940021,true,1785246940083,LeaderAccept
1785246940050,true,1785246940139,LeaderAccept
1785246940080,false,1785246940121,LeaderAccept
1785246940108,false,1785246940168,LeaderAccept
1785246940138,true,1785246940189,LeaderAccept
1785246940168,false,1785246940214,FastAccept
1785246940198,true,1785246940258,SlowAccept
1785246940230,true,1785246940290,LeaderAccept
1785246940261,false,1785246940310,LeaderAccept
1785246940294,true,1785246940362,LeaderAccept
1785246940326,false,1785246940392,LeaderAccept
1785246940360,false,1785246940413,LeaderAccept
1785246940394,false,1785246940433,FastAccept
1785246940428,true,1785246940466,FastAccept
1785246940463,false,1785246940513,LeaderAccept
1785246940499,false,1785246940537,FastAccept
1785246940535,true,1785246940574,FastAccept
1785246940571,true,1785246940610,FastAccept
1785246940609,false,1785246940668,LeaderAccept
1785246940647,true,1785246940685,FastAccept
1785246940686,false,1785246940744,LeaderAccept
1785246940725,false,1785246940763,FastAccept
1785246940764,false,1785246940803,FastAccept
1785246940806,true,1785246940845,FastAccept
1785246940848,false,1785246940886,FastAccept
1785246940891,false,1785246940949,LeaderAccept
1785246940934,false,1785246940979,FastAccept
1785246940978,false,1785246941029,LeaderAccept
1785246941024,false,1785246941063,FastAccept
1785246941070,false,1785246941109,FastAccept
1785246941118,true,1785246941157,FastAccept
1785246941167,false,1785246941206,FastAccept
1785246941216,false,1785246941272,LeaderAccept
1785246941268,true,1785246941306,FastAccept
1785246941320,true,1785246941372,SlowAccept
1785246941373,true,1785246941412,FastAccept
1785246941428,false,1785246941467,FastAccept
1785246941484,false,1785246941544,LeaderAccept
1785246941543,false,1785246941581,FastAccept
1785246941603,true,1785246941653,LeaderAccept
1785246941664,true,1785246941702,FastAccept
1785246941726,false,1785246941785,LeaderAccept
1785246941792,true,1785246941831,FastAccept
1785246941860,true,1785246941899,FastAccept
1785246941929,true,1785246941968,FastAccept
1785246942001,false,1785246942040,FastAccept
1785246942076,true,1785246942115,FastAccept
1785246942153,false,1785246942192,FastAccept
1785246942234,false,1785246942286,SlowAccept
1785246942319,false,1785246942358,FastAccept
1785246942407,true,1785246942446,FastAccept
1785246942498,false,1785246942537,FastAccept
1785246942594,true,1785246942632,FastAccept
1785246942694,true,1785246942732,FastAccept
1785246942799,false,1785246942837,FastAccept
1785246942910,true,1785246942970,LeaderAccept
1785246943027,true,1785246943066,FastAccept
1785246943150,false,1785246943189,FastAccept
1785246943283,true,1785246943322,FastAccept
1785246943424,true,1785246943463,FastAccept
1785246943576,true,1785246943615,FastAccept
1785246943740,true,1785246943779,FastAccept
1785246943917,false,1785246943956,FastAccept
1785246944110,false,1785246944149,FastAccept
1785246944324,false,1785246944363,FastAccept
1785246944561,true,1785246944600,FastAccept
1785246944827,true,1785246944866,FastAccept
1785246945132,false,1785246945171,FastAccept
1785246945485,false,1785246945524,FastAccept
1785246945908,true,1785246945947,FastAccept
1785246946428,true,1785246946467,FastAccept
1785246947104,false,1785246947167,LeaderAccept
1785246948051,false,1785246948090,FastAccept
1785246949570,true,1785246949621,FastAccept
1785246950843,true,1785246950900,LeaderAccept
1785246950872,true,1785246950920,LeaderAccept
1785246950901,true,1785246950940,FastAccept
1785246950930,false,1785246950995,LeaderAccept
1785246950960,false,1785246951021,LeaderAccept
1785246950990,true,1785246951041,LeaderAccept
1785246951021,false,1785246951060,FastAccept
1785246951051,false,1785246951097,FastAccept
1785246951083,true,1785246951148,LeaderAccept
1785246951114,false,1785246951174,LeaderAccept
1785246951147,false,1785246951194,LeaderAccept
1785246951179,true,1785246951218,FastAccept
1785246951213,true,1785246951267,SlowAccept
1785246951247,true,1785246951309,LeaderAccept
1785246951280,false,1785246951330,LeaderAccept
1785246951314,false,1785246951353,FastAccept
1785246951350,false,1785246951389,FastAccept
1785246951386,true,1785246951452,LeaderAccept
1785246951423,true,1785246951472,LeaderAccept
1785246951461,false,1785246951500,FastAccept
1785246951499,false,1785246951538,FastAccept
1785246951538,true,1785246951576,FastAccept
1785246951577,false,1785246951616,FastAccept
1785246951618,false,1785246951671,LeaderAccept
1785246951659,true,1785246951698,FastAccept
1785246951700,false,1785246951739,FastAccept
1785246951743,false,1785246951798,SlowAccept
1785246951787,true,1785246951825,FastAccept
1785246951832,false,1785246951870,FastAccept
1785246951877,false,1785246951916,FastAccept
1785246951924,true,1785246951962,FastAccept
1785246951971,false,1785246952031,LeaderAccept
1785246952021,false,1785246952060,FastAccept
1785246952071,true,1785246952119,LeaderAccept
1785246952122,true,1785246952161,FastAccept
1785246952175,false,1785246952214,FastAccept
1785246952229,true,1785246952293,SlowAccept
1785246952284,true,1785246952323,FastAccept
1785246952340,false,1785246952379,FastAccept
1785246952398,true,1785246952437,FastAccept
1785246952459,true,1785246952505,FastAccept
1785246952521,false,1785246952560,FastAccept
1785246952585,false,1785246952624,FastAccept
1785246952651,true,1785246952689,FastAccept
1785246952719,false,1785246952758,FastAccept
1785246952790,true,1785246952850,LeaderAccept
1785246952863,true,1785246952922,LeaderAccept
1785246952939,false,1785246952978,FastAccept
1785246953018,false,1785246953057,FastAccept
1785246953099,false,1785246953138,FastAccept
1785246953185,true,1785246953224,FastAccept
1785246953273,true,1785246953313,FastAccept
1785246953366,true,1785246953407,FastAccept
1785246953463,false,1785246953502,FastAccept
1785246953565,true,1785246953617,LeaderAccept
1785246953672,false,1785246953710,FastAccept
1785246953784,false,1785246953844,LeaderAccept
1785246953903,false,1785246953965,SlowAccept
1785246954030,false,1785246954098,LeaderAccept
1785246954163,false,1785246954231,LeaderAccept
1785246954307,false,1785246954366,LeaderAccept
1785246954462,true,1785246954522,LeaderAccept
1785246954629,true,1785246954688,LeaderAccept
1785246954810,false,1785246954851,LeaderAccept
1785246955008,false,1785246955067,LeaderAccept
1785246955225,false,1785246955273,SlowAccept
1785246955469,true,1785246955521,SlowAccept
1785246955743,true,1785246955803,LeaderAccept
1785246956058,false,1785246956097,FastAccept
1785246956427,false,1785246956465,FastAccept
1785246956870,false,1785246956909,FastAccept
1785246957423,true,1785246957481,LeaderAccept
1785246958151,true,1785246958190,FastAccept
1785246959198,false,1785246959237,FastAccept
1785246960964,false,1785246961003,FastAccept
1785246965236,false,1785246965294,LeaderAccept
1785246974939,false,1785246974978,FastAccept
1785246974973,false,1785246975011,FastAccept
1785246975007,true,1785246975089,LeaderAccept
1785246975042,false,1785246975089,FastAccept
1785246975077,false,1785246975140,LeaderAccept
1785246975113,false,1785246975160,LeaderAccept
1785246975149,false,1785246975213,SlowAccept
1785246975186,true,1785246975229,LeaderAccept
1785246975224,false,1785246975300,LeaderAccept
1785246975262,false,1785246975317,LeaderAccept
1785246975300,false,1785246975346,FastAccept
1785246975340,false,1785246975392,LeaderAccept
1785246975381,false,1785246975445,LeaderAccept
1785246975423,true,1785246975462,FastAccept
1785246975465,false,1785246975543,LeaderAccept
1785246975508,false,1785246975564,LeaderAccept
1785246975553,false,1785246975618,SlowAccept
1785246975598,true,1785246975664,SlowAccept
1785246975644,true,1785246975690,FastAccept
1785246975691,false,1785246975736,FastAccept
1785246975738,true,1785246975784,FastAccept
1785246975787,false,1785246975826,FastAccept
1785246975838,false,1785246975896,LeaderAccept
1785246975890,false,1785246975943,LeaderAccept
1785246975944,false,1785246975982,FastAccept
1785246975999,false,1785246976044,FastAccept
1785246976055,false,1785246976109,SlowAccept
1785246976113,false,1785246976169,LeaderAccept
1785246976172,true,1785246976221,LeaderAccept
1785246976232,false,1785246976271,FastAccept
1785246976295,true,1785246976341,FastAccept
1785246976359,false,1785246976405,FastAccept
1785246976426,true,1785246976486,LeaderAccept
1785246976496,true,1785246976535,FastAccept
1785246976568,false,1785246976607,FastAccept
1785246976642,false,1785246976681,FastAccept
1785246976719,false,1785246976765,FastAccept
1785246976799,false,1785246976858,LeaderAccept
1785246976881,false,1785246976920,FastAccept
1785246976967,true,1785246977006,FastAccept
1785246977058,true,1785246977096,FastAccept
1785246977151,false,1785246977197,FastAccept
1785246977251,true,1785246977314,LeaderAccept
1785246977355,false,1785246977394,FastAccept
1785246977465,true,1785246977503,FastAccept
1785246977581,false,1785246977619,FastAccept
1785246977703,true,1785246977741,FastAccept
1785246977833,false,1785246977885,LeaderAccept
1785246977970,false,1785246978009,FastAccept
1785246978119,true,1785246978158,FastAccept
1785246978279,true,1785246978318,FastAccept
1785246978451,true,1785246978490,FastAccept
1785246978639,false,1785246978685,FastAccept
1785246978846,false,1785246978884,FastAccept
1785246979075,true,1785246979114,FastAccept
1785246979332,true,1785246979371,FastAccept
1785246979623,false,1785246979662,FastAccept
1785246979961,false,1785246979999,FastAccept
1785246980360,true,1785246980399,FastAccept
1785246980846,false,1785246980885,FastAccept
1785246981467,true,1785246981506,FastAccept
1785246982313,false,1785246982352,FastAccept
1785246983604,false,1785246983663,LeaderAccept
1785246986065,false,1785246986103,FastAccept
1785246994379,true,1785246994417,FastAccept
1785246994396,true,1785246994435,FastAccept
1785246994414,true,1785246994452,FastAccept
1785246994430,false,1785246994469,FastAccept
1785246994448,false,1785246994487,FastAccept
1785246994466,true,1785246994505,FastAccept
1785246994484,false,1785246994523,FastAccept
1785246994502,false,1785246994541,FastAccept
1785246994520,false,1785246994558,FastAccept
1785246994538,false,1785246994576,FastAccept
1785246994556,false,1785246994595,FastAccept
1785246994574,true,1785246994613,FastAccept
1785246994592,true,1785246994631,FastAccept
1785246994612,true,1785246994651,FastAccept
1785246994630,false,1785246994669,FastAccept
1785246994649,false,1785246994688,FastAccept
1785246994669,false,1785246994707,FastAccept
1785246994689,true,1785246994728,FastAccept
1785246994709,true,1785246994747,FastAccept
1785246994729,false,1785246994768,FastAccept
1785246994750,true,1785246994788,FastAccept
1785246994770,true,1785246994809,FastAccept
1785246994790,true,1785246994829,FastAccept
1785246994812,true,1785246994850,FastAccept
1785246994832,true,1785246994871,FastAccept
1785246994854,false,1785246994892,FastAccept
1785246994875,false,1785246994914,FastAccept
1785246994896,false,1785246994935,FastAccept
1785246994918,false,1785246994956,FastAccept
1785246994940,true,1785246994979,FastAccept
1785246994962,true,1785246995001,FastAccept
1785246994984,false,1785246995023,FastAccept
1785246995007,false,1785246995046,FastAccept
1785246995030,false,1785246995069,FastAccept
1785246995054,true,1785246995093,FastAccept
1785246995078,true,1785246995116,FastAccept
1785246995102,false,1785246995140,FastAccept
1785246995126,true,1785246995164,FastAccept
1785246995150,true,1785246995188,FastAccept
1785246995174,false,1785246995213,FastAccept
1785246995199,true,1785246995238,FastAccept
1785246995224,true,1785246995263,FastAccept
1785246995250,false,1785246995289,FastAccept
1785246995275,false,1785246995314,FastAccept
1785246995302,false,1785246995366,LeaderAccept
1785246995329,true,1785246995392,LeaderAccept
1785246995355,false,1785246995418,LeaderAccept
1785246995382,true,1785246995443,LeaderAccept
1785246995410,true,1785246995469,LeaderAccept
1785246995438,true,1785246995495,LeaderAccept
1785246995466,true,1785246995521,LeaderAccept
1785246995494,false,1785246995542,LeaderAccept
1785246995524,false,1785246995563,FastAccept
1785246995552,true,1785246995591,FastAccept
1785246995582,true,1785246995621,FastAccept
1785246995611,false,1785246995650,FastAccept
1785246995642,false,1785246995681,FastAccept
1785246995673,true,1785246995711,FastAccept
1785246995705,true,1785246995744,FastAccept
1785246995738,true,1785246995777,FastAccept
1785246995771,true,1785246995810,FastAccept
1785246995804,false,1785246995842,FastAccept
1785246995838,true,1785246995877,FastAccept
1785246995873,false,1785246995911,FastAccept
1785246995908,false,1785246995947,FastAccept
1785246995944,true,1785246995982,FastAccept
1785246995980,false,1785246996018,FastAccept
1785246996016,false,1785246996055,FastAccept
1785246996054,false,1785246996092,FastAccept
1785246996092,false,1785246996130,FastAccept
1785246996130,true,1785246996169,FastAccept
1785246996170,false,1785246996208,FastAccept
1785246996209,false,1785246996248,FastAccept
1785246996251,true,1785246996289,FastAccept
1785246996293,false,1785246996331,FastAccept
1785246996336,true,1785246996374,FastAccept
1785246996378,false,1785246996417,FastAccept
1785246996423,true,1785246996462,FastAccept
1785246996469,true,1785246996508,FastAccept
1785246996516,true,1785246996555,FastAccept
1785246996564,true,1785246996603,FastAccept
1785246996613,true,1785246996652,FastAccept
1785246996663,true,1785246996702,FastAccept
1785246996714,true,1785246996752,FastAccept
1785246996767,true,1785246996826,LeaderAccept
1785246996821,true,1785246996868,LeaderAccept
1785246996875,true,1785246996934,LeaderAccept
1785246996931,true,1785246996981,LeaderAccept
1785246996989,false,1785246997048,LeaderAccept
1785246997050,true,1785246997099,LeaderAccept
1785246997112,false,1785246997171,LeaderAccept
1785246997176,false,1785246997224,LeaderAccept
1785246997241,false,1785246997299,LeaderAccept
1785246997309,false,1785246997358,LeaderAccept
1785246997379,false,1785246997439,LeaderAccept
1785246997451,false,1785246997500,LeaderAccept
1785246997526,false,1785246997586,LeaderAccept
1785246997604,true,1785246997653,LeaderAccept
1785246997685,true,1785246997748,LeaderAccept
1785246997770,true,1785246997820,LeaderAccept
1785246997857,false,1785246997920,SlowAccept
1785246997948,false,1785246997998,LeaderAccept
1785246998045,false,1785246998108,LeaderAccept
1785246998146,true,1785246998184,FastAccept
1785246998251,false,1785246998314,LeaderAccept
1785246998363,false,1785246998411,LeaderAccept
1785246998480,false,1785246998546,SlowAccept
1785246998605,false,1785246998654,LeaderAccept
1785246998739,false,1785246998803,SlowAccept
1785246998881,true,1785246998919,FastAccept
1785246999033,true,1785246999098,SlowAccept
1785246999197,false,1785246999236,FastAccept
1785246999376,true,1785246999441,SlowAccept
1785246999572,false,1785246999611,FastAccept
1785246999787,true,1785246999853,SlowAccept
1785247000026,true,1785247000065,FastAccept
1785247000295,true,1785247000334,FastAccept
1785247000604,false,1785247000642,FastAccept
1785247000963,false,1785247001002,FastAccept
1785247001392,true,1785247001431,FastAccept
1785247001925,true,1785247001963,FastAccept
1785247002619,true,1785247002658,FastAccept
1785247003603,false,1785247003642,FastAccept
1785247005209,false,1785247005247,FastAccept
1785247008792,false,1785247008833,LeaderAccept
1785247023425,false,1785247023464,FastAccept
1785247023450,true,1785247023488,FastAccept
1785247023474,false,1785247023513,FastAccept
1785247023500,false,1785247023538,FastAccept
1785247023524,false,1785247023563,FastAccept
1785247023549,false,1785247023588,FastAccept
1785247023575,true,1785247023614,FastAccept
1785247023602,true,1785247023641,FastAccept
1785247023629,true,1785247023668,FastAccept
1785247023656,false,1785247023695,FastAccept
1785247023684,false,1785247023723,FastAccept
1785247023712,false,1785247023750,FastAccept
1785247023740,false,1785247023779,FastAccept
1785247023769,true,1785247023807,FastAccept
1785247023798,false,1785247023836,FastAccept
1785247023827,false,1785247023866,FastAccept
1785247023857,false,1785247023895,FastAccept
1785247023887,false,1785247023926,FastAccept
1785247023918,true,1785247023956,FastAccept
1785247023949,false,1785247023987,FastAccept
1785247023981,false,1785247024020,FastAccept
1785247024013,false,1785247024051,FastAccept
1785247024045,true,1785247024084,FastAccept
1785247024077,false,1785247024116,FastAccept
1785247024111,true,1785247024149,FastAccept
1785247024145,false,1785247024184,FastAccept
1785247024179,false,1785247024218,FastAccept
1785247024215,false,1785247024254,FastAccept
1785247024250,true,1785247024289,FastAccept
1785247024287,false,1785247024325,FastAccept
1785247024323,false,1785247024362,FastAccept
1785247024361,false,1785247024399,FastAccept
1785247024399,true,1785247024437,FastAccept
1785247024437,false,1785247024476,FastAccept
1785247024478,true,1785247024516,FastAccept
1785247024519,true,1785247024557,FastAccept
1785247024560,false,1785247024599,FastAccept
1785247024603,false,1785247024641,FastAccept
1785247024646,true,1785247024684,FastAccept
1785247024689,false,1785247024728,FastAccept
1785247024734,false,1785247024773,FastAccept
1785247024781,false,1785247024820,FastAccept
1785247024828,false,1785247024866,FastAccept
1785247024875,false,1785247024914,FastAccept
1785247024924,false,1785247024963,FastAccept
1785247024975,false,1785247025014,FastAccept
1785247025027,true,1785247025065,FastAccept
1785247025080,false,1785247025119,FastAccept
1785247025135,false,1785247025173,FastAccept
1785247025191,false,1785247025229,FastAccept
1785247025248,true,1785247025287,FastAccept
1785247025307,true,1785247025346,FastAccept
1785247025368,true,1785247025406,FastAccept
1785247025431,true,1785247025470,FastAccept
1785247025496,true,1785247025535,FastAccept
1785247025563,true,1785247025602,FastAccept
1785247025632,true,1785247025671,FastAccept
1785247025704,true,1785247025744,FastAccept
1785247025777,true,1785247025816,FastAccept
1785247025853,false,1785247025892,FastAccept
1785247025932,true,1785247025971,FastAccept
1785247026015,false,1785247026054,FastAccept
1785247026101,true,1785247026140,FastAccept
1785247026192,true,1785247026230,FastAccept
1785247026286,false,1785247026325,FastAccept
1785247026384,false,1785247026423,FastAccept
1785247026488,true,1785247026527,FastAccept
1785247026597,false,1785247026636,FastAccept
1785247026712,false,1785247026751,FastAccept
1785247026834,true,1785247026873,FastAccept
1785247026964,false,1785247027003,FastAccept
1785247027102,false,1785247027141,FastAccept
1785247027249,false,1785247027288,FastAccept
1785247027408,true,1785247027447,FastAccept
1785247027580,true,1785247027619,FastAccept
1785247027767,true,1785247027806,FastAccept
1785247027973,true,1785247028012,FastAccept
1785247028200,false,1785247028238,FastAccept
1785247028454,true,1785247028492,FastAccept
1785247028743,true,1785247028781,FastAccept
1785247029077,true,1785247029131,LeaderAccept
1785247029471,false,1785247029510,FastAccept
1785247029951,false,1785247030005,LeaderAccept
1785247030560,true,1785247030599,FastAccept
1785247031387,false,1785247031426,FastAccept
1785247032636,true,1785247032674,FastAccept
1785247034966,false,1785247035005,FastAccept
1785247042435,false,1785247042474,FastAccept
1785247060798,false,1785247060852,LeaderAccept
1785247060819,false,1785247060878,LeaderAccept
1785247060839,true,1785247060929,LeaderAccept
1785247060860,true,1785247060924,SlowAccept
1785247060881,false,1785247060933,LeaderAccept
1785247060901,false,1785247060955,LeaderAccept
1785247060923,true,1785247060981,LeaderAccept
1785247060944,false,1785247061021,LeaderAccept
1785247060965,true,1785247061026,LeaderAccept
1785247060986,false,1785247061073,LeaderAccept
1785247061009,false,1785247061073,SlowAccept
1785247061030,true,1785247061087,LeaderAccept
1785247061053,true,1785247061113,LeaderAccept
1785247061076,true,1785247061138,LeaderAccept
1785247061099,true,1785247061159,LeaderAccept
1785247061122,false,1785247061182,LeaderAccept
1785247061146,true,1785247061208,LeaderAccept
1785247061170,false,1785247061228,LeaderAccept
1785247061193,false,1785247061249,LeaderAccept
1785247061217,true,1785247061275,LeaderAccept
1785247061241,true,1785247061301,LeaderAccept
1785247061267,false,1785247061326,LeaderAccept
1785247061292,false,1785247061352,LeaderAccept
1785247061318,true,1785247061397,LeaderAccept
1785247061344,false,1785247061397,LeaderAccept
1785247061370,true,1785247061418,LeaderAccept
1785247061397,false,1785247061461,LeaderAccept
1785247061424,false,1785247061487,LeaderAccept
1785247061451,false,1785247061509,LeaderAccept
1785247061479,false,1785247061535,LeaderAccept
1785247061506,false,1785247061561,LeaderAccept
1785247061535,true,1785247061582,LeaderAccept
1785247061563,false,1785247061601,FastAccept
1785247061592,true,1785247061653,LeaderAccept
1785247061620,false,1785247061679,LeaderAccept
1785247061650,false,1785247061699,LeaderAccept
1785247061679,true,1785247061738,LeaderAccept
1785247061710,false,1785247061758,LeaderAccept
1785247061741,true,1785247061779,FastAccept
1785247061772,false,1785247061817,FastAccept
1785247061804,true,1785247061869,LeaderAccept
1785247061837,true,1785247061889,LeaderAccept
1785247061870,true,1785247061908,FastAccept
1785247061904,true,1785247061957,LeaderAccept
1785247061938,true,1785247062004,SlowAccept
1785247061973,true,1785247062038,LeaderAccept
1785247062009,false,1785247062058,LeaderAccept
1785247062045,false,1785247062109,LeaderAccept
1785247062082,false,1785247062129,LeaderAccept
1785247062120,false,1785247062159,FastAccept
1785247062158,false,1785247062206,LeaderAccept
1785247062197,true,1785247062261,SlowAccept
1785247062236,false,1785247062287,LeaderAccept
1785247062277,true,1785247062315,FastAccept
1785247062317,true,1785247062383,LeaderAccept
1785247062359,true,1785247062397,FastAccept
1785247062401,false,1785247062440,FastAccept
1785247062444,true,1785247062493,LeaderAccept
1785247062489,false,1785247062535,FastAccept
1785247062534,false,1785247062581,LeaderAccept
1785247062580,false,1785247062619,FastAccept
1785247062628,false,1785247062686,LeaderAccept
1785247062677,false,1785247062715,FastAccept
1785247062727,true,1785247062765,FastAccept
1785247062778,false,1785247062816,FastAccept
1785247062829,false,1785247062868,FastAccept
1785247062883,false,1785247062922,FastAccept
1785247062938,false,1785247062976,FastAccept
1785247062995,true,1785247063050,LeaderAccept
1785247063053,false,1785247063091,FastAccept
1785247063113,false,1785247063151,FastAccept
1785247063173,true,1785247063212,FastAccept
1785247063237,false,1785247063275,FastAccept
1785247063302,true,1785247063341,FastAccept
1785247063369,true,1785247063408,FastAccept
1785247063439,true,1785247063498,LeaderAccept
1785247063512,true,1785247063551,FastAccept
1785247063586,true,1785247063625,FastAccept
1785247063664,true,1785247063702,FastAccept
1785247063745,false,1785247063783,FastAccept
1785247063829,false,1785247063867,FastAccept
1785247063917,true,1785247063956,FastAccept
1785247064008,false,1785247064064,LeaderAccept
1785247064104,true,1785247064143,FastAccept
1785247064204,true,1785247064243,FastAccept
1785247064310,false,1785247064349,FastAccept
1785247064421,true,1785247064460,FastAccept
1785247064539,false,1785247064578,FastAccept
1785247064663,true,1785247064703,FastAccept
1785247064795,true,1785247064834,FastAccept
1785247064936,false,1785247064975,FastAccept
1785247065088,false,1785247065126,FastAccept
1785247065250,true,1785247065290,FastAccept
1785247065428,false,1785247065467,FastAccept
1785247065621,true,1785247065660,FastAccept
1785247065834,true,1785247065873,FastAccept
1785247066071,true,1785247066110,FastAccept
1785247066337,false,1785247066376,FastAccept
1785247066640,true,1785247066679,FastAccept
1785247066993,true,1785247067032,FastAccept
1785247067415,true,1785247067454,FastAccept
1785247067934,true,1785247067973,FastAccept
1785247068609,false,1785247068648,FastAccept
1785247069554,false,1785247069593,FastAccept
1785247071068,true,1785247071106,FastAccept
1785247074293,false,1785247074332,FastAccept
1785247076712,false,1785247076750,FastAccept
1785247076729,true,1785247076767,FastAccept
1785247076746,false,1785247076785,FastAccept
1785247076764,true,1785247076802,FastAccept
1785247076781,false,1785247076820,FastAccept
1785247076799,false,1785247076837,FastAccept
1785247076816,false,1785247076855,FastAccept
1785247076835,true,1785247076873,FastAccept
1785247076852,false,1785247076890,FastAccept
1785247076871,true,1785247076909,FastAccept
1785247076888,false,1785247076927,FastAccept
1785247076907,false,1785247076945,FastAccept
1785247076926,false,1785247076964,FastAccept
1785247076945,false,1785247076983,FastAccept
1785247076964,true,1785247077002,FastAccept
1785247076982,false,1785247077021,FastAccept
1785247077001,true,1785247077040,FastAccept
1785247077021,false,1785247077059,FastAccept
1785247077040,false,1785247077078,FastAccept
1785247077060,true,1785247077099,FastAccept
1785247077080,false,1785247077118,FastAccept
1785247077100,true,1785247077138,FastAccept
1785247077119,true,1785247077158,FastAccept
1785247077140,false,1785247077178,FastAccept
1785247077160,true,1785247077199,FastAccept
1785247077182,false,1785247077221,FastAccept
1785247077203,false,1785247077242,FastAccept
1785247077225,true,1785247077263,FastAccept
1785247077247,true,1785247077285,FastAccept
1785247077269,true,1785247077308,FastAccept
1785247077290,true,1785247077329,FastAccept
1785247077313,false,1785247077352,FastAccept
1785247077336,true,1785247077375,FastAccept
1785247077359,false,1785247077398,FastAccept
1785247077382,false,1785247077420,FastAccept
1785247077405,true,1785247077444,FastAccept
1785247077429,false,1785247077467,FastAccept
1785247077453,false,1785247077492,FastAccept
1785247077477,false,1785247077515,FastAccept
1785247077501,true,1785247077540,FastAccept
1785247077525,true,1785247077564,FastAccept
1785247077551,true,1785247077590,FastAccept
1785247077575,true,1785247077614,FastAccept
1785247077601,true,1785247077640,FastAccept
1785247077627,true,1785247077666,FastAccept
1785247077653,false,1785247077692,FastAccept
1785247077680,false,1785247077718,FastAccept
1785247077707,true,1785247077746,FastAccept
1785247077734,true,1785247077772,FastAccept
1785247077762,true,1785247077801,FastAccept
1785247077789,false,1785247077828,FastAccept
1785247077818,false,1785247077857,FastAccept
1785247077846,true,1785247077885,FastAccept
1785247077876,false,1785247077915,FastAccept
1785247077906,true,1785247077945,FastAccept
1785247077936,true,1785247077974,FastAccept
1785247077967,true,1785247078006,FastAccept
1785247077997,true,1785247078036,FastAccept
1785247078029,true,1785247078068,FastAccept
1785247078060,false,1785247078099,FastAccept
1785247078093,true,1785247078132,FastAccept
1785247078125,false,1785247078164,FastAccept
1785247078159,true,1785247078198,FastAccept
1785247078193,true,1785247078232,FastAccept
1785247078228,false,1785247078267,FastAccept
1785247078263,true,1785247078301,FastAccept
1785247078299,true,1785247078338,FastAccept
1785247078336,true,1785247078374,FastAccept
1785247078373,true,1785247078411,FastAccept
1785247078410,false,1785247078449,FastAccept
1785247078449,false,1785247078487,FastAccept
1785247078487,false,1785247078526,FastAccept
1785247078526,true,1785247078565,FastAccept
1785247078566,true,1785247078605,FastAccept
1785247078608,true,1785247078647,FastAccept
1785247078650,true,1785247078689,FastAccept
1785247078693,false,1785247078731,FastAccept
1785247078737,false,1785247078776,FastAccept
1785247078782,true,1785247078820,FastAccept
1785247078827,true,1785247078866,FastAccept
1785247078874,true,1785247078913,FastAccept
1785247078922,true,1785247078960,FastAccept
1785247078971,true,1785247079010,FastAccept
1785247079021,true,1785247079060,FastAccept
1785247079072,true,1785247079111,FastAccept
1785247079124,false,1785247079163,FastAccept
1785247079178,false,1785247079217,FastAccept
1785247079234,false,1785247079273,FastAccept
1785247079291,false,1785247079330,FastAccept
1785247079350,true,1785247079389,FastAccept
1785247079411,false,1785247079450,FastAccept
1785247079473,false,1785247079512,FastAccept
1785247079537,true,1785247079576,FastAccept
1785247079603,false,1785247079642,FastAccept
1785247079671,false,1785247079730,LeaderAccept
1785247079741,false,1785247079800,SlowAccept
1785247079815,false,1785247079869,SlowAccept
1785247079891,false,1785247079950,LeaderAccept
1785247079969,false,1785247080038,LeaderAccept
1785247080051,true,1785247080114,LeaderAccept
1785247080137,true,1785247080193,LeaderAccept
1785247080225,true,1785247080276,SlowAccept
1785247080319,false,1785247080362,SlowAccept
1785247080416,true,1785247080457,SlowAccept
1785247080518,false,1785247080577,SlowAccept
1785247080625,false,1785247080716,LeaderAccept
1785247080739,true,1785247080817,SlowAccept
1785247080859,true,1785247080907,SlowAccept
1785247080987,false,1785247081034,LeaderAccept
1785247081122,false,1785247081181,SlowAccept
1785247081266,false,1785247081322,LeaderAccept
1785247081421,false,1785247081480,SlowAccept
1785247081589,false,1785247081655,LeaderAccept
1785247081771,true,1785247081824,SlowAccept
1785247081972,true,1785247082014,LeaderAccept
1785247082193,false,1785247082239,FastAccept
1785247082440,false,1785247082499,LeaderAccept
1785247082718,true,1785247082757,FastAccept
1785247083038,false,1785247083084,FastAccept
1785247083415,false,1785247083469,LeaderAccept
1785247083869,false,1785247083907,FastAccept
1785247084437,true,1785247084496,LeaderAccept
1785247085192,false,1785247085231,FastAccept
1785247086293,false,1785247086348,LeaderAccept
1785247088202,true,1785247088241,FastAccept
1785247093156,false,1785247093195,FastAccept
1785247098751,true,1785247098789,FastAccept
1785247098778,true,1785247098824,FastAccept
1785247098805,false,1785247098870,SlowAccept
1785247098832,false,1785247098896,SlowAccept
1785247098859,false,1785247098924,LeaderAccept
1785247098888,false,1785247098950,LeaderAccept
1785247098916,false,1785247098976,LeaderAccept
1785247098944,true,1785247099002,LeaderAccept
1785247098973,true,1785247099023,LeaderAccept
1785247099003,false,1785247099042,FastAccept
1785247099033,true,1785247099086,SlowAccept
1785247099063,true,1785247099112,LeaderAccept
1785247099094,true,1785247099132,FastAccept
1785247099125,false,1785247099164,FastAccept
1785247099156,true,1785247099202,FastAccept
1785247099189,false,1785247099254,LeaderAccept
1785247099221,true,1785247099274,LeaderAccept
1785247099254,true,1785247099302,LeaderAccept
1785247099288,false,1785247099354,LeaderAccept
1785247099322,true,1785247099374,LeaderAccept
1785247099357,true,1785247099396,FastAccept
1785247099392,false,1785247099431,FastAccept
1785247099429,true,1785247099468,FastAccept
1785247099465,true,1785247099504,FastAccept
1785247099503,true,1785247099541,FastAccept
1785247099541,true,1785247099598,LeaderAccept
1785247099580,true,1785247099618,FastAccept
1785247099619,true,1785247099680,LeaderAccept
1785247099659,false,1785247099698,FastAccept
1785247099701,false,1785247099753,LeaderAccept
1785247099742,false,1785247099781,FastAccept
1785247099784,false,1785247099830,FastAccept
1785247099828,true,1785247099876,LeaderAccept
1785247099873,true,1785247099919,FastAccept
1785247099919,false,1785247099966,LeaderAccept
1785247099965,true,1785247100004,FastAccept
1785247100013,false,1785247100052,FastAccept
1785247100062,true,1785247100100,FastAccept
1785247100112,false,1785247100150,FastAccept
1785247100163,false,1785247100202,FastAccept
1785247100215,true,1785247100254,FastAccept
1785247100270,true,1785247100309,FastAccept
1785247100325,false,1785247100364,FastAccept
1785247100383,true,1785247100421,FastAccept
1785247100441,true,1785247100479,FastAccept
1785247100501,true,1785247100539,FastAccept
1785247100563,false,1785247100622,LeaderAccept
1785247100627,true,1785247100666,FastAccept
1785247100693,false,1785247100746,LeaderAccept
1785247100761,true,1785247100799,FastAccept
1785247100832,false,1785247100877,FastAccept
1785247100905,true,1785247100943,FastAccept
1785247100981,false,1785247101026,FastAccept
1785247101059,false,1785247101097,FastAccept
1785247101141,true,1785247101179,FastAccept
1785247101225,true,1785247101264,FastAccept
1785247101314,false,1785247101353,FastAccept
1785247101407,true,1785247101446,FastAccept
1785247101503,false,1785247101542,FastAccept
1785247101604,false,1785247101643,FastAccept
1785247101712,true,1785247101750,FastAccept
1785247101825,true,1785247101863,FastAccept
1785247101944,true,1785247101983,FastAccept
1785247102070,true,1785247102109,FastAccept
1785247102204,true,1785247102243,FastAccept
1785247102347,false,1785247102406,LeaderAccept
1785247102502,true,1785247102565,LeaderAccept
1785247102669,false,1785247102725,LeaderAccept
1785247102849,true,1785247102913,LeaderAccept
1785247103048,false,1785247103107,LeaderAccept
1785247103266,true,1785247103329,SlowAccept
1785247103510,false,1785247103556,FastAccept
1785247103785,false,1785247103880,LeaderAccept
1785247104101,false,1785247104149,LeaderAccept
1785247104471,false,1785247104517,FastAccept
1785247104916,true,1785247104968,LeaderAccept
1785247105471,false,1785247105510,FastAccept
1785247106203,true,1785247106242,FastAccept
1785247107258,true,1785247107297,FastAccept
1785247109045,false,1785247109084,FastAccept
1785247113409,true,1785247113526,LeaderAccept
1785247147950,false,1785247147989,FastAccept
1785247147984,true,1785247148034,LeaderAccept
1785247148020,false,1785247148084,LeaderAccept
1785247148055,true,1785247148105,LeaderAccept
1785247148092,false,1785247148131,FastAccept
1785247148129,false,1785247148168,FastAccept
1785247148167,true,1785247148206,FastAccept
1785247148206,false,1785247148259,LeaderAccept
1785247148245,false,1785247148285,FastAccept
1785247148285,false,1785247148324,FastAccept
1785247148326,true,1785247148365,FastAccept
1785247148368,false,1785247148407,FastAccept
1785247148411,true,1785247148449,FastAccept
1785247148454,false,1785247148510,LeaderAccept
1785247148498,false,1785247148537,FastAccept
1785247148544,true,1785247148583,FastAccept
1785247148591,false,1785247148630,FastAccept
1785247148639,true,1785247148678,FastAccept
1785247148688,true,1785247148727,FastAccept
1785247148738,true,1785247148829,LeaderAccept
1785247148789,false,1785247148849,LeaderAccept
1785247148842,true,1785247148880,FastAccept
1785247148896,true,1785247148934,FastAccept
1785247148951,false,1785247148989,FastAccept
1785247149008,true,1785247149046,FastAccept
1785247149066,true,1785247149124,LeaderAccept
1785247149126,true,1785247149164,FastAccept
1785247149187,true,1785247149226,FastAccept
1785247149251,true,1785247149289,FastAccept
1785247149317,true,1785247149356,FastAccept
1785247149385,false,1785247149424,FastAccept
1785247149455,true,1785247149512,LeaderAccept
1785247149528,true,1785247149567,FastAccept
1785247149603,true,1785247149643,FastAccept
1785247149682,false,1785247149721,FastAccept
1785247149763,true,1785247149802,FastAccept
1785247149848,false,1785247149887,FastAccept
1785247149936,false,1785247149975,FastAccept
1785247150028,true,1785247150067,FastAccept
1785247150124,true,1785247150163,FastAccept
1785247150225,true,1785247150271,FastAccept
1785247150332,false,1785247150394,LeaderAccept
1785247150443,true,1785247150499,LeaderAccept
1785247150562,true,1785247150601,FastAccept
1785247150688,true,1785247150754,SlowAccept
1785247150821,true,1785247150880,LeaderAccept
1785247150963,true,1785247151011,LeaderAccept
1785247151115,false,1785247151154,FastAccept
1785247151280,true,1785247151344,SlowAccept
1785247151458,false,1785247151511,LeaderAccept
1785247151654,false,1785247151693,FastAccept
1785247151869,false,1785247151908,FastAccept
1785247152108,true,1785247152170,LeaderAccept
1785247152379,true,1785247152418,FastAccept
1785247152688,true,1785247152727,FastAccept
1785247153049,true,1785247153088,FastAccept
1785247153481,true,1785247153520,FastAccept
1785247154017,true,1785247154056,FastAccept
1785247154717,false,1785247154755,FastAccept
1785247155708,true,1785247155747,FastAccept
1785247157337,false,1785247157376,FastAccept
1785247161013,false,1785247161076,SlowAccept
1785247179323,true,1785247179362,FastAccept
1785247179363,true,1785247179402,FastAccept
1785247179403,true,1785247179441,FastAccept
1785247179443,false,1785247179482,FastAccept
1785247179484,true,1785247179523,FastAccept
1785247179526,false,1785247179565,FastAccept
1785247179570,true,1785247179609,FastAccept
1785247179614,false,1785247179652,FastAccept
1785247179659,false,1785247179697,FastAccept
1785247179704,false,1785247179743,FastAccept
1785247179751,false,1785247179790,FastAccept
1785247179800,true,1785247179839,FastAccept
1785247179849,false,1785247179888,FastAccept
1785247179900,false,1785247179957,LeaderAccept
1785247179951,true,1785247179990,FastAccept
1785247180004,false,1785247180043,FastAccept
1785247180059,false,1785247180097,FastAccept
1785247180115,true,1785247180153,FastAccept
1785247180172,true,1785247180210,FastAccept
1785247180231,false,1785247180269,FastAccept
1785247180292,false,1785247180331,FastAccept
1785247180355,false,1785247180394,FastAccept
1785247180420,true,1785247180459,FastAccept
1785247180486,false,1785247180525,FastAccept
1785247180555,true,1785247180594,FastAccept
1785247180627,false,1785247180666,FastAccept
1785247180701,true,1785247180739,FastAccept
1785247180778,true,1785247180816,FastAccept
1785247180858,false,1785247180896,FastAccept
1785247180941,false,1785247180980,FastAccept
1785247181027,true,1785247181066,FastAccept
1785247181117,false,1785247181156,FastAccept
1785247181212,true,1785247181251,FastAccept
1785247181310,true,1785247181349,FastAccept
1785247181414,true,1785247181453,FastAccept
1785247181524,false,1785247181563,FastAccept
1785247181639,false,1785247181678,FastAccept
1785247181761,false,1785247181800,FastAccept
1785247181891,true,1785247181930,FastAccept
1785247182028,true,1785247182088,LeaderAccept
1785247182177,false,1785247182216,FastAccept
1785247182336,true,1785247182375,FastAccept
1785247182508,true,1785247182548,FastAccept
1785247182696,false,1785247182735,FastAccept
1785247182902,true,1785247182940,FastAccept
1785247183130,false,1785247183169,FastAccept
1785247183385,true,1785247183425,FastAccept
1785247183675,false,1785247183714,FastAccept
1785247184011,true,1785247184057,FastAccept
1785247184407,false,1785247184460,LeaderAccept
1785247184888,true,1785247184938,FastAccept
1785247185502,true,1785247185587,LeaderAccept
1785247186334,false,1785247186381,FastAccept
1785247187598,false,1785247187636,FastAccept
1785247189972,false,1785247190011,FastAccept
1785247197753,false,1785247197792,FastAccept
1785247215098,false,1785247215137,FastAccept
1785247215120,true,1785247215159,FastAccept
1785247215143,true,1785247215182,FastAccept
1785247215165,true,1785247215204,FastAccept
1785247215189,true,1785247215228,FastAccept
1785247215213,true,1785247215259,FastAccept
1785247215237,false,1785247215275,FastAccept
1785247215260,true,1785247215299,FastAccept
1785247215285,true,1785247215324,FastAccept
1785247215309,true,1785247215376,SlowAccept
1785247215334,false,1785247215376,FastAccept
1785247215359,true,1785247215398,FastAccept
1785247215385,false,1785247215424,FastAccept
1785247215411,false,1785247215450,FastAccept
1785247215436,false,1785247215475,FastAccept
1785247215462,false,1785247215501,FastAccept
1785247215489,false,1785247215528,FastAccept
1785247215517,true,1785247215556,FastAccept
1785247215545,true,1785247215584,FastAccept
1785247215573,true,1785247215612,FastAccept
1785247215601,false,1785247215640,FastAccept
1785247215630,false,1785247215668,FastAccept
1785247215659,false,1785247215698,FastAccept
1785247215688,false,1785247215727,FastAccept
1785247215718,false,1785247215756,FastAccept
1785247215748,true,1785247215787,FastAccept
1785247215779,true,1785247215817,FastAccept
1785247215809,true,1785247215848,FastAccept
1785247215841,false,1785247215879,FastAccept
1785247215872,false,1785247215911,FastAccept
1785247215905,false,1785247215943,FastAccept
1785247215937,false,1785247215976,FastAccept
1785247215970,true,1785247216009,FastAccept
1785247216004,false,1785247216043,FastAccept
1785247216039,true,1785247216078,FastAccept
1785247216075,false,1785247216125,LeaderAccept
1785247216111,true,1785247216150,FastAccept
1785247216148,true,1785247216186,FastAccept
1785247216185,true,1785247216223,FastAccept
1785247216223,true,1785247216261,FastAccept
1785247216261,false,1785247216299,FastAccept
1785247216299,true,1785247216338,FastAccept
1785247216339,false,1785247216378,FastAccept
1785247216379,false,1785247216418,FastAccept
1785247216421,false,1785247216460,FastAccept
1785247216464,true,1785247216514,LeaderAccept
1785247216508,true,1785247216547,FastAccept
1785247216552,false,1785247216591,FastAccept
1785247216596,false,1785247216635,FastAccept
1785247216643,true,1785247216682,FastAccept
1785247216690,false,1785247216729,FastAccept
1785247216739,false,1785247216778,FastAccept
1785247216789,true,1785247216828,FastAccept
1785247216839,false,1785247216878,FastAccept
1785247216892,false,1785247216931,FastAccept
1785247216946,false,1785247217003,LeaderAccept
1785247217000,false,1785247217039,FastAccept
1785247217056,true,1785247217096,FastAccept
1785247217115,true,1785247217154,FastAccept
1785247217175,false,1785247217213,FastAccept
1785247217236,true,1785247217274,FastAccept
1785247217298,false,1785247217337,FastAccept
1785247217363,false,1785247217402,FastAccept
1785247217431,false,1785247217470,FastAccept
1785247217501,false,1785247217540,FastAccept
1785247217573,false,1785247217611,FastAccept
1785247217648,true,1785247217686,FastAccept
1785247217725,false,1785247217763,FastAccept
1785247217805,true,1785247217844,FastAccept
1785247217888,true,1785247217927,FastAccept
1785247217975,false,1785247218014,FastAccept
1785247218066,true,1785247218105,FastAccept
1785247218160,true,1785247218200,FastAccept
1785247218260,false,1785247218299,FastAccept
1785247218365,true,1785247218404,FastAccept
1785247218476,false,1785247218515,FastAccept
1785247218593,false,1785247218632,FastAccept
1785247218716,true,1785247218755,FastAccept
1785247218847,false,1785247218887,FastAccept
1785247218988,false,1785247219027,FastAccept
1785247219138,true,1785247219176,FastAccept
1785247219299,true,1785247219338,FastAccept
1785247219474,true,1785247219513,FastAccept
1785247219665,false,1785247219704,FastAccept
1785247219876,true,1785247219915,FastAccept
1785247220109,true,1785247220148,FastAccept
1785247220372,false,1785247220410,FastAccept
1785247220671,false,1785247220710,FastAccept
1785247221018,false,1785247221057,FastAccept
1785247221430,false,1785247221468,FastAccept
1785247221936,false,1785247221975,FastAccept
1785247222587,true,1785247222626,FastAccept
1785247223488,true,1785247223527,FastAccept
1785247224902,false,1785247224940,FastAccept
1785247227264,true,1785247227303,FastAccept
1785247227284,false,1785247227322,FastAccept
1785247227304,false,1785247227343,FastAccept
1785247227325,false,1785247227363,FastAccept
1785247227345,true,1785247227384,FastAccept
1785247227365,false,1785247227404,FastAccept
1785247227386,false,1785247227424,FastAccept
1785247227407,false,1785247227446,FastAccept
1785247227428,true,1785247227467,FastAccept
1785247227450,true,1785247227488,FastAccept
1785247227472,true,1785247227510,FastAccept
1785247227494,false,1785247227532,FastAccept
1785247227516,false,1785247227554,FastAccept
1785247227538,true,1785247227577,FastAccept
1785247227560,false,1785247227600,FastAccept
1785247227584,true,1785247227623,FastAccept
1785247227607,true,1785247227645,FastAccept
1785247227631,false,1785247227670,FastAccept
1785247227655,true,1785247227693,FastAccept
1785247227679,true,1785247227717,FastAccept
1785247227704,false,1785247227742,FastAccept
1785247227729,true,1785247227767,FastAccept
1785247227754,true,1785247227793,FastAccept
1785247227779,true,1785247227818,FastAccept
1785247227805,false,1785247227843,FastAccept
1785247227830,false,1785247227869,FastAccept
1785247227857,true,1785247227895,FastAccept
1785247227883,true,1785247227922,FastAccept
1785247227910,false,1785247227949,FastAccept
1785247227936,true,1785247228001,LeaderAccept
1785247227964,false,1785247228066,LeaderAccept
1785247227992,false,1785247228051,SlowAccept
1785247228019,true,1785247228079,LeaderAccept
1785247228048,false,1785247228105,LeaderAccept
1785247228076,true,1785247228126,LeaderAccept
1785247228105,false,1785247228168,LeaderAccept
1785247228135,true,1785247228197,LeaderAccept
1785247228164,true,1785247228227,LeaderAccept
1785247228195,false,1785247228278,LeaderAccept
1785247228227,true,1785247228278,LeaderAccept
1785247228258,true,1785247228319,SlowAccept
1785247228291,true,1785247228366,LeaderAccept
1785247228324,true,1785247228366,LeaderAccept
1785247228357,false,1785247228427,LeaderAccept
1785247228391,true,1785247228477,LeaderAccept
1785247228425,true,1785247228475,LeaderAccept
1785247228460,false,1785247228520,SlowAccept
1785247228496,false,1785247228551,LeaderAccept
1785247228532,false,1785247228587,SlowAccept
1785247228569,true,1785247228628,SlowAccept
1785247228606,true,1785247228658,LeaderAccept
1785247228645,false,1785247228715,LeaderAccept
1785247228684,false,1785247228745,LeaderAccept
1785247228724,false,1785247228783,LeaderAccept
1785247228764,true,1785247228823,SlowAccept
1785247228804,true,1785247228868,SlowAccept
1785247228845,false,1785247228899,LeaderAccept
1785247228888,true,1785247228947,LeaderAccept
1785247228932,true,1785247229001,LeaderAccept
1785247228977,true,1785247229016,FastAccept
1785247229023,true,1785247229082,SlowAccept
1785247229070,true,1785247229129,LeaderAccept
1785247229117,true,1785247229176,SlowAccept
1785247229166,false,1785247229234,LeaderAccept
1785247229216,true,1785247229275,LeaderAccept
1785247229267,true,1785247229325,LeaderAccept
1785247229319,true,1785247229362,LeaderAccept
1785247229373,false,1785247229427,SlowAccept
1785247229428,false,1785247229486,LeaderAccept
1785247229484,true,1785247229538,LeaderAccept
1785247229543,false,1785247229602,LeaderAccept
1785247229602,false,1785247229641,FastAccept
1785247229664,false,1785247229722,LeaderAccept
1785247229728,true,1785247229767,FastAccept
1785247229793,true,1785247229832,FastAccept
1785247229861,true,1785247229920,LeaderAccept
1785247229930,true,1785247229970,FastAccept
1785247230003,true,1785247230042,FastAccept
1785247230078,true,1785247230138,LeaderAccept
1785247230156,false,1785247230195,FastAccept
1785247230237,false,1785247230275,FastAccept
1785247230321,false,1785247230380,LeaderAccept
1785247230408,false,1785247230447,FastAccept
1785247230500,false,1785247230539,FastAccept
1785247230595,false,1785247230655,LeaderAccept
1785247230696,false,1785247230735,FastAccept
1785247230801,true,1785247230840,FastAccept
1785247230913,true,1785247230973,LeaderAccept
1785247231031,true,1785247231070,FastAccept
1785247231156,true,1785247231194,FastAccept
1785247231289,true,1785247231350,LeaderAccept
1785247231431,true,1785247231480,LeaderAccept
1785247231583,true,1785247231642,LeaderAccept
1785247231747,false,1785247231811,SlowAccept
1785247231926,false,1785247231976,LeaderAccept
1785247232119,true,1785247232182,LeaderAccept
1785247232333,true,1785247232372,FastAccept
1785247232572,true,1785247232631,LeaderAccept
1785247232840,false,1785247232879,FastAccept
1785247233146,true,1785247233231,LeaderAccept
1785247233503,false,1785247233541,FastAccept
1785247233930,true,1785247233995,SlowAccept
1785247234457,false,1785247234497,FastAccept
1785247235144,true,1785247235182,FastAccept
1785247236111,false,1785247236150,FastAccept
1785247237679,true,1785247237718,FastAccept
1785247241112,true,1785247241151,FastAccept
1785247246077,true,1785247246116,FastAccept
1785247246098,false,1785247246136,FastAccept
1785247246120,false,1785247246159,FastAccept
1785247246142,true,1785247246180,FastAccept
1785247246164,false,1785247246202,FastAccept
1785247246185,true,1785247246224,FastAccept
1785247246208,true,1785247246246,FastAccept
1785247246230,false,1785247246269,FastAccept
1785247246252,true,1785247246291,FastAccept
1785247246276,true,1785247246315,FastAccept
1785247246299,true,1785247246338,FastAccept
1785247246322,false,1785247246361,FastAccept
1785247246346,true,1785247246385,FastAccept
1785247246370,true,1785247246409,FastAccept
1785247246394,false,1785247246434,FastAccept
1785247246419,true,1785247246458,FastAccept
1785247246445,false,1785247246484,FastAccept
1785247246469,true,1785247246516,FastAccept
1785247246495,true,1785247246541,FastAccept
1785247246521,false,1785247246567,FastAccept
1785247246547,true,1785247246614,SlowAccept
1785247246574,false,1785247246641,SlowAccept
1785247246601,true,1785247246667,SlowAccept
1785247246628,false,1785247246692,SlowAccept
1785247246656,false,1785247246719,SlowAccept
1785247246684,false,1785247246751,LeaderAccept
1785247246712,false,1785247246777,LeaderAccept
1785247246741,true,1785247246803,LeaderAccept
1785247246770,false,1785247246830,LeaderAccept
1785247246800,false,1785247246851,LeaderAccept
1785247246830,true,1785247246868,FastAccept
1785247246860,false,1785247246898,FastAccept
1785247246891,true,1785247246929,FastAccept
1785247246921,false,1785247246960,FastAccept
1785247246954,true,1785247246993,FastAccept
1785247246987,false,1785247247027,FastAccept
1785247247020,true,1785247247059,FastAccept
1785247247054,true,1785247247093,FastAccept
1785247247088,true,1785247247127,FastAccept
1785247247122,true,1785247247162,FastAccept
1785247247158,false,1785247247197,FastAccept
1785247247194,true,1785247247262,LeaderAccept
1785247247230,false,1785247247283,LeaderAccept
1785247247266,false,1785247247305,FastAccept
1785247247304,true,1785247247343,FastAccept
1785247247342,false,1785247247381,FastAccept
1785247247381,false,1785247247420,FastAccept
1785247247421,false,1785247247460,FastAccept
1785247247462,true,1785247247501,FastAccept
1785247247504,true,1785247247543,FastAccept
1785247247547,false,1785247247586,FastAccept
1785247247590,false,1785247247650,SlowAccept
1785247247633,true,1785247247698,SlowAccept
1785247247679,false,1785247247725,FastAccept
1785247247725,true,1785247247770,FastAccept
1785247247771,true,1785247247837,LeaderAccept
1785247247820,true,1785247247909,LeaderAccept
1785247247869,true,1785247247926,LeaderAccept
1785247247920,false,1785247247971,LeaderAccept
1785247247971,true,1785247248017,FastAccept
1785247248025,false,1785247248088,LeaderAccept
1785247248079,true,1785247248169,LeaderAccept
1785247248134,false,1785247248236,LeaderAccept
1785247248192,false,1785247248236,LeaderAccept
1785247248251,false,1785247248328,LeaderAccept
1785247248312,true,1785247248371,SlowAccept
1785247248375,true,1785247248452,LeaderAccept
1785247248439,true,1785247248496,LeaderAccept
1785247248506,false,1785247248565,LeaderAccept
1785247248575,false,1785247248659,LeaderAccept
1785247248646,true,1785247248715,LeaderAccept
1785247248720,false,1785247248779,SlowAccept
1785247248796,false,1785247248856,SlowAccept
1785247248876,true,1785247248935,SlowAccept
1785247248959,false,1785247249096,LeaderAccept
1785247249045,true,1785247249096,FastAccept
1785247249135,false,1785247249196,LeaderAccept
1785247249229,false,1785247249275,FastAccept
1785247249327,false,1785247249391,LeaderAccept
1785247249431,false,1785247249495,LeaderAccept
1785247249540,false,1785247249605,LeaderAccept
1785247249654,true,1785247249714,LeaderAccept
1785247249776,true,1785247249839,SlowAccept
1785247249905,false,1785247249952,FastAccept
1785247250042,true,1785247250088,FastAccept
1785247250188,false,1785247250227,FastAccept
1785247250347,false,1785247250386,FastAccept
1785247250517,false,1785247250557,FastAccept
1785247250704,false,1785247250743,FastAccept
1785247250909,false,1785247250961,LeaderAccept
1785247251135,false,1785247251195,LeaderAccept
1785247251389,false,1785247251452,SlowAccept
1785247251676,false,1785247251715,FastAccept
1785247252008,false,1785247252047,FastAccept
1785247252400,true,1785247252439,FastAccept
1785247252876,false,1785247252915,FastAccept
1785247253479,false,1785247253518,FastAccept
1785247254294,false,1785247254333,FastAccept
1785247255519,true,1785247255581,LeaderAccept
1785247257778,false,1785247257816,FastAccept
1785247264758,false,1785247264798,FastAccept
1785247279526,false,1785247279565,FastAccept
1785247279549,true,1785247279588,FastAccept
1785247279573,false,1785247279612,FastAccept
1785247279597,true,1785247279643,FastAccept
1785247279621,true,1785247279659,FastAccept
1785247279645,true,1785247279683,FastAccept
1785247279670,false,1785247279709,FastAccept
1785247279695,false,1785247279734,FastAccept
1785247279720,false,1785247279759,FastAccept
1785247279745,false,1785247279784,FastAccept
1785247279771,false,1785247279810,FastAccept
1785247279797,true,1785247279836,FastAccept
1785247279823,true,1785247279861,FastAccept
1785247279850,false,1785247279889,FastAccept
1785247279877,true,1785247279916,FastAccept
1785247279904,false,1785247279943,FastAccept
1785247279932,false,1785247279971,FastAccept
1785247279960,false,1785247279999,FastAccept
1785247279989,true,1785247280028,FastAccept
1785247280018,true,1785247280057,FastAccept
1785247280048,false,1785247280087,FastAccept
1785247280078,true,1785247280117,FastAccept
1785247280108,false,1785247280147,FastAccept
1785247280138,false,1785247280177,FastAccept
1785247280169,false,1785247280209,FastAccept
1785247280201,false,1785247280240,FastAccept
1785247280233,false,1785247280271,FastAccept
1785247280265,true,1785247280304,FastAccept
1785247280298,false,1785247280337,FastAccept
1785247280331,true,1785247280370,FastAccept
1785247280365,true,1785247280405,FastAccept
1785247280399,false,1785247280439,FastAccept
1785247280435,true,1785247280474,FastAccept
1785247280471,true,1785247280510,FastAccept
1785247280507,true,1785247280546,FastAccept
1785247280545,false,1785247280584,FastAccept
1785247280583,true,1785247280622,FastAccept
1785247280621,false,1785247280660,FastAccept
1785247280660,false,1785247280699,FastAccept
1785247280700,true,1785247280739,FastAccept
1785247280740,true,1785247280778,FastAccept
1785247280780,true,1785247280819,FastAccept
1785247280822,true,1785247280862,FastAccept
1785247280866,true,1785247280905,FastAccept
1785247280910,false,1785247280949,FastAccept
1785247280955,true,1785247280994,FastAccept
1785247281000,true,1785247281039,FastAccept
1785247281046,true,1785247281085,FastAccept
1785247281095,true,1785247281134,FastAccept
1785247281144,false,1785247281183,FastAccept
1785247281194,false,1785247281233,FastAccept
1785247281246,false,1785247281285,FastAccept
1785247281299,false,1785247281338,FastAccept
1785247281353,true,1785247281393,FastAccept
1785247281409,false,1785247281448,FastAccept
1785247281465,true,1785247281504,FastAccept
1785247281525,true,1785247281564,FastAccept
1785247281585,true,1785247281624,FastAccept
1785247281648,false,1785247281687,FastAccept
1785247281712,false,1785247281751,FastAccept
1785247281778,false,1785247281818,FastAccept
1785247281847,false,1785247281886,FastAccept
1785247281917,false,1785247281956,FastAccept
1785247281991,false,1785247282030,FastAccept
1785247282067,false,1785247282106,FastAccept
1785247282146,false,1785247282185,FastAccept
1785247282227,true,1785247282267,FastAccept
1785247282313,true,1785247282352,FastAccept
1785247282402,true,1785247282441,FastAccept
1785247282496,true,1785247282535,FastAccept
1785247282593,true,1785247282632,FastAccept
1785247282696,false,1785247282735,FastAccept
1785247282803,false,1785247282842,FastAccept
1785247282917,false,1785247282956,FastAccept
1785247283037,true,1785247283097,LeaderAccept
1785247283164,false,1785247283203,FastAccept
1785247283300,true,1785247283339,FastAccept
1785247283445,false,1785247283504,LeaderAccept
1785247283601,false,1785247283660,LeaderAccept
1785247283770,false,1785247283829,LeaderAccept
1785247283954,true,1785247284007,LeaderAccept
1785247284155,true,1785247284194,FastAccept
1785247284378,true,1785247284416,FastAccept
1785247284626,true,1785247284664,FastAccept
1785247284905,false,1785247284944,FastAccept
1785247285228,false,1785247285267,FastAccept
1785247285606,false,1785247285645,FastAccept
1785247286064,true,1785247286103,FastAccept
1785247286639,false,1785247286678,FastAccept
1785247287404,true,1785247287443,FastAccept
1785247288527,false,1785247288573,FastAccept
1785247290493,false,1785247290532,FastAccept
1785247295747,false,1785247295785,FastAccept
1785247298398,true,1785247298438,FastAccept
1785247298422,false,1785247298461,FastAccept
1785247298445,false,1785247298484,FastAccept
1785247298469,true,1785247298508,FastAccept
1785247298493,false,1785247298532,FastAccept
1785247298517,false,1785247298556,FastAccept
1785247298542,true,1785247298581,FastAccept
1785247298567,false,1785247298606,FastAccept
1785247298592,true,1785247298631,FastAccept
1785247298618,true,1785247298657,FastAccept
1785247298643,true,1785247298682,FastAccept
1785247298670,true,1785247298709,FastAccept
1785247298696,true,1785247298735,FastAccept
1785247298722,false,1785247298761,FastAccept
1785247298749,false,1785247298788,FastAccept
1785247298777,false,1785247298816,FastAccept
1785247298804,true,1785247298843,FastAccept
1785247298832,true,1785247298870,FastAccept
1785247298861,true,1785247298900,FastAccept
1785247298890,false,1785247298928,FastAccept
1785247298919,true,1785247298958,FastAccept
1785247298948,true,1785247298987,FastAccept
1785247298978,false,1785247299017,FastAccept
1785247299009,false,1785247299048,FastAccept
1785247299040,true,1785247299079,FastAccept
1785247299072,false,1785247299111,FastAccept
1785247299104,true,1785247299143,FastAccept
1785247299137,true,1785247299176,FastAccept
1785247299170,false,1785247299208,FastAccept
1785247299203,true,1785247299242,FastAccept
1785247299237,true,1785247299276,FastAccept
1785247299271,true,1785247299310,FastAccept
1785247299306,true,1785247299344,FastAccept
1785247299342,false,1785247299381,FastAccept
1785247299379,true,1785247299417,FastAccept
1785247299416,true,1785247299454,FastAccept
1785247299454,false,1785247299492,FastAccept
1785247299492,false,1785247299530,FastAccept
1785247299530,false,1785247299569,FastAccept
1785247299569,true,1785247299608,FastAccept
1785247299609,true,1785247299648,FastAccept
1785247299651,true,1785247299689,FastAccept
1785247299693,false,1785247299732,FastAccept
1785247299737,false,1785247299775,FastAccept
1785247299781,true,1785247299819,FastAccept
1785247299825,true,1785247299864,FastAccept
1785247299872,false,1785247299911,FastAccept
1785247299920,true,1785247299959,FastAccept
1785247299969,false,1785247300008,FastAccept
1785247300019,false,1785247300058,FastAccept
1785247300070,false,1785247300109,FastAccept
1785247300122,false,1785247300161,FastAccept
1785247300175,true,1785247300214,FastAccept
1785247300229,true,1785247300268,FastAccept
1785247300285,true,1785247300324,FastAccept
1785247300343,false,1785247300382,FastAccept
1785247300403,false,1785247300441,FastAccept
1785247300464,true,1785247300503,FastAccept
1785247300527,false,1785247300566,FastAccept
1785247300592,true,1785247300631,FastAccept
1785247300659,false,1785247300698,FastAccept
1785247300728,true,1785247300767,FastAccept
1785247300800,true,1785247300838,FastAccept
1785247300874,false,1785247300912,FastAccept
1785247300951,true,1785247300989,FastAccept
1785247301030,true,1785247301069,FastAccept
1785247301114,false,1785247301152,FastAccept
1785247301200,true,1785247301239,FastAccept
1785247301290,true,1785247301329,FastAccept
1785247301383,true,1785247301422,FastAccept
1785247301482,true,1785247301521,FastAccept
1785247301586,true,1785247301625,FastAccept
1785247301694,false,1785247301733,FastAccept
1785247301810,false,1785247301848,FastAccept
1785247301932,true,1785247301970,FastAccept
1785247302061,false,1785247302100,FastAccept
1785247302199,false,1785247302238,FastAccept
1785247302346,false,1785247302386,FastAccept
1785247302506,true,1785247302545,FastAccept
1785247302678,false,1785247302717,FastAccept
1785247302866,false,1785247302905,FastAccept
1785247303072,false,1785247303111,FastAccept
1785247303300,true,1785247303355,LeaderAccept
1785247303555,true,1785247303605,LeaderAccept
1785247303846,true,1785247303895,LeaderAccept
1785247304181,true,1785247304246,SlowAccept
1785247304576,true,1785247304626,LeaderAccept
1785247305058,true,1785247305121,LeaderAccept
1785247305672,true,1785247305717,FastAccept
1785247306505,false,1785247306568,SlowAccept
1785247307768,true,1785247307806,FastAccept
1785247310141,true,1785247310196,LeaderAccept
1785247317914,false,1785247317953,FastAccept
1785247351594,true,1785247351633,FastAccept
1785247351628,false,1785247351666,FastAccept
1785247351662,true,1785247351699,FastAccept
1785247351695,false,1785247351734,FastAccept
1785247351731,true,1785247351769,FastAccept
1785247351767,true,1785247351805,FastAccept
1785247351804,true,1785247351843,FastAccept
1785247351841,true,1785247351880,FastAccept
1785247351878,false,1785247351917,FastAccept
1785247351917,true,1785247351955,FastAccept
1785247351955,true,1785247351994,FastAccept
1785247351995,true,1785247352034,FastAccept
1785247352036,false,1785247352074,FastAccept
1785247352077,false,1785247352115,FastAccept
1785247352118,false,1785247352157,FastAccept
1785247352161,true,1785247352200,FastAccept
1785247352204,false,1785247352243,FastAccept
1785247352249,false,1785247352288,FastAccept
1785247352295,false,1785247352335,FastAccept
1785247352343,false,1785247352382,FastAccept
1785247352391,true,1785247352430,FastAccept
1785247352440,true,1785247352480,FastAccept
1785247352491,true,1785247352530,FastAccept
1785247352543,false,1785247352583,FastAccept
1785247352596,true,1785247352635,FastAccept
1785247352650,false,1785247352696,FastAccept
1785247352706,false,1785247352745,FastAccept
1785247352763,true,1785247352802,FastAccept
1785247352821,true,1785247352860,FastAccept
1785247352882,false,1785247352921,FastAccept
1785247352945,false,1785247352984,FastAccept
1785247353010,true,1785247353049,FastAccept
1785247353076,false,1785247353115,FastAccept
1785247353145,false,1785247353183,FastAccept
1785247353216,false,1785247353255,FastAccept
1785247353290,true,1785247353329,FastAccept
1785247353367,true,1785247353406,FastAccept
1785247353447,true,1785247353486,FastAccept
1785247353530,false,1785247353569,FastAccept
1785247353616,false,1785247353655,FastAccept
1785247353705,false,1785247353744,FastAccept
1785247353798,true,1785247353837,FastAccept
1785247353896,false,1785247353935,FastAccept
1785247354000,true,1785247354039,FastAccept
1785247354109,false,1785247354148,FastAccept
1785247354224,true,1785247354263,FastAccept
1785247354346,false,1785247354385,FastAccept
1785247354475,false,1785247354514,FastAccept
1785247354612,true,1785247354651,FastAccept
1785247354759,false,1785247354797,FastAccept
1785247354917,true,1785247354956,FastAccept
1785247355088,false,1785247355127,FastAccept
1785247355274,true,1785247355313,FastAccept
1785247355478,true,1785247355517,FastAccept
1785247355704,false,1785247355743,FastAccept
1785247355957,true,1785247355996,FastAccept
1785247356244,true,1785247356290,FastAccept
1785247356573,false,1785247356612,FastAccept
1785247356963,true,1785247357002,FastAccept
1785247357436,true,1785247357494,LeaderAccept
1785247358033,true,1785247358072,FastAccept
1785247358840,false,1785247358886,FastAccept
1785247360046,true,1785247360085,FastAccept
1785247362250,false,1785247362312,SlowAccept
1785247368884,true,1785247368936,LeaderAccept
1785247416778,true,1785247416816,FastAccept
1785247416796,true,1785247416835,FastAccept
1785247416814,false,1785247416853,FastAccept
1785247416833,true,1785247416871,FastAccept
1785247416851,true,1785247416889,FastAccept
1785247416869,false,1785247416908,FastAccept
1785247416887,false,1785247416926,FastAccept
1785247416905,true,1785247416944,FastAccept
1785247416925,true,1785247416964,FastAccept
1785247416944,false,1785247416983,FastAccept
1785247416963,false,1785247417002,FastAccept
1785247416983,false,1785247417021,FastAccept
1785247417002,false,1785247417041,FastAccept
1785247417021,false,1785247417060,FastAccept
1785247417040,true,1785247417079,FastAccept
1785247417061,true,1785247417099,FastAccept
1785247417081,true,1785247417120,FastAccept
1785247417102,true,1785247417140,FastAccept
1785247417122,false,1785247417161,FastAccept
1785247417144,true,1785247417183,FastAccept
1785247417164,false,1785247417203,FastAccept
1785247417186,true,1785247417225,FastAccept
1785247417207,false,1785247417246,FastAccept
1785247417230,true,1785247417269,FastAccept
1785247417251,true,1785247417290,FastAccept
1785247417274,false,1785247417313,FastAccept
1785247417297,false,1785247417336,FastAccept
1785247417320,true,1785247417359,FastAccept
1785247417343,false,1785247417381,FastAccept
1785247417366,true,1785247417405,FastAccept
1785247417390,true,1785247417428,FastAccept
1785247417413,true,1785247417452,FastAccept
1785247417438,false,1785247417476,FastAccept
1785247417462,true,1785247417500,FastAccept
1785247417485,true,1785247417525,FastAccept
1785247417510,false,1785247417549,FastAccept
1785247417536,false,1785247417574,FastAccept
1785247417561,false,1785247417600,FastAccept
1785247417587,true,1785247417626,FastAccept
1785247417612,false,1785247417652,FastAccept
1785247417639,true,1785247417678,FastAccept
1785247417666,true,1785247417704,FastAccept
1785247417693,true,1785247417732,FastAccept
1785247417721,true,1785247417760,FastAccept
1785247417749,false,1785247417788,FastAccept
1785247417778,false,1785247417817,FastAccept
1785247417806,false,1785247417845,FastAccept
1785247417836,true,1785247417874,FastAccept
1785247417866,false,1785247417904,FastAccept
1785247417896,false,1785247417934,FastAccept
1785247417925,false,1785247417964,FastAccept
1785247417956,true,1785247417994,FastAccept
1785247417986,true,1785247418025,FastAccept
1785247418018,false,1785247418056,FastAccept
1785247418051,false,1785247418090,FastAccept
1785247418084,true,1785247418122,FastAccept
1785247418117,false,1785247418156,FastAccept
1785247418150,false,1785247418189,FastAccept
1785247418185,true,1785247418224,FastAccept
1785247418220,false,1785247418258,FastAccept
1785247418256,false,1785247418294,FastAccept
1785247418292,true,1785247418330,FastAccept
1785247418329,false,1785247418367,FastAccept
1785247418366,false,1785247418405,FastAccept
1785247418403,false,1785247418442,FastAccept
1785247418441,true,1785247418480,FastAccept
1785247418480,true,1785247418519,FastAccept
1785247418521,true,1785247418560,FastAccept
1785247418561,true,1785247418600,FastAccept
1785247418603,false,1785247418641,FastAccept
1785247418646,true,1785247418684,FastAccept
1785247418689,true,1785247418727,FastAccept
1785247418733,true,1785247418772,FastAccept
1785247418778,false,1785247418817,FastAccept
1785247418825,true,1785247418864,FastAccept
1785247418873,true,1785247418912,FastAccept
1785247418922,false,1785247418960,FastAccept
1785247418971,false,1785247419011,FastAccept
1785247419023,true,1785247419062,FastAccept
1785247419075,true,1785247419114,FastAccept
1785247419128,false,1785247419167,FastAccept
1785247419183,true,1785247419222,FastAccept
1785247419239,false,1785247419278,FastAccept
1785247419297,true,1785247419336,FastAccept
1785247419356,true,1785247419396,FastAccept
1785247419418,false,1785247419457,FastAccept
1785247419481,false,1785247419520,FastAccept
1785247419547,true,1785247419586,FastAccept
1785247419614,true,1785247419654,FastAccept
1785247419685,true,1785247419723,FastAccept
1785247419756,false,1785247419795,FastAccept
1785247419831,false,1785247419870,FastAccept
1785247419908,true,1785247419948,FastAccept
1785247419989,false,1785247420028,FastAccept
1785247420073,true,1785247420112,FastAccept
1785247420161,true,1785247420200,FastAccept
1785247420253,true,1785247420291,FastAccept
1785247420349,false,1785247420388,FastAccept
1785247420449,false,1785247420488,FastAccept
1785247420555,true,1785247420594,FastAccept
1785247420667,false,1785247420705,FastAccept
1785247420783,false,1785247420822,FastAccept
1785247420908,false,1785247420947,FastAccept
1785247421040,true,1785247421079,FastAccept
1785247421181,false,1785247421220,FastAccept
1785247421333,true,1785247421372,FastAccept
1785247421496,false,1785247421535,FastAccept
1785247421674,false,1785247421713,FastAccept
1785247421868,false,1785247421907,FastAccept
1785247422082,false,1785247422121,FastAccept
1785247422319,false,1785247422358,FastAccept
1785247422586,true,1785247422624,FastAccept
1785247422891,false,1785247422929,FastAccept
1785247423246,true,1785247423285,FastAccept
1785247423670,true,1785247423708,FastAccept
1785247424193,false,1785247424232,FastAccept
1785247424872,false,1785247424910,FastAccept
1785247425824,true,1785247425885,LeaderAccept
1785247427359,false,1785247427398,FastAccept
1785247430661,true,1785247430700,FastAccept
1785247439904,true,1785247439969,LeaderAccept
1785247439920,false,1785247439966,FastAccept
1785247439937,true,1785247439992,LeaderAccept
1785247439954,true,1785247440030,LeaderAccept
1785247439971,true,1785247440038,LeaderAccept
1785247439988,false,1785247440038,LeaderAccept
1785247440005,false,1785247440087,LeaderAccept
1785247440023,false,1785247440082,SlowAccept
1785247440039,false,1785247440082,FastAccept
1785247440057,true,1785247440110,LeaderAccept
1785247440075,true,1785247440183,LeaderAccept
1785247440092,true,1785247440151,SlowAccept
1785247440111,true,1785247440157,FastAccept
1785247440128,true,1785247440183,LeaderAccept
1785247440147,true,1785247440223,LeaderAccept
1785247440165,false,1785247440223,SlowAccept
1785247440184,false,1785247440235,LeaderAccept
1785247440203,true,1785247440261,LeaderAccept
1785247440221,true,1785247440290,LeaderAccept
1785247440241,true,1785247440307,LeaderAccept
1785247440261,false,1785247440322,LeaderAccept
1785247440280,false,1785247440351,LeaderAccept
1785247440299,true,1785247440353,LeaderAccept
1785247440319,true,1785247440377,LeaderAccept
1785247440339,true,1785247440398,LeaderAccept
1785247440358,true,1785247440464,LeaderAccept
1785247440379,false,1785247440438,SlowAccept
1785247440399,true,1785247440464,SlowAccept
1785247440419,true,1785247440487,LeaderAccept
1785247440441,false,1785247440493,LeaderAccept
1785247440462,false,1785247440519,LeaderAccept
1785247440484,true,1785247440591,LeaderAccept
1785247440505,false,1785247440565,SlowAccept
1785247440526,true,1785247440591,SlowAccept
1785247440549,true,1785247440612,SlowAccept
1785247440571,true,1785247440617,FastAccept
1785247440594,true,1785247440659,LeaderAccept
1785247440617,true,1785247440700,LeaderAccept
1785247440640,true,1785247440705,LeaderAccept
1785247440664,false,1785247440746,LeaderAccept
1785247440687,false,1785247440752,LeaderAccept
1785247440711,false,1785247440785,LeaderAccept
1785247440736,false,1785247440791,LeaderAccept
1785247440760,false,1785247440840,LeaderAccept
1785247440785,false,1785247440839,LeaderAccept
1785247440810,false,1785247440882,LeaderAccept
1785247440835,true,1785247440882,LeaderAccept
1785247440861,false,1785247440907,FastAccept
1785247440887,true,1785247440933,FastAccept
1785247440913,true,1785247440973,SlowAccept
1785247440939,false,1785247441032,LeaderAccept
1785247440967,true,1785247441026,SlowAccept
1785247440994,false,1785247441080,LeaderAccept
1785247441021,true,1785247441086,LeaderAccept
1785247441048,false,1785247441115,LeaderAccept
1785247441077,true,1785247441142,LeaderAccept
1785247441105,true,1785247441170,LeaderAccept
1785247441135,false,1785247441197,LeaderAccept
1785247441165,true,1785247441225,LeaderAccept
1785247441195,true,1785247441246,LeaderAccept
1785247441225,true,1785247441264,FastAccept
1785247441255,true,1785247441320,LeaderAccept
1785247441287,false,1785247441349,LeaderAccept
1785247441319,true,1785247441369,LeaderAccept
1785247441352,true,1785247441391,FastAccept
1785247441385,true,1785247441436,LeaderAccept
1785247441417,false,1785247441456,FastAccept
1785247441451,true,1785247441500,LeaderAccept
1785247441486,true,1785247441532,FastAccept
1785247441521,false,1785247441585,LeaderAccept
1785247441556,true,1785247441664,LeaderAccept
1785247441593,true,1785247441658,SlowAccept
1785247441630,false,1785247441684,LeaderAccept
1785247441668,true,1785247441707,FastAccept
1785247441707,false,1785247441769,SlowAccept
1785247441746,false,1785247441796,LeaderAccept
1785247441785,true,1785247441845,LeaderAccept
1785247441826,true,1785247441865,FastAccept
1785247441867,false,1785247441927,LeaderAccept
1785247441909,true,1785247441948,FastAccept
1785247441951,false,1785247442010,LeaderAccept
1785247441995,false,1785247442034,FastAccept
1785247442040,true,1785247442095,LeaderAccept
1785247442085,false,1785247442124,FastAccept
1785247442132,true,1785247442183,LeaderAccept
1785247442180,true,1785247442219,FastAccept
1785247442229,false,1785247442267,FastAccept
1785247442279,false,1785247442317,FastAccept
1785247442330,false,1785247442368,FastAccept
1785247442381,false,1785247442421,FastAccept
1785247442436,false,1785247442475,FastAccept
1785247442491,false,1785247442529,FastAccept
1785247442548,false,1785247442586,FastAccept
1785247442607,false,1785247442645,FastAccept
1785247442667,true,1785247442705,FastAccept
1785247442729,true,1785247442775,FastAccept
1785247442793,false,1785247442832,FastAccept
1785247442859,true,1785247442905,FastAccept
1785247442927,true,1785247442966,FastAccept
1785247442998,false,1785247443059,SlowAccept
1785247443071,true,1785247443109,FastAccept
1785247443147,false,1785247443206,LeaderAccept
1785247443225,true,1785247443264,FastAccept
1785247443307,false,1785247443360,LeaderAccept
1785247443392,false,1785247443430,FastAccept
1785247443481,false,1785247443520,FastAccept
1785247443574,true,1785247443614,FastAccept
1785247443671,true,1785247443709,FastAccept
1785247443773,true,1785247443812,FastAccept
1785247443880,true,1785247443940,LeaderAccept
1785247443993,true,1785247444052,LeaderAccept
1785247444112,true,1785247444172,LeaderAccept
1785247444237,true,1785247444299,LeaderAccept
1785247444371,false,1785247444434,LeaderAccept
1785247444515,false,1785247444578,SlowAccept
1785247444670,false,1785247444734,SlowAccept
1785247444837,false,1785247444928,LeaderAccept
1785247445019,false,1785247445083,SlowAccept
1785247445217,true,1785247445277,SlowAccept
1785247445436,true,1785247445501,SlowAccept
1785247445681,false,1785247445743,LeaderAccept
1785247445957,false,1785247446021,SlowAccept
1785247446274,true,1785247446320,FastAccept
1785247446645,true,1785247446691,FastAccept
1785247447090,false,1785247447129,FastAccept
1785247447647,true,1785247447686,FastAccept
1785247448383,false,1785247448446,SlowAccept
1785247449444,true,1785247449508,SlowAccept
1785247451249,false,1785247451288,FastAccept
1785247455693,false,1785247455732,FastAccept
1785247468121,true,1785247468184,LeaderAccept
1785247468153,false,1785247468205,LeaderAccept
1785247468187,true,1785247468225,FastAccept
1785247468220,false,1785247468285,LeaderAccept
1785247468255,true,1785247468306,LeaderAccept
1785247468290,true,1785247468328,FastAccept
1785247468326,true,1785247468391,LeaderAccept
1785247468363,true,1785247468412,LeaderAccept
1785247468400,true,1785247468439,FastAccept
1785247468439,true,1785247468501,SlowAccept
1785247468477,true,1785247468527,LeaderAccept
1785247468517,false,1785247468556,FastAccept
1785247468557,false,1785247468622,SlowAccept
1785247468599,false,1785247468649,LeaderAccept
1785247468640,false,1785247468679,FastAccept
1785247468683,false,1785247468728,FastAccept
1785247468727,true,1785247468776,LeaderAccept
1785247468772,false,1785247468810,FastAccept
1785247468816,true,1785247468855,FastAccept
1785247468862,true,1785247468901,FastAccept
1785247468910,false,1785247468949,FastAccept
1785247468959,false,1785247468998,FastAccept
1785247469009,true,1785247469048,FastAccept
1785247469060,false,1785247469099,FastAccept
1785247469111,true,1785247469150,FastAccept
1785247469164,false,1785247469203,FastAccept
1785247469219,false,1785247469258,FastAccept
1785247469276,true,1785247469315,FastAccept
1785247469334,false,1785247469373,FastAccept
1785247469395,true,1785247469433,FastAccept
1785247469456,false,1785247469494,FastAccept
1785247469519,true,1785247469557,FastAccept
1785247469584,true,1785247469623,FastAccept
1785247469652,true,1785247469690,FastAccept
1785247469722,false,1785247469761,FastAccept
1785247469795,false,1785247469833,FastAccept
1785247469869,true,1785247469908,FastAccept
1785247469947,false,1785247469999,LeaderAccept
1785247470028,false,1785247470067,FastAccept
1785247470112,true,1785247470152,FastAccept
1785247470200,false,1785247470255,LeaderAccept
1785247470292,false,1785247470331,FastAccept
1785247470387,false,1785247470426,FastAccept
1785247470487,true,1785247470546,LeaderAccept
1785247470593,true,1785247470632,FastAccept
1785247470704,true,1785247470743,FastAccept
1785247470821,true,1785247470881,LeaderAccept
1785247470946,true,1785247470985,FastAccept
1785247471079,true,1785247471118,FastAccept
1785247471221,false,1785247471263,LeaderAccept
1785247471373,true,1785247471425,LeaderAccept
1785247471537,true,1785247471583,FastAccept
1785247471714,false,1785247471760,FastAccept
1785247471909,false,1785247471956,FastAccept
1785247472123,true,1785247472169,FastAccept
1785247472361,false,1785247472421,LeaderAccept
1785247472629,true,1785247472668,FastAccept
1785247472936,false,1785247472981,FastAccept
1785247473292,true,1785247473346,SlowAccept
1785247473717,true,1785247473774,LeaderAccept
1785247474244,false,1785247474282,FastAccept
1785247474928,true,1785247474989,LeaderAccept
1785247475892,false,1785247475930,FastAccept
1785247477452,false,1785247477491,FastAccept
1785247480853,false,1785247480891,FastAccept
1785247496603,true,1785247496669,SlowAccept
1785247496636,false,1785247496701,LeaderAccept
1785247496669,true,1785247496721,LeaderAccept
1785247496702,false,1785247496767,LeaderAccept
1785247496735,true,1785247496787,LeaderAccept
1785247496770,true,1785247496809,FastAccept
1785247496804,false,1785247496861,LeaderAccept
1785247496840,true,1785247496879,FastAccept
1785247496876,true,1785247496915,FastAccept
1785247496913,true,1785247496961,LeaderAccept
1785247496950,false,1785247496989,FastAccept
1785247496989,false,1785247497035,FastAccept
1785247497028,true,1785247497082,LeaderAccept
1785247497068,false,1785247497107,FastAccept
1785247497109,true,1785247497171,SlowAccept
1785247497150,false,1785247497189,FastAccept
1785247497192,false,1785247497231,FastAccept
1785247497235,false,1785247497294,LeaderAccept
1785247497279,true,1785247497318,FastAccept
1785247497323,true,1785247497362,FastAccept
1785247497369,true,1785247497418,LeaderAccept
1785247497415,true,1785247497454,FastAccept
1785247497464,true,1785247497502,FastAccept
1785247497513,false,1785247497552,FastAccept
1785247497563,true,1785247497602,FastAccept
1785247497613,true,1785247497660,FastAccept
1785247497666,false,1785247497705,FastAccept
1785247497720,false,1785247497758,FastAccept
1785247497775,true,1785247497836,SlowAccept
1785247497832,true,1785247497871,FastAccept
1785247497890,true,1785247497929,FastAccept
1785247497951,false,1785247498006,LeaderAccept
1785247498013,false,1785247498052,FastAccept
1785247498077,false,1785247498116,FastAccept
1785247498143,true,1785247498182,FastAccept
1785247498210,false,1785247498249,FastAccept
1785247498280,false,1785247498319,FastAccept
1785247498352,false,1785247498391,FastAccept
1785247498428,true,1785247498466,FastAccept
1785247498506,false,1785247498544,FastAccept
1785247498586,false,1785247498625,FastAccept
1785247498671,true,1785247498710,FastAccept
1785247498759,false,1785247498819,LeaderAccept
1785247498851,true,1785247498890,FastAccept
1785247498947,false,1785247498986,FastAccept
1785247499049,false,1785247499088,FastAccept
1785247499155,false,1785247499194,FastAccept
1785247499267,false,1785247499306,FastAccept
1785247499386,true,1785247499424,FastAccept
1785247499512,true,1785247499551,FastAccept
1785247499646,false,1785247499685,FastAccept
