Jul 28 11:39:42.897 INFO === Fast Path Statistics ===
Total Append Attempts:  66
Fast Path Attempts:     14 (Utilization: 21.21%)
  ├─ Successes:         12 (Total Rate: 18.18%, Path Success: 85.71%)
  └─ Errors:            2 (Total Rate: 3.03%, Path Error: 14.29%)
Jul 28 11:39:42.897 INFO Append performance over last minute - Count: 66, Avg Time: 6526 ns
Jul 28 11:39:42.897 INFO Current latencies: {2: Some(0.02206715), 1: Some(0.0133435), 3: Some(0.0158632), 5: Some(0.0102105)}
Jul 28 11:39:42.910 INFO start_calibration execution time: 45ns
Jul 28 11:40:42.898 INFO === Fast Path Statistics ===
Total Append Attempts:  360
Fast Path Attempts:     89 (Utilization: 24.72%)
  ├─ Successes:         84 (Total Rate: 23.33%, Path Success: 94.38%)
  └─ Errors:            5 (Total Rate: 1.39%, Path Error: 5.62%)
Jul 28 11:40:42.898 INFO Append performance over last minute - Count: 360, Avg Time: 9066 ns
Jul 28 11:40:42.898 INFO Current latencies: {1: Some(0.013364150000000002), 2: Some(0.022012300000000002), 3: Some(0.015821449999999997), 5: Some(0.010219750000000001)}
Jul 28 11:41:42.897 INFO === Fast Path Statistics ===
Total Append Attempts:  314
Fast Path Attempts:     105 (Utilization: 33.44%)
  ├─ Successes:         91 (Total Rate: 28.98%, Path Success: 86.67%)
  └─ Errors:            13 (Total Rate: 4.14%, Path Error: 12.38%)
Jul 28 11:41:42.898 INFO Append performance over last minute - Count: 314, Avg Time: 9328 ns
Jul 28 11:41:42.898 INFO Current latencies: {1: Some(0.013366250000000001), 3: Some(0.0158817), 5: Some(0.01031445), 2: Some(0.022039750000000004)}
Jul 28 11:42:42.897 INFO === Fast Path Statistics ===
Total Append Attempts:  253
Fast Path Attempts:     155 (Utilization: 61.26%)
  ├─ Successes:         154 (Total Rate: 60.87%, Path Success: 99.35%)
  └─ Errors:            2 (Total Rate: 0.79%, Path Error: 1.29%)
Jul 28 11:42:42.897 INFO Append performance over last minute - Count: 253, Avg Time: 10419 ns
Jul 28 11:42:42.897 INFO Current latencies: {5: Some(0.010221249999999998), 2: Some(0.02207805), 1: Some(0.01335055), 3: Some(0.015839)}
Jul 28 11:43:42.897 INFO === Fast Path Statistics ===
Total Append Attempts:  150
Fast Path Attempts:     105 (Utilization: 70.00%)
  ├─ Successes:         96 (Total Rate: 64.00%, Path Success: 91.43%)
  └─ Errors:            9 (Total Rate: 6.00%, Path Error: 8.57%)
Jul 28 11:43:42.897 INFO Append performance over last minute - Count: 150, Avg Time: 9591 ns
Jul 28 11:43:42.897 INFO Current latencies: {2: Some(0.0220536), 1: Some(0.0134016), 3: Some(0.0159275), 5: Some(0.010250449999999998)}
Jul 28 11:44:42.897 INFO === Fast Path Statistics ===
Total Append Attempts:  160
Fast Path Attempts:     148 (Utilization: 92.50%)
  ├─ Successes:         136 (Total Rate: 85.00%, Path Success: 91.89%)
  └─ Errors:            12 (Total Rate: 7.50%, Path Error: 8.11%)
Jul 28 11:44:42.897 INFO Append performance over last minute - Count: 160, Avg Time: 9818 ns
Jul 28 11:44:42.897 INFO Current latencies: {2: Some(0.022048599999999998), 5: Some(0.0102401), 1: Some(0.01340595), 3: Some(0.0159526)}
Jul 28 11:44:42.911 INFO end_calibration execution time: 283.153µs
Jul 28 11:45:42.898 INFO === Fast Path Statistics ===
Total Append Attempts:  65
Fast Path Attempts:     65 (Utilization: 100.00%)
  ├─ Successes:         58 (Total Rate: 89.23%, Path Success: 89.23%)
  └─ Errors:            7 (Total Rate: 10.77%, Path Error: 10.77%)
Jul 28 11:45:42.898 INFO Append performance over last minute - Count: 65, Avg Time: 11843 ns
Jul 28 11:45:42.898 INFO Current latencies: {5: Some(0.010296449999999999), 2: Some(0.02204905), 3: Some(0.0158682), 1: Some(0.0133783)}
Jul 28 11:46:42.897 INFO === Fast Path Statistics ===
Total Append Attempts:  136
Fast Path Attempts:     136 (Utilization: 100.00%)
  ├─ Successes:         108 (Total Rate: 79.41%, Path Success: 79.41%)
  └─ Errors:            28 (Total Rate: 20.59%, Path Error: 20.59%)
Jul 28 11:46:42.897 INFO Append performance over last minute - Count: 136, Avg Time: 10206 ns
Jul 28 11:46:42.897 INFO Current latencies: {3: Some(0.0158831), 5: Some(0.01025615), 1: Some(0.013456699999999999), 2: Some(0.022046050000000005)}
Jul 28 11:47:42.898 INFO === Fast Path Statistics ===
Total Append Attempts:  155
Fast Path Attempts:     155 (Utilization: 100.00%)
  ├─ Successes:         79 (Total Rate: 50.97%, Path Success: 50.97%)
  └─ Errors:            75 (Total Rate: 48.39%, Path Error: 48.39%)
Jul 28 11:47:42.898 INFO Append performance over last minute - Count: 155, Avg Time: 15609 ns
Jul 28 11:47:42.898 INFO Current latencies: {3: Some(0.01581205), 1: Some(0.0133936), 2: Some(0.02207175), 5: Some(0.0103222)}
Jul 28 11:48:42.897 INFO === Fast Path Statistics ===
Total Append Attempts:  245
Fast Path Attempts:     245 (Utilization: 100.00%)
  ├─ Successes:         204 (Total Rate: 83.27%, Path Success: 83.27%)
  └─ Errors:            42 (Total Rate: 17.14%, Path Error: 17.14%)
Jul 28 11:48:42.897 INFO Append performance over last minute - Count: 245, Avg Time: 9315 ns
Jul 28 11:48:42.897 INFO Current latencies: {5: Some(0.010134500000000001), 2: Some(0.0220607), 3: Some(0.01584595), 1: Some(0.01333805)}
Jul 28 11:49:42.897 INFO === Fast Path Statistics ===
Total Append Attempts:  179
Fast Path Attempts:     179 (Utilization: 100.00%)
  ├─ Successes:         119 (Total Rate: 66.48%, Path Success: 66.48%)
  └─ Errors:            60 (Total Rate: 33.52%, Path Error: 33.52%)
Jul 28 11:49:42.897 INFO Append performance over last minute - Count: 179, Avg Time: 9358 ns
Jul 28 11:49:42.897 INFO Current latencies: {5: Some(0.010074950000000001), 3: Some(0.015790000000000002), 1: Some(0.013398249999999997), 2: Some(0.0220594)}
Jul 28 11:50:42.897 INFO === Fast Path Statistics ===
Total Append Attempts:  322
Fast Path Attempts:     322 (Utilization: 100.00%)
  ├─ Successes:         208 (Total Rate: 64.60%, Path Success: 64.60%)
  └─ Errors:            114 (Total Rate: 35.40%, Path Error: 35.40%)
Jul 28 11:50:42.897 INFO Append performance over last minute - Count: 322, Avg Time: 9774 ns
Jul 28 11:50:42.897 INFO Current latencies: {1: Some(0.0133807), 2: Some(0.022115000000000003), 3: Some(0.01583955), 5: Some(0.010120800000000001)}
Jul 28 11:51:42.898 INFO === Fast Path Statistics ===
Total Append Attempts:  275
Fast Path Attempts:     275 (Utilization: 100.00%)
  ├─ Successes:         181 (Total Rate: 65.82%, Path Success: 65.82%)
  └─ Errors:            94 (Total Rate: 34.18%, Path Error: 34.18%)
Jul 28 11:51:42.898 INFO Append performance over last minute - Count: 275, Avg Time: 10375 ns
Jul 28 11:51:42.898 INFO Current latencies: {1: Some(0.013373550000000001), 3: Some(0.01590025), 5: Some(0.01011455), 2: Some(0.0220513)}
Jul 28 11:52:42.898 INFO === Fast Path Statistics ===
Total Append Attempts:  234
Fast Path Attempts:     234 (Utilization: 100.00%)
  ├─ Successes:         127 (Total Rate: 54.27%, Path Success: 54.27%)
  └─ Errors:            107 (Total Rate: 45.73%, Path Error: 45.73%)
Jul 28 11:52:42.898 INFO Append performance over last minute - Count: 234, Avg Time: 10044 ns
Jul 28 11:52:42.898 INFO Current latencies: {2: Some(0.022124750000000002), 1: Some(0.01339195), 5: Some(0.01024055), 3: Some(0.015858999999999998)}
Jul 28 11:53:42.897 INFO === Fast Path Statistics ===
Total Append Attempts:  168
Fast Path Attempts:     114 (Utilization: 67.86%)
  ├─ Successes:         48 (Total Rate: 28.57%, Path Success: 42.11%)
  └─ Errors:            66 (Total Rate: 39.29%, Path Error: 57.89%)
Jul 28 11:53:42.897 INFO Append performance over last minute - Count: 168, Avg Time: 9331 ns
Jul 28 11:53:42.898 INFO Current latencies: {1: Some(0.013382), 2: Some(0.0220813), 5: Some(0.010097250000000002), 3: Some(0.0158974)}
Jul 28 11:54:42.897 INFO === Fast Path Statistics ===
Total Append Attempts:  92
Fast Path Attempts:     67 (Utilization: 72.83%)
  ├─ Successes:         35 (Total Rate: 38.04%, Path Success: 52.24%)
  └─ Errors:            32 (Total Rate: 34.78%, Path Error: 47.76%)
Jul 28 11:54:42.897 INFO Append performance over last minute - Count: 92, Avg Time: 7885 ns
Jul 28 11:54:42.897 INFO Current latencies: {1: Some(0.01338385), 2: Some(0.022061700000000004), 3: Some(0.01591915), 5: Some(0.0101302)}
