request_time,write,response_time,accept_status
1785244011725,true,1785244011765,FastAccept
1785244011800,false,1785244011839,FastAccept
1785244011878,false,1785244011918,FastAccept
1785244011959,false,1785244011998,FastAccept
1785244012044,true,1785244012083,FastAccept
1785244012132,true,1785244012172,FastAccept
1785244012224,false,1785244012263,FastAccept
1785244012320,true,1785244012369,LeaderAccept
1785244012422,true,1785244012471,LeaderAccept
1785244012528,true,1785244012578,LeaderAccept
1785244012640,true,1785244012689,LeaderAccept
1785244012759,true,1785244012807,LeaderAccept
1785244012885,false,1785244012933,LeaderAccept
1785244013019,true,1785244013068,LeaderAccept
1785244013161,false,1785244013210,LeaderAccept
1785244013315,false,1785244013365,LeaderAccept
1785244013480,true,1785244013530,LeaderAccept
1785244013659,false,1785244013709,LeaderAccept
1785244013855,true,1785244013905,LeaderAccept
1785244014071,true,1785244014121,LeaderAccept
1785244014312,true,1785244014363,LeaderAccept
1785244014584,false,1785244014635,LeaderAccept
1785244014895,true,1785244014945,LeaderAccept
1785244015258,false,1785244015308,LeaderAccept
1785244015692,false,1785244015741,LeaderAccept
1785244016232,false,1785244016282,LeaderAccept
1785244016940,false,1785244016990,LeaderAccept
1785244017946,false,1785244017995,LeaderAccept
1785244019610,false,1785244019660,LeaderAccept
1785244023435,false,1785244023485,LeaderAccept
1785244038489,false,1785244038528,FastAccept
1785244038516,false,1785244038555,FastAccept
1785244038541,false,1785244038600,SlowAccept
1785244038567,true,1785244038620,LeaderAccept
1785244038594,true,1785244038644,LeaderAccept
1785244038620,true,1785244038669,LeaderAccept
1785244038647,false,1785244038696,LeaderAccept
1785244038674,false,1785244038724,LeaderAccept
1785244038702,false,1785244038752,LeaderAccept
1785244038731,false,1785244038780,LeaderAccept
1785244038759,true,1785244038809,LeaderAccept
1785244038788,true,1785244038838,LeaderAccept
1785244038817,true,1785244038866,LeaderAccept
1785244038847,false,1785244038896,LeaderAccept
1785244038878,false,1785244038927,LeaderAccept
1785244038909,true,1785244038958,LeaderAccept
1785244038940,true,1785244038990,LeaderAccept
1785244038973,true,1785244039022,LeaderAccept
1785244039005,true,1785244039054,LeaderAccept
1785244039038,true,1785244039087,LeaderAccept
1785244039072,true,1785244039121,LeaderAccept
1785244039105,true,1785244039155,LeaderAccept
1785244039140,true,1785244039189,LeaderAccept
1785244039175,true,1785244039225,LeaderAccept
1785244039212,true,1785244039261,LeaderAccept
1785244039248,false,1785244039297,LeaderAccept
1785244039285,true,1785244039335,LeaderAccept
1785244039322,false,1785244039372,LeaderAccept
1785244039361,false,1785244039410,LeaderAccept
1785244039399,false,1785244039449,LeaderAccept
1785244039439,false,1785244039489,LeaderAccept
1785244039481,true,1785244039530,LeaderAccept
1785244039522,false,1785244039571,LeaderAccept
1785244039564,true,1785244039614,LeaderAccept
1785244039607,true,1785244039656,LeaderAccept
1785244039650,false,1785244039700,LeaderAccept
1785244039695,true,1785244039745,LeaderAccept
1785244039741,true,1785244039791,LeaderAccept
1785244039788,false,1785244039838,LeaderAccept
1785244039836,true,1785244039886,LeaderAccept
1785244039885,true,1785244039935,LeaderAccept
1785244039935,false,1785244039984,LeaderAccept
1785244039986,true,1785244040036,LeaderAccept
1785244040038,true,1785244040088,LeaderAccept
1785244040091,false,1785244040140,LeaderAccept
1785244040147,true,1785244040196,LeaderAccept
1785244040203,true,1785244040253,LeaderAccept
1785244040262,false,1785244040312,LeaderAccept
1785244040322,false,1785244040371,LeaderAccept
1785244040385,false,1785244040434,LeaderAccept
1785244040448,true,1785244040498,LeaderAccept
1785244040514,true,1785244040564,LeaderAccept
1785244040582,true,1785244040632,LeaderAccept
1785244040653,false,1785244040704,LeaderAccept
1785244040726,true,1785244040776,LeaderAccept
1785244040802,false,1785244040852,LeaderAccept
1785244040880,false,1785244040931,LeaderAccept
1785244040962,false,1785244041012,LeaderAccept
1785244041047,false,1785244041097,LeaderAccept
1785244041136,true,1785244041186,LeaderAccept
1785244041229,true,1785244041278,LeaderAccept
1785244041327,false,1785244041377,LeaderAccept
1785244041428,true,1785244041478,LeaderAccept
1785244041536,true,1785244041585,LeaderAccept
1785244041648,false,1785244041699,LeaderAccept
1785244041768,true,1785244041817,LeaderAccept
1785244041894,false,1785244041945,LeaderAccept
1785244042028,true,1785244042078,LeaderAccept
1785244042172,false,1785244042221,LeaderAccept
1785244042326,true,1785244042376,LeaderAccept
1785244042492,true,1785244042542,LeaderAccept
1785244042673,true,1785244042723,LeaderAccept
1785244042871,false,1785244042922,LeaderAccept
1785244043090,true,1785244043140,LeaderAccept
1785244043334,true,1785244043384,LeaderAccept
1785244043610,true,1785244043650,FastAccept
1785244043925,true,1785244043964,FastAccept
1785244044295,true,1785244044335,FastAccept
1785244044739,false,1785244044778,FastAccept
1785244045293,false,1785244045344,LeaderAccept
1785244046025,true,1785244046074,LeaderAccept
1785244047078,false,1785244047128,LeaderAccept
1785244048862,false,1785244048912,LeaderAccept
1785244053211,true,1785244053251,FastAccept
1785244065366,true,1785244065406,FastAccept
1785244065383,false,1785244065423,FastAccept
1785244065401,false,1785244065441,FastAccept
1785244065419,true,1785244065459,FastAccept
1785244065437,true,1785244065476,FastAccept
1785244065456,true,1785244065495,FastAccept
1785244065474,false,1785244065514,FastAccept
1785244065493,false,1785244065534,FastAccept
1785244065513,false,1785244065552,FastAccept
1785244065531,true,1785244065571,FastAccept
1785244065550,true,1785244065590,FastAccept
1785244065569,false,1785244065609,FastAccept
1785244065589,false,1785244065628,FastAccept
1785244065609,false,1785244065649,FastAccept
1785244065628,true,1785244065668,FastAccept
1785244065649,true,1785244065688,FastAccept
1785244065669,false,1785244065709,FastAccept
1785244065690,true,1785244065729,FastAccept
1785244065711,false,1785244065751,FastAccept
1785244065733,true,1785244065772,FastAccept
1785244065753,false,1785244065792,FastAccept
1785244065774,true,1785244065813,FastAccept
1785244065795,false,1785244065835,FastAccept
1785244065817,false,1785244065857,FastAccept
1785244065839,true,1785244065878,FastAccept
1785244065861,true,1785244065901,FastAccept
1785244065883,true,1785244065922,FastAccept
1785244065905,true,1785244065945,FastAccept
1785244065928,false,1785244065968,FastAccept
1785244065951,true,1785244065991,FastAccept
1785244065974,false,1785244066014,FastAccept
1785244065998,true,1785244066038,FastAccept
1785244066023,true,1785244066062,FastAccept
1785244066047,true,1785244066087,FastAccept
1785244066072,true,1785244066112,FastAccept
1785244066097,false,1785244066137,FastAccept
1785244066121,false,1785244066160,FastAccept
1785244066146,true,1785244066186,FastAccept
1785244066172,false,1785244066211,FastAccept
1785244066197,true,1785244066236,FastAccept
1785244066223,true,1785244066263,FastAccept
1785244066251,true,1785244066290,FastAccept
1785244066278,false,1785244066317,FastAccept
1785244066305,false,1785244066345,FastAccept
1785244066333,true,1785244066373,FastAccept
1785244066361,true,1785244066402,FastAccept
1785244066389,true,1785244066429,FastAccept
1785244066417,false,1785244066457,FastAccept
1785244066446,true,1785244066485,FastAccept
1785244066475,false,1785244066516,FastAccept
1785244066505,false,1785244066545,FastAccept
1785244066535,false,1785244066574,FastAccept
1785244066566,true,1785244066607,FastAccept
1785244066597,true,1785244066637,FastAccept
1785244066629,false,1785244066669,FastAccept
1785244066661,false,1785244066701,FastAccept
1785244066694,true,1785244066734,FastAccept
1785244066727,false,1785244066767,FastAccept
1785244066761,true,1785244066801,FastAccept
1785244066795,true,1785244066834,FastAccept
1785244066830,false,1785244066869,FastAccept
1785244066866,true,1785244066906,FastAccept
1785244066903,false,1785244066942,FastAccept
1785244066939,true,1785244066979,FastAccept
1785244066978,false,1785244067017,FastAccept
1785244067016,false,1785244067056,FastAccept
1785244067055,true,1785244067095,FastAccept
1785244067095,false,1785244067135,FastAccept
1785244067135,true,1785244067174,FastAccept
1785244067176,true,1785244067216,FastAccept
1785244067218,false,1785244067259,FastAccept
1785244067261,true,1785244067300,FastAccept
1785244067304,true,1785244067344,FastAccept
1785244067349,false,1785244067389,FastAccept
1785244067395,true,1785244067435,FastAccept
1785244067441,false,1785244067481,FastAccept
1785244067489,false,1785244067529,FastAccept
1785244067539,true,1785244067579,FastAccept
1785244067588,false,1785244067628,FastAccept
1785244067639,false,1785244067679,FastAccept
1785244067692,true,1785244067732,FastAccept
1785244067745,true,1785244067785,FastAccept
1785244067800,false,1785244067840,FastAccept
1785244067857,true,1785244067897,FastAccept
1785244067915,true,1785244067970,LeaderAccept
1785244067975,true,1785244068042,SlowAccept
1785244068037,true,1785244068087,LeaderAccept
1785244068101,false,1785244068151,LeaderAccept
1785244068168,false,1785244068217,LeaderAccept
1785244068236,true,1785244068287,LeaderAccept
1785244068307,true,1785244068357,LeaderAccept
1785244068380,true,1785244068430,LeaderAccept
1785244068457,false,1785244068507,LeaderAccept
1785244068535,true,1785244068585,LeaderAccept
1785244068617,false,1785244068669,LeaderAccept
1785244068702,false,1785244068754,LeaderAccept
1785244068791,false,1785244068841,LeaderAccept
1785244068883,false,1785244068933,LeaderAccept
1785244068980,false,1785244069031,LeaderAccept
1785244069082,true,1785244069132,LeaderAccept
1785244069189,false,1785244069238,LeaderAccept
1785244069301,false,1785244069351,LeaderAccept
1785244069420,false,1785244069471,LeaderAccept
1785244069548,true,1785244069598,LeaderAccept
1785244069682,false,1785244069732,LeaderAccept
1785244069826,false,1785244069877,LeaderAccept
1785244069981,true,1785244070032,LeaderAccept
1785244070148,false,1785244070199,LeaderAccept
1785244070331,true,1785244070381,LeaderAccept
1785244070530,true,1785244070579,LeaderAccept
1785244070749,false,1785244070799,LeaderAccept
1785244070993,true,1785244071043,LeaderAccept
1785244071270,true,1785244071320,LeaderAccept
1785244071587,false,1785244071636,LeaderAccept
1785244071957,false,1785244072007,LeaderAccept
1785244072403,false,1785244072453,LeaderAccept
1785244072960,true,1785244073010,LeaderAccept
1785244073696,false,1785244073736,FastAccept
1785244074759,false,1785244074799,FastAccept
1785244076567,false,1785244076625,LeaderAccept
1785244081028,true,1785244081078,LeaderAccept
1785244089967,true,1785244090006,FastAccept
1785244089984,true,1785244090023,FastAccept
1785244090001,false,1785244090041,FastAccept
1785244090019,true,1785244090059,FastAccept
1785244090037,false,1785244090077,FastAccept
1785244090055,true,1785244090095,FastAccept
1785244090073,true,1785244090113,FastAccept
1785244090091,false,1785244090131,FastAccept
1785244090109,false,1785244090149,FastAccept
1785244090127,false,1785244090166,FastAccept
1785244090145,false,1785244090184,FastAccept
1785244090163,true,1785244090202,FastAccept
1785244090182,false,1785244090235,FastAccept
1785244090202,true,1785244090241,FastAccept
1785244090221,false,1785244090275,LeaderAccept
1785244090241,true,1785244090296,LeaderAccept
1785244090261,true,1785244090312,LeaderAccept
1785244090281,true,1785244090332,LeaderAccept
1785244090302,false,1785244090352,LeaderAccept
1785244090322,true,1785244090372,LeaderAccept
1785244090343,true,1785244090394,LeaderAccept
1785244090364,false,1785244090414,LeaderAccept
1785244090385,true,1785244090435,LeaderAccept
1785244090406,true,1785244090456,LeaderAccept
1785244090427,true,1785244090478,LeaderAccept
1785244090449,true,1785244090498,LeaderAccept
1785244090471,false,1785244090520,LeaderAccept
1785244090493,false,1785244090543,LeaderAccept
1785244090515,false,1785244090565,LeaderAccept
1785244090538,false,1785244090588,LeaderAccept
1785244090561,false,1785244090610,LeaderAccept
1785244090584,true,1785244090633,LeaderAccept
1785244090607,true,1785244090657,LeaderAccept
1785244090631,false,1785244090681,LeaderAccept
1785244090656,false,1785244090705,LeaderAccept
1785244090680,false,1785244090730,LeaderAccept
1785244090704,true,1785244090754,LeaderAccept
1785244090728,true,1785244090778,LeaderAccept
1785244090753,false,1785244090803,LeaderAccept
1785244090778,false,1785244090827,LeaderAccept
1785244090803,false,1785244090853,LeaderAccept
1785244090829,true,1785244090880,LeaderAccept
1785244090855,true,1785244090905,LeaderAccept
1785244090882,true,1785244090932,LeaderAccept
1785244090909,false,1785244090960,LeaderAccept
1785244090937,true,1785244090986,LeaderAccept
1785244090964,true,1785244091014,LeaderAccept
1785244090993,true,1785244091042,LeaderAccept
1785244091021,false,1785244091071,LeaderAccept
1785244091049,false,1785244091098,LeaderAccept
1785244091078,true,1785244091127,LeaderAccept
1785244091107,false,1785244091157,LeaderAccept
1785244091137,true,1785244091186,LeaderAccept
1785244091167,true,1785244091216,LeaderAccept
1785244091198,true,1785244091248,LeaderAccept
1785244091230,false,1785244091280,LeaderAccept
1785244091262,false,1785244091312,LeaderAccept
1785244091294,true,1785244091344,LeaderAccept
1785244091327,true,1785244091377,LeaderAccept
1785244091361,false,1785244091411,LeaderAccept
1785244091395,false,1785244091445,LeaderAccept
1785244091429,true,1785244091479,LeaderAccept
1785244091464,true,1785244091514,LeaderAccept
1785244091500,false,1785244091550,LeaderAccept
1785244091536,true,1785244091586,LeaderAccept
1785244091574,false,1785244091624,LeaderAccept
1785244091611,true,1785244091661,LeaderAccept
1785244091649,true,1785244091698,LeaderAccept
1785244091688,true,1785244091738,LeaderAccept
1785244091728,false,1785244091777,LeaderAccept
1785244091769,false,1785244091819,LeaderAccept
1785244091810,true,1785244091860,LeaderAccept
1785244091852,false,1785244091902,LeaderAccept
1785244091895,false,1785244091944,LeaderAccept
1785244091939,true,1785244091989,LeaderAccept
1785244091984,false,1785244092033,LeaderAccept
1785244092029,false,1785244092078,LeaderAccept
1785244092075,false,1785244092125,LeaderAccept
1785244092123,true,1785244092173,LeaderAccept
1785244092172,false,1785244092222,LeaderAccept
1785244092222,false,1785244092272,LeaderAccept
1785244092273,true,1785244092323,LeaderAccept
1785244092326,false,1785244092377,LeaderAccept
1785244092380,false,1785244092431,LeaderAccept
1785244092435,true,1785244092485,LeaderAccept
1785244092492,true,1785244092542,LeaderAccept
1785244092550,true,1785244092600,LeaderAccept
1785244092610,false,1785244092660,LeaderAccept
1785244092672,true,1785244092722,LeaderAccept
1785244092736,false,1785244092786,LeaderAccept
1785244092802,true,1785244092852,LeaderAccept
1785244092870,true,1785244092919,LeaderAccept
1785244092941,false,1785244092990,LeaderAccept
1785244093013,false,1785244093063,LeaderAccept
1785244093090,true,1785244093140,LeaderAccept
1785244093168,false,1785244093218,LeaderAccept
1785244093249,false,1785244093299,LeaderAccept
1785244093334,true,1785244093384,LeaderAccept
1785244093422,false,1785244093472,LeaderAccept
1785244093514,true,1785244093564,LeaderAccept
1785244093611,false,1785244093661,LeaderAccept
1785244093713,false,1785244093763,LeaderAccept
1785244093820,false,1785244093870,LeaderAccept
1785244093933,true,1785244093983,LeaderAccept
1785244094052,false,1785244094104,LeaderAccept
1785244094179,false,1785244094229,LeaderAccept
1785244094314,true,1785244094364,LeaderAccept
1785244094458,false,1785244094507,LeaderAccept
1785244094613,true,1785244094663,LeaderAccept
1785244094780,false,1785244094830,LeaderAccept
1785244094961,true,1785244095011,LeaderAccept
1785244095160,true,1785244095210,LeaderAccept
1785244095379,true,1785244095429,LeaderAccept
1785244095623,false,1785244095673,LeaderAccept
1785244095899,false,1785244095948,LeaderAccept
1785244096216,false,1785244096266,LeaderAccept
1785244096588,true,1785244096637,LeaderAccept
1785244097034,false,1785244097083,LeaderAccept
1785244097591,false,1785244097640,LeaderAccept
1785244098327,false,1785244098376,LeaderAccept
1785244099390,true,1785244099440,LeaderAccept
1785244101199,false,1785244101249,LeaderAccept
1785244105667,false,1785244105706,FastAccept
1785244105717,false,1785244105757,FastAccept
1785244105741,true,1785244105857,LeaderAccept
1785244105765,true,1785244105832,SlowAccept
1785244105789,false,1785244105857,SlowAccept
1785244105815,false,1785244105864,LeaderAccept
1785244105839,false,1785244105889,LeaderAccept
1785244105864,false,1785244105914,LeaderAccept
1785244105890,false,1785244105940,LeaderAccept
1785244105915,true,1785244105965,LeaderAccept
1785244105941,false,1785244105990,LeaderAccept
1785244105967,false,1785244106017,LeaderAccept
1785244105993,false,1785244106043,LeaderAccept
1785244106020,true,1785244106070,LeaderAccept
1785244106047,true,1785244106097,LeaderAccept
1785244106075,true,1785244106125,LeaderAccept
1785244106103,true,1785244106153,LeaderAccept
1785244106132,false,1785244106182,LeaderAccept
1785244106161,true,1785244106210,LeaderAccept
1785244106190,true,1785244106239,LeaderAccept
1785244106220,true,1785244106270,LeaderAccept
1785244106251,false,1785244106301,LeaderAccept
1785244106283,false,1785244106333,LeaderAccept
1785244106315,false,1785244106365,LeaderAccept
1785244106346,true,1785244106396,LeaderAccept
1785244106378,true,1785244106427,LeaderAccept
1785244106410,false,1785244106460,LeaderAccept
1785244106443,false,1785244106493,LeaderAccept
1785244106477,true,1785244106526,LeaderAccept
1785244106511,true,1785244106560,LeaderAccept
1785244106545,true,1785244106594,LeaderAccept
1785244106580,true,1785244106630,LeaderAccept
1785244106616,false,1785244106666,LeaderAccept
1785244106653,true,1785244106703,LeaderAccept
1785244106690,false,1785244106740,LeaderAccept
1785244106728,false,1785244106778,LeaderAccept
1785244106767,true,1785244106816,LeaderAccept
1785244106806,false,1785244106855,LeaderAccept
1785244106847,false,1785244106896,LeaderAccept
1785244106887,false,1785244106937,LeaderAccept
1785244106929,true,1785244106979,LeaderAccept
1785244106972,true,1785244107022,LeaderAccept
1785244107016,false,1785244107065,LeaderAccept
1785244107060,false,1785244107110,LeaderAccept
1785244107105,true,1785244107154,LeaderAccept
1785244107151,false,1785244107201,LeaderAccept
1785244107198,false,1785244107247,LeaderAccept
1785244107246,true,1785244107295,LeaderAccept
1785244107295,true,1785244107345,LeaderAccept
1785244107346,false,1785244107396,LeaderAccept
1785244107398,true,1785244107447,LeaderAccept
1785244107452,true,1785244107501,LeaderAccept
1785244107506,false,1785244107556,LeaderAccept
1785244107563,false,1785244107613,LeaderAccept
1785244107621,true,1785244107671,LeaderAccept
1785244107681,true,1785244107731,LeaderAccept
1785244107743,false,1785244107793,LeaderAccept
1785244107806,true,1785244107856,LeaderAccept
1785244107871,false,1785244107921,LeaderAccept
1785244107938,false,1785244107988,LeaderAccept
1785244108008,false,1785244108058,LeaderAccept
1785244108080,false,1785244108130,LeaderAccept
1785244108155,true,1785244108205,LeaderAccept
1785244108233,true,1785244108284,LeaderAccept
1785244108315,true,1785244108364,LeaderAccept
1785244108399,false,1785244108450,LeaderAccept
1785244108487,true,1785244108537,LeaderAccept
1785244108578,true,1785244108628,LeaderAccept
1785244108674,true,1785244108724,LeaderAccept
1785244108775,true,1785244108825,LeaderAccept
1785244108881,false,1785244108932,LeaderAccept
1785244108992,true,1785244109042,LeaderAccept
1785244109110,true,1785244109159,LeaderAccept
1785244109234,true,1785244109284,LeaderAccept
1785244109366,false,1785244109415,LeaderAccept
1785244109507,true,1785244109557,LeaderAccept
1785244109658,false,1785244109707,LeaderAccept
1785244109822,false,1785244109871,LeaderAccept
1785244109999,true,1785244110049,LeaderAccept
1785244110193,true,1785244110242,LeaderAccept
1785244110406,false,1785244110456,LeaderAccept
1785244110643,false,1785244110692,LeaderAccept
1785244110909,true,1785244110959,LeaderAccept
1785244111214,true,1785244111263,LeaderAccept
1785244111569,false,1785244111618,LeaderAccept
1785244111991,false,1785244112040,LeaderAccept
1785244112512,true,1785244112562,LeaderAccept
1785244113189,true,1785244113239,LeaderAccept
1785244114138,true,1785244114188,LeaderAccept
1785244115663,false,1785244115702,FastAccept
1785244117951,true,1785244118001,LeaderAccept
1785244117966,true,1785244118027,LeaderAccept
1785244117982,true,1785244118047,LeaderAccept
1785244117997,true,1785244118036,FastAccept
1785244118012,true,1785244118067,LeaderAccept
1785244118027,false,1785244118075,LeaderAccept
1785244118042,true,1785244118093,LeaderAccept
1785244118058,true,1785244118108,LeaderAccept
1785244118074,true,1785244118123,LeaderAccept
1785244118090,true,1785244118140,LeaderAccept
1785244118106,false,1785244118155,LeaderAccept
1785244118122,false,1785244118171,LeaderAccept
1785244118138,false,1785244118187,LeaderAccept
1785244118154,false,1785244118203,LeaderAccept
1785244118170,false,1785244118219,LeaderAccept
1785244118186,true,1785244118235,LeaderAccept
1785244118203,true,1785244118253,LeaderAccept
1785244118220,true,1785244118269,LeaderAccept
1785244118237,true,1785244118287,LeaderAccept
1785244118254,false,1785244118304,LeaderAccept
1785244118271,true,1785244118321,LeaderAccept
1785244118289,false,1785244118338,LeaderAccept
1785244118306,false,1785244118355,LeaderAccept
1785244118323,true,1785244118372,LeaderAccept
1785244118341,true,1785244118391,LeaderAccept
1785244118359,false,1785244118408,LeaderAccept
1785244118377,false,1785244118426,LeaderAccept
1785244118396,false,1785244118446,LeaderAccept
1785244118414,false,1785244118464,LeaderAccept
1785244118434,true,1785244118483,LeaderAccept
1785244118452,true,1785244118502,LeaderAccept
1785244118471,true,1785244118521,LeaderAccept
1785244118490,false,1785244118540,LeaderAccept
1785244118509,true,1785244118558,LeaderAccept
1785244118528,false,1785244118577,LeaderAccept
1785244118547,false,1785244118596,LeaderAccept
1785244118567,true,1785244118616,LeaderAccept
1785244118586,false,1785244118636,LeaderAccept
1785244118606,true,1785244118656,LeaderAccept
1785244118626,false,1785244118676,LeaderAccept
1785244118647,true,1785244118696,LeaderAccept
1785244118668,false,1785244118717,LeaderAccept
1785244118689,true,1785244118738,LeaderAccept
1785244118710,true,1785244118759,LeaderAccept
1785244118731,true,1785244118780,LeaderAccept
1785244118753,true,1785244118802,LeaderAccept
1785244118774,true,1785244118823,LeaderAccept
1785244118796,true,1785244118845,LeaderAccept
1785244118818,false,1785244118868,LeaderAccept
1785244118840,true,1785244118889,LeaderAccept
1785244118862,true,1785244118912,LeaderAccept
1785244118885,false,1785244118935,LeaderAccept
1785244118909,true,1785244118959,LeaderAccept
1785244118932,true,1785244118982,LeaderAccept
1785244118957,false,1785244119006,LeaderAccept
1785244118980,true,1785244119030,LeaderAccept
1785244119004,true,1785244119053,LeaderAccept
1785244119028,false,1785244119078,LeaderAccept
1785244119053,false,1785244119103,LeaderAccept
1785244119078,false,1785244119128,LeaderAccept
1785244119103,true,1785244119152,LeaderAccept
1785244119128,true,1785244119177,LeaderAccept
1785244119155,false,1785244119205,LeaderAccept
1785244119181,false,1785244119230,LeaderAccept
1785244119208,true,1785244119258,LeaderAccept
1785244119236,true,1785244119285,LeaderAccept
1785244119263,false,1785244119312,LeaderAccept
1785244119290,false,1785244119340,LeaderAccept
1785244119318,true,1785244119368,LeaderAccept
1785244119347,false,1785244119397,LeaderAccept
1785244119376,false,1785244119426,LeaderAccept
1785244119405,false,1785244119455,LeaderAccept
1785244119435,true,1785244119485,LeaderAccept
1785244119465,false,1785244119514,LeaderAccept
1785244119495,false,1785244119544,LeaderAccept
1785244119526,false,1785244119575,LeaderAccept
1785244119557,true,1785244119607,LeaderAccept
1785244119589,false,1785244119639,LeaderAccept
1785244119622,false,1785244119671,LeaderAccept
1785244119655,false,1785244119704,LeaderAccept
1785244119688,false,1785244119738,LeaderAccept
1785244119722,true,1785244119771,LeaderAccept
1785244119757,false,1785244119806,LeaderAccept
1785244119792,false,1785244119841,LeaderAccept
1785244119829,false,1785244119878,LeaderAccept
1785244119865,true,1785244119914,LeaderAccept
1785244119902,true,1785244119951,LeaderAccept
1785244119939,true,1785244119989,LeaderAccept
1785244119977,true,1785244120026,LeaderAccept
1785244120016,false,1785244120065,LeaderAccept
1785244120055,true,1785244120105,LeaderAccept
1785244120095,false,1785244120144,LeaderAccept
1785244120136,false,1785244120185,LeaderAccept
1785244120178,true,1785244120228,LeaderAccept
1785244120221,false,1785244120271,LeaderAccept
1785244120265,true,1785244120314,LeaderAccept
1785244120310,false,1785244120360,LeaderAccept
1785244120356,false,1785244120406,LeaderAccept
1785244120403,true,1785244120453,LeaderAccept
1785244120451,false,1785244120500,LeaderAccept
1785244120500,false,1785244120548,LeaderAccept
1785244120550,true,1785244120599,LeaderAccept
1785244120602,true,1785244120652,LeaderAccept
1785244120655,true,1785244120705,LeaderAccept
1785244120710,false,1785244120759,LeaderAccept
1785244120766,false,1785244120815,LeaderAccept
1785244120823,true,1785244120873,LeaderAccept
1785244120882,false,1785244120932,LeaderAccept
1785244120943,true,1785244120993,LeaderAccept
1785244121006,true,1785244121056,LeaderAccept
1785244121071,false,1785244121121,LeaderAccept
1785244121138,true,1785244121188,LeaderAccept
1785244121207,false,1785244121257,LeaderAccept
1785244121278,false,1785244121329,LeaderAccept
1785244121352,true,1785244121400,LeaderAccept
1785244121429,true,1785244121478,LeaderAccept
1785244121509,false,1785244121559,LeaderAccept
1785244121591,true,1785244121640,LeaderAccept
1785244121677,false,1785244121727,LeaderAccept
1785244121767,false,1785244121816,LeaderAccept
1785244121861,false,1785244121912,LeaderAccept
1785244121960,false,1785244122009,LeaderAccept
1785244122064,false,1785244122115,LeaderAccept
1785244122172,true,1785244122222,LeaderAccept
1785244122287,false,1785244122337,LeaderAccept
1785244122409,true,1785244122459,LeaderAccept
1785244122539,true,1785244122588,LeaderAccept
1785244122677,true,1785244122727,LeaderAccept
1785244122826,false,1785244122875,LeaderAccept
1785244122985,false,1785244123034,LeaderAccept
1785244123158,false,1785244123208,LeaderAccept
1785244123345,true,1785244123395,LeaderAccept
1785244123551,false,1785244123601,LeaderAccept
1785244123780,true,1785244123829,LeaderAccept
1785244124035,false,1785244124085,LeaderAccept
1785244124326,false,1785244124376,LeaderAccept
1785244124663,true,1785244124712,LeaderAccept
1785244125060,true,1785244125110,LeaderAccept
1785244125543,false,1785244125593,LeaderAccept
1785244126159,false,1785244126208,LeaderAccept
1785244126996,true,1785244127046,LeaderAccept
1785244128268,false,1785244128317,LeaderAccept
1785244130670,true,1785244130719,LeaderAccept
1785244138650,true,1785244138699,LeaderAccept
1785244153101,false,1785244153141,FastAccept
1785244153139,true,1785244153178,FastAccept
1785244153177,true,1785244153216,FastAccept
1785244153216,true,1785244153256,FastAccept
1785244153256,true,1785244153295,FastAccept
1785244153297,false,1785244153337,FastAccept
1785244153339,false,1785244153379,FastAccept
1785244153381,false,1785244153420,FastAccept
1785244153424,true,1785244153464,FastAccept
1785244153468,false,1785244153507,FastAccept
1785244153513,false,1785244153567,LeaderAccept
1785244153559,true,1785244153598,FastAccept
1785244153606,true,1785244153646,FastAccept
1785244153654,true,1785244153693,FastAccept
1785244153703,true,1785244153743,FastAccept
1785244153754,true,1785244153794,FastAccept
1785244153806,true,1785244153845,FastAccept
1785244153859,true,1785244153899,FastAccept
1785244153914,true,1785244153954,FastAccept
1785244153970,true,1785244154010,FastAccept
1785244154028,true,1785244154069,FastAccept
1785244154087,true,1785244154142,LeaderAccept
1785244154148,false,1785244154187,FastAccept
1785244154212,true,1785244154251,FastAccept
1785244154276,true,1785244154316,FastAccept
1785244154343,false,1785244154383,FastAccept
1785244154412,true,1785244154451,FastAccept
1785244154484,true,1785244154523,FastAccept
1785244154558,false,1785244154598,FastAccept
1785244154635,false,1785244154674,FastAccept
1785244154715,true,1785244154755,FastAccept
1785244154798,false,1785244154837,FastAccept
1785244154885,false,1785244154925,FastAccept
1785244154975,true,1785244155014,FastAccept
1785244155069,false,1785244155108,FastAccept
1785244155167,false,1785244155207,FastAccept
1785244155271,true,1785244155311,FastAccept
1785244155381,true,1785244155421,FastAccept
1785244155496,false,1785244155535,FastAccept
1785244155619,false,1785244155658,FastAccept
1785244155748,true,1785244155788,FastAccept
1785244155887,true,1785244155927,FastAccept
1785244156035,false,1785244156074,FastAccept
1785244156195,true,1785244156234,FastAccept
1785244156368,true,1785244156407,FastAccept
1785244156555,true,1785244156595,FastAccept
1785244156762,true,1785244156801,FastAccept
1785244156990,false,1785244157029,FastAccept
1785244157246,false,1785244157285,FastAccept
1785244157537,true,1785244157577,FastAccept
1785244157873,false,1785244157926,LeaderAccept
1785244158271,true,1785244158321,LeaderAccept
1785244158756,true,1785244158805,LeaderAccept
1785244159374,true,1785244159424,LeaderAccept
1785244160215,true,1785244160264,LeaderAccept
1785244161496,false,1785244161546,LeaderAccept
1785244163925,false,1785244163965,FastAccept
1785244166319,false,1785244166358,FastAccept
1785244166344,false,1785244166383,FastAccept
1785244166369,true,1785244166408,FastAccept
1785244166395,true,1785244166434,FastAccept
1785244166420,true,1785244166460,FastAccept
1785244166446,false,1785244166486,FastAccept
1785244166472,true,1785244166511,FastAccept
1785244166498,false,1785244166537,FastAccept
1785244166525,true,1785244166564,FastAccept
1785244166553,true,1785244166592,FastAccept
1785244166581,false,1785244166620,FastAccept
1785244166608,true,1785244166648,FastAccept
1785244166636,false,1785244166675,FastAccept
1785244166665,true,1785244166704,FastAccept
1785244166694,true,1785244166733,FastAccept
1785244166724,true,1785244166777,FastAccept
1785244166754,false,1785244166823,SlowAccept
1785244166785,true,1785244166843,LeaderAccept
1785244166815,true,1785244166864,LeaderAccept
1785244166846,false,1785244166896,LeaderAccept
1785244166879,true,1785244166928,LeaderAccept
1785244166910,true,1785244166959,LeaderAccept
1785244166942,true,1785244166992,LeaderAccept
1785244166975,true,1785244167025,LeaderAccept
1785244167009,false,1785244167058,LeaderAccept
1785244167043,true,1785244167093,LeaderAccept
1785244167079,false,1785244167128,LeaderAccept
1785244167114,false,1785244167164,LeaderAccept
1785244167150,false,1785244167200,LeaderAccept
1785244167187,true,1785244167236,LeaderAccept
1785244167224,false,1785244167274,LeaderAccept
1785244167262,true,1785244167312,LeaderAccept
1785244167301,false,1785244167350,LeaderAccept
1785244167340,true,1785244167390,LeaderAccept
1785244167380,true,1785244167430,LeaderAccept
1785244167421,false,1785244167470,LeaderAccept
1785244167462,false,1785244167512,LeaderAccept
1785244167506,true,1785244167555,LeaderAccept
1785244167549,true,1785244167599,LeaderAccept
1785244167593,false,1785244167643,LeaderAccept
1785244167638,true,1785244167687,LeaderAccept
1785244167684,false,1785244167734,LeaderAccept
1785244167732,false,1785244167782,LeaderAccept
1785244167781,false,1785244167830,LeaderAccept
1785244167830,true,1785244167879,LeaderAccept
1785244167882,true,1785244167931,LeaderAccept
1785244167934,false,1785244167984,LeaderAccept
1785244167988,true,1785244168037,LeaderAccept
1785244168043,true,1785244168093,LeaderAccept
1785244168099,false,1785244168148,LeaderAccept
1785244168158,true,1785244168207,LeaderAccept
1785244168217,true,1785244168267,LeaderAccept
1785244168279,false,1785244168329,LeaderAccept
1785244168342,false,1785244168391,LeaderAccept
1785244168407,true,1785244168457,LeaderAccept
1785244168475,false,1785244168525,LeaderAccept
1785244168545,true,1785244168595,LeaderAccept
1785244168617,false,1785244168667,LeaderAccept
1785244168691,false,1785244168740,LeaderAccept
1785244168769,true,1785244168818,LeaderAccept
1785244168850,true,1785244168899,LeaderAccept
1785244168933,false,1785244168982,LeaderAccept
1785244169020,true,1785244169070,LeaderAccept
1785244169111,false,1785244169161,LeaderAccept
1785244169206,true,1785244169256,LeaderAccept
1785244169306,true,1785244169356,LeaderAccept
1785244169411,false,1785244169461,LeaderAccept
1785244169521,true,1785244169570,LeaderAccept
1785244169637,false,1785244169686,LeaderAccept
1785244169760,true,1785244169809,LeaderAccept
1785244169893,false,1785244169942,LeaderAccept
1785244170034,true,1785244170083,LeaderAccept
1785244170184,true,1785244170234,LeaderAccept
1785244170346,false,1785244170395,LeaderAccept
1785244170521,true,1785244170570,LeaderAccept
1785244170713,false,1785244170762,LeaderAccept
1785244170923,false,1785244170972,LeaderAccept
1785244171158,false,1785244171207,LeaderAccept
1785244171422,false,1785244171471,LeaderAccept
1785244171722,true,1785244171771,LeaderAccept
1785244172070,true,1785244172119,LeaderAccept
1785244172484,false,1785244172533,LeaderAccept
1785244172994,false,1785244173043,LeaderAccept
1785244173651,true,1785244173701,LeaderAccept
1785244174563,false,1785244174612,LeaderAccept
1785244176002,true,1785244176051,LeaderAccept
1785244178958,true,1785244179007,LeaderAccept
1785244191903,true,1785244191943,FastAccept
1785244210612,true,1785244210651,FastAccept
1785244210640,true,1785244210679,FastAccept
1785244210669,true,1785244210708,FastAccept
1785244210699,true,1785244210739,FastAccept
1785244210729,false,1785244210769,FastAccept
1785244210760,false,1785244210800,FastAccept
1785244210791,false,1785244210830,FastAccept
1785244210822,true,1785244210861,FastAccept
1785244210855,false,1785244210894,FastAccept
1785244210887,false,1785244210926,FastAccept
1785244210920,true,1785244210960,FastAccept
1785244210955,true,1785244210993,FastAccept
1785244210988,true,1785244211027,FastAccept
1785244211022,false,1785244211061,FastAccept
1785244211056,false,1785244211096,FastAccept
1785244211092,false,1785244211131,FastAccept
1785244211128,false,1785244211168,FastAccept
1785244211166,true,1785244211205,FastAccept
1785244211204,false,1785244211243,FastAccept
1785244211242,false,1785244211282,FastAccept
1785244211281,false,1785244211321,FastAccept
1785244211321,true,1785244211360,FastAccept
1785244211361,true,1785244211401,FastAccept
1785244211402,false,1785244211442,FastAccept
1785244211444,false,1785244211483,FastAccept
1785244211486,true,1785244211526,FastAccept
1785244211530,false,1785244211569,FastAccept
1785244211574,false,1785244211614,FastAccept
1785244211620,false,1785244211659,FastAccept
1785244211667,false,1785244211707,FastAccept
1785244211715,true,1785244211754,FastAccept
1785244211765,true,1785244211804,FastAccept
1785244211816,false,1785244211855,FastAccept
1785244211867,false,1785244211907,FastAccept
1785244211920,true,1785244211960,FastAccept
1785244211974,false,1785244212014,FastAccept
1785244212029,false,1785244212068,FastAccept
1785244212087,true,1785244212127,FastAccept
1785244212145,true,1785244212184,FastAccept
1785244212206,true,1785244212245,FastAccept
1785244212268,true,1785244212308,FastAccept
1785244212332,true,1785244212371,FastAccept
1785244212399,false,1785244212438,FastAccept
1785244212468,true,1785244212507,FastAccept
1785244212538,false,1785244212578,FastAccept
1785244212612,true,1785244212652,FastAccept
1785244212688,true,1785244212728,FastAccept
1785244212767,false,1785244212806,FastAccept
1785244212849,false,1785244212888,FastAccept
1785244212934,false,1785244212973,FastAccept
1785244213024,false,1785244213063,FastAccept
1785244213117,false,1785244213157,FastAccept
1785244213215,true,1785244213255,FastAccept
1785244213318,true,1785244213358,FastAccept
1785244213426,true,1785244213466,FastAccept
1785244213540,true,1785244213579,FastAccept
1785244213660,false,1785244213699,FastAccept
1785244213788,true,1785244213827,FastAccept
1785244213923,false,1785244213962,FastAccept
1785244214068,false,1785244214108,FastAccept
1785244214224,true,1785244214264,FastAccept
1785244214393,false,1785244214433,FastAccept
1785244214577,true,1785244214617,FastAccept
1785244214778,true,1785244214818,FastAccept
1785244215001,true,1785244215041,FastAccept
1785244215250,true,1785244215290,FastAccept
1785244215531,false,1785244215570,FastAccept
1785244215854,false,1785244215894,FastAccept
1785244216234,true,1785244216274,FastAccept
1785244216693,false,1785244216732,FastAccept
1785244217271,true,1785244217311,FastAccept
1785244218042,false,1785244218081,FastAccept
1785244219176,false,1785244219224,LeaderAccept
1785244221171,false,1785244221221,LeaderAccept
1785244226581,true,1785244226630,LeaderAccept
1785244255843,true,1785244255893,LeaderAccept
1785244255863,true,1785244255912,LeaderAccept
1785244255883,true,1785244255933,LeaderAccept
1785244255903,false,1785244255953,LeaderAccept
1785244255924,false,1785244255974,LeaderAccept
1785244255944,true,1785244255994,LeaderAccept
1785244255965,true,1785244256016,LeaderAccept
1785244255986,false,1785244256037,LeaderAccept
1785244256007,true,1785244256057,LeaderAccept
1785244256028,false,1785244256077,LeaderAccept
1785244256049,false,1785244256098,LeaderAccept
1785244256072,false,1785244256121,LeaderAccept
1785244256094,false,1785244256144,LeaderAccept
1785244256117,true,1785244256166,LeaderAccept
1785244256139,true,1785244256188,LeaderAccept
1785244256162,true,1785244256212,LeaderAccept
1785244256185,false,1785244256234,LeaderAccept
1785244256208,true,1785244256257,LeaderAccept
1785244256231,true,1785244256281,LeaderAccept
1785244256255,false,1785244256304,LeaderAccept
1785244256279,false,1785244256329,LeaderAccept
1785244256304,false,1785244256354,LeaderAccept
1785244256329,false,1785244256378,LeaderAccept
1785244256354,false,1785244256403,LeaderAccept
1785244256379,true,1785244256429,LeaderAccept
1785244256405,false,1785244256455,LeaderAccept
1785244256431,true,1785244256481,LeaderAccept
1785244256457,false,1785244256506,LeaderAccept
1785244256484,true,1785244256534,LeaderAccept
1785244256511,true,1785244256561,LeaderAccept
1785244256538,true,1785244256587,LeaderAccept
1785244256565,true,1785244256615,LeaderAccept
1785244256593,true,1785244256643,LeaderAccept
1785244256622,true,1785244256671,LeaderAccept
1785244256650,true,1785244256699,LeaderAccept
1785244256679,false,1785244256728,LeaderAccept
1785244256709,false,1785244256759,LeaderAccept
1785244256739,true,1785244256789,LeaderAccept
1785244256770,false,1785244256819,LeaderAccept
1785244256801,false,1785244256850,LeaderAccept
1785244256832,true,1785244256882,LeaderAccept
1785244256864,false,1785244256913,LeaderAccept
1785244256896,false,1785244256945,LeaderAccept
1785244256928,true,1785244256978,LeaderAccept
1785244256962,false,1785244257012,LeaderAccept
1785244256996,true,1785244257046,LeaderAccept
1785244257031,false,1785244257081,LeaderAccept
1785244257066,false,1785244257116,LeaderAccept
1785244257102,false,1785244257151,LeaderAccept
1785244257138,true,1785244257188,LeaderAccept
1785244257175,true,1785244257225,LeaderAccept
1785244257213,false,1785244257263,LeaderAccept
1785244257251,false,1785244257300,LeaderAccept
1785244257290,false,1785244257340,LeaderAccept
1785244257330,false,1785244257379,LeaderAccept
1785244257370,true,1785244257420,LeaderAccept
1785244257412,false,1785244257461,LeaderAccept
1785244257454,false,1785244257503,LeaderAccept
1785244257497,true,1785244257547,LeaderAccept
1785244257541,true,1785244257590,LeaderAccept
1785244257587,true,1785244257636,LeaderAccept
1785244257632,false,1785244257682,LeaderAccept
1785244257679,true,1785244257729,LeaderAccept
1785244257727,false,1785244257777,LeaderAccept
1785244257776,false,1785244257825,LeaderAccept
1785244257827,true,1785244257876,LeaderAccept
1785244257878,false,1785244257929,LeaderAccept
1785244257931,true,1785244257981,LeaderAccept
1785244257985,false,1785244258035,LeaderAccept
1785244258041,false,1785244258091,LeaderAccept
1785244258098,false,1785244258148,LeaderAccept
1785244258157,false,1785244258207,LeaderAccept
1785244258217,true,1785244258267,LeaderAccept
1785244258279,true,1785244258329,LeaderAccept
1785244258343,true,1785244258393,LeaderAccept
1785244258409,false,1785244258459,LeaderAccept
1785244258477,false,1785244258527,LeaderAccept
1785244258548,true,1785244258598,LeaderAccept
1785244258621,false,1785244258670,LeaderAccept
1785244258698,false,1785244258747,LeaderAccept
1785244258777,false,1785244258827,LeaderAccept
1785244258860,false,1785244258909,LeaderAccept
1785244258946,false,1785244258995,LeaderAccept
1785244259036,true,1785244259085,LeaderAccept
1785244259130,false,1785244259179,LeaderAccept
1785244259227,true,1785244259278,LeaderAccept
1785244259330,true,1785244259380,LeaderAccept
1785244259438,false,1785244259487,LeaderAccept
1785244259552,true,1785244259602,LeaderAccept
1785244259672,true,1785244259721,LeaderAccept
1785244259801,true,1785244259850,LeaderAccept
1785244259938,false,1785244259987,LeaderAccept
1785244260084,true,1785244260134,LeaderAccept
1785244260241,true,1785244260291,LeaderAccept
1785244260410,false,1785244260459,LeaderAccept
1785244260594,true,1785244260644,LeaderAccept
1785244260797,false,1785244260847,LeaderAccept
1785244261020,false,1785244261070,LeaderAccept
1785244261270,false,1785244261320,LeaderAccept
1785244261553,true,1785244261603,LeaderAccept
1785244261879,true,1785244261919,FastAccept
1785244262262,true,1785244262302,FastAccept
1785244262726,true,1785244262765,FastAccept
1785244263310,true,1785244263350,FastAccept
1785244264092,true,1785244264132,FastAccept
1785244265249,false,1785244265331,LeaderAccept
1785244267311,true,1785244267360,LeaderAccept
1785244272417,false,1785244272456,FastAccept
1785244272441,false,1785244272480,FastAccept
1785244272466,false,1785244272506,FastAccept
1785244272491,true,1785244272530,FastAccept
1785244272516,false,1785244272555,FastAccept
1785244272541,false,1785244272581,FastAccept
1785244272567,false,1785244272607,FastAccept
1785244272594,false,1785244272633,FastAccept
1785244272620,true,1785244272659,FastAccept
1785244272647,false,1785244272686,FastAccept
1785244272675,false,1785244272715,FastAccept
1785244272703,true,1785244272743,FastAccept
1785244272732,false,1785244272771,FastAccept
1785244272761,false,1785244272800,FastAccept
1785244272791,false,1785244272830,FastAccept
1785244272820,true,1785244272869,LeaderAccept
1785244272849,false,1785244272888,FastAccept
1785244272879,false,1785244272919,FastAccept
1785244272910,false,1785244272949,FastAccept
1785244272941,false,1785244272980,FastAccept
1785244272974,false,1785244273013,FastAccept
1785244273006,true,1785244273045,FastAccept
1785244273039,true,1785244273078,FastAccept
1785244273073,false,1785244273112,FastAccept
1785244273107,false,1785244273146,FastAccept
1785244273141,false,1785244273180,FastAccept
1785244273176,true,1785244273215,FastAccept
1785244273211,true,1785244273251,FastAccept
1785244273247,true,1785244273287,FastAccept
1785244273284,true,1785244273323,FastAccept
1785244273321,true,1785244273360,FastAccept
1785244273359,false,1785244273399,FastAccept
1785244273399,false,1785244273438,FastAccept
1785244273438,false,1785244273477,FastAccept
1785244273478,false,1785244273517,FastAccept
1785244273520,false,1785244273559,FastAccept
1785244273561,false,1785244273601,FastAccept
1785244273604,false,1785244273643,FastAccept
1785244273648,false,1785244273687,FastAccept
1785244273693,false,1785244273733,FastAccept
1785244273739,false,1785244273778,FastAccept
1785244273786,true,1785244273825,FastAccept
1785244273833,true,1785244273873,FastAccept
1785244273882,false,1785244273921,FastAccept
1785244273932,false,1785244273972,FastAccept
1785244273983,false,1785244274022,FastAccept
1785244274035,true,1785244274074,FastAccept
1785244274090,false,1785244274162,SlowAccept
1785244274145,true,1785244274185,FastAccept
1785244274202,true,1785244274242,FastAccept
1785244274260,true,1785244274310,LeaderAccept
1785244274320,true,1785244274369,LeaderAccept
1785244274382,true,1785244274431,LeaderAccept
1785244274446,false,1785244274496,LeaderAccept
1785244274512,false,1785244274561,LeaderAccept
1785244274580,true,1785244274630,LeaderAccept
1785244274651,true,1785244274700,LeaderAccept
1785244274724,true,1785244274773,LeaderAccept
1785244274799,true,1785244274848,LeaderAccept
1785244274877,false,1785244274927,LeaderAccept
1785244274959,true,1785244275008,LeaderAccept
1785244275044,false,1785244275094,LeaderAccept
1785244275133,false,1785244275182,LeaderAccept
1785244275226,true,1785244275274,LeaderAccept
1785244275323,false,1785244275372,LeaderAccept
1785244275425,false,1785244275473,LeaderAccept
1785244275531,true,1785244275581,LeaderAccept
1785244275644,false,1785244275694,LeaderAccept
1785244275763,false,1785244275812,LeaderAccept
1785244275889,false,1785244275939,LeaderAccept
1785244276024,false,1785244276073,LeaderAccept
1785244276168,true,1785244276218,LeaderAccept
1785244276323,false,1785244276372,LeaderAccept
1785244276490,false,1785244276539,LeaderAccept
1785244276671,false,1785244276720,LeaderAccept
1785244276870,false,1785244276920,LeaderAccept
1785244277089,true,1785244277139,LeaderAccept
1785244277333,true,1785244277383,LeaderAccept
1785244277608,false,1785244277657,LeaderAccept
1785244277924,true,1785244277973,LeaderAccept
1785244278293,false,1785244278343,LeaderAccept
1785244278737,true,1785244278787,LeaderAccept
1785244279292,true,1785244279342,LeaderAccept
1785244280024,true,1785244280074,LeaderAccept
1785244281079,true,1785244281128,LeaderAccept
1785244282865,true,1785244282915,LeaderAccept
1785244287228,false,1785244287278,LeaderAccept
1785244295803,false,1785244295842,FastAccept
1785244295820,true,1785244295860,FastAccept
1785244295838,true,1785244295878,FastAccept
1785244295856,false,1785244295896,FastAccept
1785244295874,true,1785244295913,FastAccept
1785244295892,true,1785244295931,FastAccept
1785244295910,true,1785244295949,FastAccept
1785244295929,false,1785244295968,FastAccept
1785244295947,false,1785244295986,FastAccept
1785244295967,false,1785244296005,FastAccept
1785244295985,true,1785244296025,FastAccept
1785244296004,false,1785244296044,FastAccept
1785244296025,true,1785244296064,FastAccept
1785244296044,false,1785244296083,FastAccept
1785244296063,true,1785244296102,FastAccept
1785244296083,false,1785244296122,FastAccept
1785244296104,true,1785244296143,FastAccept
1785244296124,false,1785244296164,FastAccept
1785244296144,true,1785244296184,FastAccept
1785244296164,true,1785244296203,FastAccept
1785244296184,true,1785244296223,FastAccept
1785244296205,true,1785244296245,FastAccept
1785244296227,false,1785244296266,FastAccept
1785244296248,true,1785244296287,FastAccept
1785244296269,true,1785244296308,FastAccept
1785244296291,true,1785244296330,FastAccept
1785244296313,false,1785244296352,FastAccept
1785244296335,true,1785244296374,FastAccept
1785244296357,false,1785244296397,FastAccept
1785244296380,true,1785244296420,FastAccept
1785244296403,false,1785244296442,FastAccept
1785244296426,false,1785244296465,FastAccept
1785244296449,false,1785244296488,FastAccept
1785244296474,true,1785244296513,FastAccept
1785244296498,true,1785244296537,FastAccept
1785244296522,false,1785244296562,FastAccept
1785244296547,true,1785244296586,FastAccept
1785244296572,false,1785244296611,FastAccept
1785244296598,false,1785244296637,FastAccept
1785244296623,true,1785244296663,FastAccept
1785244296649,true,1785244296689,FastAccept
1785244296676,true,1785244296715,FastAccept
1785244296702,false,1785244296741,FastAccept
1785244296728,true,1785244296767,FastAccept
1785244296755,false,1785244296794,FastAccept
1785244296783,false,1785244296822,FastAccept
1785244296810,false,1785244296849,FastAccept
1785244296838,false,1785244296877,FastAccept
1785244296866,true,1785244296906,FastAccept
1785244296895,false,1785244296935,FastAccept
1785244296925,true,1785244296965,FastAccept
1785244296955,false,1785244296994,FastAccept
1785244296985,false,1785244297024,FastAccept
1785244297015,true,1785244297055,FastAccept
1785244297047,true,1785244297086,FastAccept
1785244297078,true,1785244297117,FastAccept
1785244297110,false,1785244297150,FastAccept
1785244297144,false,1785244297183,FastAccept
1785244297177,false,1785244297217,FastAccept
1785244297210,true,1785244297250,FastAccept
1785244297244,true,1785244297283,FastAccept
1785244297278,false,1785244297317,FastAccept
1785244297313,false,1785244297352,FastAccept
1785244297349,false,1785244297388,FastAccept
1785244297385,false,1785244297424,FastAccept
1785244297422,false,1785244297461,FastAccept
1785244297460,false,1785244297499,FastAccept
1785244297499,true,1785244297538,FastAccept
1785244297538,true,1785244297577,FastAccept
1785244297578,false,1785244297618,FastAccept
1785244297619,true,1785244297658,FastAccept
1785244297662,false,1785244297701,FastAccept
1785244297704,false,1785244297743,FastAccept
1785244297748,false,1785244297787,FastAccept
1785244297792,true,1785244297831,FastAccept
1785244297837,true,1785244297877,FastAccept
1785244297884,true,1785244297924,FastAccept
1785244297931,false,1785244297970,FastAccept
1785244297979,true,1785244298018,FastAccept
1785244298029,true,1785244298069,FastAccept
1785244298080,false,1785244298119,FastAccept
1785244298132,false,1785244298172,FastAccept
1785244298186,true,1785244298226,FastAccept
1785244298241,true,1785244298281,FastAccept
1785244298297,false,1785244298336,FastAccept
1785244298355,false,1785244298394,FastAccept
1785244298414,true,1785244298454,FastAccept
1785244298476,false,1785244298515,FastAccept
1785244298540,false,1785244298579,FastAccept
1785244298605,false,1785244298645,FastAccept
1785244298673,false,1785244298713,FastAccept
1785244298743,true,1785244298782,FastAccept
1785244298815,false,1785244298854,FastAccept
1785244298890,true,1785244298930,FastAccept
1785244298968,true,1785244299008,FastAccept
1785244299049,true,1785244299089,FastAccept
1785244299133,true,1785244299173,FastAccept
1785244299221,false,1785244299260,FastAccept
1785244299312,false,1785244299351,FastAccept
1785244299407,false,1785244299447,FastAccept
1785244299508,true,1785244299548,FastAccept
1785244299613,false,1785244299652,FastAccept
1785244299724,true,1785244299764,FastAccept
1785244299842,false,1785244299882,FastAccept
1785244299966,true,1785244300005,FastAccept
1785244300098,true,1785244300138,FastAccept
1785244300240,false,1785244300280,FastAccept
1785244300392,true,1785244300432,FastAccept
1785244300556,false,1785244300595,FastAccept
1785244300733,true,1785244300772,FastAccept
1785244300927,true,1785244300966,FastAccept
1785244301140,false,1785244301180,FastAccept
1785244301377,false,1785244301417,FastAccept
1785244301643,false,1785244301682,FastAccept
1785244301948,false,1785244301988,FastAccept
1785244302302,false,1785244302342,FastAccept
1785244302725,true,1785244302764,FastAccept
1785244303247,true,1785244303286,FastAccept
1785244303924,false,1785244303973,LeaderAccept
1785244304875,false,1785244304925,LeaderAccept
1785244306402,false,1785244306452,LeaderAccept
1785244309679,true,1785244309728,LeaderAccept
1785244326543,true,1785244326593,LeaderAccept
1785244343054,false,1785244343094,FastAccept
1785244343077,false,1785244343116,FastAccept
1785244343098,true,1785244343138,FastAccept
1785244343120,false,1785244343160,FastAccept
1785244343142,true,1785244343181,FastAccept
1785244343164,false,1785244343203,FastAccept
1785244343186,true,1785244343241,LeaderAccept
1785244343209,true,1785244343262,LeaderAccept
1785244343232,false,1785244343282,LeaderAccept
1785244343255,true,1785244343305,LeaderAccept
1785244343279,true,1785244343329,LeaderAccept
1785244343303,false,1785244343352,LeaderAccept
1785244343327,false,1785244343377,LeaderAccept
1785244343351,false,1785244343401,LeaderAccept
1785244343376,true,1785244343426,LeaderAccept
1785244343402,true,1785244343452,LeaderAccept
1785244343428,false,1785244343477,LeaderAccept
1785244343453,true,1785244343503,LeaderAccept
1785244343480,true,1785244343529,LeaderAccept
1785244343506,false,1785244343556,LeaderAccept
1785244343533,true,1785244343584,LeaderAccept
1785244343560,true,1785244343610,LeaderAccept
1785244343587,true,1785244343637,LeaderAccept
1785244343614,true,1785244343663,LeaderAccept
1785244343642,true,1785244343691,LeaderAccept
1785244343672,true,1785244343721,LeaderAccept
1785244343700,false,1785244343749,LeaderAccept
1785244343729,false,1785244343778,LeaderAccept
1785244343759,true,1785244343808,LeaderAccept
1785244343790,true,1785244343839,LeaderAccept
1785244343820,false,1785244343869,LeaderAccept
1785244343851,false,1785244343901,LeaderAccept
1785244343883,false,1785244343933,LeaderAccept
1785244343916,true,1785244343965,LeaderAccept
1785244343948,false,1785244343998,LeaderAccept
1785244343981,true,1785244344031,LeaderAccept
1785244344015,true,1785244344064,LeaderAccept
1785244344049,false,1785244344098,LeaderAccept
1785244344083,false,1785244344133,LeaderAccept
1785244344120,false,1785244344169,LeaderAccept
1785244344155,true,1785244344205,LeaderAccept
1785244344192,false,1785244344242,LeaderAccept
1785244344229,false,1785244344278,LeaderAccept
1785244344267,false,1785244344316,LeaderAccept
1785244344305,true,1785244344355,LeaderAccept
1785244344345,true,1785244344395,LeaderAccept
1785244344385,false,1785244344435,LeaderAccept
1785244344426,false,1785244344476,LeaderAccept
1785244344467,true,1785244344516,LeaderAccept
1785244344509,true,1785244344559,LeaderAccept
1785244344552,false,1785244344602,LeaderAccept
1785244344596,false,1785244344646,LeaderAccept
1785244344641,true,1785244344690,LeaderAccept
1785244344687,false,1785244344736,LeaderAccept
1785244344734,true,1785244344784,LeaderAccept
1785244344783,false,1785244344833,LeaderAccept
1785244344833,true,1785244344883,LeaderAccept
1785244344884,true,1785244344934,LeaderAccept
1785244344936,false,1785244344987,LeaderAccept
1785244344990,true,1785244345039,LeaderAccept
1785244345045,false,1785244345094,LeaderAccept
1785244345102,false,1785244345152,LeaderAccept
1785244345159,true,1785244345209,LeaderAccept
1785244345219,true,1785244345269,LeaderAccept
1785244345280,false,1785244345331,LeaderAccept
1785244345344,true,1785244345394,LeaderAccept
1785244345409,true,1785244345459,LeaderAccept
1785244345477,false,1785244345527,LeaderAccept
1785244345546,false,1785244345596,LeaderAccept
1785244345618,false,1785244345668,LeaderAccept
1785244345693,false,1785244345742,LeaderAccept
1785244345770,true,1785244345820,LeaderAccept
1785244345851,false,1785244345901,LeaderAccept
1785244345935,false,1785244345985,LeaderAccept
1785244346022,true,1785244346072,LeaderAccept
1785244346113,false,1785244346163,LeaderAccept
1785244346208,true,1785244346257,LeaderAccept
1785244346308,false,1785244346358,LeaderAccept
1785244346413,false,1785244346463,LeaderAccept
1785244346523,false,1785244346573,LeaderAccept
1785244346640,false,1785244346689,LeaderAccept
1785244346764,false,1785244346813,LeaderAccept
1785244346896,false,1785244346945,LeaderAccept
1785244347037,false,1785244347086,LeaderAccept
1785244347188,false,1785244347237,LeaderAccept
1785244347350,true,1785244347399,LeaderAccept
1785244347526,true,1785244347575,LeaderAccept
1785244347718,false,1785244347767,LeaderAccept
1785244347930,false,1785244347979,LeaderAccept
1785244348165,true,1785244348214,LeaderAccept
1785244348428,true,1785244348467,FastAccept
1785244348729,false,1785244348781,FastAccept
1785244349079,false,1785244349128,LeaderAccept
1785244349495,true,1785244349545,LeaderAccept
1785244350007,false,1785244350056,LeaderAccept
1785244350668,false,1785244350717,LeaderAccept
1785244351587,true,1785244351637,LeaderAccept
1785244353043,false,1785244353093,LeaderAccept
1785244356057,true,1785244356110,FastAccept
1785244367156,false,1785244367206,LeaderAccept
1785244367190,true,1785244367240,LeaderAccept
1785244367225,false,1785244367274,LeaderAccept
1785244367260,false,1785244367310,LeaderAccept
1785244367296,true,1785244367346,LeaderAccept
1785244367332,true,1785244367381,LeaderAccept
1785244367369,false,1785244367419,LeaderAccept
1785244367407,true,1785244367457,LeaderAccept
1785244367446,false,1785244367495,LeaderAccept
1785244367485,false,1785244367534,LeaderAccept
1785244367526,false,1785244367575,LeaderAccept
1785244367566,false,1785244367616,LeaderAccept
1785244367608,false,1785244367657,LeaderAccept
1785244367650,false,1785244367699,LeaderAccept
1785244367693,false,1785244367743,LeaderAccept
1785244367738,false,1785244367788,LeaderAccept
1785244367783,false,1785244367832,LeaderAccept
1785244367829,true,1785244367878,LeaderAccept
1785244367876,true,1785244367926,LeaderAccept
1785244367926,false,1785244367975,LeaderAccept
1785244367975,false,1785244368025,LeaderAccept
1785244368026,true,1785244368076,LeaderAccept
1785244368078,true,1785244368127,LeaderAccept
1785244368131,false,1785244368181,LeaderAccept
1785244368186,true,1785244368236,LeaderAccept
1785244368242,true,1785244368292,LeaderAccept
1785244368300,true,1785244368350,LeaderAccept
1785244368360,true,1785244368409,LeaderAccept
1785244368421,false,1785244368471,LeaderAccept
1785244368485,true,1785244368535,LeaderAccept
1785244368550,true,1785244368599,LeaderAccept
1785244368617,false,1785244368667,LeaderAccept
1785244368687,false,1785244368736,LeaderAccept
1785244368760,true,1785244368809,LeaderAccept
1785244368834,false,1785244368883,LeaderAccept
1785244368912,false,1785244368961,LeaderAccept
1785244368992,true,1785244369042,LeaderAccept
1785244369076,true,1785244369126,LeaderAccept
1785244369164,false,1785244369214,LeaderAccept
1785244369256,false,1785244369307,LeaderAccept
1785244369352,true,1785244369402,LeaderAccept
1785244369452,true,1785244369502,LeaderAccept
1785244369557,false,1785244369607,LeaderAccept
1785244369668,true,1785244369718,LeaderAccept
1785244369786,false,1785244369836,LeaderAccept
1785244369910,true,1785244369961,LeaderAccept
1785244370042,true,1785244370091,LeaderAccept
1785244370183,false,1785244370232,LeaderAccept
1785244370334,true,1785244370384,LeaderAccept
1785244370497,true,1785244370548,LeaderAccept
1785244370674,false,1785244370725,LeaderAccept
1785244370867,false,1785244370917,LeaderAccept
1785244371080,false,1785244371131,LeaderAccept
1785244371316,false,1785244371367,LeaderAccept
1785244371582,true,1785244371632,LeaderAccept
1785244371885,true,1785244371935,LeaderAccept
1785244372239,false,1785244372288,LeaderAccept
1785244372659,true,1785244372708,LeaderAccept
1785244373178,true,1785244373228,LeaderAccept
1785244373850,true,1785244373915,LeaderAccept
1785244374790,true,1785244374840,LeaderAccept
1785244376294,false,1785244376334,FastAccept
1785244379485,true,1785244379524,FastAccept
1785244385119,true,1785244385178,SlowAccept
1785244385156,false,1785244385205,LeaderAccept
1785244385192,false,1785244385243,LeaderAccept
1785244385230,true,1785244385279,LeaderAccept
1785244385267,true,1785244385317,LeaderAccept
1785244385305,true,1785244385354,LeaderAccept
1785244385345,false,1785244385394,LeaderAccept
1785244385384,false,1785244385435,LeaderAccept
1785244385425,true,1785244385475,LeaderAccept
1785244385467,false,1785244385516,LeaderAccept
1785244385509,true,1785244385559,LeaderAccept
1785244385552,false,1785244385602,LeaderAccept
1785244385597,false,1785244385647,LeaderAccept
1785244385643,false,1785244385693,LeaderAccept
1785244385690,false,1785244385739,LeaderAccept
1785244385737,true,1785244385787,LeaderAccept
1785244385785,true,1785244385835,LeaderAccept
1785244385835,false,1785244385885,LeaderAccept
1785244385887,true,1785244385938,LeaderAccept
1785244385939,false,1785244385989,LeaderAccept
1785244385992,true,1785244386042,LeaderAccept
1785244386047,false,1785244386097,LeaderAccept
1785244386103,true,1785244386153,LeaderAccept
1785244386161,false,1785244386212,LeaderAccept
1785244386221,false,1785244386270,LeaderAccept
1785244386283,false,1785244386332,LeaderAccept
1785244386346,true,1785244386396,LeaderAccept
1785244386412,false,1785244386462,LeaderAccept
1785244386480,true,1785244386530,LeaderAccept
1785244386550,false,1785244386600,LeaderAccept
1785244386622,true,1785244386672,LeaderAccept
1785244386697,false,1785244386747,LeaderAccept
1785244386774,true,1785244386824,LeaderAccept
1785244386855,true,1785244386906,LeaderAccept
1785244386939,false,1785244386989,LeaderAccept
1785244387026,true,1785244387076,LeaderAccept
1785244387118,true,1785244387168,LeaderAccept
1785244387213,false,1785244387263,LeaderAccept
1785244387313,false,1785244387362,LeaderAccept
1785244387419,false,1785244387469,LeaderAccept
1785244387529,true,1785244387578,LeaderAccept
1785244387646,false,1785244387696,LeaderAccept
1785244387770,false,1785244387820,LeaderAccept
1785244387902,true,1785244387953,LeaderAccept
1785244388044,false,1785244388094,LeaderAccept
1785244388195,true,1785244388245,LeaderAccept
1785244388359,false,1785244388408,LeaderAccept
1785244388535,false,1785244388584,LeaderAccept
1785244388728,false,1785244388777,LeaderAccept
1785244388940,false,1785244388990,LeaderAccept
1785244389175,false,1785244389225,LeaderAccept
1785244389441,false,1785244389490,LeaderAccept
1785244389743,true,1785244389792,LeaderAccept
1785244390094,true,1785244390143,LeaderAccept
1785244390514,true,1785244390563,LeaderAccept
1785244391030,false,1785244391079,LeaderAccept
1785244391698,false,1785244391748,LeaderAccept
1785244392631,false,1785244392681,LeaderAccept
1785244394118,true,1785244394168,LeaderAccept
1785244397245,false,1785244397284,FastAccept
1785244412163,false,1785244412213,LeaderAccept
1785244428662,true,1785244428712,LeaderAccept
1785244428683,true,1785244428733,LeaderAccept
1785244428706,true,1785244428755,LeaderAccept
1785244428727,false,1785244428777,LeaderAccept
1785244428750,true,1785244428799,LeaderAccept
1785244428773,true,1785244428822,LeaderAccept
1785244428795,true,1785244428844,LeaderAccept
1785244428818,false,1785244428868,LeaderAccept
1785244428841,false,1785244428890,LeaderAccept
1785244428864,false,1785244428913,LeaderAccept
1785244428888,true,1785244428937,LeaderAccept
1785244428912,true,1785244428962,LeaderAccept
1785244428936,false,1785244428986,LeaderAccept
1785244428961,false,1785244429010,LeaderAccept
1785244428986,true,1785244429036,LeaderAccept
1785244429011,true,1785244429061,LeaderAccept
1785244429037,true,1785244429086,LeaderAccept
1785244429062,true,1785244429112,LeaderAccept
1785244429088,true,1785244429138,LeaderAccept
1785244429115,false,1785244429164,LeaderAccept
1785244429141,false,1785244429190,LeaderAccept
1785244429168,false,1785244429217,LeaderAccept
1785244429195,true,1785244429245,LeaderAccept
1785244429223,true,1785244429273,LeaderAccept
1785244429252,true,1785244429302,LeaderAccept
1785244429280,false,1785244429330,LeaderAccept
1785244429309,true,1785244429360,LeaderAccept
1785244429338,false,1785244429388,LeaderAccept
1785244429367,false,1785244429416,LeaderAccept
1785244429397,false,1785244429446,LeaderAccept
1785244429428,true,1785244429477,LeaderAccept
1785244429460,true,1785244429509,LeaderAccept
1785244429492,false,1785244429541,LeaderAccept
1785244429523,true,1785244429573,LeaderAccept
1785244429555,false,1785244429605,LeaderAccept
1785244429588,true,1785244429638,LeaderAccept
1785244429622,false,1785244429672,LeaderAccept
1785244429657,false,1785244429706,LeaderAccept
1785244429691,true,1785244429741,LeaderAccept
1785244429726,false,1785244429775,LeaderAccept
1785244429762,true,1785244429811,LeaderAccept
1785244429798,false,1785244429847,LeaderAccept
1785244429834,false,1785244429885,LeaderAccept
1785244429872,false,1785244429922,LeaderAccept
1785244429910,false,1785244429960,LeaderAccept
1785244429949,true,1785244429999,LeaderAccept
1785244429989,false,1785244430039,LeaderAccept
1785244430029,false,1785244430079,LeaderAccept
1785244430070,false,1785244430120,LeaderAccept
1785244430112,false,1785244430162,LeaderAccept
1785244430155,true,1785244430205,LeaderAccept
1785244430199,true,1785244430249,LeaderAccept
1785244430244,true,1785244430293,LeaderAccept
1785244430290,false,1785244430339,LeaderAccept
1785244430338,false,1785244430388,LeaderAccept
1785244430386,true,1785244430435,LeaderAccept
1785244430435,false,1785244430485,LeaderAccept
1785244430485,true,1785244430535,LeaderAccept
1785244430537,false,1785244430586,LeaderAccept
1785244430590,true,1785244430639,LeaderAccept
1785244430645,true,1785244430694,LeaderAccept
1785244430701,false,1785244430750,LeaderAccept
1785244430758,true,1785244430807,LeaderAccept
1785244430817,false,1785244430867,LeaderAccept
1785244430878,true,1785244430928,LeaderAccept
1785244430940,false,1785244430990,LeaderAccept
1785244431005,true,1785244431056,LeaderAccept
1785244431072,false,1785244431122,LeaderAccept
1785244431141,false,1785244431192,LeaderAccept
1785244431212,true,1785244431262,LeaderAccept
1785244431285,true,1785244431335,LeaderAccept
1785244431361,true,1785244431411,LeaderAccept
1785244431440,false,1785244431489,LeaderAccept
1785244431522,true,1785244431572,LeaderAccept
1785244431608,true,1785244431658,LeaderAccept
1785244431699,false,1785244431749,LeaderAccept
1785244431792,false,1785244431842,LeaderAccept
1785244431890,false,1785244431940,LeaderAccept
1785244431993,true,1785244432043,LeaderAccept
1785244432102,true,1785244432152,LeaderAccept
1785244432216,false,1785244432266,LeaderAccept
1785244432338,false,1785244432387,LeaderAccept
1785244432467,false,1785244432516,LeaderAccept
1785244432603,true,1785244432652,LeaderAccept
1785244432749,true,1785244432800,LeaderAccept
1785244432907,true,1785244432957,LeaderAccept
1785244433078,true,1785244433128,LeaderAccept
1785244433263,true,1785244433314,LeaderAccept
1785244433467,false,1785244433517,LeaderAccept
1785244433693,false,1785244433742,LeaderAccept
1785244433945,false,1785244433995,LeaderAccept
1785244434230,true,1785244434280,LeaderAccept
1785244434560,false,1785244434610,LeaderAccept
1785244434948,true,1785244434997,LeaderAccept
1785244435419,true,1785244435459,FastAccept
1785244436015,false,1785244436064,LeaderAccept
1785244436817,true,1785244436866,LeaderAccept
1785244438015,true,1785244438065,LeaderAccept
1785244440195,true,1785244440245,LeaderAccept
1785244446675,false,1785244446716,FastAccept
1785244463197,true,1785244463246,LeaderAccept
1785244463221,false,1785244463271,LeaderAccept
1785244463246,true,1785244463296,LeaderAccept
1785244463271,true,1785244463321,LeaderAccept
1785244463296,true,1785244463346,LeaderAccept
1785244463322,true,1785244463372,LeaderAccept
1785244463348,true,1785244463397,LeaderAccept
1785244463374,false,1785244463423,LeaderAccept
1785244463402,false,1785244463451,LeaderAccept
1785244463429,false,1785244463479,LeaderAccept
1785244463457,false,1785244463507,LeaderAccept
1785244463485,false,1785244463535,LeaderAccept
1785244463513,true,1785244463563,LeaderAccept
1785244463542,false,1785244463592,LeaderAccept
1785244463571,false,1785244463620,LeaderAccept
1785244463601,true,1785244463651,LeaderAccept
1785244463631,true,1785244463681,LeaderAccept
1785244463662,false,1785244463711,LeaderAccept
1785244463693,false,1785244463743,LeaderAccept
1785244463725,true,1785244463774,LeaderAccept
1785244463757,false,1785244463807,LeaderAccept
1785244463789,false,1785244463839,LeaderAccept
1785244463822,false,1785244463871,LeaderAccept
1785244463855,true,1785244463905,LeaderAccept
1785244463890,false,1785244463939,LeaderAccept
1785244463924,true,1785244463974,LeaderAccept
1785244463960,true,1785244464009,LeaderAccept
1785244463995,true,1785244464044,LeaderAccept
1785244464031,true,1785244464081,LeaderAccept
1785244464068,true,1785244464118,LeaderAccept
1785244464106,true,1785244464156,LeaderAccept
1785244464145,false,1785244464194,LeaderAccept
1785244464184,true,1785244464234,LeaderAccept
1785244464224,true,1785244464274,LeaderAccept
1785244464265,false,1785244464315,LeaderAccept
1785244464307,false,1785244464357,LeaderAccept
1785244464349,true,1785244464399,LeaderAccept
1785244464392,true,1785244464441,LeaderAccept
1785244464436,true,1785244464486,LeaderAccept
1785244464482,false,1785244464531,LeaderAccept
1785244464529,false,1785244464578,LeaderAccept
1785244464577,false,1785244464626,LeaderAccept
1785244464625,true,1785244464675,LeaderAccept
1785244464675,false,1785244464725,LeaderAccept
1785244464725,false,1785244464774,LeaderAccept
1785244464776,false,1785244464825,LeaderAccept
1785244464829,false,1785244464878,LeaderAccept
1785244464884,false,1785244464933,LeaderAccept
1785244464941,false,1785244464990,LeaderAccept
1785244464998,true,1785244465048,LeaderAccept
1785244465058,false,1785244465107,LeaderAccept
1785244465119,false,1785244465168,LeaderAccept
1785244465181,false,1785244465231,LeaderAccept
1785244465246,false,1785244465296,LeaderAccept
1785244465313,true,1785244465362,LeaderAccept
1785244465382,true,1785244465432,LeaderAccept
1785244465454,true,1785244465504,LeaderAccept
1785244465528,true,1785244465577,LeaderAccept
1785244465605,false,1785244465655,LeaderAccept
1785244465685,false,1785244465734,LeaderAccept
1785244465768,false,1785244465817,LeaderAccept
1785244465855,false,1785244465904,LeaderAccept
1785244465945,false,1785244465994,LeaderAccept
1785244466040,false,1785244466090,LeaderAccept
1785244466139,false,1785244466189,LeaderAccept
1785244466243,false,1785244466292,LeaderAccept
1785244466353,false,1785244466402,LeaderAccept
1785244466468,false,1785244466517,LeaderAccept
1785244466590,true,1785244466640,LeaderAccept
1785244466720,true,1785244466770,LeaderAccept
1785244466859,true,1785244466908,LeaderAccept
1785244467007,false,1785244467056,LeaderAccept
1785244467167,false,1785244467216,LeaderAccept
1785244467340,true,1785244467389,LeaderAccept
1785244467528,true,1785244467577,LeaderAccept
1785244467735,false,1785244467784,LeaderAccept
1785244467964,true,1785244468013,LeaderAccept
1785244468221,false,1785244468271,LeaderAccept
1785244468513,false,1785244468562,LeaderAccept
1785244468851,true,1785244468901,LeaderAccept
1785244469251,false,1785244469300,LeaderAccept
1785244469739,false,1785244469788,LeaderAccept
1785244470361,true,1785244470410,LeaderAccept
1785244471211,false,1785244471261,LeaderAccept
1785244472510,false,1785244472559,LeaderAccept
1785244474996,false,1785244475045,LeaderAccept
1785244483608,true,1785244483647,FastAccept
1785244495629,false,1785244495679,LeaderAccept
1785244495663,false,1785244495712,LeaderAccept
1785244495697,false,1785244495747,LeaderAccept
1785244495732,false,1785244495782,LeaderAccept
1785244495768,true,1785244495817,LeaderAccept
1785244495804,false,1785244495854,LeaderAccept
1785244495841,false,1785244495891,LeaderAccept
1785244495879,true,1785244495928,LeaderAccept
1785244495917,false,1785244495967,LeaderAccept
1785244495957,false,1785244496006,LeaderAccept
1785244495996,false,1785244496045,LeaderAccept
1785244496036,true,1785244496085,LeaderAccept
1785244496078,false,1785244496127,LeaderAccept
1785244496121,true,1785244496170,LeaderAccept
1785244496164,false,1785244496213,LeaderAccept
1785244496208,true,1785244496258,LeaderAccept
1785244496253,false,1785244496303,LeaderAccept
1785244496299,false,1785244496348,LeaderAccept
1785244496346,false,1785244496396,LeaderAccept
1785244496394,false,1785244496444,LeaderAccept
1785244496443,true,1785244496492,LeaderAccept
1785244496495,true,1785244496544,LeaderAccept
1785244496547,true,1785244496596,LeaderAccept
1785244496601,false,1785244496650,LeaderAccept
1785244496655,false,1785244496705,LeaderAccept
1785244496711,true,1785244496760,LeaderAccept
1785244496768,true,1785244496818,LeaderAccept
1785244496827,true,1785244496876,LeaderAccept
1785244496888,false,1785244496938,LeaderAccept
1785244496951,true,1785244497000,LeaderAccept
1785244497016,false,1785244497065,LeaderAccept
1785244497083,true,1785244497132,LeaderAccept
1785244497152,true,1785244497202,LeaderAccept
1785244497224,true,1785244497274,LeaderAccept
1785244497298,true,1785244497348,LeaderAccept
1785244497375,true,1785244497424,LeaderAccept
1785244497455,true,1785244497505,LeaderAccept
1785244497538,true,1785244497588,LeaderAccept
1785244497625,false,1785244497675,LeaderAccept
1785244497716,false,1785244497765,LeaderAccept
1785244497811,true,1785244497861,LeaderAccept
1785244497911,true,1785244497960,LeaderAccept
1785244498014,true,1785244498064,LeaderAccept
1785244498123,false,1785244498173,LeaderAccept
1785244498239,false,1785244498290,LeaderAccept
1785244498361,false,1785244498411,LeaderAccept
1785244498491,false,1785244498541,LeaderAccept
1785244498630,false,1785244498680,LeaderAccept
1785244498778,false,1785244498827,LeaderAccept
1785244498938,true,1785244498988,LeaderAccept
1785244499111,false,1785244499161,LeaderAccept
1785244499300,false,1785244499351,LeaderAccept
1785244499507,false,1785244499557,LeaderAccept
1785244499737,true,1785244499786,LeaderAccept
1785244499995,true,1785244500045,LeaderAccept
1785244500287,false,1785244500336,LeaderAccept
1785244500625,true,1785244500674,LeaderAccept
1785244501025,true,1785244501074,LeaderAccept
1785244501514,false,1785244501564,LeaderAccept
1785244502139,false,1785244502188,LeaderAccept
1785244502991,false,1785244503040,LeaderAccept
1785244504295,false,1785244504345,LeaderAccept
1785244506798,true,1785244506847,LeaderAccept
1785244515542,true,1785244515591,LeaderAccept
1785244526352,true,1785244526392,FastAccept
1785244526368,true,1785244526407,FastAccept
1785244526383,false,1785244526422,FastAccept
1785244526399,true,1785244526438,FastAccept
1785244526415,false,1785244526454,FastAccept
1785244526431,false,1785244526471,FastAccept
1785244526449,false,1785244526488,FastAccept
1785244526465,false,1785244526504,FastAccept
1785244526481,true,1785244526522,FastAccept
1785244526497,true,1785244526536,FastAccept
1785244526515,true,1785244526554,FastAccept
1785244526532,false,1785244526571,FastAccept
1785244526549,true,1785244526589,FastAccept
1785244526567,true,1785244526622,LeaderAccept
1785244526584,true,1785244526671,LeaderAccept
1785244526602,false,1785244526671,SlowAccept
1785244526619,true,1785244526671,FastAccept
1785244526637,false,1785244526692,LeaderAccept
1785244526655,true,1785244526706,LeaderAccept
1785244526673,false,1785244526722,LeaderAccept
1785244526691,true,1785244526741,LeaderAccept
1785244526709,true,1785244526758,LeaderAccept
1785244526727,false,1785244526777,LeaderAccept
1785244526746,true,1785244526796,LeaderAccept
1785244526765,true,1785244526815,LeaderAccept
1785244526784,false,1785244526834,LeaderAccept
1785244526803,true,1785244526852,LeaderAccept
1785244526822,true,1785244526872,LeaderAccept
1785244526842,false,1785244526891,LeaderAccept
1785244526861,true,1785244526911,LeaderAccept
1785244526881,true,1785244526931,LeaderAccept
1785244526902,false,1785244526951,LeaderAccept
1785244526922,false,1785244526971,LeaderAccept
1785244526942,true,1785244526993,LeaderAccept
1785244526964,true,1785244527013,LeaderAccept
1785244526985,false,1785244527034,LeaderAccept
1785244527006,true,1785244527056,LeaderAccept
1785244527027,true,1785244527076,LeaderAccept
1785244527049,true,1785244527099,LeaderAccept
1785244527071,false,1785244527121,LeaderAccept
1785244527093,false,1785244527142,LeaderAccept
1785244527116,false,1785244527165,LeaderAccept
1785244527138,true,1785244527188,LeaderAccept
1785244527161,true,1785244527210,LeaderAccept
1785244527184,true,1785244527235,LeaderAccept
1785244527208,false,1785244527257,LeaderAccept
1785244527231,true,1785244527280,LeaderAccept
1785244527254,true,1785244527304,LeaderAccept
1785244527278,false,1785244527328,LeaderAccept
1785244527302,false,1785244527352,LeaderAccept
1785244527327,false,1785244527376,LeaderAccept
1785244527351,true,1785244527401,LeaderAccept
1785244527376,true,1785244527426,LeaderAccept
1785244527401,true,1785244527450,LeaderAccept
1785244527426,false,1785244527475,LeaderAccept
1785244527452,true,1785244527501,LeaderAccept
1785244527478,false,1785244527528,LeaderAccept
1785244527505,false,1785244527555,LeaderAccept
1785244527532,true,1785244527582,LeaderAccept
1785244527559,false,1785244527608,LeaderAccept
1785244527586,false,1785244527636,LeaderAccept
1785244527614,true,1785244527664,LeaderAccept
1785244527643,false,1785244527692,LeaderAccept
1785244527672,false,1785244527721,LeaderAccept
1785244527702,true,1785244527752,LeaderAccept
1785244527733,true,1785244527782,LeaderAccept
1785244527763,true,1785244527812,LeaderAccept
1785244527793,true,1785244527842,LeaderAccept
1785244527824,false,1785244527874,LeaderAccept
1785244527856,false,1785244527906,LeaderAccept
1785244527888,true,1785244527937,LeaderAccept
1785244527921,true,1785244527970,LeaderAccept
1785244527953,false,1785244528003,LeaderAccept
1785244527987,true,1785244528036,LeaderAccept
1785244528021,true,1785244528070,LeaderAccept
1785244528055,true,1785244528105,LeaderAccept
1785244528090,false,1785244528140,LeaderAccept
1785244528127,true,1785244528176,LeaderAccept
1785244528163,true,1785244528213,LeaderAccept
1785244528200,true,1785244528249,LeaderAccept
1785244528237,true,1785244528286,LeaderAccept
1785244528275,true,1785244528324,LeaderAccept
1785244528314,true,1785244528364,LeaderAccept
1785244528355,true,1785244528404,LeaderAccept
1785244528395,false,1785244528444,LeaderAccept
1785244528436,false,1785244528486,LeaderAccept
1785244528479,true,1785244528528,LeaderAccept
1785244528523,true,1785244528572,LeaderAccept
1785244528568,true,1785244528617,LeaderAccept
1785244528613,true,1785244528663,LeaderAccept
1785244528659,false,1785244528708,LeaderAccept
1785244528706,true,1785244528756,LeaderAccept
1785244528754,true,1785244528804,LeaderAccept
1785244528804,true,1785244528853,LeaderAccept
1785244528854,true,1785244528904,LeaderAccept
1785244528906,true,1785244528956,LeaderAccept
1785244528959,true,1785244529008,LeaderAccept
1785244529013,true,1785244529062,LeaderAccept
1785244529070,true,1785244529119,LeaderAccept
1785244529128,false,1785244529177,LeaderAccept
1785244529188,true,1785244529238,LeaderAccept
1785244529249,true,1785244529299,LeaderAccept
1785244529312,false,1785244529363,LeaderAccept
1785244529377,true,1785244529427,LeaderAccept
1785244529444,true,1785244529493,LeaderAccept
1785244529513,true,1785244529563,LeaderAccept
1785244529585,false,1785244529634,LeaderAccept
1785244529659,false,1785244529709,LeaderAccept
1785244529736,true,1785244529785,LeaderAccept
1785244529816,true,1785244529866,LeaderAccept
1785244529899,true,1785244529949,LeaderAccept
1785244529986,true,1785244530037,LeaderAccept
1785244530077,true,1785244530126,LeaderAccept
1785244530173,false,1785244530223,LeaderAccept
1785244530272,false,1785244530322,LeaderAccept
1785244530376,true,1785244530425,LeaderAccept
1785244530486,true,1785244530536,LeaderAccept
1785244530601,false,1785244530649,LeaderAccept
1785244530723,true,1785244530772,LeaderAccept
1785244530854,false,1785244530903,LeaderAccept
1785244530993,true,1785244531043,LeaderAccept
1785244531141,true,1785244531191,LeaderAccept
1785244531301,false,1785244531351,LeaderAccept
1785244531474,false,1785244531524,LeaderAccept
1785244531663,false,1785244531713,LeaderAccept
1785244531870,false,1785244531920,LeaderAccept
1785244532100,false,1785244532150,LeaderAccept
1785244532359,false,1785244532409,LeaderAccept
1785244532654,false,1785244532703,LeaderAccept
1785244532995,true,1785244533044,LeaderAccept
1785244533398,false,1785244533448,LeaderAccept
1785244533891,true,1785244533941,LeaderAccept
1785244534521,false,1785244534560,FastAccept
1785244535384,false,1785244535434,LeaderAccept
1785244536713,true,1785244536763,LeaderAccept
1785244539294,true,1785244539344,LeaderAccept
1785244548676,true,1785244548726,LeaderAccept
1785244555031,true,1785244555081,LeaderAccept
1785244555069,false,1785244555119,LeaderAccept
1785244555108,false,1785244555158,LeaderAccept
1785244555148,false,1785244555198,LeaderAccept
1785244555189,true,1785244555239,LeaderAccept
1785244555232,false,1785244555281,LeaderAccept
1785244555275,false,1785244555325,LeaderAccept
1785244555318,false,1785244555368,LeaderAccept
1785244555362,true,1785244555411,LeaderAccept
1785244555408,true,1785244555457,LeaderAccept
1785244555453,false,1785244555503,LeaderAccept
1785244555500,true,1785244555550,LeaderAccept
1785244555549,true,1785244555598,LeaderAccept
1785244555598,false,1785244555648,LeaderAccept
1785244555649,true,1785244555699,LeaderAccept
1785244555701,true,1785244555752,LeaderAccept
1785244555754,false,1785244555804,LeaderAccept
1785244555808,false,1785244555858,LeaderAccept
1785244555864,false,1785244555913,LeaderAccept
1785244555921,false,1785244555971,LeaderAccept
1785244555980,false,1785244556030,LeaderAccept
1785244556041,false,1785244556091,LeaderAccept
1785244556104,false,1785244556153,LeaderAccept
1785244556169,false,1785244556218,LeaderAccept
1785244556235,false,1785244556285,LeaderAccept
1785244556304,false,1785244556354,LeaderAccept
1785244556375,true,1785244556425,LeaderAccept
1785244556449,true,1785244556499,LeaderAccept
1785244556526,false,1785244556576,LeaderAccept
1785244556606,true,1785244556656,LeaderAccept
1785244556688,true,1785244556738,LeaderAccept
1785244556774,true,1785244556823,LeaderAccept
1785244556863,false,1785244556912,LeaderAccept
1785244556957,true,1785244557007,LeaderAccept
1785244557056,true,1785244557106,LeaderAccept
1785244557161,true,1785244557210,LeaderAccept
1785244557270,true,1785244557320,LeaderAccept
1785244557384,false,1785244557434,LeaderAccept
1785244557505,true,1785244557555,LeaderAccept
1785244557634,true,1785244557685,LeaderAccept
1785244557772,false,1785244557821,LeaderAccept
1785244557919,false,1785244557968,LeaderAccept
1785244558077,true,1785244558127,LeaderAccept
1785244558248,false,1785244558298,LeaderAccept
1785244558436,false,1785244558485,LeaderAccept
1785244558641,false,1785244558690,LeaderAccept
1785244558867,true,1785244558917,LeaderAccept
1785244559122,true,1785244559161,FastAccept
1785244559410,false,1785244559450,FastAccept
1785244559742,true,1785244559781,FastAccept
1785244560135,true,1785244560175,FastAccept
1785244560612,false,1785244560651,FastAccept
1785244561218,true,1785244561258,FastAccept
1785244562038,false,1785244562078,FastAccept
1785244563273,false,1785244563313,FastAccept
1785244565563,true,1785244565604,FastAccept
1785244568343,false,1785244568393,LeaderAccept
1785244568357,true,1785244568407,LeaderAccept
1785244568372,false,1785244568422,LeaderAccept
1785244568388,true,1785244568437,LeaderAccept
1785244568402,true,1785244568453,LeaderAccept
1785244568417,true,1785244568467,LeaderAccept
1785244568432,true,1785244568481,LeaderAccept
1785244568447,false,1785244568496,LeaderAccept
1785244568462,false,1785244568511,LeaderAccept
1785244568477,true,1785244568526,LeaderAccept
1785244568493,false,1785244568544,LeaderAccept
1785244568509,true,1785244568559,LeaderAccept
1785244568525,false,1785244568576,LeaderAccept
1785244568541,true,1785244568590,LeaderAccept
1785244568558,false,1785244568607,LeaderAccept
1785244568574,false,1785244568624,LeaderAccept
1785244568590,false,1785244568639,LeaderAccept
1785244568606,false,1785244568656,LeaderAccept
1785244568623,true,1785244568673,LeaderAccept
1785244568640,true,1785244568689,LeaderAccept
1785244568657,true,1785244568707,LeaderAccept
1785244568674,true,1785244568724,LeaderAccept
1785244568692,true,1785244568741,LeaderAccept
1785244568709,false,1785244568759,LeaderAccept
1785244568727,false,1785244568776,LeaderAccept
1785244568744,true,1785244568793,LeaderAccept
1785244568761,false,1785244568810,LeaderAccept
1785244568779,true,1785244568829,LeaderAccept
1785244568798,false,1785244568847,LeaderAccept
1785244568816,true,1785244568866,LeaderAccept
1785244568835,true,1785244568884,LeaderAccept
1785244568853,false,1785244568902,LeaderAccept
1785244568871,true,1785244568920,LeaderAccept
1785244568890,false,1785244568940,LeaderAccept
1785244568909,true,1785244568958,LeaderAccept
1785244568928,false,1785244568978,LeaderAccept
1785244568948,true,1785244568998,LeaderAccept
1785244568969,true,1785244569018,LeaderAccept
1785244568988,true,1785244569037,LeaderAccept
1785244569008,false,1785244569058,LeaderAccept
1785244569028,true,1785244569078,LeaderAccept
1785244569049,false,1785244569099,LeaderAccept
1785244569069,false,1785244569118,LeaderAccept
1785244569089,false,1785244569139,LeaderAccept
1785244569110,true,1785244569159,LeaderAccept
1785244569131,false,1785244569181,LeaderAccept
1785244569153,true,1785244569202,LeaderAccept
1785244569175,true,1785244569224,LeaderAccept
1785244569196,false,1785244569246,LeaderAccept
1785244569218,false,1785244569268,LeaderAccept
1785244569240,true,1785244569289,LeaderAccept
1785244569262,false,1785244569311,LeaderAccept
1785244569284,false,1785244569333,LeaderAccept
1785244569307,false,1785244569357,LeaderAccept
1785244569330,false,1785244569379,LeaderAccept
1785244569353,true,1785244569403,LeaderAccept
1785244569377,false,1785244569426,LeaderAccept
1785244569401,true,1785244569450,LeaderAccept
1785244569425,false,1785244569475,LeaderAccept
1785244569450,true,1785244569499,LeaderAccept
1785244569474,false,1785244569524,LeaderAccept
1785244569499,false,1785244569548,LeaderAccept
1785244569524,true,1785244569573,LeaderAccept
1785244569550,false,1785244569599,LeaderAccept
1785244569575,true,1785244569625,LeaderAccept
1785244569601,true,1785244569651,LeaderAccept
1785244569628,false,1785244569677,LeaderAccept
1785244569655,false,1785244569705,LeaderAccept
1785244569682,true,1785244569732,LeaderAccept
1785244569710,true,1785244569760,LeaderAccept
1785244569738,true,1785244569787,LeaderAccept
1785244569766,false,1785244569816,LeaderAccept
1785244569794,true,1785244569844,LeaderAccept
1785244569823,false,1785244569872,LeaderAccept
1785244569852,false,1785244569902,LeaderAccept
1785244569882,false,1785244569931,LeaderAccept
1785244569912,true,1785244569961,LeaderAccept
1785244569942,false,1785244569992,LeaderAccept
1785244569974,false,1785244570023,LeaderAccept
1785244570006,true,1785244570055,LeaderAccept
1785244570038,true,1785244570087,LeaderAccept
1785244570071,false,1785244570120,LeaderAccept
1785244570104,false,1785244570153,LeaderAccept
1785244570137,false,1785244570187,LeaderAccept
1785244570173,true,1785244570222,LeaderAccept
1785244570207,false,1785244570257,LeaderAccept
1785244570243,true,1785244570294,LeaderAccept
1785244570279,true,1785244570329,LeaderAccept
1785244570316,false,1785244570366,LeaderAccept
1785244570354,true,1785244570404,LeaderAccept
1785244570392,false,1785244570441,LeaderAccept
1785244570431,true,1785244570482,LeaderAccept
1785244570472,false,1785244570521,LeaderAccept
1785244570512,true,1785244570561,LeaderAccept
1785244570553,false,1785244570603,LeaderAccept
1785244570595,true,1785244570644,LeaderAccept
1785244570637,true,1785244570687,LeaderAccept
1785244570682,false,1785244570732,LeaderAccept
1785244570726,false,1785244570775,LeaderAccept
1785244570771,true,1785244570820,LeaderAccept
1785244570817,false,1785244570867,LeaderAccept
1785244570865,false,1785244570915,LeaderAccept
1785244570914,true,1785244570964,LeaderAccept
1785244570964,true,1785244571014,LeaderAccept
1785244571015,true,1785244571064,LeaderAccept
1785244571067,false,1785244571116,LeaderAccept
1785244571121,true,1785244571171,LeaderAccept
1785244571177,false,1785244571228,LeaderAccept
1785244571234,false,1785244571284,LeaderAccept
1785244571293,true,1785244571344,LeaderAccept
1785244571353,true,1785244571402,LeaderAccept
1785244571415,false,1785244571465,LeaderAccept
1785244571479,false,1785244571529,LeaderAccept
1785244571545,false,1785244571594,LeaderAccept
1785244571613,true,1785244571663,LeaderAccept
1785244571684,true,1785244571736,LeaderAccept
1785244571758,false,1785244571807,LeaderAccept
1785244571833,false,1785244571882,LeaderAccept
1785244571911,false,1785244571961,LeaderAccept
1785244571993,false,1785244572041,LeaderAccept
1785244572079,true,1785244572129,LeaderAccept
1785244572167,false,1785244572216,LeaderAccept
1785244572260,false,1785244572309,LeaderAccept
1785244572356,false,1785244572406,LeaderAccept
1785244572458,true,1785244572533,LeaderAccept
1785244572565,false,1785244572615,LeaderAccept
1785244572679,true,1785244572728,LeaderAccept
1785244572798,true,1785244572847,LeaderAccept
1785244572925,true,1785244572974,LeaderAccept
1785244573059,true,1785244573108,LeaderAccept
1785244573203,true,1785244573252,LeaderAccept
1785244573357,false,1785244573406,LeaderAccept
1785244573525,false,1785244573576,LeaderAccept
1785244573706,true,1785244573756,LeaderAccept
1785244573904,true,1785244573944,FastAccept
1785244574123,false,1785244574163,FastAccept
1785244574367,true,1785244574426,LeaderAccept
1785244574643,false,1785244574682,FastAccept
1785244574960,false,1785244574999,FastAccept
1785244575330,false,1785244575390,SlowAccept
1785244575776,true,1785244575816,FastAccept
1785244576332,false,1785244576372,FastAccept
1785244577068,false,1785244577107,FastAccept
1785244578129,false,1785244578168,FastAccept
1785244579931,true,1785244579971,FastAccept
1785244584367,false,1785244584435,LeaderAccept
1785244625129,false,1785244625169,FastAccept
1785244627148,true,1785244627187,FastAccept
1785244627164,true,1785244627203,FastAccept
1785244627182,false,1785244627221,FastAccept
1785244627198,false,1785244627238,FastAccept
1785244627216,true,1785244627255,FastAccept
1785244627232,true,1785244627271,FastAccept
1785244627249,false,1785244627288,FastAccept
1785244627267,true,1785244627307,FastAccept
1785244627284,true,1785244627324,FastAccept
1785244627303,true,1785244627342,FastAccept
1785244627320,true,1785244627360,FastAccept
1785244627338,false,1785244627378,FastAccept
1785244627356,true,1785244627396,FastAccept
1785244627374,true,1785244627414,FastAccept
1785244627392,true,1785244627431,FastAccept
1785244627410,true,1785244627450,FastAccept
1785244627429,true,1785244627468,FastAccept
1785244627447,false,1785244627486,FastAccept
1785244627465,false,1785244627504,FastAccept
1785244627484,false,1785244627523,FastAccept
1785244627503,true,1785244627542,FastAccept
1785244627522,true,1785244627562,FastAccept
1785244627542,true,1785244627582,FastAccept
1785244627562,true,1785244627601,FastAccept
1785244627582,true,1785244627621,FastAccept
1785244627602,false,1785244627641,FastAccept
1785244627622,true,1785244627662,FastAccept
1785244627643,true,1785244627682,FastAccept
1785244627663,false,1785244627702,FastAccept
1785244627683,false,1785244627722,FastAccept
1785244627704,false,1785244627743,FastAccept
1785244627725,true,1785244627764,FastAccept
1785244627746,true,1785244627786,FastAccept
1785244627768,false,1785244627808,FastAccept
1785244627790,true,1785244627830,FastAccept
1785244627812,false,1785244627851,FastAccept
1785244627834,false,1785244627873,FastAccept
1785244627856,true,1785244627896,FastAccept
1785244627879,true,1785244627918,FastAccept
1785244627902,true,1785244627941,FastAccept
1785244627926,false,1785244627965,FastAccept
1785244627949,false,1785244627989,FastAccept
1785244627974,true,1785244628013,FastAccept
1785244627997,true,1785244628036,FastAccept
1785244628021,true,1785244628061,FastAccept
1785244628046,false,1785244628086,FastAccept
1785244628071,false,1785244628110,FastAccept
1785244628096,false,1785244628135,FastAccept
1785244628122,false,1785244628161,FastAccept
1785244628147,true,1785244628187,FastAccept
1785244628173,true,1785244628213,FastAccept
1785244628200,true,1785244628239,FastAccept
1785244628226,false,1785244628265,FastAccept
1785244628253,false,1785244628292,FastAccept
1785244628281,false,1785244628320,FastAccept
1785244628309,false,1785244628348,FastAccept
1785244628337,false,1785244628377,FastAccept
1785244628366,false,1785244628405,FastAccept
1785244628395,true,1785244628434,FastAccept
1785244628424,true,1785244628464,FastAccept
1785244628454,true,1785244628494,FastAccept
1785244628484,true,1785244628523,FastAccept
1785244628514,false,1785244628553,FastAccept
1785244628545,false,1785244628585,FastAccept
1785244628577,false,1785244628616,FastAccept
1785244628609,true,1785244628648,FastAccept
1785244628642,true,1785244628681,FastAccept
1785244628675,true,1785244628715,FastAccept
1785244628709,true,1785244628749,FastAccept
1785244628743,true,1785244628782,FastAccept
1785244628777,true,1785244628816,FastAccept
1785244628812,false,1785244628851,FastAccept
1785244628848,false,1785244628887,FastAccept
1785244628885,true,1785244628924,FastAccept
1785244628922,false,1785244628961,FastAccept
1785244628960,true,1785244628999,FastAccept
1785244628998,true,1785244629038,FastAccept
1785244629037,false,1785244629076,FastAccept
1785244629077,true,1785244629116,FastAccept
1785244629117,false,1785244629156,FastAccept
1785244629158,true,1785244629197,FastAccept
1785244629201,false,1785244629241,FastAccept
1785244629245,true,1785244629285,FastAccept
1785244629289,true,1785244629328,FastAccept
1785244629334,false,1785244629373,FastAccept
1785244629380,true,1785244629420,FastAccept
1785244629428,false,1785244629467,FastAccept
1785244629477,false,1785244629516,FastAccept
1785244629527,false,1785244629566,FastAccept
1785244629577,false,1785244629627,LeaderAccept
1785244629629,false,1785244629669,FastAccept
1785244629683,true,1785244629723,FastAccept
1785244629738,true,1785244629777,FastAccept
1785244629795,true,1785244629834,FastAccept
1785244629852,false,1785244629892,FastAccept
1785244629911,true,1785244629951,FastAccept
1785244629972,true,1785244630011,FastAccept
1785244630035,true,1785244630075,FastAccept
1785244630101,false,1785244630141,FastAccept
1785244630168,false,1785244630207,FastAccept
1785244630238,true,1785244630277,FastAccept
1785244630309,true,1785244630349,FastAccept
1785244630384,true,1785244630424,FastAccept
1785244630461,false,1785244630501,FastAccept
1785244630541,false,1785244630580,FastAccept
1785244630625,true,1785244630665,FastAccept
1785244630712,true,1785244630752,FastAccept
1785244630803,true,1785244630843,FastAccept
1785244630898,false,1785244630938,FastAccept
1785244630998,true,1785244631038,FastAccept
1785244631103,false,1785244631143,FastAccept
1785244631213,false,1785244631252,FastAccept
1785244631330,false,1785244631369,FastAccept
1785244631453,true,1785244631493,FastAccept
1785244631584,true,1785244631624,FastAccept
