request_time,write,response_time,accept_status
1785244012085,true,1785244012126,LeaderAccept
1785244012625,true,1785244012667,LeaderAccept
1785244013332,false,1785244013374,LeaderAccept
1785244014339,false,1785244014380,LeaderAccept
1785244016005,true,1785244016046,LeaderAccept
1785244019832,true,1785244019874,LeaderAccept
1785244020220,true,1785244020262,LeaderAccept
1785244020257,true,1785244020298,LeaderAccept
1785244020293,true,1785244020335,LeaderAccept
1785244020332,false,1785244020373,LeaderAccept
1785244020371,true,1785244020412,LeaderAccept
1785244020410,true,1785244020452,LeaderAccept
1785244020450,true,1785244020492,LeaderAccept
1785244020490,true,1785244020532,LeaderAccept
1785244020533,true,1785244020574,LeaderAccept
1785244020576,true,1785244020617,LeaderAccept
1785244020619,true,1785244020660,LeaderAccept
1785244020663,true,1785244020704,LeaderAccept
1785244020708,true,1785244020749,LeaderAccept
1785244020755,true,1785244020796,LeaderAccept
1785244020802,false,1785244020843,LeaderAccept
1785244020850,false,1785244020892,LeaderAccept
1785244020900,true,1785244020942,LeaderAccept
1785244020950,true,1785244020991,LeaderAccept
1785244021003,true,1785244021044,LeaderAccept
1785244021056,true,1785244021097,LeaderAccept
1785244021112,false,1785244021153,LeaderAccept
1785244021169,false,1785244021210,LeaderAccept
1785244021226,true,1785244021268,LeaderAccept
1785244021286,false,1785244021328,LeaderAccept
1785244021348,true,1785244021389,LeaderAccept
1785244021412,false,1785244021453,LeaderAccept
1785244021477,true,1785244021519,LeaderAccept
1785244021545,false,1785244021586,LeaderAccept
1785244021614,true,1785244021656,LeaderAccept
1785244021687,true,1785244021728,LeaderAccept
1785244021761,true,1785244021803,LeaderAccept
1785244021839,true,1785244021881,LeaderAccept
1785244021920,true,1785244021961,LeaderAccept
1785244022003,true,1785244022044,LeaderAccept
1785244022091,true,1785244022132,LeaderAccept
1785244022183,true,1785244022224,LeaderAccept
1785244022279,true,1785244022320,LeaderAccept
1785244022379,false,1785244022420,LeaderAccept
1785244022484,false,1785244022525,LeaderAccept
1785244022596,false,1785244022637,LeaderAccept
1785244022714,true,1785244022755,LeaderAccept
1785244022837,true,1785244022879,LeaderAccept
1785244022969,false,1785244023011,LeaderAccept
1785244023110,false,1785244023152,LeaderAccept
1785244023262,true,1785244023303,LeaderAccept
1785244023425,true,1785244023466,LeaderAccept
1785244023601,false,1785244023643,LeaderAccept
1785244023795,false,1785244023836,LeaderAccept
1785244024007,false,1785244024049,LeaderAccept
1785244024244,true,1785244024285,LeaderAccept
1785244024510,true,1785244024552,LeaderAccept
1785244024813,false,1785244024855,LeaderAccept
1785244025166,false,1785244025207,LeaderAccept
1785244025585,true,1785244025624,FastAccept
1785244026103,true,1785244026142,FastAccept
1785244026774,false,1785244026816,LeaderAccept
1785244027712,false,1785244027753,LeaderAccept
1785244029211,false,1785244029252,LeaderAccept
1785244032378,true,1785244032419,LeaderAccept
1785244047814,false,1785244047855,LeaderAccept
1785244076736,false,1785244076778,LeaderAccept
1785244076754,false,1785244076795,LeaderAccept
1785244076770,false,1785244076811,LeaderAccept
1785244076787,false,1785244076828,LeaderAccept
1785244076804,false,1785244076845,LeaderAccept
1785244076821,true,1785244076863,LeaderAccept
1785244076839,false,1785244076880,LeaderAccept
1785244076856,true,1785244076897,LeaderAccept
1785244076875,true,1785244076916,LeaderAccept
1785244076894,false,1785244076935,LeaderAccept
1785244076913,false,1785244076954,LeaderAccept
1785244076931,false,1785244076973,LeaderAccept
1785244076951,true,1785244076992,LeaderAccept
1785244076969,false,1785244077010,LeaderAccept
1785244076989,false,1785244077031,LeaderAccept
1785244077008,false,1785244077050,LeaderAccept
1785244077027,true,1785244077070,LeaderAccept
1785244077048,false,1785244077090,LeaderAccept
1785244077068,false,1785244077110,LeaderAccept
1785244077088,false,1785244077129,LeaderAccept
1785244077108,true,1785244077149,LeaderAccept
1785244077129,true,1785244077170,LeaderAccept
1785244077149,false,1785244077191,LeaderAccept
1785244077170,false,1785244077211,LeaderAccept
1785244077190,false,1785244077232,LeaderAccept
1785244077211,true,1785244077252,LeaderAccept
1785244077233,true,1785244077274,LeaderAccept
1785244077254,false,1785244077295,LeaderAccept
1785244077277,false,1785244077319,LeaderAccept
1785244077298,true,1785244077340,LeaderAccept
1785244077320,true,1785244077362,LeaderAccept
1785244077343,false,1785244077385,LeaderAccept
1785244077366,true,1785244077407,LeaderAccept
1785244077389,true,1785244077431,LeaderAccept
1785244077412,false,1785244077454,LeaderAccept
1785244077435,false,1785244077476,LeaderAccept
1785244077459,true,1785244077501,LeaderAccept
1785244077482,true,1785244077523,LeaderAccept
1785244077507,true,1785244077547,LeaderAccept
1785244077532,true,1785244077573,LeaderAccept
1785244077556,true,1785244077599,LeaderAccept
1785244077582,true,1785244077624,LeaderAccept
1785244077608,false,1785244077650,LeaderAccept
1785244077634,false,1785244077676,LeaderAccept
1785244077660,false,1785244077702,LeaderAccept
1785244077686,false,1785244077728,LeaderAccept
1785244077713,false,1785244077754,LeaderAccept
1785244077740,false,1785244077782,LeaderAccept
1785244077768,false,1785244077809,LeaderAccept
1785244077796,false,1785244077838,LeaderAccept
1785244077824,true,1785244077866,LeaderAccept
1785244077852,true,1785244077893,LeaderAccept
1785244077881,false,1785244077922,LeaderAccept
1785244077910,true,1785244077952,LeaderAccept
1785244077939,true,1785244077981,LeaderAccept
1785244077969,true,1785244078011,LeaderAccept
1785244078000,false,1785244078040,LeaderAccept
1785244078031,true,1785244078072,LeaderAccept
1785244078063,false,1785244078105,LeaderAccept
1785244078094,false,1785244078135,LeaderAccept
1785244078126,false,1785244078168,LeaderAccept
1785244078159,true,1785244078201,LeaderAccept
1785244078194,true,1785244078236,LeaderAccept
1785244078227,false,1785244078268,LeaderAccept
1785244078263,true,1785244078305,LeaderAccept
1785244078299,false,1785244078341,LeaderAccept
1785244078334,true,1785244078376,LeaderAccept
1785244078371,false,1785244078413,LeaderAccept
1785244078407,true,1785244078449,LeaderAccept
1785244078444,true,1785244078485,LeaderAccept
1785244078482,false,1785244078524,LeaderAccept
1785244078522,true,1785244078563,LeaderAccept
1785244078561,false,1785244078603,LeaderAccept
1785244078601,false,1785244078643,LeaderAccept
1785244078643,false,1785244078684,LeaderAccept
1785244078685,true,1785244078727,LeaderAccept
1785244078729,false,1785244078770,LeaderAccept
1785244078773,false,1785244078815,LeaderAccept
1785244078818,false,1785244078859,LeaderAccept
1785244078865,true,1785244078907,LeaderAccept
1785244078912,true,1785244078954,LeaderAccept
1785244078961,true,1785244079003,LeaderAccept
1785244079010,false,1785244079053,LeaderAccept
1785244079061,true,1785244079103,LeaderAccept
1785244079113,true,1785244079155,LeaderAccept
1785244079167,true,1785244079208,LeaderAccept
1785244079221,true,1785244079264,LeaderAccept
1785244079278,true,1785244079320,LeaderAccept
1785244079335,true,1785244079378,LeaderAccept
1785244079394,true,1785244079436,LeaderAccept
1785244079456,false,1785244079498,LeaderAccept
1785244079519,false,1785244079560,LeaderAccept
1785244079583,false,1785244079625,LeaderAccept
1785244079651,true,1785244079692,LeaderAccept
1785244079720,true,1785244079761,LeaderAccept
1785244079791,false,1785244079832,LeaderAccept
1785244079866,true,1785244079907,LeaderAccept
1785244079942,true,1785244079983,LeaderAccept
1785244080022,true,1785244080064,LeaderAccept
1785244080106,false,1785244080147,LeaderAccept
1785244080193,true,1785244080234,LeaderAccept
1785244080283,false,1785244080325,LeaderAccept
1785244080377,false,1785244080419,LeaderAccept
1785244080476,true,1785244080518,LeaderAccept
1785244080580,false,1785244080622,LeaderAccept
1785244080690,false,1785244080731,LeaderAccept
1785244080806,false,1785244080848,LeaderAccept
1785244080928,false,1785244080970,LeaderAccept
1785244081059,true,1785244081100,LeaderAccept
1785244081198,true,1785244081240,LeaderAccept
1785244081347,true,1785244081389,LeaderAccept
1785244081507,true,1785244081549,LeaderAccept
1785244081681,true,1785244081723,LeaderAccept
1785244081871,true,1785244081913,LeaderAccept
1785244082078,false,1785244082120,LeaderAccept
1785244082308,true,1785244082350,LeaderAccept
1785244082567,false,1785244082608,LeaderAccept
1785244082861,false,1785244082903,LeaderAccept
1785244083201,true,1785244083244,LeaderAccept
1785244083604,false,1785244083646,LeaderAccept
1785244084097,false,1785244084139,LeaderAccept
1785244084728,false,1785244084769,LeaderAccept
1785244085590,false,1785244085633,LeaderAccept
1785244086918,false,1785244086957,FastAccept
1785244089496,false,1785244089535,FastAccept
1785244097316,false,1785244097358,LeaderAccept
1785244097348,true,1785244097389,LeaderAccept
1785244097378,false,1785244097420,LeaderAccept
1785244097409,true,1785244097451,LeaderAccept
1785244097441,true,1785244097482,LeaderAccept
1785244097473,true,1785244097514,LeaderAccept
1785244097506,false,1785244097547,LeaderAccept
1785244097539,true,1785244097580,LeaderAccept
1785244097573,true,1785244097615,LeaderAccept
1785244097607,true,1785244097649,LeaderAccept
1785244097642,true,1785244097683,LeaderAccept
1785244097677,false,1785244097718,LeaderAccept
1785244097713,false,1785244097754,LeaderAccept
1785244097750,false,1785244097791,LeaderAccept
1785244097788,false,1785244097830,LeaderAccept
1785244097827,true,1785244097868,LeaderAccept
1785244097866,true,1785244097908,LeaderAccept
1785244097905,false,1785244097947,LeaderAccept
1785244097946,true,1785244097988,LeaderAccept
1785244097988,false,1785244098029,LeaderAccept
1785244098030,true,1785244098072,LeaderAccept
1785244098074,false,1785244098116,LeaderAccept
1785244098118,true,1785244098159,LeaderAccept
1785244098162,false,1785244098204,LeaderAccept
1785244098208,true,1785244098251,LeaderAccept
1785244098256,false,1785244098297,LeaderAccept
1785244098304,true,1785244098346,LeaderAccept
1785244098353,false,1785244098395,LeaderAccept
1785244098404,true,1785244098446,LeaderAccept
1785244098456,true,1785244098497,LeaderAccept
1785244098510,true,1785244098551,LeaderAccept
1785244098564,true,1785244098606,LeaderAccept
1785244098620,true,1785244098662,LeaderAccept
1785244098678,false,1785244098720,LeaderAccept
1785244098738,false,1785244098779,LeaderAccept
1785244098798,false,1785244098840,LeaderAccept
1785244098861,false,1785244098903,LeaderAccept
1785244098926,false,1785244098968,LeaderAccept
1785244098993,false,1785244099034,LeaderAccept
1785244099062,false,1785244099104,LeaderAccept
1785244099134,true,1785244099176,LeaderAccept
1785244099209,true,1785244099250,LeaderAccept
1785244099285,false,1785244099327,LeaderAccept
1785244099365,false,1785244099407,LeaderAccept
1785244099448,false,1785244099490,LeaderAccept
1785244099534,false,1785244099576,LeaderAccept
1785244099624,true,1785244099665,LeaderAccept
1785244099719,true,1785244099760,LeaderAccept
1785244099736,true,1785244099777,LeaderAccept
1785244099762,true,1785244099803,LeaderAccept
1785244099787,false,1785244099827,LeaderAccept
1785244099812,false,1785244099854,LeaderAccept
1785244099839,false,1785244099880,LeaderAccept
1785244099866,false,1785244099907,LeaderAccept
1785244099892,false,1785244099934,LeaderAccept
1785244099920,true,1785244099961,LeaderAccept
1785244099946,true,1785244099987,LeaderAccept
1785244099973,true,1785244100014,LeaderAccept
1785244100001,false,1785244100042,LeaderAccept
1785244100030,true,1785244100071,LeaderAccept
1785244100059,true,1785244100100,LeaderAccept
1785244100087,true,1785244100129,LeaderAccept
1785244100116,true,1785244100157,LeaderAccept
1785244100147,true,1785244100188,LeaderAccept
1785244100177,true,1785244100219,LeaderAccept
1785244100208,true,1785244100250,LeaderAccept
1785244100239,true,1785244100281,LeaderAccept
1785244100272,true,1785244100314,LeaderAccept
1785244100305,true,1785244100347,LeaderAccept
1785244100337,false,1785244100378,LeaderAccept
1785244100371,true,1785244100412,LeaderAccept
1785244100405,true,1785244100446,LeaderAccept
1785244100439,false,1785244100480,LeaderAccept
1785244100474,false,1785244100515,LeaderAccept
1785244100509,false,1785244100551,LeaderAccept
1785244100545,false,1785244100586,LeaderAccept
1785244100583,false,1785244100624,LeaderAccept
1785244100621,false,1785244100662,LeaderAccept
1785244100658,false,1785244100700,LeaderAccept
1785244100697,false,1785244100739,LeaderAccept
1785244100738,false,1785244100780,LeaderAccept
1785244100778,true,1785244100819,LeaderAccept
1785244100819,true,1785244100860,LeaderAccept
1785244100861,false,1785244100902,LeaderAccept
1785244100904,true,1785244100946,LeaderAccept
1785244100949,true,1785244100991,LeaderAccept
1785244100994,true,1785244101036,LeaderAccept
1785244101039,true,1785244101080,LeaderAccept
1785244101087,true,1785244101128,LeaderAccept
1785244101135,false,1785244101176,LeaderAccept
1785244101183,false,1785244101225,LeaderAccept
1785244101234,true,1785244101275,LeaderAccept
1785244101286,false,1785244101328,LeaderAccept
1785244101339,true,1785244101380,LeaderAccept
1785244101394,true,1785244101435,LeaderAccept
1785244101449,false,1785244101490,LeaderAccept
1785244101506,true,1785244101548,LeaderAccept
1785244101566,false,1785244101607,LeaderAccept
1785244101626,false,1785244101668,LeaderAccept
1785244101689,false,1785244101730,LeaderAccept
1785244101753,true,1785244101795,LeaderAccept
1785244101821,false,1785244101862,LeaderAccept
1785244101889,false,1785244101931,LeaderAccept
1785244101960,true,1785244102001,LeaderAccept
1785244102035,true,1785244102076,LeaderAccept
1785244102112,false,1785244102153,LeaderAccept
1785244102191,true,1785244102232,LeaderAccept
1785244102275,false,1785244102316,LeaderAccept
1785244102361,false,1785244102403,LeaderAccept
1785244102452,false,1785244102493,LeaderAccept
1785244102546,true,1785244102588,LeaderAccept
1785244102645,false,1785244102687,LeaderAccept
1785244102749,false,1785244102791,LeaderAccept
1785244102858,false,1785244102900,LeaderAccept
1785244102973,false,1785244103015,LeaderAccept
1785244103095,false,1785244103137,LeaderAccept
1785244103224,false,1785244103265,LeaderAccept
1785244103363,true,1785244103404,LeaderAccept
1785244103511,false,1785244103552,LeaderAccept
1785244103669,false,1785244103710,LeaderAccept
1785244103841,true,1785244103883,LeaderAccept
1785244104028,true,1785244104069,LeaderAccept
1785244104234,true,1785244104275,LeaderAccept
1785244104462,false,1785244104501,FastAccept
1785244104716,false,1785244104755,FastAccept
1785244105005,false,1785244105044,FastAccept
1785244105340,true,1785244105379,FastAccept
1785244105735,true,1785244105780,FastAccept
1785244106215,false,1785244106257,LeaderAccept
1785244106826,true,1785244106867,LeaderAccept
1785244107654,true,1785244107695,LeaderAccept
1785244108907,true,1785244108948,LeaderAccept
1785244111251,false,1785244111292,LeaderAccept
1785244118813,true,1785244118854,LeaderAccept
1785244125568,false,1785244125609,LeaderAccept
1785244125586,false,1785244125628,LeaderAccept
1785244125605,true,1785244125646,LeaderAccept
1785244125623,true,1785244125664,LeaderAccept
1785244125642,false,1785244125683,LeaderAccept
1785244125660,true,1785244125701,LeaderAccept
1785244125678,true,1785244125719,LeaderAccept
1785244125698,false,1785244125739,LeaderAccept
1785244125717,true,1785244125758,LeaderAccept
1785244125736,true,1785244125777,LeaderAccept
1785244125756,true,1785244125797,LeaderAccept
1785244125776,true,1785244125817,LeaderAccept
1785244125796,false,1785244125837,LeaderAccept
1785244125816,false,1785244125858,LeaderAccept
1785244125837,false,1785244125878,LeaderAccept
1785244125857,true,1785244125899,LeaderAccept
1785244125878,true,1785244125919,LeaderAccept
1785244125900,false,1785244125941,LeaderAccept
1785244125920,false,1785244125961,LeaderAccept
1785244125941,true,1785244125982,LeaderAccept
1785244125962,true,1785244126003,LeaderAccept
1785244125984,false,1785244126025,LeaderAccept
1785244126006,false,1785244126047,LeaderAccept
1785244126029,true,1785244126070,LeaderAccept
1785244126051,true,1785244126092,LeaderAccept
1785244126074,true,1785244126115,LeaderAccept
1785244126096,false,1785244126138,LeaderAccept
1785244126119,false,1785244126161,LeaderAccept
1785244126142,true,1785244126183,LeaderAccept
1785244126166,true,1785244126207,LeaderAccept
1785244126189,false,1785244126230,LeaderAccept
1785244126214,false,1785244126255,LeaderAccept
1785244126238,true,1785244126280,LeaderAccept
1785244126263,false,1785244126304,LeaderAccept
1785244126288,false,1785244126330,LeaderAccept
1785244126314,true,1785244126355,LeaderAccept
1785244126340,false,1785244126381,LeaderAccept
1785244126365,false,1785244126407,LeaderAccept
1785244126392,true,1785244126433,LeaderAccept
1785244126419,true,1785244126460,LeaderAccept
1785244126445,true,1785244126486,LeaderAccept
1785244126473,false,1785244126513,LeaderAccept
1785244126501,false,1785244126541,LeaderAccept
1785244126529,false,1785244126570,LeaderAccept
1785244126558,true,1785244126599,LeaderAccept
1785244126586,true,1785244126628,LeaderAccept
1785244126615,false,1785244126656,LeaderAccept
1785244126645,false,1785244126686,LeaderAccept
1785244126676,true,1785244126717,LeaderAccept
1785244126707,false,1785244126748,LeaderAccept
1785244126738,false,1785244126779,LeaderAccept
1785244126769,true,1785244126811,LeaderAccept
1785244126802,false,1785244126843,LeaderAccept
1785244126835,false,1785244126876,LeaderAccept
1785244126867,true,1785244126908,LeaderAccept
1785244126900,false,1785244126942,LeaderAccept
1785244126935,false,1785244126976,LeaderAccept
1785244126969,true,1785244127011,LeaderAccept
1785244127004,false,1785244127045,LeaderAccept
1785244127040,false,1785244127082,LeaderAccept
1785244127076,true,1785244127118,LeaderAccept
1785244127114,true,1785244127155,LeaderAccept
1785244127151,false,1785244127192,LeaderAccept
1785244127189,true,1785244127231,LeaderAccept
1785244127228,true,1785244127269,LeaderAccept
1785244127269,false,1785244127310,LeaderAccept
1785244127309,true,1785244127351,LeaderAccept
1785244127352,true,1785244127393,LeaderAccept
1785244127394,false,1785244127436,LeaderAccept
1785244127438,false,1785244127479,LeaderAccept
1785244127482,true,1785244127523,LeaderAccept
1785244127528,false,1785244127569,LeaderAccept
1785244127573,true,1785244127615,LeaderAccept
1785244127621,true,1785244127662,LeaderAccept
1785244127669,false,1785244127711,LeaderAccept
1785244127719,false,1785244127760,LeaderAccept
1785244127770,false,1785244127811,LeaderAccept
1785244127821,true,1785244127863,LeaderAccept
1785244127874,true,1785244127915,LeaderAccept
1785244127928,true,1785244127970,LeaderAccept
1785244127985,false,1785244128027,LeaderAccept
1785244128042,true,1785244128084,LeaderAccept
1785244128102,false,1785244128143,LeaderAccept
1785244128163,false,1785244128205,LeaderAccept
1785244128226,false,1785244128269,LeaderAccept
1785244128291,false,1785244128333,LeaderAccept
1785244128358,false,1785244128400,LeaderAccept
1785244128428,false,1785244128470,LeaderAccept
1785244128500,true,1785244128541,LeaderAccept
1785244128575,true,1785244128616,LeaderAccept
1785244128651,false,1785244128692,LeaderAccept
1785244128732,false,1785244128773,LeaderAccept
1785244128816,false,1785244128857,LeaderAccept
1785244128902,true,1785244128944,LeaderAccept
1785244128993,true,1785244129035,LeaderAccept
1785244129088,false,1785244129130,LeaderAccept
1785244129188,false,1785244129230,LeaderAccept
1785244129292,false,1785244129334,LeaderAccept
1785244129402,true,1785244129444,LeaderAccept
1785244129519,true,1785244129560,LeaderAccept
1785244129642,false,1785244129683,LeaderAccept
1785244129773,false,1785244129814,LeaderAccept
1785244129913,false,1785244129954,LeaderAccept
1785244130063,false,1785244130105,LeaderAccept
1785244130224,true,1785244130266,LeaderAccept
1785244130398,true,1785244130440,LeaderAccept
1785244130588,false,1785244130629,LeaderAccept
1785244130798,false,1785244130839,LeaderAccept
1785244131031,true,1785244131072,LeaderAccept
1785244131292,false,1785244131331,FastAccept
1785244131588,false,1785244131627,FastAccept
1785244131933,false,1785244131971,FastAccept
1785244132342,false,1785244132381,FastAccept
1785244132843,true,1785244132882,FastAccept
1785244133487,false,1785244133526,FastAccept
1785244134374,false,1785244134414,FastAccept
1785244135758,false,1785244135796,FastAccept
1785244138518,false,1785244138560,LeaderAccept
1785244141102,false,1785244141143,LeaderAccept
1785244141130,false,1785244141171,LeaderAccept
1785244141159,true,1785244141200,LeaderAccept
1785244141187,true,1785244141229,LeaderAccept
1785244141217,false,1785244141258,LeaderAccept
1785244141246,true,1785244141287,LeaderAccept
1785244141275,false,1785244141317,LeaderAccept
1785244141306,false,1785244141348,LeaderAccept
1785244141336,false,1785244141378,LeaderAccept
1785244141367,false,1785244141409,LeaderAccept
1785244141399,false,1785244141441,LeaderAccept
1785244141431,false,1785244141472,LeaderAccept
1785244141463,false,1785244141504,LeaderAccept
1785244141496,true,1785244141538,LeaderAccept
1785244141530,false,1785244141572,LeaderAccept
1785244141564,true,1785244141605,LeaderAccept
1785244141598,false,1785244141639,LeaderAccept
1785244141634,true,1785244141675,LeaderAccept
1785244141670,true,1785244141711,LeaderAccept
1785244141707,false,1785244141748,LeaderAccept
1785244141744,false,1785244141787,LeaderAccept
1785244141782,false,1785244141824,LeaderAccept
1785244141822,false,1785244141863,LeaderAccept
1785244141862,false,1785244141902,LeaderAccept
1785244141902,true,1785244141944,LeaderAccept
1785244141944,true,1785244141985,LeaderAccept
1785244141985,false,1785244142027,LeaderAccept
1785244142027,true,1785244142069,LeaderAccept
1785244142070,false,1785244142112,LeaderAccept
1785244142114,true,1785244142156,LeaderAccept
1785244142160,false,1785244142201,LeaderAccept
1785244142207,true,1785244142248,LeaderAccept
1785244142255,false,1785244142296,LeaderAccept
1785244142304,false,1785244142345,LeaderAccept
1785244142354,true,1785244142395,LeaderAccept
1785244142404,true,1785244142446,LeaderAccept
1785244142456,true,1785244142497,LeaderAccept
1785244142510,false,1785244142551,LeaderAccept
1785244142564,false,1785244142607,LeaderAccept
1785244142621,true,1785244142662,LeaderAccept
1785244142678,true,1785244142719,LeaderAccept
1785244142737,false,1785244142778,LeaderAccept
1785244142799,false,1785244142840,LeaderAccept
1785244142862,true,1785244142903,LeaderAccept
1785244142928,false,1785244142969,LeaderAccept
1785244142995,true,1785244143037,LeaderAccept
1785244143066,false,1785244143107,LeaderAccept
1785244143138,false,1785244143180,LeaderAccept
1785244143213,false,1785244143254,LeaderAccept
1785244143292,true,1785244143333,LeaderAccept
1785244143372,false,1785244143413,LeaderAccept
1785244143457,false,1785244143498,LeaderAccept
1785244143544,false,1785244143586,LeaderAccept
1785244143635,true,1785244143677,LeaderAccept
1785244143731,true,1785244143773,LeaderAccept
1785244143831,false,1785244143872,LeaderAccept
1785244143937,false,1785244143978,LeaderAccept
1785244144049,true,1785244144090,LeaderAccept
1785244144167,false,1785244144208,LeaderAccept
1785244144291,false,1785244144333,LeaderAccept
1785244144424,false,1785244144466,LeaderAccept
1785244144565,false,1785244144606,LeaderAccept
1785244144716,false,1785244144758,LeaderAccept
1785244144880,true,1785244144922,LeaderAccept
1785244145058,true,1785244145099,LeaderAccept
1785244145252,true,1785244145293,LeaderAccept
1785244145465,false,1785244145506,LeaderAccept
1785244145703,false,1785244145744,LeaderAccept
1785244145969,false,1785244146011,LeaderAccept
1785244146274,true,1785244146316,LeaderAccept
1785244146629,true,1785244146671,LeaderAccept
1785244147053,false,1785244147095,LeaderAccept
1785244147577,true,1785244147618,LeaderAccept
1785244148257,true,1785244148299,LeaderAccept
1785244149213,true,1785244149254,LeaderAccept
1785244150752,true,1785244150803,LeaderAccept
1785244154075,true,1785244154117,LeaderAccept
1785244171574,false,1785244171616,LeaderAccept
1785244177322,false,1785244177363,LeaderAccept
1785244177336,true,1785244177376,LeaderAccept
1785244177351,false,1785244177392,LeaderAccept
1785244177367,false,1785244177408,LeaderAccept
1785244177383,false,1785244177424,LeaderAccept
1785244177398,true,1785244177439,LeaderAccept
1785244177414,true,1785244177455,LeaderAccept
1785244177429,false,1785244177470,LeaderAccept
1785244177444,true,1785244177485,LeaderAccept
1785244177460,true,1785244177501,LeaderAccept
1785244177476,false,1785244177517,LeaderAccept
1785244177492,true,1785244177533,LeaderAccept
1785244177508,true,1785244177549,LeaderAccept
1785244177525,false,1785244177566,LeaderAccept
1785244177542,false,1785244177583,LeaderAccept
1785244177558,false,1785244177600,LeaderAccept
1785244177576,true,1785244177617,LeaderAccept
1785244177592,false,1785244177633,LeaderAccept
1785244177610,true,1785244177651,LeaderAccept
1785244177628,true,1785244177669,LeaderAccept
1785244177646,true,1785244177687,LeaderAccept
1785244177663,true,1785244177703,LeaderAccept
1785244177680,false,1785244177721,LeaderAccept
1785244177698,false,1785244177739,LeaderAccept
1785244177715,true,1785244177756,LeaderAccept
1785244177733,true,1785244177774,LeaderAccept
1785244177751,false,1785244177792,LeaderAccept
1785244177769,false,1785244177810,LeaderAccept
1785244177788,true,1785244177828,LeaderAccept
1785244177806,true,1785244177847,LeaderAccept
1785244177825,true,1785244177866,LeaderAccept
1785244177844,true,1785244177884,LeaderAccept
1785244177863,false,1785244177903,LeaderAccept
1785244177882,true,1785244177923,LeaderAccept
1785244177902,false,1785244177943,LeaderAccept
1785244177922,false,1785244177962,LeaderAccept
1785244177942,true,1785244177983,LeaderAccept
1785244177962,false,1785244178003,LeaderAccept
1785244177983,false,1785244178023,LeaderAccept
1785244178003,false,1785244178043,LeaderAccept
1785244178023,false,1785244178064,LeaderAccept
1785244178043,true,1785244178084,LeaderAccept
1785244178065,false,1785244178106,LeaderAccept
1785244178085,false,1785244178126,LeaderAccept
1785244178107,true,1785244178148,LeaderAccept
1785244178128,false,1785244178169,LeaderAccept
1785244178150,true,1785244178191,LeaderAccept
1785244178172,false,1785244178213,LeaderAccept
1785244178194,true,1785244178235,LeaderAccept
1785244178216,true,1785244178257,LeaderAccept
1785244178238,true,1785244178280,LeaderAccept
1785244178261,true,1785244178302,LeaderAccept
1785244178285,true,1785244178326,LeaderAccept
1785244178308,true,1785244178349,LeaderAccept
1785244178331,true,1785244178372,LeaderAccept
1785244178355,true,1785244178396,LeaderAccept
1785244178379,true,1785244178420,LeaderAccept
1785244178403,true,1785244178445,LeaderAccept
1785244178428,true,1785244178470,LeaderAccept
1785244178454,false,1785244178495,LeaderAccept
1785244178480,true,1785244178521,LeaderAccept
1785244178505,false,1785244178547,LeaderAccept
1785244178532,false,1785244178573,LeaderAccept
1785244178558,false,1785244178599,LeaderAccept
1785244178585,false,1785244178626,LeaderAccept
1785244178612,false,1785244178653,LeaderAccept
1785244178639,false,1785244178680,LeaderAccept
1785244178666,false,1785244178708,LeaderAccept
1785244178694,true,1785244178735,LeaderAccept
1785244178723,true,1785244178764,LeaderAccept
1785244178753,true,1785244178794,LeaderAccept
1785244178782,false,1785244178823,LeaderAccept
1785244178813,false,1785244178854,LeaderAccept
1785244178843,false,1785244178885,LeaderAccept
1785244178874,true,1785244178915,LeaderAccept
1785244178906,false,1785244178947,LeaderAccept
1785244178937,false,1785244178979,LeaderAccept
1785244178969,false,1785244179011,LeaderAccept
1785244179001,false,1785244179042,LeaderAccept
1785244179034,false,1785244179075,LeaderAccept
1785244179068,true,1785244179110,LeaderAccept
1785244179103,true,1785244179144,LeaderAccept
1785244179137,false,1785244179178,LeaderAccept
1785244179173,true,1785244179214,LeaderAccept
1785244179209,false,1785244179250,LeaderAccept
1785244179245,true,1785244179287,LeaderAccept
1785244179283,true,1785244179324,LeaderAccept
1785244179320,true,1785244179360,LeaderAccept
1785244179358,false,1785244179399,LeaderAccept
1785244179398,false,1785244179438,LeaderAccept
1785244179437,true,1785244179479,LeaderAccept
1785244179479,true,1785244179520,LeaderAccept
1785244179520,true,1785244179561,LeaderAccept
1785244179562,false,1785244179604,LeaderAccept
1785244179605,false,1785244179646,LeaderAccept
1785244179649,false,1785244179690,LeaderAccept
1785244179694,false,1785244179735,LeaderAccept
1785244179740,true,1785244179782,LeaderAccept
1785244179788,false,1785244179830,LeaderAccept
1785244179837,true,1785244179878,LeaderAccept
1785244179887,true,1785244179928,LeaderAccept
1785244179937,false,1785244179978,LeaderAccept
1785244179989,false,1785244180031,LeaderAccept
1785244180042,false,1785244180083,LeaderAccept
1785244180098,false,1785244180139,LeaderAccept
1785244180154,true,1785244180196,LeaderAccept
1785244180213,true,1785244180254,LeaderAccept
1785244180273,true,1785244180314,LeaderAccept
1785244180334,false,1785244180376,LeaderAccept
1785244180398,false,1785244180440,LeaderAccept
1785244180463,false,1785244180505,LeaderAccept
1785244180531,false,1785244180573,LeaderAccept
1785244180600,true,1785244180642,LeaderAccept
1785244180672,false,1785244180713,LeaderAccept
1785244180746,false,1785244180787,LeaderAccept
1785244180824,false,1785244180864,LeaderAccept
1785244180905,false,1785244180946,LeaderAccept
1785244180989,true,1785244181029,LeaderAccept
1785244181076,false,1785244181118,LeaderAccept
1785244181167,false,1785244181209,LeaderAccept
1785244181262,false,1785244181303,LeaderAccept
1785244181362,true,1785244181404,LeaderAccept
1785244181467,false,1785244181509,LeaderAccept
1785244181578,true,1785244181619,LeaderAccept
1785244181695,false,1785244181736,LeaderAccept
1785244181819,false,1785244181861,LeaderAccept
1785244181951,false,1785244181993,LeaderAccept
1785244182092,true,1785244182133,LeaderAccept
1785244182243,false,1785244182284,LeaderAccept
1785244182405,false,1785244182446,LeaderAccept
1785244182582,false,1785244182623,LeaderAccept
1785244182774,true,1785244182815,LeaderAccept
1785244182987,false,1785244183028,LeaderAccept
1785244183221,true,1785244183263,LeaderAccept
1785244183485,true,1785244183526,LeaderAccept
1785244183787,false,1785244183828,LeaderAccept
1785244184138,false,1785244184179,LeaderAccept
1785244184555,true,1785244184597,LeaderAccept
1785244185069,false,1785244185111,LeaderAccept
1785244185734,false,1785244185775,LeaderAccept
1785244186659,false,1785244186700,LeaderAccept
1785244188129,false,1785244188168,FastAccept
1785244191192,false,1785244191231,FastAccept
1785244198665,false,1785244198703,FastAccept
1785244198681,false,1785244198719,FastAccept
1785244198696,false,1785244198735,FastAccept
1785244198712,true,1785244198750,FastAccept
1785244198729,true,1785244198767,FastAccept
1785244198744,true,1785244198783,FastAccept
1785244198761,true,1785244198799,FastAccept
1785244198778,true,1785244198816,FastAccept
1785244198795,true,1785244198833,FastAccept
1785244198811,true,1785244198849,FastAccept
1785244198827,true,1785244198866,FastAccept
1785244198844,true,1785244198882,FastAccept
1785244198860,false,1785244198899,FastAccept
1785244198878,true,1785244198917,FastAccept
1785244198895,false,1785244198934,FastAccept
1785244198912,true,1785244198950,FastAccept
1785244198930,true,1785244198969,FastAccept
1785244198947,false,1785244198986,FastAccept
1785244198966,false,1785244199004,FastAccept
1785244198984,true,1785244199022,FastAccept
1785244199003,false,1785244199041,FastAccept
1785244199020,false,1785244199059,FastAccept
1785244199039,true,1785244199077,FastAccept
1785244199058,false,1785244199096,FastAccept
1785244199077,false,1785244199116,FastAccept
1785244199096,false,1785244199134,FastAccept
1785244199114,true,1785244199153,FastAccept
1785244199134,true,1785244199173,FastAccept
1785244199153,true,1785244199191,FastAccept
1785244199172,true,1785244199211,FastAccept
1785244199191,false,1785244199230,FastAccept
1785244199211,true,1785244199250,FastAccept
1785244199230,true,1785244199269,FastAccept
1785244199251,true,1785244199290,FastAccept
1785244199271,false,1785244199311,FastAccept
1785244199292,false,1785244199331,FastAccept
1785244199313,true,1785244199352,FastAccept
1785244199333,false,1785244199372,FastAccept
1785244199355,true,1785244199394,FastAccept
1785244199377,false,1785244199416,FastAccept
1785244199398,false,1785244199437,FastAccept
1785244199420,false,1785244199459,FastAccept
1785244199442,false,1785244199481,FastAccept
1785244199465,true,1785244199504,FastAccept
1785244199487,true,1785244199526,FastAccept
1785244199511,false,1785244199549,FastAccept
1785244199533,true,1785244199572,FastAccept
1785244199557,true,1785244199595,FastAccept
1785244199580,false,1785244199619,FastAccept
1785244199604,false,1785244199643,FastAccept
1785244199628,true,1785244199667,FastAccept
1785244199652,false,1785244199691,FastAccept
1785244199676,true,1785244199715,FastAccept
1785244199702,false,1785244199741,FastAccept
1785244199727,false,1785244199766,FastAccept
1785244199753,true,1785244199791,FastAccept
1785244199778,true,1785244199817,FastAccept
1785244199805,true,1785244199843,FastAccept
1785244199831,true,1785244199872,FastAccept
1785244199859,false,1785244199897,FastAccept
1785244199885,true,1785244199924,FastAccept
1785244199913,false,1785244199952,FastAccept
1785244199940,false,1785244199979,FastAccept
1785244199969,true,1785244200008,FastAccept
1785244199997,true,1785244200036,FastAccept
1785244200027,false,1785244200065,FastAccept
1785244200057,false,1785244200095,FastAccept
1785244200087,true,1785244200125,FastAccept
1785244200118,false,1785244200157,FastAccept
1785244200148,true,1785244200187,FastAccept
1785244200180,false,1785244200219,FastAccept
1785244200211,false,1785244200250,FastAccept
1785244200243,false,1785244200282,FastAccept
1785244200276,false,1785244200315,FastAccept
1785244200309,false,1785244200348,FastAccept
1785244200343,true,1785244200382,FastAccept
1785244200377,false,1785244200416,FastAccept
1785244200412,true,1785244200451,FastAccept
1785244200447,false,1785244200485,FastAccept
1785244200484,false,1785244200523,FastAccept
1785244200521,true,1785244200583,SlowAccept
1785244200559,false,1785244200609,LeaderAccept
1785244200598,true,1785244200638,LeaderAccept
1785244200637,false,1785244200678,LeaderAccept
1785244200676,true,1785244200718,LeaderAccept
1785244200717,true,1785244200758,LeaderAccept
1785244200758,true,1785244200799,LeaderAccept
1785244200800,true,1785244200841,LeaderAccept
1785244200843,true,1785244200885,LeaderAccept
1785244200887,true,1785244200929,LeaderAccept
1785244200932,false,1785244200972,LeaderAccept
1785244200978,false,1785244201019,LeaderAccept
1785244201025,false,1785244201066,LeaderAccept
1785244201072,false,1785244201113,LeaderAccept
1785244201122,false,1785244201164,LeaderAccept
1785244201172,true,1785244201213,LeaderAccept
1785244201224,false,1785244201265,LeaderAccept
1785244201276,true,1785244201318,LeaderAccept
1785244201331,true,1785244201372,LeaderAccept
1785244201386,true,1785244201428,LeaderAccept
1785244201443,false,1785244201484,LeaderAccept
1785244201501,true,1785244201542,LeaderAccept
1785244201561,false,1785244201603,LeaderAccept
1785244201623,false,1785244201663,LeaderAccept
1785244201687,false,1785244201729,LeaderAccept
1785244201753,false,1785244201795,LeaderAccept
1785244201822,false,1785244201863,LeaderAccept
1785244201892,true,1785244201934,LeaderAccept
1785244201965,false,1785244202007,LeaderAccept
1785244202041,false,1785244202084,LeaderAccept
1785244202120,false,1785244202162,LeaderAccept
1785244202203,false,1785244202244,LeaderAccept
1785244202288,true,1785244202330,LeaderAccept
1785244202377,false,1785244202419,LeaderAccept
1785244202471,false,1785244202512,LeaderAccept
1785244202568,true,1785244202610,LeaderAccept
1785244202670,false,1785244202712,LeaderAccept
1785244202778,true,1785244202819,LeaderAccept
1785244202891,true,1785244202933,LeaderAccept
1785244203011,true,1785244203052,LeaderAccept
1785244203139,true,1785244203181,LeaderAccept
1785244203275,true,1785244203316,LeaderAccept
1785244203419,true,1785244203461,LeaderAccept
1785244203575,false,1785244203617,LeaderAccept
1785244203743,false,1785244203785,LeaderAccept
1785244203927,true,1785244203969,LeaderAccept
1785244204128,false,1785244204169,LeaderAccept
1785244204350,true,1785244204392,LeaderAccept
1785244204597,true,1785244204639,LeaderAccept
1785244204877,false,1785244204919,LeaderAccept
1785244205200,true,1785244205241,LeaderAccept
1785244205578,false,1785244205619,LeaderAccept
1785244206035,true,1785244206077,LeaderAccept
1785244206609,true,1785244206647,FastAccept
1785244207372,false,1785244207411,FastAccept
1785244208491,false,1785244208529,FastAccept
1785244210446,true,1785244210485,FastAccept
1785244215638,false,1785244215677,FastAccept
1785244234407,true,1785244234446,FastAccept
1785244234444,true,1785244234482,FastAccept
1785244234480,true,1785244234519,FastAccept
1785244234517,true,1785244234556,FastAccept
1785244234555,true,1785244234594,FastAccept
1785244234593,false,1785244234632,FastAccept
1785244234633,false,1785244234672,FastAccept
1785244234674,true,1785244234713,FastAccept
1785244234715,false,1785244234753,FastAccept
1785244234756,false,1785244234808,LeaderAccept
1785244234799,false,1785244234837,FastAccept
1785244234842,false,1785244234881,FastAccept
1785244234886,true,1785244234925,FastAccept
1785244234931,true,1785244234970,FastAccept
1785244234977,false,1785244235016,FastAccept
1785244235024,true,1785244235063,FastAccept
1785244235073,false,1785244235112,FastAccept
1785244235123,false,1785244235162,FastAccept
1785244235174,false,1785244235213,FastAccept
1785244235227,true,1785244235266,FastAccept
1785244235281,false,1785244235320,FastAccept
1785244235337,true,1785244235376,FastAccept
1785244235394,false,1785244235432,FastAccept
1785244235453,false,1785244235492,FastAccept
1785244235513,false,1785244235552,FastAccept
1785244235575,false,1785244235614,FastAccept
1785244235639,true,1785244235678,FastAccept
1785244235705,false,1785244235744,FastAccept
1785244235773,true,1785244235811,FastAccept
1785244235844,false,1785244235882,FastAccept
1785244235917,false,1785244235970,LeaderAccept
1785244235993,true,1785244236032,FastAccept
1785244236072,false,1785244236110,FastAccept
1785244236154,true,1785244236193,FastAccept
1785244236239,true,1785244236278,FastAccept
1785244236328,false,1785244236367,FastAccept
1785244236420,true,1785244236459,FastAccept
1785244236516,false,1785244236555,FastAccept
1785244236617,false,1785244236656,FastAccept
1785244236725,true,1785244236764,FastAccept
1785244236838,true,1785244236877,FastAccept
1785244236956,true,1785244236995,FastAccept
1785244237082,true,1785244237141,LeaderAccept
1785244237216,false,1785244237255,FastAccept
1785244237360,true,1785244237399,FastAccept
1785244237514,false,1785244237553,FastAccept
1785244237680,false,1785244237719,FastAccept
1785244237861,true,1785244237900,FastAccept
1785244238058,false,1785244238098,FastAccept
1785244238276,false,1785244238315,FastAccept
1785244238520,false,1785244238558,FastAccept
1785244238793,true,1785244238832,FastAccept
1785244239107,true,1785244239146,FastAccept
1785244239475,true,1785244239514,FastAccept
1785244239916,true,1785244239954,FastAccept
1785244240465,true,1785244240504,FastAccept
1785244241188,true,1785244241227,FastAccept
1785244242225,false,1785244242264,FastAccept
1785244243967,false,1785244244006,FastAccept
1785244248129,true,1785244248168,FastAccept
1785244264917,true,1785244264956,FastAccept
1785244264944,true,1785244264983,FastAccept
1785244264970,false,1785244265009,FastAccept
1785244264998,true,1785244265036,FastAccept
1785244265026,true,1785244265064,FastAccept
1785244265053,true,1785244265092,FastAccept
1785244265082,true,1785244265120,FastAccept
1785244265110,true,1785244265149,FastAccept
1785244265139,false,1785244265178,FastAccept
1785244265168,true,1785244265207,FastAccept
1785244265197,false,1785244265236,FastAccept
1785244265228,true,1785244265267,FastAccept
1785244265258,true,1785244265320,SlowAccept
1785244265290,false,1785244265352,LeaderAccept
1785244265321,true,1785244265373,LeaderAccept
1785244265353,true,1785244265395,LeaderAccept
1785244265386,true,1785244265427,LeaderAccept
1785244265419,true,1785244265460,LeaderAccept
1785244265452,false,1785244265494,LeaderAccept
1785244265486,false,1785244265527,LeaderAccept
1785244265521,false,1785244265562,LeaderAccept
1785244265557,true,1785244265598,LeaderAccept
1785244265592,true,1785244265634,LeaderAccept
1785244265628,true,1785244265669,LeaderAccept
1785244265665,true,1785244265706,LeaderAccept
1785244265703,false,1785244265744,LeaderAccept
1785244265741,false,1785244265782,LeaderAccept
1785244265780,true,1785244265822,LeaderAccept
1785244265820,true,1785244265862,LeaderAccept
1785244265861,true,1785244265903,LeaderAccept
1785244265903,true,1785244265944,LeaderAccept
1785244265945,true,1785244265987,LeaderAccept
1785244265988,true,1785244266030,LeaderAccept
1785244266032,true,1785244266073,LeaderAccept
1785244266077,false,1785244266119,LeaderAccept
1785244266123,false,1785244266164,LeaderAccept
1785244266171,false,1785244266212,LeaderAccept
1785244266218,false,1785244266259,LeaderAccept
1785244266267,true,1785244266309,LeaderAccept
1785244266317,false,1785244266358,LeaderAccept
1785244266368,false,1785244266410,LeaderAccept
1785244266422,true,1785244266463,LeaderAccept
1785244266477,false,1785244266518,LeaderAccept
1785244266532,false,1785244266574,LeaderAccept
1785244266590,false,1785244266632,LeaderAccept
1785244266649,false,1785244266690,LeaderAccept
1785244266711,false,1785244266752,LeaderAccept
1785244266773,false,1785244266814,LeaderAccept
1785244266839,true,1785244266880,LeaderAccept
1785244266905,true,1785244266946,LeaderAccept
1785244266975,true,1785244267016,LeaderAccept
1785244267047,false,1785244267088,LeaderAccept
1785244267121,true,1785244267162,LeaderAccept
1785244267197,false,1785244267239,LeaderAccept
1785244267278,false,1785244267320,LeaderAccept
1785244267361,true,1785244267402,LeaderAccept
1785244267448,true,1785244267489,LeaderAccept
1785244267537,false,1785244267579,LeaderAccept
1785244267631,false,1785244267673,LeaderAccept
1785244267730,false,1785244267772,LeaderAccept
1785244267835,false,1785244267877,LeaderAccept
1785244267944,false,1785244267985,LeaderAccept
1785244268060,true,1785244268101,LeaderAccept
1785244268183,true,1785244268224,LeaderAccept
1785244268312,false,1785244268354,LeaderAccept
1785244268450,false,1785244268492,LeaderAccept
1785244268599,true,1785244268640,LeaderAccept
1785244268759,false,1785244268800,LeaderAccept
1785244268932,false,1785244268973,LeaderAccept
1785244269119,false,1785244269161,LeaderAccept
1785244269326,true,1785244269367,LeaderAccept
1785244269556,false,1785244269595,FastAccept
1785244269812,false,1785244269851,FastAccept
1785244270104,true,1785244270143,FastAccept
1785244270442,false,1785244270481,FastAccept
1785244270842,true,1785244270880,FastAccept
1785244271328,true,1785244271367,FastAccept
1785244271949,true,1785244271988,FastAccept
1785244272796,true,1785244272837,LeaderAccept
1785244274089,true,1785244274157,LeaderAccept
1785244276557,false,1785244276598,LeaderAccept
1785244285024,false,1785244285066,LeaderAccept
1785244305340,false,1785244305381,LeaderAccept
1785244305357,true,1785244305399,LeaderAccept
1785244305376,false,1785244305417,LeaderAccept
1785244305393,true,1785244305434,LeaderAccept
1785244305411,true,1785244305452,LeaderAccept
1785244305430,true,1785244305470,LeaderAccept
1785244305448,false,1785244305490,LeaderAccept
1785244305467,true,1785244305508,LeaderAccept
1785244305486,false,1785244305527,LeaderAccept
1785244305504,true,1785244305545,LeaderAccept
1785244305523,true,1785244305564,LeaderAccept
1785244305542,false,1785244305583,LeaderAccept
1785244305561,true,1785244305602,LeaderAccept
1785244305581,true,1785244305622,LeaderAccept
1785244305601,false,1785244305642,LeaderAccept
1785244305621,true,1785244305662,LeaderAccept
1785244305642,true,1785244305682,LeaderAccept
1785244305662,true,1785244305703,LeaderAccept
1785244305683,true,1785244305724,LeaderAccept
1785244305704,true,1785244305745,LeaderAccept
1785244305726,true,1785244305766,LeaderAccept
1785244305747,false,1785244305789,LeaderAccept
1785244305768,false,1785244305809,LeaderAccept
1785244305790,false,1785244305831,LeaderAccept
1785244305811,false,1785244305852,LeaderAccept
1785244305833,true,1785244305874,LeaderAccept
1785244305855,true,1785244305896,LeaderAccept
1785244305877,false,1785244305918,LeaderAccept
1785244305900,true,1785244305941,LeaderAccept
1785244305924,false,1785244305964,LeaderAccept
1785244305947,true,1785244305989,LeaderAccept
1785244305972,false,1785244306013,LeaderAccept
1785244305996,false,1785244306037,LeaderAccept
1785244306019,true,1785244306061,LeaderAccept
1785244306043,true,1785244306084,LeaderAccept
1785244306068,false,1785244306109,LeaderAccept
1785244306094,true,1785244306135,LeaderAccept
1785244306120,true,1785244306161,LeaderAccept
1785244306145,true,1785244306187,LeaderAccept
1785244306171,false,1785244306213,LeaderAccept
1785244306197,true,1785244306239,LeaderAccept
1785244306223,false,1785244306265,LeaderAccept
1785244306250,true,1785244306292,LeaderAccept
1785244306277,false,1785244306319,LeaderAccept
1785244306305,true,1785244306348,LeaderAccept
1785244306333,false,1785244306373,LeaderAccept
1785244306361,false,1785244306403,LeaderAccept
1785244306391,true,1785244306433,LeaderAccept
1785244306419,true,1785244306461,LeaderAccept
1785244306449,false,1785244306490,LeaderAccept
1785244306479,true,1785244306520,LeaderAccept
1785244306509,false,1785244306551,LeaderAccept
1785244306541,false,1785244306582,LeaderAccept
1785244306572,true,1785244306614,LeaderAccept
1785244306604,true,1785244306646,LeaderAccept
1785244306637,true,1785244306678,LeaderAccept
1785244306669,true,1785244306710,LeaderAccept
1785244306703,true,1785244306744,LeaderAccept
1785244306736,false,1785244306778,LeaderAccept
1785244306770,true,1785244306811,LeaderAccept
1785244306806,false,1785244306847,LeaderAccept
1785244306842,true,1785244306883,LeaderAccept
1785244306877,false,1785244306920,LeaderAccept
1785244306914,true,1785244306956,LeaderAccept
1785244306952,false,1785244306994,LeaderAccept
1785244306990,false,1785244307032,LeaderAccept
1785244307030,false,1785244307071,LeaderAccept
1785244307070,false,1785244307111,LeaderAccept
1785244307110,true,1785244307152,LeaderAccept
1785244307152,false,1785244307195,LeaderAccept
1785244307194,true,1785244307236,LeaderAccept
1785244307237,true,1785244307279,LeaderAccept
1785244307281,false,1785244307322,LeaderAccept
1785244307326,true,1785244307368,LeaderAccept
1785244307372,false,1785244307414,LeaderAccept
1785244307419,true,1785244307460,LeaderAccept
1785244307468,false,1785244307509,LeaderAccept
1785244307516,true,1785244307557,LeaderAccept
1785244307567,true,1785244307609,LeaderAccept
1785244307619,false,1785244307660,LeaderAccept
1785244307671,true,1785244307713,LeaderAccept
1785244307726,false,1785244307768,LeaderAccept
1785244307782,false,1785244307824,LeaderAccept
1785244307839,true,1785244307881,LeaderAccept
1785244307898,false,1785244307940,LeaderAccept
1785244307959,false,1785244308001,LeaderAccept
1785244308021,false,1785244308063,LeaderAccept
1785244308086,true,1785244308129,LeaderAccept
1785244308152,false,1785244308194,LeaderAccept
1785244308221,true,1785244308263,LeaderAccept
1785244308292,false,1785244308334,LeaderAccept
1785244308365,false,1785244308407,LeaderAccept
1785244308442,true,1785244308484,LeaderAccept
1785244308520,false,1785244308562,LeaderAccept
1785244308604,true,1785244308646,LeaderAccept
1785244308689,true,1785244308731,LeaderAccept
1785244308779,true,1785244308820,LeaderAccept
1785244308872,false,1785244308914,LeaderAccept
1785244308970,true,1785244309012,LeaderAccept
1785244309073,true,1785244309115,LeaderAccept
1785244309182,false,1785244309224,LeaderAccept
1785244309295,true,1785244309337,LeaderAccept
1785244309417,true,1785244309459,LeaderAccept
1785244309545,true,1785244309587,LeaderAccept
1785244309682,true,1785244309724,LeaderAccept
1785244309828,true,1785244309870,LeaderAccept
1785244309985,true,1785244310027,LeaderAccept
1785244310155,false,1785244310197,LeaderAccept
1785244310341,true,1785244310382,LeaderAccept
1785244310544,true,1785244310586,LeaderAccept
1785244310769,true,1785244310810,LeaderAccept
1785244311021,false,1785244311063,LeaderAccept
1785244311305,true,1785244311347,LeaderAccept
1785244311634,false,1785244311692,LeaderAccept
1785244312020,false,1785244312059,FastAccept
1785244312490,true,1785244312528,FastAccept
1785244313082,true,1785244313121,FastAccept
1785244313879,true,1785244313918,FastAccept
1785244315065,false,1785244315104,FastAccept
1785244317212,true,1785244317253,LeaderAccept
1785244323484,true,1785244323526,LeaderAccept
1785244348803,true,1785244348845,LeaderAccept
1785244348826,true,1785244348867,LeaderAccept
1785244348848,false,1785244348889,LeaderAccept
1785244348870,false,1785244348911,LeaderAccept
1785244348893,false,1785244348934,LeaderAccept
1785244348916,true,1785244348957,LeaderAccept
1785244348939,true,1785244348980,LeaderAccept
1785244348964,true,1785244349005,LeaderAccept
1785244348988,true,1785244349029,LeaderAccept
1785244349012,true,1785244349053,LeaderAccept
1785244349037,true,1785244349079,LeaderAccept
1785244349061,false,1785244349103,LeaderAccept
1785244349087,true,1785244349128,LeaderAccept
1785244349113,false,1785244349154,LeaderAccept
1785244349138,false,1785244349180,LeaderAccept
1785244349164,true,1785244349205,LeaderAccept
1785244349190,true,1785244349232,LeaderAccept
1785244349218,true,1785244349259,LeaderAccept
1785244349245,false,1785244349286,LeaderAccept
1785244349273,true,1785244349314,LeaderAccept
1785244349301,true,1785244349343,LeaderAccept
1785244349329,false,1785244349371,LeaderAccept
1785244349358,true,1785244349400,LeaderAccept
1785244349387,false,1785244349429,LeaderAccept
1785244349417,true,1785244349458,LeaderAccept
1785244349447,false,1785244349488,LeaderAccept
1785244349477,false,1785244349518,LeaderAccept
1785244349509,false,1785244349550,LeaderAccept
1785244349541,false,1785244349582,LeaderAccept
1785244349573,true,1785244349614,LeaderAccept
1785244349605,false,1785244349647,LeaderAccept
1785244349639,false,1785244349680,LeaderAccept
1785244349672,true,1785244349713,LeaderAccept
1785244349707,false,1785244349748,LeaderAccept
1785244349742,false,1785244349783,LeaderAccept
1785244349776,true,1785244349818,LeaderAccept
1785244349811,true,1785244349853,LeaderAccept
1785244349848,false,1785244349889,LeaderAccept
1785244349884,false,1785244349926,LeaderAccept
1785244349921,false,1785244349963,LeaderAccept
1785244349959,true,1785244350000,LeaderAccept
1785244349998,false,1785244350039,LeaderAccept
1785244350039,true,1785244350080,LeaderAccept
1785244350080,false,1785244350122,LeaderAccept
1785244350121,true,1785244350163,LeaderAccept
1785244350163,true,1785244350204,LeaderAccept
1785244350205,false,1785244350247,LeaderAccept
1785244350250,false,1785244350291,LeaderAccept
1785244350294,true,1785244350336,LeaderAccept
1785244350341,false,1785244350382,LeaderAccept
1785244350387,true,1785244350429,LeaderAccept
1785244350435,true,1785244350477,LeaderAccept
1785244350484,true,1785244350525,LeaderAccept
1785244350534,false,1785244350576,LeaderAccept
1785244350586,false,1785244350627,LeaderAccept
1785244350638,false,1785244350679,LeaderAccept
1785244350693,true,1785244350734,LeaderAccept
1785244350748,true,1785244350790,LeaderAccept
1785244350805,false,1785244350847,LeaderAccept
1785244350865,true,1785244350907,LeaderAccept
1785244350926,true,1785244350967,LeaderAccept
1785244350988,false,1785244351030,LeaderAccept
1785244351053,true,1785244351094,LeaderAccept
1785244351119,false,1785244351162,LeaderAccept
1785244351188,true,1785244351229,LeaderAccept
1785244351260,false,1785244351301,LeaderAccept
1785244351333,true,1785244351375,LeaderAccept
1785244351409,false,1785244351451,LeaderAccept
1785244351489,true,1785244351530,LeaderAccept
1785244351571,true,1785244351613,LeaderAccept
1785244351658,false,1785244351699,LeaderAccept
1785244351748,false,1785244351789,LeaderAccept
1785244351842,false,1785244351883,LeaderAccept
1785244351939,false,1785244351981,LeaderAccept
1785244352042,false,1785244352084,LeaderAccept
1785244352150,true,1785244352192,LeaderAccept
1785244352265,true,1785244352307,LeaderAccept
1785244352386,false,1785244352428,LeaderAccept
1785244352515,true,1785244352556,LeaderAccept
1785244352652,true,1785244352693,LeaderAccept
1785244352798,true,1785244352839,LeaderAccept
1785244352956,true,1785244352998,LeaderAccept
1785244353126,true,1785244353167,LeaderAccept
1785244353312,false,1785244353353,LeaderAccept
1785244353515,true,1785244353557,LeaderAccept
1785244353741,true,1785244353783,LeaderAccept
1785244353992,true,1785244354031,FastAccept
1785244354278,false,1785244354317,FastAccept
1785244354607,true,1785244354646,FastAccept
1785244354995,false,1785244355034,FastAccept
1785244355466,false,1785244355505,FastAccept
1785244356061,false,1785244356125,LeaderAccept
1785244356862,false,1785244356901,FastAccept
1785244358058,false,1785244358097,FastAccept
1785244360230,true,1785244360269,FastAccept
1785244366665,true,1785244366707,LeaderAccept
1785244403487,true,1785244403526,FastAccept
1785244403507,false,1785244403573,SlowAccept
1785244403528,false,1785244403573,FastAccept
1785244403549,true,1785244403605,LeaderAccept
1785244403571,true,1785244403631,LeaderAccept
1785244403592,true,1785244403652,LeaderAccept
1785244403614,false,1785244403656,LeaderAccept
1785244403636,false,1785244403678,LeaderAccept
1785244403658,false,1785244403700,LeaderAccept
1785244403681,false,1785244403722,LeaderAccept
1785244403704,true,1785244403745,LeaderAccept
1785244403727,false,1785244403768,LeaderAccept
1785244403750,true,1785244403791,LeaderAccept
1785244403774,false,1785244403815,LeaderAccept
1785244403797,true,1785244403838,LeaderAccept
1785244403822,true,1785244403863,LeaderAccept
1785244403846,true,1785244403888,LeaderAccept
1785244403871,true,1785244403912,LeaderAccept
1785244403896,false,1785244403938,LeaderAccept
1785244403921,true,1785244403964,LeaderAccept
1785244403947,false,1785244403988,LeaderAccept
1785244403974,false,1785244404015,LeaderAccept
1785244404000,false,1785244404041,LeaderAccept
1785244404027,true,1785244404068,LeaderAccept
1785244404055,true,1785244404095,LeaderAccept
1785244404081,false,1785244404122,LeaderAccept
1785244404109,false,1785244404150,LeaderAccept
1785244404137,true,1785244404178,LeaderAccept
1785244404164,false,1785244404207,LeaderAccept
1785244404192,false,1785244404234,LeaderAccept
1785244404222,true,1785244404263,LeaderAccept
1785244404252,false,1785244404294,LeaderAccept
1785244404281,false,1785244404322,LeaderAccept
1785244404312,false,1785244404353,LeaderAccept
1785244404343,false,1785244404384,LeaderAccept
1785244404375,true,1785244404416,LeaderAccept
1785244404406,true,1785244404448,LeaderAccept
1785244404438,false,1785244404480,LeaderAccept
1785244404471,true,1785244404513,LeaderAccept
1785244404505,false,1785244404546,LeaderAccept
1785244404538,false,1785244404581,LeaderAccept
1785244404572,false,1785244404614,LeaderAccept
1785244404608,false,1785244404650,LeaderAccept
1785244404643,false,1785244404684,LeaderAccept
1785244404679,true,1785244404721,LeaderAccept
1785244404717,false,1785244404758,LeaderAccept
1785244404754,true,1785244404795,LeaderAccept
1785244404793,true,1785244404834,LeaderAccept
1785244404832,false,1785244404873,LeaderAccept
1785244404872,true,1785244404913,LeaderAccept
1785244404912,true,1785244404954,LeaderAccept
1785244404954,false,1785244404995,LeaderAccept
1785244404995,true,1785244405039,LeaderAccept
1785244405039,false,1785244405081,LeaderAccept
1785244405083,false,1785244405124,LeaderAccept
1785244405127,true,1785244405168,LeaderAccept
1785244405172,false,1785244405214,LeaderAccept
1785244405219,false,1785244405261,LeaderAccept
1785244405268,true,1785244405311,LeaderAccept
1785244405316,true,1785244405358,LeaderAccept
1785244405366,true,1785244405409,LeaderAccept
1785244405417,false,1785244405459,LeaderAccept
1785244405470,true,1785244405513,LeaderAccept
1785244405525,true,1785244405567,LeaderAccept
1785244405580,false,1785244405622,LeaderAccept
1785244405638,false,1785244405679,LeaderAccept
1785244405697,false,1785244405738,LeaderAccept
1785244405757,false,1785244405799,LeaderAccept
1785244405819,false,1785244405861,LeaderAccept
1785244405884,true,1785244405926,LeaderAccept
1785244405950,true,1785244405992,LeaderAccept
1785244406018,false,1785244406060,LeaderAccept
1785244406089,true,1785244406130,LeaderAccept
1785244406162,false,1785244406205,LeaderAccept
1785244406239,true,1785244406281,LeaderAccept
1785244406317,false,1785244406358,LeaderAccept
1785244406400,false,1785244406441,LeaderAccept
1785244406485,false,1785244406527,LeaderAccept
1785244406574,false,1785244406616,LeaderAccept
1785244406668,true,1785244406709,LeaderAccept
1785244406766,false,1785244406808,LeaderAccept
1785244406869,false,1785244406911,LeaderAccept
1785244406977,false,1785244407018,LeaderAccept
1785244407091,true,1785244407133,LeaderAccept
1785244407211,true,1785244407253,LeaderAccept
1785244407338,true,1785244407380,LeaderAccept
1785244407474,false,1785244407516,LeaderAccept
1785244407619,false,1785244407661,LeaderAccept
1785244407775,true,1785244407817,LeaderAccept
1785244407944,false,1785244407986,LeaderAccept
1785244408129,true,1785244408170,LeaderAccept
1785244408330,true,1785244408371,LeaderAccept
1785244408552,false,1785244408592,LeaderAccept
1785244408800,true,1785244408841,LeaderAccept
1785244409080,true,1785244409121,LeaderAccept
1785244409403,false,1785244409444,LeaderAccept
1785244409783,true,1785244409824,LeaderAccept
1785244410241,true,1785244410284,LeaderAccept
1785244410818,true,1785244410860,LeaderAccept
1785244411586,false,1785244411628,LeaderAccept
1785244412713,false,1785244412755,LeaderAccept
1785244414695,true,1785244414733,FastAccept
1785244420026,true,1785244420075,LeaderAccept
1785244428699,false,1785244428740,LeaderAccept
1785244428721,true,1785244428763,LeaderAccept
1785244428744,false,1785244428786,LeaderAccept
1785244428767,true,1785244428808,LeaderAccept
1785244428790,false,1785244428832,LeaderAccept
1785244428814,true,1785244428855,LeaderAccept
1785244428838,true,1785244428879,LeaderAccept
1785244428862,false,1785244428903,LeaderAccept
1785244428886,true,1785244428928,LeaderAccept
1785244428911,true,1785244428954,LeaderAccept
1785244428936,true,1785244428978,LeaderAccept
1785244428962,true,1785244429003,LeaderAccept
1785244428987,false,1785244429029,LeaderAccept
1785244429013,true,1785244429055,LeaderAccept
1785244429039,true,1785244429080,LeaderAccept
1785244429067,false,1785244429108,LeaderAccept
1785244429093,false,1785244429134,LeaderAccept
1785244429120,false,1785244429161,LeaderAccept
1785244429148,true,1785244429189,LeaderAccept
1785244429176,true,1785244429217,LeaderAccept
1785244429204,false,1785244429245,LeaderAccept
1785244429234,false,1785244429275,LeaderAccept
1785244429263,false,1785244429305,LeaderAccept
1785244429293,true,1785244429335,LeaderAccept
1785244429323,true,1785244429365,LeaderAccept
1785244429354,false,1785244429396,LeaderAccept
1785244429385,true,1785244429427,LeaderAccept
1785244429417,true,1785244429458,LeaderAccept
1785244429449,true,1785244429490,LeaderAccept
1785244429481,true,1785244429523,LeaderAccept
1785244429514,true,1785244429556,LeaderAccept
1785244429549,true,1785244429590,LeaderAccept
1785244429583,false,1785244429625,LeaderAccept
1785244429619,true,1785244429660,LeaderAccept
1785244429655,true,1785244429696,LeaderAccept
1785244429690,true,1785244429731,LeaderAccept
1785244429726,false,1785244429767,LeaderAccept
1785244429763,false,1785244429804,LeaderAccept
1785244429801,true,1785244429842,LeaderAccept
1785244429839,false,1785244429881,LeaderAccept
1785244429878,false,1785244429920,LeaderAccept
1785244429918,false,1785244429959,LeaderAccept
1785244429958,true,1785244430000,LeaderAccept
1785244430000,true,1785244430041,LeaderAccept
1785244430042,true,1785244430083,LeaderAccept
1785244430085,true,1785244430127,LeaderAccept
1785244430129,true,1785244430171,LeaderAccept
1785244430174,true,1785244430215,LeaderAccept
1785244430221,false,1785244430263,LeaderAccept
1785244430268,false,1785244430309,LeaderAccept
1785244430316,false,1785244430358,LeaderAccept
1785244430366,false,1785244430408,LeaderAccept
1785244430418,false,1785244430460,LeaderAccept
1785244430470,false,1785244430512,LeaderAccept
1785244430525,false,1785244430566,LeaderAccept
1785244430579,true,1785244430620,LeaderAccept
1785244430636,true,1785244430677,LeaderAccept
1785244430693,true,1785244430735,LeaderAccept
1785244430753,true,1785244430794,LeaderAccept
1785244430814,true,1785244430856,LeaderAccept
1785244430877,true,1785244430919,LeaderAccept
1785244430943,true,1785244430984,LeaderAccept
1785244431010,false,1785244431052,LeaderAccept
1785244431080,false,1785244431122,LeaderAccept
1785244431153,true,1785244431195,LeaderAccept
1785244431228,true,1785244431269,LeaderAccept
1785244431305,true,1785244431347,LeaderAccept
1785244431386,false,1785244431426,LeaderAccept
1785244431470,true,1785244431511,LeaderAccept
1785244431557,false,1785244431599,LeaderAccept
1785244431649,true,1785244431691,LeaderAccept
1785244431744,false,1785244431786,LeaderAccept
1785244431845,true,1785244431887,LeaderAccept
1785244431950,false,1785244431991,LeaderAccept
1785244432061,true,1785244432104,LeaderAccept
1785244432179,true,1785244432221,LeaderAccept
1785244432303,true,1785244432346,LeaderAccept
1785244432435,true,1785244432477,LeaderAccept
1785244432577,true,1785244432618,LeaderAccept
1785244432728,true,1785244432770,LeaderAccept
1785244432890,false,1785244432932,LeaderAccept
1785244433066,false,1785244433108,LeaderAccept
1785244433260,true,1785244433302,LeaderAccept
1785244433471,false,1785244433513,LeaderAccept
1785244433706,true,1785244433748,LeaderAccept
1785244433972,true,1785244434013,LeaderAccept
1785244434274,false,1785244434316,LeaderAccept
1785244434626,true,1785244434668,LeaderAccept
1785244435046,true,1785244435087,LeaderAccept
1785244435563,true,1785244435602,FastAccept
1785244436232,false,1785244436274,LeaderAccept
1785244437167,true,1785244437209,LeaderAccept
1785244438657,true,1785244438699,LeaderAccept
1785244441797,false,1785244441838,LeaderAccept
1785244456881,true,1785244456920,FastAccept
1785244465754,false,1785244465795,LeaderAccept
1785244465785,true,1785244465826,LeaderAccept
1785244465814,false,1785244465855,LeaderAccept
1785244465846,true,1785244465887,LeaderAccept
1785244465877,false,1785244465918,LeaderAccept
1785244465908,false,1785244465950,LeaderAccept
1785244465940,false,1785244465981,LeaderAccept
1785244465974,false,1785244466015,LeaderAccept
1785244466006,true,1785244466047,LeaderAccept
1785244466039,false,1785244466080,LeaderAccept
1785244466073,false,1785244466114,LeaderAccept
1785244466108,true,1785244466150,LeaderAccept
1785244466143,false,1785244466184,LeaderAccept
1785244466180,true,1785244466221,LeaderAccept
1785244466216,false,1785244466257,LeaderAccept
1785244466253,true,1785244466294,LeaderAccept
1785244466290,false,1785244466331,LeaderAccept
1785244466328,true,1785244466369,LeaderAccept
1785244466367,true,1785244466408,LeaderAccept
1785244466407,true,1785244466448,LeaderAccept
1785244466448,true,1785244466489,LeaderAccept
1785244466489,false,1785244466530,LeaderAccept
1785244466531,true,1785244466572,LeaderAccept
1785244466574,false,1785244466615,LeaderAccept
1785244466618,false,1785244466659,LeaderAccept
1785244466663,true,1785244466704,LeaderAccept
1785244466709,false,1785244466751,LeaderAccept
1785244466757,false,1785244466798,LeaderAccept
1785244466806,false,1785244466847,LeaderAccept
1785244466855,true,1785244466897,LeaderAccept
1785244466907,true,1785244466948,LeaderAccept
1785244466958,false,1785244467000,LeaderAccept
1785244467013,false,1785244467053,LeaderAccept
1785244467068,true,1785244467109,LeaderAccept
1785244467124,false,1785244467166,LeaderAccept
1785244467182,true,1785244467223,LeaderAccept
1785244467241,true,1785244467283,LeaderAccept
1785244467303,true,1785244467344,LeaderAccept
1785244467367,true,1785244467408,LeaderAccept
1785244467432,false,1785244467474,LeaderAccept
1785244467499,true,1785244467540,LeaderAccept
1785244467568,false,1785244467609,LeaderAccept
1785244467641,true,1785244467682,LeaderAccept
1785244467716,false,1785244467756,LeaderAccept
1785244467793,false,1785244467834,LeaderAccept
1785244467874,false,1785244467915,LeaderAccept
1785244467958,true,1785244468000,LeaderAccept
1785244468046,true,1785244468087,LeaderAccept
1785244468138,true,1785244468179,LeaderAccept
1785244468233,false,1785244468275,LeaderAccept
1785244468333,false,1785244468375,LeaderAccept
1785244468439,true,1785244468480,LeaderAccept
1785244468550,false,1785244468591,LeaderAccept
1785244468668,false,1785244468709,LeaderAccept
1785244468791,true,1785244468832,LeaderAccept
1785244468923,false,1785244468964,LeaderAccept
1785244469065,true,1785244469106,LeaderAccept
1785244469215,false,1785244469257,LeaderAccept
1785244469378,false,1785244469420,LeaderAccept
1785244469555,false,1785244469597,LeaderAccept
1785244469748,false,1785244469790,LeaderAccept
1785244469960,false,1785244470002,LeaderAccept
1785244470196,true,1785244470237,LeaderAccept
1785244470462,true,1785244470503,LeaderAccept
1785244470764,false,1785244470806,LeaderAccept
1785244471116,true,1785244471158,LeaderAccept
1785244471537,false,1785244471578,LeaderAccept
1785244472055,false,1785244472096,LeaderAccept
1785244472725,false,1785244472767,LeaderAccept
1785244473589,false,1785244473628,FastAccept
1785244473606,false,1785244473645,FastAccept
1785244473625,false,1785244473663,FastAccept
1785244473642,true,1785244473681,FastAccept
1785244473661,false,1785244473699,FastAccept
1785244473679,false,1785244473718,FastAccept
1785244473698,false,1785244473736,FastAccept
1785244473716,true,1785244473755,FastAccept
1785244473735,false,1785244473774,FastAccept
1785244473754,false,1785244473793,FastAccept
1785244473773,false,1785244473812,FastAccept
1785244473793,true,1785244473831,FastAccept
1785244473812,true,1785244473875,SlowAccept
1785244473831,true,1785244473875,FastAccept
1785244473850,true,1785244473912,LeaderAccept
1785244473871,false,1785244473932,LeaderAccept
1785244473891,true,1785244473932,LeaderAccept
1785244473910,true,1785244473952,LeaderAccept
1785244473931,true,1785244473972,LeaderAccept
1785244473951,false,1785244473992,LeaderAccept
1785244473972,false,1785244474013,LeaderAccept
1785244473994,false,1785244474035,LeaderAccept
1785244474014,false,1785244474055,LeaderAccept
1785244474035,false,1785244474076,LeaderAccept
1785244474056,true,1785244474097,LeaderAccept
1785244474079,true,1785244474120,LeaderAccept
1785244474101,false,1785244474143,LeaderAccept
1785244474123,true,1785244474164,LeaderAccept
1785244474146,false,1785244474186,LeaderAccept
1785244474168,false,1785244474210,LeaderAccept
1785244474192,false,1785244474233,LeaderAccept
1785244474215,true,1785244474256,LeaderAccept
1785244474238,true,1785244474279,LeaderAccept
1785244474262,false,1785244474303,LeaderAccept
1785244474287,true,1785244474328,LeaderAccept
1785244474312,false,1785244474353,LeaderAccept
1785244474336,false,1785244474377,LeaderAccept
1785244474362,false,1785244474403,LeaderAccept
1785244474387,false,1785244474427,LeaderAccept
1785244474413,false,1785244474454,LeaderAccept
1785244474439,true,1785244474480,LeaderAccept
1785244474465,false,1785244474506,LeaderAccept
1785244474492,true,1785244474533,LeaderAccept
1785244474520,true,1785244474561,LeaderAccept
1785244474546,false,1785244474588,LeaderAccept
1785244474574,true,1785244474616,LeaderAccept
1785244474603,true,1785244474644,LeaderAccept
1785244474631,true,1785244474672,LeaderAccept
1785244474659,false,1785244474701,LeaderAccept
1785244474688,true,1785244474729,LeaderAccept
1785244474718,false,1785244474758,LeaderAccept
1785244474747,false,1785244474788,LeaderAccept
1785244474778,true,1785244474819,LeaderAccept
1785244474809,true,1785244474850,LeaderAccept
1785244474840,true,1785244474882,LeaderAccept
1785244474871,true,1785244474912,LeaderAccept
1785244474904,true,1785244474946,LeaderAccept
1785244474936,false,1785244474978,LeaderAccept
1785244474970,true,1785244475011,LeaderAccept
1785244475004,true,1785244475045,LeaderAccept
1785244475038,true,1785244475080,LeaderAccept
1785244475073,true,1785244475114,LeaderAccept
1785244475108,false,1785244475149,LeaderAccept
1785244475144,false,1785244475185,LeaderAccept
1785244475182,false,1785244475223,LeaderAccept
1785244475219,false,1785244475260,LeaderAccept
1785244475257,true,1785244475298,LeaderAccept
1785244475297,false,1785244475338,LeaderAccept
1785244475337,true,1785244475378,LeaderAccept
1785244475377,true,1785244475419,LeaderAccept
1785244475418,true,1785244475460,LeaderAccept
1785244475461,false,1785244475502,LeaderAccept
1785244475504,false,1785244475545,LeaderAccept
1785244475547,false,1785244475588,LeaderAccept
1785244475592,false,1785244475634,LeaderAccept
1785244475639,false,1785244475680,LeaderAccept
1785244475686,false,1785244475727,LeaderAccept
1785244475733,false,1785244475775,LeaderAccept
1785244475783,false,1785244475825,LeaderAccept
1785244475834,true,1785244475875,LeaderAccept
1785244475885,true,1785244475926,LeaderAccept
1785244475939,true,1785244475980,LeaderAccept
1785244475994,true,1785244476035,LeaderAccept
1785244476049,true,1785244476090,LeaderAccept
1785244476106,false,1785244476147,LeaderAccept
1785244476166,false,1785244476207,LeaderAccept
1785244476226,false,1785244476266,LeaderAccept
1785244476289,true,1785244476330,LeaderAccept
1785244476354,false,1785244476395,LeaderAccept
1785244476420,true,1785244476461,LeaderAccept
1785244476488,false,1785244476530,LeaderAccept
1785244476559,false,1785244476600,LeaderAccept
1785244476632,false,1785244476674,LeaderAccept
1785244476709,true,1785244476750,LeaderAccept
1785244476788,true,1785244476829,LeaderAccept
1785244476871,true,1785244476912,LeaderAccept
1785244476956,true,1785244476998,LeaderAccept
1785244477046,false,1785244477087,LeaderAccept
1785244477139,false,1785244477181,LeaderAccept
1785244477237,false,1785244477279,LeaderAccept
1785244477340,true,1785244477382,LeaderAccept
1785244477449,false,1785244477490,LeaderAccept
1785244477563,true,1785244477604,LeaderAccept
1785244477685,false,1785244477726,LeaderAccept
1785244477812,false,1785244477854,LeaderAccept
1785244477949,false,1785244477990,LeaderAccept
1785244478095,true,1785244478137,LeaderAccept
1785244478252,true,1785244478294,LeaderAccept
1785244478423,true,1785244478464,LeaderAccept
1785244478609,false,1785244478650,LeaderAccept
1785244478811,false,1785244478853,LeaderAccept
1785244479035,false,1785244479077,LeaderAccept
1785244479286,true,1785244479328,LeaderAccept
1785244479570,false,1785244479612,LeaderAccept
1785244479897,false,1785244479938,LeaderAccept
1785244480282,true,1785244480324,LeaderAccept
1785244480749,false,1785244480791,LeaderAccept
1785244481338,true,1785244481391,LeaderAccept
1785244482128,true,1785244482167,FastAccept
1785244483303,true,1785244483341,FastAccept
1785244485413,true,1785244485451,FastAccept
1785244491435,true,1785244491477,LeaderAccept
1785244491452,true,1785244491493,LeaderAccept
1785244491467,true,1785244491508,LeaderAccept
1785244491483,true,1785244491524,LeaderAccept
1785244491500,false,1785244491540,LeaderAccept
1785244491515,true,1785244491556,LeaderAccept
1785244491531,true,1785244491572,LeaderAccept
1785244491547,false,1785244491588,LeaderAccept
1785244491565,false,1785244491606,LeaderAccept
1785244491581,true,1785244491622,LeaderAccept
1785244491599,false,1785244491640,LeaderAccept
1785244491615,true,1785244491656,LeaderAccept
1785244491632,true,1785244491673,LeaderAccept
1785244491649,false,1785244491690,LeaderAccept
1785244491666,true,1785244491707,LeaderAccept
1785244491684,true,1785244491725,LeaderAccept
1785244491701,true,1785244491742,LeaderAccept
1785244491719,true,1785244491760,LeaderAccept
1785244491737,false,1785244491778,LeaderAccept
1785244491755,true,1785244491796,LeaderAccept
1785244491773,true,1785244491814,LeaderAccept
1785244491791,false,1785244491832,LeaderAccept
1785244491811,false,1785244491851,LeaderAccept
1785244491829,false,1785244491870,LeaderAccept
1785244491848,true,1785244491889,LeaderAccept
1785244491868,true,1785244491908,LeaderAccept
1785244491887,true,1785244491928,LeaderAccept
1785244491907,false,1785244491947,LeaderAccept
1785244491926,false,1785244491968,LeaderAccept
1785244491946,true,1785244491987,LeaderAccept
1785244491966,true,1785244492008,LeaderAccept
1785244491987,false,1785244492028,LeaderAccept
1785244492008,true,1785244492049,LeaderAccept
1785244492028,false,1785244492069,LeaderAccept
1785244492048,false,1785244492089,LeaderAccept
1785244492069,false,1785244492110,LeaderAccept
1785244492090,false,1785244492131,LeaderAccept
1785244492111,true,1785244492152,LeaderAccept
1785244492134,true,1785244492175,LeaderAccept
1785244492155,true,1785244492196,LeaderAccept
1785244492177,false,1785244492218,LeaderAccept
1785244492200,false,1785244492240,LeaderAccept
1785244492222,true,1785244492263,LeaderAccept
1785244492245,false,1785244492287,LeaderAccept
1785244492268,true,1785244492309,LeaderAccept
1785244492291,false,1785244492332,LeaderAccept
1785244492314,true,1785244492356,LeaderAccept
1785244492338,true,1785244492380,LeaderAccept
1785244492363,false,1785244492404,LeaderAccept
1785244492387,true,1785244492429,LeaderAccept
1785244492412,true,1785244492454,LeaderAccept
1785244492437,false,1785244492478,LeaderAccept
1785244492462,true,1785244492503,LeaderAccept
1785244492488,true,1785244492528,LeaderAccept
1785244492513,true,1785244492554,LeaderAccept
1785244492540,true,1785244492581,LeaderAccept
1785244492567,true,1785244492608,LeaderAccept
1785244492593,false,1785244492635,LeaderAccept
1785244492620,false,1785244492661,LeaderAccept
1785244492648,true,1785244492689,LeaderAccept
1785244492676,false,1785244492717,LeaderAccept
1785244492704,false,1785244492745,LeaderAccept
1785244492733,false,1785244492774,LeaderAccept
1785244492762,true,1785244492804,LeaderAccept
1785244492792,false,1785244492833,LeaderAccept
1785244492823,false,1785244492864,LeaderAccept
1785244492853,false,1785244492895,LeaderAccept
1785244492884,true,1785244492925,LeaderAccept
1785244492915,true,1785244492956,LeaderAccept
1785244492947,true,1785244492988,LeaderAccept
1785244492980,true,1785244493021,LeaderAccept
1785244493012,true,1785244493054,LeaderAccept
1785244493046,true,1785244493087,LeaderAccept
1785244493081,true,1785244493122,LeaderAccept
1785244493115,false,1785244493157,LeaderAccept
1785244493150,true,1785244493191,LeaderAccept
1785244493185,true,1785244493226,LeaderAccept
1785244493221,false,1785244493262,LeaderAccept
1785244493258,true,1785244493299,LeaderAccept
1785244493296,true,1785244493337,LeaderAccept
1785244493335,true,1785244493375,LeaderAccept
1785244493373,true,1785244493415,LeaderAccept
1785244493414,false,1785244493455,LeaderAccept
1785244493454,true,1785244493495,LeaderAccept
1785244493495,false,1785244493537,LeaderAccept
1785244493538,true,1785244493579,LeaderAccept
1785244493581,true,1785244493622,LeaderAccept
1785244493625,true,1785244493666,LeaderAccept
1785244493671,true,1785244493712,LeaderAccept
1785244493717,false,1785244493758,LeaderAccept
1785244493764,true,1785244493805,LeaderAccept
1785244493812,true,1785244493853,LeaderAccept
1785244493861,true,1785244493903,LeaderAccept
1785244493912,false,1785244493953,LeaderAccept
1785244493963,false,1785244494005,LeaderAccept
1785244494017,false,1785244494058,LeaderAccept
1785244494071,true,1785244494113,LeaderAccept
1785244494127,false,1785244494169,LeaderAccept
1785244494184,false,1785244494226,LeaderAccept
1785244494243,false,1785244494284,LeaderAccept
1785244494304,false,1785244494346,LeaderAccept
1785244494368,true,1785244494409,LeaderAccept
1785244494432,true,1785244494475,LeaderAccept
1785244494500,true,1785244494542,LeaderAccept
1785244494569,false,1785244494611,LeaderAccept
1785244494640,true,1785244494682,LeaderAccept
1785244494714,false,1785244494755,LeaderAccept
1785244494792,false,1785244494833,LeaderAccept
1785244494872,true,1785244494913,LeaderAccept
1785244494954,true,1785244494996,LeaderAccept
1785244495040,false,1785244495082,LeaderAccept
1785244495131,false,1785244495173,LeaderAccept
1785244495225,true,1785244495267,LeaderAccept
1785244495324,false,1785244495366,LeaderAccept
1785244495428,false,1785244495470,LeaderAccept
1785244495537,false,1785244495579,LeaderAccept
1785244495652,true,1785244495694,LeaderAccept
1785244495775,true,1785244495817,LeaderAccept
1785244495905,true,1785244495946,LeaderAccept
1785244496043,false,1785244496085,LeaderAccept
1785244496191,false,1785244496233,LeaderAccept
1785244496351,false,1785244496393,LeaderAccept
1785244496525,true,1785244496566,LeaderAccept
1785244496714,false,1785244496755,LeaderAccept
1785244496920,true,1785244496961,LeaderAccept
1785244497150,false,1785244497191,LeaderAccept
1785244497407,true,1785244497448,LeaderAccept
1785244497699,false,1785244497740,LeaderAccept
1785244498036,false,1785244498078,LeaderAccept
1785244498437,true,1785244498478,LeaderAccept
1785244498925,false,1785244498966,LeaderAccept
1785244499547,true,1785244499588,LeaderAccept
1785244500395,false,1785244500437,LeaderAccept
1785244501693,true,1785244501734,LeaderAccept
1785244504173,true,1785244504214,LeaderAccept
1785244512740,false,1785244512779,FastAccept
1785244513210,true,1785244513260,LeaderAccept
1785244513241,true,1785244513287,LeaderAccept
1785244513272,true,1785244513321,LeaderAccept
1785244513303,false,1785244513344,LeaderAccept
1785244513335,true,1785244513376,LeaderAccept
1785244513367,false,1785244513408,LeaderAccept
1785244513399,true,1785244513440,LeaderAccept
1785244513432,true,1785244513474,LeaderAccept
1785244513466,false,1785244513507,LeaderAccept
1785244513500,false,1785244513541,LeaderAccept
1785244513534,false,1785244513576,LeaderAccept
1785244513569,true,1785244513609,LeaderAccept
1785244513605,false,1785244513646,LeaderAccept
1785244513642,true,1785244513683,LeaderAccept
1785244513680,true,1785244513721,LeaderAccept
1785244513717,false,1785244513759,LeaderAccept
1785244513757,false,1785244513798,LeaderAccept
1785244513796,true,1785244513837,LeaderAccept
1785244513836,true,1785244513878,LeaderAccept
1785244513877,false,1785244513919,LeaderAccept
1785244513920,false,1785244513960,LeaderAccept
1785244513962,false,1785244514004,LeaderAccept
1785244514006,false,1785244514047,LeaderAccept
1785244514051,false,1785244514092,LeaderAccept
1785244514096,true,1785244514138,LeaderAccept
1785244514143,true,1785244514184,LeaderAccept
1785244514190,true,1785244514232,LeaderAccept
1785244514238,true,1785244514280,LeaderAccept
1785244514289,false,1785244514330,LeaderAccept
1785244514339,true,1785244514381,LeaderAccept
1785244514391,false,1785244514433,LeaderAccept
1785244514445,true,1785244514486,LeaderAccept
1785244514500,false,1785244514541,LeaderAccept
1785244514556,true,1785244514598,LeaderAccept
1785244514615,true,1785244514656,LeaderAccept
1785244514675,false,1785244514716,LeaderAccept
1785244514736,false,1785244514777,LeaderAccept
1785244514799,true,1785244514841,LeaderAccept
1785244514866,false,1785244514908,LeaderAccept
1785244514933,true,1785244514975,LeaderAccept
1785244515003,true,1785244515045,LeaderAccept
1785244515075,true,1785244515117,LeaderAccept
1785244515151,false,1785244515192,LeaderAccept
1785244515228,true,1785244515269,LeaderAccept
1785244515310,true,1785244515351,LeaderAccept
1785244515394,false,1785244515436,LeaderAccept
1785244515482,false,1785244515523,LeaderAccept
1785244515575,false,1785244515616,LeaderAccept
1785244515671,true,1785244515713,LeaderAccept
1785244515772,false,1785244515814,LeaderAccept
1785244515878,true,1785244515920,LeaderAccept
1785244515990,true,1785244516032,LeaderAccept
1785244516108,true,1785244516150,LeaderAccept
1785244516233,true,1785244516275,LeaderAccept
1785244516366,false,1785244516407,LeaderAccept
1785244516509,false,1785244516550,LeaderAccept
1785244516662,false,1785244516703,LeaderAccept
1785244516826,true,1785244516868,LeaderAccept
1785244517005,false,1785244517046,LeaderAccept
1785244517201,false,1785244517242,LeaderAccept
1785244517417,false,1785244517458,LeaderAccept
1785244517656,true,1785244517698,LeaderAccept
1785244517927,true,1785244517968,LeaderAccept
1785244518236,false,1785244518278,LeaderAccept
1785244518597,false,1785244518639,LeaderAccept
1785244519028,true,1785244519070,LeaderAccept
1785244519563,false,1785244519602,FastAccept
1785244520262,false,1785244520301,FastAccept
1785244521255,true,1785244521294,FastAccept
1785244522883,false,1785244522922,FastAccept
1785244526554,false,1785244526596,LeaderAccept
1785244549193,true,1785244549235,LeaderAccept
1785244549211,true,1785244549252,LeaderAccept
1785244549227,true,1785244549268,LeaderAccept
1785244549244,true,1785244549286,LeaderAccept
1785244549261,true,1785244549303,LeaderAccept
1785244549278,false,1785244549320,LeaderAccept
1785244549296,true,1785244549339,LeaderAccept
1785244549314,true,1785244549356,LeaderAccept
1785244549331,true,1785244549373,LeaderAccept
1785244549349,false,1785244549392,LeaderAccept
1785244549367,true,1785244549408,LeaderAccept
1785244549386,true,1785244549427,LeaderAccept
1785244549404,false,1785244549445,LeaderAccept
1785244549423,false,1785244549464,LeaderAccept
1785244549441,true,1785244549482,LeaderAccept
1785244549460,true,1785244549501,LeaderAccept
1785244549480,false,1785244549521,LeaderAccept
1785244549499,true,1785244549540,LeaderAccept
1785244549518,false,1785244549559,LeaderAccept
1785244549538,true,1785244549578,LeaderAccept
1785244549557,true,1785244549598,LeaderAccept
1785244549578,false,1785244549619,LeaderAccept
1785244549598,false,1785244549639,LeaderAccept
1785244549619,true,1785244549660,LeaderAccept
1785244549639,true,1785244549680,LeaderAccept
1785244549659,true,1785244549701,LeaderAccept
1785244549680,false,1785244549722,LeaderAccept
1785244549702,false,1785244549742,LeaderAccept
1785244549723,true,1785244549764,LeaderAccept
1785244549744,false,1785244549786,LeaderAccept
1785244549765,true,1785244549806,LeaderAccept
1785244549788,true,1785244549829,LeaderAccept
1785244549810,true,1785244549851,LeaderAccept
1785244549832,false,1785244549873,LeaderAccept
1785244549855,false,1785244549896,LeaderAccept
1785244549877,true,1785244549918,LeaderAccept
1785244549900,false,1785244549941,LeaderAccept
1785244549923,false,1785244549964,LeaderAccept
1785244549948,false,1785244549989,LeaderAccept
1785244549972,true,1785244550012,LeaderAccept
1785244549995,false,1785244550036,LeaderAccept
1785244550019,true,1785244550060,LeaderAccept
1785244550044,false,1785244550085,LeaderAccept
1785244550070,false,1785244550111,LeaderAccept
1785244550095,false,1785244550137,LeaderAccept
1785244550120,false,1785244550161,LeaderAccept
1785244550147,false,1785244550188,LeaderAccept
1785244550173,true,1785244550215,LeaderAccept
1785244550199,false,1785244550241,LeaderAccept
1785244550227,true,1785244550269,LeaderAccept
1785244550255,true,1785244550296,LeaderAccept
1785244550282,false,1785244550323,LeaderAccept
1785244550310,false,1785244550351,LeaderAccept
1785244550338,true,1785244550379,LeaderAccept
1785244550366,false,1785244550407,LeaderAccept
1785244550396,true,1785244550437,LeaderAccept
1785244550425,true,1785244550466,LeaderAccept
1785244550455,false,1785244550496,LeaderAccept
1785244550485,true,1785244550526,LeaderAccept
1785244550516,false,1785244550557,LeaderAccept
1785244550547,false,1785244550588,LeaderAccept
1785244550580,true,1785244550621,LeaderAccept
1785244550612,true,1785244550653,LeaderAccept
1785244550645,true,1785244550686,LeaderAccept
1785244550679,false,1785244550720,LeaderAccept
1785244550712,false,1785244550753,LeaderAccept
1785244550746,false,1785244550787,LeaderAccept
1785244550781,false,1785244550823,LeaderAccept
1785244550817,true,1785244550858,LeaderAccept
1785244550854,true,1785244550895,LeaderAccept
1785244550891,true,1785244550931,LeaderAccept
1785244550928,true,1785244550969,LeaderAccept
1785244550966,true,1785244551007,LeaderAccept
1785244551005,true,1785244551047,LeaderAccept
1785244551046,false,1785244551087,LeaderAccept
1785244551087,false,1785244551128,LeaderAccept
1785244551128,true,1785244551169,LeaderAccept
1785244551170,true,1785244551211,LeaderAccept
1785244551213,true,1785244551254,LeaderAccept
1785244551257,false,1785244551299,LeaderAccept
1785244551302,false,1785244551344,LeaderAccept
1785244551348,true,1785244551389,LeaderAccept
1785244551396,true,1785244551437,LeaderAccept
1785244551444,true,1785244551485,LeaderAccept
1785244551492,true,1785244551534,LeaderAccept
1785244551543,false,1785244551584,LeaderAccept
1785244551594,true,1785244551636,LeaderAccept
1785244551647,true,1785244551689,LeaderAccept
1785244551701,false,1785244551742,LeaderAccept
1785244551758,false,1785244551799,LeaderAccept
1785244551815,true,1785244551856,LeaderAccept
1785244551875,false,1785244551916,LeaderAccept
1785244551935,true,1785244551977,LeaderAccept
1785244551998,true,1785244552039,LeaderAccept
1785244552062,true,1785244552104,LeaderAccept
1785244552129,true,1785244552170,LeaderAccept
1785244552198,true,1785244552240,LeaderAccept
1785244552270,true,1785244552311,LeaderAccept
1785244552343,false,1785244552385,LeaderAccept
1785244552420,false,1785244552462,LeaderAccept
1785244552499,false,1785244552541,LeaderAccept
1785244552582,false,1785244552623,LeaderAccept
1785244552668,false,1785244552709,LeaderAccept
1785244552759,false,1785244552800,LeaderAccept
1785244552852,false,1785244552894,LeaderAccept
1785244552951,true,1785244552992,LeaderAccept
1785244553054,false,1785244553096,LeaderAccept
1785244553163,true,1785244553205,LeaderAccept
1785244553278,true,1785244553320,LeaderAccept
1785244553399,false,1785244553441,LeaderAccept
1785244553528,true,1785244553570,LeaderAccept
1785244553666,false,1785244553708,LeaderAccept
1785244553814,true,1785244553855,LeaderAccept
1785244553973,false,1785244554014,LeaderAccept
1785244554144,true,1785244554186,LeaderAccept
1785244554331,true,1785244554373,LeaderAccept
1785244554536,false,1785244554578,LeaderAccept
1785244554763,true,1785244554805,LeaderAccept
1785244555017,true,1785244555056,FastAccept
1785244555305,true,1785244555347,LeaderAccept
1785244555639,true,1785244555680,LeaderAccept
1785244556033,false,1785244556074,LeaderAccept
1785244556511,true,1785244556553,LeaderAccept
1785244557118,true,1785244557160,LeaderAccept
1785244557941,true,1785244557983,LeaderAccept
1785244559183,false,1785244559222,FastAccept
1785244561490,true,1785244561529,FastAccept
1785244568802,true,1785244568843,LeaderAccept
1785244584985,false,1785244585025,LeaderAccept
1785244585013,true,1785244585055,LeaderAccept
1785244585042,false,1785244585084,LeaderAccept
1785244585073,false,1785244585114,LeaderAccept
1785244585104,true,1785244585145,LeaderAccept
1785244585134,true,1785244585175,LeaderAccept
1785244585165,false,1785244585207,LeaderAccept
1785244585198,true,1785244585239,LeaderAccept
1785244585230,false,1785244585271,LeaderAccept
1785244585262,false,1785244585304,LeaderAccept
1785244585295,true,1785244585336,LeaderAccept
1785244585328,false,1785244585369,LeaderAccept
1785244585363,true,1785244585404,LeaderAccept
1785244585397,true,1785244585438,LeaderAccept
1785244585432,false,1785244585473,LeaderAccept
1785244585468,false,1785244585509,LeaderAccept
1785244585505,false,1785244585546,LeaderAccept
1785244585541,false,1785244585583,LeaderAccept
1785244585580,false,1785244585621,LeaderAccept
1785244585619,false,1785244585660,LeaderAccept
1785244585659,false,1785244585700,LeaderAccept
1785244585699,false,1785244585740,LeaderAccept
1785244585739,true,1785244585781,LeaderAccept
1785244585781,true,1785244585822,LeaderAccept
1785244585824,false,1785244585864,LeaderAccept
1785244585867,true,1785244585909,LeaderAccept
1785244585911,true,1785244585953,LeaderAccept
1785244585956,false,1785244585997,LeaderAccept
1785244586002,true,1785244586044,LeaderAccept
1785244586049,false,1785244586091,LeaderAccept
1785244586097,true,1785244586139,LeaderAccept
1785244586146,false,1785244586187,LeaderAccept
1785244586196,false,1785244586237,LeaderAccept
1785244586249,false,1785244586290,LeaderAccept
1785244586302,true,1785244586343,LeaderAccept
1785244586357,true,1785244586399,LeaderAccept
1785244586413,true,1785244586455,LeaderAccept
1785244586471,true,1785244586512,LeaderAccept
1785244586530,true,1785244586572,LeaderAccept
1785244586592,true,1785244586633,LeaderAccept
1785244586655,true,1785244586697,LeaderAccept
1785244586721,false,1785244586762,LeaderAccept
1785244586789,false,1785244586830,LeaderAccept
1785244586859,false,1785244586900,LeaderAccept
1785244586930,false,1785244586972,LeaderAccept
1785244587005,false,1785244587047,LeaderAccept
1785244587083,true,1785244587125,LeaderAccept
1785244587164,true,1785244587206,LeaderAccept
1785244587248,false,1785244587287,FastAccept
1785244587335,false,1785244587374,FastAccept
1785244587426,true,1785244587466,FastAccept
1785244587522,true,1785244587568,FastAccept
1785244587622,false,1785244587661,FastAccept
1785244587727,true,1785244587766,FastAccept
1785244587839,false,1785244587900,LeaderAccept
1785244587955,true,1785244587994,FastAccept
1785244588079,false,1785244588118,FastAccept
1785244588211,false,1785244588265,LeaderAccept
1785244588353,true,1785244588392,FastAccept
1785244588503,true,1785244588542,FastAccept
1785244588667,false,1785244588705,FastAccept
1785244588843,true,1785244588882,FastAccept
1785244589037,false,1785244589075,FastAccept
1785244589249,true,1785244589288,FastAccept
1785244589484,false,1785244589523,FastAccept
1785244589749,true,1785244589788,FastAccept
1785244590051,true,1785244590090,FastAccept
1785244590403,true,1785244590442,FastAccept
1785244590821,true,1785244590860,FastAccept
1785244591338,true,1785244591377,FastAccept
1785244592006,true,1785244592045,FastAccept
1785244592937,true,1785244592976,FastAccept
1785244594422,false,1785244594461,FastAccept
1785244597538,false,1785244597577,FastAccept
1785244612336,false,1785244612401,SlowAccept
