request_time,write,response_time,accept_status
1785244012157,false,1785244012198,LeaderAccept
1785244012733,true,1785244012775,LeaderAccept
1785244012764,true,1785244012805,LeaderAccept
1785244012795,false,1785244012836,LeaderAccept
1785244012827,true,1785244012868,LeaderAccept
1785244012858,true,1785244012900,LeaderAccept
1785244012890,true,1785244012931,LeaderAccept
1785244012924,true,1785244012965,LeaderAccept
1785244012957,true,1785244012999,LeaderAccept
1785244012992,true,1785244013033,LeaderAccept
1785244013027,false,1785244013067,LeaderAccept
1785244013061,false,1785244013103,LeaderAccept
1785244013097,false,1785244013138,LeaderAccept
1785244013133,true,1785244013174,LeaderAccept
1785244013170,true,1785244013210,LeaderAccept
1785244013209,true,1785244013250,LeaderAccept
1785244013248,true,1785244013288,LeaderAccept
1785244013287,false,1785244013328,LeaderAccept
1785244013327,false,1785244013367,LeaderAccept
1785244013367,false,1785244013408,LeaderAccept
1785244013409,false,1785244013451,LeaderAccept
1785244013452,true,1785244013493,LeaderAccept
1785244013496,true,1785244013537,LeaderAccept
1785244013540,false,1785244013582,LeaderAccept
1785244013586,true,1785244013627,LeaderAccept
1785244013633,false,1785244013674,LeaderAccept
1785244013680,true,1785244013721,LeaderAccept
1785244013729,false,1785244013770,LeaderAccept
1785244013779,true,1785244013820,LeaderAccept
1785244013830,true,1785244013871,LeaderAccept
1785244013882,true,1785244013923,LeaderAccept
1785244013936,true,1785244013976,LeaderAccept
1785244013990,false,1785244014031,LeaderAccept
1785244014047,false,1785244014088,LeaderAccept
1785244014105,true,1785244014146,LeaderAccept
1785244014165,true,1785244014206,LeaderAccept
1785244014227,true,1785244014268,LeaderAccept
1785244014291,false,1785244014332,LeaderAccept
1785244014356,false,1785244014397,LeaderAccept
1785244014424,false,1785244014465,LeaderAccept
1785244014493,false,1785244014534,LeaderAccept
1785244014565,false,1785244014606,LeaderAccept
1785244014639,true,1785244014681,LeaderAccept
1785244014716,false,1785244014757,LeaderAccept
1785244014797,false,1785244014838,LeaderAccept
1785244014881,true,1785244014922,LeaderAccept
1785244014967,true,1785244015008,LeaderAccept
1785244015059,true,1785244015100,LeaderAccept
1785244015153,true,1785244015194,LeaderAccept
1785244015254,true,1785244015295,LeaderAccept
1785244015358,false,1785244015400,LeaderAccept
1785244015469,true,1785244015510,LeaderAccept
1785244015586,false,1785244015627,LeaderAccept
1785244015709,true,1785244015750,LeaderAccept
1785244015841,true,1785244015883,LeaderAccept
1785244015981,true,1785244016022,LeaderAccept
1785244016132,true,1785244016173,LeaderAccept
1785244016293,false,1785244016335,LeaderAccept
1785244016469,true,1785244016510,LeaderAccept
1785244016661,true,1785244016702,LeaderAccept
1785244016872,true,1785244016913,LeaderAccept
1785244017105,false,1785244017146,LeaderAccept
1785244017369,false,1785244017409,LeaderAccept
1785244017669,true,1785244017709,LeaderAccept
1785244018018,true,1785244018058,FastAccept
1785244018433,false,1785244018498,LeaderAccept
1785244018943,true,1785244018984,LeaderAccept
1785244019600,false,1785244019641,LeaderAccept
1785244020513,false,1785244020554,LeaderAccept
1785244021953,true,1785244021994,LeaderAccept
1785244024911,false,1785244024952,LeaderAccept
1785244029032,false,1785244029073,LeaderAccept
1785244029064,true,1785244029104,LeaderAccept
1785244029097,false,1785244029138,LeaderAccept
1785244029131,false,1785244029172,LeaderAccept
1785244029164,false,1785244029205,LeaderAccept
1785244029198,true,1785244029239,LeaderAccept
1785244029233,false,1785244029275,LeaderAccept
1785244029268,true,1785244029309,LeaderAccept
1785244029305,true,1785244029346,LeaderAccept
1785244029342,false,1785244029383,LeaderAccept
1785244029379,false,1785244029421,LeaderAccept
1785244029417,true,1785244029458,LeaderAccept
1785244029456,false,1785244029497,LeaderAccept
1785244029496,true,1785244029538,LeaderAccept
1785244029535,true,1785244029577,LeaderAccept
1785244029577,true,1785244029618,LeaderAccept
1785244029618,true,1785244029659,LeaderAccept
1785244029660,true,1785244029701,LeaderAccept
1785244029704,true,1785244029744,LeaderAccept
1785244029749,true,1785244029789,LeaderAccept
1785244029795,true,1785244029835,LeaderAccept
1785244029842,false,1785244029883,LeaderAccept
1785244029889,true,1785244029931,LeaderAccept
1785244029939,false,1785244029980,LeaderAccept
1785244029988,false,1785244030029,LeaderAccept
1785244030040,true,1785244030081,LeaderAccept
1785244030092,false,1785244030133,LeaderAccept
1785244030146,true,1785244030186,LeaderAccept
1785244030201,true,1785244030242,LeaderAccept
1785244030257,true,1785244030298,LeaderAccept
1785244030315,true,1785244030356,LeaderAccept
1785244030375,false,1785244030417,LeaderAccept
1785244030436,true,1785244030477,LeaderAccept
1785244030500,true,1785244030541,LeaderAccept
1785244030566,true,1785244030608,LeaderAccept
1785244030633,false,1785244030674,LeaderAccept
1785244030704,false,1785244030744,LeaderAccept
1785244030777,false,1785244030818,LeaderAccept
1785244030852,true,1785244030893,LeaderAccept
1785244030930,false,1785244030971,LeaderAccept
1785244031010,true,1785244031051,LeaderAccept
1785244031095,false,1785244031135,LeaderAccept
1785244031183,true,1785244031224,LeaderAccept
1785244031274,false,1785244031315,LeaderAccept
1785244031371,true,1785244031411,LeaderAccept
1785244031472,true,1785244031512,LeaderAccept
1785244031578,false,1785244031619,LeaderAccept
1785244031689,false,1785244031730,LeaderAccept
1785244031808,false,1785244031848,LeaderAccept
1785244031933,false,1785244031974,LeaderAccept
1785244032065,false,1785244032107,LeaderAccept
1785244032207,false,1785244032248,LeaderAccept
1785244032360,true,1785244032400,LeaderAccept
1785244032525,false,1785244032566,LeaderAccept
1785244032704,true,1785244032744,LeaderAccept
1785244032899,false,1785244032940,LeaderAccept
1785244033115,true,1785244033156,LeaderAccept
1785244033355,false,1785244033396,LeaderAccept
1785244033624,false,1785244033665,LeaderAccept
1785244033933,false,1785244033972,FastAccept
1785244034292,true,1785244034332,FastAccept
1785244034723,true,1785244034762,FastAccept
1785244035256,true,1785244035295,FastAccept
1785244035951,true,1785244035991,FastAccept
1785244036936,false,1785244036976,FastAccept
1785244038547,true,1785244038606,LeaderAccept
1785244042148,false,1785244042189,LeaderAccept
1785244063945,false,1785244063985,FastAccept
1785244092850,true,1785244092891,LeaderAccept
1785244092882,true,1785244092923,LeaderAccept
1785244092915,true,1785244092956,LeaderAccept
1785244092949,true,1785244092989,LeaderAccept
1785244092982,false,1785244093023,LeaderAccept
1785244093017,false,1785244093057,LeaderAccept
1785244093052,false,1785244093092,LeaderAccept
1785244093088,true,1785244093129,LeaderAccept
1785244093123,true,1785244093164,LeaderAccept
1785244093160,true,1785244093201,LeaderAccept
1785244093197,false,1785244093237,LeaderAccept
1785244093235,false,1785244093276,LeaderAccept
1785244093273,true,1785244093315,LeaderAccept
1785244093312,false,1785244093353,LeaderAccept
1785244093352,true,1785244093393,LeaderAccept
1785244093393,true,1785244093434,LeaderAccept
1785244093434,false,1785244093475,LeaderAccept
1785244093477,true,1785244093519,LeaderAccept
1785244093521,true,1785244093562,LeaderAccept
1785244093566,false,1785244093607,LeaderAccept
1785244093611,true,1785244093653,LeaderAccept
1785244093657,true,1785244093699,LeaderAccept
1785244093706,true,1785244093747,LeaderAccept
1785244093754,false,1785244093795,LeaderAccept
1785244093804,true,1785244093846,LeaderAccept
1785244093856,true,1785244093897,LeaderAccept
1785244093909,true,1785244093950,LeaderAccept
1785244093964,true,1785244094005,LeaderAccept
1785244094020,false,1785244094061,LeaderAccept
1785244094077,false,1785244094118,LeaderAccept
1785244094135,false,1785244094177,LeaderAccept
1785244094196,true,1785244094236,LeaderAccept
1785244094258,false,1785244094299,LeaderAccept
1785244094322,true,1785244094363,LeaderAccept
1785244094388,false,1785244094429,LeaderAccept
1785244094457,true,1785244094498,LeaderAccept
1785244094528,true,1785244094569,LeaderAccept
1785244094601,false,1785244094642,LeaderAccept
1785244094677,true,1785244094718,LeaderAccept
1785244094756,false,1785244094796,LeaderAccept
1785244094838,true,1785244094878,LeaderAccept
1785244094923,true,1785244094964,LeaderAccept
1785244095012,true,1785244095053,LeaderAccept
1785244095104,false,1785244095146,LeaderAccept
1785244095201,true,1785244095243,LeaderAccept
1785244095303,false,1785244095344,LeaderAccept
1785244095411,true,1785244095452,LeaderAccept
1785244095524,false,1785244095565,LeaderAccept
1785244095644,false,1785244095684,LeaderAccept
1785244095771,false,1785244095812,LeaderAccept
1785244095905,true,1785244095946,LeaderAccept
1785244096050,false,1785244096091,LeaderAccept
1785244096204,false,1785244096246,LeaderAccept
1785244096372,true,1785244096413,LeaderAccept
1785244096555,false,1785244096596,LeaderAccept
1785244096754,false,1785244096795,LeaderAccept
1785244096975,true,1785244097016,LeaderAccept
1785244097221,false,1785244097262,LeaderAccept
1785244097499,true,1785244097539,LeaderAccept
1785244097818,true,1785244097859,LeaderAccept
1785244098191,true,1785244098232,LeaderAccept
1785244098641,true,1785244098682,LeaderAccept
1785244099205,false,1785244099246,LeaderAccept
1785244099951,true,1785244099991,LeaderAccept
1785244101035,false,1785244101076,LeaderAccept
1785244102896,true,1785244102938,LeaderAccept
1785244107617,true,1785244107657,LeaderAccept
1785244137248,true,1785244137289,LeaderAccept
1785244137276,true,1785244137325,LeaderAccept
1785244137304,false,1785244137345,LeaderAccept
1785244137333,false,1785244137373,LeaderAccept
1785244137361,true,1785244137402,LeaderAccept
1785244137391,true,1785244137432,LeaderAccept
1785244137420,true,1785244137460,LeaderAccept
1785244137449,true,1785244137490,LeaderAccept
1785244137480,true,1785244137520,LeaderAccept
1785244137511,false,1785244137551,LeaderAccept
1785244137542,false,1785244137582,LeaderAccept
1785244137575,true,1785244137615,LeaderAccept
1785244137607,false,1785244137647,LeaderAccept
1785244137639,true,1785244137679,LeaderAccept
1785244137672,true,1785244137713,LeaderAccept
1785244137707,false,1785244137747,LeaderAccept
1785244137740,true,1785244137781,LeaderAccept
1785244137775,true,1785244137816,LeaderAccept
1785244137810,true,1785244137851,LeaderAccept
1785244137847,true,1785244137888,LeaderAccept
1785244137883,false,1785244137924,LeaderAccept
1785244137920,false,1785244137961,LeaderAccept
1785244137959,true,1785244138000,LeaderAccept
1785244137998,true,1785244138039,LeaderAccept
1785244138037,false,1785244138078,LeaderAccept
1785244138078,false,1785244138119,LeaderAccept
1785244138118,true,1785244138159,LeaderAccept
1785244138160,false,1785244138201,LeaderAccept
1785244138202,true,1785244138243,LeaderAccept
1785244138245,false,1785244138286,LeaderAccept
1785244138289,false,1785244138331,LeaderAccept
1785244138334,false,1785244138375,LeaderAccept
1785244138380,true,1785244138421,LeaderAccept
1785244138427,false,1785244138468,LeaderAccept
1785244138477,false,1785244138517,LeaderAccept
1785244138526,true,1785244138568,LeaderAccept
1785244138577,false,1785244138619,LeaderAccept
1785244138630,false,1785244138670,LeaderAccept
1785244138684,false,1785244138724,LeaderAccept
1785244138739,true,1785244138780,LeaderAccept
1785244138796,false,1785244138836,LeaderAccept
1785244138854,false,1785244138895,LeaderAccept
1785244138914,false,1785244138955,LeaderAccept
1785244138975,true,1785244139016,LeaderAccept
1785244139039,true,1785244139080,LeaderAccept
1785244139104,false,1785244139145,LeaderAccept
1785244139172,true,1785244139213,LeaderAccept
1785244139243,false,1785244139286,LeaderAccept
1785244139316,true,1785244139358,LeaderAccept
1785244139391,false,1785244139432,LeaderAccept
1785244139469,true,1785244139510,LeaderAccept
1785244139550,true,1785244139592,LeaderAccept
1785244139635,false,1785244139675,LeaderAccept
1785244139723,false,1785244139764,LeaderAccept
1785244139815,true,1785244139856,LeaderAccept
1785244139911,false,1785244139952,LeaderAccept
1785244140013,false,1785244140053,LeaderAccept
1785244140119,true,1785244140160,LeaderAccept
1785244140231,true,1785244140272,LeaderAccept
1785244140348,true,1785244140390,LeaderAccept
1785244140473,false,1785244140514,LeaderAccept
1785244140606,true,1785244140647,LeaderAccept
1785244140749,false,1785244140790,LeaderAccept
1785244140901,false,1785244140942,LeaderAccept
1785244141067,false,1785244141108,LeaderAccept
1785244141246,true,1785244141287,LeaderAccept
1785244141441,false,1785244141482,LeaderAccept
1785244141657,true,1785244141697,LeaderAccept
1785244141896,true,1785244141938,LeaderAccept
1785244142166,true,1785244142207,LeaderAccept
1785244142474,true,1785244142516,LeaderAccept
1785244142834,false,1785244142874,LeaderAccept
1785244143265,true,1785244143306,LeaderAccept
1785244143799,true,1785244143839,LeaderAccept
1785244144496,true,1785244144537,LeaderAccept
1785244145485,false,1785244145525,LeaderAccept
1785244147103,false,1785244147144,LeaderAccept
1785244150738,false,1785244150785,LeaderAccept
1785244173103,true,1785244173144,LeaderAccept
1785244180605,true,1785244180646,LeaderAccept
1785244180620,true,1785244180662,LeaderAccept
1785244180636,true,1785244180677,LeaderAccept
1785244180652,true,1785244180693,LeaderAccept
1785244180669,false,1785244180712,LeaderAccept
1785244180686,true,1785244180727,LeaderAccept
1785244180702,true,1785244180742,LeaderAccept
1785244180719,true,1785244180760,LeaderAccept
1785244180736,true,1785244180778,LeaderAccept
1785244180753,false,1785244180794,LeaderAccept
1785244180770,false,1785244180810,LeaderAccept
1785244180786,true,1785244180828,LeaderAccept
1785244180804,true,1785244180845,LeaderAccept
1785244180822,false,1785244180862,LeaderAccept
1785244180840,false,1785244180880,LeaderAccept
1785244180858,false,1785244180899,LeaderAccept
1785244180876,true,1785244180916,LeaderAccept
1785244180893,false,1785244180934,LeaderAccept
1785244180912,true,1785244180953,LeaderAccept
1785244180930,true,1785244180971,LeaderAccept
1785244180948,true,1785244180989,LeaderAccept
1785244180966,true,1785244181006,LeaderAccept
1785244180985,true,1785244181026,LeaderAccept
1785244181003,true,1785244181045,LeaderAccept
1785244181022,true,1785244181063,LeaderAccept
1785244181041,true,1785244181082,LeaderAccept
1785244181061,true,1785244181102,LeaderAccept
1785244181081,false,1785244181123,LeaderAccept
1785244181099,true,1785244181139,LeaderAccept
1785244181118,false,1785244181160,LeaderAccept
1785244181137,true,1785244181178,LeaderAccept
1785244181158,false,1785244181198,LeaderAccept
1785244181178,true,1785244181219,LeaderAccept
1785244181198,true,1785244181239,LeaderAccept
1785244181219,false,1785244181259,LeaderAccept
1785244181240,true,1785244181281,LeaderAccept
1785244181261,true,1785244181302,LeaderAccept
1785244181282,false,1785244181322,LeaderAccept
1785244181303,false,1785244181344,LeaderAccept
1785244181325,true,1785244181365,LeaderAccept
1785244181347,false,1785244181387,LeaderAccept
1785244181368,true,1785244181409,LeaderAccept
1785244181391,true,1785244181431,LeaderAccept
1785244181414,false,1785244181455,LeaderAccept
1785244181437,false,1785244181478,LeaderAccept
1785244181459,false,1785244181501,LeaderAccept
1785244181483,false,1785244181523,LeaderAccept
1785244181506,true,1785244181547,LeaderAccept
1785244181529,true,1785244181571,LeaderAccept
1785244181553,true,1785244181595,LeaderAccept
1785244181577,false,1785244181618,LeaderAccept
1785244181602,true,1785244181643,LeaderAccept
1785244181626,false,1785244181667,LeaderAccept
1785244181652,false,1785244181692,LeaderAccept
1785244181677,false,1785244181718,LeaderAccept
1785244181704,true,1785244181744,LeaderAccept
1785244181729,true,1785244181770,LeaderAccept
1785244181756,true,1785244181797,LeaderAccept
1785244181782,true,1785244181823,LeaderAccept
1785244181810,false,1785244181851,LeaderAccept
1785244181838,true,1785244181879,LeaderAccept
1785244181865,false,1785244181906,LeaderAccept
1785244181893,false,1785244181934,LeaderAccept
1785244181921,true,1785244181962,LeaderAccept
1785244181950,false,1785244181991,LeaderAccept
1785244181980,false,1785244182021,LeaderAccept
1785244182009,false,1785244182051,LeaderAccept
1785244182039,false,1785244182080,LeaderAccept
1785244182069,false,1785244182110,LeaderAccept
1785244182100,true,1785244182142,LeaderAccept
1785244182131,false,1785244182173,LeaderAccept
1785244182164,true,1785244182205,LeaderAccept
1785244182197,false,1785244182237,LeaderAccept
1785244182230,false,1785244182271,LeaderAccept
1785244182263,false,1785244182304,LeaderAccept
1785244182298,false,1785244182339,LeaderAccept
1785244182333,false,1785244182374,LeaderAccept
1785244182367,false,1785244182408,LeaderAccept
1785244182404,false,1785244182445,LeaderAccept
1785244182440,false,1785244182481,LeaderAccept
1785244182477,false,1785244182519,LeaderAccept
1785244182515,true,1785244182557,LeaderAccept
1785244182554,false,1785244182594,LeaderAccept
1785244182593,true,1785244182633,LeaderAccept
1785244182633,false,1785244182673,LeaderAccept
1785244182673,false,1785244182713,LeaderAccept
1785244182714,false,1785244182755,LeaderAccept
1785244182756,true,1785244182797,LeaderAccept
1785244182799,true,1785244182840,LeaderAccept
1785244182843,false,1785244182884,LeaderAccept
1785244182889,true,1785244182930,LeaderAccept
1785244182936,false,1785244182976,LeaderAccept
1785244182983,true,1785244183024,LeaderAccept
1785244183031,false,1785244183073,LeaderAccept
1785244183080,true,1785244183122,LeaderAccept
1785244183130,true,1785244183171,LeaderAccept
1785244183183,true,1785244183223,LeaderAccept
1785244183236,true,1785244183277,LeaderAccept
1785244183291,true,1785244183332,LeaderAccept
1785244183347,true,1785244183388,LeaderAccept
1785244183404,true,1785244183446,LeaderAccept
1785244183464,true,1785244183505,LeaderAccept
1785244183525,false,1785244183565,LeaderAccept
1785244183588,false,1785244183629,LeaderAccept
1785244183652,false,1785244183693,LeaderAccept
1785244183720,false,1785244183761,LeaderAccept
1785244183789,false,1785244183830,LeaderAccept
1785244183860,false,1785244183901,LeaderAccept
1785244183935,false,1785244183975,LeaderAccept
1785244184012,false,1785244184053,LeaderAccept
1785244184091,true,1785244184132,LeaderAccept
1785244184175,false,1785244184216,LeaderAccept
1785244184262,false,1785244184303,LeaderAccept
1785244184353,false,1785244184394,LeaderAccept
1785244184448,false,1785244184489,LeaderAccept
1785244184547,false,1785244184587,LeaderAccept
1785244184651,false,1785244184692,LeaderAccept
1785244184760,false,1785244184801,LeaderAccept
1785244184875,false,1785244184916,LeaderAccept
1785244184998,true,1785244185038,LeaderAccept
1785244185128,true,1785244185169,LeaderAccept
1785244185267,true,1785244185308,LeaderAccept
1785244185415,false,1785244185457,LeaderAccept
1785244185575,true,1785244185616,LeaderAccept
1785244185749,false,1785244185790,LeaderAccept
1785244185937,false,1785244185978,LeaderAccept
1785244186144,true,1785244186185,LeaderAccept
1785244186375,false,1785244186416,LeaderAccept
1785244186633,true,1785244186673,LeaderAccept
1785244186926,false,1785244186967,LeaderAccept
1785244187265,false,1785244187305,FastAccept
1785244187668,false,1785244187706,FastAccept
1785244188158,false,1785244188197,FastAccept
1785244188786,false,1785244188825,FastAccept
1785244189645,true,1785244189684,FastAccept
1785244190963,false,1785244191003,FastAccept
1785244193512,false,1785244193551,FastAccept
1785244202620,false,1785244202662,LeaderAccept
1785244226541,false,1785244226582,LeaderAccept
1785244226557,false,1785244226598,LeaderAccept
1785244226574,true,1785244226615,LeaderAccept
1785244226590,false,1785244226632,LeaderAccept
1785244226607,false,1785244226647,LeaderAccept
1785244226624,false,1785244226664,LeaderAccept
1785244226641,false,1785244226681,LeaderAccept
1785244226658,false,1785244226698,LeaderAccept
1785244226675,true,1785244226715,LeaderAccept
1785244226691,false,1785244226732,LeaderAccept
1785244226709,false,1785244226750,LeaderAccept
1785244226726,false,1785244226767,LeaderAccept
1785244226745,false,1785244226785,LeaderAccept
1785244226763,true,1785244226804,LeaderAccept
1785244226780,true,1785244226821,LeaderAccept
1785244226798,true,1785244226839,LeaderAccept
1785244226816,false,1785244226857,LeaderAccept
1785244226834,false,1785244226875,LeaderAccept
1785244226852,true,1785244226893,LeaderAccept
1785244226871,false,1785244226911,LeaderAccept
1785244226889,false,1785244226930,LeaderAccept
1785244226908,false,1785244226949,LeaderAccept
1785244226928,false,1785244226968,LeaderAccept
1785244226946,true,1785244226987,LeaderAccept
1785244226965,true,1785244227007,LeaderAccept
1785244226985,true,1785244227027,LeaderAccept
1785244227005,false,1785244227047,LeaderAccept
1785244227026,false,1785244227067,LeaderAccept
1785244227047,true,1785244227087,LeaderAccept
1785244227067,true,1785244227107,LeaderAccept
1785244227087,true,1785244227127,LeaderAccept
1785244227107,true,1785244227148,LeaderAccept
1785244227129,false,1785244227169,LeaderAccept
1785244227150,false,1785244227191,LeaderAccept
1785244227171,true,1785244227212,LeaderAccept
1785244227194,false,1785244227235,LeaderAccept
1785244227217,true,1785244227257,LeaderAccept
1785244227240,false,1785244227280,LeaderAccept
1785244227262,false,1785244227303,LeaderAccept
1785244227285,true,1785244227325,LeaderAccept
1785244227307,true,1785244227348,LeaderAccept
1785244227331,false,1785244227371,LeaderAccept
1785244227355,false,1785244227396,LeaderAccept
1785244227378,true,1785244227419,LeaderAccept
1785244227402,false,1785244227443,LeaderAccept
1785244227426,false,1785244227467,LeaderAccept
1785244227451,true,1785244227492,LeaderAccept
1785244227476,true,1785244227517,LeaderAccept
1785244227501,false,1785244227541,LeaderAccept
1785244227526,false,1785244227567,LeaderAccept
1785244227552,true,1785244227592,LeaderAccept
1785244227578,true,1785244227619,LeaderAccept
1785244227604,false,1785244227645,LeaderAccept
1785244227632,false,1785244227673,LeaderAccept
1785244227659,false,1785244227700,LeaderAccept
1785244227687,false,1785244227727,LeaderAccept
1785244227714,true,1785244227755,LeaderAccept
1785244227743,false,1785244227783,LeaderAccept
1785244227772,true,1785244227813,LeaderAccept
1785244227800,true,1785244227841,LeaderAccept
1785244227830,true,1785244227871,LeaderAccept
1785244227859,true,1785244227900,LeaderAccept
1785244227890,true,1785244227931,LeaderAccept
1785244227920,false,1785244227961,LeaderAccept
1785244227951,false,1785244227992,LeaderAccept
1785244227983,false,1785244228023,LeaderAccept
1785244228015,true,1785244228055,LeaderAccept
1785244228047,false,1785244228088,LeaderAccept
1785244228080,false,1785244228121,LeaderAccept
1785244228113,false,1785244228154,LeaderAccept
1785244228147,false,1785244228188,LeaderAccept
1785244228183,true,1785244228223,LeaderAccept
1785244228218,false,1785244228259,LeaderAccept
1785244228255,false,1785244228295,LeaderAccept
1785244228292,false,1785244228333,LeaderAccept
1785244228330,true,1785244228370,LeaderAccept
1785244228367,false,1785244228408,LeaderAccept
1785244228406,true,1785244228446,LeaderAccept
1785244228444,true,1785244228485,LeaderAccept
1785244228485,false,1785244228525,LeaderAccept
1785244228525,true,1785244228566,LeaderAccept
1785244228566,true,1785244228606,LeaderAccept
1785244228608,false,1785244228649,LeaderAccept
1785244228651,false,1785244228691,LeaderAccept
1785244228696,false,1785244228737,LeaderAccept
1785244228742,false,1785244228783,LeaderAccept
1785244228788,false,1785244228830,LeaderAccept
1785244228836,false,1785244228876,LeaderAccept
1785244228885,true,1785244228926,LeaderAccept
1785244228935,false,1785244228976,LeaderAccept
1785244228986,false,1785244229027,LeaderAccept
1785244229038,true,1785244229079,LeaderAccept
1785244229091,true,1785244229132,LeaderAccept
1785244229147,true,1785244229187,LeaderAccept
1785244229203,false,1785244229243,LeaderAccept
1785244229261,true,1785244229302,LeaderAccept
1785244229321,false,1785244229364,LeaderAccept
1785244229382,true,1785244229423,LeaderAccept
1785244229445,false,1785244229486,LeaderAccept
1785244229510,false,1785244229551,LeaderAccept
1785244229578,true,1785244229619,LeaderAccept
1785244229647,true,1785244229688,LeaderAccept
1785244229719,true,1785244229761,LeaderAccept
1785244229793,false,1785244229834,LeaderAccept
1785244229870,true,1785244229912,LeaderAccept
1785244229950,false,1785244229992,LeaderAccept
1785244230034,false,1785244230075,LeaderAccept
1785244230122,false,1785244230162,LeaderAccept
1785244230213,true,1785244230254,LeaderAccept
1785244230307,true,1785244230348,LeaderAccept
1785244230407,true,1785244230448,LeaderAccept
1785244230512,false,1785244230553,LeaderAccept
1785244230622,false,1785244230663,LeaderAccept
1785244230739,false,1785244230779,LeaderAccept
1785244230862,false,1785244230903,LeaderAccept
1785244230993,false,1785244231034,LeaderAccept
1785244231134,false,1785244231175,LeaderAccept
1785244231285,false,1785244231326,LeaderAccept
1785244231446,false,1785244231487,LeaderAccept
1785244231622,false,1785244231663,LeaderAccept
1785244231814,false,1785244231855,LeaderAccept
1785244232025,false,1785244232066,LeaderAccept
1785244232258,false,1785244232299,LeaderAccept
1785244232521,true,1785244232561,LeaderAccept
1785244232821,false,1785244232862,LeaderAccept
1785244233169,true,1785244233208,FastAccept
1785244233582,false,1785244233621,FastAccept
1785244234090,false,1785244234129,FastAccept
1785244234743,true,1785244234791,LeaderAccept
1785244235650,false,1785244235690,LeaderAccept
1785244237076,true,1785244237122,LeaderAccept
1785244239983,true,1785244240024,FastAccept
1785244251983,false,1785244252032,LeaderAccept
1785244251999,true,1785244252040,LeaderAccept
1785244252014,false,1785244252054,LeaderAccept
1785244252030,true,1785244252071,LeaderAccept
1785244252045,false,1785244252086,LeaderAccept
1785244252061,false,1785244252102,LeaderAccept
1785244252077,false,1785244252118,LeaderAccept
1785244252092,false,1785244252133,LeaderAccept
1785244252109,true,1785244252150,LeaderAccept
1785244252125,true,1785244252165,LeaderAccept
1785244252140,false,1785244252181,LeaderAccept
1785244252157,true,1785244252197,LeaderAccept
1785244252174,true,1785244252214,LeaderAccept
1785244252191,true,1785244252232,LeaderAccept
1785244252207,false,1785244252248,LeaderAccept
1785244252225,false,1785244252266,LeaderAccept
1785244252242,true,1785244252283,LeaderAccept
1785244252259,true,1785244252300,LeaderAccept
1785244252277,true,1785244252318,LeaderAccept
1785244252294,true,1785244252335,LeaderAccept
1785244252312,false,1785244252353,LeaderAccept
1785244252330,false,1785244252371,LeaderAccept
1785244252348,false,1785244252389,LeaderAccept
1785244252366,true,1785244252407,LeaderAccept
1785244252384,false,1785244252424,LeaderAccept
1785244252403,true,1785244252444,LeaderAccept
1785244252422,false,1785244252463,LeaderAccept
1785244252441,true,1785244252481,LeaderAccept
1785244252459,false,1785244252500,LeaderAccept
1785244252478,false,1785244252519,LeaderAccept
1785244252498,true,1785244252538,LeaderAccept
1785244252517,true,1785244252557,LeaderAccept
1785244252537,true,1785244252577,LeaderAccept
1785244252556,true,1785244252597,LeaderAccept
1785244252576,true,1785244252617,LeaderAccept
1785244252596,true,1785244252637,LeaderAccept
1785244252616,false,1785244252657,LeaderAccept
1785244252636,false,1785244252677,LeaderAccept
1785244252656,false,1785244252696,LeaderAccept
1785244252677,false,1785244252717,LeaderAccept
1785244252697,true,1785244252737,LeaderAccept
1785244252718,false,1785244252759,LeaderAccept
1785244252740,true,1785244252780,LeaderAccept
1785244252762,true,1785244252802,LeaderAccept
1785244252783,false,1785244252824,LeaderAccept
1785244252805,true,1785244252846,LeaderAccept
1785244252827,true,1785244252869,LeaderAccept
1785244252849,false,1785244252890,LeaderAccept
1785244252871,false,1785244252911,LeaderAccept
1785244252894,true,1785244252935,LeaderAccept
1785244252918,true,1785244252958,LeaderAccept
1785244252941,true,1785244252981,LeaderAccept
1785244252965,false,1785244253005,LeaderAccept
1785244252989,true,1785244253030,LeaderAccept
1785244253014,true,1785244253055,LeaderAccept
1785244253038,false,1785244253079,LeaderAccept
1785244253063,false,1785244253105,LeaderAccept
1785244253088,true,1785244253129,LeaderAccept
1785244253114,true,1785244253155,LeaderAccept
1785244253139,false,1785244253180,LeaderAccept
1785244253166,true,1785244253206,LeaderAccept
1785244253193,true,1785244253233,LeaderAccept
1785244253219,true,1785244253260,LeaderAccept
1785244253247,true,1785244253288,LeaderAccept
1785244253274,true,1785244253315,LeaderAccept
1785244253302,false,1785244253342,LeaderAccept
1785244253330,true,1785244253370,LeaderAccept
1785244253359,true,1785244253399,LeaderAccept
1785244253388,false,1785244253429,LeaderAccept
1785244253417,true,1785244253457,LeaderAccept
1785244253447,true,1785244253488,LeaderAccept
1785244253478,true,1785244253518,LeaderAccept
1785244253508,false,1785244253549,LeaderAccept
1785244253540,false,1785244253580,LeaderAccept
1785244253572,true,1785244253613,LeaderAccept
1785244253604,true,1785244253645,LeaderAccept
1785244253637,false,1785244253678,LeaderAccept
1785244253669,true,1785244253710,LeaderAccept
1785244253702,true,1785244253743,LeaderAccept
1785244253737,true,1785244253777,LeaderAccept
1785244253772,false,1785244253812,LeaderAccept
1785244253806,false,1785244253847,LeaderAccept
1785244253843,false,1785244253883,LeaderAccept
1785244253879,false,1785244253920,LeaderAccept
1785244253916,false,1785244253957,LeaderAccept
1785244253954,true,1785244253995,LeaderAccept
1785244253992,true,1785244254033,LeaderAccept
1785244254032,false,1785244254072,LeaderAccept
1785244254072,false,1785244254113,LeaderAccept
1785244254113,true,1785244254153,LeaderAccept
1785244254154,true,1785244254195,LeaderAccept
1785244254197,false,1785244254237,LeaderAccept
1785244254241,true,1785244254281,LeaderAccept
1785244254285,true,1785244254327,LeaderAccept
1785244254331,true,1785244254372,LeaderAccept
1785244254377,false,1785244254418,LeaderAccept
1785244254425,false,1785244254466,LeaderAccept
1785244254474,false,1785244254515,LeaderAccept
1785244254524,true,1785244254564,LeaderAccept
1785244254575,false,1785244254615,LeaderAccept
1785244254627,true,1785244254667,LeaderAccept
1785244254680,true,1785244254721,LeaderAccept
1785244254736,false,1785244254777,LeaderAccept
1785244254792,false,1785244254833,LeaderAccept
1785244254851,true,1785244254892,LeaderAccept
1785244254911,true,1785244254952,LeaderAccept
1785244254973,true,1785244255014,LeaderAccept
1785244255036,false,1785244255078,LeaderAccept
1785244255102,true,1785244255143,LeaderAccept
1785244255170,false,1785244255210,LeaderAccept
1785244255240,false,1785244255281,LeaderAccept
1785244255312,true,1785244255353,LeaderAccept
1785244255386,true,1785244255427,LeaderAccept
1785244255464,true,1785244255505,LeaderAccept
1785244255544,false,1785244255585,LeaderAccept
1785244255629,true,1785244255670,LeaderAccept
1785244255717,false,1785244255758,LeaderAccept
1785244255809,false,1785244255850,LeaderAccept
1785244255905,false,1785244255947,LeaderAccept
1785244256004,true,1785244256046,LeaderAccept
1785244256109,false,1785244256150,LeaderAccept
1785244256221,true,1785244256261,LeaderAccept
1785244256339,true,1785244256379,LeaderAccept
1785244256463,false,1785244256503,LeaderAccept
1785244256596,true,1785244256637,LeaderAccept
1785244256736,false,1785244256777,LeaderAccept
1785244256888,false,1785244256929,LeaderAccept
1785244257052,true,1785244257093,LeaderAccept
1785244257229,true,1785244257270,LeaderAccept
1785244257422,false,1785244257462,LeaderAccept
1785244257635,false,1785244257675,LeaderAccept
1785244257872,false,1785244257913,LeaderAccept
1785244258138,false,1785244258180,LeaderAccept
1785244258442,false,1785244258484,LeaderAccept
1785244258795,false,1785244258836,LeaderAccept
1785244259218,false,1785244259258,LeaderAccept
1785244259739,false,1785244259780,LeaderAccept
1785244260415,true,1785244260456,LeaderAccept
1785244261361,true,1785244261402,LeaderAccept
1785244262878,true,1785244262920,FastAccept
1785244266118,true,1785244266159,LeaderAccept
1785244274227,false,1785244274269,LeaderAccept
1785244274242,true,1785244274283,LeaderAccept
1785244274256,false,1785244274297,LeaderAccept
1785244274271,false,1785244274312,LeaderAccept
1785244274285,true,1785244274326,LeaderAccept
1785244274300,false,1785244274341,LeaderAccept
1785244274315,false,1785244274356,LeaderAccept
1785244274331,true,1785244274372,LeaderAccept
1785244274346,true,1785244274387,LeaderAccept
1785244274362,true,1785244274403,LeaderAccept
1785244274377,true,1785244274418,LeaderAccept
1785244274392,false,1785244274433,LeaderAccept
1785244274408,false,1785244274449,LeaderAccept
1785244274424,false,1785244274464,LeaderAccept
1785244274440,false,1785244274480,LeaderAccept
1785244274455,true,1785244274496,LeaderAccept
1785244274472,true,1785244274512,LeaderAccept
1785244274487,false,1785244274529,LeaderAccept
1785244274504,true,1785244274545,LeaderAccept
1785244274520,true,1785244274561,LeaderAccept
1785244274538,false,1785244274578,LeaderAccept
1785244274554,true,1785244274595,LeaderAccept
1785244274572,true,1785244274612,LeaderAccept
1785244274589,true,1785244274630,LeaderAccept
1785244274606,false,1785244274647,LeaderAccept
1785244274623,true,1785244274665,LeaderAccept
1785244274641,false,1785244274681,LeaderAccept
1785244274659,false,1785244274699,LeaderAccept
1785244274677,true,1785244274717,LeaderAccept
1785244274694,true,1785244274735,LeaderAccept
1785244274713,true,1785244274754,LeaderAccept
1785244274732,true,1785244274773,LeaderAccept
1785244274750,true,1785244274790,LeaderAccept
1785244274770,true,1785244274810,LeaderAccept
1785244274789,false,1785244274829,LeaderAccept
1785244274807,false,1785244274848,LeaderAccept
1785244274827,true,1785244274867,LeaderAccept
1785244274845,true,1785244274886,LeaderAccept
1785244274865,true,1785244274907,LeaderAccept
1785244274884,true,1785244274925,LeaderAccept
1785244274904,true,1785244274944,LeaderAccept
1785244274925,false,1785244274965,LeaderAccept
1785244274944,false,1785244274985,LeaderAccept
1785244274965,true,1785244275005,LeaderAccept
1785244274985,true,1785244275026,LeaderAccept
1785244275005,false,1785244275046,LeaderAccept
1785244275027,false,1785244275068,LeaderAccept
1785244275049,false,1785244275090,LeaderAccept
1785244275070,false,1785244275111,LeaderAccept
1785244275092,true,1785244275132,LeaderAccept
1785244275114,false,1785244275154,LeaderAccept
1785244275136,true,1785244275177,LeaderAccept
1785244275159,false,1785244275200,LeaderAccept
1785244275181,true,1785244275222,LeaderAccept
1785244275204,false,1785244275245,LeaderAccept
1785244275227,true,1785244275268,LeaderAccept
1785244275251,true,1785244275292,LeaderAccept
1785244275275,false,1785244275316,LeaderAccept
1785244275299,true,1785244275340,LeaderAccept
1785244275324,false,1785244275365,LeaderAccept
1785244275348,false,1785244275389,LeaderAccept
1785244275373,false,1785244275414,LeaderAccept
1785244275398,true,1785244275439,LeaderAccept
1785244275424,false,1785244275465,LeaderAccept
1785244275449,true,1785244275490,LeaderAccept
1785244275476,true,1785244275516,LeaderAccept
1785244275502,false,1785244275542,LeaderAccept
1785244275529,false,1785244275569,LeaderAccept
1785244275555,false,1785244275596,LeaderAccept
1785244275583,false,1785244275624,LeaderAccept
1785244275611,false,1785244275652,LeaderAccept
1785244275639,true,1785244275680,LeaderAccept
1785244275667,true,1785244275708,LeaderAccept
1785244275697,false,1785244275737,LeaderAccept
1785244275727,false,1785244275768,LeaderAccept
1785244275756,false,1785244275797,LeaderAccept
1785244275786,true,1785244275827,LeaderAccept
1785244275817,false,1785244275857,LeaderAccept
1785244275847,false,1785244275888,LeaderAccept
1785244275879,true,1785244275920,LeaderAccept
1785244275910,true,1785244275950,LeaderAccept
1785244275943,true,1785244275984,LeaderAccept
1785244275975,false,1785244276016,LeaderAccept
1785244276009,false,1785244276049,LeaderAccept
1785244276042,true,1785244276083,LeaderAccept
1785244276076,false,1785244276117,LeaderAccept
1785244276111,true,1785244276152,LeaderAccept
1785244276147,true,1785244276187,LeaderAccept
1785244276183,true,1785244276224,LeaderAccept
1785244276221,true,1785244276261,LeaderAccept
1785244276258,true,1785244276299,LeaderAccept
1785244276297,true,1785244276337,LeaderAccept
1785244276336,true,1785244276377,LeaderAccept
1785244276377,false,1785244276417,LeaderAccept
1785244276417,true,1785244276457,LeaderAccept
1785244276459,true,1785244276499,LeaderAccept
1785244276500,true,1785244276542,LeaderAccept
1785244276543,false,1785244276584,LeaderAccept
1785244276588,true,1785244276629,LeaderAccept
1785244276633,true,1785244276674,LeaderAccept
1785244276678,true,1785244276718,LeaderAccept
1785244276726,false,1785244276766,LeaderAccept
1785244276773,true,1785244276814,LeaderAccept
1785244276823,false,1785244276863,LeaderAccept
1785244276874,false,1785244276916,LeaderAccept
1785244276926,true,1785244276967,LeaderAccept
1785244276978,true,1785244277020,LeaderAccept
1785244277033,false,1785244277073,LeaderAccept
1785244277088,true,1785244277129,LeaderAccept
1785244277146,false,1785244277187,LeaderAccept
1785244277205,false,1785244277245,LeaderAccept
1785244277266,true,1785244277307,LeaderAccept
1785244277329,false,1785244277369,LeaderAccept
1785244277394,false,1785244277435,LeaderAccept
1785244277461,false,1785244277502,LeaderAccept
1785244277530,true,1785244277570,LeaderAccept
1785244277601,false,1785244277642,LeaderAccept
1785244277675,true,1785244277716,LeaderAccept
1785244277752,false,1785244277792,LeaderAccept
1785244277832,true,1785244277872,LeaderAccept
1785244277915,true,1785244277955,LeaderAccept
1785244278001,true,1785244278044,LeaderAccept
1785244278091,false,1785244278131,LeaderAccept
1785244278185,false,1785244278225,LeaderAccept
1785244278282,false,1785244278323,LeaderAccept
1785244278385,false,1785244278426,LeaderAccept
1785244278494,true,1785244278533,LeaderAccept
1785244278609,false,1785244278650,LeaderAccept
1785244278729,true,1785244278771,LeaderAccept
1785244278857,false,1785244278897,LeaderAccept
1785244278995,true,1785244279035,LeaderAccept
1785244279142,false,1785244279183,LeaderAccept
1785244279300,true,1785244279341,LeaderAccept
1785244279471,false,1785244279512,LeaderAccept
1785244279657,true,1785244279697,LeaderAccept
1785244279860,false,1785244279902,LeaderAccept
1785244280086,true,1785244280127,LeaderAccept
1785244280337,true,1785244280378,LeaderAccept
1785244280624,false,1785244280665,LeaderAccept
1785244280953,true,1785244280994,LeaderAccept
1785244281343,false,1785244281384,LeaderAccept
1785244281815,false,1785244281856,LeaderAccept
1785244282412,true,1785244282453,LeaderAccept
1785244283217,false,1785244283259,LeaderAccept
1785244284420,true,1785244284462,LeaderAccept
1785244286615,false,1785244286655,LeaderAccept
1785244293185,false,1785244293227,FastAccept
1785244303924,false,1785244303965,LeaderAccept
1785244303947,true,1785244303988,LeaderAccept
1785244303972,true,1785244304013,LeaderAccept
1785244303995,false,1785244304036,LeaderAccept
1785244304019,false,1785244304060,LeaderAccept
1785244304044,true,1785244304085,LeaderAccept
1785244304070,false,1785244304110,LeaderAccept
1785244304094,true,1785244304135,LeaderAccept
1785244304119,false,1785244304160,LeaderAccept
1785244304145,true,1785244304186,LeaderAccept
1785244304171,true,1785244304212,LeaderAccept
1785244304197,false,1785244304238,LeaderAccept
1785244304225,true,1785244304266,LeaderAccept
1785244304253,true,1785244304293,LeaderAccept
1785244304281,true,1785244304321,LeaderAccept
1785244304309,true,1785244304350,LeaderAccept
1785244304338,true,1785244304379,LeaderAccept
1785244304367,false,1785244304408,LeaderAccept
1785244304397,false,1785244304438,LeaderAccept
1785244304426,false,1785244304467,LeaderAccept
1785244304457,false,1785244304498,LeaderAccept
1785244304487,true,1785244304529,LeaderAccept
1785244304519,false,1785244304560,LeaderAccept
1785244304550,false,1785244304591,LeaderAccept
1785244304582,false,1785244304622,LeaderAccept
1785244304615,false,1785244304656,LeaderAccept
1785244304647,true,1785244304688,LeaderAccept
1785244304681,true,1785244304722,LeaderAccept
1785244304714,true,1785244304755,LeaderAccept
1785244304749,true,1785244304790,LeaderAccept
1785244304783,false,1785244304825,LeaderAccept
1785244304819,false,1785244304859,LeaderAccept
1785244304855,true,1785244304896,LeaderAccept
1785244304891,false,1785244304931,LeaderAccept
1785244304928,false,1785244304970,LeaderAccept
1785244304967,true,1785244305008,LeaderAccept
1785244305006,false,1785244305047,LeaderAccept
1785244305045,true,1785244305086,LeaderAccept
1785244305085,false,1785244305126,LeaderAccept
1785244305126,true,1785244305167,LeaderAccept
1785244305169,true,1785244305210,LeaderAccept
1785244305212,true,1785244305252,LeaderAccept
1785244305255,false,1785244305296,LeaderAccept
1785244305300,false,1785244305344,LeaderAccept
1785244305345,true,1785244305386,LeaderAccept
1785244305392,false,1785244305432,LeaderAccept
1785244305440,true,1785244305481,LeaderAccept
1785244305489,false,1785244305529,LeaderAccept
1785244305539,false,1785244305579,LeaderAccept
1785244305589,true,1785244305630,LeaderAccept
1785244305641,false,1785244305682,LeaderAccept
1785244305696,true,1785244305736,LeaderAccept
1785244305751,true,1785244305792,LeaderAccept
1785244305808,false,1785244305849,LeaderAccept
1785244305867,true,1785244305908,LeaderAccept
1785244305926,false,1785244305967,LeaderAccept
1785244305988,true,1785244306029,LeaderAccept
1785244306053,true,1785244306094,LeaderAccept
1785244306119,false,1785244306160,LeaderAccept
1785244306187,true,1785244306228,LeaderAccept
1785244306257,true,1785244306298,LeaderAccept
1785244306330,false,1785244306371,LeaderAccept
1785244306405,false,1785244306447,LeaderAccept
1785244306483,false,1785244306524,LeaderAccept
1785244306565,true,1785244306606,LeaderAccept
1785244306650,false,1785244306691,LeaderAccept
1785244306739,false,1785244306781,LeaderAccept
1785244306832,true,1785244306872,LeaderAccept
1785244306929,false,1785244306970,LeaderAccept
1785244307031,true,1785244307072,LeaderAccept
1785244307137,true,1785244307178,LeaderAccept
1785244307250,false,1785244307292,LeaderAccept
1785244307369,true,1785244307410,LeaderAccept
1785244307496,true,1785244307537,LeaderAccept
1785244307630,true,1785244307671,LeaderAccept
1785244307774,false,1785244307815,LeaderAccept
1785244307928,false,1785244307969,LeaderAccept
1785244308095,true,1785244308136,LeaderAccept
1785244308276,false,1785244308318,LeaderAccept
1785244308474,false,1785244308515,LeaderAccept
1785244308693,false,1785244308733,LeaderAccept
1785244308937,true,1785244308978,LeaderAccept
1785244309213,false,1785244309254,LeaderAccept
1785244309529,false,1785244309570,LeaderAccept
1785244309898,true,1785244309940,LeaderAccept
1785244310342,false,1785244310383,LeaderAccept
1785244310896,false,1785244310940,LeaderAccept
1785244311628,false,1785244311673,FastAccept
1785244312682,true,1785244312723,FastAccept
1785244314466,true,1785244314507,FastAccept
1785244315579,true,1785244315621,FastAccept
1785244315606,true,1785244315646,FastAccept
1785244315633,false,1785244315674,FastAccept
1785244315660,true,1785244315701,FastAccept
1785244315687,true,1785244315728,FastAccept
1785244315715,true,1785244315756,FastAccept
1785244315743,true,1785244315785,FastAccept
1785244315772,false,1785244315813,FastAccept
1785244315801,false,1785244315842,FastAccept
1785244315831,true,1785244315873,FastAccept
1785244315860,true,1785244315902,FastAccept
1785244315891,true,1785244315932,FastAccept
1785244315922,true,1785244315963,FastAccept
1785244315952,false,1785244315993,FastAccept
1785244315984,true,1785244316026,FastAccept
1785244316016,false,1785244316057,FastAccept
1785244316048,false,1785244316090,FastAccept
1785244316082,true,1785244316123,FastAccept
1785244316116,true,1785244316158,FastAccept
1785244316150,true,1785244316192,FastAccept
1785244316185,false,1785244316226,FastAccept
1785244316220,true,1785244316261,FastAccept
1785244316256,true,1785244316297,FastAccept
1785244316291,true,1785244316332,FastAccept
1785244316329,false,1785244316370,FastAccept
1785244316367,false,1785244316408,FastAccept
1785244316406,false,1785244316447,FastAccept
1785244316445,false,1785244316487,FastAccept
1785244316485,true,1785244316526,FastAccept
1785244316525,false,1785244316566,FastAccept
1785244316566,false,1785244316607,FastAccept
1785244316608,true,1785244316649,FastAccept
1785244316651,true,1785244316692,FastAccept
1785244316695,false,1785244316736,FastAccept
1785244316740,false,1785244316782,FastAccept
1785244316787,false,1785244316828,FastAccept
1785244316833,true,1785244316874,FastAccept
1785244316882,true,1785244316923,FastAccept
1785244316931,true,1785244316972,FastAccept
1785244316982,false,1785244317023,FastAccept
1785244317033,false,1785244317075,FastAccept
1785244317086,false,1785244317128,FastAccept
1785244317141,false,1785244317182,FastAccept
1785244317197,false,1785244317238,FastAccept
1785244317254,false,1785244317295,FastAccept
1785244317313,false,1785244317355,FastAccept
1785244317374,true,1785244317416,FastAccept
1785244317437,true,1785244317478,FastAccept
1785244317501,false,1785244317542,FastAccept
1785244317568,false,1785244317609,FastAccept
1785244317636,true,1785244317677,FastAccept
1785244317707,false,1785244317748,FastAccept
1785244317781,true,1785244317823,FastAccept
1785244317857,false,1785244317898,FastAccept
1785244317936,true,1785244317978,FastAccept
1785244318019,false,1785244318060,FastAccept
1785244318105,true,1785244318146,FastAccept
1785244318195,true,1785244318236,FastAccept
1785244318289,true,1785244318331,FastAccept
1785244318387,true,1785244318428,FastAccept
1785244318491,true,1785244318532,FastAccept
1785244318600,false,1785244318641,FastAccept
1785244318714,true,1785244318755,FastAccept
1785244318836,true,1785244318877,FastAccept
1785244318964,false,1785244319005,FastAccept
1785244319102,true,1785244319143,FastAccept
1785244319249,false,1785244319291,FastAccept
1785244319407,true,1785244319449,FastAccept
1785244319578,false,1785244319619,FastAccept
1785244319765,false,1785244319806,FastAccept
1785244319969,false,1785244320011,FastAccept
1785244320195,true,1785244320236,FastAccept
1785244320449,false,1785244320490,FastAccept
1785244320737,false,1785244320778,FastAccept
1785244321069,true,1785244321110,FastAccept
1785244321460,true,1785244321501,FastAccept
1785244321935,true,1785244321976,FastAccept
1785244322538,false,1785244322580,FastAccept
1785244323352,true,1785244323393,LeaderAccept
1785244324574,false,1785244324615,LeaderAccept
1785244326825,true,1785244326867,LeaderAccept
1785244333763,false,1785244333804,FastAccept
1785244362871,true,1785244362913,LeaderAccept
1785244362887,false,1785244362927,LeaderAccept
1785244362902,false,1785244362944,LeaderAccept
1785244362918,false,1785244362959,LeaderAccept
1785244362933,true,1785244362974,LeaderAccept
1785244362950,false,1785244362990,LeaderAccept
1785244362966,false,1785244363006,LeaderAccept
1785244362981,false,1785244363022,LeaderAccept
1785244362997,false,1785244363038,LeaderAccept
1785244363014,false,1785244363054,LeaderAccept
1785244363030,false,1785244363071,LeaderAccept
1785244363046,false,1785244363087,LeaderAccept
1785244363063,false,1785244363104,LeaderAccept
1785244363079,false,1785244363120,LeaderAccept
1785244363096,false,1785244363136,LeaderAccept
1785244363112,false,1785244363153,LeaderAccept
1785244363129,false,1785244363170,LeaderAccept
1785244363147,false,1785244363187,LeaderAccept
1785244363165,true,1785244363205,LeaderAccept
1785244363182,false,1785244363223,LeaderAccept
1785244363199,false,1785244363240,LeaderAccept
1785244363217,false,1785244363258,LeaderAccept
1785244363235,false,1785244363276,LeaderAccept
1785244363254,false,1785244363295,LeaderAccept
1785244363272,false,1785244363313,LeaderAccept
1785244363290,true,1785244363331,LeaderAccept
1785244363309,false,1785244363349,LeaderAccept
1785244363327,true,1785244363368,LeaderAccept
1785244363347,false,1785244363386,LeaderAccept
1785244363366,false,1785244363406,LeaderAccept
1785244363384,true,1785244363425,LeaderAccept
1785244363404,false,1785244363445,LeaderAccept
1785244363424,false,1785244363464,LeaderAccept
1785244363444,false,1785244363484,LeaderAccept
1785244363463,false,1785244363504,LeaderAccept
1785244363483,false,1785244363524,LeaderAccept
1785244363503,true,1785244363544,LeaderAccept
1785244363524,true,1785244363564,LeaderAccept
1785244363545,false,1785244363585,LeaderAccept
1785244363566,false,1785244363605,LeaderAccept
1785244363586,false,1785244363626,LeaderAccept
1785244363608,true,1785244363649,LeaderAccept
1785244363630,false,1785244363671,LeaderAccept
1785244363652,true,1785244363692,LeaderAccept
1785244363674,false,1785244363714,LeaderAccept
1785244363696,false,1785244363736,LeaderAccept
1785244363718,false,1785244363758,LeaderAccept
1785244363740,false,1785244363781,LeaderAccept
1785244363762,false,1785244363802,LeaderAccept
1785244363785,false,1785244363825,LeaderAccept
1785244363808,true,1785244363849,LeaderAccept
1785244363832,false,1785244363873,LeaderAccept
1785244363855,false,1785244363896,LeaderAccept
1785244363880,false,1785244363921,LeaderAccept
1785244363905,false,1785244363946,LeaderAccept
1785244363930,false,1785244363972,LeaderAccept
1785244363954,true,1785244363995,LeaderAccept
1785244363979,false,1785244364020,LeaderAccept
1785244364005,true,1785244364045,LeaderAccept
1785244364031,false,1785244364072,LeaderAccept
1785244364058,true,1785244364098,LeaderAccept
1785244364084,true,1785244364125,LeaderAccept
1785244364111,false,1785244364152,LeaderAccept
1785244364138,false,1785244364178,LeaderAccept
1785244364166,true,1785244364206,LeaderAccept
1785244364193,false,1785244364234,LeaderAccept
1785244364221,false,1785244364262,LeaderAccept
1785244364251,false,1785244364291,LeaderAccept
1785244364280,true,1785244364322,LeaderAccept
1785244364310,true,1785244364351,LeaderAccept
1785244364339,false,1785244364381,LeaderAccept
1785244364369,false,1785244364410,LeaderAccept
1785244364399,true,1785244364441,LeaderAccept
1785244364431,false,1785244364472,LeaderAccept
1785244364463,true,1785244364503,LeaderAccept
1785244364495,true,1785244364536,LeaderAccept
1785244364529,false,1785244364570,LeaderAccept
1785244364561,false,1785244364602,LeaderAccept
1785244364595,true,1785244364636,LeaderAccept
1785244364630,false,1785244364670,LeaderAccept
1785244364665,false,1785244364705,LeaderAccept
1785244364701,true,1785244364741,LeaderAccept
1785244364736,false,1785244364777,LeaderAccept
1785244364773,false,1785244364813,LeaderAccept
1785244364810,true,1785244364850,LeaderAccept
1785244364847,false,1785244364888,LeaderAccept
1785244364885,false,1785244364926,LeaderAccept
1785244364925,false,1785244364965,LeaderAccept
1785244364964,true,1785244365006,LeaderAccept
1785244365005,true,1785244365045,LeaderAccept
1785244365048,true,1785244365088,LeaderAccept
1785244365090,true,1785244365131,LeaderAccept
1785244365133,false,1785244365174,LeaderAccept
1785244365177,false,1785244365217,LeaderAccept
1785244365223,false,1785244365263,LeaderAccept
1785244365270,false,1785244365310,LeaderAccept
1785244365317,false,1785244365358,LeaderAccept
1785244365365,true,1785244365406,LeaderAccept
1785244365415,false,1785244365457,LeaderAccept
1785244365466,true,1785244365507,LeaderAccept
1785244365519,true,1785244365561,LeaderAccept
1785244365573,true,1785244365614,LeaderAccept
1785244365628,false,1785244365669,LeaderAccept
1785244365684,true,1785244365727,LeaderAccept
1785244365742,true,1785244365783,LeaderAccept
1785244365802,false,1785244365843,LeaderAccept
1785244365864,false,1785244365905,LeaderAccept
1785244365927,true,1785244365968,LeaderAccept
1785244365992,false,1785244366033,LeaderAccept
1785244366061,false,1785244366101,LeaderAccept
1785244366130,true,1785244366171,LeaderAccept
1785244366203,true,1785244366244,LeaderAccept
1785244366277,false,1785244366319,LeaderAccept
1785244366355,true,1785244366397,LeaderAccept
1785244366436,false,1785244366477,LeaderAccept
1785244366521,true,1785244366562,LeaderAccept
1785244366608,true,1785244366650,LeaderAccept
1785244366701,true,1785244366742,LeaderAccept
1785244366797,true,1785244366838,LeaderAccept
1785244366897,false,1785244366939,LeaderAccept
1785244367003,true,1785244367045,LeaderAccept
1785244367114,true,1785244367155,LeaderAccept
1785244367231,false,1785244367273,LeaderAccept
1785244367357,true,1785244367398,LeaderAccept
1785244367490,false,1785244367530,LeaderAccept
1785244367632,true,1785244367673,LeaderAccept
1785244367783,false,1785244367825,LeaderAccept
1785244367947,true,1785244367988,LeaderAccept
1785244368125,true,1785244368166,LeaderAccept
1785244368320,false,1785244368362,LeaderAccept
1785244368535,true,1785244368576,LeaderAccept
1785244368772,true,1785244368813,LeaderAccept
1785244369041,true,1785244369082,LeaderAccept
1785244369347,true,1785244369388,LeaderAccept
1785244369704,false,1785244369745,LeaderAccept
1785244370130,false,1785244370172,LeaderAccept
1785244370658,true,1785244370699,LeaderAccept
1785244371345,true,1785244371386,LeaderAccept
1785244372313,false,1785244372354,LeaderAccept
1785244373882,false,1785244373933,LeaderAccept
1785244377319,true,1785244377360,FastAccept
1785244379534,true,1785244379575,FastAccept
1785244379559,true,1785244379600,FastAccept
1785244379583,false,1785244379624,FastAccept
1785244379609,true,1785244379650,FastAccept
1785244379635,false,1785244379676,FastAccept
1785244379661,true,1785244379702,FastAccept
1785244379686,false,1785244379728,FastAccept
1785244379713,true,1785244379754,FastAccept
1785244379740,true,1785244379781,FastAccept
1785244379767,true,1785244379809,FastAccept
1785244379794,true,1785244379835,FastAccept
1785244379822,true,1785244379886,LeaderAccept
1785244379850,false,1785244379912,LeaderAccept
1785244379879,true,1785244379938,LeaderAccept
1785244379908,true,1785244379958,LeaderAccept
1785244379937,true,1785244379978,LeaderAccept
1785244379966,false,1785244380007,LeaderAccept
1785244379997,false,1785244380038,LeaderAccept
1785244380027,false,1785244380068,LeaderAccept
1785244380059,true,1785244380100,LeaderAccept
1785244380091,false,1785244380132,LeaderAccept
1785244380122,false,1785244380163,LeaderAccept
1785244380154,true,1785244380195,LeaderAccept
1785244380187,false,1785244380228,LeaderAccept
1785244380220,true,1785244380262,LeaderAccept
1785244380255,false,1785244380295,LeaderAccept
1785244380290,false,1785244380331,LeaderAccept
1785244380324,false,1785244380365,LeaderAccept
1785244380359,false,1785244380401,LeaderAccept
1785244380395,false,1785244380436,LeaderAccept
1785244380432,false,1785244380473,LeaderAccept
1785244380470,false,1785244380510,LeaderAccept
1785244380507,false,1785244380549,LeaderAccept
1785244380547,true,1785244380587,LeaderAccept
1785244380587,true,1785244380627,LeaderAccept
1785244380627,true,1785244380667,LeaderAccept
1785244380669,false,1785244380709,LeaderAccept
1785244380710,false,1785244380752,LeaderAccept
1785244380754,true,1785244380795,LeaderAccept
1785244380797,true,1785244380838,LeaderAccept
1785244380843,false,1785244380884,LeaderAccept
1785244380889,true,1785244380930,LeaderAccept
1785244380936,false,1785244380977,LeaderAccept
1785244380983,true,1785244381025,LeaderAccept
1785244381032,true,1785244381074,LeaderAccept
1785244381083,false,1785244381124,LeaderAccept
1785244381134,false,1785244381175,LeaderAccept
1785244381186,false,1785244381228,LeaderAccept
1785244381241,false,1785244381282,LeaderAccept
1785244381297,true,1785244381338,LeaderAccept
1785244381355,false,1785244381396,LeaderAccept
1785244381414,false,1785244381455,LeaderAccept
1785244381474,true,1785244381516,LeaderAccept
1785244381536,false,1785244381577,LeaderAccept
1785244381601,false,1785244381641,LeaderAccept
1785244381666,false,1785244381707,LeaderAccept
1785244381735,false,1785244381776,LeaderAccept
1785244381805,false,1785244381847,LeaderAccept
1785244381879,true,1785244381921,LeaderAccept
1785244381955,true,1785244381997,LeaderAccept
1785244382034,true,1785244382075,LeaderAccept
1785244382116,true,1785244382158,LeaderAccept
1785244382202,true,1785244382243,LeaderAccept
1785244382292,true,1785244382333,LeaderAccept
1785244382386,false,1785244382428,LeaderAccept
1785244382483,false,1785244382525,LeaderAccept
1785244382586,true,1785244382627,LeaderAccept
1785244382693,false,1785244382735,LeaderAccept
1785244382807,true,1785244382849,LeaderAccept
1785244382927,false,1785244382969,LeaderAccept
1785244383055,true,1785244383096,LeaderAccept
1785244383190,false,1785244383232,LeaderAccept
1785244383335,false,1785244383377,LeaderAccept
1785244383491,false,1785244383533,LeaderAccept
1785244383660,true,1785244383702,LeaderAccept
1785244383844,false,1785244383886,LeaderAccept
1785244384046,false,1785244384087,LeaderAccept
1785244384269,false,1785244384310,FastAccept
1785244384517,true,1785244384558,FastAccept
1785244384798,true,1785244384840,FastAccept
1785244385121,true,1785244385183,LeaderAccept
1785244385502,true,1785244385543,LeaderAccept
1785244385961,false,1785244386002,LeaderAccept
1785244386537,true,1785244386578,LeaderAccept
1785244387307,false,1785244387348,LeaderAccept
1785244388439,false,1785244388480,LeaderAccept
1785244390429,true,1785244390470,LeaderAccept
1785244395812,false,1785244395854,FastAccept
1785244419582,false,1785244419623,FastAccept
1785244419598,false,1785244419639,FastAccept
1785244419614,false,1785244419655,FastAccept
1785244419630,true,1785244419670,FastAccept
1785244419646,false,1785244419686,FastAccept
1785244419661,true,1785244419702,FastAccept
1785244419678,false,1785244419719,FastAccept
1785244419694,true,1785244419734,FastAccept
1785244419710,false,1785244419750,FastAccept
1785244419725,true,1785244419766,FastAccept
1785244419742,true,1785244419783,FastAccept
1785244419759,true,1785244419800,FastAccept
1785244419776,false,1785244419817,FastAccept
1785244419793,true,1785244419834,FastAccept
1785244419809,false,1785244419850,FastAccept
1785244419826,true,1785244419869,FastAccept
1785244419844,false,1785244419885,FastAccept
1785244419862,true,1785244419903,FastAccept
1785244419880,true,1785244419921,FastAccept
1785244419898,false,1785244419939,FastAccept
1785244419916,true,1785244419957,FastAccept
1785244419933,false,1785244419974,FastAccept
1785244419952,true,1785244419993,FastAccept
1785244419970,true,1785244420011,FastAccept
1785244419987,false,1785244420028,FastAccept
1785244420005,false,1785244420047,FastAccept
1785244420025,true,1785244420066,FastAccept
1785244420044,true,1785244420106,LeaderAccept
1785244420063,true,1785244420135,LeaderAccept
1785244420083,false,1785244420123,FastAccept
1785244420103,false,1785244420163,LeaderAccept
1785244420122,false,1785244420183,LeaderAccept
1785244420143,true,1785244420183,FastAccept
1785244420163,false,1785244420203,LeaderAccept
1785244420182,true,1785244420222,LeaderAccept
1785244420202,false,1785244420243,LeaderAccept
1785244420222,true,1785244420262,LeaderAccept
1785244420244,true,1785244420284,LeaderAccept
1785244420265,true,1785244420305,LeaderAccept
1785244420286,false,1785244420326,LeaderAccept
1785244420306,false,1785244420347,LeaderAccept
1785244420327,false,1785244420368,LeaderAccept
1785244420349,true,1785244420389,LeaderAccept
1785244420371,false,1785244420411,LeaderAccept
1785244420392,true,1785244420433,LeaderAccept
1785244420414,true,1785244420455,LeaderAccept
1785244420436,true,1785244420477,LeaderAccept
1785244420459,true,1785244420500,LeaderAccept
1785244420482,false,1785244420524,LeaderAccept
1785244420506,false,1785244420547,LeaderAccept
1785244420529,true,1785244420570,LeaderAccept
1785244420553,true,1785244420594,LeaderAccept
1785244420577,true,1785244420618,LeaderAccept
1785244420601,false,1785244420642,LeaderAccept
1785244420625,true,1785244420666,LeaderAccept
1785244420651,true,1785244420692,LeaderAccept
1785244420676,true,1785244420717,LeaderAccept
1785244420701,false,1785244420742,LeaderAccept
1785244420727,false,1785244420768,LeaderAccept
1785244420754,false,1785244420795,LeaderAccept
1785244420780,true,1785244420823,LeaderAccept
1785244420807,false,1785244420848,LeaderAccept
1785244420834,false,1785244420875,LeaderAccept
1785244420862,true,1785244420902,LeaderAccept
1785244420889,true,1785244420930,LeaderAccept
1785244420918,false,1785244420958,LeaderAccept
1785244420947,false,1785244420988,LeaderAccept
1785244420976,false,1785244421016,LeaderAccept
1785244421005,true,1785244421047,LeaderAccept
1785244421036,true,1785244421076,LeaderAccept
1785244421066,true,1785244421107,LeaderAccept
1785244421097,false,1785244421138,LeaderAccept
1785244421128,true,1785244421170,LeaderAccept
1785244421160,false,1785244421201,LeaderAccept
1785244421192,true,1785244421232,LeaderAccept
1785244421225,true,1785244421267,LeaderAccept
1785244421259,false,1785244421300,LeaderAccept
1785244421293,false,1785244421334,LeaderAccept
1785244421328,true,1785244421369,LeaderAccept
1785244421364,true,1785244421406,LeaderAccept
1785244421400,true,1785244421440,LeaderAccept
1785244421437,true,1785244421478,LeaderAccept
1785244421474,true,1785244421515,LeaderAccept
1785244421512,false,1785244421553,LeaderAccept
1785244421549,false,1785244421591,LeaderAccept
1785244421589,false,1785244421630,LeaderAccept
1785244421629,true,1785244421670,LeaderAccept
1785244421669,false,1785244421711,LeaderAccept
1785244421711,false,1785244421752,LeaderAccept
1785244421753,false,1785244421793,LeaderAccept
1785244421796,false,1785244421837,LeaderAccept
1785244421840,false,1785244421881,LeaderAccept
1785244421884,true,1785244421925,LeaderAccept
1785244421931,true,1785244421972,LeaderAccept
1785244421977,true,1785244422019,LeaderAccept
1785244422025,true,1785244422068,LeaderAccept
1785244422075,false,1785244422117,LeaderAccept
1785244422126,false,1785244422168,LeaderAccept
1785244422178,true,1785244422219,LeaderAccept
1785244422230,true,1785244422271,LeaderAccept
1785244422285,true,1785244422326,LeaderAccept
1785244422341,false,1785244422382,LeaderAccept
1785244422397,true,1785244422438,LeaderAccept
1785244422456,false,1785244422497,LeaderAccept
1785244422517,true,1785244422559,LeaderAccept
1785244422580,false,1785244422621,LeaderAccept
1785244422645,true,1785244422686,LeaderAccept
1785244422712,true,1785244422753,LeaderAccept
1785244422780,true,1785244422822,LeaderAccept
1785244422852,false,1785244422893,LeaderAccept
1785244422926,false,1785244422967,LeaderAccept
1785244423002,true,1785244423043,LeaderAccept
1785244423082,false,1785244423123,LeaderAccept
1785244423165,false,1785244423207,LeaderAccept
1785244423250,false,1785244423292,LeaderAccept
1785244423341,false,1785244423382,LeaderAccept
1785244423435,true,1785244423477,LeaderAccept
1785244423534,true,1785244423575,LeaderAccept
1785244423638,false,1785244423679,LeaderAccept
1785244423747,false,1785244423788,LeaderAccept
1785244423861,true,1785244423903,LeaderAccept
1785244423983,false,1785244424025,LeaderAccept
1785244424112,false,1785244424153,LeaderAccept
1785244424250,false,1785244424292,LeaderAccept
1785244424398,false,1785244424439,LeaderAccept
1785244424557,true,1785244424599,LeaderAccept
1785244424729,false,1785244424771,LeaderAccept
1785244424916,false,1785244424957,LeaderAccept
1785244425121,true,1785244425162,LeaderAccept
1785244425347,true,1785244425389,FastAccept
1785244425602,false,1785244425644,LeaderAccept
1785244425891,false,1785244425933,LeaderAccept
1785244426224,false,1785244426266,LeaderAccept
1785244426617,false,1785244426658,LeaderAccept
1785244427095,true,1785244427137,LeaderAccept
1785244427703,false,1785244427744,LeaderAccept
1785244428526,true,1785244428567,LeaderAccept
1785244429767,false,1785244429808,LeaderAccept
1785244432074,false,1785244432114,LeaderAccept
1785244439380,false,1785244439421,LeaderAccept
1785244475904,true,1785244475945,LeaderAccept
1785244475923,false,1785244475964,LeaderAccept
1785244475944,false,1785244475984,LeaderAccept
1785244475965,false,1785244476005,LeaderAccept
1785244475986,false,1785244476026,LeaderAccept
1785244476006,false,1785244476046,LeaderAccept
1785244476027,false,1785244476068,LeaderAccept
1785244476049,true,1785244476089,LeaderAccept
1785244476071,false,1785244476111,LeaderAccept
1785244476093,false,1785244476133,LeaderAccept
1785244476114,false,1785244476155,LeaderAccept
1785244476137,true,1785244476177,LeaderAccept
1785244476159,true,1785244476200,LeaderAccept
1785244476181,false,1785244476222,LeaderAccept
1785244476204,false,1785244476245,LeaderAccept
1785244476228,true,1785244476269,LeaderAccept
1785244476251,true,1785244476292,LeaderAccept
1785244476275,true,1785244476316,LeaderAccept
1785244476299,false,1785244476340,LeaderAccept
1785244476322,false,1785244476363,LeaderAccept
1785244476346,true,1785244476387,LeaderAccept
1785244476370,true,1785244476411,LeaderAccept
1785244476396,true,1785244476437,LeaderAccept
1785244476421,true,1785244476462,LeaderAccept
1785244476447,false,1785244476488,LeaderAccept
1785244476472,false,1785244476513,LeaderAccept
1785244476499,true,1785244476540,LeaderAccept
1785244476525,true,1785244476566,LeaderAccept
1785244476553,false,1785244476594,LeaderAccept
1785244476581,true,1785244476621,LeaderAccept
1785244476609,true,1785244476649,LeaderAccept
1785244476638,true,1785244476678,LeaderAccept
1785244476666,true,1785244476706,LeaderAccept
1785244476695,true,1785244476735,LeaderAccept
1785244476725,true,1785244476765,LeaderAccept
1785244476755,true,1785244476795,LeaderAccept
1785244476785,false,1785244476826,LeaderAccept
1785244476815,true,1785244476856,LeaderAccept
1785244476847,false,1785244476887,LeaderAccept
1785244476879,false,1785244476919,LeaderAccept
1785244476911,false,1785244476951,LeaderAccept
1785244476943,true,1785244476984,LeaderAccept
1785244476977,true,1785244477018,LeaderAccept
1785244477011,true,1785244477052,LeaderAccept
1785244477044,true,1785244477085,LeaderAccept
1785244477078,false,1785244477118,LeaderAccept
1785244477114,false,1785244477154,LeaderAccept
1785244477150,true,1785244477191,LeaderAccept
1785244477187,true,1785244477227,LeaderAccept
1785244477224,false,1785244477265,LeaderAccept
1785244477261,true,1785244477302,LeaderAccept
1785244477299,false,1785244477340,LeaderAccept
1785244477339,false,1785244477381,LeaderAccept
1785244477378,false,1785244477419,LeaderAccept
1785244477419,true,1785244477460,LeaderAccept
1785244477460,false,1785244477501,LeaderAccept
1785244477502,true,1785244477543,LeaderAccept
1785244477545,false,1785244477586,LeaderAccept
1785244477590,true,1785244477631,LeaderAccept
1785244477635,true,1785244477676,LeaderAccept
1785244477681,true,1785244477722,LeaderAccept
1785244477727,false,1785244477768,LeaderAccept
1785244477776,true,1785244477816,LeaderAccept
1785244477824,true,1785244477865,LeaderAccept
1785244477875,true,1785244477917,LeaderAccept
1785244477927,true,1785244477968,LeaderAccept
1785244477980,false,1785244478021,LeaderAccept
1785244478034,false,1785244478075,LeaderAccept
1785244478091,true,1785244478132,LeaderAccept
1785244478149,true,1785244478189,LeaderAccept
1785244478208,true,1785244478249,LeaderAccept
1785244478269,false,1785244478309,LeaderAccept
1785244478331,false,1785244478372,LeaderAccept
1785244478395,true,1785244478437,LeaderAccept
1785244478462,true,1785244478502,LeaderAccept
1785244478530,false,1785244478571,LeaderAccept
1785244478601,true,1785244478642,LeaderAccept
1785244478674,false,1785244478715,LeaderAccept
1785244478750,true,1785244478791,LeaderAccept
1785244478829,false,1785244478871,LeaderAccept
1785244478912,false,1785244478953,LeaderAccept
1785244478997,true,1785244479038,LeaderAccept
1785244479087,false,1785244479127,LeaderAccept
1785244479181,true,1785244479221,LeaderAccept
1785244479279,true,1785244479320,LeaderAccept
1785244479381,true,1785244479422,LeaderAccept
1785244479490,true,1785244479530,LeaderAccept
1785244479604,true,1785244479644,LeaderAccept
1785244479725,false,1785244479766,LeaderAccept
1785244479853,false,1785244479893,LeaderAccept
1785244479990,true,1785244480030,LeaderAccept
1785244480136,false,1785244480177,LeaderAccept
1785244480293,true,1785244480334,LeaderAccept
1785244480464,false,1785244480505,LeaderAccept
1785244480650,false,1785244480691,LeaderAccept
1785244480852,true,1785244480893,LeaderAccept
1785244481077,true,1785244481118,LeaderAccept
1785244481327,false,1785244481373,FastAccept
1785244481612,true,1785244481652,LeaderAccept
1785244481939,false,1785244481981,FastAccept
1785244482325,false,1785244482366,FastAccept
1785244482793,false,1785244482834,FastAccept
1785244483383,true,1785244483424,FastAccept
1785244484176,true,1785244484217,FastAccept
1785244485354,false,1785244485396,FastAccept
1785244487475,true,1785244487516,FastAccept
1785244493601,true,1785244493642,LeaderAccept
1785244499313,false,1785244499355,LeaderAccept
1785244499324,false,1785244499366,LeaderAccept
1785244499346,true,1785244499386,LeaderAccept
1785244499366,false,1785244499406,LeaderAccept
1785244499387,true,1785244499428,LeaderAccept
1785244499410,false,1785244499450,LeaderAccept
1785244499431,false,1785244499472,LeaderAccept
1785244499453,false,1785244499494,LeaderAccept
1785244499476,true,1785244499518,LeaderAccept
1785244499499,false,1785244499540,LeaderAccept
1785244499522,true,1785244499562,LeaderAccept
1785244499545,false,1785244499586,LeaderAccept
1785244499568,true,1785244499609,LeaderAccept
1785244499592,false,1785244499633,LeaderAccept
1785244499617,false,1785244499658,LeaderAccept
1785244499642,false,1785244499682,LeaderAccept
1785244499666,false,1785244499706,LeaderAccept
1785244499691,true,1785244499731,LeaderAccept
1785244499716,false,1785244499756,LeaderAccept
1785244499741,true,1785244499782,LeaderAccept
1785244499768,false,1785244499809,LeaderAccept
1785244499794,true,1785244499835,LeaderAccept
1785244499820,true,1785244499861,LeaderAccept
1785244499848,false,1785244499888,LeaderAccept
1785244499874,true,1785244499915,LeaderAccept
1785244499901,false,1785244499941,LeaderAccept
1785244499928,true,1785244499969,LeaderAccept
1785244499957,true,1785244499997,LeaderAccept
1785244499985,false,1785244500026,LeaderAccept
1785244500014,true,1785244500054,LeaderAccept
1785244500043,true,1785244500083,LeaderAccept
1785244500074,true,1785244500114,LeaderAccept
1785244500104,true,1785244500144,LeaderAccept
1785244500134,true,1785244500175,LeaderAccept
1785244500166,false,1785244500207,LeaderAccept
1785244500198,true,1785244500239,LeaderAccept
1785244500230,false,1785244500271,LeaderAccept
1785244500263,false,1785244500305,LeaderAccept
1785244500296,true,1785244500337,LeaderAccept
1785244500330,false,1785244500370,LeaderAccept
1785244500363,false,1785244500404,LeaderAccept
1785244500399,false,1785244500439,LeaderAccept
1785244500433,false,1785244500474,LeaderAccept
1785244500470,true,1785244500510,LeaderAccept
1785244500506,true,1785244500547,LeaderAccept
1785244500544,true,1785244500585,LeaderAccept
1785244500582,true,1785244500623,LeaderAccept
1785244500621,true,1785244500662,LeaderAccept
1785244500661,false,1785244500701,LeaderAccept
1785244500701,false,1785244500742,LeaderAccept
1785244500742,true,1785244500782,LeaderAccept
1785244500784,true,1785244500825,LeaderAccept
1785244500826,true,1785244500867,LeaderAccept
1785244500869,false,1785244500910,LeaderAccept
1785244500913,false,1785244500955,LeaderAccept
1785244500959,false,1785244501000,LeaderAccept
1785244501006,true,1785244501047,LeaderAccept
1785244501053,false,1785244501094,LeaderAccept
1785244501102,true,1785244501142,LeaderAccept
1785244501152,false,1785244501193,LeaderAccept
1785244501203,true,1785244501245,LeaderAccept
1785244501255,false,1785244501297,LeaderAccept
1785244501309,false,1785244501350,LeaderAccept
1785244501364,true,1785244501405,LeaderAccept
1785244501420,true,1785244501462,LeaderAccept
1785244501479,false,1785244501520,LeaderAccept
1785244501538,true,1785244501580,LeaderAccept
1785244501600,true,1785244501642,LeaderAccept
1785244501664,true,1785244501705,LeaderAccept
1785244501730,true,1785244501771,LeaderAccept
1785244501797,false,1785244501839,LeaderAccept
1785244501868,false,1785244501909,LeaderAccept
1785244501941,false,1785244501982,LeaderAccept
1785244502015,true,1785244502056,LeaderAccept
1785244502094,false,1785244502135,LeaderAccept
1785244502175,true,1785244502216,LeaderAccept
1785244502259,false,1785244502300,LeaderAccept
1785244502346,true,1785244502387,LeaderAccept
1785244502438,true,1785244502479,LeaderAccept
1785244502534,false,1785244502575,LeaderAccept
1785244502634,false,1785244502675,LeaderAccept
1785244502741,true,1785244502782,LeaderAccept
1785244502852,true,1785244502894,LeaderAccept
1785244502971,true,1785244503011,LeaderAccept
1785244503096,false,1785244503137,LeaderAccept
1785244503229,false,1785244503270,LeaderAccept
1785244503371,true,1785244503412,LeaderAccept
1785244503522,false,1785244503563,LeaderAccept
1785244503687,true,1785244503728,LeaderAccept
1785244503865,false,1785244503906,LeaderAccept
1785244504059,false,1785244504100,LeaderAccept
1785244504273,false,1785244504314,LeaderAccept
1785244504512,false,1785244504553,LeaderAccept
1785244504781,true,1785244504821,LeaderAccept
1785244505088,true,1785244505129,LeaderAccept
1785244505446,true,1785244505488,LeaderAccept
1785244505873,true,1785244505914,LeaderAccept
1785244506402,true,1785244506443,LeaderAccept
1785244507091,true,1785244507132,LeaderAccept
1785244508062,false,1785244508104,LeaderAccept
1785244509641,false,1785244509681,FastAccept
1785244512793,false,1785244512834,FastAccept
1785244512808,true,1785244512850,FastAccept
1785244512824,true,1785244512865,FastAccept
1785244512839,true,1785244512881,FastAccept
1785244512855,true,1785244512896,FastAccept
1785244512870,true,1785244512912,FastAccept
1785244512886,true,1785244512927,FastAccept
1785244512901,true,1785244512943,FastAccept
1785244512918,true,1785244512959,FastAccept
1785244512934,true,1785244512976,FastAccept
1785244512951,false,1785244512992,FastAccept
1785244512968,false,1785244513010,FastAccept
1785244512985,false,1785244513026,FastAccept
1785244513001,false,1785244513042,FastAccept
1785244513017,false,1785244513058,FastAccept
1785244513034,false,1785244513076,FastAccept
1785244513051,true,1785244513093,FastAccept
1785244513068,false,1785244513109,FastAccept
1785244513086,true,1785244513127,FastAccept
1785244513104,true,1785244513145,FastAccept
1785244513121,false,1785244513163,FastAccept
1785244513140,true,1785244513181,FastAccept
1785244513157,false,1785244513198,FastAccept
1785244513176,false,1785244513217,FastAccept
1785244513194,false,1785244513235,FastAccept
1785244513212,true,1785244513253,FastAccept
1785244513231,false,1785244513290,LeaderAccept
1785244513249,false,1785244513335,LeaderAccept
1785244513269,true,1785244513315,FastAccept
1785244513289,true,1785244513343,LeaderAccept
1785244513308,true,1785244513348,LeaderAccept
1785244513327,true,1785244513368,LeaderAccept
1785244513346,false,1785244513387,LeaderAccept
1785244513366,true,1785244513406,LeaderAccept
1785244513385,true,1785244513426,LeaderAccept
1785244513406,false,1785244513446,LeaderAccept
1785244513426,true,1785244513466,LeaderAccept
1785244513446,false,1785244513486,LeaderAccept
1785244513467,false,1785244513508,LeaderAccept
1785244513488,true,1785244513528,LeaderAccept
1785244513509,false,1785244513549,LeaderAccept
1785244513530,true,1785244513570,LeaderAccept
1785244513551,true,1785244513592,LeaderAccept
1785244513573,true,1785244513613,LeaderAccept
1785244513594,true,1785244513635,LeaderAccept
1785244513616,true,1785244513657,LeaderAccept
1785244513638,true,1785244513679,LeaderAccept
1785244513660,true,1785244513701,LeaderAccept
1785244513683,true,1785244513723,LeaderAccept
1785244513706,false,1785244513746,LeaderAccept
1785244513729,false,1785244513770,LeaderAccept
1785244513753,false,1785244513794,LeaderAccept
1785244513776,true,1785244513817,LeaderAccept
1785244513801,true,1785244513842,LeaderAccept
1785244513825,false,1785244513867,LeaderAccept
1785244513851,false,1785244513893,LeaderAccept
1785244513876,true,1785244513917,LeaderAccept
1785244513902,false,1785244513942,LeaderAccept
1785244513927,false,1785244513968,LeaderAccept
1785244513954,false,1785244513994,LeaderAccept
1785244513980,false,1785244514021,LeaderAccept
1785244514007,false,1785244514047,LeaderAccept
1785244514034,true,1785244514075,LeaderAccept
1785244514061,true,1785244514102,LeaderAccept
1785244514088,false,1785244514130,LeaderAccept
1785244514116,true,1785244514158,LeaderAccept
1785244514145,false,1785244514186,LeaderAccept
1785244514174,true,1785244514214,LeaderAccept
1785244514202,false,1785244514243,LeaderAccept
1785244514232,true,1785244514273,LeaderAccept
1785244514261,true,1785244514302,LeaderAccept
1785244514292,true,1785244514332,LeaderAccept
1785244514323,false,1785244514364,LeaderAccept
1785244514355,false,1785244514396,LeaderAccept
1785244514387,true,1785244514428,LeaderAccept
1785244514419,false,1785244514459,LeaderAccept
1785244514452,false,1785244514492,LeaderAccept
1785244514486,false,1785244514527,LeaderAccept
1785244514520,false,1785244514561,LeaderAccept
1785244514554,false,1785244514596,LeaderAccept
1785244514589,false,1785244514630,LeaderAccept
1785244514625,true,1785244514666,LeaderAccept
1785244514662,false,1785244514703,LeaderAccept
1785244514698,true,1785244514739,LeaderAccept
1785244514735,false,1785244514776,LeaderAccept
1785244514773,true,1785244514814,LeaderAccept
1785244514813,false,1785244514853,LeaderAccept
1785244514852,false,1785244514893,LeaderAccept
1785244514893,true,1785244514934,LeaderAccept
1785244514934,true,1785244514976,LeaderAccept
1785244514975,false,1785244515017,LeaderAccept
1785244515019,false,1785244515059,LeaderAccept
1785244515063,false,1785244515104,LeaderAccept
1785244515108,false,1785244515149,LeaderAccept
1785244515154,true,1785244515194,LeaderAccept
1785244515201,true,1785244515241,LeaderAccept
1785244515249,true,1785244515290,LeaderAccept
1785244515298,true,1785244515339,LeaderAccept
1785244515347,false,1785244515389,LeaderAccept
1785244515399,false,1785244515441,LeaderAccept
1785244515452,false,1785244515494,LeaderAccept
1785244515506,true,1785244515546,LeaderAccept
1785244515561,false,1785244515602,LeaderAccept
1785244515619,false,1785244515660,LeaderAccept
1785244515678,true,1785244515719,LeaderAccept
1785244515739,true,1785244515780,LeaderAccept
1785244515802,true,1785244515842,LeaderAccept
1785244515866,false,1785244515906,LeaderAccept
1785244515932,false,1785244515973,LeaderAccept
1785244516001,true,1785244516042,LeaderAccept
1785244516071,false,1785244516113,LeaderAccept
1785244516145,true,1785244516186,LeaderAccept
1785244516221,true,1785244516262,LeaderAccept
1785244516301,true,1785244516342,LeaderAccept
1785244516383,true,1785244516425,LeaderAccept
1785244516469,false,1785244516510,LeaderAccept
1785244516558,false,1785244516599,LeaderAccept
1785244516651,true,1785244516692,LeaderAccept
1785244516749,true,1785244516790,LeaderAccept
1785244516851,false,1785244516891,LeaderAccept
1785244516958,true,1785244516999,LeaderAccept
1785244517071,true,1785244517112,LeaderAccept
1785244517192,false,1785244517232,LeaderAccept
1785244517320,true,1785244517361,LeaderAccept
1785244517456,false,1785244517496,LeaderAccept
1785244517600,false,1785244517642,LeaderAccept
1785244517756,false,1785244517797,LeaderAccept
1785244517925,true,1785244517967,LeaderAccept
1785244518109,true,1785244518150,LeaderAccept
1785244518310,false,1785244518350,LeaderAccept
1785244518532,true,1785244518572,LeaderAccept
1785244518780,true,1785244518821,LeaderAccept
1785244519061,false,1785244519101,LeaderAccept
1785244519383,false,1785244519424,FastAccept
1785244519761,false,1785244519802,FastAccept
1785244520218,true,1785244520260,FastAccept
1785244520793,true,1785244520835,FastAccept
1785244521558,true,1785244521599,FastAccept
1785244522679,true,1785244522719,FastAccept
1785244524641,false,1785244524682,FastAccept
1785244529872,true,1785244529913,LeaderAccept
1785244534642,true,1785244534685,FastAccept
1785244534659,true,1785244534700,FastAccept
1785244534676,true,1785244534717,FastAccept
1785244534692,false,1785244534733,FastAccept
1785244534710,false,1785244534783,LeaderAccept
1785244534727,true,1785244534769,FastAccept
1785244534744,false,1785244534803,LeaderAccept
1785244534762,false,1785244534803,LeaderAccept
1785244534779,true,1785244534820,LeaderAccept
1785244534796,true,1785244534838,LeaderAccept
1785244534814,false,1785244534856,LeaderAccept
1785244534833,true,1785244534874,LeaderAccept
1785244534850,false,1785244534891,LeaderAccept
1785244534869,true,1785244534910,LeaderAccept
1785244534887,true,1785244534928,LeaderAccept
1785244534906,true,1785244534949,LeaderAccept
1785244534925,false,1785244534967,LeaderAccept
1785244534945,false,1785244534986,LeaderAccept
1785244534963,true,1785244535004,LeaderAccept
1785244534983,true,1785244535025,LeaderAccept
1785244535002,false,1785244535043,LeaderAccept
1785244535022,false,1785244535062,LeaderAccept
1785244535042,true,1785244535082,LeaderAccept
1785244535062,false,1785244535102,LeaderAccept
1785244535081,false,1785244535122,LeaderAccept
1785244535101,true,1785244535143,LeaderAccept
1785244535122,false,1785244535163,LeaderAccept
1785244535143,true,1785244535184,LeaderAccept
1785244535164,false,1785244535205,LeaderAccept
1785244535186,false,1785244535227,LeaderAccept
1785244535207,false,1785244535248,LeaderAccept
1785244535229,true,1785244535271,LeaderAccept
1785244535252,false,1785244535293,LeaderAccept
1785244535273,false,1785244535314,LeaderAccept
1785244535296,true,1785244535338,LeaderAccept
1785244535319,false,1785244535360,LeaderAccept
1785244535341,true,1785244535382,LeaderAccept
1785244535364,false,1785244535406,LeaderAccept
1785244535388,true,1785244535430,LeaderAccept
1785244535411,false,1785244535453,LeaderAccept
1785244535436,true,1785244535477,LeaderAccept
1785244535460,false,1785244535499,LeaderAccept
1785244535485,true,1785244535523,LeaderAccept
1785244535510,true,1785244535549,LeaderAccept
1785244535535,false,1785244535574,LeaderAccept
1785244535561,false,1785244535599,LeaderAccept
1785244535587,false,1785244535626,LeaderAccept
1785244535613,true,1785244535651,LeaderAccept
1785244535638,false,1785244535678,LeaderAccept
1785244535664,false,1785244535704,LeaderAccept
1785244535692,false,1785244535731,LeaderAccept
1785244535719,true,1785244535757,LeaderAccept
1785244535746,true,1785244535785,LeaderAccept
1785244535775,false,1785244535813,LeaderAccept
1785244535803,true,1785244535842,LeaderAccept
1785244535832,true,1785244535871,LeaderAccept
1785244535862,true,1785244535900,LeaderAccept
1785244535892,false,1785244535932,LeaderAccept
1785244535922,true,1785244535961,LeaderAccept
1785244535952,false,1785244535992,LeaderAccept
1785244535984,true,1785244536023,LeaderAccept
1785244536016,true,1785244536055,LeaderAccept
1785244536047,true,1785244536086,LeaderAccept
1785244536080,true,1785244536117,LeaderAccept
1785244536112,true,1785244536150,LeaderAccept
1785244536146,false,1785244536185,LeaderAccept
1785244536180,true,1785244536219,LeaderAccept
1785244536215,true,1785244536254,LeaderAccept
1785244536250,true,1785244536289,LeaderAccept
1785244536285,false,1785244536324,LeaderAccept
1785244536322,true,1785244536360,LeaderAccept
1785244536359,false,1785244536400,LeaderAccept
1785244536396,false,1785244536435,LeaderAccept
1785244536434,false,1785244536474,LeaderAccept
1785244536473,false,1785244536512,LeaderAccept
1785244536513,false,1785244536552,LeaderAccept
1785244536553,false,1785244536591,LeaderAccept
1785244536594,false,1785244536633,LeaderAccept
1785244536637,false,1785244536676,LeaderAccept
1785244536680,true,1785244536718,LeaderAccept
1785244536725,false,1785244536763,LeaderAccept
1785244536770,true,1785244536808,LeaderAccept
1785244536815,false,1785244536854,LeaderAccept
1785244536862,false,1785244536901,LeaderAccept
1785244536910,true,1785244536950,LeaderAccept
1785244536960,false,1785244537000,LeaderAccept
1785244537011,false,1785244537050,LeaderAccept
1785244537062,true,1785244537101,LeaderAccept
1785244537115,true,1785244537154,LeaderAccept
1785244537170,true,1785244537208,LeaderAccept
1785244537225,false,1785244537263,LeaderAccept
1785244537283,false,1785244537322,LeaderAccept
1785244537342,true,1785244537381,LeaderAccept
1785244537403,false,1785244537442,LeaderAccept
1785244537466,false,1785244537504,LeaderAccept
1785244537531,true,1785244537569,LeaderAccept
1785244537598,false,1785244537636,LeaderAccept
1785244537666,false,1785244537704,LeaderAccept
1785244537737,false,1785244537776,LeaderAccept
1785244537810,true,1785244537849,LeaderAccept
1785244537886,false,1785244537926,LeaderAccept
1785244537965,false,1785244538004,LeaderAccept
1785244538047,true,1785244538086,LeaderAccept
1785244538133,false,1785244538171,LeaderAccept
1785244538223,true,1785244538261,LeaderAccept
1785244538317,false,1785244538355,LeaderAccept
1785244538415,false,1785244538453,LeaderAccept
1785244538518,true,1785244538557,LeaderAccept
1785244538626,true,1785244538664,LeaderAccept
1785244538741,true,1785244538779,LeaderAccept
1785244538861,false,1785244538900,LeaderAccept
1785244538989,false,1785244539028,LeaderAccept
1785244539126,true,1785244539165,LeaderAccept
1785244539272,false,1785244539311,LeaderAccept
1785244539430,false,1785244539468,LeaderAccept
1785244539600,true,1785244539638,LeaderAccept
1785244539785,false,1785244539823,LeaderAccept
1785244539987,false,1785244540026,LeaderAccept
1785244540212,true,1785244540251,LeaderAccept
1785244540463,false,1785244540502,FastAccept
1785244540747,true,1785244540786,FastAccept
1785244541076,true,1785244541114,FastAccept
1785244541462,true,1785244541501,FastAccept
1785244541930,true,1785244541969,FastAccept
1785244542522,true,1785244542560,FastAccept
1785244543316,false,1785244543355,FastAccept
1785244544497,true,1785244544536,FastAccept
1785244546629,false,1785244546667,LeaderAccept
1785244552813,true,1785244552854,LeaderAccept
1785244570350,true,1785244570392,LeaderAccept
1785244570374,false,1785244570416,LeaderAccept
1785244570397,false,1785244570438,LeaderAccept
1785244570421,true,1785244570462,LeaderAccept
1785244570445,true,1785244570486,LeaderAccept
1785244570469,false,1785244570509,LeaderAccept
1785244570492,true,1785244570533,LeaderAccept
1785244570516,true,1785244570557,LeaderAccept
1785244570540,false,1785244570581,LeaderAccept
1785244570566,true,1785244570607,LeaderAccept
1785244570590,false,1785244570631,LeaderAccept
1785244570616,true,1785244570657,LeaderAccept
1785244570642,false,1785244570682,LeaderAccept
1785244570667,false,1785244570710,LeaderAccept
1785244570694,false,1785244570734,LeaderAccept
1785244570721,true,1785244570761,LeaderAccept
1785244570747,true,1785244570788,LeaderAccept
1785244570775,true,1785244570816,LeaderAccept
1785244570803,false,1785244570844,LeaderAccept
1785244570831,false,1785244570872,LeaderAccept
1785244570859,true,1785244570901,LeaderAccept
1785244570888,true,1785244570929,LeaderAccept
1785244570918,false,1785244570959,LeaderAccept
1785244570947,true,1785244570988,LeaderAccept
1785244570977,false,1785244571018,LeaderAccept
1785244571008,false,1785244571049,LeaderAccept
1785244571038,false,1785244571079,LeaderAccept
1785244571070,false,1785244571111,LeaderAccept
1785244571101,true,1785244571142,LeaderAccept
1785244571134,false,1785244571176,LeaderAccept
1785244571166,true,1785244571207,LeaderAccept
1785244571200,true,1785244571241,LeaderAccept
1785244571234,false,1785244571275,LeaderAccept
1785244571268,false,1785244571309,LeaderAccept
1785244571304,true,1785244571345,LeaderAccept
1785244571340,true,1785244571380,LeaderAccept
1785244571377,true,1785244571417,LeaderAccept
1785244571414,true,1785244571455,LeaderAccept
1785244571452,false,1785244571492,LeaderAccept
1785244571489,false,1785244571529,LeaderAccept
1785244571528,true,1785244571569,LeaderAccept
1785244571569,true,1785244571610,LeaderAccept
1785244571610,true,1785244571650,LeaderAccept
1785244571652,true,1785244571697,LeaderAccept
1785244571694,false,1785244571735,LeaderAccept
1785244571738,false,1785244571779,LeaderAccept
1785244571782,true,1785244571823,LeaderAccept
1785244571828,false,1785244571869,LeaderAccept
1785244571874,false,1785244571915,LeaderAccept
1785244571921,true,1785244571962,LeaderAccept
1785244571969,false,1785244572010,LeaderAccept
1785244572019,true,1785244572059,LeaderAccept
1785244572070,true,1785244572111,LeaderAccept
1785244572121,false,1785244572162,LeaderAccept
1785244572175,true,1785244572215,LeaderAccept
1785244572229,true,1785244572270,LeaderAccept
1785244572285,false,1785244572327,LeaderAccept
1785244572344,true,1785244572385,LeaderAccept
1785244572404,false,1785244572445,FastAccept
1785244572464,false,1785244572510,FastAccept
1785244572527,true,1785244572568,FastAccept
1785244572593,false,1785244572634,FastAccept
1785244572660,true,1785244572701,FastAccept
1785244572729,false,1785244572770,FastAccept
1785244572802,false,1785244572842,FastAccept
1785244572876,true,1785244572917,FastAccept
1785244572953,false,1785244572994,FastAccept
1785244573034,true,1785244573075,FastAccept
1785244573117,false,1785244573158,FastAccept
1785244573205,true,1785244573247,FastAccept
1785244573295,false,1785244573337,FastAccept
1785244573390,false,1785244573431,FastAccept
1785244573490,false,1785244573531,FastAccept
1785244573595,false,1785244573636,FastAccept
1785244573705,true,1785244573746,FastAccept
1785244573820,true,1785244573862,FastAccept
1785244573944,true,1785244573985,FastAccept
1785244574075,false,1785244574116,FastAccept
1785244574214,false,1785244574255,FastAccept
1785244574364,false,1785244574424,SlowAccept
1785244574525,false,1785244574566,FastAccept
1785244574700,false,1785244574741,FastAccept
1785244574890,true,1785244574931,FastAccept
1785244575099,false,1785244575140,FastAccept
1785244575331,false,1785244575393,LeaderAccept
1785244575591,false,1785244575632,FastAccept
1785244575888,false,1785244575929,FastAccept
1785244576232,true,1785244576274,FastAccept
1785244576640,false,1785244576682,FastAccept
1785244577141,false,1785244577182,FastAccept
1785244577782,true,1785244577824,FastAccept
1785244578667,true,1785244578708,FastAccept
1785244580042,false,1785244580083,FastAccept
1785244582775,true,1785244582816,FastAccept
1785244593491,true,1785244593532,FastAccept
1785244611746,false,1785244611787,FastAccept
1785244611774,true,1785244611816,FastAccept
1785244611803,true,1785244611844,FastAccept
1785244611832,true,1785244611874,FastAccept
1785244611863,true,1785244611904,FastAccept
1785244611894,true,1785244611935,FastAccept
1785244611925,false,1785244611967,FastAccept
1785244611957,false,1785244611998,FastAccept
1785244611989,true,1785244612030,FastAccept
1785244612022,false,1785244612064,FastAccept
1785244612055,false,1785244612096,FastAccept
1785244612089,false,1785244612130,FastAccept
1785244612124,true,1785244612165,FastAccept
1785244612158,false,1785244612199,FastAccept
1785244612193,true,1785244612235,FastAccept
1785244612230,false,1785244612271,FastAccept
1785244612266,true,1785244612307,FastAccept
1785244612303,false,1785244612344,FastAccept
1785244612342,false,1785244612412,LeaderAccept
1785244612380,true,1785244612433,LeaderAccept
1785244612420,false,1785244612493,LeaderAccept
1785244612460,false,1785244612512,LeaderAccept
1785244612502,true,1785244612543,FastAccept
1785244612543,true,1785244612585,FastAccept
1785244612586,true,1785244612628,FastAccept
1785244612630,true,1785244612671,FastAccept
1785244612675,false,1785244612716,FastAccept
1785244612720,true,1785244612762,FastAccept
1785244612767,true,1785244612808,FastAccept
1785244612814,true,1785244612856,FastAccept
1785244612863,true,1785244612905,FastAccept
1785244612913,false,1785244612954,FastAccept
1785244612964,false,1785244613005,FastAccept
1785244613017,false,1785244613059,FastAccept
1785244613071,false,1785244613112,FastAccept
1785244613127,false,1785244613169,FastAccept
1785244613184,false,1785244613226,FastAccept
1785244613243,true,1785244613285,FastAccept
1785244613303,true,1785244613345,FastAccept
1785244613365,true,1785244613407,FastAccept
1785244613429,false,1785244613471,FastAccept
1785244613495,true,1785244613546,LeaderAccept
1785244613563,false,1785244613605,FastAccept
1785244613632,true,1785244613674,FastAccept
1785244613704,true,1785244613746,FastAccept
1785244613779,false,1785244613821,FastAccept
1785244613857,false,1785244613898,FastAccept
1785244613939,true,1785244613980,FastAccept
1785244614023,true,1785244614065,FastAccept
1785244614112,false,1785244614153,FastAccept
1785244614203,false,1785244614244,FastAccept
1785244614300,false,1785244614341,FastAccept
1785244614401,false,1785244614443,FastAccept
1785244614506,true,1785244614548,FastAccept
1785244614618,false,1785244614660,FastAccept
1785244614736,false,1785244614778,FastAccept
1785244614861,false,1785244614903,FastAccept
1785244614995,false,1785244615036,FastAccept
1785244615138,true,1785244615179,FastAccept
1785244615290,false,1785244615351,LeaderAccept
1785244615456,true,1785244615497,FastAccept
1785244615635,true,1785244615677,FastAccept
1785244615830,false,1785244615872,FastAccept
1785244616045,false,1785244616087,FastAccept
1785244616285,true,1785244616327,FastAccept
1785244616555,false,1785244616597,FastAccept
1785244616865,true,1785244616916,LeaderAccept
1785244617226,true,1785244617272,FastAccept
1785244617659,false,1785244617700,FastAccept
1785244618196,false,1785244618259,LeaderAccept
1785244618897,false,1785244618938,FastAccept
1785244619892,false,1785244619934,FastAccept
1785244621527,false,1785244621569,FastAccept
1785244625230,true,1785244625272,FastAccept
