request_time,write,response_time,accept_status
1785410523931,true,1785410524991,LeaderAccept
1785410524144,false,1785410524533,LeaderAccept
1785410524382,false,1785410524533,LeaderAccept
1785410524649,false,1785410524866,LeaderAccept
1785410524953,true,1785410524991,LeaderAccept
1785410525307,true,1785410525342,LeaderAccept
1785410525731,true,1785410525761,LeaderAccept
1785410526254,false,1785410526293,LeaderAccept
1785410526932,false,1785410526962,LeaderAccept
1785410527884,false,1785410527914,LeaderAccept
1785410529415,true,1785410529445,LeaderAccept
1785410532709,false,1785410532936,LeaderAccept
1785410538445,true,1785410538475,LeaderAccept
1785410538460,true,1785410538490,LeaderAccept
1785410538476,true,1785410538505,LeaderAccept
1785410538491,true,1785410538521,LeaderAccept
1785410538508,false,1785410538537,LeaderAccept
1785410538524,false,1785410538553,LeaderAccept
1785410538540,true,1785410538569,LeaderAccept
1785410538556,false,1785410538586,LeaderAccept
1785410538572,false,1785410538602,LeaderAccept
1785410538589,false,1785410538618,LeaderAccept
1785410538605,false,1785410538634,LeaderAccept
1785410538621,false,1785410538910,LeaderAccept
1785410538638,false,1785410538910,LeaderAccept
1785410538655,false,1785410538910,LeaderAccept
1785410538672,true,1785410538910,LeaderAccept
1785410538689,false,1785410538910,LeaderAccept
1785410538707,true,1785410538910,LeaderAccept
1785410538724,false,1785410538910,LeaderAccept
1785410538743,true,1785410538910,LeaderAccept
1785410538760,true,1785410538910,LeaderAccept
1785410538778,false,1785410538910,LeaderAccept
1785410538796,false,1785410538910,LeaderAccept
1785410538814,true,1785410538910,LeaderAccept
1785410538832,false,1785410538910,LeaderAccept
1785410538851,true,1785410538910,LeaderAccept
1785410538869,false,1785410538910,LeaderAccept
1785410538888,false,1785410538918,LeaderAccept
1785410538907,true,1785410538936,LeaderAccept
1785410538926,true,1785410538955,LeaderAccept
1785410538945,true,1785410538974,LeaderAccept
1785410538965,true,1785410538995,LeaderAccept
1785410538986,false,1785410539015,LeaderAccept
1785410539006,true,1785410539035,LeaderAccept
1785410539026,false,1785410539055,LeaderAccept
1785410539046,false,1785410539075,LeaderAccept
1785410539066,false,1785410539096,LeaderAccept
1785410539087,true,1785410539116,LeaderAccept
1785410539109,false,1785410539138,LeaderAccept
1785410539130,false,1785410539159,LeaderAccept
1785410539151,false,1785410539180,LeaderAccept
1785410539172,true,1785410539202,LeaderAccept
1785410539194,false,1785410539224,LeaderAccept
1785410539216,true,1785410539245,LeaderAccept
1785410539238,true,1785410539267,LeaderAccept
1785410539260,true,1785410539290,LeaderAccept
1785410539283,true,1785410539312,LeaderAccept
1785410539306,false,1785410539335,LeaderAccept
1785410539329,true,1785410539358,LeaderAccept
1785410539353,true,1785410539382,LeaderAccept
1785410539378,false,1785410539407,LeaderAccept
1785410539401,false,1785410539431,LeaderAccept
1785410539425,false,1785410539455,LeaderAccept
1785410539450,false,1785410539479,LeaderAccept
1785410539475,true,1785410539504,LeaderAccept
1785410539501,true,1785410539530,LeaderAccept
1785410539526,false,1785410539555,LeaderAccept
1785410539551,false,1785410539837,LeaderAccept
1785410539577,true,1785410539837,LeaderAccept
1785410539604,false,1785410539837,LeaderAccept
1785410539630,false,1785410539837,LeaderAccept
1785410539658,true,1785410539837,LeaderAccept
1785410539685,false,1785410539837,LeaderAccept
1785410539714,true,1785410539837,LeaderAccept
1785410539741,true,1785410539837,LeaderAccept
1785410539769,false,1785410539837,LeaderAccept
1785410539799,true,1785410539837,LeaderAccept
1785410539828,true,1785410539857,LeaderAccept
1785410539859,true,1785410539888,LeaderAccept
1785410539888,false,1785410539917,LeaderAccept
1785410539918,false,1785410539947,LeaderAccept
1785410539949,true,1785410539979,LeaderAccept
1785410539982,false,1785410540011,LeaderAccept
1785410540013,false,1785410540042,LeaderAccept
1785410540047,false,1785410540076,LeaderAccept
1785410540079,false,1785410540108,LeaderAccept
1785410540114,false,1785410540143,LeaderAccept
1785410540147,false,1785410540176,LeaderAccept
1785410540183,true,1785410540212,LeaderAccept
1785410540218,true,1785410540248,LeaderAccept
1785410540254,true,1785410540283,LeaderAccept
1785410540291,false,1785410540320,LeaderAccept
1785410540328,true,1785410540358,LeaderAccept
1785410540366,true,1785410540396,LeaderAccept
1785410540405,true,1785410540434,LeaderAccept
1785410540444,false,1785410540474,LeaderAccept
1785410540484,false,1785410540514,LeaderAccept
1785410540526,false,1785410540555,LeaderAccept
1785410540567,false,1785410540596,LeaderAccept
1785410540610,true,1785410540639,LeaderAccept
1785410540653,false,1785410540682,LeaderAccept
1785410540698,true,1785410540727,LeaderAccept
1785410540743,true,1785410540772,LeaderAccept
1785410540789,true,1785410540818,LeaderAccept
1785410540837,true,1785410540866,LeaderAccept
1785410540885,true,1785410540914,LeaderAccept
1785410540935,true,1785410540965,LeaderAccept
1785410540986,false,1785410541015,LeaderAccept
1785410541038,false,1785410541068,LeaderAccept
1785410541091,false,1785410541120,LeaderAccept
1785410541147,true,1785410541192,LeaderAccept
1785410541204,false,1785410541233,LeaderAccept
1785410541261,false,1785410541302,LeaderAccept
1785410541320,true,1785410542056,LeaderAccept
1785410541382,true,1785410541583,LeaderAccept
1785410541445,true,1785410541583,LeaderAccept
1785410541510,false,1785410541583,LeaderAccept
1785410541577,false,1785410541607,LeaderAccept
1785410541648,false,1785410541846,LeaderAccept
1785410541720,false,1785410541846,LeaderAccept
1785410541795,false,1785410542085,LeaderAccept
1785410541872,false,1785410542056,LeaderAccept
1785410541953,false,1785410542056,LeaderAccept
1785410542036,false,1785410542073,LeaderAccept
1785410542123,true,1785410542152,LeaderAccept
1785410542214,false,1785410542243,LeaderAccept
1785410542309,true,1785410542338,LeaderAccept
1785410542409,true,1785410542704,LeaderAccept
1785410542514,true,1785410542670,LeaderAccept
1785410542624,true,1785410542670,LeaderAccept
1785410542740,false,1785410542772,LeaderAccept
1785410542865,true,1785410542894,LeaderAccept
1785410542996,true,1785410543026,LeaderAccept
1785410543136,false,1785410543166,LeaderAccept
1785410543286,true,1785410543322,LeaderAccept
1785410543449,false,1785410543479,LeaderAccept
1785410543624,true,1785410543653,LeaderAccept
1785410543816,false,1785410543845,LeaderAccept
1785410544026,true,1785410544073,LeaderAccept
1785410544260,false,1785410544290,LeaderAccept
1785410544523,true,1785410544586,LeaderAccept
1785410544823,true,1785410544852,LeaderAccept
1785410545171,true,1785410545200,LeaderAccept
1785410545584,true,1785410545613,LeaderAccept
1785410546092,true,1785410546121,LeaderAccept
1785410546746,false,1785410546775,LeaderAccept
1785410547653,true,1785410547683,LeaderAccept
1785410549082,true,1785410549111,LeaderAccept
1785410551997,false,1785410553066,LeaderAccept
1785410557103,true,1785410557132,LeaderAccept
1785410557135,false,1785410557164,LeaderAccept
1785410557168,true,1785410557198,LeaderAccept
1785410557203,true,1785410557232,LeaderAccept
1785410557237,false,1785410557266,LeaderAccept
1785410557273,false,1785410557302,LeaderAccept
1785410557308,true,1785410557337,LeaderAccept
1785410557345,false,1785410557374,LeaderAccept
1785410557381,false,1785410557410,LeaderAccept
1785410557419,true,1785410557448,LeaderAccept
1785410557457,true,1785410557487,LeaderAccept
1785410557497,false,1785410557526,LeaderAccept
1785410557536,true,1785410557566,LeaderAccept
1785410557577,false,1785410557606,LeaderAccept
1785410557619,true,1785410557648,LeaderAccept
1785410557660,false,1785410557690,LeaderAccept
1785410557703,true,1785410557732,LeaderAccept
1785410557748,false,1785410557777,LeaderAccept
1785410557792,true,1785410557822,LeaderAccept
1785410557838,false,1785410557867,LeaderAccept
1785410557885,true,1785410557915,LeaderAccept
1785410557933,false,1785410557962,LeaderAccept
1785410557982,false,1785410558012,LeaderAccept
1785410558032,false,1785410558062,LeaderAccept
1785410558083,true,1785410558112,LeaderAccept
1785410558136,false,1785410558166,LeaderAccept
1785410558190,false,1785410558220,LeaderAccept
1785410558245,true,1785410558275,LeaderAccept
1785410558303,false,1785410558578,LeaderAccept
1785410558361,false,1785410558550,LeaderAccept
1785410558422,true,1785410558550,LeaderAccept
1785410558484,false,1785410558550,LeaderAccept
1785410558549,true,1785410558578,LeaderAccept
1785410558616,true,1785410558645,LeaderAccept
1785410558684,false,1785410558714,LeaderAccept
1785410558755,false,1785410558784,LeaderAccept
1785410558829,true,1785410558858,LeaderAccept
1785410558905,false,1785410558934,LeaderAccept
1785410558985,false,1785410559014,LeaderAccept
1785410559067,false,1785410559097,LeaderAccept
1785410559153,true,1785410559182,LeaderAccept
1785410559242,false,1785410559288,LeaderAccept
1785410559336,false,1785410559859,LeaderAccept
1785410559433,false,1785410560840,LeaderAccept
1785410559536,false,1785410559718,LeaderAccept
1785410559643,true,1785410559918,LeaderAccept
1785410559756,true,1785410560237,LeaderAccept
1785410559876,false,1785410560104,LeaderAccept
1785410560004,false,1785410560237,LeaderAccept
1785410560139,false,1785410560662,LeaderAccept
1785410560284,true,1785410560498,LeaderAccept
1785410560440,true,1785410560677,LeaderAccept
1785410560608,true,1785410560840,LeaderAccept
1785410560791,false,1785410560840,LeaderAccept
1785410560993,true,1785410561191,LeaderAccept
1785410561216,false,1785410561395,LeaderAccept
1785410561464,true,1785410561686,LeaderAccept
1785410561746,true,1785410561775,LeaderAccept
1785410562068,true,1785410562097,LeaderAccept
1785410562447,true,1785410562477,LeaderAccept
1785410562905,true,1785410562935,LeaderAccept
1785410563482,true,1785410563511,LeaderAccept
1785410564251,true,1785410564280,LeaderAccept
1785410565378,true,1785410565473,LeaderAccept
1785410567359,false,1785410567389,LeaderAccept
1785410572691,false,1785410572720,LeaderAccept
1785410591616,true,1785410591824,LeaderAccept
1785410591637,true,1785410591824,LeaderAccept
1785410591659,true,1785410591824,LeaderAccept
1785410591680,false,1785410591824,LeaderAccept
1785410591703,false,1785410591824,LeaderAccept
1785410591724,false,1785410591824,LeaderAccept
1785410591746,true,1785410591824,LeaderAccept
1785410591768,true,1785410591824,LeaderAccept
1785410591791,false,1785410592080,LeaderAccept
1785410591814,false,1785410592080,LeaderAccept
1785410591837,true,1785410592080,LeaderAccept
1785410591860,true,1785410592080,LeaderAccept
1785410591885,false,1785410592080,LeaderAccept
1785410591909,true,1785410592080,LeaderAccept
1785410591934,false,1785410592080,LeaderAccept
1785410591958,true,1785410592080,LeaderAccept
1785410591983,true,1785410592080,LeaderAccept
1785410592009,false,1785410592080,LeaderAccept
1785410592034,false,1785410592080,LeaderAccept
1785410592060,false,1785410592105,LeaderAccept
1785410592086,true,1785410592116,LeaderAccept
1785410592113,true,1785410592142,LeaderAccept
1785410592139,false,1785410592169,LeaderAccept
1785410592166,false,1785410592196,LeaderAccept
1785410592194,false,1785410592224,LeaderAccept
1785410592222,true,1785410592679,LeaderAccept
1785410592250,false,1785410592513,LeaderAccept
1785410592278,true,1785410592513,LeaderAccept
1785410592307,true,1785410592513,LeaderAccept
1785410592336,true,1785410592513,LeaderAccept
1785410592367,true,1785410592513,LeaderAccept
1785410592397,false,1785410592853,LeaderAccept
1785410592427,true,1785410592679,LeaderAccept
1785410592459,false,1785410592679,LeaderAccept
1785410592490,false,1785410592679,LeaderAccept
1785410592522,false,1785410592679,LeaderAccept
1785410592556,true,1785410592679,LeaderAccept
1785410592589,true,1785410592853,LeaderAccept
1785410592624,false,1785410592853,LeaderAccept
1785410592658,true,1785410592853,LeaderAccept
1785410592694,false,1785410593066,LeaderAccept
1785410592729,false,1785410592957,LeaderAccept
1785410592765,true,1785410592957,LeaderAccept
1785410592802,true,1785410593279,LeaderAccept
1785410592839,true,1785410593066,LeaderAccept
1785410592877,true,1785410593066,LeaderAccept
1785410592917,true,1785410593066,LeaderAccept
1785410592956,false,1785410593066,LeaderAccept
1785410592997,true,1785410593279,LeaderAccept
1785410593037,true,1785410593279,LeaderAccept
1785410593078,false,1785410593279,LeaderAccept
1785410593122,false,1785410593279,LeaderAccept
1785410593165,true,1785410593279,LeaderAccept
1785410593210,false,1785410593279,LeaderAccept
1785410593255,true,1785410593285,LeaderAccept
1785410593301,true,1785410593330,LeaderAccept
1785410593349,true,1785410593378,LeaderAccept
1785410593397,true,1785410593427,LeaderAccept
1785410593447,false,1785410593476,LeaderAccept
1785410593499,true,1785410593544,LeaderAccept
1785410593551,true,1785410593580,LeaderAccept
1785410593606,false,1785410593635,LeaderAccept
1785410593661,false,1785410593691,LeaderAccept
1785410593718,true,1785410593747,LeaderAccept
1785410593777,false,1785410593806,LeaderAccept
1785410593837,true,1785410593867,LeaderAccept
1785410593899,true,1785410593928,LeaderAccept
1785410593964,false,1785410593993,LeaderAccept
1785410594030,false,1785410594059,LeaderAccept
1785410594099,false,1785410594128,LeaderAccept
1785410594170,true,1785410594198,LeaderAccept
1785410594242,true,1785410594470,LeaderAccept
1785410594317,false,1785410594470,LeaderAccept
1785410594396,true,1785410594470,LeaderAccept
1785410594477,true,1785410594705,LeaderAccept
1785410594561,false,1785410594705,LeaderAccept
1785410594651,false,1785410594927,LeaderAccept
1785410594744,true,1785410594898,LeaderAccept
1785410594840,false,1785410594898,LeaderAccept
1785410594941,false,1785410594970,LeaderAccept
1785410595048,false,1785410595077,LeaderAccept
1785410595160,false,1785410595190,LeaderAccept
1785410595280,true,1785410595309,LeaderAccept
1785410595407,false,1785410595436,LeaderAccept
1785410595541,true,1785410595571,LeaderAccept
1785410595685,true,1785410595714,LeaderAccept
1785410595839,true,1785410595868,LeaderAccept
1785410596005,true,1785410596035,LeaderAccept
1785410596185,true,1785410596215,LeaderAccept
1785410596383,true,1785410596413,LeaderAccept
1785410596601,false,1785410596630,LeaderAccept
1785410596844,false,1785410596873,LeaderAccept
1785410597118,false,1785410597148,LeaderAccept
1785410597434,false,1785410597463,LeaderAccept
1785410597803,true,1785410597832,LeaderAccept
1785410598246,false,1785410598275,LeaderAccept
1785410598797,false,1785410598826,LeaderAccept
1785410599523,true,1785410599552,LeaderAccept
1785410600567,false,1785410600597,LeaderAccept
1785410602326,false,1785410604783,LeaderAccept
1785410606562,true,1785410606591,LeaderAccept
1785410631186,false,1785410631216,LeaderAccept
1785410631202,false,1785410631231,LeaderAccept
1785410631218,false,1785410631247,LeaderAccept
1785410631234,false,1785410631263,LeaderAccept
1785410631250,true,1785410631279,LeaderAccept
1785410631267,false,1785410631296,LeaderAccept
1785410631283,true,1785410631312,LeaderAccept
1785410631299,false,1785410631328,LeaderAccept
1785410631315,true,1785410631345,LeaderAccept
1785410631332,true,1785410631361,LeaderAccept
1785410631350,false,1785410631378,LeaderAccept
1785410631366,true,1785410631395,LeaderAccept
1785410631384,false,1785410631413,LeaderAccept
1785410631400,false,1785410631430,LeaderAccept
1785410631417,true,1785410631446,LeaderAccept
1785410631434,false,1785410631463,LeaderAccept
1785410631451,true,1785410631482,LeaderAccept
1785410631469,false,1785410631499,LeaderAccept
1785410631487,false,1785410631517,LeaderAccept
1785410631506,false,1785410631535,LeaderAccept
1785410631524,true,1785410631553,LeaderAccept
1785410631542,false,1785410631572,LeaderAccept
1785410631561,false,1785410631590,LeaderAccept
1785410631580,false,1785410631609,LeaderAccept
1785410631598,false,1785410631627,LeaderAccept
1785410631617,false,1785410631647,LeaderAccept
1785410631636,true,1785410631666,LeaderAccept
1785410631656,false,1785410631685,LeaderAccept
1785410631675,true,1785410631704,LeaderAccept
1785410631696,true,1785410631725,LeaderAccept
1785410631716,true,1785410631745,LeaderAccept
1785410631735,true,1785410631764,LeaderAccept
1785410631755,false,1785410631784,LeaderAccept
1785410631777,false,1785410631805,LeaderAccept
1785410631797,false,1785410631826,LeaderAccept
1785410631819,true,1785410631848,LeaderAccept
1785410631840,true,1785410631869,LeaderAccept
1785410631861,false,1785410631890,LeaderAccept
1785410631883,true,1785410631912,LeaderAccept
1785410631904,true,1785410631934,LeaderAccept
1785410631926,true,1785410631956,LeaderAccept
1785410631948,false,1785410631978,LeaderAccept
1785410631971,false,1785410632000,LeaderAccept
1785410631993,true,1785410632022,LeaderAccept
1785410632017,false,1785410632046,LeaderAccept
1785410632040,false,1785410632069,LeaderAccept
1785410632063,true,1785410632092,LeaderAccept
1785410632087,false,1785410632116,LeaderAccept
1785410632112,true,1785410632140,LeaderAccept
1785410632135,true,1785410632180,LeaderAccept
1785410632160,true,1785410632190,LeaderAccept
1785410632185,true,1785410632214,LeaderAccept
1785410632210,false,1785410632239,LeaderAccept
1785410632236,false,1785410632264,LeaderAccept
1785410632261,false,1785410632290,LeaderAccept
1785410632288,true,1785410632317,LeaderAccept
1785410632314,false,1785410632343,LeaderAccept
1785410632342,true,1785410632370,LeaderAccept
1785410632368,false,1785410632397,LeaderAccept
1785410632396,false,1785410632424,LeaderAccept
1785410632423,false,1785410632452,LeaderAccept
1785410632452,false,1785410632481,LeaderAccept
1785410632480,true,1785410632510,LeaderAccept
1785410632510,true,1785410632538,LeaderAccept
1785410632540,false,1785410632569,LeaderAccept
1785410632569,false,1785410632597,LeaderAccept
1785410632600,false,1785410632629,LeaderAccept
1785410632631,true,1785410632660,LeaderAccept
1785410632661,true,1785410632690,LeaderAccept
1785410632692,true,1785410632721,LeaderAccept
1785410632723,false,1785410632752,LeaderAccept
1785410632755,false,1785410632784,LeaderAccept
1785410632788,true,1785410632817,LeaderAccept
1785410632821,false,1785410632850,LeaderAccept
1785410632855,true,1785410632885,LeaderAccept
1785410632890,false,1785410632919,LeaderAccept
1785410632925,true,1785410632954,LeaderAccept
1785410632962,true,1785410632991,LeaderAccept
1785410632998,true,1785410633027,LeaderAccept
1785410633036,true,1785410633064,LeaderAccept
1785410633074,true,1785410633103,LeaderAccept
1785410633112,true,1785410633141,LeaderAccept
1785410633151,false,1785410633181,LeaderAccept
1785410633192,false,1785410633221,LeaderAccept
1785410633232,true,1785410633261,LeaderAccept
1785410633273,false,1785410633303,LeaderAccept
1785410633316,true,1785410633345,LeaderAccept
1785410633359,false,1785410633388,LeaderAccept
1785410633403,true,1785410633432,LeaderAccept
1785410633448,true,1785410633478,LeaderAccept
1785410633494,false,1785410633523,LeaderAccept
1785410633542,false,1785410633572,LeaderAccept
1785410633590,true,1785410633619,LeaderAccept
1785410633640,true,1785410633669,LeaderAccept
1785410633690,true,1785410633719,LeaderAccept
1785410633742,true,1785410633772,LeaderAccept
1785410633795,false,1785410633824,LeaderAccept
1785410633850,true,1785410633879,LeaderAccept
1785410633907,false,1785410633936,LeaderAccept
1785410633964,false,1785410633994,LeaderAccept
1785410634023,true,1785410634052,LeaderAccept
1785410634085,true,1785410634114,LeaderAccept
1785410634148,true,1785410634178,LeaderAccept
1785410634214,false,1785410634470,LeaderAccept
1785410634280,true,1785410634470,LeaderAccept
1785410634350,true,1785410634470,LeaderAccept
1785410634421,false,1785410634470,LeaderAccept
1785410634495,false,1785410634525,LeaderAccept
1785410634572,false,1785410634602,LeaderAccept
1785410634652,false,1785410634870,LeaderAccept
1785410634735,false,1785410634870,LeaderAccept
1785410634822,true,1785410634870,LeaderAccept
1785410634912,true,1785410634942,LeaderAccept
1785410635006,true,1785410635036,LeaderAccept
1785410635105,false,1785410635135,LeaderAccept
1785410635209,true,1785410635238,LeaderAccept
1785410635319,false,1785410635538,LeaderAccept
1785410635434,true,1785410635509,LeaderAccept
1785410635557,false,1785410635586,LeaderAccept
1785410635687,true,1785410635851,LeaderAccept
1785410635825,true,1785410635855,LeaderAccept
1785410635973,false,1785410636003,LeaderAccept
1785410636133,false,1785410636291,LeaderAccept
1785410636307,false,1785410636336,LeaderAccept
1785410636496,true,1785410636526,LeaderAccept
1785410636703,true,1785410636733,LeaderAccept
1785410636933,false,1785410637109,LeaderAccept
1785410637190,false,1785410637220,LeaderAccept
1785410637482,true,1785410637511,LeaderAccept
1785410637820,false,1785410637899,LeaderAccept
1785410638220,true,1785410638432,LeaderAccept
1785410638709,false,1785410638739,LeaderAccept
1785410639333,true,1785410639363,LeaderAccept
1785410640185,false,1785410640214,LeaderAccept
1785410641489,true,1785410641726,LeaderAccept
1785410643990,true,1785410644020,LeaderAccept
1785410652723,true,1785410652954,LeaderAccept
1785410680827,false,1785410681089,LeaderAccept
1785410680842,true,1785410681089,LeaderAccept
1785410680859,false,1785410681089,LeaderAccept
1785410680874,false,1785410681089,LeaderAccept
1785410680890,false,1785410681089,LeaderAccept
1785410680906,false,1785410681089,LeaderAccept
1785410680921,true,1785410681089,LeaderAccept
1785410680938,false,1785410681089,LeaderAccept
1785410680953,true,1785410681089,LeaderAccept
1785410680969,true,1785410681089,LeaderAccept
1785410680985,false,1785410681089,LeaderAccept
1785410681002,false,1785410681089,LeaderAccept
1785410681018,false,1785410681089,LeaderAccept
1785410681036,false,1785410681089,LeaderAccept
1785410681052,false,1785410681089,LeaderAccept
1785410681069,false,1785410681098,LeaderAccept
1785410681087,true,1785410681116,LeaderAccept
1785410681104,false,1785410681133,LeaderAccept
1785410681121,false,1785410681150,LeaderAccept
1785410681139,false,1785410681168,LeaderAccept
1785410681157,false,1785410681186,LeaderAccept
1785410681174,false,1785410681203,LeaderAccept
1785410681192,false,1785410681221,LeaderAccept
1785410681210,false,1785410681239,LeaderAccept
1785410681228,true,1785410681257,LeaderAccept
1785410681246,false,1785410681275,LeaderAccept
1785410681265,true,1785410681294,LeaderAccept
1785410681285,true,1785410681314,LeaderAccept
1785410681303,true,1785410681333,LeaderAccept
1785410681322,true,1785410681351,LeaderAccept
1785410681341,false,1785410681370,LeaderAccept
1785410681361,true,1785410681389,LeaderAccept
1785410681380,false,1785410681408,LeaderAccept
1785410681400,false,1785410681429,LeaderAccept
1785410681420,true,1785410681449,LeaderAccept
1785410681440,false,1785410681469,LeaderAccept
1785410681460,false,1785410681489,LeaderAccept
1785410681481,true,1785410681510,LeaderAccept
1785410681501,true,1785410681530,LeaderAccept
1785410681522,true,1785410681552,LeaderAccept
1785410681543,true,1785410681572,LeaderAccept
1785410681565,false,1785410681594,LeaderAccept
1785410681587,true,1785410681616,LeaderAccept
1785410681608,true,1785410681637,LeaderAccept
1785410681630,false,1785410681659,LeaderAccept
1785410681652,true,1785410681682,LeaderAccept
1785410681675,false,1785410681704,LeaderAccept
1785410681698,true,1785410681727,LeaderAccept
1785410681721,true,1785410681750,LeaderAccept
1785410681744,false,1785410681773,LeaderAccept
1785410681768,true,1785410681797,LeaderAccept
1785410681791,false,1785410681821,LeaderAccept
1785410681816,false,1785410681845,LeaderAccept
1785410681840,false,1785410681869,LeaderAccept
1785410681865,false,1785410681894,LeaderAccept
1785410681891,false,1785410681920,LeaderAccept
1785410681916,false,1785410681945,LeaderAccept
1785410681941,true,1785410681970,LeaderAccept
1785410681966,true,1785410681996,LeaderAccept
1785410681992,true,1785410682021,LeaderAccept
1785410682018,false,1785410682047,LeaderAccept
1785410682045,false,1785410682309,LeaderAccept
1785410682072,true,1785410682309,LeaderAccept
1785410682100,false,1785410682309,LeaderAccept
1785410682128,true,1785410682309,LeaderAccept
1785410682157,false,1785410682309,LeaderAccept
1785410682185,true,1785410682309,LeaderAccept
1785410682215,false,1785410682309,LeaderAccept
1785410682244,true,1785410682309,LeaderAccept
1785410682274,true,1785410682309,LeaderAccept
1785410682304,false,1785410682334,LeaderAccept
1785410682335,true,1785410682364,LeaderAccept
1785410682366,false,1785410682627,LeaderAccept
1785410682399,false,1785410682627,LeaderAccept
1785410682431,true,1785410682627,LeaderAccept
1785410682464,false,1785410682627,LeaderAccept
1785410682498,true,1785410682627,LeaderAccept
1785410682531,true,1785410682627,LeaderAccept
1785410682565,false,1785410682627,LeaderAccept
1785410682600,false,1785410682629,LeaderAccept
1785410682635,false,1785410682664,LeaderAccept
1785410682672,true,1785410682701,LeaderAccept
1785410682708,true,1785410682737,LeaderAccept
1785410682745,false,1785410682791,LeaderAccept
1785410682783,false,1785410682813,LeaderAccept
1785410682822,false,1785410682851,LeaderAccept
1785410682861,true,1785410682890,LeaderAccept
1785410682901,false,1785410682930,LeaderAccept
1785410682943,true,1785410682972,LeaderAccept
1785410682984,false,1785410683013,LeaderAccept
1785410683026,true,1785410683056,LeaderAccept
1785410683070,false,1785410683099,LeaderAccept
1785410683114,true,1785410683144,LeaderAccept
1785410683160,true,1785410683189,LeaderAccept
1785410683206,false,1785410683456,LeaderAccept
1785410683254,true,1785410683456,LeaderAccept
1785410683302,false,1785410683456,LeaderAccept
1785410683352,true,1785410683456,LeaderAccept
1785410683403,true,1785410683456,LeaderAccept
1785410683456,true,1785410683485,LeaderAccept
1785410683509,false,1785410683538,LeaderAccept
1785410683565,false,1785410683824,LeaderAccept
1785410683621,true,1785410683824,LeaderAccept
1785410683679,true,1785410683824,LeaderAccept
1785410683739,true,1785410683824,LeaderAccept
1785410683800,false,1785410683829,LeaderAccept
1785410683865,true,1785410683894,LeaderAccept
1785410683930,true,1785410683959,LeaderAccept
1785410683998,true,1785410684028,LeaderAccept
1785410684068,false,1785410684097,LeaderAccept
1785410684140,true,1785410684169,LeaderAccept
1785410684216,true,1785410684245,LeaderAccept
1785410684294,false,1785410684323,LeaderAccept
1785410684375,false,1785410684405,LeaderAccept
1785410684460,false,1785410684489,LeaderAccept
1785410684548,true,1785410684578,LeaderAccept
1785410684640,true,1785410684669,LeaderAccept
1785410684737,true,1785410684766,LeaderAccept
1785410684838,false,1785410684867,LeaderAccept
1785410684945,true,1785410684974,LeaderAccept
1785410685056,true,1785410685085,LeaderAccept
1785410685175,false,1785410685204,LeaderAccept
1785410685300,true,1785410685330,LeaderAccept
1785410685434,true,1785410685464,LeaderAccept
1785410685576,true,1785410685605,LeaderAccept
1785410685729,true,1785410685759,LeaderAccept
1785410685894,true,1785410685924,LeaderAccept
1785410686073,false,1785410686102,LeaderAccept
1785410686270,false,1785410686792,SlowAccept
1785410686486,true,1785410687054,LeaderAccept
1785410686727,false,1785410687054,LeaderAccept
1785410686998,true,1785410687054,LeaderAccept
1785410687309,true,1785410688325,LeaderAccept
1785410687672,false,1785410687869,LeaderAccept
1785410688106,false,1785410688339,LeaderAccept
1785410688647,true,1785410688856,LeaderAccept
1785410689354,false,1785410689399,LeaderAccept
1785410690360,true,1785410690389,LeaderAccept
1785410692022,true,1785410692112,LeaderAccept
1785410695834,true,1785410695952,LeaderAccept
1785410712580,false,1785410712605,LeaderAccept
1785410712603,false,1785410712628,LeaderAccept
1785410712627,false,1785410712652,LeaderAccept
1785410712652,true,1785410712676,LeaderAccept
1785410712676,false,1785410712701,LeaderAccept
1785410712701,true,1785410712726,LeaderAccept
1785410712726,true,1785410712751,LeaderAccept
1785410712753,false,1785410712777,LeaderAccept
1785410712779,true,1785410712804,LeaderAccept
1785410712805,false,1785410712830,LeaderAccept
1785410712831,false,1785410712857,LeaderAccept
1785410712858,true,1785410712883,LeaderAccept
1785410712885,false,1785410712911,LeaderAccept
1785410712913,false,1785410712938,LeaderAccept
1785410712941,true,1785410712966,LeaderAccept
1785410712970,true,1785410712995,LeaderAccept
1785410712998,false,1785410713024,LeaderAccept
1785410713027,false,1785410713052,LeaderAccept
1785410713056,false,1785410713082,LeaderAccept
1785410713086,true,1785410713111,LeaderAccept
1785410713117,true,1785410713142,LeaderAccept
1785410713147,false,1785410713173,LeaderAccept
1785410713178,true,1785410713203,LeaderAccept
1785410713210,false,1785410713236,LeaderAccept
1785410713242,true,1785410713268,LeaderAccept
1785410713275,false,1785410713300,LeaderAccept
1785410713309,false,1785410713334,LeaderAccept
1785410713342,true,1785410713367,LeaderAccept
1785410713377,true,1785410713402,LeaderAccept
1785410713411,false,1785410713437,LeaderAccept
1785410713446,true,1785410713472,LeaderAccept
1785410713482,true,1785410713507,LeaderAccept
1785410713518,false,1785410713544,LeaderAccept
1785410713557,true,1785410713582,LeaderAccept
1785410713596,true,1785410713621,LeaderAccept
1785410713634,false,1785410713660,LeaderAccept
1785410713674,true,1785410713699,LeaderAccept
1785410713715,false,1785410713740,LeaderAccept
1785410713756,true,1785410713782,LeaderAccept
1785410713798,false,1785410713824,LeaderAccept
1785410713841,false,1785410713867,LeaderAccept
1785410713885,false,1785410713911,LeaderAccept
1785410713930,true,1785410713956,LeaderAccept
1785410713976,true,1785410714002,LeaderAccept
1785410714023,true,1785410714048,LeaderAccept
1785410714072,true,1785410714097,LeaderAccept
1785410714120,false,1785410714145,LeaderAccept
1785410714171,false,1785410714196,LeaderAccept
1785410714222,true,1785410714248,LeaderAccept
1785410714275,true,1785410714300,LeaderAccept
1785410714330,false,1785410714355,LeaderAccept
1785410714385,false,1785410714410,LeaderAccept
1785410714443,false,1785410714468,LeaderAccept
1785410714502,true,1785410714527,LeaderAccept
1785410714563,true,1785410714588,LeaderAccept
1785410714626,true,1785410714651,LeaderAccept
1785410714690,true,1785410714716,LeaderAccept
1785410714757,false,1785410714783,LeaderAccept
1785410714826,true,1785410714852,LeaderAccept
1785410714897,true,1785410714923,LeaderAccept
1785410714971,true,1785410714996,LeaderAccept
1785410715048,false,1785410715073,LeaderAccept
1785410715128,false,1785410715153,LeaderAccept
1785410715211,true,1785410715236,LeaderAccept
1785410715296,false,1785410715322,LeaderAccept
1785410715386,false,1785410715412,LeaderAccept
1785410715481,false,1785410715506,LeaderAccept
1785410715578,true,1785410715603,LeaderAccept
1785410715681,false,1785410715706,LeaderAccept
1785410715790,false,1785410715815,LeaderAccept
1785410715905,true,1785410715930,LeaderAccept
1785410716025,false,1785410716051,LeaderAccept
1785410716153,false,1785410716184,LeaderAccept
1785410716289,false,1785410716314,LeaderAccept
1785410716435,false,1785410716543,LeaderAccept
1785410716592,false,1785410716629,LeaderAccept
1785410716762,true,1785410716802,LeaderAccept
1785410716946,false,1785410716996,LeaderAccept
1785410717148,true,1785410717179,LeaderAccept
1785410717372,true,1785410717397,LeaderAccept
1785410717622,false,1785410717676,LeaderAccept
1785410717906,false,1785410717931,LeaderAccept
1785410718233,true,1785410718258,LeaderAccept
1785410718617,true,1785410718642,LeaderAccept
1785410719083,true,1785410719127,LeaderAccept
1785410719670,true,1785410719695,LeaderAccept
1785410720458,true,1785410720483,LeaderAccept
1785410721624,true,1785410721650,LeaderAccept
1785410723715,false,1785410723740,LeaderAccept
1785410729654,true,1785410729680,LeaderAccept
1785410743801,true,1785410743827,LeaderAccept
1785410743818,false,1785410743844,LeaderAccept
1785410743835,false,1785410743861,LeaderAccept
1785410743852,false,1785410743877,LeaderAccept
1785410743869,false,1785410743894,LeaderAccept
1785410743886,false,1785410743911,LeaderAccept
1785410743904,false,1785410743930,LeaderAccept
1785410743921,true,1785410743947,LeaderAccept
1785410743940,false,1785410743965,LeaderAccept
1785410743957,true,1785410743982,LeaderAccept
1785410743975,false,1785410744001,LeaderAccept
1785410743994,false,1785410744019,LeaderAccept
1785410744012,true,1785410744037,LeaderAccept
1785410744030,true,1785410744055,LeaderAccept
1785410744049,false,1785410744075,LeaderAccept
1785410744069,true,1785410744094,LeaderAccept
1785410744087,true,1785410744112,LeaderAccept
1785410744106,false,1785410744131,LeaderAccept
1785410744126,true,1785410744151,LeaderAccept
1785410744146,true,1785410744171,LeaderAccept
1785410744166,true,1785410744191,LeaderAccept
1785410744185,true,1785410744211,LeaderAccept
1785410744205,true,1785410744231,LeaderAccept
1785410744225,false,1785410744250,LeaderAccept
1785410744245,false,1785410744270,LeaderAccept
1785410744265,false,1785410744290,LeaderAccept
1785410744287,false,1785410744312,LeaderAccept
1785410744308,false,1785410744333,LeaderAccept
1785410744329,true,1785410744355,LeaderAccept
1785410744351,true,1785410744376,LeaderAccept
1785410744373,false,1785410744398,LeaderAccept
1785410744395,false,1785410744420,LeaderAccept
1785410744417,true,1785410744443,LeaderAccept
1785410744439,true,1785410744464,LeaderAccept
1785410744462,false,1785410744487,LeaderAccept
1785410744485,true,1785410744511,LeaderAccept
1785410744508,true,1785410744533,LeaderAccept
1785410744531,false,1785410744556,LeaderAccept
1785410744555,true,1785410744580,LeaderAccept
1785410744578,false,1785410744603,LeaderAccept
1785410744602,true,1785410744627,LeaderAccept
1785410744626,true,1785410744651,LeaderAccept
1785410744651,false,1785410744676,LeaderAccept
1785410744676,true,1785410744701,LeaderAccept
1785410744701,true,1785410744726,LeaderAccept
1785410744727,true,1785410744753,LeaderAccept
1785410744752,true,1785410744778,LeaderAccept
1785410744778,false,1785410744803,LeaderAccept
1785410744804,true,1785410744829,LeaderAccept
1785410744831,true,1785410744856,LeaderAccept
1785410744858,true,1785410744884,LeaderAccept
1785410744887,false,1785410744912,LeaderAccept
1785410744915,false,1785410744941,LeaderAccept
1785410744943,false,1785410744969,LeaderAccept
1785410744972,false,1785410744997,LeaderAccept
1785410745001,true,1785410745027,LeaderAccept
1785410745031,false,1785410745057,LeaderAccept
1785410745061,false,1785410745086,LeaderAccept
1785410745092,true,1785410745117,LeaderAccept
1785410745122,true,1785410745147,LeaderAccept
1785410745153,false,1785410745179,LeaderAccept
1785410745185,true,1785410745211,LeaderAccept
1785410745217,true,1785410745242,LeaderAccept
1785410745250,true,1785410745275,LeaderAccept
1785410745284,false,1785410745309,LeaderAccept
1785410745317,true,1785410745343,LeaderAccept
1785410745352,true,1785410745377,LeaderAccept
1785410745388,false,1785410745413,LeaderAccept
1785410745423,false,1785410745449,LeaderAccept
1785410745460,true,1785410745485,LeaderAccept
1785410745496,false,1785410745522,LeaderAccept
1785410745534,true,1785410745559,LeaderAccept
1785410745572,false,1785410745597,LeaderAccept
1785410745611,true,1785410745637,LeaderAccept
1785410745651,false,1785410745676,LeaderAccept
1785410745692,false,1785410745717,LeaderAccept
1785410745733,false,1785410745758,LeaderAccept
1785410745776,false,1785410745801,LeaderAccept
1785410745818,true,1785410745843,LeaderAccept
1785410745863,true,1785410745888,LeaderAccept
1785410745907,false,1785410745932,LeaderAccept
1785410745954,true,1785410745979,LeaderAccept
1785410746002,true,1785410746027,LeaderAccept
1785410746050,false,1785410746076,LeaderAccept
1785410746099,true,1785410746124,LeaderAccept
1785410746150,false,1785410746175,LeaderAccept
1785410746201,true,1785410746227,LeaderAccept
1785410746254,false,1785410746279,LeaderAccept
1785410746308,false,1785410746334,LeaderAccept
1785410746365,false,1785410746390,LeaderAccept
1785410746422,true,1785410746448,LeaderAccept
1785410746481,true,1785410746507,LeaderAccept
1785410746542,false,1785410746568,LeaderAccept
1785410746605,true,1785410746631,LeaderAccept
1785410746669,false,1785410746695,LeaderAccept
1785410746736,true,1785410746761,LeaderAccept
1785410746806,true,1785410746832,LeaderAccept
1785410746877,true,1785410746902,LeaderAccept
1785410746951,false,1785410746976,LeaderAccept
1785410747028,false,1785410747053,LeaderAccept
1785410747108,false,1785410747134,LeaderAccept
1785410747190,true,1785410747215,LeaderAccept
1785410747277,true,1785410747302,LeaderAccept
1785410747366,false,1785410747392,LeaderAccept
1785410747460,false,1785410747486,LeaderAccept
1785410747560,true,1785410747585,LeaderAccept
1785410747664,true,1785410747689,LeaderAccept
1785410747774,true,1785410747799,LeaderAccept
1785410747890,false,1785410747915,LeaderAccept
1785410748012,false,1785410748037,LeaderAccept
1785410748141,true,1785410748167,LeaderAccept
1785410748279,true,1785410748305,LeaderAccept
1785410748427,false,1785410748453,LeaderAccept
1785410748587,true,1785410748612,LeaderAccept
1785410748759,false,1785410748785,LeaderAccept
1785410748947,true,1785410748973,LeaderAccept
1785410749153,true,1785410749179,LeaderAccept
1785410749381,false,1785410749407,LeaderAccept
1785410749638,true,1785410749664,LeaderAccept
1785410749928,true,1785410749954,LeaderAccept
1785410750265,false,1785410750290,LeaderAccept
1785410750662,false,1785410750687,LeaderAccept
1785410751145,false,1785410751171,LeaderAccept
1785410751761,true,1785410751786,LeaderAccept
1785410752598,true,1785410752624,LeaderAccept
1785410753870,false,1785410753895,LeaderAccept
1785410756272,false,1785410756543,LeaderAccept
1785410764254,false,1785410764310,LeaderAccept
1785410799133,false,1785410799158,LeaderAccept
1785410799153,true,1785410799179,LeaderAccept
1785410799174,false,1785410799200,LeaderAccept
1785410799196,false,1785410799221,LeaderAccept
1785410799217,true,1785410799242,LeaderAccept
1785410799238,true,1785410799263,LeaderAccept
1785410799261,true,1785410799286,LeaderAccept
1785410799283,false,1785410799308,LeaderAccept
1785410799304,true,1785410799329,LeaderAccept
1785410799326,false,1785410799372,LeaderAccept
1785410799348,true,1785410799373,LeaderAccept
1785410799372,true,1785410799397,LeaderAccept
1785410799394,true,1785410799419,LeaderAccept
1785410799418,false,1785410799442,LeaderAccept
1785410799441,false,1785410799466,LeaderAccept
1785410799465,true,1785410799490,LeaderAccept
1785410799488,true,1785410799513,LeaderAccept
1785410799513,true,1785410799538,LeaderAccept
1785410799538,true,1785410799562,LeaderAccept
1785410799562,true,1785410799618,LeaderAccept
1785410799588,false,1785410799618,LeaderAccept
1785410799613,false,1785410799638,LeaderAccept
1785410799639,false,1785410799664,LeaderAccept
1785410799665,false,1785410799690,LeaderAccept
1785410799691,true,1785410799716,LeaderAccept
1785410799718,false,1785410799743,LeaderAccept
1785410799745,true,1785410799771,LeaderAccept
1785410799773,false,1785410799798,LeaderAccept
1785410799801,false,1785410799826,LeaderAccept
1785410799830,false,1785410799855,LeaderAccept
1785410799858,true,1785410799883,LeaderAccept
1785410799887,true,1785410799913,LeaderAccept
1785410799917,false,1785410799942,LeaderAccept
1785410799946,false,1785410799971,LeaderAccept
1785410799976,true,1785410800002,LeaderAccept
1785410800008,true,1785410800033,LeaderAccept
1785410800040,false,1785410800065,LeaderAccept
1785410800071,true,1785410800097,LeaderAccept
1785410800103,true,1785410800128,LeaderAccept
1785410800135,true,1785410800161,LeaderAccept
1785410800169,false,1785410800194,LeaderAccept
1785410800202,true,1785410800227,LeaderAccept
1785410800236,true,1785410800261,LeaderAccept
1785410800271,true,1785410800296,LeaderAccept
1785410800306,true,1785410800331,LeaderAccept
1785410800342,false,1785410800367,LeaderAccept
1785410800379,true,1785410800404,LeaderAccept
1785410800417,true,1785410800442,LeaderAccept
1785410800455,false,1785410800480,LeaderAccept
1785410800494,true,1785410800519,LeaderAccept
1785410800534,true,1785410800559,LeaderAccept
1785410800575,false,1785410800600,LeaderAccept
1785410800615,false,1785410800641,LeaderAccept
1785410800658,true,1785410800683,LeaderAccept
1785410800700,true,1785410800725,LeaderAccept
1785410800744,true,1785410800769,LeaderAccept
1785410800789,true,1785410800814,LeaderAccept
1785410800835,true,1785410800861,LeaderAccept
1785410800882,false,1785410800908,LeaderAccept
1785410800930,false,1785410800956,LeaderAccept
1785410800979,true,1785410801004,LeaderAccept
1785410801029,true,1785410801054,LeaderAccept
1785410801081,false,1785410801106,LeaderAccept
1785410801133,false,1785410801158,LeaderAccept
1785410801187,true,1785410801212,LeaderAccept
1785410801242,true,1785410801268,LeaderAccept
1785410801299,false,1785410801324,LeaderAccept
1785410801357,false,1785410801382,LeaderAccept
1785410801417,true,1785410801442,LeaderAccept
1785410801480,true,1785410801505,LeaderAccept
1785410801543,true,1785410801568,LeaderAccept
1785410801610,false,1785410801634,LeaderAccept
1785410801677,false,1785410801702,LeaderAccept
1785410801747,false,1785410801772,LeaderAccept
1785410801820,false,1785410801845,LeaderAccept
1785410801897,false,1785410801922,LeaderAccept
1785410801975,false,1785410802001,LeaderAccept
1785410802057,true,1785410802083,LeaderAccept
1785410802142,true,1785410802167,LeaderAccept
1785410802231,false,1785410802256,LeaderAccept
1785410802323,true,1785410802349,LeaderAccept
1785410802420,true,1785410802445,LeaderAccept
1785410802521,true,1785410802546,LeaderAccept
1785410802628,false,1785410802653,LeaderAccept
1785410802740,true,1785410802798,LeaderAccept
1785410802860,false,1785410802885,LeaderAccept
1785410802986,false,1785410803020,LeaderAccept
1785410803122,true,1785410803160,LeaderAccept
1785410803266,false,1785410803305,LeaderAccept
1785410803420,false,1785410803471,LeaderAccept
1785410803588,true,1785410803656,LeaderAccept
1785410803769,true,1785410803800,LeaderAccept
1785410803968,true,1785410804003,LeaderAccept
1785410804187,true,1785410804268,LeaderAccept
1785410804431,true,1785410804476,LeaderAccept
1785410804706,true,1785410804780,LeaderAccept
1785410805022,false,1785410805047,LeaderAccept
1785410805393,false,1785410805446,LeaderAccept
1785410805837,true,1785410805862,LeaderAccept
1785410806392,false,1785410806455,LeaderAccept
1785410807125,false,1785410807150,LeaderAccept
1785410808183,true,1785410808208,LeaderAccept
1785410809975,true,1785410810001,LeaderAccept
1785410814367,false,1785410814392,LeaderAccept
1785410834311,true,1785410834336,LeaderAccept
1785410834336,true,1785410834361,LeaderAccept
1785410834361,false,1785410834386,LeaderAccept
1785410834385,true,1785410834410,LeaderAccept
1785410834410,false,1785410834435,LeaderAccept
1785410834435,false,1785410834460,LeaderAccept
1785410834460,false,1785410834485,LeaderAccept
1785410834486,true,1785410834511,LeaderAccept
1785410834512,false,1785410834538,LeaderAccept
1785410834539,true,1785410834564,LeaderAccept
1785410834566,false,1785410834592,LeaderAccept
1785410834594,false,1785410834619,LeaderAccept
1785410834622,false,1785410834647,LeaderAccept
1785410834651,true,1785410834676,LeaderAccept
1785410834679,true,1785410834705,LeaderAccept
1785410834708,true,1785410834733,LeaderAccept
1785410834737,true,1785410834762,LeaderAccept
1785410834767,false,1785410834793,LeaderAccept
1785410834797,false,1785410834823,LeaderAccept
1785410834829,false,1785410834854,LeaderAccept
1785410834860,false,1785410834886,LeaderAccept
1785410834892,true,1785410834917,LeaderAccept
1785410834925,false,1785410834950,LeaderAccept
1785410834957,true,1785410834982,LeaderAccept
1785410834991,false,1785410835016,LeaderAccept
1785410835024,false,1785410835050,LeaderAccept
1785410835058,false,1785410835084,LeaderAccept
1785410835093,false,1785410835118,LeaderAccept
1785410835128,false,1785410835154,LeaderAccept
1785410835164,false,1785410835189,LeaderAccept
1785410835201,false,1785410835226,LeaderAccept
1785410835238,true,1785410835264,LeaderAccept
1785410835276,true,1785410835302,LeaderAccept
1785410835315,true,1785410835340,LeaderAccept
1785410835355,true,1785410835380,LeaderAccept
1785410835395,true,1785410835421,LeaderAccept
1785410835436,true,1785410835462,LeaderAccept
1785410835478,true,1785410835504,LeaderAccept
1785410835521,false,1785410835547,LeaderAccept
1785410835565,false,1785410835591,LeaderAccept
1785410835609,true,1785410835634,LeaderAccept
1785410835655,false,1785410835680,LeaderAccept
1785410835701,false,1785410835726,LeaderAccept
1785410835749,false,1785410835774,LeaderAccept
1785410835797,false,1785410835822,LeaderAccept
1785410835848,false,1785410835873,LeaderAccept
1785410835898,false,1785410835923,LeaderAccept
1785410835951,true,1785410835976,LeaderAccept
1785410836004,true,1785410836030,LeaderAccept
1785410836059,false,1785410836085,LeaderAccept
1785410836116,false,1785410836142,LeaderAccept
1785410836174,true,1785410836200,LeaderAccept
1785410836235,false,1785410836260,LeaderAccept
1785410836297,true,1785410836322,LeaderAccept
1785410836360,true,1785410836386,LeaderAccept
1785410836427,true,1785410836452,LeaderAccept
1785410836494,true,1785410836520,LeaderAccept
1785410836564,false,1785410836589,LeaderAccept
1785410836637,true,1785410836663,LeaderAccept
1785410836712,false,1785410836737,LeaderAccept
1785410836791,true,1785410836816,LeaderAccept
1785410836873,false,1785410836898,LeaderAccept
1785410836957,true,1785410836983,LeaderAccept
1785410837045,true,1785410837071,LeaderAccept
1785410837137,false,1785410837163,LeaderAccept
1785410837233,true,1785410837258,LeaderAccept
1785410837334,true,1785410837360,LeaderAccept
1785410837440,true,1785410837465,LeaderAccept
1785410837552,false,1785410837577,LeaderAccept
1785410837671,false,1785410837697,LeaderAccept
1785410837796,true,1785410837822,LeaderAccept
1785410837929,true,1785410837955,LeaderAccept
1785410838071,false,1785410838097,LeaderAccept
1785410838224,true,1785410838249,LeaderAccept
1785410838390,true,1785410838416,LeaderAccept
1785410838569,false,1785410838594,LeaderAccept
1785410838766,true,1785410838791,LeaderAccept
1785410838982,false,1785410839008,LeaderAccept
1785410839222,false,1785410839248,LeaderAccept
1785410839493,true,1785410839518,LeaderAccept
1785410839804,true,1785410839829,LeaderAccept
1785410840167,true,1785410840192,LeaderAccept
1785410840601,false,1785410840626,LeaderAccept
1785410841139,false,1785410841195,LeaderAccept
1785410841844,true,1785410841898,LeaderAccept
1785410842847,false,1785410842872,LeaderAccept
1785410844501,false,1785410844527,LeaderAccept
1785410848283,false,1785410848507,LeaderAccept
1785410868125,false,1785410868186,LeaderAccept
1785410868161,false,1785410868186,LeaderAccept
1785410868198,true,1785410868223,LeaderAccept
1785410868235,false,1785410868261,LeaderAccept
1785410868273,false,1785410868298,LeaderAccept
1785410868311,false,1785410868336,LeaderAccept
1785410868350,true,1785410868375,LeaderAccept
1785410868390,false,1785410868415,LeaderAccept
1785410868431,false,1785410868456,LeaderAccept
1785410868473,false,1785410868499,LeaderAccept
1785410868516,false,1785410868541,LeaderAccept
1785410868560,true,1785410868586,LeaderAccept
1785410868605,false,1785410868630,LeaderAccept
1785410868650,false,1785410868676,LeaderAccept
1785410868698,true,1785410868723,LeaderAccept
1785410868745,true,1785410868770,LeaderAccept
1785410868794,false,1785410868819,LeaderAccept
1785410868845,true,1785410868870,LeaderAccept
1785410868896,true,1785410868922,LeaderAccept
1785410868949,true,1785410868975,LeaderAccept
1785410869004,false,1785410869029,LeaderAccept
1785410869059,false,1785410869085,LeaderAccept
1785410869116,false,1785410869141,LeaderAccept
1785410869175,false,1785410869200,LeaderAccept
1785410869235,true,1785410869281,LeaderAccept
1785410869297,true,1785410869322,LeaderAccept
1785410869361,true,1785410869387,LeaderAccept
1785410869427,false,1785410869452,LeaderAccept
1785410869495,true,1785410869521,LeaderAccept
1785410869566,false,1785410869591,LeaderAccept
1785410869639,false,1785410869664,LeaderAccept
1785410869716,false,1785410869741,LeaderAccept
1785410869794,true,1785410869819,LeaderAccept
1785410869877,true,1785410869902,LeaderAccept
1785410869962,false,1785410869987,LeaderAccept
1785410870052,true,1785410870076,LeaderAccept
1785410870144,true,1785410870169,LeaderAccept
1785410870242,false,1785410870267,LeaderAccept
1785410870344,true,1785410870369,LeaderAccept
1785410870452,false,1785410870477,LeaderAccept
1785410870565,true,1785410870591,LeaderAccept
1785410870686,true,1785410870711,LeaderAccept
1785410870813,true,1785410870838,LeaderAccept
1785410870949,false,1785410870974,LeaderAccept
1785410871093,true,1785410871119,LeaderAccept
1785410871249,true,1785410871275,LeaderAccept
1785410871417,false,1785410871457,LeaderAccept
1785410871601,false,1785410871626,LeaderAccept
1785410871801,false,1785410871827,LeaderAccept
1785410872023,false,1785410872049,LeaderAccept
1785410872272,true,1785410872297,LeaderAccept
1785410872552,true,1785410872577,LeaderAccept
1785410872874,true,1785410872899,LeaderAccept
1785410873251,true,1785410873277,LeaderAccept
1785410873707,false,1785410873733,LeaderAccept
1785410874281,false,1785410874306,LeaderAccept
1785410875043,true,1785410875068,LeaderAccept
1785410876159,true,1785410876184,LeaderAccept
1785410878108,false,1785410878175,LeaderAccept
1785410883267,true,1785410883292,LeaderAccept
1785410885723,true,1785410885749,LeaderAccept
1785410885739,false,1785410885764,LeaderAccept
1785410885754,true,1785410885780,LeaderAccept
1785410885769,false,1785410885794,LeaderAccept
1785410885785,true,1785410885809,LeaderAccept
1785410885800,false,1785410885825,LeaderAccept
1785410885816,true,1785410885841,LeaderAccept
1785410885831,true,1785410885856,LeaderAccept
1785410885848,false,1785410885873,LeaderAccept
1785410885864,false,1785410885889,LeaderAccept
1785410885879,true,1785410885904,LeaderAccept
1785410885895,true,1785410885921,LeaderAccept
1785410885911,false,1785410885936,LeaderAccept
1785410885927,false,1785410885952,LeaderAccept
1785410885943,true,1785410885968,LeaderAccept
1785410885959,true,1785410885984,LeaderAccept
1785410885976,false,1785410886001,LeaderAccept
1785410885992,true,1785410886018,LeaderAccept
1785410886009,false,1785410886035,LeaderAccept
1785410886026,false,1785410886051,LeaderAccept
1785410886043,true,1785410886068,LeaderAccept
1785410886060,true,1785410886085,LeaderAccept
1785410886077,false,1785410886103,LeaderAccept
1785410886095,true,1785410886120,LeaderAccept
1785410886113,true,1785410886138,LeaderAccept
1785410886131,true,1785410886156,LeaderAccept
1785410886149,false,1785410886174,LeaderAccept
1785410886168,true,1785410886193,LeaderAccept
1785410886186,false,1785410886212,LeaderAccept
1785410886205,true,1785410886230,LeaderAccept
1785410886224,false,1785410886249,LeaderAccept
1785410886242,true,1785410886268,LeaderAccept
1785410886261,false,1785410886287,LeaderAccept
1785410886280,true,1785410886306,LeaderAccept
1785410886300,false,1785410886324,LeaderAccept
1785410886319,true,1785410886344,LeaderAccept
1785410886338,false,1785410886363,LeaderAccept
1785410886359,false,1785410886383,LeaderAccept
1785410886379,false,1785410886404,LeaderAccept
1785410886400,true,1785410886424,LeaderAccept
1785410886420,false,1785410886446,LeaderAccept
1785410886440,true,1785410886465,LeaderAccept
1785410886460,true,1785410886485,LeaderAccept
1785410886481,false,1785410886507,LeaderAccept
1785410886502,false,1785410886527,LeaderAccept
1785410886523,true,1785410886548,LeaderAccept
1785410886545,false,1785410886569,LeaderAccept
1785410886566,false,1785410886592,LeaderAccept
1785410886589,false,1785410886614,LeaderAccept
1785410886611,false,1785410886636,LeaderAccept
1785410886633,true,1785410886658,LeaderAccept
1785410886656,true,1785410886682,LeaderAccept
1785410886679,true,1785410886725,LeaderAccept
1785410886702,false,1785410886728,LeaderAccept
1785410886725,true,1785410886750,LeaderAccept
1785410886749,true,1785410886773,LeaderAccept
1785410886773,false,1785410886798,LeaderAccept
1785410886798,false,1785410886822,LeaderAccept
1785410886822,true,1785410886847,LeaderAccept
1785410886847,true,1785410886871,LeaderAccept
1785410886872,true,1785410886898,LeaderAccept
1785410886899,true,1785410886924,LeaderAccept
1785410886924,false,1785410886948,LeaderAccept
1785410886950,true,1785410886975,LeaderAccept
1785410886977,false,1785410887002,LeaderAccept
1785410887005,true,1785410887030,LeaderAccept
1785410887032,false,1785410887057,LeaderAccept
1785410887059,false,1785410887084,LeaderAccept
1785410887087,true,1785410887113,LeaderAccept
1785410887115,true,1785410887140,LeaderAccept
1785410887143,true,1785410887169,LeaderAccept
1785410887172,true,1785410887197,LeaderAccept
1785410887201,false,1785410887226,LeaderAccept
1785410887231,true,1785410887257,LeaderAccept
1785410887261,false,1785410887286,LeaderAccept
1785410887291,false,1785410887317,LeaderAccept
1785410887322,false,1785410887347,LeaderAccept
1785410887353,true,1785410887379,LeaderAccept
1785410887386,true,1785410887411,LeaderAccept
1785410887418,true,1785410887443,LeaderAccept
1785410887451,true,1785410887476,LeaderAccept
1785410887485,false,1785410887511,LeaderAccept
1785410887519,false,1785410887545,LeaderAccept
1785410887555,true,1785410887580,LeaderAccept
1785410887590,false,1785410887616,LeaderAccept
1785410887626,false,1785410887651,LeaderAccept
1785410887662,true,1785410887687,LeaderAccept
1785410887699,true,1785410887724,LeaderAccept
1785410887737,true,1785410887762,LeaderAccept
1785410887776,true,1785410887801,LeaderAccept
1785410887815,false,1785410887841,LeaderAccept
1785410887856,false,1785410887881,LeaderAccept
1785410887897,false,1785410887923,LeaderAccept
1785410887939,true,1785410887964,LeaderAccept
1785410887982,false,1785410888007,LeaderAccept
1785410888025,true,1785410888050,LeaderAccept
1785410888069,true,1785410888094,LeaderAccept
1785410888115,false,1785410888140,LeaderAccept
1785410888163,true,1785410888188,LeaderAccept
1785410888210,true,1785410888236,LeaderAccept
1785410888259,true,1785410888284,LeaderAccept
1785410888308,false,1785410888333,LeaderAccept
1785410888360,true,1785410888385,LeaderAccept
1785410888413,false,1785410888438,LeaderAccept
1785410888466,true,1785410888492,LeaderAccept
1785410888521,false,1785410888546,LeaderAccept
1785410888577,true,1785410888603,LeaderAccept
1785410888635,false,1785410888696,LeaderAccept
1785410888696,true,1785410888720,LeaderAccept
1785410888758,false,1785410888783,LeaderAccept
1785410888821,false,1785410888846,LeaderAccept
1785410888888,false,1785410888939,LeaderAccept
1785410888956,false,1785410888981,LeaderAccept
1785410889026,true,1785410889052,LeaderAccept
1785410889099,false,1785410889124,LeaderAccept
1785410889174,false,1785410889199,LeaderAccept
1785410889253,false,1785410889278,LeaderAccept
1785410889333,false,1785410889358,LeaderAccept
1785410889417,true,1785410889442,LeaderAccept
1785410889505,true,1785410889531,LeaderAccept
1785410889597,false,1785410889622,LeaderAccept
1785410889693,true,1785410889719,LeaderAccept
1785410889793,false,1785410889819,LeaderAccept
1785410889899,false,1785410889925,LeaderAccept
1785410890011,false,1785410890036,LeaderAccept
1785410890129,true,1785410890155,LeaderAccept
1785410890254,true,1785410890280,LeaderAccept
1785410890387,true,1785410890413,LeaderAccept
1785410890529,false,1785410890555,LeaderAccept
1785410890681,false,1785410890706,LeaderAccept
1785410890846,true,1785410890907,LeaderAccept
1785410891025,true,1785410891050,LeaderAccept
1785410891220,false,1785410891246,LeaderAccept
1785410891435,true,1785410891460,LeaderAccept
1785410891674,false,1785410891700,LeaderAccept
1785410891943,false,1785410891968,LeaderAccept
1785410892251,true,1785410892276,LeaderAccept
1785410892610,true,1785410892636,LeaderAccept
1785410893040,true,1785410893066,LeaderAccept
1785410893574,true,1785410893599,LeaderAccept
1785410894268,true,1785410894293,LeaderAccept
1785410895252,false,1785410895277,LeaderAccept
1785410896859,true,1785410896884,LeaderAccept
1785410900446,false,1785410900472,LeaderAccept
1785410915499,true,1785410915581,LeaderAccept
1785410915519,false,1785410915581,LeaderAccept
1785410915538,false,1785410915581,LeaderAccept
1785410915557,false,1785410915582,LeaderAccept
1785410915578,false,1785410915624,LeaderAccept
1785410915599,true,1785410915624,LeaderAccept
1785410915619,true,1785410915644,LeaderAccept
1785410915639,true,1785410915664,LeaderAccept
1785410915659,false,1785410915684,LeaderAccept
1785410915681,true,1785410915760,LeaderAccept
1785410915701,true,1785410915760,LeaderAccept
1785410915722,true,1785410915760,LeaderAccept
1785410915743,false,1785410915768,LeaderAccept
1785410915765,false,1785410915855,LeaderAccept
1785410915787,true,1785410915855,LeaderAccept
1785410915810,false,1785410915855,LeaderAccept
1785410915832,false,1785410915857,LeaderAccept
1785410915854,false,1785410915879,LeaderAccept
1785410915877,true,1785410915954,LeaderAccept
1785410915900,true,1785410915954,LeaderAccept
1785410915924,false,1785410915954,LeaderAccept
1785410915947,false,1785410915972,LeaderAccept
1785410915972,true,1785410916061,LeaderAccept
1785410915995,false,1785410916061,LeaderAccept
1785410916020,false,1785410916061,LeaderAccept
1785410916044,false,1785410916070,LeaderAccept
1785410916069,false,1785410916094,LeaderAccept
1785410916094,false,1785410916170,LeaderAccept
1785410916119,true,1785410916170,LeaderAccept
1785410916145,false,1785410916170,LeaderAccept
1785410916172,true,1785410916197,LeaderAccept
1785410916198,true,1785410916287,LeaderAccept
1785410916225,false,1785410916287,LeaderAccept
1785410916253,false,1785410916287,LeaderAccept
1785410916280,true,1785410916305,LeaderAccept
1785410916308,false,1785410916333,LeaderAccept
1785410916336,true,1785410916410,LeaderAccept
1785410916365,false,1785410916390,LeaderAccept
1785410916395,false,1785410916420,LeaderAccept
1785410916424,false,1785410916449,LeaderAccept
1785410916454,false,1785410916541,LeaderAccept
1785410916485,false,1785410916541,LeaderAccept
1785410916515,true,1785410916541,LeaderAccept
1785410916546,false,1785410916571,LeaderAccept
1785410916577,false,1785410916602,LeaderAccept
1785410916610,false,1785410916636,LeaderAccept
1785410916643,true,1785410916668,LeaderAccept
1785410916676,false,1785410916702,LeaderAccept
1785410916710,true,1785410916735,LeaderAccept
1785410916744,true,1785410916830,LeaderAccept
1785410916780,true,1785410916830,LeaderAccept
1785410916815,false,1785410916840,LeaderAccept
1785410916851,true,1785410916876,LeaderAccept
1785410916889,false,1785410916914,LeaderAccept
1785410916926,true,1785410916951,LeaderAccept
1785410916964,true,1785410916989,LeaderAccept
1785410917003,false,1785410917028,LeaderAccept
1785410917044,false,1785410917069,LeaderAccept
1785410917084,false,1785410917167,LeaderAccept
1785410917126,true,1785410917167,LeaderAccept
1785410917167,false,1785410917192,LeaderAccept
1785410917210,false,1785410917235,LeaderAccept
1785410917254,true,1785410917280,LeaderAccept
1785410917299,true,1785410917324,LeaderAccept
1785410917344,true,1785410917369,LeaderAccept
1785410917391,true,1785410917417,LeaderAccept
1785410917439,false,1785410917464,LeaderAccept
1785410917488,false,1785410917571,LeaderAccept
1785410917538,false,1785410917571,LeaderAccept
1785410917590,false,1785410917615,LeaderAccept
1785410917642,true,1785410917667,LeaderAccept
1785410917696,false,1785410917721,LeaderAccept
1785410917753,false,1785410917778,LeaderAccept
1785410917809,false,1785410917914,LeaderAccept
1785410917869,false,1785410917914,LeaderAccept
1785410917929,true,1785410917970,LeaderAccept
1785410917991,true,1785410918040,LeaderAccept
1785410918055,false,1785410918095,LeaderAccept
1785410918121,true,1785410918226,LeaderAccept
1785410918190,true,1785410918226,LeaderAccept
1785410918260,false,1785410918490,LeaderAccept
1785410918333,false,1785410918383,LeaderAccept
1785410918409,true,1785410918490,LeaderAccept
1785410918487,false,1785410918533,LeaderAccept
1785410918569,true,1785410918598,LeaderAccept
1785410918654,false,1785410918696,LeaderAccept
1785410918743,false,1785410918789,LeaderAccept
1785410918836,false,1785410918871,LeaderAccept
1785410918933,true,1785410919033,LeaderAccept
1785410919035,false,1785410919081,LeaderAccept
1785410919142,true,1785410919177,LeaderAccept
1785410919256,false,1785410919365,LeaderAccept
1785410919375,true,1785410919400,LeaderAccept
1785410919503,true,1785410919539,LeaderAccept
1785410919638,true,1785410919684,LeaderAccept
1785410919782,true,1785410919807,LeaderAccept
1785410919937,false,1785410919976,LeaderAccept
1785410920106,true,1785410920131,LeaderAccept
1785410920288,true,1785410920328,LeaderAccept
1785410920489,true,1785410920529,LeaderAccept
1785410920709,true,1785410920734,LeaderAccept
1785410920956,false,1785410920981,LeaderAccept
1785410921235,false,1785410921260,LeaderAccept
1785410921555,false,1785410921580,LeaderAccept
1785410921931,false,1785410921971,LeaderAccept
1785410922383,true,1785410922409,LeaderAccept
1785410922951,true,1785410922997,LeaderAccept
1785410923704,true,1785410923730,LeaderAccept
1785410924801,false,1785410924826,LeaderAccept
1785410926698,false,1785410926724,LeaderAccept
1785410931595,true,1785410931620,LeaderAccept
1785410938992,true,1785410939017,LeaderAccept
1785410939009,false,1785410939035,LeaderAccept
1785410939026,false,1785410939052,LeaderAccept
1785410939043,true,1785410939069,LeaderAccept
1785410939061,true,1785410939086,LeaderAccept
1785410939078,true,1785410939103,LeaderAccept
1785410939096,true,1785410939135,LeaderAccept
1785410939113,false,1785410939138,LeaderAccept
1785410939132,false,1785410939157,LeaderAccept
1785410939151,true,1785410939176,LeaderAccept
1785410939169,false,1785410939195,LeaderAccept
1785410939187,false,1785410939212,LeaderAccept
1785410939205,true,1785410939230,LeaderAccept
1785410939224,false,1785410939250,LeaderAccept
1785410939244,true,1785410939281,LeaderAccept
1785410939263,false,1785410939288,LeaderAccept
1785410939283,true,1785410939308,LeaderAccept
1785410939302,true,1785410939328,LeaderAccept
1785410939322,true,1785410939347,LeaderAccept
1785410939341,true,1785410939367,LeaderAccept
1785410939361,true,1785410939387,LeaderAccept
1785410939381,false,1785410939406,LeaderAccept
1785410939402,true,1785410939438,LeaderAccept
1785410939422,false,1785410939447,LeaderAccept
1785410939444,false,1785410939469,LeaderAccept
1785410939464,false,1785410939489,LeaderAccept
1785410939485,true,1785410939510,LeaderAccept
1785410939507,true,1785410939532,LeaderAccept
1785410939529,false,1785410939554,LeaderAccept
1785410939550,false,1785410939575,LeaderAccept
1785410939572,false,1785410939609,LeaderAccept
1785410939594,true,1785410939620,LeaderAccept
1785410939616,true,1785410939641,LeaderAccept
1785410939639,true,1785410939664,LeaderAccept
1785410939662,true,1785410939687,LeaderAccept
1785410939685,true,1785410939710,LeaderAccept
1785410939709,false,1785410939734,LeaderAccept
1785410939734,true,1785410939759,LeaderAccept
1785410939757,false,1785410939794,LeaderAccept
1785410939781,false,1785410939806,LeaderAccept
1785410939806,true,1785410939830,LeaderAccept
1785410939830,false,1785410939855,LeaderAccept
1785410939855,false,1785410939880,LeaderAccept
1785410939880,false,1785410939904,LeaderAccept
1785410939905,false,1785410939930,LeaderAccept
1785410939932,false,1785410939957,LeaderAccept
1785410939958,true,1785410939997,LeaderAccept
1785410939984,false,1785410940010,LeaderAccept
1785410940011,false,1785410940036,LeaderAccept
1785410940039,false,1785410940064,LeaderAccept
1785410940066,false,1785410940091,LeaderAccept
1785410940094,false,1785410940120,LeaderAccept
1785410940122,true,1785410940147,LeaderAccept
1785410940151,false,1785410940176,LeaderAccept
1785410940181,false,1785410940221,LeaderAccept
1785410940210,true,1785410940235,LeaderAccept
1785410940240,false,1785410940266,LeaderAccept
1785410940271,false,1785410940296,LeaderAccept
1785410940302,false,1785410940328,LeaderAccept
1785410940334,false,1785410940359,LeaderAccept
1785410940367,true,1785410940392,LeaderAccept
1785410940399,true,1785410940424,LeaderAccept
1785410940432,true,1785410940473,LeaderAccept
1785410940466,true,1785410940491,LeaderAccept
1785410940500,false,1785410940525,LeaderAccept
1785410940536,false,1785410940561,LeaderAccept
1785410940571,true,1785410940597,LeaderAccept
1785410940607,true,1785410940632,LeaderAccept
1785410940644,false,1785410940669,LeaderAccept
1785410940681,true,1785410940706,LeaderAccept
1785410940720,false,1785410940758,LeaderAccept
1785410940758,true,1785410940783,LeaderAccept
1785410940797,true,1785410940823,LeaderAccept
1785410940838,true,1785410940863,LeaderAccept
1785410940878,false,1785410940903,LeaderAccept
1785410940919,false,1785410940944,LeaderAccept
1785410940961,false,1785410940986,LeaderAccept
1785410941004,false,1785410941030,LeaderAccept
1785410941049,true,1785410941086,LeaderAccept
1785410941094,true,1785410941119,LeaderAccept
1785410941140,true,1785410941166,LeaderAccept
1785410941188,false,1785410941213,LeaderAccept
1785410941236,false,1785410941261,LeaderAccept
1785410941285,true,1785410941311,LeaderAccept
1785410941336,false,1785410941361,LeaderAccept
1785410941389,false,1785410941414,LeaderAccept
1785410941442,true,1785410941472,LeaderAccept
1785410941497,false,1785410941522,LeaderAccept
1785410941554,true,1785410941579,LeaderAccept
1785410941611,true,1785410941637,LeaderAccept
1785410941671,false,1785410941696,LeaderAccept
1785410941732,false,1785410941757,LeaderAccept
1785410941796,false,1785410941857,LeaderAccept
1785410941861,true,1785410941887,LeaderAccept
1785410941928,true,1785410941953,LeaderAccept
1785410941998,true,1785410942023,LeaderAccept
1785410942069,false,1785410942095,LeaderAccept
1785410942144,false,1785410942169,LeaderAccept
1785410942222,false,1785410942247,LeaderAccept
1785410942302,true,1785410942327,LeaderAccept
1785410942387,true,1785410942412,LeaderAccept
1785410942474,true,1785410942500,LeaderAccept
1785410942566,false,1785410942591,LeaderAccept
1785410942661,true,1785410942687,LeaderAccept
1785410942761,false,1785410942786,LeaderAccept
1785410942867,false,1785410942892,LeaderAccept
1785410942977,true,1785410943003,LeaderAccept
1785410943094,true,1785410943119,LeaderAccept
1785410943218,true,1785410943243,LeaderAccept
1785410943349,false,1785410943375,LeaderAccept
1785410943490,false,1785410943516,LeaderAccept
1785410943640,false,1785410943666,LeaderAccept
1785410943802,true,1785410943828,LeaderAccept
1785410943978,false,1785410944004,LeaderAccept
1785410944170,false,1785410944195,LeaderAccept
1785410944381,false,1785410944406,LeaderAccept
1785410944616,true,1785410944641,LeaderAccept
1785410944880,true,1785410944905,LeaderAccept
1785410945181,false,1785410945206,LeaderAccept
1785410945530,false,1785410945555,LeaderAccept
1785410945946,false,1785410945971,LeaderAccept
1785410946458,false,1785410946483,LeaderAccept
1785410947117,true,1785410947143,LeaderAccept
1785410948034,true,1785410948059,LeaderAccept
1785410949483,true,1785410949509,LeaderAccept
1785410952473,true,1785410952498,LeaderAccept
1785410965801,false,1785410965826,LeaderAccept
1785410987270,true,1785410987309,LeaderAccept
1785410987309,false,1785410987353,LeaderAccept
1785410987348,false,1785410987374,LeaderAccept
1785410987388,true,1785410987413,LeaderAccept
1785410987429,false,1785410987454,LeaderAccept
1785410987471,false,1785410987503,LeaderAccept
1785410987513,false,1785410987554,LeaderAccept
1785410987556,true,1785410987601,LeaderAccept
1785410987600,false,1785410987625,LeaderAccept
1785410987646,true,1785410987671,LeaderAccept
1785410987692,false,1785410987717,LeaderAccept
1785410987740,true,1785410987771,LeaderAccept
1785410987788,false,1785410988013,LeaderAccept
1785410987838,false,1785410987863,LeaderAccept
1785410987888,false,1785410987913,LeaderAccept
1785410987941,true,1785410987969,LeaderAccept
1785410987994,false,1785410988019,LeaderAccept
1785410988048,false,1785410988077,LeaderAccept
1785410988105,false,1785410988191,LeaderAccept
1785410988162,true,1785410988188,LeaderAccept
1785410988221,true,1785410988246,LeaderAccept
1785410988282,false,1785410988308,LeaderAccept
1785410988345,false,1785410988370,LeaderAccept
1785410988410,true,1785410988446,LeaderAccept
1785410988477,false,1785410988522,LeaderAccept
1785410988547,true,1785410988572,LeaderAccept
1785410988619,false,1785410988644,LeaderAccept
1785410988694,true,1785410988719,LeaderAccept
1785410988771,false,1785410988796,LeaderAccept
1785410988852,true,1785410988890,LeaderAccept
1785410988935,false,1785410988961,LeaderAccept
1785410989022,true,1785410989047,LeaderAccept
1785410989114,true,1785410989139,LeaderAccept
1785410989208,false,1785410989233,LeaderAccept
1785410989308,false,1785410989333,LeaderAccept
1785410989413,true,1785410989454,LeaderAccept
1785410989523,true,1785410989549,LeaderAccept
1785410989639,false,1785410989665,LeaderAccept
1785410989762,false,1785410989787,LeaderAccept
1785410989893,true,1785410989918,LeaderAccept
1785410990034,false,1785410990059,LeaderAccept
1785410990184,false,1785410990270,LeaderAccept
1785410990346,true,1785410990371,LeaderAccept
1785410990521,false,1785410990546,LeaderAccept
1785410990711,false,1785410990737,LeaderAccept
1785410990921,false,1785410990946,LeaderAccept
1785410991154,true,1785410991179,LeaderAccept
1785410991416,false,1785410991460,LeaderAccept
1785410991713,true,1785410991738,LeaderAccept
1785410992058,false,1785410992083,LeaderAccept
1785410992468,true,1785410992493,LeaderAccept
1785410992971,true,1785410992997,LeaderAccept
1785410993619,false,1785410993644,LeaderAccept
1785410994512,true,1785410994537,LeaderAccept
1785410995908,true,1785410995934,LeaderAccept
1785410998713,true,1785410998744,LeaderAccept
1785411010111,false,1785411010172,LeaderAccept
1785411046629,true,1785411046704,LeaderAccept
1785411046646,true,1785411046707,LeaderAccept
1785411046662,true,1785411046723,LeaderAccept
1785411046678,true,1785411046740,LeaderAccept
1785411046695,false,1785411046756,LeaderAccept
1785411046711,true,1785411046772,LeaderAccept
1785411046728,false,1785411046853,LeaderAccept
1785411046744,true,1785411046853,LeaderAccept
1785411046762,true,1785411046853,LeaderAccept
1785411046779,true,1785411046853,LeaderAccept
1785411046797,true,1785411046858,LeaderAccept
1785411046814,false,1785411046876,LeaderAccept
1785411046831,true,1785411046893,LeaderAccept
1785411046849,false,1785411046910,LeaderAccept
1785411046866,true,1785411046927,LeaderAccept
1785411046884,false,1785411047014,LeaderAccept
1785411046902,false,1785411047014,LeaderAccept
1785411046920,true,1785411047014,LeaderAccept
1785411046939,true,1785411047014,LeaderAccept
1785411046958,false,1785411047019,LeaderAccept
1785411046976,true,1785411047038,LeaderAccept
1785411046995,false,1785411047056,LeaderAccept
1785411047014,true,1785411047074,LeaderAccept
1785411047033,false,1785411047095,LeaderAccept
1785411047053,true,1785411047114,LeaderAccept
1785411047073,true,1785411047187,LeaderAccept
1785411047093,false,1785411047187,LeaderAccept
1785411047112,true,1785411047187,LeaderAccept
1785411047133,false,1785411047194,LeaderAccept
1785411047153,true,1785411047215,LeaderAccept
1785411047173,true,1785411047236,LeaderAccept
1785411047194,true,1785411047255,LeaderAccept
1785411047215,true,1785411047276,LeaderAccept
1785411047237,true,1785411047298,LeaderAccept
1785411047259,false,1785411047378,LeaderAccept
1785411047280,false,1785411047378,LeaderAccept
1785411047302,false,1785411047378,LeaderAccept
1785411047325,false,1785411047386,LeaderAccept
1785411047347,false,1785411047408,LeaderAccept
1785411047369,true,1785411047431,LeaderAccept
1785411047393,true,1785411047454,LeaderAccept
1785411047417,false,1785411047478,LeaderAccept
1785411047440,true,1785411047502,LeaderAccept
1785411047464,true,1785411047588,LeaderAccept
1785411047488,false,1785411047588,LeaderAccept
1785411047513,true,1785411047588,LeaderAccept
1785411047537,true,1785411047599,LeaderAccept
1785411047562,true,1785411047624,LeaderAccept
1785411047587,true,1785411047649,LeaderAccept
1785411047612,false,1785411047673,LeaderAccept
1785411047637,false,1785411047699,LeaderAccept
1785411047663,true,1785411047724,LeaderAccept
1785411047689,false,1785411047759,LeaderAccept
1785411047716,false,1785411047777,LeaderAccept
1785411047744,false,1785411047805,LeaderAccept
1785411047771,false,1785411047833,LeaderAccept
1785411047799,false,1785411047861,LeaderAccept
1785411047827,true,1785411047888,LeaderAccept
1785411047855,false,1785411047917,LeaderAccept
1785411047884,true,1785411047946,LeaderAccept
1785411047913,false,1785411047974,LeaderAccept
1785411047942,true,1785411048004,LeaderAccept
1785411047972,false,1785411048080,LeaderAccept
1785411048003,true,1785411048064,LeaderAccept
1785411048033,true,1785411048095,LeaderAccept
1785411048064,true,1785411048125,LeaderAccept
1785411048097,true,1785411048158,LeaderAccept
1785411048129,true,1785411048191,LeaderAccept
1785411048162,true,1785411048223,LeaderAccept
1785411048195,true,1785411048257,LeaderAccept
1785411048230,false,1785411048291,LeaderAccept
1785411048265,true,1785411048377,LeaderAccept
1785411048300,true,1785411048377,LeaderAccept
1785411048335,true,1785411048397,LeaderAccept
1785411048371,true,1785411048432,LeaderAccept
1785411048407,false,1785411048469,LeaderAccept
1785411048445,false,1785411048506,LeaderAccept
1785411048483,true,1785411048545,LeaderAccept
1785411048522,true,1785411048584,LeaderAccept
1785411048563,false,1785411048624,LeaderAccept
1785411048603,false,1785411048720,LeaderAccept
1785411048644,false,1785411048720,LeaderAccept
1785411048687,true,1785411048748,LeaderAccept
1785411048730,false,1785411048791,LeaderAccept
1785411048774,false,1785411048835,LeaderAccept
1785411048820,false,1785411048881,LeaderAccept
1785411048866,false,1785411048927,LeaderAccept
1785411048912,false,1785411048974,LeaderAccept
1785411048960,false,1785411049022,LeaderAccept
1785411049009,false,1785411049128,LeaderAccept
1785411049059,false,1785411049128,LeaderAccept
1785411049110,true,1785411049172,LeaderAccept
1785411049164,false,1785411049225,LeaderAccept
1785411049218,true,1785411049279,LeaderAccept
1785411049275,false,1785411049336,LeaderAccept
1785411049332,false,1785411049393,LeaderAccept
1785411049390,true,1785411049452,LeaderAccept
1785411049452,true,1785411049513,LeaderAccept
1785411049514,false,1785411049629,LeaderAccept
1785411049578,false,1785411049640,LeaderAccept
1785411049646,false,1785411049707,LeaderAccept
1785411049714,false,1785411049775,LeaderAccept
1785411049786,true,1785411049847,LeaderAccept
1785411049859,false,1785411049920,LeaderAccept
1785411049936,false,1785411049997,LeaderAccept
1785411050015,false,1785411050077,LeaderAccept
1785411050097,false,1785411050159,LeaderAccept
1785411050184,false,1785411050273,LeaderAccept
1785411050273,true,1785411050334,LeaderAccept
1785411050366,false,1785411050427,LeaderAccept
1785411050465,false,1785411050526,LeaderAccept
1785411050568,false,1785411050629,LeaderAccept
1785411050676,false,1785411050738,LeaderAccept
1785411050790,false,1785411050851,LeaderAccept
1785411050911,true,1785411050973,LeaderAccept
1785411051039,false,1785411051159,LeaderAccept
1785411051175,false,1785411051237,LeaderAccept
1785411051321,false,1785411051384,LeaderAccept
1785411051478,true,1785411051540,LeaderAccept
1785411051648,false,1785411051709,LeaderAccept
1785411051833,false,1785411051893,LeaderAccept
1785411052035,true,1785411052097,LeaderAccept
1785411052259,false,1785411052320,LeaderAccept
1785411052509,false,1785411052570,LeaderAccept
1785411052794,false,1785411052855,LeaderAccept
1785411053121,false,1785411053182,LeaderAccept
1785411053506,false,1785411053567,LeaderAccept
1785411053971,false,1785411054032,LeaderAccept
1785411054558,true,1785411054619,LeaderAccept
1785411055346,true,1785411055408,LeaderAccept
1785411056514,false,1785411056575,LeaderAccept
1785411058607,true,1785411058668,LeaderAccept
1785411064566,false,1785411064627,LeaderAccept
1785411099215,false,1785411099244,LeaderAccept
1785411099240,false,1785411099269,LeaderAccept
1785411099265,true,1785411099294,LeaderAccept
1785411099289,false,1785411099319,LeaderAccept
1785411099314,false,1785411099344,LeaderAccept
1785411099340,false,1785411099369,LeaderAccept
1785411099366,true,1785411099395,LeaderAccept
1785411099393,false,1785411099422,LeaderAccept
1785411099419,true,1785411099449,LeaderAccept
1785411099447,true,1785411099476,LeaderAccept
1785411099474,false,1785411099503,LeaderAccept
1785411099502,false,1785411099531,LeaderAccept
1785411099530,false,1785411099560,LeaderAccept
1785411099559,false,1785411099589,LeaderAccept
1785411099588,false,1785411099617,LeaderAccept
1785411099617,true,1785411099646,LeaderAccept
1785411099647,false,1785411099677,LeaderAccept
1785411099677,true,1785411099705,LeaderAccept
1785411099708,false,1785411099737,LeaderAccept
1785411099738,true,1785411099767,LeaderAccept
1785411099769,true,1785411099799,LeaderAccept
1785411099801,true,1785411099830,LeaderAccept
1785411099835,true,1785411099864,LeaderAccept
1785411099867,true,1785411099896,LeaderAccept
1785411099902,false,1785411099931,LeaderAccept
1785411099935,false,1785411099965,LeaderAccept
1785411099970,false,1785411100000,LeaderAccept
1785411100005,true,1785411100034,LeaderAccept
1785411100041,false,1785411100071,LeaderAccept
1785411100078,false,1785411100107,LeaderAccept
1785411100116,false,1785411100145,LeaderAccept
1785411100153,false,1785411100182,LeaderAccept
1785411100192,false,1785411100221,LeaderAccept
1785411100231,true,1785411100261,LeaderAccept
1785411100271,true,1785411100300,LeaderAccept
1785411100311,true,1785411100340,LeaderAccept
1785411100352,false,1785411100382,LeaderAccept
1785411100395,true,1785411100424,LeaderAccept
1785411100438,true,1785411100468,LeaderAccept
1785411100482,true,1785411100512,LeaderAccept
1785411100527,false,1785411100556,LeaderAccept
1785411100574,false,1785411100603,LeaderAccept
1785411100621,true,1785411100650,LeaderAccept
1785411100670,false,1785411100700,LeaderAccept
1785411100719,false,1785411100748,LeaderAccept
1785411100770,true,1785411100799,LeaderAccept
1785411100821,false,1785411100850,LeaderAccept
1785411100875,false,1785411100904,LeaderAccept
1785411100929,false,1785411100959,LeaderAccept
1785411100985,false,1785411101015,LeaderAccept
1785411101042,false,1785411101072,LeaderAccept
1785411101101,true,1785411101130,LeaderAccept
1785411101163,false,1785411101192,LeaderAccept
1785411101227,false,1785411101257,LeaderAccept
1785411101291,true,1785411101321,LeaderAccept
1785411101358,true,1785411101388,LeaderAccept
1785411101428,true,1785411101525,LeaderAccept
1785411101499,false,1785411101528,LeaderAccept
1785411101573,false,1785411101603,LeaderAccept
1785411101650,true,1785411101680,LeaderAccept
1785411101730,true,1785411101760,LeaderAccept
1785411101813,false,1785411101843,LeaderAccept
1785411101901,true,1785411101930,LeaderAccept
1785411101992,false,1785411102022,LeaderAccept
1785411102086,true,1785411102116,LeaderAccept
1785411102185,true,1785411102215,LeaderAccept
1785411102289,true,1785411102318,LeaderAccept
1785411102399,false,1785411102428,LeaderAccept
1785411102514,false,1785411102544,LeaderAccept
1785411102636,true,1785411102665,LeaderAccept
1785411102767,false,1785411102796,LeaderAccept
1785411102906,true,1785411102936,LeaderAccept
1785411103055,false,1785411103085,LeaderAccept
1785411103216,false,1785411103246,LeaderAccept
1785411103390,true,1785411103419,LeaderAccept
1785411103580,true,1785411103609,LeaderAccept
1785411103789,false,1785411103818,LeaderAccept
1785411104019,false,1785411104049,LeaderAccept
1785411104278,false,1785411104308,LeaderAccept
1785411104573,true,1785411104602,LeaderAccept
1785411104914,true,1785411104943,LeaderAccept
1785411105318,true,1785411105348,LeaderAccept
1785411105814,false,1785411105844,LeaderAccept
1785411106447,false,1785411106477,LeaderAccept
1785411107317,true,1785411107347,LeaderAccept
1785411108661,false,1785411108690,LeaderAccept
1785411111289,false,1785411111367,LeaderAccept
1785411121067,true,1785411121096,LeaderAccept
1785411130048,false,1785411130077,LeaderAccept
1785411130066,false,1785411130095,LeaderAccept
1785411130086,false,1785411130115,LeaderAccept
1785411130106,true,1785411130135,LeaderAccept
1785411130125,true,1785411130155,LeaderAccept
1785411130144,false,1785411130174,LeaderAccept
1785411130164,true,1785411130194,LeaderAccept
1785411130184,false,1785411130214,LeaderAccept
1785411130204,true,1785411130233,LeaderAccept
1785411130224,false,1785411130253,LeaderAccept
1785411130244,true,1785411130274,LeaderAccept
1785411130265,true,1785411130294,LeaderAccept
1785411130286,true,1785411130315,LeaderAccept
1785411130307,false,1785411130337,LeaderAccept
1785411130328,false,1785411130358,LeaderAccept
1785411130350,true,1785411130379,LeaderAccept
1785411130371,false,1785411130400,LeaderAccept
1785411130393,true,1785411130422,LeaderAccept
1785411130416,true,1785411130445,LeaderAccept
1785411130438,false,1785411130468,LeaderAccept
1785411130461,true,1785411130490,LeaderAccept
1785411130483,false,1785411130512,LeaderAccept
1785411130506,false,1785411130535,LeaderAccept
1785411130529,true,1785411130558,LeaderAccept
1785411130552,true,1785411130582,LeaderAccept
1785411130577,true,1785411130606,LeaderAccept
1785411130600,false,1785411130629,LeaderAccept
1785411130624,false,1785411130654,LeaderAccept
1785411130650,false,1785411130679,LeaderAccept
1785411130674,false,1785411130703,LeaderAccept
1785411130699,false,1785411130728,LeaderAccept
1785411130724,false,1785411130754,LeaderAccept
1785411130750,true,1785411130779,LeaderAccept
1785411130777,true,1785411130805,LeaderAccept
1785411130804,false,1785411130833,LeaderAccept
1785411130831,true,1785411130860,LeaderAccept
1785411130857,true,1785411130886,LeaderAccept
1785411130884,false,1785411130913,LeaderAccept
1785411130912,true,1785411130942,LeaderAccept
1785411130940,true,1785411130969,LeaderAccept
1785411130969,true,1785411130998,LeaderAccept
1785411130998,false,1785411131027,LeaderAccept
1785411131027,false,1785411131056,LeaderAccept
1785411131057,false,1785411131087,LeaderAccept
1785411131087,true,1785411131116,LeaderAccept
1785411131117,true,1785411131146,LeaderAccept
1785411131148,true,1785411131177,LeaderAccept
1785411131180,false,1785411131210,LeaderAccept
1785411131212,true,1785411131241,LeaderAccept
1785411131244,true,1785411131274,LeaderAccept
1785411131277,true,1785411131306,LeaderAccept
1785411131310,true,1785411131339,LeaderAccept
1785411131345,false,1785411131374,LeaderAccept
1785411131379,false,1785411131409,LeaderAccept
1785411131415,true,1785411131444,LeaderAccept
1785411131452,true,1785411131481,LeaderAccept
1785411131488,false,1785411131518,LeaderAccept
1785411131525,false,1785411131554,LeaderAccept
1785411131563,true,1785411131592,LeaderAccept
1785411131603,true,1785411131632,LeaderAccept
1785411131642,false,1785411131672,LeaderAccept
1785411131682,true,1785411131711,LeaderAccept
1785411131723,false,1785411131753,LeaderAccept
1785411131765,false,1785411131794,LeaderAccept
1785411131807,true,1785411131836,LeaderAccept
1785411131850,false,1785411131880,LeaderAccept
1785411131895,false,1785411131924,LeaderAccept
1785411131941,true,1785411131970,LeaderAccept
1785411131987,true,1785411132017,LeaderAccept
1785411132034,true,1785411132063,LeaderAccept
1785411132082,true,1785411132112,LeaderAccept
1785411132131,true,1785411132161,LeaderAccept
1785411132182,true,1785411132212,LeaderAccept
1785411132234,false,1785411132263,LeaderAccept
1785411132288,false,1785411132317,LeaderAccept
1785411132343,true,1785411132372,LeaderAccept
1785411132399,false,1785411132457,LeaderAccept
1785411132457,false,1785411132486,LeaderAccept
1785411132516,false,1785411132545,LeaderAccept
1785411132578,false,1785411132607,LeaderAccept
1785411132642,false,1785411132696,LeaderAccept
1785411132707,true,1785411132736,LeaderAccept
1785411132775,true,1785411132804,LeaderAccept
1785411132845,false,1785411132874,LeaderAccept
1785411132917,true,1785411132947,LeaderAccept
1785411132992,false,1785411133021,LeaderAccept
1785411133070,true,1785411133099,LeaderAccept
1785411133150,false,1785411133180,LeaderAccept
1785411133234,false,1785411133264,LeaderAccept
1785411133322,true,1785411133352,LeaderAccept
1785411133413,false,1785411133442,LeaderAccept
1785411133509,false,1785411133538,LeaderAccept
1785411133610,true,1785411133639,LeaderAccept
1785411133716,true,1785411133745,LeaderAccept
1785411133827,false,1785411133856,LeaderAccept
1785411133943,true,1785411133973,LeaderAccept
1785411134067,true,1785411134096,LeaderAccept
1785411134200,false,1785411134229,LeaderAccept
1785411134340,true,1785411134370,LeaderAccept
1785411134491,false,1785411134521,LeaderAccept
1785411134654,true,1785411134683,LeaderAccept
1785411134831,true,1785411134860,LeaderAccept
1785411135024,false,1785411135053,LeaderAccept
1785411135236,true,1785411135265,LeaderAccept
1785411135472,true,1785411135501,LeaderAccept
1785411135737,false,1785411135766,LeaderAccept
1785411136039,true,1785411136069,LeaderAccept
1785411136390,false,1785411136420,LeaderAccept
1785411136809,false,1785411136838,LeaderAccept
1785411137326,true,1785411137356,LeaderAccept
1785411137996,false,1785411138025,LeaderAccept
1785411138929,false,1785411138959,LeaderAccept
1785411140418,false,1785411140480,LeaderAccept
1785411143551,true,1785411143581,LeaderAccept
1785411154885,false,1785411154914,LeaderAccept
1785411154905,true,1785411155011,LeaderAccept
1785411154927,true,1785411155011,LeaderAccept
1785411154947,false,1785411155011,LeaderAccept
1785411154968,false,1785411155011,LeaderAccept
1785411154990,true,1785411155019,LeaderAccept
1785411155011,true,1785411155069,LeaderAccept
1785411155033,false,1785411155069,LeaderAccept
1785411155054,true,1785411155093,LeaderAccept
1785411155076,false,1785411155106,LeaderAccept
1785411155098,true,1785411155160,LeaderAccept
1785411155122,true,1785411155160,LeaderAccept
1785411155144,true,1785411155188,LeaderAccept
1785411155167,true,1785411155196,LeaderAccept
1785411155190,true,1785411155329,LeaderAccept
1785411155214,false,1785411155329,LeaderAccept
1785411155239,true,1785411155360,LeaderAccept
1785411155262,false,1785411155329,LeaderAccept
1785411155286,true,1785411155347,LeaderAccept
1785411155312,false,1785411155360,LeaderAccept
1785411155337,false,1785411155366,LeaderAccept
1785411155363,false,1785411155406,LeaderAccept
1785411155388,true,1785411155417,LeaderAccept
1785411155414,true,1785411155466,LeaderAccept
1785411155440,false,1785411155470,LeaderAccept
1785411155467,false,1785411155506,LeaderAccept
1785411155494,false,1785411155523,LeaderAccept
1785411155521,true,1785411155583,LeaderAccept
1785411155550,true,1785411155583,LeaderAccept
1785411155577,true,1785411155695,LeaderAccept
1785411155605,false,1785411155635,LeaderAccept
1785411155633,false,1785411155694,LeaderAccept
1785411155662,false,1785411155695,LeaderAccept
1785411155692,false,1785411155721,LeaderAccept
1785411155721,false,1785411155755,LeaderAccept
1785411155751,false,1785411155780,LeaderAccept
1785411155781,false,1785411155825,LeaderAccept
1785411155812,false,1785411155841,LeaderAccept
1785411155843,true,1785411155881,LeaderAccept
1785411155876,true,1785411155905,LeaderAccept
1785411155908,false,1785411155961,LeaderAccept
1785411155941,false,1785411155971,LeaderAccept
1785411155976,false,1785411156023,LeaderAccept
1785411156010,true,1785411156040,LeaderAccept
1785411156045,false,1785411156135,LeaderAccept
1785411156081,true,1785411156128,LeaderAccept
1785411156116,false,1785411156145,LeaderAccept
1785411156152,true,1785411156181,LeaderAccept
1785411156190,true,1785411156219,LeaderAccept
1785411156227,true,1785411156268,LeaderAccept
1785411156266,false,1785411156295,LeaderAccept
1785411156304,false,1785411156342,LeaderAccept
1785411156344,true,1785411156373,LeaderAccept
1785411156384,true,1785411156457,LeaderAccept
1785411156425,true,1785411156457,LeaderAccept
1785411156467,true,1785411156557,LeaderAccept
1785411156511,false,1785411156557,LeaderAccept
1785411156555,true,1785411156616,LeaderAccept
1785411156601,true,1785411156630,LeaderAccept
1785411156648,false,1785411156677,LeaderAccept
1785411156695,false,1785411156724,LeaderAccept
1785411156743,false,1785411156773,LeaderAccept
1785411156793,true,1785411156842,LeaderAccept
1785411156843,false,1785411156872,LeaderAccept
1785411156895,true,1785411156928,LeaderAccept
1785411156948,false,1785411156977,LeaderAccept
1785411157003,false,1785411157063,LeaderAccept
1785411157059,false,1785411157088,LeaderAccept
1785411157117,true,1785411157206,LeaderAccept
1785411157176,true,1785411157206,LeaderAccept
1785411157238,true,1785411157322,LeaderAccept
1785411157300,true,1785411157330,LeaderAccept
1785411157365,false,1785411157394,LeaderAccept
1785411157433,false,1785411157462,LeaderAccept
1785411157502,false,1785411157563,LeaderAccept
1785411157575,true,1785411157604,LeaderAccept
1785411157649,false,1785411157678,LeaderAccept
1785411157727,false,1785411157756,LeaderAccept
1785411157806,true,1785411157835,LeaderAccept
1785411157890,true,1785411157930,LeaderAccept
1785411157976,true,1785411158006,LeaderAccept
1785411158067,true,1785411158129,LeaderAccept
1785411158163,true,1785411158192,LeaderAccept
1785411158263,false,1785411158292,LeaderAccept
1785411158367,true,1785411158397,LeaderAccept
1785411158477,true,1785411158507,LeaderAccept
1785411158593,true,1785411158622,LeaderAccept
1785411158717,true,1785411158746,LeaderAccept
1785411158847,true,1785411158877,LeaderAccept
1785411158986,false,1785411159016,LeaderAccept
1785411159135,false,1785411159165,LeaderAccept
1785411159296,true,1785411159325,LeaderAccept
1785411159470,false,1785411159500,LeaderAccept
1785411159660,true,1785411159690,LeaderAccept
1785411159869,true,1785411159899,LeaderAccept
1785411160101,true,1785411160131,LeaderAccept
1785411160361,false,1785411160450,LeaderAccept
1785411160657,true,1785411160686,LeaderAccept
1785411161000,true,1785411161029,LeaderAccept
1785411161407,true,1785411161437,LeaderAccept
1785411161905,false,1785411161935,LeaderAccept
1785411162545,false,1785411162574,LeaderAccept
1785411163425,true,1785411163455,LeaderAccept
1785411164790,false,1785411164820,LeaderAccept
1785411167492,true,1785411167521,LeaderAccept
1785411177915,true,1785411178013,LeaderAccept
