request_time,write,response_time,accept_status
1785410524245,false,1785410524447,FastAccept
1785410524820,true,1785410524983,FastAccept
1785410524851,true,1785410524983,FastAccept
1785410524882,false,1785410524983,FastAccept
1785410524913,true,1785410524983,FastAccept
1785410524945,true,1785410524996,FastAccept
1785410524977,true,1785410525028,FastAccept
1785410525011,true,1785410525062,FastAccept
1785410525044,true,1785410525096,FastAccept
1785410525078,true,1785410525129,FastAccept
1785410525113,false,1785410525164,FastAccept
1785410525148,false,1785410525199,FastAccept
1785410525184,false,1785410525235,FastAccept
1785410525221,true,1785410525272,FastAccept
1785410525258,true,1785410525310,FastAccept
1785410525297,true,1785410525347,FastAccept
1785410525335,true,1785410525386,FastAccept
1785410525374,false,1785410525425,FastAccept
1785410525414,false,1785410525699,SlowAccept
1785410525454,false,1785410525699,FastAccept
1785410525496,false,1785410525699,FastAccept
1785410525538,true,1785410525699,FastAccept
1785410525581,true,1785410525699,FastAccept
1785410525625,false,1785410525922,LeaderAccept
1785410525670,true,1785410525967,LeaderAccept
1785410525716,false,1785410525813,LeaderAccept
1785410525764,true,1785410526233,LeaderAccept
1785410525812,false,1785410525863,FastAccept
1785410525863,true,1785410525913,FastAccept
1785410525913,true,1785410525964,FastAccept
1785410525965,true,1785410526233,FastAccept
1785410526018,true,1785410526233,FastAccept
1785410526074,false,1785410526233,FastAccept
1785410526130,false,1785410526233,FastAccept
1785410526189,true,1785410526240,FastAccept
1785410526248,true,1785410526299,FastAccept
1785410526309,true,1785410526360,FastAccept
1785410526372,false,1785410526423,FastAccept
1785410526437,false,1785410526706,SlowAccept
1785410526504,false,1785410526706,FastAccept
1785410526574,false,1785410526706,FastAccept
1785410526646,false,1785410526706,FastAccept
1785410526721,true,1785410526772,FastAccept
1785410526798,false,1785410526850,FastAccept
1785410526878,false,1785410526929,FastAccept
1785410526961,true,1785410527011,FastAccept
1785410527048,true,1785410527099,FastAccept
1785410527139,true,1785410527191,FastAccept
1785410527234,true,1785410527285,FastAccept
1785410527333,true,1785410527602,SlowAccept
1785410527438,false,1785410527602,FastAccept
1785410527548,true,1785410527602,FastAccept
1785410527664,false,1785410527715,FastAccept
1785410527787,true,1785410527847,LeaderAccept
1785410527918,true,1785410527969,FastAccept
1785410528057,true,1785410528109,FastAccept
1785410528207,true,1785410528258,FastAccept
1785410528368,false,1785410528547,FastAccept
1785410528542,true,1785410528594,FastAccept
1785410528733,true,1785410528785,FastAccept
1785410528942,true,1785410528993,FastAccept
1785410529174,false,1785410529256,FastAccept
1785410529434,false,1785410529485,FastAccept
1785410529731,true,1785410529782,FastAccept
1785410530075,true,1785410530263,FastAccept
1785410530483,false,1785410531306,LeaderAccept
1785410530984,true,1785410531252,FastAccept
1785410531627,false,1785410532623,LeaderAccept
1785410532512,false,1785410532737,FastAccept
1785410533889,true,1785410534171,FastAccept
1785410536631,false,1785410536681,FastAccept
1785410541120,false,1785410541170,FastAccept
1785410541152,true,1785410541589,LeaderAccept
1785410541184,false,1785410541234,FastAccept
1785410541217,false,1785410541267,FastAccept
1785410541251,false,1785410541308,LeaderAccept
1785410541285,true,1785410541335,FastAccept
1785410541320,false,1785410541589,FastAccept
1785410541357,true,1785410541589,FastAccept
1785410541392,true,1785410541589,FastAccept
1785410541429,false,1785410541589,FastAccept
1785410541467,false,1785410541589,FastAccept
1785410541505,true,1785410541589,FastAccept
1785410541544,false,1785410541594,FastAccept
1785410541583,true,1785410541852,FastAccept
1785410541624,true,1785410541852,FastAccept
1785410541666,true,1785410541852,FastAccept
1785410541707,true,1785410541852,FastAccept
1785410541750,true,1785410541852,FastAccept
1785410541794,true,1785410542062,FastAccept
1785410541838,true,1785410542062,FastAccept
1785410541884,true,1785410542062,FastAccept
1785410541931,false,1785410542062,FastAccept
1785410541979,true,1785410542062,FastAccept
1785410542029,false,1785410542079,FastAccept
1785410542079,false,1785410542128,FastAccept
1785410542130,true,1785410542180,FastAccept
1785410542184,false,1785410542234,FastAccept
1785410542237,true,1785410542286,FastAccept
1785410542293,true,1785410542343,FastAccept
1785410542349,true,1785410542398,FastAccept
1785410542408,true,1785410542676,FastAccept
1785410542468,false,1785410542676,FastAccept
1785410542531,true,1785410542676,FastAccept
1785410542594,true,1785410542676,FastAccept
1785410542660,true,1785410542710,FastAccept
1785410542728,false,1785410542778,FastAccept
1785410542798,false,1785410542849,FastAccept
1785410542871,false,1785410542921,FastAccept
1785410542946,true,1785410542996,FastAccept
1785410543024,false,1785410543075,FastAccept
1785410543105,true,1785410543155,FastAccept
1785410543189,false,1785410543239,FastAccept
1785410543278,true,1785410543328,FastAccept
1785410543370,false,1785410543420,FastAccept
1785410543467,true,1785410543517,FastAccept
1785410543568,true,1785410543619,FastAccept
1785410543675,false,1785410543725,FastAccept
1785410543787,false,1785410543836,FastAccept
1785410543905,false,1785410543955,FastAccept
1785410544030,false,1785410544327,LeaderAccept
1785410544163,false,1785410544213,FastAccept
1785410544306,false,1785410544592,SlowAccept
1785410544460,true,1785410544592,FastAccept
1785410544625,false,1785410544675,FastAccept
1785410544805,true,1785410544855,FastAccept
1785410545002,false,1785410545053,FastAccept
1785410545219,true,1785410545269,FastAccept
1785410545461,false,1785410545511,FastAccept
1785410545733,false,1785410545783,FastAccept
1785410546045,false,1785410546095,FastAccept
1785410546409,true,1785410546458,FastAccept
1785410546845,true,1785410546895,FastAccept
1785410547388,true,1785410547438,FastAccept
1785410548100,true,1785410548150,FastAccept
1785410549116,false,1785410549166,FastAccept
1785410550802,true,1785410553072,LeaderAccept
1785410554719,false,1785410554806,FastAccept
1785410582482,false,1785410582689,FastAccept
1785410604936,true,1785410605018,LeaderAccept
1785410604969,true,1785410605018,FastAccept
1785410605001,true,1785410605051,FastAccept
1785410605035,true,1785410605085,FastAccept
1785410605069,false,1785410605119,FastAccept
1785410605103,false,1785410605376,SlowAccept
1785410605138,false,1785410605376,FastAccept
1785410605173,true,1785410605376,FastAccept
1785410605209,true,1785410605376,FastAccept
1785410605246,true,1785410605376,FastAccept
1785410605284,false,1785410605376,FastAccept
1785410605322,false,1785410605376,FastAccept
1785410605362,true,1785410605411,FastAccept
1785410605401,false,1785410605451,FastAccept
1785410605441,true,1785410605491,FastAccept
1785410605482,true,1785410605532,FastAccept
1785410605524,false,1785410605574,FastAccept
1785410605568,true,1785410605617,FastAccept
1785410605611,true,1785410605661,FastAccept
1785410605656,false,1785410605705,FastAccept
1785410605701,true,1785410605751,FastAccept
1785410605749,true,1785410605798,FastAccept
1785410605796,true,1785410605846,FastAccept
1785410605845,false,1785410605896,FastAccept
1785410605895,true,1785410605945,FastAccept
1785410605947,true,1785410606005,LeaderAccept
1785410606001,true,1785410606051,FastAccept
1785410606055,true,1785410606104,FastAccept
1785410606110,false,1785410606160,FastAccept
1785410606167,false,1785410606429,SlowAccept
1785410606225,false,1785410606429,FastAccept
1785410606286,true,1785410606429,FastAccept
1785410606349,false,1785410606429,FastAccept
1785410606413,true,1785410606463,FastAccept
1785410606479,false,1785410606530,FastAccept
1785410606548,true,1785410606598,FastAccept
1785410606619,true,1785410606668,FastAccept
1785410606692,false,1785410606742,FastAccept
1785410606768,true,1785410606813,SlowAccept
1785410606847,false,1785410606897,FastAccept
1785410606929,true,1785410606983,LeaderAccept
1785410607014,true,1785410607064,FastAccept
1785410607103,true,1785410607359,SlowAccept
1785410607196,false,1785410607359,FastAccept
1785410607294,true,1785410607562,SlowAccept
1785410607396,false,1785410607562,FastAccept
1785410607504,true,1785410607562,FastAccept
1785410607618,false,1785410607668,FastAccept
1785410607737,false,1785410607787,FastAccept
1785410607865,false,1785410607915,FastAccept
1785410608000,true,1785410608050,FastAccept
1785410608145,false,1785410608298,FastAccept
1785410608300,false,1785410608349,FastAccept
1785410608468,true,1785410608628,FastAccept
1785410608651,false,1785410608702,FastAccept
1785410608851,false,1785410609017,FastAccept
1785410609072,true,1785410609122,FastAccept
1785410609319,false,1785410609490,FastAccept
1785410609598,true,1785410609874,SlowAccept
1785410609918,true,1785410609968,FastAccept
1785410610294,true,1785410610585,SlowAccept
1785410610749,true,1785410611117,LeaderAccept
1785410611318,false,1785410611594,SlowAccept
1785410612074,true,1785410612348,SlowAccept
1785410613177,false,1785410613459,SlowAccept
1785410615090,true,1785410615372,SlowAccept
1785410620067,true,1785410620235,SlowAccept
1785410649336,true,1785410649442,LeaderAccept
1785410649364,true,1785410649661,LeaderAccept
1785410649392,false,1785410649661,FastAccept
1785410649420,false,1785410649661,FastAccept
1785410649448,true,1785410649992,SlowAccept
1785410649477,true,1785410649700,SlowAccept
1785410649506,true,1785410649700,SlowAccept
1785410649537,true,1785410649805,FastAccept
1785410649567,true,1785410649805,FastAccept
1785410649599,false,1785410649805,FastAccept
1785410649630,false,1785410649805,SlowAccept
1785410649662,true,1785410649805,FastAccept
1785410649695,false,1785410650215,LeaderAccept
1785410649728,true,1785410649997,FastAccept
1785410649761,true,1785410649997,FastAccept
1785410649795,false,1785410650134,LeaderAccept
1785410649830,true,1785410650134,LeaderAccept
1785410649865,true,1785410650134,FastAccept
1785410649900,true,1785410650134,FastAccept
1785410649936,true,1785410650215,FastAccept
1785410649973,false,1785410650215,FastAccept
1785410650011,false,1785410650215,FastAccept
1785410650049,true,1785410650838,LeaderAccept
1785410650089,true,1785410650380,SlowAccept
1785410650128,false,1785410650396,SlowAccept
1785410650168,false,1785410650431,FastAccept
1785410650210,true,1785410650431,SlowAccept
1785410650251,false,1785410650431,SlowAccept
1785410650295,true,1785410650558,FastAccept
1785410650338,false,1785410650596,FastAccept
1785410650383,false,1785410650596,LeaderAccept
1785410650428,false,1785410650697,FastAccept
1785410650475,true,1785410650697,FastAccept
1785410650523,false,1785410650775,SlowAccept
1785410650572,false,1785410650838,FastAccept
1785410650622,true,1785410650933,LeaderAccept
1785410650673,false,1785410650902,SlowAccept
1785410650726,false,1785410650903,FastAccept
1785410650780,false,1785410650903,SlowAccept
1785410650836,true,1785410651232,LeaderAccept
1785410650892,false,1785410651421,LeaderAccept
1785410650951,false,1785410651232,SlowAccept
1785410651011,false,1785410651421,LeaderAccept
1785410651073,true,1785410651232,SlowAccept
1785410651137,true,1785410651421,SlowAccept
1785410651203,false,1785410651421,SlowAccept
1785410651271,true,1785410651421,SlowAccept
1785410651341,false,1785410651627,SlowAccept
1785410651414,true,1785410651659,SlowAccept
1785410651490,false,1785410651756,FastAccept
1785410651568,true,1785410651756,SlowAccept
1785410651651,true,1785410651756,FastAccept
1785410651735,false,1785410651962,FastAccept
1785410651824,false,1785410652283,LeaderAccept
1785410651918,true,1785410652112,FastAccept
1785410652014,false,1785410652283,FastAccept
1785410652116,false,1785410652605,LeaderAccept
1785410652223,true,1785410652493,SlowAccept
1785410652337,true,1785410652605,FastAccept
1785410652456,true,1785410652605,SlowAccept
1785410652583,false,1785410652635,FastAccept
1785410652718,true,1785410652963,FastAccept
1785410652862,false,1785410653255,LeaderAccept
1785410653017,false,1785410653255,FastAccept
1785410653184,false,1785410653390,FastAccept
1785410653365,true,1785410653650,SlowAccept
1785410653563,false,1785410653650,SlowAccept
1785410653782,true,1785410653947,FastAccept
1785410654027,true,1785410654317,SlowAccept
1785410654303,true,1785410654555,FastAccept
1785410654619,true,1785410654671,FastAccept
1785410654989,false,1785410655041,FastAccept
1785410655435,true,1785410655698,SlowAccept
1785410655992,true,1785410656044,FastAccept
1785410656727,true,1785410656779,FastAccept
1785410657788,false,1785410658057,FastAccept
1785410659590,false,1785410659772,FastAccept
1785410664027,false,1785410664079,FastAccept
1785410692692,true,1785410692751,FastAccept
1785410692718,true,1785410692798,LeaderAccept
1785410692746,true,1785410692798,FastAccept
1785410692773,true,1785410693387,LeaderAccept
1785410692802,true,1785410692854,FastAccept
1785410692829,false,1785410693098,FastAccept
1785410692858,true,1785410693098,FastAccept
1785410692886,true,1785410693098,FastAccept
1785410692915,true,1785410693184,FastAccept
1785410692945,true,1785410693184,FastAccept
1785410692975,false,1785410693334,LeaderAccept
1785410693006,false,1785410693184,FastAccept
1785410693036,true,1785410693334,SlowAccept
1785410693068,true,1785410693334,FastAccept
1785410693099,false,1785410693334,FastAccept
1785410693131,false,1785410693334,FastAccept
1785410693164,false,1785410693334,FastAccept
1785410693197,true,1785410693334,FastAccept
1785410693231,false,1785410693334,FastAccept
1785410693265,true,1785410693334,FastAccept
1785410693300,true,1785410693387,LeaderAccept
1785410693335,true,1785410693387,FastAccept
1785410693371,true,1785410693423,FastAccept
1785410693408,true,1785410693681,SlowAccept
1785410693446,true,1785410693681,FastAccept
1785410693484,true,1785410693755,SlowAccept
1785410693523,true,1785410693755,FastAccept
1785410693562,true,1785410693832,SlowAccept
1785410693602,false,1785410693832,FastAccept
1785410693643,true,1785410693911,SlowAccept
1785410693685,false,1785410693911,FastAccept
1785410693727,true,1785410693911,FastAccept
1785410693772,false,1785410693911,FastAccept
1785410693816,true,1785410693911,FastAccept
1785410693863,true,1785410693914,FastAccept
1785410693909,false,1785410693961,FastAccept
1785410693957,true,1785410694008,FastAccept
1785410694006,true,1785410694267,SlowAccept
1785410694056,false,1785410694267,FastAccept
1785410694107,false,1785410694366,SlowAccept
1785410694160,true,1785410694366,FastAccept
1785410694214,false,1785410694472,SlowAccept
1785410694271,true,1785410694472,FastAccept
1785410694328,true,1785410694581,SlowAccept
1785410694387,false,1785410694581,FastAccept
1785410694447,false,1785410694581,FastAccept
1785410694509,false,1785410694581,FastAccept
1785410694573,false,1785410694625,FastAccept
1785410694639,true,1785410694691,FastAccept
1785410694707,true,1785410694948,LeaderAccept
1785410694778,true,1785410694948,FastAccept
1785410694851,false,1785410694948,FastAccept
1785410694927,true,1785410694979,FastAccept
1785410695006,false,1785410695207,FastAccept
1785410695088,false,1785410695207,FastAccept
1785410695173,false,1785410695367,FastAccept
1785410695262,true,1785410695367,FastAccept
1785410695356,true,1785410695539,FastAccept
1785410695453,true,1785410695539,FastAccept
1785410695556,true,1785410695727,FastAccept
1785410695663,false,1785410695727,FastAccept
1785410695776,true,1785410695962,FastAccept
1785410695896,false,1785410695962,FastAccept
1785410696023,false,1785410696075,FastAccept
1785410696159,true,1785410696236,LeaderAccept
1785410696304,false,1785410696356,FastAccept
1785410696460,false,1785410696513,FastAccept
1785410696629,false,1785410696681,FastAccept
1785410696813,false,1785410697078,SlowAccept
1785410697013,false,1785410697078,FastAccept
1785410697236,true,1785410697288,SlowAccept
1785410697483,false,1785410697535,FastAccept
1785410697763,true,1785410697936,FastAccept
1785410698085,false,1785410698137,FastAccept
1785410698464,false,1785410698558,FastAccept
1785410698921,false,1785410698973,FastAccept
1785410699495,false,1785410699547,FastAccept
1785410700258,false,1785410700310,FastAccept
1785410701375,false,1785410701427,FastAccept
1785410703328,false,1785410703609,LeaderAccept
1785410708509,false,1785410708561,FastAccept
1785410716040,false,1785410716092,FastAccept
1785410716064,false,1785410716116,FastAccept
1785410716090,false,1785410716141,FastAccept
1785410716116,false,1785410716167,FastAccept
1785410716141,true,1785410716193,FastAccept
1785410716167,true,1785410716219,FastAccept
1785410716193,false,1785410716245,FastAccept
1785410716219,true,1785410716271,FastAccept
1785410716245,false,1785410716297,FastAccept
1785410716272,true,1785410716324,FastAccept
1785410716299,false,1785410716351,FastAccept
1785410716327,true,1785410716379,FastAccept
1785410716355,true,1785410716407,FastAccept
1785410716383,true,1785410716435,FastAccept
1785410716412,true,1785410716464,FastAccept
1785410716441,true,1785410716534,SlowAccept
1785410716470,true,1785410716534,FastAccept
1785410716500,true,1785410716552,FastAccept
1785410716530,true,1785410716598,SlowAccept
1785410716561,false,1785410716607,SlowAccept
1785410716592,false,1785410716745,LeaderAccept
1785410716624,false,1785410716676,FastAccept
1785410716656,false,1785410716745,LeaderAccept
1785410716689,false,1785410716745,FastAccept
1785410716724,false,1785410716811,LeaderAccept
1785410716759,false,1785410716878,LeaderAccept
1785410716793,false,1785410716878,SlowAccept
1785410716828,true,1785410716949,LeaderAccept
1785410716863,false,1785410716949,SlowAccept
1785410716901,false,1785410716952,FastAccept
1785410716938,false,1785410717005,SlowAccept
1785410716977,false,1785410717081,LeaderAccept
1785410717016,false,1785410717081,SlowAccept
1785410717055,false,1785410717177,LeaderAccept
1785410717095,false,1785410717188,LeaderAccept
1785410717136,false,1785410717188,FastAccept
1785410717177,true,1785410717272,LeaderAccept
1785410717220,true,1785410717272,FastAccept
1785410717263,true,1785410717332,FastAccept
1785410717307,false,1785410717400,SlowAccept
1785410717352,true,1785410717404,FastAccept
1785410717398,false,1785410717474,SlowAccept
1785410717446,false,1785410717542,LeaderAccept
1785410717494,true,1785410717542,LeaderAccept
1785410717544,false,1785410717652,LeaderAccept
1785410717594,true,1785410717687,SlowAccept
1785410717646,false,1785410717720,SlowAccept
1785410717699,false,1785410717790,SlowAccept
1785410717754,false,1785410717825,SlowAccept
1785410717810,false,1785410717899,SlowAccept
1785410717868,false,1785410717923,SlowAccept
1785410717928,true,1785410717998,SlowAccept
1785410717989,false,1785410718041,FastAccept
1785410718052,false,1785410718105,FastAccept
1785410718118,false,1785410718170,FastAccept
1785410718185,false,1785410718238,FastAccept
1785410718255,false,1785410718307,FastAccept
1785410718327,false,1785410718403,LeaderAccept
1785410718402,true,1785410718471,FastAccept
1785410718479,false,1785410718531,FastAccept
1785410718559,true,1785410718652,LeaderAccept
1785410718643,false,1785410718695,FastAccept
1785410718731,false,1785410718824,SlowAccept
1785410718821,false,1785410718873,FastAccept
1785410718916,false,1785410719006,LeaderAccept
1785410719015,false,1785410719058,LeaderAccept
1785410719120,true,1785410719206,SlowAccept
1785410719230,false,1785410719277,LeaderAccept
1785410719347,false,1785410719426,SlowAccept
1785410719470,false,1785410719521,FastAccept
1785410719602,false,1785410719675,SlowAccept
1785410719742,true,1785410719794,FastAccept
1785410719892,true,1785410719945,LeaderAccept
1785410720054,true,1785410720106,FastAccept
1785410720228,false,1785410720272,LeaderAccept
1785410720419,false,1785410720471,FastAccept
1785410720630,true,1785410720681,FastAccept
1785410720862,false,1785410720914,FastAccept
1785410721123,false,1785410721175,FastAccept
1785410721421,false,1785410721473,FastAccept
1785410721766,false,1785410721819,FastAccept
1785410722177,true,1785410722229,FastAccept
1785410722681,true,1785410722733,FastAccept
1785410723329,true,1785410723382,FastAccept
1785410724225,false,1785410724277,FastAccept
1785410725625,false,1785410725677,FastAccept
1785410728444,true,1785410728496,FastAccept
1785410739982,true,1785410740034,FastAccept
1785410757563,true,1785410757615,FastAccept
1785410757584,true,1785410757696,LeaderAccept
1785410757607,false,1785410757658,FastAccept
1785410757628,true,1785410757741,LeaderAccept
1785410757650,false,1785410757763,LeaderAccept
1785410757672,false,1785410757740,SlowAccept
1785410757694,true,1785410757839,LeaderAccept
1785410757717,true,1785410757823,LeaderAccept
1785410757739,false,1785410757839,LeaderAccept
1785410757762,false,1785410757862,LeaderAccept
1785410757787,true,1785410757839,FastAccept
1785410757810,false,1785410757862,FastAccept
1785410757834,false,1785410757885,FastAccept
1785410757858,true,1785410757910,FastAccept
1785410757883,true,1785410757963,SlowAccept
1785410757909,false,1785410757963,FastAccept
1785410757934,false,1785410758037,LeaderAccept
1785410757960,true,1785410758037,SlowAccept
1785410757985,true,1785410758037,FastAccept
1785410758012,false,1785410758065,FastAccept
1785410758038,false,1785410758114,SlowAccept
1785410758065,false,1785410758116,FastAccept
1785410758092,false,1785410758144,FastAccept
1785410758120,true,1785410758194,SlowAccept
1785410758147,false,1785410758200,FastAccept
1785410758176,true,1785410758228,FastAccept
1785410758204,true,1785410758276,SlowAccept
1785410758233,true,1785410758285,FastAccept
1785410758262,true,1785410758315,FastAccept
1785410758292,true,1785410758361,SlowAccept
1785410758322,false,1785410758374,FastAccept
1785410758353,false,1785410758405,FastAccept
1785410758385,false,1785410758452,SlowAccept
1785410758416,true,1785410758468,FastAccept
1785410758448,false,1785410758500,FastAccept
1785410758481,false,1785410758534,SlowAccept
1785410758514,false,1785410758583,FastAccept
1785410758549,false,1785410758601,FastAccept
1785410758583,true,1785410758643,FastAccept
1785410758618,false,1785410758670,FastAccept
1785410758653,false,1785410758746,SlowAccept
1785410758689,false,1785410758746,FastAccept
1785410758726,true,1785410758779,FastAccept
1785410758764,false,1785410758855,SlowAccept
1785410758802,true,1785410758855,FastAccept
1785410758840,true,1785410758892,FastAccept
1785410758879,false,1785410758969,SlowAccept
1785410758920,true,1785410758971,FastAccept
1785410758960,true,1785410759012,FastAccept
1785410759002,false,1785410759089,SlowAccept
1785410759044,false,1785410759096,FastAccept
1785410759089,false,1785410759141,FastAccept
1785410759134,false,1785410759218,SlowAccept
1785410759179,false,1785410759231,FastAccept
1785410759226,false,1785410759278,FastAccept
1785410759274,true,1785410759355,SlowAccept
1785410759323,false,1785410759393,FastAccept
1785410759373,false,1785410759425,FastAccept
1785410759424,true,1785410759502,SlowAccept
1785410759477,true,1785410759530,FastAccept
1785410759531,true,1785410759583,FastAccept
1785410759586,false,1785410759660,SlowAccept
1785410759643,true,1785410759695,FastAccept
1785410759701,false,1785410759754,FastAccept
1785410759761,true,1785410759831,SlowAccept
1785410759823,false,1785410759876,FastAccept
1785410759887,false,1785410759940,FastAccept
1785410759953,true,1785410760004,LeaderAccept
1785410760021,true,1785410760074,FastAccept
1785410760091,true,1785410760143,FastAccept
1785410760163,false,1785410760207,LeaderAccept
1785410760240,true,1785410760395,LeaderAccept
1785410760318,false,1785410760395,LeaderAccept
1785410760399,false,1785410760492,LeaderAccept
1785410760484,false,1785410760577,SlowAccept
1785410760573,true,1785410760658,LeaderAccept
1785410760665,true,1785410760733,FastAccept
1785410760761,true,1785410760814,FastAccept
1785410760863,false,1785410760956,LeaderAccept
1785410760969,false,1785410761055,SlowAccept
1785410761081,false,1785410761159,SlowAccept
1785410761200,false,1785410761255,SlowAccept
1785410761326,false,1785410761378,FastAccept
1785410761460,false,1785410761549,LeaderAccept
1785410761602,false,1785410761664,SlowAccept
1785410761755,false,1785410761808,FastAccept
1785410761921,false,1785410761974,FastAccept
1785410762101,false,1785410762153,FastAccept
1785410762298,false,1785410762379,SlowAccept
1785410762514,false,1785410762568,LeaderAccept
1785410762755,true,1785410762824,FastAccept
1785410763027,false,1785410763091,FastAccept
1785410763338,true,1785410763439,LeaderAccept
1785410763703,false,1785410763780,LeaderAccept
1785410764139,false,1785410764200,FastAccept
1785410764682,true,1785410764734,FastAccept
1785410765393,false,1785410765465,LeaderAccept
1785410766408,true,1785410766460,FastAccept
1785410768092,true,1785410768144,FastAccept
1785410771999,false,1785410772052,FastAccept
1785410799561,false,1785410799626,SlowAccept
1785410802921,false,1785410803007,SlowAccept
1785410802940,true,1785410803007,FastAccept
1785410802959,false,1785410803011,FastAccept
1785410802978,false,1785410803082,LeaderAccept
1785410802998,false,1785410803049,FastAccept
1785410803017,false,1785410803069,FastAccept
1785410803036,true,1785410803229,LeaderAccept
1785410803056,true,1785410803108,FastAccept
1785410803076,false,1785410803136,SlowAccept
1785410803096,true,1785410803165,FastAccept
1785410803116,true,1785410803168,FastAccept
1785410803136,true,1785410803187,FastAccept
1785410803156,false,1785410803211,SlowAccept
1785410803177,false,1785410803229,FastAccept
1785410803198,true,1785410803392,SlowAccept
1785410803221,true,1785410803309,SlowAccept
1785410803242,true,1785410803311,FastAccept
1785410803265,true,1785410803392,LeaderAccept
1785410803287,false,1785410803338,FastAccept
1785410803309,false,1785410803407,LeaderAccept
1785410803332,false,1785410803547,LeaderAccept
1785410803355,true,1785410803407,FastAccept
1785410803377,false,1785410803479,LeaderAccept
1785410803400,true,1785410803515,LeaderAccept
1785410803423,false,1785410803522,LeaderAccept
1785410803446,true,1785410803515,FastAccept
1785410803470,false,1785410803522,FastAccept
1785410803495,false,1785410803547,FastAccept
1785410803520,true,1785410803614,SlowAccept
1785410803546,true,1785410803614,FastAccept
1785410803571,true,1785410803663,SlowAccept
1785410803597,true,1785410803663,FastAccept
1785410803622,true,1785410803674,FastAccept
1785410803649,true,1785410803701,FastAccept
1785410803675,false,1785410803761,SlowAccept
1785410803701,false,1785410803761,FastAccept
1785410803728,false,1785410803797,FastAccept
1785410803756,false,1785410803807,FastAccept
1785410803783,true,1785410803866,SlowAccept
1785410803812,false,1785410803866,FastAccept
1785410803840,true,1785410803975,LeaderAccept
1785410803869,true,1785410803921,FastAccept
1785410803898,false,1785410803975,SlowAccept
1785410803928,true,1785410803980,FastAccept
1785410803959,true,1785410804011,FastAccept
1785410803989,false,1785410804041,FastAccept
1785410804020,false,1785410804090,SlowAccept
1785410804052,true,1785410804126,SlowAccept
1785410804083,true,1785410804135,FastAccept
1785410804115,true,1785410804168,FastAccept
1785410804148,false,1785410804203,SlowAccept
1785410804182,true,1785410804276,SlowAccept
1785410804216,true,1785410804276,FastAccept
1785410804251,false,1785410804342,SlowAccept
1785410804287,false,1785410804342,FastAccept
1785410804324,true,1785410804376,FastAccept
1785410804360,true,1785410804413,FastAccept
1785410804397,false,1785410804480,SlowAccept
1785410804435,true,1785410804528,LeaderAccept
1785410804473,true,1785410804525,FastAccept
1785410804513,true,1785410804565,FastAccept
1785410804552,true,1785410804627,SlowAccept
1785410804593,true,1785410804645,FastAccept
1785410804634,false,1785410804686,FastAccept
1785410804677,true,1785410804730,FastAccept
1785410804722,true,1785410804774,LeaderAccept
1785410804766,false,1785410804818,FastAccept
1785410804811,true,1785410804904,LeaderAccept
1785410804857,true,1785410804955,LeaderAccept
1785410804904,true,1785410804955,FastAccept
1785410804952,false,1785410805004,FastAccept
1785410805001,false,1785410805052,FastAccept
1785410805051,true,1785410805103,FastAccept
1785410805103,true,1785410805155,FastAccept
1785410805156,false,1785410805208,FastAccept
1785410805210,true,1785410805262,FastAccept
1785410805266,true,1785410805353,SlowAccept
1785410805325,true,1785410805564,LeaderAccept
1785410805384,false,1785410805453,FastAccept
1785410805445,false,1785410805514,FastAccept
1785410805508,false,1785410805564,SlowAccept
1785410805573,false,1785410805625,FastAccept
1785410805640,false,1785410805692,FastAccept
1785410805709,true,1785410805762,FastAccept
1785410805781,true,1785410805825,LeaderAccept
1785410805855,false,1785410805907,FastAccept
1785410805933,false,1785410805985,FastAccept
1785410806014,true,1785410806066,FastAccept
1785410806097,true,1785410806149,FastAccept
1785410806184,false,1785410806237,FastAccept
1785410806275,true,1785410806327,FastAccept
1785410806370,true,1785410806463,SlowAccept
1785410806470,true,1785410806522,FastAccept
1785410806574,false,1785410806626,FastAccept
1785410806684,false,1785410806737,FastAccept
1785410806801,false,1785410806847,LeaderAccept
1785410806924,true,1785410806976,FastAccept
1785410807055,false,1785410807107,FastAccept
1785410807195,true,1785410807247,FastAccept
1785410807344,true,1785410807396,FastAccept
1785410807505,false,1785410807564,SlowAccept
1785410807680,false,1785410807732,FastAccept
1785410807871,true,1785410807954,SlowAccept
1785410808080,true,1785410808132,FastAccept
1785410808312,true,1785410808365,FastAccept
1785410808573,false,1785410808625,FastAccept
1785410808870,true,1785410808922,FastAccept
1785410809214,false,1785410809267,FastAccept
1785410809622,false,1785410809674,FastAccept
1785410810123,true,1785410810175,FastAccept
1785410810766,true,1785410810817,FastAccept
1785410811652,true,1785410811703,FastAccept
1785410813032,false,1785410813083,FastAccept
1785410815781,true,1785410815862,LeaderAccept
1785410826642,false,1785410826695,FastAccept
1785410861812,false,1785410861864,FastAccept
1785410861832,true,1785410861884,FastAccept
1785410861852,true,1785410861905,FastAccept
1785410861873,false,1785410861924,FastAccept
1785410861894,true,1785410861946,FastAccept
1785410861914,false,1785410861965,FastAccept
1785410861935,false,1785410861987,FastAccept
1785410861956,true,1785410862009,FastAccept
1785410861978,true,1785410862030,FastAccept
1785410861999,false,1785410862051,FastAccept
1785410862020,false,1785410862072,FastAccept
1785410862042,false,1785410862094,FastAccept
1785410862065,false,1785410862117,FastAccept
1785410862088,false,1785410862140,FastAccept
1785410862111,false,1785410862163,FastAccept
1785410862133,false,1785410862185,FastAccept
1785410862156,false,1785410862208,FastAccept
1785410862179,true,1785410862259,SlowAccept
1785410862202,true,1785410862281,SlowAccept
1785410862226,true,1785410862288,SlowAccept
1785410862250,true,1785410862311,SlowAccept
1785410862275,false,1785410862400,LeaderAccept
1785410862299,false,1785410862400,LeaderAccept
1785410862325,false,1785410862402,LeaderAccept
1785410862351,false,1785410862402,FastAccept
1785410862376,true,1785410862445,FastAccept
1785410862402,false,1785410862496,SlowAccept
1785410862428,false,1785410862529,LeaderAccept
1785410862455,true,1785410862562,LeaderAccept
1785410862483,false,1785410862631,LeaderAccept
1785410862510,false,1785410862562,FastAccept
1785410862538,true,1785410862631,SlowAccept
1785410862566,true,1785410862657,SlowAccept
1785410862594,true,1785410862684,SlowAccept
1785410862623,true,1785410862695,SlowAccept
1785410862652,false,1785410862724,SlowAccept
1785410862682,false,1785410862828,LeaderAccept
1785410862712,false,1785410862828,LeaderAccept
1785410862743,false,1785410862828,LeaderAccept
1785410862774,true,1785410862828,FastAccept
1785410862806,true,1785410862858,FastAccept
1785410862837,false,1785410862920,SlowAccept
1785410862869,true,1785410862951,SlowAccept
1785410862902,true,1785410862982,SlowAccept
1785410862936,false,1785410863014,SlowAccept
1785410862970,true,1785410863047,SlowAccept
1785410863006,true,1785410863080,SlowAccept
1785410863041,true,1785410863112,SlowAccept
1785410863076,false,1785410863148,SlowAccept
1785410863112,true,1785410863182,SlowAccept
1785410863149,false,1785410863203,SlowAccept
1785410863187,false,1785410863255,FastAccept
1785410863226,true,1785410863319,LeaderAccept
1785410863264,true,1785410863398,LeaderAccept
1785410863304,true,1785410863373,FastAccept
1785410863344,true,1785410863396,FastAccept
1785410863385,true,1785410863437,FastAccept
1785410863427,true,1785410863479,FastAccept
1785410863470,false,1785410863522,FastAccept
1785410863515,false,1785410863567,FastAccept
1785410863560,true,1785410863628,FastAccept
1785410863606,true,1785410863674,FastAccept
1785410863652,true,1785410863790,LeaderAccept
1785410863701,true,1785410863790,SlowAccept
1785410863749,true,1785410863837,SlowAccept
1785410863799,false,1785410863886,SlowAccept
1785410863852,false,1785410863936,SlowAccept
1785410863904,true,1785410863971,SlowAccept
1785410863958,true,1785410864095,LeaderAccept
1785410864014,false,1785410864095,LeaderAccept
1785410864072,false,1785410864124,FastAccept
1785410864130,false,1785410864182,FastAccept
1785410864190,false,1785410864242,FastAccept
1785410864252,true,1785410864305,FastAccept
1785410864316,false,1785410864369,FastAccept
1785410864383,true,1785410864452,SlowAccept
1785410864451,false,1785410864506,SlowAccept
1785410864522,true,1785410864575,LeaderAccept
1785410864595,false,1785410864645,SlowAccept
1785410864671,true,1785410864717,LeaderAccept
1785410864750,true,1785410864793,LeaderAccept
1785410864832,false,1785410864882,LeaderAccept
1785410864918,true,1785410864964,LeaderAccept
1785410865007,false,1785410865060,FastAccept
1785410865100,false,1785410865152,FastAccept
1785410865197,false,1785410865249,FastAccept
1785410865300,true,1785410865352,FastAccept
1785410865407,false,1785410865459,FastAccept
1785410865520,true,1785410865573,FastAccept
1785410865641,true,1785410865693,FastAccept
1785410865768,false,1785410865820,FastAccept
1785410865903,false,1785410865956,FastAccept
1785410866048,false,1785410866100,FastAccept
1785410866204,false,1785410866256,FastAccept
1785410866372,false,1785410866425,FastAccept
1785410866557,true,1785410866609,FastAccept
1785410866757,true,1785410866810,FastAccept
1785410866979,false,1785410867031,FastAccept
1785410867227,false,1785410867279,FastAccept
1785410867507,false,1785410867559,FastAccept
1785410867830,true,1785410867882,FastAccept
1785410868209,false,1785410868302,LeaderAccept
1785410868666,false,1785410868717,FastAccept
1785410869241,true,1785410869313,LeaderAccept
1785410870007,true,1785410870100,LeaderAccept
1785410871130,true,1785410871223,LeaderAccept
1785410873098,false,1785410873150,FastAccept
1785410878358,false,1785410878410,FastAccept
1785410917762,true,1785410917814,FastAccept
1785410917778,true,1785410917831,FastAccept
1785410917794,true,1785410917846,FastAccept
1785410917810,true,1785410917879,FastAccept
1785410917827,true,1785410917879,FastAccept
1785410917843,true,1785410917895,FastAccept
1785410917859,false,1785410917912,FastAccept
1785410917876,true,1785410917991,LeaderAccept
1785410917892,true,1785410917944,FastAccept
1785410917910,true,1785410917962,FastAccept
1785410917926,false,1785410917978,FastAccept
1785410917944,true,1785410918049,LeaderAccept
1785410917961,true,1785410918013,FastAccept
1785410917979,true,1785410918049,FastAccept
1785410917997,false,1785410918103,LeaderAccept
1785410918015,true,1785410918067,FastAccept
1785410918033,false,1785410918086,FastAccept
1785410918051,false,1785410918103,FastAccept
1785410918069,true,1785410918121,FastAccept
1785410918087,true,1785410918139,FastAccept
1785410918106,false,1785410918157,FastAccept
1785410918124,true,1785410918217,SlowAccept
1785410918143,false,1785410918217,FastAccept
1785410918162,false,1785410918217,FastAccept
1785410918182,true,1785410918234,FastAccept
1785410918201,false,1785410918254,FastAccept
1785410918221,false,1785410918273,FastAccept
1785410918242,false,1785410918294,FastAccept
1785410918261,true,1785410918329,FastAccept
1785410918281,false,1785410918519,LeaderAccept
1785410918302,true,1785410918356,FastAccept
1785410918322,false,1785410918391,FastAccept
1785410918343,true,1785410918411,FastAccept
1785410918363,true,1785410918415,FastAccept
1785410918384,true,1785410918478,SlowAccept
1785410918405,false,1785410918498,SlowAccept
1785410918426,false,1785410918498,FastAccept
1785410918448,false,1785410918562,LeaderAccept
1785410918470,false,1785410918584,LeaderAccept
1785410918492,true,1785410918606,LeaderAccept
1785410918514,false,1785410918606,LeaderAccept
1785410918537,true,1785410918629,LeaderAccept
1785410918559,false,1785410918673,LeaderAccept
1785410918582,true,1785410918680,LeaderAccept
1785410918605,false,1785410918704,LeaderAccept
1785410918629,true,1785410918680,FastAccept
1785410918652,false,1785410918704,FastAccept
1785410918676,true,1785410918728,FastAccept
1785410918700,false,1785410918752,FastAccept
1785410918725,true,1785410918777,FastAccept
1785410918750,true,1785410918853,LeaderAccept
1785410918775,false,1785410918827,FastAccept
1785410918801,true,1785410918853,FastAccept
1785410918827,false,1785410918879,FastAccept
1785410918853,false,1785410918905,FastAccept
1785410918879,true,1785410918931,FastAccept
1785410918906,false,1785410918958,FastAccept
1785410918933,true,1785410919002,FastAccept
1785410918961,false,1785410919014,FastAccept
1785410918989,false,1785410919041,FastAccept
1785410919017,false,1785410919069,FastAccept
1785410919045,true,1785410919097,FastAccept
1785410919074,true,1785410919126,FastAccept
1785410919103,true,1785410919172,FastAccept
1785410919133,true,1785410919185,FastAccept
1785410919164,true,1785410919233,FastAccept
1785410919196,false,1785410919248,FastAccept
1785410919227,false,1785410919321,SlowAccept
1785410919259,true,1785410919352,SlowAccept
1785410919291,false,1785410919405,LeaderAccept
1785410919324,true,1785410919437,LeaderAccept
1785410919358,false,1785410919451,LeaderAccept
1785410919391,true,1785410919485,LeaderAccept
1785410919427,true,1785410919479,FastAccept
1785410919461,false,1785410919512,FastAccept
1785410919496,true,1785410919548,FastAccept
1785410919533,true,1785410919585,FastAccept
1785410919569,true,1785410919621,FastAccept
1785410919606,true,1785410919658,FastAccept
1785410919644,true,1785410919775,LeaderAccept
1785410919682,false,1785410919751,FastAccept
1785410919723,false,1785410919774,FastAccept
1785410919763,false,1785410919815,FastAccept
1785410919805,false,1785410919856,FastAccept
1785410919846,true,1785410919898,FastAccept
1785410919889,false,1785410919941,FastAccept
1785410919933,false,1785410919985,FastAccept
1785410919977,false,1785410920029,FastAccept
1785410920023,false,1785410920075,FastAccept
1785410920070,true,1785410920122,FastAccept
1785410920118,true,1785410920170,FastAccept
1785410920168,true,1785410920220,FastAccept
1785410920217,true,1785410920372,LeaderAccept
1785410920268,false,1785410920337,FastAccept
1785410920320,false,1785410920372,FastAccept
1785410920374,true,1785410920426,FastAccept
1785410920429,false,1785410920480,FastAccept
1785410920486,false,1785410920538,FastAccept
1785410920544,true,1785410920596,FastAccept
1785410920604,false,1785410920656,FastAccept
1785410920666,true,1785410920718,FastAccept
1785410920730,false,1785410920783,FastAccept
1785410920796,true,1785410920848,FastAccept
1785410920865,true,1785410920917,FastAccept
1785410920935,true,1785410920987,FastAccept
1785410921008,false,1785410921060,FastAccept
1785410921083,false,1785410921135,FastAccept
1785410921163,true,1785410921215,FastAccept
1785410921244,false,1785410921296,FastAccept
1785410921329,true,1785410921381,FastAccept
1785410921418,false,1785410921470,FastAccept
1785410921510,false,1785410921562,FastAccept
1785410921607,true,1785410921659,FastAccept
1785410921708,false,1785410921760,FastAccept
1785410921815,true,1785410921867,FastAccept
1785410921927,true,1785410921979,FastAccept
1785410922047,false,1785410922099,FastAccept
1785410922173,true,1785410922226,FastAccept
1785410922308,false,1785410922360,FastAccept
1785410922452,true,1785410922504,FastAccept
1785410922606,true,1785410922658,FastAccept
1785410922774,false,1785410922826,FastAccept
1785410922956,true,1785410923049,LeaderAccept
1785410923154,true,1785410923206,FastAccept
1785410923373,false,1785410923425,FastAccept
1785410923617,false,1785410923686,FastAccept
1785410923892,false,1785410923944,FastAccept
1785410924208,true,1785410924261,FastAccept
1785410924578,false,1785410924630,FastAccept
1785410925023,false,1785410925075,FastAccept
1785410925578,true,1785410925631,FastAccept
1785410926310,false,1785410926362,FastAccept
1785410927365,true,1785410927417,FastAccept
1785410929153,true,1785410929206,FastAccept
1785410933523,false,1785410933575,FastAccept
1785410936403,true,1785410936454,FastAccept
1785410936442,false,1785410936494,FastAccept
1785410936482,true,1785410936534,FastAccept
1785410936522,false,1785410936597,SlowAccept
1785410936564,false,1785410936633,FastAccept
1785410936606,false,1785410936658,FastAccept
1785410936649,true,1785410936701,FastAccept
1785410936693,false,1785410936745,FastAccept
1785410936738,false,1785410936790,FastAccept
1785410936784,true,1785410936836,FastAccept
1785410936831,false,1785410936912,SlowAccept
1785410936879,false,1785410936947,FastAccept
1785410936928,false,1785410936980,FastAccept
1785410936980,true,1785410937032,FastAccept
1785410937031,true,1785410937083,FastAccept
1785410937084,true,1785410937136,FastAccept
1785410937138,true,1785410937191,FastAccept
1785410937194,true,1785410937282,SlowAccept
1785410937251,true,1785410937344,SlowAccept
1785410937310,true,1785410937362,FastAccept
1785410937370,false,1785410937422,FastAccept
1785410937432,true,1785410937484,FastAccept
1785410937496,true,1785410937548,FastAccept
1785410937563,true,1785410937615,FastAccept
1785410937632,true,1785410937685,FastAccept
1785410937703,false,1785410937755,FastAccept
1785410937776,false,1785410937828,FastAccept
1785410937852,true,1785410937905,FastAccept
1785410937932,true,1785410937984,FastAccept
1785410938014,true,1785410938066,FastAccept
1785410938099,true,1785410938151,FastAccept
1785410938188,false,1785410938241,FastAccept
1785410938282,true,1785410938334,FastAccept
1785410938380,false,1785410938432,FastAccept
1785410938483,false,1785410938535,FastAccept
1785410938592,true,1785410938645,FastAccept
1785410938706,true,1785410938758,FastAccept
1785410938827,true,1785410938879,FastAccept
1785410938956,false,1785410939005,LeaderAccept
1785410939092,true,1785410939144,FastAccept
1785410939238,true,1785410939290,FastAccept
1785410939395,true,1785410939447,FastAccept
1785410939566,false,1785410939618,FastAccept
1785410939750,false,1785410939802,FastAccept
1785410939954,false,1785410940005,FastAccept
1785410940178,false,1785410940230,FastAccept
1785410940429,true,1785410940481,FastAccept
1785410940715,false,1785410940767,FastAccept
1785410941042,false,1785410941094,FastAccept
1785410941428,true,1785410941480,FastAccept
1785410941895,true,1785410941946,FastAccept
1785410942485,false,1785410942538,FastAccept
1785410943279,false,1785410943331,FastAccept
1785410944456,false,1785410944509,FastAccept
1785410946578,true,1785410946631,FastAccept
1785410952704,true,1785410952755,FastAccept
1785410960566,true,1785410960617,FastAccept
1785410960582,false,1785410960632,FastAccept
1785410960597,false,1785410960648,FastAccept
1785410960613,false,1785410960663,FastAccept
1785410960628,false,1785410960678,FastAccept
1785410960643,true,1785410960694,FastAccept
1785410960658,true,1785410960708,FastAccept
1785410960674,false,1785410960725,FastAccept
1785410960691,false,1785410960741,FastAccept
1785410960706,true,1785410960756,FastAccept
1785410960723,false,1785410960787,SlowAccept
1785410960739,true,1785410960789,FastAccept
1785410960755,false,1785410960824,FastAccept
1785410960772,true,1785410960824,FastAccept
1785410960789,false,1785410960839,FastAccept
1785410960807,true,1785410960857,FastAccept
1785410960823,true,1785410960961,LeaderAccept
1785410960841,true,1785410960892,FastAccept
1785410960859,true,1785410960927,FastAccept
1785410960876,true,1785410960927,FastAccept
1785410960893,false,1785410960943,FastAccept
1785410960910,true,1785410960961,FastAccept
1785410960928,true,1785410960978,FastAccept
1785410960946,false,1785410960998,FastAccept
1785410960964,true,1785410961015,FastAccept
1785410960982,false,1785410961032,FastAccept
1785410961000,true,1785410961050,FastAccept
1785410961018,false,1785410961068,FastAccept
1785410961036,false,1785410961087,FastAccept
1785410961056,false,1785410961106,FastAccept
1785410961076,true,1785410961126,FastAccept
1785410961095,false,1785410961145,FastAccept
1785410961114,false,1785410961164,FastAccept
1785410961134,true,1785410961185,FastAccept
1785410961155,true,1785410961205,FastAccept
1785410961175,true,1785410961225,FastAccept
1785410961195,false,1785410961246,FastAccept
1785410961216,true,1785410961266,FastAccept
1785410961236,false,1785410961287,FastAccept
1785410961257,true,1785410961308,FastAccept
1785410961278,false,1785410961329,FastAccept
1785410961299,true,1785410961367,SlowAccept
1785410961321,false,1785410961371,FastAccept
1785410961342,false,1785410961393,FastAccept
1785410961365,true,1785410961415,FastAccept
1785410961386,false,1785410961437,FastAccept
1785410961408,false,1785410961459,FastAccept
1785410961430,false,1785410961480,FastAccept
1785410961453,true,1785410961503,FastAccept
1785410961476,false,1785410961527,FastAccept
1785410961500,false,1785410961551,FastAccept
1785410961523,false,1785410961574,FastAccept
1785410961547,false,1785410961598,FastAccept
1785410961571,false,1785410961621,FastAccept
1785410961595,false,1785410961646,FastAccept
1785410961620,false,1785410961671,FastAccept
1785410961646,false,1785410961696,FastAccept
1785410961671,false,1785410961721,FastAccept
1785410961696,false,1785410961746,FastAccept
1785410961723,false,1785410961774,FastAccept
1785410961748,false,1785410961799,FastAccept
1785410961775,false,1785410961826,FastAccept
1785410961802,true,1785410961852,FastAccept
1785410961829,false,1785410961880,FastAccept
1785410961856,false,1785410961907,FastAccept
1785410961884,false,1785410961935,FastAccept
1785410961912,false,1785410961963,FastAccept
1785410961941,false,1785410961991,FastAccept
1785410961969,false,1785410962021,FastAccept
1785410961999,true,1785410962050,FastAccept
1785410962029,false,1785410962080,FastAccept
1785410962059,true,1785410962128,FastAccept
1785410962091,false,1785410962141,FastAccept
1785410962121,false,1785410962190,FastAccept
1785410962152,true,1785410962203,FastAccept
1785410962184,false,1785410962278,SlowAccept
1785410962217,false,1785410962278,FastAccept
1785410962249,false,1785410962361,LeaderAccept
1785410962282,false,1785410962333,FastAccept
1785410962317,false,1785410962409,LeaderAccept
1785410962351,true,1785410962402,FastAccept
1785410962386,true,1785410962436,FastAccept
1785410962422,false,1785410962472,FastAccept
1785410962459,false,1785410962509,FastAccept
1785410962496,false,1785410962546,FastAccept
1785410962533,true,1785410962584,FastAccept
1785410962572,false,1785410962623,FastAccept
1785410962611,true,1785410962662,FastAccept
1785410962651,false,1785410962702,FastAccept
1785410962692,false,1785410962743,FastAccept
1785410962733,false,1785410962783,FastAccept
1785410962775,false,1785410962825,FastAccept
1785410962818,false,1785410962868,FastAccept
1785410962862,false,1785410962912,FastAccept
1785410962907,true,1785410962958,FastAccept
1785410962953,false,1785410963004,FastAccept
1785410963000,false,1785410963050,FastAccept
1785410963048,false,1785410963099,FastAccept
1785410963097,false,1785410963148,FastAccept
1785410963148,false,1785410963199,FastAccept
1785410963200,true,1785410963268,FastAccept
1785410963253,false,1785410963304,FastAccept
1785410963308,true,1785410963359,FastAccept
1785410963364,false,1785410963415,FastAccept
1785410963422,true,1785410963473,FastAccept
1785410963481,true,1785410963531,FastAccept
1785410963543,false,1785410963594,FastAccept
1785410963605,false,1785410963655,FastAccept
1785410963671,true,1785410963722,FastAccept
1785410963737,false,1785410963788,FastAccept
1785410963806,false,1785410963857,FastAccept
1785410963879,false,1785410963930,FastAccept
1785410963953,true,1785410964004,FastAccept
1785410964030,true,1785410964082,FastAccept
1785410964110,false,1785410964161,FastAccept
1785410964193,false,1785410964244,FastAccept
1785410964281,true,1785410964331,FastAccept
1785410964371,false,1785410964422,FastAccept
1785410964466,true,1785410964517,FastAccept
1785410964565,true,1785410964616,FastAccept
1785410964670,false,1785410964720,FastAccept
1785410964779,false,1785410964830,FastAccept
1785410964895,true,1785410964945,FastAccept
1785410965017,false,1785410965068,FastAccept
1785410965147,false,1785410965198,FastAccept
1785410965286,true,1785410965337,FastAccept
1785410965434,false,1785410965485,FastAccept
1785410965595,false,1785410965646,FastAccept
1785410965768,true,1785410965819,FastAccept
1785410965957,false,1785410966008,FastAccept
1785410966165,false,1785410966216,FastAccept
1785410966395,false,1785410966445,FastAccept
1785410966652,true,1785410966703,FastAccept
1785410966945,true,1785410966996,FastAccept
1785410967285,true,1785410967335,FastAccept
1785410967686,true,1785410967737,FastAccept
1785410968177,false,1785410968228,FastAccept
1785410968803,false,1785410968854,FastAccept
1785410969659,false,1785410969709,FastAccept
1785410970973,false,1785410971024,FastAccept
1785410973506,false,1785410973594,LeaderAccept
1785410982490,true,1785410982541,FastAccept
1785410986970,false,1785410987021,FastAccept
1785410987010,false,1785410987062,FastAccept
1785410987051,true,1785410987101,FastAccept
1785410987092,true,1785410987143,FastAccept
1785410987135,false,1785410987185,FastAccept
1785410987178,false,1785410987229,FastAccept
1785410987223,true,1785410987273,FastAccept
1785410987268,false,1785410987318,FastAccept
1785410987315,false,1785410987413,LeaderAccept
1785410987362,true,1785410987413,FastAccept
1785410987412,true,1785410987462,FastAccept
1785410987461,false,1785410987512,FastAccept
1785410987512,true,1785410987563,FastAccept
1785410987564,false,1785410987669,LeaderAccept
1785410987618,true,1785410987669,FastAccept
1785410987673,true,1785410987723,FastAccept
1785410987729,true,1785410987780,FastAccept
1785410987788,true,1785410987857,FastAccept
1785410987848,false,1785410987916,FastAccept
1785410987909,true,1785410987978,FastAccept
1785410987974,true,1785410988086,LeaderAccept
1785410988039,false,1785410988132,LeaderAccept
1785410988107,true,1785410988175,FastAccept
1785410988178,false,1785410988228,FastAccept
1785410988251,true,1785410988302,FastAccept
1785410988326,false,1785410988377,FastAccept
1785410988404,true,1785410988455,FastAccept
1785410988486,true,1785410988579,LeaderAccept
1785410988570,false,1785410988621,FastAccept
1785410988658,true,1785410988709,FastAccept
1785410988750,true,1785410988801,FastAccept
1785410988848,true,1785410988899,FastAccept
1785410988948,true,1785410988999,FastAccept
1785410989055,false,1785410989105,FastAccept
1785410989167,false,1785410989217,FastAccept
1785410989286,true,1785410989336,FastAccept
1785410989412,true,1785410989463,FastAccept
1785410989545,false,1785410989596,FastAccept
1785410989687,false,1785410989738,FastAccept
1785410989840,true,1785410989891,FastAccept
1785410990007,true,1785410990057,FastAccept
1785410990186,true,1785410990255,FastAccept
1785410990382,false,1785410990433,FastAccept
1785410990598,false,1785410990649,FastAccept
1785410990839,true,1785410990889,FastAccept
1785410991110,false,1785410991161,FastAccept
1785410991420,true,1785410991514,LeaderAccept
1785410991783,false,1785410991834,FastAccept
1785410992219,true,1785410992270,FastAccept
1785410992758,false,1785410992809,FastAccept
1785410993465,true,1785410993516,FastAccept
1785410994470,true,1785410994520,FastAccept
1785410996131,true,1785410996182,FastAccept
1785410996904,true,1785410996955,FastAccept
1785410996929,true,1785410996980,FastAccept
1785410996954,true,1785410997005,FastAccept
1785410996980,false,1785410997030,FastAccept
1785410997006,false,1785410997057,FastAccept
1785410997034,false,1785410997084,FastAccept
1785410997060,true,1785410997111,FastAccept
1785410997088,false,1785410997138,FastAccept
1785410997115,false,1785410997166,FastAccept
1785410997143,true,1785410997194,FastAccept
1785410997172,false,1785410997223,FastAccept
1785410997201,true,1785410997252,FastAccept
1785410997230,false,1785410997280,FastAccept
1785410997259,false,1785410997310,FastAccept
1785410997289,false,1785410997340,FastAccept
1785410997319,false,1785410997370,FastAccept
1785410997349,false,1785410997400,FastAccept
1785410997381,false,1785410997432,FastAccept
1785410997412,false,1785410997463,FastAccept
1785410997445,false,1785410997496,FastAccept
1785410997478,true,1785410997529,FastAccept
1785410997512,true,1785410997562,FastAccept
1785410997545,true,1785410997596,FastAccept
1785410997580,false,1785410997631,FastAccept
1785410997615,false,1785410997667,FastAccept
1785410997651,true,1785410997702,FastAccept
1785410997687,true,1785410997738,FastAccept
1785410997723,false,1785410997773,FastAccept
1785410997760,true,1785410997811,FastAccept
1785410997798,false,1785410997849,FastAccept
1785410997837,true,1785410997888,FastAccept
1785410997877,true,1785410997928,FastAccept
1785410997917,false,1785410997968,FastAccept
1785410997958,false,1785410998009,FastAccept
1785410998000,false,1785410998051,FastAccept
1785410998043,false,1785410998094,FastAccept
1785410998087,true,1785410998138,FastAccept
1785410998132,false,1785410998183,FastAccept
1785410998179,false,1785410998229,FastAccept
1785410998225,true,1785410998276,FastAccept
1785410998274,false,1785410998324,FastAccept
1785410998322,false,1785410998373,FastAccept
1785410998373,false,1785410998423,FastAccept
1785410998424,false,1785410998475,FastAccept
1785410998477,false,1785410998528,FastAccept
1785410998531,true,1785410998581,FastAccept
1785410998587,true,1785410998638,FastAccept
1785410998644,true,1785410998695,FastAccept
1785410998702,true,1785410998753,FastAccept
1785410998762,true,1785410998813,FastAccept
1785410998824,true,1785410998875,FastAccept
1785410998888,false,1785410998939,LeaderAccept
1785410998954,false,1785410999005,FastAccept
1785410999024,true,1785410999074,FastAccept
1785410999094,false,1785410999145,FastAccept
1785410999168,true,1785410999218,FastAccept
1785410999244,false,1785410999295,FastAccept
1785410999322,true,1785410999373,FastAccept
1785410999403,false,1785410999454,FastAccept
1785410999488,false,1785410999539,FastAccept
1785410999578,false,1785410999628,FastAccept
1785410999671,true,1785410999721,FastAccept
1785410999769,false,1785410999819,FastAccept
1785410999871,false,1785410999922,FastAccept
1785410999978,false,1785411000029,FastAccept
1785411000091,true,1785411000142,FastAccept
1785411000211,true,1785411000262,FastAccept
1785411000338,true,1785411000389,FastAccept
1785411000474,true,1785411000524,FastAccept
1785411000619,false,1785411000669,FastAccept
1785411000774,true,1785411000825,FastAccept
1785411000941,false,1785411000992,FastAccept
1785411001123,false,1785411001174,FastAccept
1785411001324,true,1785411001375,FastAccept
1785411001544,false,1785411001595,FastAccept
1785411001791,false,1785411001841,FastAccept
1785411002069,false,1785411002119,FastAccept
1785411002388,true,1785411002439,FastAccept
1785411002763,false,1785411002813,FastAccept
1785411003213,false,1785411003264,FastAccept
1785411003778,false,1785411003829,FastAccept
1785411004526,true,1785411004591,SlowAccept
1785411005613,false,1785411005664,FastAccept
1785411007484,true,1785411007550,FastAccept
1785411012251,false,1785411012357,SlowAccept
1785411033617,true,1785411033683,FastAccept
1785411033637,true,1785411033704,FastAccept
1785411033658,false,1785411033724,FastAccept
1785411033679,true,1785411033870,LeaderAccept
1785411033700,false,1785411033793,FastAccept
1785411033722,true,1785411033793,FastAccept
1785411033743,false,1785411033870,SlowAccept
1785411033765,true,1785411033870,FastAccept
1785411033787,true,1785411033870,FastAccept
1785411033809,false,1785411033874,FastAccept
1785411033831,true,1785411033897,FastAccept
1785411033854,false,1785411033920,FastAccept
1785411033878,true,1785411033943,FastAccept
1785411033901,true,1785411033967,FastAccept
1785411033925,false,1785411033992,FastAccept
1785411033950,false,1785411034078,LeaderAccept
1785411033974,true,1785411034052,FastAccept
1785411033999,true,1785411034065,FastAccept
1785411034024,true,1785411034090,FastAccept
1785411034049,false,1785411034115,FastAccept
1785411034074,false,1785411034196,SlowAccept
1785411034101,false,1785411034196,FastAccept
1785411034126,true,1785411034196,FastAccept
1785411034153,false,1785411034219,FastAccept
1785411034179,true,1785411034245,FastAccept
1785411034207,false,1785411034273,FastAccept
1785411034234,true,1785411034350,SlowAccept
1785411034262,true,1785411034350,FastAccept
1785411034290,true,1785411034356,FastAccept
1785411034318,false,1785411034384,FastAccept
1785411034348,false,1785411034414,FastAccept
1785411034377,false,1785411034443,FastAccept
1785411034408,true,1785411034716,LeaderAccept
1785411034437,false,1785411034517,FastAccept
1785411034467,true,1785411034533,FastAccept
1785411034498,true,1785411034564,FastAccept
1785411034529,true,1785411034656,SlowAccept
1785411034560,true,1785411034656,FastAccept
1785411034592,false,1785411034697,LeaderAccept
1785411034625,false,1785411034697,FastAccept
1785411034658,true,1785411034724,FastAccept
1785411034693,true,1785411034758,FastAccept
1785411034727,true,1785411034792,FastAccept
1785411034763,false,1785411034829,FastAccept
1785411034799,true,1785411034894,SlowAccept
1785411034835,true,1785411034901,FastAccept
1785411034871,true,1785411034937,FastAccept
1785411034909,false,1785411034975,FastAccept
1785411034947,false,1785411035013,FastAccept
1785411034986,false,1785411035110,SlowAccept
1785411035026,true,1785411035110,FastAccept
1785411035066,false,1785411035132,FastAccept
1785411035107,false,1785411035174,FastAccept
1785411035150,true,1785411035216,FastAccept
1785411035192,true,1785411035258,FastAccept
1785411035235,false,1785411035362,LeaderAccept
1785411035280,false,1785411035352,FastAccept
1785411035326,false,1785411035392,FastAccept
1785411035372,true,1785411035439,FastAccept
1785411035420,true,1785411035486,FastAccept
1785411035469,true,1785411035535,FastAccept
1785411035519,false,1785411035625,SlowAccept
1785411035570,true,1785411035636,FastAccept
1785411035623,false,1785411035689,FastAccept
1785411035677,true,1785411035743,FastAccept
1785411035733,true,1785411035799,FastAccept
1785411035790,false,1785411035857,FastAccept
1785411035849,false,1785411035937,SlowAccept
1785411035909,true,1785411036036,SlowAccept
1785411035972,true,1785411036099,SlowAccept
1785411036036,true,1785411036163,SlowAccept
1785411036102,true,1785411036168,FastAccept
1785411036171,true,1785411036237,FastAccept
1785411036242,false,1785411036308,FastAccept
1785411036316,false,1785411036382,FastAccept
1785411036391,false,1785411036457,FastAccept
1785411036469,true,1785411036536,FastAccept
1785411036551,false,1785411036617,FastAccept
1785411036636,false,1785411036741,SlowAccept
1785411036725,false,1785411036791,FastAccept
1785411036818,false,1785411036884,FastAccept
1785411036916,false,1785411036982,FastAccept
1785411037018,true,1785411037085,FastAccept
1785411037126,true,1785411037192,FastAccept
1785411037239,true,1785411037305,FastAccept
1785411037359,true,1785411037425,FastAccept
1785411037487,false,1785411037552,FastAccept
1785411037622,false,1785411037688,FastAccept
1785411037766,true,1785411037833,FastAccept
1785411037921,true,1785411038036,LeaderAccept
1785411038089,true,1785411038155,FastAccept
1785411038271,false,1785411038388,LeaderAccept
1785411038471,true,1785411038537,FastAccept
1785411038692,false,1785411038758,FastAccept
1785411038938,true,1785411039024,SlowAccept
1785411039216,false,1785411039282,FastAccept
1785411039536,true,1785411039602,FastAccept
1785411039911,true,1785411039977,FastAccept
1785411040363,true,1785411040429,FastAccept
1785411040929,false,1785411040995,FastAccept
1785411041680,false,1785411041746,FastAccept
1785411042773,true,1785411042879,SlowAccept
1785411044659,false,1785411045167,LeaderAccept
1785411049502,false,1785411049567,FastAccept
1785411069084,false,1785411069150,FastAccept
1785411069103,false,1785411069169,FastAccept
1785411069122,false,1785411069189,FastAccept
1785411069141,true,1785411069207,FastAccept
1785411069160,false,1785411069534,LeaderAccept
1785411069179,false,1785411069278,FastAccept
1785411069199,false,1785411069278,FastAccept
1785411069219,false,1785411069285,FastAccept
1785411069239,true,1785411069306,FastAccept
1785411069260,false,1785411069326,FastAccept
1785411069280,false,1785411069407,SlowAccept
1785411069301,true,1785411069407,FastAccept
1785411069322,true,1785411069407,FastAccept
1785411069343,false,1785411069470,SlowAccept
1785411069364,false,1785411069470,FastAccept
1785411069386,false,1785411069470,FastAccept
1785411069407,false,1785411069534,SlowAccept
1785411069429,true,1785411069534,FastAccept
1785411069451,false,1785411069534,FastAccept
1785411069473,true,1785411069539,FastAccept
1785411069495,false,1785411069561,FastAccept
1785411069518,false,1785411069584,FastAccept
1785411069541,false,1785411069607,FastAccept
1785411069564,true,1785411069630,FastAccept
1785411069588,false,1785411069654,FastAccept
1785411069612,false,1785411069678,FastAccept
1785411069636,true,1785411069702,FastAccept
1785411069660,false,1785411069726,FastAccept
1785411069685,false,1785411069751,FastAccept
1785411069710,false,1785411069776,FastAccept
1785411069735,false,1785411069801,FastAccept
1785411069760,false,1785411069826,FastAccept
1785411069787,false,1785411069852,FastAccept
1785411069813,true,1785411069879,FastAccept
1785411069839,false,1785411069905,FastAccept
1785411069867,false,1785411069933,FastAccept
1785411069894,false,1785411069960,FastAccept
1785411069922,true,1785411069988,FastAccept
1785411069950,true,1785411070016,FastAccept
1785411069978,false,1785411070045,FastAccept
1785411070007,false,1785411070073,FastAccept
1785411070037,true,1785411070103,FastAccept
1785411070066,true,1785411070133,FastAccept
1785411070096,true,1785411070162,FastAccept
1785411070126,false,1785411070192,FastAccept
1785411070156,false,1785411070222,FastAccept
1785411070187,true,1785411070253,FastAccept
1785411070219,true,1785411070285,FastAccept
1785411070251,true,1785411070317,FastAccept
1785411070284,true,1785411070350,FastAccept
1785411070317,false,1785411070383,FastAccept
1785411070351,false,1785411070418,FastAccept
1785411070386,true,1785411070452,FastAccept
1785411070421,true,1785411070487,FastAccept
1785411070456,false,1785411070522,FastAccept
1785411070492,true,1785411070599,SlowAccept
1785411070528,true,1785411070599,FastAccept
1785411070565,true,1785411070632,FastAccept
1785411070604,true,1785411070669,FastAccept
1785411070642,true,1785411070708,FastAccept
1785411070681,true,1785411070746,FastAccept
1785411070721,true,1785411070787,FastAccept
1785411070763,false,1785411070829,FastAccept
1785411070805,true,1785411070870,FastAccept
1785411070847,false,1785411070913,FastAccept
1785411070890,false,1785411070956,FastAccept
1785411070934,false,1785411071001,FastAccept
1785411070980,true,1785411071046,FastAccept
1785411071026,true,1785411071092,FastAccept
1785411071073,true,1785411071139,FastAccept
1785411071123,true,1785411071189,FastAccept
1785411071172,false,1785411071239,FastAccept
1785411071223,false,1785411071289,FastAccept
1785411071275,true,1785411071341,FastAccept
1785411071329,true,1785411071395,FastAccept
1785411071384,false,1785411071451,FastAccept
1785411071442,true,1785411071508,FastAccept
1785411071500,false,1785411071567,FastAccept
1785411071560,false,1785411071627,FastAccept
1785411071622,false,1785411071688,FastAccept
1785411071685,true,1785411071751,FastAccept
1785411071750,false,1785411071816,FastAccept
1785411071818,true,1785411071884,FastAccept
1785411071888,false,1785411071954,FastAccept
1785411071962,true,1785411072089,LeaderAccept
1785411072037,true,1785411072103,FastAccept
1785411072115,true,1785411072181,FastAccept
1785411072196,false,1785411072262,FastAccept
1785411072280,true,1785411072346,FastAccept
1785411072368,true,1785411072434,FastAccept
1785411072460,true,1785411072526,FastAccept
1785411072556,true,1785411072622,FastAccept
1785411072657,false,1785411072724,FastAccept
1785411072763,false,1785411072829,FastAccept
1785411072874,true,1785411072940,FastAccept
1785411072992,true,1785411073059,FastAccept
1785411073117,true,1785411073183,FastAccept
1785411073251,false,1785411073317,FastAccept
1785411073393,false,1785411073459,FastAccept
1785411073546,true,1785411073612,FastAccept
1785411073710,true,1785411073777,FastAccept
1785411073889,false,1785411073955,FastAccept
1785411074084,true,1785411074150,FastAccept
1785411074298,false,1785411074364,FastAccept
1785411074538,true,1785411074604,FastAccept
1785411074807,false,1785411074874,FastAccept
1785411075115,false,1785411075182,FastAccept
1785411075474,true,1785411075541,FastAccept
1785411075904,false,1785411075970,FastAccept
1785411076436,true,1785411076502,FastAccept
1785411077130,true,1785411077196,FastAccept
1785411078112,true,1785411078215,SlowAccept
1785411079714,true,1785411079781,FastAccept
1785411083283,true,1785411083348,FastAccept
1785411104524,false,1785411104574,SlowAccept
1785411118031,false,1785411118087,FastAccept
1785411118066,false,1785411118123,FastAccept
1785411118102,false,1785411118159,FastAccept
1785411118139,true,1785411118196,FastAccept
1785411118176,true,1785411118232,FastAccept
1785411118213,false,1785411118269,FastAccept
1785411118251,true,1785411118307,FastAccept
1785411118290,false,1785411118348,FastAccept
1785411118331,false,1785411118387,FastAccept
1785411118371,false,1785411118428,FastAccept
1785411118412,true,1785411118469,FastAccept
1785411118454,true,1785411118510,FastAccept
1785411118497,false,1785411118554,FastAccept
1785411118541,true,1785411118597,FastAccept
1785411118586,true,1785411118643,FastAccept
1785411118632,false,1785411118723,SlowAccept
1785411118679,false,1785411118736,FastAccept
1785411118727,true,1785411118783,FastAccept
1785411118776,true,1785411118832,FastAccept
1785411118826,false,1785411118882,FastAccept
1785411118878,false,1785411118935,FastAccept
1785411118932,true,1785411118988,FastAccept
1785411118986,false,1785411119043,FastAccept
1785411119042,true,1785411119099,FastAccept
1785411119099,false,1785411119155,FastAccept
1785411119158,true,1785411119214,FastAccept
1785411119219,false,1785411119275,FastAccept
1785411119281,false,1785411119338,FastAccept
1785411119346,false,1785411119403,FastAccept
1785411119413,true,1785411119470,FastAccept
1785411119482,false,1785411119538,FastAccept
1785411119553,true,1785411119642,SlowAccept
1785411119626,false,1785411119683,FastAccept
1785411119703,true,1785411119760,FastAccept
1785411119782,false,1785411119838,FastAccept
1785411119865,false,1785411119921,FastAccept
1785411119951,false,1785411120007,FastAccept
1785411120042,false,1785411120098,FastAccept
1785411120136,true,1785411120192,FastAccept
1785411120234,false,1785411120291,FastAccept
1785411120338,true,1785411120394,FastAccept
1785411120447,false,1785411120503,FastAccept
1785411120561,true,1785411120618,FastAccept
1785411120683,true,1785411120740,FastAccept
1785411120812,false,1785411120868,FastAccept
1785411120950,true,1785411121006,FastAccept
1785411121097,false,1785411121153,FastAccept
1785411121255,true,1785411121312,FastAccept
1785411121426,true,1785411121483,FastAccept
1785411121613,false,1785411121669,FastAccept
1785411121818,true,1785411121874,FastAccept
1785411122044,true,1785411122101,FastAccept
1785411122298,true,1785411122355,FastAccept
1785411122586,true,1785411122642,FastAccept
1785411122918,true,1785411122974,FastAccept
1785411123310,false,1785411123367,FastAccept
1785411123787,true,1785411123844,FastAccept
1785411124392,false,1785411124449,FastAccept
1785411125211,false,1785411125268,FastAccept
1785411126443,true,1785411126500,FastAccept
1785411128723,false,1785411128799,SlowAccept
1785411135849,false,1785411135906,FastAccept
1785411152749,false,1785411152816,FastAccept
1785411152764,true,1785411152822,FastAccept
1785411152780,true,1785411152847,FastAccept
1785411152796,true,1785411152853,FastAccept
1785411152812,false,1785411152898,SlowAccept
1785411152828,false,1785411152898,FastAccept
1785411152844,true,1785411152930,SlowAccept
1785411152861,true,1785411152930,FastAccept
1785411152878,true,1785411152937,FastAccept
1785411152895,false,1785411152991,SlowAccept
1785411152912,false,1785411152991,FastAccept
1785411152930,false,1785411152997,FastAccept
1785411152947,true,1785411153031,SlowAccept
1785411152965,false,1785411153075,LeaderAccept
1785411152982,true,1785411153075,LeaderAccept
1785411153000,false,1785411153172,LeaderAccept
1785411153019,true,1785411153075,FastAccept
1785411153036,false,1785411153093,FastAccept
1785411153054,false,1785411153172,LeaderAccept
1785411153073,true,1785411153136,FastAccept
1785411153091,true,1785411153172,SlowAccept
1785411153109,false,1785411153172,FastAccept
1785411153127,true,1785411153244,LeaderAccept
1785411153146,true,1785411153214,FastAccept
1785411153165,true,1785411153281,LeaderAccept
1785411153185,true,1785411153244,FastAccept
1785411153205,false,1785411153358,LeaderAccept
1785411153224,false,1785411153281,FastAccept
1785411153243,false,1785411153390,LeaderAccept
1785411153263,true,1785411153320,FastAccept
1785411153283,false,1785411153390,LeaderAccept
1785411153304,true,1785411153372,FastAccept
1785411153324,false,1785411153516,LeaderAccept
1785411153345,true,1785411153412,FastAccept
1785411153366,true,1785411153460,SlowAccept
1785411153387,false,1785411153473,SlowAccept
1785411153408,false,1785411153516,LeaderAccept
1785411153431,true,1785411153516,SlowAccept
1785411153452,true,1785411153516,FastAccept
1785411153474,true,1785411153541,FastAccept
1785411153496,false,1785411153553,FastAccept
1785411153519,false,1785411153586,FastAccept
1785411153541,true,1785411153598,FastAccept
1785411153565,false,1785411153632,FastAccept
1785411153588,true,1785411153645,FastAccept
1785411153612,false,1785411153680,FastAccept
1785411153636,false,1785411153694,FastAccept
1785411153660,false,1785411153842,LeaderAccept
1785411153684,false,1785411153745,FastAccept
1785411153709,true,1785411153924,LeaderAccept
1785411153734,true,1785411153793,FastAccept
1785411153760,true,1785411153891,LeaderAccept
1785411153785,true,1785411153842,FastAccept
1785411153811,true,1785411153924,LeaderAccept
1785411153837,true,1785411153894,FastAccept
1785411153863,false,1785411153924,FastAccept
1785411153890,false,1785411153947,FastAccept
1785411153918,false,1785411154028,LeaderAccept
1785411153945,false,1785411154002,FastAccept
1785411153974,false,1785411154030,FastAccept
1785411154002,true,1785411154059,FastAccept
1785411154030,true,1785411154117,FastAccept
1785411154059,true,1785411154117,FastAccept
1785411154088,true,1785411154174,FastAccept
1785411154118,true,1785411154175,FastAccept
1785411154148,true,1785411154233,FastAccept
1785411154179,true,1785411154235,FastAccept
1785411154210,true,1785411154266,FastAccept
1785411154241,true,1785411154299,FastAccept
1785411154273,true,1785411154330,FastAccept
1785411154305,false,1785411154362,FastAccept
1785411154338,false,1785411154395,FastAccept
1785411154372,false,1785411154429,FastAccept
1785411154406,false,1785411154518,LeaderAccept
1785411154441,false,1785411154498,FastAccept
1785411154477,false,1785411154533,FastAccept
1785411154513,true,1785411154607,SlowAccept
1785411154550,false,1785411154607,FastAccept
1785411154587,true,1785411154645,FastAccept
1785411154625,true,1785411154681,FastAccept
1785411154663,false,1785411154720,FastAccept
1785411154703,true,1785411154760,FastAccept
1785411154743,false,1785411154800,FastAccept
1785411154784,false,1785411154842,FastAccept
1785411154825,false,1785411154883,FastAccept
1785411154867,true,1785411154925,FastAccept
1785411154911,false,1785411155006,SlowAccept
1785411154955,false,1785411155080,LeaderAccept
1785411155001,true,1785411155057,FastAccept
1785411155047,true,1785411155104,FastAccept
1785411155094,true,1785411155151,FastAccept
1785411155142,true,1785411155199,FastAccept
1785411155192,false,1785411155260,FastAccept
1785411155244,true,1785411155339,SlowAccept
1785411155296,true,1785411155477,LeaderAccept
1785411155349,false,1785411155417,FastAccept
1785411155404,true,1785411155461,FastAccept
1785411155460,false,1785411155517,FastAccept
1785411155518,false,1785411155575,FastAccept
1785411155579,true,1785411155646,FastAccept
1785411155640,false,1785411155765,LeaderAccept
1785411155703,true,1785411155794,LeaderAccept
1785411155769,true,1785411155836,FastAccept
1785411155836,true,1785411155892,FastAccept
1785411155905,true,1785411155972,FastAccept
1785411155977,true,1785411156034,FastAccept
1785411156053,true,1785411156139,SlowAccept
1785411156130,true,1785411156187,FastAccept
1785411156211,true,1785411156279,FastAccept
1785411156295,false,1785411156353,FastAccept
1785411156382,false,1785411156468,SlowAccept
1785411156473,false,1785411156568,SlowAccept
1785411156568,true,1785411156627,FastAccept
1785411156668,true,1785411156725,FastAccept
1785411156772,false,1785411156852,LeaderAccept
1785411156882,false,1785411156939,FastAccept
1785411156998,true,1785411157074,LeaderAccept
1785411157123,false,1785411157217,SlowAccept
1785411157254,false,1785411157333,FastAccept
1785411157395,false,1785411157453,FastAccept
1785411157546,false,1785411157604,FastAccept
1785411157708,false,1785411157766,FastAccept
1785411157884,true,1785411157941,FastAccept
1785411158076,true,1785411158168,LeaderAccept
1785411158287,false,1785411158344,FastAccept
1785411158522,true,1785411158579,FastAccept
1785411158785,false,1785411158842,FastAccept
1785411159087,true,1785411159144,FastAccept
1785411159437,false,1785411159494,FastAccept
1785411159852,true,1785411159909,FastAccept
1785411160364,true,1785411160432,FastAccept
1785411161024,true,1785411161081,FastAccept
1785411161942,false,1785411161999,FastAccept
1785411163393,false,1785411163450,FastAccept
1785411166390,true,1785411166447,FastAccept
1785411169847,false,1785411169932,SlowAccept
1785411169864,false,1785411169949,SlowAccept
1785411169883,false,1785411169968,SlowAccept
1785411169900,true,1785411169985,SlowAccept
1785411169918,false,1785411170004,SlowAccept
1785411169936,true,1785411170022,SlowAccept
1785411169955,false,1785411170040,SlowAccept
1785411169974,true,1785411170059,SlowAccept
1785411169993,false,1785411170079,SlowAccept
1785411170012,false,1785411170107,SlowAccept
1785411170031,true,1785411170116,SlowAccept
1785411170051,true,1785411170136,SlowAccept
1785411170070,false,1785411170156,SlowAccept
1785411170090,false,1785411170175,SlowAccept
1785411170110,false,1785411170176,FastAccept
1785411170129,false,1785411170381,LeaderAccept
1785411170149,true,1785411170235,SlowAccept
1785411170169,true,1785411170255,SlowAccept
1785411170190,true,1785411170275,SlowAccept
1785411170210,true,1785411170295,SlowAccept
1785411170231,false,1785411170298,FastAccept
1785411170252,false,1785411170338,SlowAccept
1785411170274,false,1785411170338,FastAccept
1785411170295,true,1785411170381,SlowAccept
1785411170317,false,1785411170403,SlowAccept
1785411170340,false,1785411170407,FastAccept
1785411170362,true,1785411170430,FastAccept
1785411170384,true,1785411170469,SlowAccept
1785411170406,true,1785411170469,FastAccept
1785411170429,false,1785411170490,FastAccept
1785411170452,false,1785411170519,FastAccept
1785411170476,true,1785411170543,FastAccept
1785411170500,false,1785411170560,FastAccept
1785411170523,true,1785411170590,FastAccept
1785411170547,true,1785411170730,LeaderAccept
1785411170573,true,1785411170689,LeaderAccept
1785411170598,true,1785411170762,LeaderAccept
1785411170623,false,1785411170755,LeaderAccept
1785411170648,false,1785411170762,LeaderAccept
1785411170674,true,1785411170788,LeaderAccept
1785411170700,true,1785411170833,LeaderAccept
1785411170726,false,1785411170788,FastAccept
1785411170753,true,1785411170865,LeaderAccept
1785411170780,true,1785411170892,LeaderAccept
1785411170807,false,1785411170865,FastAccept
1785411170834,true,1785411170892,FastAccept
1785411170862,false,1785411170976,LeaderAccept
1785411170890,false,1785411171004,LeaderAccept
1785411170918,false,1785411170976,FastAccept
1785411170947,true,1785411171074,LeaderAccept
1785411170977,true,1785411171036,FastAccept
1785411171008,false,1785411171219,LeaderAccept
1785411171038,true,1785411171097,FastAccept
1785411171068,true,1785411171163,SlowAccept
1785411171099,false,1785411171163,FastAccept
1785411171131,false,1785411171219,LeaderAccept
1785411171163,false,1785411171219,FastAccept
1785411171195,true,1785411171311,LeaderAccept
1785411171228,true,1785411171344,LeaderAccept
1785411171262,true,1785411171379,LeaderAccept
1785411171296,true,1785411171379,SlowAccept
1785411171331,false,1785411171457,LeaderAccept
1785411171368,true,1785411171424,FastAccept
1785411171404,true,1785411171461,FastAccept
1785411171441,false,1785411171501,FastAccept
1785411171479,false,1785411171575,LeaderAccept
1785411171518,false,1785411171575,FastAccept
1785411171557,true,1785411171756,LeaderAccept
1785411171597,true,1785411171721,LeaderAccept
1785411171637,false,1785411171721,SlowAccept
1785411171679,false,1785411171850,LeaderAccept
1785411171721,true,1785411171850,LeaderAccept
1785411171764,false,1785411171883,LeaderAccept
1785411171808,false,1785411171984,LeaderAccept
1785411171853,true,1785411172041,LeaderAccept
1785411171899,true,1785411172019,LeaderAccept
1785411171946,false,1785411172041,LeaderAccept
1785411171993,true,1785411172050,FastAccept
1785411172042,false,1785411172126,FastAccept
1785411172092,true,1785411172197,LeaderAccept
1785411172144,true,1785411172240,SlowAccept
1785411172197,true,1785411172265,FastAccept
1785411172251,false,1785411172309,FastAccept
1785411172307,false,1785411172365,FastAccept
1785411172364,true,1785411172543,LeaderAccept
1785411172423,true,1785411172503,FastAccept
1785411172483,false,1785411172543,FastAccept
1785411172547,false,1785411172604,FastAccept
1785411172611,true,1785411172740,LeaderAccept
1785411172678,false,1785411172745,FastAccept
1785411172746,false,1785411172837,SlowAccept
1785411172817,true,1785411172889,FastAccept
1785411172890,false,1785411172957,FastAccept
1785411172966,true,1785411173060,SlowAccept
1785411173045,false,1785411173114,FastAccept
1785411173128,false,1785411173213,SlowAccept
1785411173213,false,1785411173336,LeaderAccept
1785411173302,true,1785411173360,FastAccept
1785411173396,false,1785411173452,FastAccept
1785411173495,false,1785411173538,LeaderAccept
1785411173597,true,1785411173680,SlowAccept
1785411173705,false,1785411173763,FastAccept
1785411173819,true,1785411173876,FastAccept
1785411173940,false,1785411174014,SlowAccept
1785411174068,true,1785411174125,FastAccept
1785411174204,false,1785411174261,FastAccept
1785411174350,true,1785411174408,FastAccept
1785411174507,false,1785411174601,LeaderAccept
1785411174676,true,1785411174733,FastAccept
1785411174862,true,1785411174943,SlowAccept
1785411175065,false,1785411175142,SlowAccept
1785411175288,false,1785411175351,LeaderAccept
1785411175537,false,1785411175623,SlowAccept
1785411175820,true,1785411175877,FastAccept
1785411176145,false,1785411176199,SlowAccept
1785411176527,false,1785411176584,FastAccept
1785411176990,false,1785411177047,FastAccept
1785411177573,true,1785411177630,FastAccept
1785411178353,true,1785411178410,FastAccept
1785411179505,false,1785411179563,FastAccept
1785411181554,true,1785411181611,FastAccept
