request_time,write,response_time,accept_status
1785410523810,true,1785410524082,FastAccept
1785410523885,false,1785410524158,FastAccept
1785410523964,false,1785410524236,FastAccept
1785410524045,false,1785410524318,FastAccept
1785410524130,true,1785410524403,FastAccept
1785410524219,true,1785410524491,FastAccept
1785410524311,false,1785410524583,FastAccept
1785410524407,true,1785410525027,LeaderAccept
1785410524508,true,1785410524780,FastAccept
1785410524614,true,1785410524915,SlowAccept
1785410524726,true,1785410525040,LeaderAccept
1785410524845,true,1785410525145,LeaderAccept
1785410524970,false,1785410525279,LeaderAccept
1785410525104,true,1785410525404,LeaderAccept
1785410525246,false,1785410525743,LeaderAccept
1785410525399,false,1785410525743,LeaderAccept
1785410525566,true,1785410525866,LeaderAccept
1785410525745,false,1785410526305,LeaderAccept
1785410525941,true,1785410526277,LeaderAccept
1785410526158,true,1785410526467,LeaderAccept
1785410526399,true,1785410526750,LeaderAccept
1785410526670,false,1785410526972,LeaderAccept
1785410526981,true,1785410527281,LeaderAccept
1785410527344,false,1785410527645,LeaderAccept
1785410527779,false,1785410527891,SlowAccept
1785410528319,false,1785410528591,FastAccept
1785410529027,false,1785410529299,FastAccept
1785410530034,false,1785410530306,FastAccept
1785410531700,false,1785410532248,LeaderAccept
1785410535530,false,1785410535830,LeaderAccept
1785410550576,false,1785410550848,FastAccept
1785410550602,false,1785410550874,FastAccept
1785410550628,false,1785410550900,FastAccept
1785410550655,true,1785410550926,FastAccept
1785410550681,true,1785410551057,FastAccept
1785410550708,true,1785410551057,FastAccept
1785410550736,false,1785410551057,FastAccept
1785410550763,false,1785410551119,FastAccept
1785410550791,false,1785410551119,SlowAccept
1785410550820,false,1785410551144,FastAccept
1785410550848,true,1785410551144,FastAccept
1785410550877,true,1785410551149,FastAccept
1785410550906,true,1785410551178,FastAccept
1785410550936,false,1785410551208,FastAccept
1785410550967,false,1785410551238,FastAccept
1785410550998,true,1785410551270,FastAccept
1785410551031,true,1785410551302,FastAccept
1785410551062,true,1785410551334,FastAccept
1785410551094,true,1785410551366,FastAccept
1785410551127,true,1785410551399,FastAccept
1785410551160,true,1785410551432,FastAccept
1785410551194,true,1785410551466,FastAccept
1785410551229,true,1785410551501,FastAccept
1785410551263,true,1785410551535,FastAccept
1785410551298,true,1785410551570,FastAccept
1785410551334,false,1785410551606,FastAccept
1785410551371,true,1785410551643,FastAccept
1785410551409,false,1785410551681,FastAccept
1785410551447,false,1785410551719,FastAccept
1785410551486,false,1785410551758,FastAccept
1785410551526,false,1785410551798,FastAccept
1785410551566,true,1785410551838,FastAccept
1785410551607,false,1785410551879,FastAccept
1785410551649,true,1785410551921,FastAccept
1785410551692,true,1785410551964,FastAccept
1785410551736,false,1785410552008,FastAccept
1785410551781,true,1785410552053,FastAccept
1785410551827,true,1785410552099,FastAccept
1785410551873,false,1785410552145,FastAccept
1785410551921,true,1785410552193,FastAccept
1785410551971,true,1785410552243,FastAccept
1785410552021,false,1785410552293,FastAccept
1785410552073,true,1785410552345,FastAccept
1785410552125,true,1785410552397,FastAccept
1785410552179,false,1785410552451,FastAccept
1785410552235,true,1785410552507,FastAccept
1785410552292,true,1785410552564,FastAccept
1785410552350,false,1785410552622,FastAccept
1785410552410,false,1785410552682,FastAccept
1785410552473,false,1785410552744,FastAccept
1785410552536,true,1785410552808,FastAccept
1785410552602,true,1785410552874,FastAccept
1785410552670,true,1785410552943,FastAccept
1785410552741,false,1785410553042,SlowAccept
1785410552814,true,1785410553115,SlowAccept
1785410552890,false,1785410553191,LeaderAccept
1785410552969,false,1785410553270,LeaderAccept
1785410553050,false,1785410553350,LeaderAccept
1785410553135,false,1785410553436,LeaderAccept
1785410553224,true,1785410553922,LeaderAccept
1785410553316,true,1785410553922,LeaderAccept
1785410553413,false,1785410553684,FastAccept
1785410553514,true,1785410553786,FastAccept
1785410553621,true,1785410553922,SlowAccept
1785410553733,false,1785410554034,LeaderAccept
1785410553852,true,1785410554153,LeaderAccept
1785410553979,false,1785410554279,LeaderAccept
1785410554113,true,1785410554877,LeaderAccept
1785410554257,false,1785410554529,FastAccept
1785410554411,true,1785410554683,FastAccept
1785410554577,true,1785410554849,FastAccept
1785410554758,true,1785410555257,LeaderAccept
1785410554956,false,1785410555228,FastAccept
1785410555174,true,1785410555475,LeaderAccept
1785410555418,true,1785410555719,LeaderAccept
1785410555693,true,1785410555965,FastAccept
1785410556008,true,1785410556280,FastAccept
1785410556377,true,1785410556648,FastAccept
1785410556820,false,1785410557092,FastAccept
1785410557373,false,1785410557674,LeaderAccept
1785410558102,true,1785410558599,LeaderAccept
1785410559152,false,1785410560153,LeaderAccept
1785410560924,false,1785410561735,LeaderAccept
1785410565221,true,1785410565493,FastAccept
1785410577452,true,1785410577725,FastAccept
1785410577470,false,1785410577741,FastAccept
1785410577488,false,1785410577760,FastAccept
1785410577507,true,1785410577778,FastAccept
1785410577525,true,1785410577796,FastAccept
1785410577543,true,1785410577995,FastAccept
1785410577563,false,1785410577995,FastAccept
1785410577581,false,1785410577995,FastAccept
1785410577600,false,1785410577995,FastAccept
1785410577620,true,1785410577995,FastAccept
1785410577639,true,1785410577995,FastAccept
1785410577658,false,1785410577995,FastAccept
1785410577678,false,1785410577995,FastAccept
1785410577697,false,1785410577995,FastAccept
1785410577717,true,1785410577995,FastAccept
1785410577737,true,1785410578012,FastAccept
1785410577757,false,1785410578028,FastAccept
1785410577777,true,1785410578049,FastAccept
1785410577797,false,1785410578069,FastAccept
1785410577818,true,1785410578090,FastAccept
1785410577839,false,1785410578111,FastAccept
1785410577860,true,1785410578132,FastAccept
1785410577882,false,1785410578154,FastAccept
1785410577903,false,1785410578265,FastAccept
1785410577926,true,1785410578265,FastAccept
1785410577948,true,1785410578265,FastAccept
1785410577970,true,1785410578265,FastAccept
1785410577993,true,1785410578265,FastAccept
1785410578016,false,1785410578288,FastAccept
1785410578041,true,1785410578312,FastAccept
1785410578064,false,1785410578336,FastAccept
1785410578088,true,1785410578360,FastAccept
1785410578112,true,1785410578384,FastAccept
1785410578136,true,1785410578408,FastAccept
1785410578161,true,1785410578433,FastAccept
1785410578185,false,1785410578457,FastAccept
1785410578211,false,1785410578483,FastAccept
1785410578236,true,1785410578508,FastAccept
1785410578261,false,1785410578533,FastAccept
1785410578287,true,1785410578559,FastAccept
1785410578313,true,1785410578585,FastAccept
1785410578340,true,1785410578612,FastAccept
1785410578367,false,1785410578639,FastAccept
1785410578395,false,1785410578667,FastAccept
1785410578423,true,1785410578696,FastAccept
1785410578451,true,1785410578723,FastAccept
1785410578479,true,1785410578751,FastAccept
1785410578508,false,1785410578780,FastAccept
1785410578537,true,1785410578809,FastAccept
1785410578567,false,1785410578838,FastAccept
1785410578597,false,1785410578868,FastAccept
1785410578627,false,1785410578899,FastAccept
1785410578658,true,1785410578930,FastAccept
1785410578690,true,1785410578962,FastAccept
1785410578722,false,1785410578994,FastAccept
1785410578754,false,1785410579026,FastAccept
1785410578786,true,1785410579058,FastAccept
1785410578819,false,1785410579091,FastAccept
1785410578853,true,1785410579126,FastAccept
1785410578888,true,1785410579160,FastAccept
1785410578923,false,1785410579195,FastAccept
1785410578959,true,1785410579230,FastAccept
1785410578995,false,1785410579267,FastAccept
1785410579032,true,1785410579304,FastAccept
1785410579069,false,1785410579341,FastAccept
1785410579107,false,1785410579379,FastAccept
1785410579146,true,1785410579418,FastAccept
1785410579186,false,1785410579458,FastAccept
1785410579226,true,1785410579498,FastAccept
1785410579267,true,1785410579538,FastAccept
1785410579309,false,1785410579581,FastAccept
1785410579352,true,1785410579624,FastAccept
1785410579396,true,1785410579668,FastAccept
1785410579441,false,1785410579713,FastAccept
1785410579487,true,1785410579759,FastAccept
1785410579534,false,1785410579807,FastAccept
1785410579582,false,1785410579854,FastAccept
1785410579631,true,1785410579903,FastAccept
1785410579681,false,1785410579952,FastAccept
1785410579732,false,1785410580004,FastAccept
1785410579784,true,1785410580056,FastAccept
1785410579838,true,1785410580110,FastAccept
1785410579893,false,1785410580165,FastAccept
1785410579950,true,1785410580684,LeaderAccept
1785410580009,true,1785410580562,SlowAccept
1785410580069,true,1785410580562,LeaderAccept
1785410580131,true,1785410580929,LeaderAccept
1785410580195,false,1785410580684,LeaderAccept
1785410580261,false,1785410580774,LeaderAccept
1785410580329,true,1785410580850,SlowAccept
1785410580400,true,1785410580929,LeaderAccept
1785410580473,true,1785410580774,SlowAccept
1785410580549,false,1785410580929,LeaderAccept
1785410580628,true,1785410581144,LeaderAccept
1785410580710,false,1785410581144,LeaderAccept
1785410580795,false,1785410581330,LeaderAccept
1785410580885,false,1785410581330,LeaderAccept
1785410580977,false,1785410581330,LeaderAccept
1785410581075,false,1785410581639,LeaderAccept
1785410581177,true,1785410581594,LeaderAccept
1785410581285,false,1785410581594,LeaderAccept
1785410581398,false,1785410581715,LeaderAccept
1785410581517,false,1785410581818,LeaderAccept
1785410581644,true,1785410582398,LeaderAccept
1785410581780,false,1785410582165,LeaderAccept
1785410581925,false,1785410582165,SlowAccept
1785410582081,true,1785410582353,FastAccept
1785410582249,false,1785410582732,LeaderAccept
1785410582431,true,1785410582741,LeaderAccept
1785410582631,true,1785410582741,SlowAccept
1785410582852,false,1785410583124,FastAccept
1785410583098,true,1785410583370,FastAccept
1785410583376,true,1785410583676,LeaderAccept
1785410583696,false,1785410583968,FastAccept
1785410584071,false,1785410584343,FastAccept
1785410584523,false,1785410584795,FastAccept
1785410585090,true,1785410585391,LeaderAccept
1785410585842,false,1785410586114,FastAccept
1785410586937,false,1785410587209,FastAccept
1785410588830,false,1785410589438,LeaderAccept
1785410593704,true,1785410594005,LeaderAccept
1785410602055,true,1785410602327,FastAccept
1785410602073,true,1785410602344,FastAccept
1785410602090,false,1785410602362,FastAccept
1785410602108,true,1785410602380,FastAccept
1785410602126,false,1785410602398,FastAccept
1785410602144,true,1785410602416,FastAccept
1785410602162,true,1785410602434,FastAccept
1785410602181,false,1785410602452,FastAccept
1785410602199,false,1785410602471,FastAccept
1785410602217,false,1785410602489,FastAccept
1785410602236,false,1785410602508,FastAccept
1785410602255,true,1785410604833,LeaderAccept
1785410602274,false,1785410602598,FastAccept
1785410602293,true,1785410602598,FastAccept
1785410602313,false,1785410602598,FastAccept
1785410602333,true,1785410602605,FastAccept
1785410602353,true,1785410602624,FastAccept
1785410602373,true,1785410602645,FastAccept
1785410602393,false,1785410602665,FastAccept
1785410602413,true,1785410602685,FastAccept
1785410602433,true,1785410602705,FastAccept
1785410602454,false,1785410602725,FastAccept
1785410602475,true,1785410602747,FastAccept
1785410602496,true,1785410602768,FastAccept
1785410602518,true,1785410602790,FastAccept
1785410602540,true,1785410602812,FastAccept
1785410602562,false,1785410602834,FastAccept
1785410602584,false,1785410602856,FastAccept
1785410602607,false,1785410602879,FastAccept
1785410602630,false,1785410602901,FastAccept
1785410602652,false,1785410602924,FastAccept
1785410602675,true,1785410602947,FastAccept
1785410602698,true,1785410602970,FastAccept
1785410602721,false,1785410602993,FastAccept
1785410602746,false,1785410603017,FastAccept
1785410602770,false,1785410603042,FastAccept
1785410602795,true,1785410603067,FastAccept
1785410602820,true,1785410603092,FastAccept
1785410602845,false,1785410603117,FastAccept
1785410602870,false,1785410603142,FastAccept
1785410602896,false,1785410603168,FastAccept
1785410602922,true,1785410603193,FastAccept
1785410602948,true,1785410603220,FastAccept
1785410602974,true,1785410603246,FastAccept
1785410603002,false,1785410603274,FastAccept
1785410603029,true,1785410603301,FastAccept
1785410603056,true,1785410603327,FastAccept
1785410603084,true,1785410603357,FastAccept
1785410603113,false,1785410603385,FastAccept
1785410603142,false,1785410604833,LeaderAccept
1785410603171,true,1785410603443,FastAccept
1785410603201,false,1785410603472,FastAccept
1785410603231,true,1785410603503,FastAccept
1785410603261,true,1785410603533,FastAccept
1785410603292,true,1785410603564,FastAccept
1785410603323,false,1785410603595,FastAccept
1785410603355,false,1785410603626,FastAccept
1785410603387,true,1785410603659,FastAccept
1785410603420,true,1785410603692,FastAccept
1785410603453,false,1785410603725,FastAccept
1785410603487,false,1785410603759,FastAccept
1785410603521,true,1785410603793,FastAccept
1785410603556,true,1785410603828,FastAccept
1785410603592,false,1785410603864,FastAccept
1785410603629,true,1785410603900,FastAccept
1785410603666,false,1785410603938,FastAccept
1785410603703,true,1785410603975,FastAccept
1785410603742,true,1785410604014,FastAccept
1785410603780,true,1785410604052,FastAccept
1785410603820,false,1785410604092,FastAccept
1785410603860,false,1785410604132,FastAccept
1785410603902,true,1785410604174,FastAccept
1785410603945,false,1785410604217,FastAccept
1785410603988,false,1785410604260,FastAccept
1785410604032,true,1785410604303,FastAccept
1785410604077,false,1785410604349,FastAccept
1785410604123,false,1785410604395,FastAccept
1785410604171,false,1785410604442,FastAccept
1785410604219,true,1785410604491,FastAccept
1785410604268,false,1785410604540,FastAccept
1785410604318,false,1785410604590,FastAccept
1785410604369,true,1785410604642,FastAccept
1785410604422,false,1785410604723,SlowAccept
1785410604477,false,1785410604778,SlowAccept
1785410604532,true,1785410604833,SlowAccept
1785410604590,true,1785410604890,LeaderAccept
1785410604649,true,1785410604950,LeaderAccept
1785410604709,false,1785410605027,LeaderAccept
1785410604772,true,1785410605073,LeaderAccept
1785410604837,false,1785410605138,LeaderAccept
1785410604904,true,1785410605419,LeaderAccept
1785410604973,true,1785410605419,LeaderAccept
1785410605044,false,1785410605419,LeaderAccept
1785410605117,false,1785410605419,LeaderAccept
1785410605195,true,1785410605495,LeaderAccept
1785410605274,false,1785410605575,LeaderAccept
1785410605358,false,1785410605660,LeaderAccept
1785410605443,true,1785410605748,LeaderAccept
1785410605533,false,1785410605841,LeaderAccept
1785410605626,true,1785410605939,LeaderAccept
1785410605724,false,1785410606048,LeaderAccept
1785410605827,false,1785410606127,LeaderAccept
1785410605935,false,1785410606048,SlowAccept
1785410606050,true,1785410606472,LeaderAccept
1785410606171,false,1785410606472,LeaderAccept
1785410606301,false,1785410606601,LeaderAccept
1785410606438,true,1785410606739,LeaderAccept
1785410606586,false,1785410606886,LeaderAccept
1785410606743,true,1785410607044,LeaderAccept
1785410606914,false,1785410607026,SlowAccept
1785410607100,true,1785410607605,LeaderAccept
1785410607304,true,1785410607605,LeaderAccept
1785410607530,true,1785410607830,LeaderAccept
1785410607782,false,1785410608093,LeaderAccept
1785410608069,false,1785410608341,FastAccept
1785410608399,false,1785410608671,FastAccept
1785410608788,true,1785410609060,FastAccept
1785410609261,false,1785410609533,FastAccept
1785410609861,false,1785410610161,LeaderAccept
1785410610668,false,1785410611160,LeaderAccept
1785410611875,true,1785410612391,LeaderAccept
1785410614083,false,1785410614355,FastAccept
1785410617804,false,1785410618076,FastAccept
1785410617820,true,1785410618091,FastAccept
1785410617835,true,1785410618107,FastAccept
1785410617851,true,1785410618123,FastAccept
1785410617867,false,1785410618139,FastAccept
1785410617883,false,1785410618155,FastAccept
1785410617899,false,1785410618171,FastAccept
1785410617915,false,1785410618187,FastAccept
1785410617931,false,1785410618203,FastAccept
1785410617947,true,1785410618219,FastAccept
1785410617964,false,1785410618236,FastAccept
1785410617980,false,1785410618252,FastAccept
1785410617996,false,1785410618268,FastAccept
1785410618013,true,1785410618284,FastAccept
1785410618029,true,1785410618347,FastAccept
1785410618046,true,1785410618347,FastAccept
1785410618064,true,1785410618347,FastAccept
1785410618081,false,1785410618353,FastAccept
1785410618100,true,1785410618371,FastAccept
1785410618117,true,1785410618389,FastAccept
1785410618135,true,1785410618407,FastAccept
1785410618153,false,1785410618425,FastAccept
1785410618171,false,1785410618442,FastAccept
1785410618189,false,1785410618460,FastAccept
1785410618207,true,1785410618479,FastAccept
1785410618226,true,1785410618498,FastAccept
1785410618245,false,1785410618517,FastAccept
1785410618264,false,1785410620395,LeaderAccept
1785410618283,true,1785410618555,FastAccept
1785410618302,true,1785410618574,FastAccept
1785410618322,true,1785410618593,FastAccept
1785410618341,true,1785410618613,FastAccept
1785410618361,false,1785410618633,FastAccept
1785410618381,true,1785410618652,FastAccept
1785410618401,false,1785410618673,FastAccept
1785410618421,false,1785410618693,FastAccept
1785410618442,true,1785410618714,FastAccept
1785410618462,false,1785410618733,FastAccept
1785410618482,false,1785410618754,FastAccept
1785410618503,false,1785410618775,FastAccept
1785410618525,true,1785410618797,FastAccept
1785410618546,true,1785410618818,FastAccept
1785410618568,false,1785410618840,FastAccept
1785410618590,false,1785410618862,FastAccept
1785410618612,true,1785410618884,FastAccept
1785410618634,false,1785410618906,FastAccept
1785410618657,false,1785410618929,FastAccept
1785410618680,true,1785410618952,FastAccept
1785410618703,true,1785410618975,FastAccept
1785410618726,false,1785410618998,FastAccept
1785410618749,true,1785410619020,FastAccept
1785410618772,true,1785410619044,FastAccept
1785410618796,false,1785410619068,FastAccept
1785410618821,false,1785410619093,FastAccept
1785410618846,true,1785410619118,FastAccept
1785410618871,true,1785410619143,FastAccept
1785410618896,false,1785410619167,FastAccept
1785410618921,true,1785410619193,FastAccept
1785410618947,false,1785410619219,FastAccept
1785410618974,false,1785410619245,FastAccept
1785410619000,false,1785410619271,FastAccept
1785410619027,false,1785410619298,FastAccept
1785410619054,true,1785410619325,FastAccept
1785410619081,true,1785410619353,FastAccept
1785410619109,true,1785410619381,FastAccept
1785410619137,false,1785410619409,FastAccept
1785410619165,true,1785410619437,FastAccept
1785410619194,true,1785410620395,LeaderAccept
1785410619222,true,1785410619494,FastAccept
1785410619252,true,1785410619523,FastAccept
1785410619282,false,1785410619553,FastAccept
1785410619312,true,1785410619584,FastAccept
1785410619344,true,1785410619615,FastAccept
1785410619375,true,1785410619647,FastAccept
1785410619408,false,1785410619680,FastAccept
1785410619441,true,1785410619713,FastAccept
1785410619474,false,1785410619746,FastAccept
1785410619508,false,1785410619781,FastAccept
1785410619543,true,1785410619814,FastAccept
1785410619577,true,1785410619849,FastAccept
1785410619613,false,1785410619885,FastAccept
1785410619649,false,1785410619921,FastAccept
1785410619686,true,1785410619958,FastAccept
1785410619724,true,1785410619996,FastAccept
1785410619762,false,1785410620034,FastAccept
1785410619801,false,1785410620073,FastAccept
1785410619840,true,1785410620111,FastAccept
1785410619881,true,1785410620153,FastAccept
1785410619921,true,1785410620193,FastAccept
1785410619963,false,1785410620235,FastAccept
1785410620006,true,1785410620278,FastAccept
1785410620050,false,1785410620395,LeaderAccept
1785410620095,false,1785410620395,SlowAccept
1785410620140,false,1785410620447,LeaderAccept
1785410620186,true,1785410620486,LeaderAccept
1785410620234,true,1785410620534,LeaderAccept
1785410620283,true,1785410620584,LeaderAccept
1785410620333,true,1785410620633,LeaderAccept
1785410620384,false,1785410620684,LeaderAccept
1785410620437,true,1785410620738,LeaderAccept
1785410620491,true,1785410620791,LeaderAccept
1785410620546,true,1785410620846,LeaderAccept
1785410620603,true,1785410620903,LeaderAccept
1785410620661,false,1785410620962,LeaderAccept
1785410620721,false,1785410621022,LeaderAccept
1785410620783,false,1785410621329,LeaderAccept
1785410620847,false,1785410621406,SlowAccept
1785410620913,false,1785410621455,LeaderAccept
1785410620981,true,1785410621529,LeaderAccept
1785410621051,true,1785410621555,LeaderAccept
1785410621123,true,1785410621555,LeaderAccept
1785410621198,true,1785410621742,LeaderAccept
1785410621276,false,1785410622071,LeaderAccept
1785410621357,true,1785410621917,LeaderAccept
1785410621441,false,1785410621948,LeaderAccept
1785410621529,false,1785410621829,SlowAccept
1785410621621,true,1785410622138,LeaderAccept
1785410621717,true,1785410622264,LeaderAccept
1785410621818,false,1785410622355,LeaderAccept
1785410621924,false,1785410622471,LeaderAccept
1785410622035,false,1785410622813,LeaderAccept
1785410622153,false,1785410622643,LeaderAccept
1785410622278,true,1785410623062,LeaderAccept
1785410622411,true,1785410623170,LeaderAccept
1785410622553,true,1785410623062,LeaderAccept
1785410622705,false,1785410623225,LeaderAccept
1785410622869,true,1785410623403,LeaderAccept
1785410623048,false,1785410623403,LeaderAccept
1785410623243,false,1785410623709,LeaderAccept
1785410623458,true,1785410623922,LeaderAccept
1785410623697,false,1785410624420,LeaderAccept
1785410623967,true,1785410624934,LeaderAccept
1785410624275,false,1785410624749,LeaderAccept
1785410624634,true,1785410624934,LeaderAccept
1785410625063,false,1785410625364,LeaderAccept
1785410625595,true,1785410625896,LeaderAccept
1785410626289,true,1785410626562,FastAccept
1785410627271,true,1785410627543,FastAccept
1785410628874,true,1785410629146,FastAccept
1785410631664,true,1785410631964,LeaderAccept
1785410631692,true,1785410631992,LeaderAccept
1785410631721,false,1785410632021,LeaderAccept
1785410631749,true,1785410632048,LeaderAccept
1785410631778,true,1785410632079,LeaderAccept
1785410631807,false,1785410632107,LeaderAccept
1785410631837,true,1785410632136,LeaderAccept
1785410631867,true,1785410632166,LeaderAccept
1785410631898,false,1785410632198,LeaderAccept
1785410631929,false,1785410632231,LeaderAccept
1785410631961,false,1785410632261,LeaderAccept
1785410631993,true,1785410632294,LeaderAccept
1785410632026,true,1785410632326,LeaderAccept
1785410632059,false,1785410632359,LeaderAccept
1785410632092,false,1785410632392,LeaderAccept
1785410632126,true,1785410632426,LeaderAccept
1785410632161,true,1785410632462,LeaderAccept
1785410632196,false,1785410632496,LeaderAccept
1785410632232,false,1785410632532,LeaderAccept
1785410632269,true,1785410632570,LeaderAccept
1785410632307,false,1785410632607,LeaderAccept
1785410632345,false,1785410632645,LeaderAccept
1785410632384,false,1785410632683,LeaderAccept
1785410632423,true,1785410632723,LeaderAccept
1785410632463,false,1785410632763,LeaderAccept
1785410632504,false,1785410632803,LeaderAccept
1785410632545,false,1785410632845,LeaderAccept
1785410632587,true,1785410632887,LeaderAccept
1785410632631,false,1785410632931,LeaderAccept
1785410632675,false,1785410632975,LeaderAccept
1785410632720,false,1785410633020,LeaderAccept
1785410632766,false,1785410633067,LeaderAccept
1785410632814,true,1785410633114,LeaderAccept
1785410632863,false,1785410633163,LeaderAccept
1785410632912,false,1785410633213,LeaderAccept
1785410632963,false,1785410633263,LeaderAccept
1785410633015,true,1785410633315,LeaderAccept
1785410633068,true,1785410633368,LeaderAccept
1785410633123,true,1785410633424,LeaderAccept
1785410633181,true,1785410633482,LeaderAccept
1785410633239,false,1785410633540,LeaderAccept
1785410633300,true,1785410633600,LeaderAccept
1785410633361,false,1785410633662,LeaderAccept
1785410633425,false,1785410633726,LeaderAccept
1785410633491,true,1785410633792,LeaderAccept
1785410633559,false,1785410633860,LeaderAccept
1785410633629,true,1785410633930,LeaderAccept
1785410633702,false,1785410634003,LeaderAccept
1785410633778,false,1785410634079,LeaderAccept
1785410633856,true,1785410634156,LeaderAccept
1785410633937,false,1785410634238,LeaderAccept
1785410634022,false,1785410634521,LeaderAccept
1785410634110,true,1785410634521,LeaderAccept
1785410634202,true,1785410634521,LeaderAccept
1785410634298,true,1785410634598,LeaderAccept
1785410634399,false,1785410634921,LeaderAccept
1785410634505,false,1785410634921,LeaderAccept
1785410634617,true,1785410634921,LeaderAccept
1785410634735,false,1785410635036,LeaderAccept
1785410634861,true,1785410635161,LeaderAccept
1785410634994,true,1785410635294,LeaderAccept
1785410635136,false,1785410635560,LeaderAccept
1785410635288,true,1785410635560,FastAccept
1785410635452,false,1785410635931,LeaderAccept
1785410635630,false,1785410635902,FastAccept
1785410635826,true,1785410636342,LeaderAccept
1785410636041,true,1785410636342,SlowAccept
1785410636280,false,1785410636581,LeaderAccept
1785410636550,true,1785410636851,LeaderAccept
1785410636859,false,1785410637131,FastAccept
1785410637219,false,1785410637520,LeaderAccept
1785410637649,false,1785410637921,FastAccept
1785410638183,false,1785410638455,FastAccept
1785410638879,false,1785410639151,FastAccept
1785410639864,true,1785410640136,FastAccept
1785410641477,false,1785410641778,SlowAccept
1785410645088,true,1785410645360,FastAccept
1785410659071,true,1785410659371,SlowAccept
1785410659099,false,1785410659571,LeaderAccept
1785410659128,true,1785410659680,SlowAccept
1785410659158,false,1785410659680,LeaderAccept
1785410659188,true,1785410659704,LeaderAccept
1785410659219,false,1785410659816,LeaderAccept
1785410659250,false,1785410659779,LeaderAccept
1785410659281,true,1785410659832,LeaderAccept
1785410659313,true,1785410659816,LeaderAccept
1785410659346,false,1785410659816,LeaderAccept
1785410659379,false,1785410659816,LeaderAccept
1785410659412,true,1785410659816,LeaderAccept
1785410659446,false,1785410659816,LeaderAccept
1785410659480,true,1785410659816,LeaderAccept
1785410659515,true,1785410659832,LeaderAccept
1785410659550,false,1785410659851,LeaderAccept
1785410659587,true,1785410659892,LeaderAccept
1785410659623,true,1785410659940,LeaderAccept
1785410659661,true,1785410659961,LeaderAccept
1785410659699,true,1785410660477,LeaderAccept
1785410659738,true,1785410660254,LeaderAccept
1785410659778,true,1785410660254,LeaderAccept
1785410659819,true,1785410660546,LeaderAccept
1785410659860,false,1785410660377,LeaderAccept
1785410659902,false,1785410660441,LeaderAccept
1785410659946,false,1785410660477,SlowAccept
1785410659990,true,1785410660477,LeaderAccept
1785410660035,false,1785410660546,LeaderAccept
1785410660081,false,1785410660546,LeaderAccept
1785410660128,true,1785410660546,LeaderAccept
1785410660176,true,1785410660546,LeaderAccept
1785410660226,true,1785410660575,LeaderAccept
1785410660276,true,1785410660575,LeaderAccept
1785410660327,true,1785410660651,LeaderAccept
1785410660380,true,1785410660680,LeaderAccept
1785410660434,true,1785410660735,LeaderAccept
1785410660490,true,1785410660790,LeaderAccept
1785410660548,true,1785410660849,LeaderAccept
1785410660607,true,1785410660907,LeaderAccept
1785410660668,true,1785410661379,LeaderAccept
1785410660731,false,1785410661379,LeaderAccept
1785410660796,true,1785410661204,LeaderAccept
1785410660863,true,1785410661619,LeaderAccept
1785410660932,false,1785410661204,FastAccept
1785410661004,true,1785410661379,LeaderAccept
1785410661078,true,1785410661379,SlowAccept
1785410661155,false,1785410661619,LeaderAccept
1785410661236,false,1785410661619,LeaderAccept
1785410661318,true,1785410661635,LeaderAccept
1785410661404,false,1785410661705,LeaderAccept
1785410661495,false,1785410661988,LeaderAccept
1785410661589,true,1785410662091,LeaderAccept
1785410661688,false,1785410662091,LeaderAccept
1785410661791,false,1785410662091,SlowAccept
1785410661900,true,1785410662201,LeaderAccept
1785410662015,true,1785410662316,LeaderAccept
1785410662137,false,1785410662438,LeaderAccept
1785410662266,false,1785410662566,LeaderAccept
1785410662404,true,1785410662705,LeaderAccept
1785410662552,true,1785410663012,LeaderAccept
1785410662711,false,1785410662983,FastAccept
1785410662883,true,1785410663371,LeaderAccept
1785410663070,true,1785410663343,FastAccept
1785410663276,true,1785410663577,LeaderAccept
1785410663504,true,1785410663805,LeaderAccept
1785410663760,false,1785410664060,LeaderAccept
1785410664050,false,1785410664351,LeaderAccept
1785410664385,true,1785410664686,LeaderAccept
1785410664781,false,1785410665053,FastAccept
1785410665263,true,1785410665536,FastAccept
1785410665877,true,1785410666149,FastAccept
1785410666711,true,1785410667012,LeaderAccept
1785410667975,true,1785410668247,FastAccept
1785410670354,false,1785410670671,LeaderAccept
1785410678163,false,1785410678435,FastAccept
1785410691147,false,1785410691419,FastAccept
1785410691172,false,1785410692166,LeaderAccept
1785410691196,true,1785410691473,FastAccept
1785410691221,true,1785410691493,FastAccept
1785410691247,true,1785410691519,FastAccept
1785410691272,false,1785410691544,FastAccept
1785410691298,true,1785410691570,FastAccept
1785410691325,false,1785410691597,FastAccept
1785410691351,true,1785410691623,FastAccept
1785410691379,true,1785410692166,LeaderAccept
1785410691406,false,1785410691679,FastAccept
1785410691434,true,1785410691706,FastAccept
1785410691462,false,1785410691734,FastAccept
1785410691490,true,1785410691762,FastAccept
1785410691519,true,1785410691790,FastAccept
1785410691548,true,1785410691820,FastAccept
1785410691578,false,1785410691850,FastAccept
1785410691608,true,1785410692166,LeaderAccept
1785410691639,true,1785410691911,FastAccept
1785410691670,false,1785410691942,FastAccept
1785410691701,true,1785410691973,FastAccept
1785410691733,true,1785410692005,FastAccept
1785410691765,true,1785410692037,FastAccept
1785410691798,true,1785410692070,FastAccept
1785410691832,false,1785410692104,FastAccept
1785410691866,true,1785410692166,LeaderAccept
1785410691900,false,1785410692217,LeaderAccept
1785410691935,false,1785410692236,LeaderAccept
1785410691971,false,1785410692271,LeaderAccept
1785410692007,true,1785410692308,LeaderAccept
1785410692044,false,1785410692345,LeaderAccept
1785410692083,true,1785410692383,LeaderAccept
1785410692121,false,1785410692422,LeaderAccept
1785410692160,true,1785410692460,LeaderAccept
1785410692200,true,1785410692500,LeaderAccept
1785410692240,false,1785410692812,LeaderAccept
1785410692281,false,1785410692796,LeaderAccept
1785410692324,true,1785410692796,LeaderAccept
1785410692367,true,1785410692796,LeaderAccept
1785410692411,false,1785410692796,LeaderAccept
1785410692456,true,1785410692796,LeaderAccept
1785410692502,false,1785410692812,LeaderAccept
1785410692549,false,1785410692866,LeaderAccept
1785410692597,false,1785410692898,LeaderAccept
1785410692646,true,1785410693142,LeaderAccept
1785410692697,true,1785410693379,LeaderAccept
1785410692749,false,1785410693229,LeaderAccept
1785410692802,true,1785410693229,LeaderAccept
1785410692857,true,1785410693379,LeaderAccept
1785410692913,false,1785410693379,LeaderAccept
1785410692971,true,1785410693379,LeaderAccept
1785410693030,true,1785410693379,LeaderAccept
1785410693091,false,1785410693423,LeaderAccept
1785410693154,false,1785410693468,LeaderAccept
1785410693219,true,1785410693726,LeaderAccept
1785410693286,false,1785410693800,LeaderAccept
1785410693355,true,1785410693877,LeaderAccept
1785410693426,false,1785410693956,LeaderAccept
1785410693500,false,1785410693956,LeaderAccept
1785410693576,true,1785410693956,LeaderAccept
1785410693656,true,1785410693974,LeaderAccept
1785410693740,false,1785410694053,LeaderAccept
1785410693826,true,1785410694312,LeaderAccept
1785410693917,false,1785410694411,LeaderAccept
1785410694012,true,1785410694516,LeaderAccept
1785410694111,true,1785410694626,LeaderAccept
1785410694215,false,1785410694626,LeaderAccept
1785410694325,true,1785410694626,LeaderAccept
1785410694440,false,1785410694993,LeaderAccept
1785410694562,true,1785410694993,LeaderAccept
1785410694692,false,1785410694993,SlowAccept
1785410694831,true,1785410696007,LeaderAccept
1785410694979,true,1785410695252,FastAccept
1785410695139,false,1785410695411,FastAccept
1785410695312,true,1785410695584,FastAccept
1785410695500,false,1785410695772,FastAccept
1785410695706,false,1785410696007,SlowAccept
1785410695935,false,1785410696252,LeaderAccept
1785410696192,false,1785410696493,LeaderAccept
1785410696484,true,1785410696784,LeaderAccept
1785410696821,true,1785410697123,LeaderAccept
1785410697221,false,1785410697522,LeaderAccept
1785410697709,false,1785410697981,FastAccept
1785410698331,true,1785410698603,FastAccept
1785410699179,false,1785410699451,FastAccept
1785410700474,true,1785410700746,FastAccept
1785410702948,true,1785410703220,FastAccept
1785410711466,true,1785410711545,FastAccept
1785410735438,true,1785410735516,FastAccept
1785410735467,true,1785410735545,FastAccept
1785410735496,true,1785410735596,LeaderAccept
1785410735526,true,1785410735624,LeaderAccept
1785410735555,false,1785410735654,LeaderAccept
1785410735585,false,1785410735681,LeaderAccept
1785410735616,false,1785410735712,LeaderAccept
1785410735648,true,1785410735744,LeaderAccept
1785410735679,false,1785410735775,LeaderAccept
1785410735711,false,1785410735810,LeaderAccept
1785410735743,true,1785410735839,LeaderAccept
1785410735776,true,1785410735872,LeaderAccept
1785410735810,true,1785410735909,LeaderAccept
1785410735844,false,1785410735941,LeaderAccept
1785410735879,false,1785410735975,LeaderAccept
1785410735914,false,1785410736013,LeaderAccept
1785410735950,false,1785410736046,LeaderAccept
1785410735987,true,1785410736128,LeaderAccept
1785410736025,false,1785410736128,SlowAccept
1785410736063,false,1785410736160,LeaderAccept
1785410736102,false,1785410736244,LeaderAccept
1785410736141,true,1785410736244,SlowAccept
1785410736181,true,1785410736278,LeaderAccept
1785410736222,false,1785410736322,LeaderAccept
1785410736264,false,1785410736364,LeaderAccept
1785410736307,true,1785410736404,LeaderAccept
1785410736351,false,1785410736448,LeaderAccept
1785410736396,false,1785410736498,LeaderAccept
1785410736442,false,1785410736538,LeaderAccept
1785410736489,false,1785410736587,LeaderAccept
1785410736537,true,1785410736639,LeaderAccept
1785410736586,true,1785410736683,LeaderAccept
1785410736637,false,1785410736734,LeaderAccept
1785410736688,false,1785410736792,SlowAccept
1785410736741,true,1785410736837,LeaderAccept
1785410736795,false,1785410736892,LeaderAccept
1785410736850,false,1785410736947,LeaderAccept
1785410736907,true,1785410737003,LeaderAccept
1785410736965,true,1785410737062,LeaderAccept
1785410737025,true,1785410737122,LeaderAccept
1785410737087,true,1785410737184,LeaderAccept
1785410737151,true,1785410737248,LeaderAccept
1785410737217,false,1785410737313,LeaderAccept
1785410737285,true,1785410737382,LeaderAccept
1785410737356,false,1785410737434,FastAccept
1785410737430,true,1785410737526,LeaderAccept
1785410737506,true,1785410737585,FastAccept
1785410737585,false,1785410737663,FastAccept
1785410737666,false,1785410737764,LeaderAccept
1785410737751,false,1785410737829,FastAccept
1785410737840,false,1785410737918,FastAccept
1785410737933,false,1785410738033,LeaderAccept
1785410738030,true,1785410738108,FastAccept
1785410738132,true,1785410738210,FastAccept
1785410738239,true,1785410738341,LeaderAccept
1785410738352,true,1785410738430,FastAccept
1785410738472,false,1785410738550,FastAccept
1785410738598,true,1785410738700,LeaderAccept
1785410738733,false,1785410738811,FastAccept
1785410738878,false,1785410738956,FastAccept
1785410739033,true,1785410739130,LeaderAccept
1785410739200,false,1785410739278,FastAccept
1785410739383,true,1785410739461,FastAccept
1785410739582,true,1785410739661,FastAccept
1785410739802,true,1785410739880,FastAccept
1785410740047,true,1785410740125,FastAccept
1785410740324,false,1785410740402,FastAccept
1785410740642,false,1785410740720,FastAccept
1785410741015,true,1785410741093,FastAccept
1785410741464,false,1785410741542,FastAccept
1785410742026,true,1785410742104,FastAccept
1785410742769,false,1785410742847,FastAccept
1785410743846,false,1785410743945,LeaderAccept
1785410745691,false,1785410745788,LeaderAccept
1785410750331,true,1785410750408,FastAccept
1785410780670,true,1785410780748,FastAccept
1785410780689,true,1785410780767,FastAccept
1785410780710,true,1785410780787,FastAccept
1785410780730,false,1785410780808,FastAccept
1785410780751,false,1785410780828,FastAccept
1785410780772,true,1785410780850,FastAccept
1785410780793,true,1785410780870,FastAccept
1785410780814,false,1785410780892,FastAccept
1785410780835,true,1785410780913,FastAccept
1785410780857,false,1785410780934,FastAccept
1785410780879,false,1785410780957,FastAccept
1785410780901,false,1785410780978,FastAccept
1785410780923,false,1785410781000,FastAccept
1785410780945,true,1785410781023,FastAccept
1785410780968,true,1785410781045,FastAccept
1785410780992,true,1785410781069,FastAccept
1785410781015,false,1785410781092,FastAccept
1785410781038,true,1785410781115,FastAccept
1785410781062,true,1785410781139,FastAccept
1785410781086,false,1785410781164,FastAccept
1785410781110,false,1785410781188,FastAccept
1785410781135,false,1785410781212,FastAccept
1785410781159,false,1785410781237,FastAccept
1785410781184,false,1785410781262,FastAccept
1785410781209,true,1785410781286,FastAccept
1785410781234,false,1785410781312,FastAccept
1785410781260,true,1785410781338,FastAccept
1785410781286,false,1785410781363,FastAccept
1785410781312,true,1785410781389,FastAccept
1785410781339,true,1785410781417,FastAccept
1785410781368,true,1785410781445,FastAccept
1785410781395,true,1785410781472,FastAccept
1785410781423,true,1785410781500,FastAccept
1785410781451,true,1785410781529,FastAccept
1785410781480,true,1785410781558,FastAccept
1785410781509,false,1785410781586,FastAccept
1785410781538,false,1785410781615,FastAccept
1785410781568,true,1785410781645,FastAccept
1785410781598,false,1785410781676,FastAccept
1785410781629,false,1785410781707,FastAccept
1785410781661,true,1785410781738,FastAccept
1785410781692,false,1785410781770,FastAccept
1785410781724,false,1785410781801,FastAccept
1785410781756,true,1785410781834,FastAccept
1785410781790,false,1785410781867,FastAccept
1785410781824,true,1785410781902,FastAccept
1785410781860,false,1785410781937,FastAccept
1785410781895,false,1785410781973,FastAccept
1785410781931,false,1785410782008,FastAccept
1785410781967,true,1785410782045,FastAccept
1785410782004,true,1785410782081,FastAccept
1785410782042,false,1785410782120,FastAccept
1785410782081,false,1785410782158,FastAccept
1785410782120,false,1785410782197,FastAccept
1785410782160,false,1785410782238,FastAccept
1785410782201,true,1785410782278,FastAccept
1785410782242,false,1785410782320,FastAccept
1785410782284,false,1785410782361,FastAccept
1785410782327,true,1785410782405,FastAccept
1785410782371,true,1785410782448,FastAccept
1785410782416,true,1785410782493,FastAccept
1785410782462,false,1785410782539,FastAccept
1785410782508,true,1785410782586,FastAccept
1785410782556,false,1785410782634,FastAccept
1785410782605,false,1785410782683,FastAccept
1785410782656,true,1785410782734,FastAccept
1785410782708,false,1785410782786,FastAccept
1785410782761,true,1785410782839,FastAccept
1785410782816,false,1785410782893,FastAccept
1785410782872,false,1785410782950,FastAccept
1785410782930,false,1785410783007,FastAccept
1785410782989,false,1785410783066,FastAccept
1785410783049,true,1785410783126,FastAccept
1785410783112,true,1785410783189,FastAccept
1785410783176,true,1785410783253,FastAccept
1785410783242,false,1785410783320,FastAccept
1785410783311,false,1785410783389,FastAccept
1785410783383,true,1785410783461,FastAccept
1785410783457,false,1785410783535,FastAccept
1785410783534,false,1785410783612,FastAccept
1785410783614,false,1785410783691,FastAccept
1785410783696,false,1785410783774,FastAccept
1785410783782,false,1785410783860,FastAccept
1785410783872,true,1785410783950,FastAccept
1785410783966,false,1785410784044,FastAccept
1785410784065,true,1785410784143,FastAccept
1785410784169,true,1785410784247,FastAccept
1785410784278,false,1785410784356,FastAccept
1785410784393,true,1785410784470,FastAccept
1785410784515,true,1785410784592,FastAccept
1785410784643,true,1785410784721,FastAccept
1785410784781,false,1785410784859,FastAccept
1785410784928,true,1785410785006,FastAccept
1785410785087,true,1785410785165,FastAccept
1785410785259,false,1785410785337,FastAccept
1785410785446,true,1785410785524,FastAccept
1785410785651,false,1785410785729,FastAccept
1785410785878,false,1785410785956,FastAccept
1785410786132,false,1785410786210,FastAccept
1785410786421,true,1785410786498,FastAccept
1785410786753,true,1785410786830,FastAccept
1785410787145,true,1785410787223,FastAccept
1785410787622,true,1785410787700,FastAccept
1785410788229,true,1785410788397,LeaderAccept
1785410789048,true,1785410789202,LeaderAccept
1785410790281,false,1785410790381,LeaderAccept
1785410792565,true,1785410792661,LeaderAccept
1785410797244,false,1785410797322,FastAccept
1785410797270,false,1785410797347,FastAccept
1785410797294,false,1785410797371,FastAccept
1785410797319,true,1785410797397,FastAccept
1785410797345,false,1785410797444,LeaderAccept
1785410797371,false,1785410797470,LeaderAccept
1785410797397,false,1785410797493,LeaderAccept
1785410797423,false,1785410797519,LeaderAccept
1785410797450,true,1785410797547,LeaderAccept
1785410797477,false,1785410797573,LeaderAccept
1785410797505,false,1785410797604,LeaderAccept
1785410797533,true,1785410797630,LeaderAccept
1785410797562,false,1785410797658,LeaderAccept
1785410797590,false,1785410797687,LeaderAccept
1785410797619,false,1785410797716,LeaderAccept
1785410797648,true,1785410797744,LeaderAccept
1785410797678,false,1785410797774,LeaderAccept
1785410797708,false,1785410797805,LeaderAccept
1785410797739,false,1785410797835,LeaderAccept
1785410797770,false,1785410797867,LeaderAccept
1785410797802,false,1785410797900,LeaderAccept
1785410797834,true,1785410797931,LeaderAccept
1785410797867,true,1785410797963,LeaderAccept
1785410797900,false,1785410797996,LeaderAccept
1785410797933,false,1785410798029,LeaderAccept
1785410797967,false,1785410798064,LeaderAccept
1785410798002,true,1785410798099,LeaderAccept
1785410798038,true,1785410798135,LeaderAccept
1785410798074,true,1785410798208,LeaderAccept
1785410798111,true,1785410798210,LeaderAccept
1785410798148,true,1785410798247,LeaderAccept
1785410798186,false,1785410798285,LeaderAccept
1785410798225,false,1785410798324,LeaderAccept
1785410798264,false,1785410798363,LeaderAccept
1785410798304,false,1785410798403,LeaderAccept
1785410798345,false,1785410798444,LeaderAccept
1785410798388,false,1785410798487,LeaderAccept
1785410798431,false,1785410798527,LeaderAccept
1785410798474,false,1785410798622,LeaderAccept
1785410798518,false,1785410798621,SlowAccept
1785410798563,false,1785410798659,LeaderAccept
1785410798609,true,1785410798706,LeaderAccept
1785410798657,true,1785410798754,LeaderAccept
1785410798706,false,1785410798802,LeaderAccept
1785410798756,false,1785410798853,LeaderAccept
1785410798807,false,1785410798904,LeaderAccept
1785410798859,true,1785410798956,LeaderAccept
1785410798913,false,1785410799010,LeaderAccept
1785410798968,true,1785410799065,LeaderAccept
1785410799025,true,1785410799122,LeaderAccept
1785410799083,true,1785410799179,LeaderAccept
1785410799143,true,1785410799239,LeaderAccept
1785410799205,true,1785410799301,LeaderAccept
1785410799268,false,1785410799364,LeaderAccept
1785410799334,false,1785410799430,LeaderAccept
1785410799402,true,1785410799499,LeaderAccept
1785410799473,true,1785410799570,LeaderAccept
1785410799546,true,1785410799672,LeaderAccept
1785410799621,true,1785410799717,LeaderAccept
1785410799699,false,1785410799795,LeaderAccept
1785410799781,true,1785410799878,LeaderAccept
1785410799866,false,1785410799962,LeaderAccept
1785410799954,false,1785410800050,LeaderAccept
1785410800046,true,1785410800143,LeaderAccept
1785410800143,false,1785410800239,LeaderAccept
1785410800244,false,1785410800340,LeaderAccept
1785410800350,true,1785410800446,LeaderAccept
1785410800462,false,1785410800558,LeaderAccept
1785410800581,false,1785410800678,LeaderAccept
1785410800707,false,1785410800803,LeaderAccept
1785410800841,false,1785410800938,LeaderAccept
1785410800984,true,1785410801080,LeaderAccept
1785410801138,false,1785410801234,LeaderAccept
1785410801304,false,1785410801400,LeaderAccept
1785410801484,false,1785410801580,LeaderAccept
1785410801681,false,1785410801777,LeaderAccept
1785410801898,true,1785410801994,LeaderAccept
1785410802140,true,1785410802236,LeaderAccept
1785410802412,false,1785410802511,LeaderAccept
1785410802724,true,1785410802852,LeaderAccept
1785410803089,false,1785410803211,LeaderAccept
1785410803527,true,1785410803709,LeaderAccept
1785410804072,true,1785410804181,LeaderAccept
1785410804787,true,1785410804904,LeaderAccept
1785410805809,true,1785410805908,LeaderAccept
1785410807510,true,1785410807610,LeaderAccept
1785410811492,false,1785410811570,FastAccept
1785410820630,false,1785410820708,FastAccept
1785410820648,true,1785410820752,SlowAccept
1785410820666,true,1785410820769,SlowAccept
1785410820684,false,1785410820783,LeaderAccept
1785410820703,true,1785410820801,LeaderAccept
1785410820721,true,1785410820817,LeaderAccept
1785410820739,true,1785410820836,LeaderAccept
1785410820758,false,1785410820855,LeaderAccept
1785410820777,false,1785410820874,LeaderAccept
1785410820796,false,1785410820893,LeaderAccept
1785410820815,true,1785410820911,LeaderAccept
1785410820834,false,1785410820930,LeaderAccept
1785410820853,true,1785410820950,LeaderAccept
1785410820872,false,1785410820968,LeaderAccept
1785410820891,true,1785410820987,LeaderAccept
1785410820911,false,1785410821008,LeaderAccept
1785410820930,true,1785410821027,LeaderAccept
1785410820951,false,1785410821047,LeaderAccept
1785410820971,true,1785410821068,LeaderAccept
1785410820992,true,1785410821089,LeaderAccept
1785410821013,true,1785410821109,LeaderAccept
1785410821034,true,1785410821131,LeaderAccept
1785410821055,false,1785410821152,LeaderAccept
1785410821077,true,1785410821174,LeaderAccept
1785410821099,true,1785410821256,LeaderAccept
1785410821122,true,1785410821256,LeaderAccept
1785410821144,false,1785410821256,LeaderAccept
1785410821166,true,1785410821262,LeaderAccept
1785410821189,false,1785410821285,LeaderAccept
1785410821212,true,1785410821308,LeaderAccept
1785410821235,false,1785410821332,LeaderAccept
1785410821259,false,1785410821355,LeaderAccept
1785410821283,false,1785410821379,LeaderAccept
1785410821306,true,1785410821402,LeaderAccept
1785410821330,true,1785410821427,LeaderAccept
1785410821355,false,1785410821451,LeaderAccept
1785410821380,true,1785410821476,LeaderAccept
1785410821405,false,1785410821502,LeaderAccept
1785410821431,false,1785410821527,LeaderAccept
1785410821456,true,1785410821553,LeaderAccept
1785410821482,true,1785410821578,LeaderAccept
1785410821508,true,1785410821605,LeaderAccept
1785410821535,false,1785410821631,LeaderAccept
1785410821562,true,1785410821658,LeaderAccept
1785410821589,false,1785410821686,LeaderAccept
1785410821617,false,1785410821714,LeaderAccept
1785410821645,false,1785410821741,LeaderAccept
1785410821673,false,1785410821769,LeaderAccept
1785410821701,true,1785410821818,LeaderAccept
1785410821730,false,1785410821826,LeaderAccept
1785410821759,true,1785410821856,LeaderAccept
1785410821789,false,1785410821886,LeaderAccept
1785410821818,false,1785410821914,LeaderAccept
1785410821849,true,1785410821945,LeaderAccept
1785410821880,true,1785410821977,LeaderAccept
1785410821912,true,1785410822009,LeaderAccept
1785410821944,false,1785410822041,LeaderAccept
1785410821977,false,1785410822073,LeaderAccept
1785410822010,false,1785410822107,LeaderAccept
1785410822044,true,1785410822141,LeaderAccept
1785410822079,true,1785410822176,LeaderAccept
1785410822114,false,1785410822210,LeaderAccept
1785410822148,false,1785410822245,LeaderAccept
1785410822185,false,1785410822281,LeaderAccept
1785410822222,false,1785410822321,LeaderAccept
1785410822260,false,1785410822359,LeaderAccept
1785410822298,false,1785410822396,LeaderAccept
1785410822336,true,1785410822435,LeaderAccept
1785410822376,true,1785410822475,LeaderAccept
1785410822417,false,1785410822516,LeaderAccept
1785410822458,true,1785410822557,LeaderAccept
1785410822500,false,1785410822598,LeaderAccept
1785410822542,false,1785410822683,LeaderAccept
1785410822586,false,1785410822683,LeaderAccept
1785410822631,true,1785410822728,LeaderAccept
1785410822677,true,1785410822773,LeaderAccept
1785410822723,true,1785410822819,LeaderAccept
1785410822770,false,1785410822866,LeaderAccept
1785410822819,true,1785410822915,LeaderAccept
1785410822869,true,1785410822965,LeaderAccept
1785410822920,false,1785410823017,LeaderAccept
1785410822973,false,1785410823070,LeaderAccept
1785410823027,true,1785410823124,LeaderAccept
1785410823083,true,1785410823180,LeaderAccept
1785410823140,false,1785410823237,LeaderAccept
1785410823199,false,1785410823296,LeaderAccept
1785410823259,true,1785410823356,LeaderAccept
1785410823322,false,1785410823418,LeaderAccept
1785410823386,false,1785410823483,LeaderAccept
1785410823452,false,1785410823548,LeaderAccept
1785410823520,false,1785410823617,LeaderAccept
1785410823590,true,1785410823686,LeaderAccept
1785410823663,false,1785410823740,FastAccept
1785410823739,true,1785410823817,FastAccept
1785410823818,true,1785410823915,LeaderAccept
1785410823900,true,1785410823978,FastAccept
1785410823985,true,1785410824062,FastAccept
1785410824073,false,1785410824151,FastAccept
1785410824165,false,1785410824243,FastAccept
1785410824262,false,1785410824340,FastAccept
1785410824364,true,1785410824442,FastAccept
1785410824471,false,1785410824549,FastAccept
1785410824584,true,1785410824662,FastAccept
1785410824703,false,1785410824781,FastAccept
1785410824829,true,1785410824906,FastAccept
1785410824964,true,1785410825041,FastAccept
1785410825108,false,1785410825185,FastAccept
1785410825262,true,1785410825339,FastAccept
1785410825429,false,1785410825507,FastAccept
1785410825610,true,1785410825688,FastAccept
1785410825809,true,1785410825887,FastAccept
1785410826029,false,1785410826106,FastAccept
1785410826273,false,1785410826351,FastAccept
1785410826549,false,1785410826627,FastAccept
1785410826866,false,1785410826944,FastAccept
1785410827237,false,1785410827315,FastAccept
1785410827683,true,1785410827760,FastAccept
1785410828240,true,1785410828318,FastAccept
1785410828976,false,1785410829054,FastAccept
1785410830038,false,1785410830116,FastAccept
1785410831845,false,1785410831923,FastAccept
1785410836301,true,1785410836400,LeaderAccept
1785410867881,true,1785410867958,FastAccept
1785410867901,false,1785410867979,FastAccept
1785410867921,false,1785410867998,FastAccept
1785410867941,true,1785410868018,FastAccept
1785410867961,false,1785410868039,FastAccept
1785410867982,true,1785410868060,FastAccept
1785410868003,false,1785410868080,FastAccept
1785410868024,true,1785410868102,FastAccept
1785410868047,true,1785410868124,FastAccept
1785410868068,false,1785410868146,FastAccept
1785410868090,true,1785410868168,FastAccept
1785410868112,true,1785410868216,SlowAccept
1785410868135,false,1785410868238,SlowAccept
1785410868157,false,1785410868256,LeaderAccept
1785410868180,false,1785410868299,LeaderAccept
1785410868203,true,1785410868300,LeaderAccept
1785410868227,true,1785410868323,LeaderAccept
1785410868251,false,1785410868346,LeaderAccept
1785410868274,true,1785410868370,LeaderAccept
1785410868298,true,1785410868394,LeaderAccept
1785410868322,false,1785410868417,LeaderAccept
1785410868345,true,1785410868441,LeaderAccept
1785410868370,true,1785410868467,LeaderAccept
1785410868395,true,1785410868492,LeaderAccept
1785410868420,true,1785410868517,LeaderAccept
1785410868446,true,1785410868542,LeaderAccept
1785410868472,true,1785410868568,LeaderAccept
1785410868498,false,1785410868594,LeaderAccept
1785410868525,false,1785410868622,LeaderAccept
1785410868552,true,1785410868648,LeaderAccept
1785410868579,true,1785410868676,LeaderAccept
1785410868607,false,1785410868704,LeaderAccept
1785410868636,false,1785410868733,LeaderAccept
1785410868665,false,1785410868762,LeaderAccept
1785410868694,true,1785410868790,LeaderAccept
1785410868723,false,1785410868819,LeaderAccept
1785410868753,true,1785410868850,LeaderAccept
1785410868784,true,1785410868881,LeaderAccept
1785410868815,false,1785410868912,LeaderAccept
1785410868847,false,1785410868944,LeaderAccept
1785410868878,false,1785410868974,LeaderAccept
1785410868911,true,1785410869008,LeaderAccept
1785410868943,false,1785410869040,LeaderAccept
1785410868976,false,1785410869073,LeaderAccept
1785410869009,false,1785410869105,LeaderAccept
1785410869043,true,1785410869140,LeaderAccept
1785410869078,true,1785410869175,LeaderAccept
1785410869113,false,1785410869209,LeaderAccept
1785410869149,false,1785410869246,LeaderAccept
1785410869186,true,1785410869285,LeaderAccept
1785410869223,true,1785410869333,LeaderAccept
1785410869261,false,1785410869358,LeaderAccept
1785410869300,false,1785410869396,LeaderAccept
1785410869339,true,1785410869435,LeaderAccept
1785410869379,false,1785410869479,LeaderAccept
1785410869420,true,1785410869519,LeaderAccept
1785410869462,false,1785410869558,LeaderAccept
1785410869504,true,1785410869603,LeaderAccept
1785410869547,true,1785410869644,LeaderAccept
1785410869591,false,1785410869688,LeaderAccept
1785410869636,true,1785410869733,LeaderAccept
1785410869683,false,1785410869779,LeaderAccept
1785410869730,false,1785410869827,LeaderAccept
1785410869779,true,1785410869875,LeaderAccept
1785410869829,true,1785410869927,LeaderAccept
1785410869880,false,1785410869977,LeaderAccept
1785410869932,true,1785410870029,LeaderAccept
1785410869985,true,1785410870102,LeaderAccept
1785410870040,false,1785410870137,LeaderAccept
1785410870096,false,1785410870193,LeaderAccept
1785410870154,false,1785410870251,LeaderAccept
1785410870212,false,1785410870309,LeaderAccept
1785410870274,true,1785410870371,LeaderAccept
1785410870337,false,1785410870435,LeaderAccept
1785410870403,false,1785410870500,LeaderAccept
1785410870470,true,1785410870567,LeaderAccept
1785410870540,false,1785410870637,LeaderAccept
1785410870612,true,1785410870709,LeaderAccept
1785410870686,false,1785410870788,LeaderAccept
1785410870764,false,1785410870841,FastAccept
1785410870845,false,1785410870941,LeaderAccept
1785410870928,false,1785410871005,FastAccept
1785410871015,false,1785410871115,LeaderAccept
1785410871106,false,1785410871223,LeaderAccept
1785410871201,false,1785410871298,LeaderAccept
1785410871301,false,1785410871398,LeaderAccept
1785410871406,true,1785410871510,SlowAccept
1785410871517,true,1785410871595,FastAccept
1785410871634,false,1785410871731,LeaderAccept
1785410871758,false,1785410871836,FastAccept
1785410871890,true,1785410871968,FastAccept
1785410872030,true,1785410872130,LeaderAccept
1785410872181,false,1785410872259,FastAccept
1785410872343,false,1785410872421,FastAccept
1785410872519,true,1785410872597,FastAccept
1785410872711,false,1785410872789,FastAccept
1785410872922,false,1785410873019,LeaderAccept
1785410873157,true,1785410873235,FastAccept
1785410873421,false,1785410873498,FastAccept
1785410873721,true,1785410873820,LeaderAccept
1785410874070,false,1785410874148,FastAccept
1785410874486,true,1785410874564,FastAccept
1785410874997,false,1785410875075,FastAccept
1785410875657,true,1785410875735,FastAccept
1785410876574,true,1785410876651,FastAccept
1785410878023,false,1785410878140,LeaderAccept
1785410881013,false,1785410881090,FastAccept
1785410891510,true,1785410891588,FastAccept
1785410891546,false,1785410891623,FastAccept
1785410891582,false,1785410891661,FastAccept
1785410891619,false,1785410891718,LeaderAccept
1785410891658,false,1785410891756,LeaderAccept
1785410891696,false,1785410891795,LeaderAccept
1785410891736,false,1785410891835,LeaderAccept
1785410891777,false,1785410891876,LeaderAccept
1785410891818,false,1785410891917,LeaderAccept
1785410891860,false,1785410891959,LeaderAccept
1785410891903,true,1785410892000,LeaderAccept
1785410891947,true,1785410892044,LeaderAccept
1785410891993,false,1785410892089,LeaderAccept
1785410892038,false,1785410892134,LeaderAccept
1785410892085,true,1785410892182,LeaderAccept
1785410892134,true,1785410892230,LeaderAccept
1785410892182,false,1785410892278,LeaderAccept
1785410892232,true,1785410892328,LeaderAccept
1785410892283,true,1785410892379,LeaderAccept
1785410892335,true,1785410892432,LeaderAccept
1785410892389,true,1785410892486,LeaderAccept
1785410892444,false,1785410892541,LeaderAccept
1785410892501,true,1785410892598,LeaderAccept
1785410892559,true,1785410892655,LeaderAccept
1785410892619,false,1785410892715,LeaderAccept
1785410892681,false,1785410892780,LeaderAccept
1785410892744,true,1785410892840,LeaderAccept
1785410892809,false,1785410892906,LeaderAccept
1785410892877,false,1785410892974,LeaderAccept
1785410892948,true,1785410893045,LeaderAccept
1785410893021,true,1785410893098,FastAccept
1785410893096,false,1785410893173,FastAccept
1785410893173,false,1785410893251,FastAccept
1785410893255,true,1785410893333,FastAccept
1785410893340,true,1785410893418,FastAccept
1785410893429,false,1785410893507,FastAccept
1785410893521,true,1785410893599,FastAccept
1785410893618,false,1785410893715,LeaderAccept
1785410893720,true,1785410893798,FastAccept
1785410893827,true,1785410893905,FastAccept
1785410893940,false,1785410894018,FastAccept
1785410894059,true,1785410894136,FastAccept
1785410894185,true,1785410894263,FastAccept
1785410894320,false,1785410894416,LeaderAccept
1785410894463,false,1785410894567,SlowAccept
1785410894617,false,1785410894695,FastAccept
1785410894784,false,1785410894862,FastAccept
1785410894965,true,1785410895044,FastAccept
1785410895163,true,1785410895241,FastAccept
1785410895381,false,1785410895459,FastAccept
1785410895624,true,1785410895702,FastAccept
1785410895898,true,1785410895976,FastAccept
1785410896213,true,1785410896291,FastAccept
1785410896581,true,1785410896659,FastAccept
1785410897023,false,1785410897100,FastAccept
1785410897573,true,1785410897651,FastAccept
1785410898298,true,1785410898376,FastAccept
1785410899339,true,1785410899417,FastAccept
1785410901090,false,1785410901167,FastAccept
1785410905290,false,1785410905369,FastAccept
1785410923001,false,1785410923099,LeaderAccept
1785410923018,true,1785410923118,LeaderAccept
1785410923037,false,1785410923136,LeaderAccept
1785410923054,false,1785410923150,LeaderAccept
1785410923072,true,1785410923168,LeaderAccept
1785410923091,false,1785410923187,LeaderAccept
1785410923109,true,1785410923205,LeaderAccept
1785410923127,false,1785410923224,LeaderAccept
1785410923146,false,1785410923251,LeaderAccept
1785410923164,false,1785410923261,LeaderAccept
1785410923183,false,1785410923279,LeaderAccept
1785410923201,true,1785410923297,LeaderAccept
1785410923220,true,1785410923316,LeaderAccept
1785410923239,false,1785410923335,LeaderAccept
1785410923258,true,1785410923354,LeaderAccept
1785410923277,false,1785410923373,LeaderAccept
1785410923297,true,1785410923394,LeaderAccept
1785410923316,false,1785410923413,LeaderAccept
1785410923337,true,1785410923434,LeaderAccept
1785410923358,false,1785410923470,LeaderAccept
1785410923379,false,1785410923475,LeaderAccept
1785410923399,false,1785410923495,LeaderAccept
1785410923420,true,1785410923516,LeaderAccept
1785410923441,false,1785410923537,LeaderAccept
1785410923462,true,1785410923559,LeaderAccept
1785410923484,false,1785410923581,LeaderAccept
1785410923506,true,1785410923602,LeaderAccept
1785410923528,false,1785410923625,LeaderAccept
1785410923551,true,1785410923648,LeaderAccept
1785410923574,true,1785410923670,LeaderAccept
1785410923597,false,1785410923755,LeaderAccept
1785410923620,true,1785410923730,LeaderAccept
1785410923643,true,1785410923739,LeaderAccept
1785410923666,false,1785410923762,LeaderAccept
1785410923690,false,1785410923786,LeaderAccept
1785410923714,false,1785410923810,LeaderAccept
1785410923738,true,1785410923835,LeaderAccept
1785410923763,false,1785410923859,LeaderAccept
1785410923788,false,1785410923884,LeaderAccept
1785410923813,true,1785410923909,LeaderAccept
1785410923839,false,1785410923935,LeaderAccept
1785410923866,true,1785410923962,LeaderAccept
1785410923893,false,1785410923989,LeaderAccept
1785410923919,false,1785410924016,LeaderAccept
1785410923946,false,1785410924043,LeaderAccept
1785410923973,false,1785410924070,LeaderAccept
1785410924001,false,1785410924098,LeaderAccept
1785410924029,false,1785410924126,LeaderAccept
1785410924057,true,1785410924153,LeaderAccept
1785410924085,true,1785410924182,LeaderAccept
1785410924114,true,1785410924211,LeaderAccept
1785410924143,false,1785410924239,LeaderAccept
1785410924173,false,1785410924269,LeaderAccept
1785410924203,false,1785410924306,LeaderAccept
1785410924234,true,1785410924330,LeaderAccept
1785410924266,false,1785410924362,LeaderAccept
1785410924297,false,1785410924394,LeaderAccept
1785410924329,true,1785410924425,LeaderAccept
1785410924362,true,1785410924458,LeaderAccept
1785410924395,false,1785410924491,LeaderAccept
1785410924428,false,1785410924525,LeaderAccept
1785410924462,true,1785410924558,LeaderAccept
1785410924496,true,1785410924593,LeaderAccept
1785410924532,false,1785410924628,LeaderAccept
1785410924568,true,1785410924675,LeaderAccept
1785410924604,true,1785410924700,LeaderAccept
1785410924641,true,1785410924740,LeaderAccept
1785410924678,false,1785410924778,LeaderAccept
1785410924717,false,1785410924815,LeaderAccept
1785410924756,false,1785410924855,LeaderAccept
1785410924796,true,1785410924896,LeaderAccept
1785410924836,true,1785410924933,LeaderAccept
1785410924878,false,1785410924978,LeaderAccept
1785410924920,false,1785410925019,LeaderAccept
1785410924963,true,1785410925060,LeaderAccept
1785410925007,true,1785410925120,LeaderAccept
1785410925052,true,1785410925148,LeaderAccept
1785410925098,true,1785410925195,LeaderAccept
1785410925146,true,1785410925243,LeaderAccept
1785410925194,false,1785410925290,LeaderAccept
1785410925243,false,1785410925339,LeaderAccept
1785410925294,false,1785410925391,LeaderAccept
1785410925346,true,1785410925442,LeaderAccept
1785410925399,true,1785410925496,LeaderAccept
1785410925454,true,1785410925554,LeaderAccept
1785410925510,false,1785410925607,LeaderAccept
1785410925568,true,1785410925675,LeaderAccept
1785410925627,false,1785410925723,LeaderAccept
1785410925688,false,1785410925785,LeaderAccept
1785410925751,false,1785410925848,LeaderAccept
1785410925816,true,1785410925913,LeaderAccept
1785410925883,true,1785410925979,LeaderAccept
1785410925952,false,1785410926049,LeaderAccept
1785410926023,true,1785410926120,LeaderAccept
1785410926097,false,1785410926175,FastAccept
1785410926174,true,1785410926253,FastAccept
1785410926254,false,1785410926332,FastAccept
1785410926337,false,1785410926433,LeaderAccept
1785410926423,true,1785410926502,FastAccept
1785410926513,false,1785410926592,FastAccept
1785410926608,true,1785410926686,FastAccept
1785410926707,false,1785410926806,LeaderAccept
1785410926812,false,1785410926890,FastAccept
1785410926922,false,1785410927000,FastAccept
1785410927037,false,1785410927116,FastAccept
1785410927160,true,1785410927239,FastAccept
1785410927290,false,1785410927369,FastAccept
1785410927429,false,1785410927507,FastAccept
1785410927578,false,1785410927657,FastAccept
1785410927738,false,1785410927816,FastAccept
1785410927911,true,1785410927989,FastAccept
1785410928100,true,1785410928178,FastAccept
1785410928307,true,1785410928385,FastAccept
1785410928537,false,1785410928615,FastAccept
1785410928795,false,1785410928873,FastAccept
1785410929088,true,1785410929166,FastAccept
1785410929427,false,1785410929506,FastAccept
1785410929829,true,1785410929908,FastAccept
1785410930322,false,1785410930400,FastAccept
1785410930949,true,1785410931027,FastAccept
1785410931808,true,1785410931905,LeaderAccept
1785410933127,false,1785410933224,LeaderAccept
1785410935677,true,1785410935755,FastAccept
1785410944795,false,1785410944873,FastAccept
1785410971812,true,1785410971891,FastAccept
1785410971827,false,1785410971905,FastAccept
1785410971841,true,1785410971920,FastAccept
1785410971856,true,1785410971935,FastAccept
1785410971871,true,1785410971949,FastAccept
1785410971886,false,1785410971964,FastAccept
1785410971901,true,1785410971979,FastAccept
1785410971916,true,1785410971994,FastAccept
1785410971931,false,1785410972009,FastAccept
1785410971946,false,1785410972024,FastAccept
1785410971962,false,1785410972041,FastAccept
1785410971979,true,1785410972057,FastAccept
1785410971994,true,1785410972073,FastAccept
1785410972009,false,1785410972088,FastAccept
1785410972024,false,1785410972103,FastAccept
1785410972041,false,1785410972119,FastAccept
1785410972057,true,1785410972135,FastAccept
1785410972073,true,1785410972151,FastAccept
1785410972089,true,1785410972167,FastAccept
1785410972106,true,1785410972184,FastAccept
1785410972123,true,1785410972201,FastAccept
1785410972139,false,1785410972260,LeaderAccept
1785410972156,false,1785410972260,SlowAccept
1785410972173,false,1785410972279,LeaderAccept
1785410972191,true,1785410972289,LeaderAccept
1785410972208,false,1785410972306,LeaderAccept
1785410972226,true,1785410972323,LeaderAccept
1785410972244,true,1785410972340,LeaderAccept
1785410972262,false,1785410972358,LeaderAccept
1785410972280,true,1785410972376,LeaderAccept
1785410972298,true,1785410972394,LeaderAccept
1785410972316,true,1785410972413,LeaderAccept
1785410972335,false,1785410972432,LeaderAccept
1785410972354,true,1785410972451,LeaderAccept
1785410972373,true,1785410972469,LeaderAccept
1785410972392,false,1785410972488,LeaderAccept
1785410972411,false,1785410972507,LeaderAccept
1785410972431,false,1785410972527,LeaderAccept
1785410972450,true,1785410972546,LeaderAccept
1785410972469,true,1785410972566,LeaderAccept
1785410972489,true,1785410972585,LeaderAccept
1785410972509,true,1785410972606,LeaderAccept
1785410972530,true,1785410972627,LeaderAccept
1785410972551,false,1785410972648,LeaderAccept
1785410972572,false,1785410972669,LeaderAccept
1785410972593,false,1785410972689,LeaderAccept
1785410972613,false,1785410972710,LeaderAccept
1785410972634,false,1785410972731,LeaderAccept
1785410972656,true,1785410972752,LeaderAccept
1785410972677,false,1785410972773,LeaderAccept
1785410972699,false,1785410972794,LeaderAccept
1785410972721,true,1785410972817,LeaderAccept
1785410972743,true,1785410972839,LeaderAccept
1785410972766,false,1785410972863,LeaderAccept
1785410972789,false,1785410972884,LeaderAccept
1785410972812,true,1785410972908,LeaderAccept
1785410972835,false,1785410972931,LeaderAccept
1785410972858,false,1785410972953,LeaderAccept
1785410972882,false,1785410972977,LeaderAccept
1785410972906,true,1785410973002,LeaderAccept
1785410972930,false,1785410973025,LeaderAccept
1785410972953,true,1785410973050,LeaderAccept
1785410972978,true,1785410973074,LeaderAccept
1785410973004,true,1785410973100,LeaderAccept
1785410973029,true,1785410973126,LeaderAccept
1785410973055,true,1785410973151,LeaderAccept
1785410973081,true,1785410973176,LeaderAccept
1785410973107,false,1785410973203,LeaderAccept
1785410973134,true,1785410973230,LeaderAccept
1785410973161,true,1785410973258,LeaderAccept
1785410973188,false,1785410973286,LeaderAccept
1785410973216,false,1785410973312,LeaderAccept
1785410973244,true,1785410973340,LeaderAccept
1785410973272,true,1785410973369,LeaderAccept
1785410973301,true,1785410973397,LeaderAccept
1785410973330,false,1785410973426,LeaderAccept
1785410973359,false,1785410973454,LeaderAccept
1785410973389,false,1785410973486,LeaderAccept
1785410973420,true,1785410973517,LeaderAccept
1785410973451,false,1785410973548,LeaderAccept
1785410973483,false,1785410973639,SlowAccept
1785410973515,false,1785410973639,LeaderAccept
1785410973547,false,1785410973643,LeaderAccept
1785410973580,false,1785410973676,LeaderAccept
1785410973614,false,1785410973710,LeaderAccept
1785410973648,true,1785410973745,LeaderAccept
1785410973683,false,1785410973779,LeaderAccept
1785410973719,false,1785410973815,LeaderAccept
1785410973754,false,1785410973850,LeaderAccept
1785410973790,false,1785410973886,LeaderAccept
1785410973827,true,1785410973925,LeaderAccept
1785410973865,true,1785410973961,LeaderAccept
1785410973903,true,1785410974000,LeaderAccept
1785410973943,true,1785410974039,LeaderAccept
1785410973983,false,1785410974080,LeaderAccept
1785410974024,false,1785410974121,LeaderAccept
1785410974065,false,1785410974162,LeaderAccept
1785410974107,false,1785410974203,LeaderAccept
1785410974150,false,1785410974246,LeaderAccept
1785410974194,false,1785410974291,LeaderAccept
1785410974239,false,1785410974335,LeaderAccept
1785410974285,false,1785410974381,LeaderAccept
1785410974332,false,1785410974428,LeaderAccept
1785410974380,false,1785410974476,LeaderAccept
1785410974429,true,1785410974525,LeaderAccept
1785410974480,true,1785410974576,LeaderAccept
1785410974532,true,1785410974629,LeaderAccept
1785410974586,false,1785410974682,LeaderAccept
1785410974640,false,1785410974736,LeaderAccept
1785410974696,true,1785410974792,LeaderAccept
1785410974754,true,1785410974851,LeaderAccept
1785410974813,false,1785410974910,LeaderAccept
1785410974874,true,1785410974972,LeaderAccept
1785410974937,false,1785410975034,LeaderAccept
1785410975002,false,1785410975099,LeaderAccept
1785410975070,true,1785410975166,LeaderAccept
1785410975139,false,1785410975236,LeaderAccept
1785410975211,false,1785410975310,LeaderAccept
1785410975285,true,1785410975363,FastAccept
1785410975362,false,1785410975441,FastAccept
1785410975442,false,1785410975520,FastAccept
1785410975525,false,1785410975604,FastAccept
1785410975612,true,1785410975691,FastAccept
1785410975703,false,1785410975782,FastAccept
1785410975798,true,1785410975902,LeaderAccept
1785410975898,false,1785410975976,FastAccept
1785410976002,false,1785410976081,FastAccept
1785410976112,false,1785410976190,FastAccept
1785410976228,false,1785410976306,FastAccept
1785410976351,false,1785410976430,FastAccept
1785410976482,true,1785410976560,FastAccept
1785410976622,false,1785410976725,LeaderAccept
1785410976771,false,1785410976850,FastAccept
1785410976932,true,1785410977010,FastAccept
1785410977106,false,1785410977184,FastAccept
1785410977296,false,1785410977374,FastAccept
1785410977504,false,1785410977583,FastAccept
1785410977736,true,1785410977815,FastAccept
1785410977996,false,1785410978075,FastAccept
1785410978292,true,1785410978391,LeaderAccept
1785410978635,false,1785410978713,FastAccept
1785410979042,true,1785410979120,FastAccept
1785410979540,false,1785410979618,FastAccept
1785410980179,false,1785410980258,FastAccept
1785410981058,false,1785410981137,FastAccept
1785410982421,false,1785410982500,FastAccept
1785410985115,true,1785410985193,FastAccept
1785410995470,true,1785410995549,FastAccept
1785411019189,true,1785411019319,SlowAccept
1785411019207,true,1785411019380,LeaderAccept
1785411019225,true,1785411019380,LeaderAccept
1785411019244,false,1785411019380,LeaderAccept
1785411019262,true,1785411019502,LeaderAccept
1785411019281,false,1785411019502,LeaderAccept
1785411019300,true,1785411019502,LeaderAccept
1785411019319,true,1785411019502,SlowAccept
1785411019338,true,1785411019502,LeaderAccept
1785411019357,true,1785411019502,LeaderAccept
1785411019377,true,1785411019507,LeaderAccept
1785411019397,true,1785411019563,LeaderAccept
1785411019417,true,1785411019563,LeaderAccept
1785411019437,false,1785411019568,LeaderAccept
1785411019458,false,1785411019624,LeaderAccept
1785411019478,true,1785411019624,LeaderAccept
1785411019499,true,1785411019630,LeaderAccept
1785411019520,true,1785411019685,LeaderAccept
1785411019542,false,1785411019685,LeaderAccept
1785411019563,false,1785411019697,LeaderAccept
1785411019585,false,1785411019783,LeaderAccept
1785411019608,false,1785411019783,LeaderAccept
1785411019630,false,1785411019783,LeaderAccept
1785411019652,false,1785411019783,LeaderAccept
1785411019675,true,1785411019809,LeaderAccept
1785411019697,false,1785411019827,LeaderAccept
1785411019720,false,1785411019851,LeaderAccept
1785411019743,false,1785411019874,LeaderAccept
1785411019767,true,1785411019912,LeaderAccept
1785411019790,true,1785411019935,LeaderAccept
1785411019814,false,1785411019973,LeaderAccept
1785411019838,true,1785411019973,LeaderAccept
1785411019863,true,1785411019996,LeaderAccept
1785411019888,false,1785411020034,LeaderAccept
1785411019914,false,1785411020057,LeaderAccept
1785411019939,false,1785411020095,LeaderAccept
1785411019965,false,1785411020100,LeaderAccept
1785411019992,true,1785411020123,LeaderAccept
1785411020019,true,1785411020156,LeaderAccept
1785411020046,true,1785411020184,LeaderAccept
1785411020073,false,1785411020217,LeaderAccept
1785411020101,false,1785411020245,LeaderAccept
1785411020129,true,1785411020278,LeaderAccept
1785411020157,true,1785411020361,LeaderAccept
1785411020186,false,1785411020361,LeaderAccept
1785411020215,true,1785411020361,LeaderAccept
1785411020245,false,1785411020400,LeaderAccept
1785411020275,false,1785411020405,LeaderAccept
1785411020305,false,1785411020461,LeaderAccept
1785411020337,false,1785411020466,LeaderAccept
1785411020368,true,1785411020521,LeaderAccept
1785411020400,true,1785411020534,LeaderAccept
1785411020432,true,1785411020582,LeaderAccept
1785411020465,false,1785411020595,LeaderAccept
1785411020498,true,1785411020643,LeaderAccept
1785411020532,true,1785411020663,LeaderAccept
1785411020566,true,1785411020704,LeaderAccept
1785411020601,false,1785411020765,LeaderAccept
1785411020638,true,1785411020772,LeaderAccept
1785411020674,false,1785411020826,LeaderAccept
1785411020711,true,1785411020887,LeaderAccept
1785411020749,false,1785411020887,LeaderAccept
1785411020787,true,1785411020949,LeaderAccept
1785411020826,true,1785411021010,LeaderAccept
1785411020866,false,1785411021010,LeaderAccept
1785411020907,true,1785411021118,LeaderAccept
1785411020949,true,1785411021118,SlowAccept
1785411020991,false,1785411021131,LeaderAccept
1785411021034,true,1785411021179,LeaderAccept
1785411021078,true,1785411021239,LeaderAccept
1785411021123,false,1785411021300,LeaderAccept
1785411021169,true,1785411021303,LeaderAccept
1785411021216,true,1785411021361,LeaderAccept
1785411021264,false,1785411021422,LeaderAccept
1785411021313,false,1785411021483,LeaderAccept
1785411021363,true,1785411021544,LeaderAccept
1785411021415,true,1785411021549,LeaderAccept
1785411021468,false,1785411021605,LeaderAccept
1785411021523,true,1785411021665,LeaderAccept
1785411021579,true,1785411021726,LeaderAccept
1785411021636,true,1785411021787,LeaderAccept
1785411021695,false,1785411021848,LeaderAccept
1785411021756,false,1785411021909,LeaderAccept
1785411021818,false,1785411021970,LeaderAccept
1785411021883,true,1785411022031,LeaderAccept
1785411021949,true,1785411022092,LeaderAccept
1785411022018,true,1785411022153,LeaderAccept
1785411022089,false,1785411022248,LeaderAccept
1785411022163,true,1785411022309,LeaderAccept
1785411022239,true,1785411022374,LeaderAccept
1785411022319,false,1785411022398,FastAccept
1785411022402,false,1785411022481,FastAccept
1785411022488,false,1785411022566,FastAccept
1785411022578,true,1785411022658,FastAccept
1785411022672,true,1785411022751,FastAccept
1785411022771,true,1785411022849,FastAccept
1785411022874,false,1785411022952,FastAccept
1785411022982,true,1785411023060,FastAccept
1785411023096,false,1785411023175,FastAccept
1785411023218,false,1785411023297,FastAccept
1785411023347,true,1785411023426,FastAccept
1785411023485,false,1785411023564,FastAccept
1785411023632,false,1785411023711,FastAccept
1785411023790,true,1785411023869,FastAccept
1785411023961,false,1785411024040,FastAccept
1785411024147,false,1785411024226,FastAccept
1785411024353,true,1785411024431,FastAccept
1785411024579,true,1785411024657,FastAccept
1785411024832,true,1785411024911,FastAccept
1785411025120,true,1785411025199,FastAccept
1785411025452,false,1785411025531,FastAccept
1785411025843,false,1785411025922,FastAccept
1785411026320,true,1785411026398,FastAccept
1785411026923,true,1785411027002,FastAccept
1785411027739,false,1785411027818,FastAccept
1785411028967,true,1785411029045,FastAccept
1785411031231,true,1785411031401,LeaderAccept
1785411038252,true,1785411038374,FastAccept
1785411054601,false,1785411054737,LeaderAccept
1785411054623,true,1785411054798,LeaderAccept
1785411054645,true,1785411054798,LeaderAccept
1785411054667,true,1785411054746,FastAccept
1785411054690,true,1785411054859,LeaderAccept
1785411054712,false,1785411054859,LeaderAccept
1785411054735,false,1785411054865,LeaderAccept
1785411054759,true,1785411054920,LeaderAccept
1785411054783,true,1785411054920,LeaderAccept
1785411054807,true,1785411054981,LeaderAccept
1785411054831,true,1785411054981,LeaderAccept
1785411054856,false,1785411054986,LeaderAccept
1785411054881,true,1785411055042,LeaderAccept
1785411054906,true,1785411055042,LeaderAccept
1785411054932,true,1785411055103,LeaderAccept
1785411054958,true,1785411055103,LeaderAccept
1785411054984,true,1785411055223,LeaderAccept
1785411055010,true,1785411055223,LeaderAccept
1785411055037,true,1785411055223,LeaderAccept
1785411055064,true,1785411055225,LeaderAccept
1785411055092,false,1785411055227,LeaderAccept
1785411055119,true,1785411055328,LeaderAccept
1785411055147,true,1785411055328,LeaderAccept
1785411055175,false,1785411055328,SlowAccept
1785411055204,true,1785411055345,LeaderAccept
1785411055233,true,1785411055389,LeaderAccept
1785411055262,true,1785411055392,LeaderAccept
1785411055292,false,1785411055450,LeaderAccept
1785411055322,false,1785411055456,LeaderAccept
1785411055353,true,1785411055511,LeaderAccept
1785411055385,true,1785411055515,LeaderAccept
1785411055416,true,1785411055572,LeaderAccept
1785411055448,true,1785411055582,LeaderAccept
1785411055481,true,1785411055633,LeaderAccept
1785411055515,false,1785411055644,LeaderAccept
1785411055548,false,1785411055693,LeaderAccept
1785411055582,true,1785411055712,LeaderAccept
1785411055617,true,1785411055754,LeaderAccept
1785411055653,false,1785411055815,LeaderAccept
1785411055689,true,1785411055819,LeaderAccept
1785411055726,false,1785411055876,LeaderAccept
1785411055764,true,1785411055937,LeaderAccept
1785411055802,true,1785411055937,LeaderAccept
1785411055841,false,1785411055998,LeaderAccept
1785411055880,false,1785411056059,LeaderAccept
1785411055920,false,1785411055999,FastAccept
1785411055962,false,1785411056120,LeaderAccept
1785411056004,false,1785411056181,LeaderAccept
1785411056047,false,1785411056181,LeaderAccept
1785411056091,false,1785411056242,LeaderAccept
1785411056136,true,1785411056303,LeaderAccept
1785411056182,false,1785411056364,LeaderAccept
1785411056229,true,1785411056364,LeaderAccept
1785411056277,false,1785411056425,LeaderAccept
1785411056326,false,1785411056486,LeaderAccept
1785411056377,true,1785411056547,LeaderAccept
1785411056428,true,1785411056608,LeaderAccept
1785411056481,true,1785411056612,LeaderAccept
1785411056535,true,1785411056669,LeaderAccept
1785411056591,true,1785411056730,LeaderAccept
1785411056649,false,1785411056791,LeaderAccept
1785411056708,true,1785411056852,LeaderAccept
1785411056769,false,1785411056913,LeaderAccept
1785411056831,false,1785411056974,LeaderAccept
1785411056896,false,1785411057035,LeaderAccept
1785411056963,true,1785411057097,LeaderAccept
1785411057032,false,1785411057163,LeaderAccept
1785411057103,false,1785411057181,FastAccept
1785411057176,false,1785411057254,FastAccept
1785411057252,true,1785411057331,FastAccept
1785411057331,true,1785411057409,FastAccept
1785411057413,false,1785411057492,FastAccept
1785411057499,true,1785411057578,FastAccept
1785411057589,true,1785411057668,FastAccept
1785411057683,false,1785411057761,FastAccept
1785411057781,true,1785411057860,FastAccept
1785411057884,true,1785411057963,FastAccept
1785411057992,false,1785411058071,FastAccept
1785411058106,false,1785411058184,FastAccept
1785411058227,false,1785411058305,FastAccept
1785411058356,false,1785411058435,FastAccept
1785411058492,false,1785411058571,FastAccept
1785411058638,false,1785411058786,LeaderAccept
1785411058795,false,1785411058874,FastAccept
1785411058965,false,1785411059044,FastAccept
1785411059150,false,1785411059229,FastAccept
1785411059353,false,1785411059432,FastAccept
1785411059578,true,1785411059656,FastAccept
1785411059828,true,1785411059907,FastAccept
1785411060112,false,1785411060190,FastAccept
1785411060439,true,1785411060517,FastAccept
1785411060824,true,1785411060903,FastAccept
1785411061290,true,1785411061691,LeaderAccept
1785411061879,false,1785411062018,LeaderAccept
1785411062669,true,1785411062848,LeaderAccept
1785411063840,true,1785411063919,FastAccept
1785411065944,true,1785411066023,FastAccept
1785411071965,true,1785411072100,SlowAccept
1785411102273,false,1785411102351,FastAccept
1785411102308,false,1785411102400,LeaderAccept
1785411102344,true,1785411102437,LeaderAccept
1785411102381,false,1785411102473,LeaderAccept
1785411102418,false,1785411102510,LeaderAccept
1785411102456,false,1785411102548,LeaderAccept
1785411102495,true,1785411102587,LeaderAccept
1785411102534,true,1785411102626,LeaderAccept
1785411102574,false,1785411102666,LeaderAccept
1785411102615,true,1785411102707,LeaderAccept
1785411102657,true,1785411102749,LeaderAccept
1785411102700,false,1785411102792,LeaderAccept
1785411102744,true,1785411102836,LeaderAccept
1785411102788,false,1785411102880,LeaderAccept
1785411102834,false,1785411102925,LeaderAccept
1785411102881,true,1785411102973,LeaderAccept
1785411102928,false,1785411103019,LeaderAccept
1785411102976,false,1785411103068,LeaderAccept
1785411103027,true,1785411103118,LeaderAccept
1785411103078,true,1785411103170,LeaderAccept
1785411103131,true,1785411103223,LeaderAccept
1785411103184,false,1785411103276,LeaderAccept
1785411103240,true,1785411103332,LeaderAccept
1785411103297,true,1785411103389,LeaderAccept
1785411103356,true,1785411103448,LeaderAccept
1785411103416,true,1785411103508,LeaderAccept
1785411103478,false,1785411103570,LeaderAccept
1785411103542,false,1785411103610,FastAccept
1785411103608,true,1785411103700,LeaderAccept
1785411103676,false,1785411103744,FastAccept
1785411103746,true,1785411103814,FastAccept
1785411103819,false,1785411103911,LeaderAccept
1785411103895,true,1785411103964,FastAccept
1785411103975,false,1785411104043,FastAccept
1785411104056,false,1785411104149,LeaderAccept
1785411104141,false,1785411104209,FastAccept
1785411104230,false,1785411104298,FastAccept
1785411104323,true,1785411104415,LeaderAccept
1785411104419,true,1785411104487,FastAccept
1785411104520,true,1785411104612,LeaderAccept
1785411104626,true,1785411104695,FastAccept
1785411104739,true,1785411104807,FastAccept
1785411104858,false,1785411104926,FastAccept
1785411104984,false,1785411105052,FastAccept
1785411105118,true,1785411105187,FastAccept
1785411105262,false,1785411105331,FastAccept
1785411105417,true,1785411105485,FastAccept
1785411105583,false,1785411105651,FastAccept
1785411105764,true,1785411105832,FastAccept
1785411105962,true,1785411106031,FastAccept
1785411106180,false,1785411106249,FastAccept
1785411106424,true,1785411106493,FastAccept
1785411106700,false,1785411106769,FastAccept
1785411107016,true,1785411107085,FastAccept
1785411107385,false,1785411107454,FastAccept
1785411107830,true,1785411107898,FastAccept
1785411108384,true,1785411108453,FastAccept
1785411109115,true,1785411109183,FastAccept
1785411110167,false,1785411110235,FastAccept
1785411111947,true,1785411112039,LeaderAccept
1785411116283,false,1785411116353,FastAccept
1785411126957,false,1785411127026,FastAccept
1785411126974,true,1785411127043,FastAccept
1785411126991,true,1785411127060,FastAccept
1785411127008,false,1785411127078,FastAccept
1785411127026,false,1785411127095,FastAccept
1785411127043,true,1785411127112,FastAccept
1785411127060,false,1785411127129,FastAccept
1785411127078,false,1785411127146,FastAccept
1785411127095,false,1785411127163,FastAccept
1785411127113,false,1785411127182,FastAccept
1785411127131,true,1785411127200,FastAccept
1785411127150,false,1785411127218,FastAccept
1785411127168,true,1785411127237,FastAccept
1785411127187,false,1785411127256,FastAccept
1785411127206,true,1785411127275,FastAccept
1785411127225,false,1785411127294,FastAccept
1785411127244,false,1785411127313,FastAccept
1785411127263,true,1785411127332,FastAccept
1785411127282,false,1785411127351,FastAccept
1785411127302,true,1785411127371,FastAccept
1785411127322,true,1785411127391,FastAccept
1785411127342,false,1785411127411,FastAccept
1785411127362,false,1785411127431,FastAccept
1785411127382,true,1785411127451,FastAccept
1785411127403,true,1785411127472,FastAccept
1785411127424,true,1785411127493,FastAccept
1785411127445,false,1785411127513,FastAccept
1785411127466,true,1785411127535,FastAccept
1785411127487,false,1785411127556,FastAccept
1785411127508,false,1785411127577,FastAccept
1785411127530,false,1785411127598,FastAccept
1785411127552,true,1785411127621,FastAccept
1785411127574,false,1785411127642,FastAccept
1785411127596,false,1785411127665,FastAccept
1785411127619,true,1785411127688,FastAccept
1785411127642,true,1785411127711,FastAccept
1785411127665,false,1785411127734,FastAccept
1785411127688,false,1785411127756,FastAccept
1785411127712,false,1785411127781,FastAccept
1785411127736,true,1785411127805,FastAccept
1785411127760,false,1785411127828,FastAccept
1785411127784,true,1785411127853,FastAccept
1785411127809,true,1785411127878,FastAccept
1785411127836,false,1785411127904,FastAccept
1785411127861,true,1785411127930,FastAccept
1785411127887,false,1785411127957,FastAccept
1785411127914,true,1785411127983,FastAccept
1785411127941,false,1785411128010,FastAccept
1785411127968,true,1785411128037,FastAccept
1785411127995,false,1785411128064,FastAccept
1785411128023,true,1785411128092,FastAccept
1785411128050,true,1785411128119,FastAccept
1785411128079,false,1785411128148,FastAccept
1785411128107,false,1785411128176,FastAccept
1785411128136,true,1785411128205,FastAccept
1785411128166,false,1785411128235,FastAccept
1785411128196,false,1785411128264,FastAccept
1785411128226,true,1785411128295,FastAccept
1785411128256,true,1785411128325,FastAccept
1785411128287,true,1785411128356,FastAccept
1785411128318,false,1785411128387,FastAccept
1785411128350,true,1785411128419,FastAccept
1785411128383,false,1785411128451,FastAccept
1785411128416,false,1785411128485,FastAccept
1785411128450,true,1785411128519,FastAccept
1785411128484,true,1785411128553,FastAccept
1785411128518,false,1785411128588,FastAccept
1785411128554,false,1785411128623,FastAccept
1785411128590,false,1785411128658,FastAccept
1785411128626,true,1785411128695,FastAccept
1785411128663,true,1785411128731,FastAccept
1785411128701,false,1785411128770,FastAccept
1785411128740,false,1785411128837,LeaderAccept
1785411128779,false,1785411128877,LeaderAccept
1785411128819,false,1785411128917,LeaderAccept
1785411128860,true,1785411128957,LeaderAccept
1785411128901,false,1785411128999,LeaderAccept
1785411128944,false,1785411129041,LeaderAccept
1785411128987,false,1785411129085,LeaderAccept
1785411129032,true,1785411129130,LeaderAccept
1785411129078,false,1785411129176,LeaderAccept
1785411129125,true,1785411129222,LeaderAccept
1785411129173,true,1785411129271,LeaderAccept
1785411129222,true,1785411129319,LeaderAccept
1785411129272,true,1785411129370,LeaderAccept
1785411129323,true,1785411129420,LeaderAccept
1785411129375,false,1785411129474,LeaderAccept
1785411129429,false,1785411129527,LeaderAccept
1785411129484,true,1785411129582,LeaderAccept
1785411129541,true,1785411129639,LeaderAccept
1785411129599,false,1785411129697,LeaderAccept
1785411129659,true,1785411129757,LeaderAccept
1785411129721,false,1785411129819,LeaderAccept
1785411129785,false,1785411129883,LeaderAccept
1785411129851,false,1785411129949,LeaderAccept
1785411129920,true,1785411129988,FastAccept
1785411129990,false,1785411130059,FastAccept
1785411130063,false,1785411130161,LeaderAccept
1785411130138,false,1785411130234,LeaderAccept
1785411130216,true,1785411130314,LeaderAccept
1785411130297,false,1785411130394,LeaderAccept
1785411130381,false,1785411130479,LeaderAccept
1785411130469,true,1785411130566,LeaderAccept
1785411130560,false,1785411130658,LeaderAccept
1785411130656,true,1785411130754,LeaderAccept
1785411130757,true,1785411130855,LeaderAccept
1785411130863,true,1785411130960,LeaderAccept
1785411130974,false,1785411131071,LeaderAccept
1785411131092,false,1785411131190,LeaderAccept
1785411131217,true,1785411131315,LeaderAccept
1785411131350,true,1785411131448,LeaderAccept
1785411131493,false,1785411131591,LeaderAccept
1785411131645,true,1785411131743,LeaderAccept
1785411131809,true,1785411131907,LeaderAccept
1785411131987,true,1785411132086,LeaderAccept
1785411132183,true,1785411132291,LeaderAccept
1785411132397,false,1785411132506,SlowAccept
1785411132636,true,1785411132745,SlowAccept
1785411132905,true,1785411132973,FastAccept
1785411133212,true,1785411133281,FastAccept
1785411133571,true,1785411133640,FastAccept
1785411133999,true,1785411134068,FastAccept
1785411134530,false,1785411134629,LeaderAccept
1785411135222,false,1785411135291,FastAccept
1785411136201,false,1785411136269,FastAccept
1785411137794,true,1785411137863,FastAccept
1785411141328,true,1785411142212,LeaderAccept
1785411161998,true,1785411162067,FastAccept
1785411172561,true,1785411172780,LeaderAccept
1785411172585,true,1785411172707,SlowAccept
1785411172609,false,1785411172732,LeaderAccept
1785411172633,false,1785411172732,SlowAccept
1785411172658,false,1785411172851,LeaderAccept
1785411172683,true,1785411172785,LeaderAccept
1785411172708,true,1785411172851,LeaderAccept
1785411172734,false,1785411172929,LeaderAccept
1785411172760,true,1785411172877,LeaderAccept
1785411172788,false,1785411172929,LeaderAccept
1785411172814,false,1785411172929,LeaderAccept
1785411172841,true,1785411172963,LeaderAccept
1785411172869,true,1785411173071,LeaderAccept
1785411172896,true,1785411172997,LeaderAccept
1785411172924,false,1785411173100,LeaderAccept
1785411172952,false,1785411173155,LeaderAccept
1785411172981,true,1785411173100,LeaderAccept
1785411173010,true,1785411173155,LeaderAccept
1785411173040,true,1785411173155,LeaderAccept
1785411173070,false,1785411173200,LeaderAccept
1785411173100,false,1785411173285,LeaderAccept
1785411173131,false,1785411173253,LeaderAccept
1785411173162,false,1785411173285,LeaderAccept
1785411173194,true,1785411173315,LeaderAccept
1785411173226,true,1785411173324,LeaderAccept
1785411173259,true,1785411173376,LeaderAccept
1785411173293,false,1785411173400,LeaderAccept
1785411173327,false,1785411173425,LeaderAccept
1785411173363,false,1785411173493,LeaderAccept
1785411173398,false,1785411173493,LeaderAccept
1785411173434,false,1785411173568,SlowAccept
1785411173470,false,1785411173578,LeaderAccept
1785411173507,true,1785411173604,LeaderAccept
1785411173544,true,1785411173720,LeaderAccept
1785411173582,true,1785411173681,SlowAccept
1785411173621,true,1785411173720,LeaderAccept
1785411173661,false,1785411173790,LeaderAccept
1785411173701,false,1785411173803,LeaderAccept
1785411173742,false,1785411173832,LeaderAccept
1785411173785,true,1785411173882,LeaderAccept
1785411173828,true,1785411173918,LeaderAccept
1785411173872,true,1785411174054,LeaderAccept
1785411173917,true,1785411174016,SlowAccept
1785411173963,true,1785411174061,LeaderAccept
1785411174010,true,1785411174165,LeaderAccept
1785411174058,false,1785411174165,LeaderAccept
1785411174108,false,1785411174197,LeaderAccept
1785411174158,true,1785411174256,LeaderAccept
1785411174211,false,1785411174309,LeaderAccept
1785411174264,true,1785411174385,LeaderAccept
1785411174318,true,1785411174415,LeaderAccept
1785411174374,false,1785411174473,LeaderAccept
1785411174433,true,1785411174575,LeaderAccept
1785411174492,false,1785411174612,LeaderAccept
1785411174553,true,1785411174650,LeaderAccept
1785411174615,false,1785411174713,LeaderAccept
1785411174679,true,1785411174777,LeaderAccept
1785411174745,true,1785411174874,LeaderAccept
1785411174814,false,1785411174912,LeaderAccept
1785411174885,true,1785411174983,LeaderAccept
1785411174958,false,1785411175027,FastAccept
1785411175035,false,1785411175104,FastAccept
1785411175114,false,1785411175212,LeaderAccept
1785411175197,false,1785411175296,LeaderAccept
1785411175283,false,1785411175382,SlowAccept
1785411175373,true,1785411175442,FastAccept
1785411175467,true,1785411175576,SlowAccept
1785411175565,true,1785411175664,LeaderAccept
1785411175668,false,1785411175737,FastAccept
1785411175776,true,1785411175845,FastAccept
1785411175891,true,1785411175983,LeaderAccept
1785411176012,true,1785411176107,LeaderAccept
1785411176141,false,1785411176240,LeaderAccept
1785411176279,false,1785411176349,FastAccept
1785411176426,true,1785411176495,FastAccept
1785411176584,true,1785411176654,FastAccept
1785411176755,true,1785411176853,LeaderAccept
1785411176941,false,1785411177011,FastAccept
1785411177145,false,1785411177214,FastAccept
1785411177371,true,1785411177441,FastAccept
1785411177624,true,1785411177693,FastAccept
1785411177911,true,1785411178020,SlowAccept
1785411178242,false,1785411178311,FastAccept
1785411178633,true,1785411178702,FastAccept
1785411179107,false,1785411179176,FastAccept
1785411179707,false,1785411179777,FastAccept
1785411180518,false,1785411180587,FastAccept
1785411181733,true,1785411181802,FastAccept
