request_time,write,response_time,accept_status
1785428207243,true,1785428207265,LeaderAccept
1785428207455,false,1785428207476,LeaderAccept
1785428207693,false,1785428207715,LeaderAccept
1785428207959,false,1785428207981,LeaderAccept
1785428208265,true,,
1785428208619,true,,
1785428209042,true,,
1785428209565,false,1785428209592,LeaderAccept
1785428210243,false,1785428210265,LeaderAccept
1785428211195,false,1785428211216,LeaderAccept
1785428212725,true,1785428212747,LeaderAccept
1785428216014,false,1785428216036,LeaderAccept
1785428221757,true,1785428221779,LeaderAccept
1785428221773,true,1785428221795,LeaderAccept
1785428221788,true,1785428221810,LeaderAccept
1785428221804,true,1785428221826,LeaderAccept
1785428221820,false,1785428221842,LeaderAccept
1785428221835,false,1785428221857,LeaderAccept
1785428221852,true,1785428221874,LeaderAccept
1785428221869,false,1785428221890,LeaderAccept
1785428221885,false,1785428221907,LeaderAccept
1785428221901,false,1785428221923,LeaderAccept
1785428221918,false,1785428221940,LeaderAccept
1785428221935,false,1785428221957,LeaderAccept
1785428221952,false,1785428221973,LeaderAccept
1785428221969,false,1785428221991,LeaderAccept
1785428221987,true,1785428222008,LeaderAccept
1785428222004,false,1785428222026,LeaderAccept
1785428222021,true,1785428222043,LeaderAccept
1785428222039,false,1785428222060,LeaderAccept
1785428222057,true,1785428222078,LeaderAccept
1785428222075,true,1785428222096,LeaderAccept
1785428222093,false,1785428222114,LeaderAccept
1785428222110,false,1785428222132,LeaderAccept
1785428222129,true,1785428222150,LeaderAccept
1785428222146,false,1785428222168,LeaderAccept
1785428222164,true,1785428222186,LeaderAccept
1785428222183,false,1785428222205,LeaderAccept
1785428222201,false,1785428222223,LeaderAccept
1785428222220,true,1785428222246,LeaderAccept
1785428222240,true,1785428222262,LeaderAccept
1785428222260,true,1785428222281,LeaderAccept
1785428222279,true,1785428222301,LeaderAccept
1785428222298,false,1785428222320,LeaderAccept
1785428222319,true,1785428222341,LeaderAccept
1785428222340,false,1785428222362,LeaderAccept
1785428222361,false,1785428222382,LeaderAccept
1785428222382,false,1785428222403,LeaderAccept
1785428222402,true,1785428222424,LeaderAccept
1785428222423,false,1785428222445,LeaderAccept
1785428222445,false,1785428222466,LeaderAccept
1785428222467,false,1785428222489,LeaderAccept
1785428222489,true,1785428222510,LeaderAccept
1785428222510,false,1785428222532,LeaderAccept
1785428222532,true,1785428222554,LeaderAccept
1785428222555,true,1785428222576,LeaderAccept
1785428222578,true,1785428222599,LeaderAccept
1785428222600,true,1785428222622,LeaderAccept
1785428222624,false,1785428222646,LeaderAccept
1785428222648,true,1785428222670,LeaderAccept
1785428222672,true,1785428222693,LeaderAccept
1785428222695,false,1785428222717,LeaderAccept
1785428222719,false,1785428222741,LeaderAccept
1785428222743,false,1785428222765,LeaderAccept
1785428222767,false,1785428222789,LeaderAccept
1785428222792,true,1785428222814,LeaderAccept
1785428222818,true,1785428222840,LeaderAccept
1785428222844,false,1785428222866,LeaderAccept
1785428222869,false,1785428222891,LeaderAccept
1785428222895,true,1785428222917,LeaderAccept
1785428222922,false,1785428222944,LeaderAccept
1785428222949,false,1785428222971,LeaderAccept
1785428222976,true,1785428222998,LeaderAccept
1785428223004,false,1785428223026,LeaderAccept
1785428223032,true,1785428223053,LeaderAccept
1785428223060,true,1785428223081,LeaderAccept
1785428223088,false,1785428223110,LeaderAccept
1785428223118,true,1785428223139,LeaderAccept
1785428223146,true,1785428223168,LeaderAccept
1785428223176,true,1785428223198,LeaderAccept
1785428223206,false,1785428223228,LeaderAccept
1785428223237,false,1785428223258,LeaderAccept
1785428223268,true,1785428223290,LeaderAccept
1785428223300,false,1785428223322,LeaderAccept
1785428223332,false,1785428223354,LeaderAccept
1785428223364,false,1785428223386,LeaderAccept
1785428223397,false,1785428223419,LeaderAccept
1785428223430,false,1785428223452,LeaderAccept
1785428223465,false,1785428223487,LeaderAccept
1785428223500,true,1785428223521,LeaderAccept
1785428223536,true,1785428223557,LeaderAccept
1785428223572,true,1785428223594,LeaderAccept
1785428223609,false,1785428223631,LeaderAccept
1785428223647,true,1785428223669,LeaderAccept
1785428223685,true,1785428223707,LeaderAccept
1785428223724,true,1785428223746,LeaderAccept
1785428223764,false,1785428223786,LeaderAccept
1785428223805,false,1785428223827,LeaderAccept
1785428223845,false,1785428223867,LeaderAccept
1785428223887,false,1785428223909,LeaderAccept
1785428223929,true,1785428223951,LeaderAccept
1785428223972,false,1785428223994,LeaderAccept
1785428224017,true,1785428224039,LeaderAccept
1785428224063,true,1785428224085,LeaderAccept
1785428224110,true,1785428224132,LeaderAccept
1785428224157,true,1785428224179,LeaderAccept
1785428224206,true,1785428224228,LeaderAccept
1785428224256,true,1785428224278,LeaderAccept
1785428224306,false,1785428224328,LeaderAccept
1785428224359,false,1785428224381,LeaderAccept
1785428224413,false,1785428224435,LeaderAccept
1785428224469,true,,
1785428224526,false,1785428224553,LeaderAccept
1785428224585,false,1785428224606,LeaderAccept
1785428224645,true,1785428224666,LeaderAccept
1785428224707,true,,
1785428224770,true,1785428224797,LeaderAccept
1785428224836,false,1785428224857,LeaderAccept
1785428224904,false,1785428224925,LeaderAccept
1785428224974,false,1785428225000,LeaderAccept
1785428225046,false,1785428225068,LeaderAccept
1785428225121,false,1785428225143,LeaderAccept
1785428225200,false,,
1785428225281,false,1785428225308,LeaderAccept
1785428225366,false,1785428225388,LeaderAccept
1785428225453,true,1785428225475,LeaderAccept
1785428225544,false,,
1785428225641,true,1785428225663,LeaderAccept
1785428225742,true,1785428225764,LeaderAccept
1785428225847,true,1785428225869,LeaderAccept
1785428225958,true,1785428225985,LeaderAccept
1785428226076,false,1785428226099,LeaderAccept
1785428226202,true,1785428226224,LeaderAccept
1785428226335,true,1785428226356,LeaderAccept
1785428226477,false,1785428226499,LeaderAccept
1785428226630,true,1785428226651,LeaderAccept
1785428226795,false,1785428226816,LeaderAccept
1785428226974,true,1785428227000,LeaderAccept
1785428227169,false,1785428227190,LeaderAccept
1785428227384,true,1785428227406,LeaderAccept
1785428227624,false,1785428227646,LeaderAccept
1785428227893,true,1785428227915,LeaderAccept
1785428228202,true,1785428228224,LeaderAccept
1785428228561,true,1785428228583,LeaderAccept
1785428228992,true,1785428229013,LeaderAccept
1785428229524,true,1785428229546,LeaderAccept
1785428230221,false,1785428230243,LeaderAccept
1785428231206,true,1785428231228,LeaderAccept
1785428232817,true,1785428232838,LeaderAccept
1785428236418,false,1785428236445,LeaderAccept
1785428240413,true,1785428240436,LeaderAccept
1785428240447,false,1785428240468,LeaderAccept
1785428240480,true,1785428240501,LeaderAccept
1785428240514,true,1785428240535,LeaderAccept
1785428240547,false,1785428240569,LeaderAccept
1785428240582,false,1785428240605,LeaderAccept
1785428240618,true,1785428240640,LeaderAccept
1785428240654,false,1785428240676,LeaderAccept
1785428240690,false,1785428240712,LeaderAccept
1785428240728,true,1785428240749,LeaderAccept
1785428240766,true,1785428240787,LeaderAccept
1785428240804,false,1785428240827,LeaderAccept
1785428240844,true,1785428240865,LeaderAccept
1785428240885,false,1785428240906,LeaderAccept
1785428240926,true,1785428240948,LeaderAccept
1785428240967,false,1785428240989,LeaderAccept
1785428241010,true,1785428241032,LeaderAccept
1785428241054,false,1785428241075,LeaderAccept
1785428241099,true,1785428241120,LeaderAccept
1785428241145,false,1785428241166,LeaderAccept
1785428241192,true,1785428241214,LeaderAccept
1785428241239,false,1785428241261,LeaderAccept
1785428241288,false,1785428241310,LeaderAccept
1785428241338,false,1785428241360,LeaderAccept
1785428241389,true,1785428241411,LeaderAccept
1785428241441,false,1785428241463,LeaderAccept
1785428241495,false,1785428241517,LeaderAccept
1785428241550,true,1785428241572,LeaderAccept
1785428241607,false,1785428241629,LeaderAccept
1785428241666,false,1785428241688,LeaderAccept
1785428241727,true,1785428241749,LeaderAccept
1785428241790,false,1785428241812,LeaderAccept
1785428241855,true,1785428241877,LeaderAccept
1785428241920,true,1785428241942,LeaderAccept
1785428241989,false,1785428242010,LeaderAccept
1785428242060,false,1785428242081,LeaderAccept
1785428242133,true,1785428242155,LeaderAccept
1785428242208,false,1785428242230,LeaderAccept
1785428242286,false,1785428242308,LeaderAccept
1785428242369,false,1785428242390,LeaderAccept
1785428242454,true,1785428242476,LeaderAccept
1785428242542,false,1785428242564,LeaderAccept
1785428242635,false,1785428242656,LeaderAccept
1785428242732,false,1785428242753,LeaderAccept
1785428242833,false,1785428242864,LeaderAccept
1785428242941,true,1785428242963,LeaderAccept
1785428243055,true,1785428243077,LeaderAccept
1785428243174,false,1785428243196,LeaderAccept
1785428243301,false,1785428243323,LeaderAccept
1785428243436,false,1785428243458,LeaderAccept
1785428243580,true,1785428243602,LeaderAccept
1785428243736,true,1785428243767,LeaderAccept
1785428243904,true,1785428243926,LeaderAccept
1785428244085,false,1785428244107,LeaderAccept
1785428244285,true,1785428244306,LeaderAccept
1785428244505,false,1785428244527,LeaderAccept
1785428244751,true,1785428244773,LeaderAccept
1785428245029,true,1785428245051,LeaderAccept
1785428245347,true,1785428245369,LeaderAccept
1785428245721,true,1785428245747,LeaderAccept
1785428246171,true,1785428246193,LeaderAccept
1785428246735,true,1785428246757,LeaderAccept
1785428247482,true,1785428247504,LeaderAccept
1785428248565,true,1785428248587,LeaderAccept
1785428250426,false,1785428250448,LeaderAccept
1785428255147,false,1785428255168,LeaderAccept
1785428274929,true,1785428274956,LeaderAccept
1785428274950,true,1785428274972,LeaderAccept
1785428274972,true,1785428274993,LeaderAccept
1785428274993,false,1785428275014,LeaderAccept
1785428275014,false,1785428275035,LeaderAccept
1785428275036,false,1785428275058,LeaderAccept
1785428275059,true,1785428275080,LeaderAccept
1785428275082,true,1785428275103,LeaderAccept
1785428275105,false,1785428275126,LeaderAccept
1785428275128,false,1785428275149,LeaderAccept
1785428275151,true,1785428275173,LeaderAccept
1785428275175,true,1785428275196,LeaderAccept
1785428275198,false,1785428275220,LeaderAccept
1785428275223,true,1785428275245,LeaderAccept
1785428275248,false,1785428275270,LeaderAccept
1785428275273,true,1785428275294,LeaderAccept
1785428275298,true,1785428275319,LeaderAccept
1785428275323,false,1785428275344,LeaderAccept
1785428275348,false,1785428275370,LeaderAccept
1785428275375,false,1785428275396,LeaderAccept
1785428275402,true,1785428275423,LeaderAccept
1785428275429,true,1785428275450,LeaderAccept
1785428275456,false,1785428275477,LeaderAccept
1785428275482,false,1785428275504,LeaderAccept
1785428275510,false,1785428275532,LeaderAccept
1785428275537,true,1785428275559,LeaderAccept
1785428275565,false,1785428275587,LeaderAccept
1785428275594,true,1785428275616,LeaderAccept
1785428275624,true,1785428275645,LeaderAccept
1785428275653,true,1785428275675,LeaderAccept
1785428275683,true,1785428275705,LeaderAccept
1785428275713,false,1785428275735,LeaderAccept
1785428275744,true,1785428275765,LeaderAccept
1785428275776,false,1785428275797,LeaderAccept
1785428275807,false,1785428275829,LeaderAccept
1785428275840,false,1785428275862,LeaderAccept
1785428275873,true,1785428275894,LeaderAccept
1785428275905,true,1785428275927,LeaderAccept
1785428275940,false,1785428275962,LeaderAccept
1785428275975,true,1785428275996,LeaderAccept
1785428276011,false,1785428276032,LeaderAccept
1785428276047,false,1785428276068,LeaderAccept
1785428276083,true,1785428276104,LeaderAccept
1785428276120,true,1785428276141,LeaderAccept
1785428276158,true,1785428276179,LeaderAccept
1785428276195,true,1785428276217,LeaderAccept
1785428276235,true,1785428276256,LeaderAccept
1785428276275,false,1785428276296,LeaderAccept
1785428276315,true,1785428276336,LeaderAccept
1785428276356,true,1785428276377,LeaderAccept
1785428276398,false,1785428276419,LeaderAccept
1785428276441,false,1785428276463,LeaderAccept
1785428276485,true,1785428276506,LeaderAccept
1785428276530,false,1785428276551,LeaderAccept
1785428276576,true,1785428276598,LeaderAccept
1785428276623,true,1785428276644,LeaderAccept
1785428276670,true,1785428276692,LeaderAccept
1785428276719,true,1785428276741,LeaderAccept
1785428276769,false,1785428276791,LeaderAccept
1785428276821,true,1785428276843,LeaderAccept
1785428276874,true,1785428276896,LeaderAccept
1785428276929,false,1785428276950,LeaderAccept
1785428276985,false,1785428277007,LeaderAccept
1785428277042,true,1785428277064,LeaderAccept
1785428277101,false,1785428277123,LeaderAccept
1785428277162,true,1785428277184,LeaderAccept
1785428277224,true,1785428277246,LeaderAccept
1785428277288,false,1785428277315,LeaderAccept
1785428277354,false,1785428277376,LeaderAccept
1785428277422,false,1785428277444,LeaderAccept
1785428277493,true,1785428277520,LeaderAccept
1785428277566,true,1785428277588,LeaderAccept
1785428277643,false,1785428277665,LeaderAccept
1785428277722,true,1785428277748,LeaderAccept
1785428277804,true,1785428277825,LeaderAccept
1785428277890,false,1785428277911,LeaderAccept
1785428277979,false,1785428278005,LeaderAccept
1785428278071,true,1785428278092,LeaderAccept
1785428278169,false,1785428278191,LeaderAccept
1785428278272,false,1785428278298,LeaderAccept
1785428278380,false,1785428278402,LeaderAccept
1785428278494,false,1785428278516,LeaderAccept
1785428278615,true,1785428278637,LeaderAccept
1785428278743,false,1785428278765,LeaderAccept
1785428278878,true,1785428278900,LeaderAccept
1785428279024,true,1785428279050,LeaderAccept
1785428279179,true,1785428279201,LeaderAccept
1785428279349,true,1785428279370,LeaderAccept
1785428279533,true,1785428279560,LeaderAccept
1785428279735,true,1785428279757,LeaderAccept
1785428279958,false,1785428279980,LeaderAccept
1785428280206,false,1785428280228,LeaderAccept
1785428280488,false,1785428280510,LeaderAccept
1785428280813,false,1785428280835,LeaderAccept
1785428281194,true,1785428281215,LeaderAccept
1785428281654,false,1785428281675,LeaderAccept
1785428282232,false,1785428282254,LeaderAccept
1785428283005,true,1785428283027,LeaderAccept
1785428284143,false,1785428284164,LeaderAccept
1785428286149,false,,
1785428291622,true,1785428291648,LeaderAccept
1785428314497,false,1785428314519,LeaderAccept
1785428314513,false,1785428314535,LeaderAccept
1785428314529,false,1785428314550,LeaderAccept
1785428314545,false,1785428314566,LeaderAccept
1785428314561,true,1785428314583,LeaderAccept
1785428314577,false,1785428314598,LeaderAccept
1785428314593,true,1785428314614,LeaderAccept
1785428314609,false,1785428314631,LeaderAccept
1785428314626,true,1785428314647,LeaderAccept
1785428314642,true,1785428314664,LeaderAccept
1785428314658,false,1785428314680,LeaderAccept
1785428314676,true,1785428314697,LeaderAccept
1785428314692,false,1785428314714,LeaderAccept
1785428314710,false,1785428314731,LeaderAccept
1785428314727,true,1785428314749,LeaderAccept
1785428314745,false,1785428314766,LeaderAccept
1785428314763,true,1785428314784,LeaderAccept
1785428314781,false,1785428314803,LeaderAccept
1785428314799,false,1785428314820,LeaderAccept
1785428314817,false,1785428314838,LeaderAccept
1785428314835,true,1785428314857,LeaderAccept
1785428314852,false,1785428314874,LeaderAccept
1785428314871,false,1785428314893,LeaderAccept
1785428314890,false,1785428314912,LeaderAccept
1785428314909,false,1785428314931,LeaderAccept
1785428314928,false,1785428314949,LeaderAccept
1785428314947,true,1785428314969,LeaderAccept
1785428314966,false,1785428314987,LeaderAccept
1785428314986,true,1785428315007,LeaderAccept
1785428315005,true,1785428315027,LeaderAccept
1785428315026,true,1785428315047,LeaderAccept
1785428315046,true,1785428315067,LeaderAccept
1785428315067,false,1785428315088,LeaderAccept
1785428315088,false,1785428315110,LeaderAccept
1785428315109,false,1785428315130,LeaderAccept
1785428315130,true,1785428315152,LeaderAccept
1785428315151,true,1785428315172,LeaderAccept
1785428315172,false,1785428315193,LeaderAccept
1785428315193,true,1785428315215,LeaderAccept
1785428315215,true,1785428315236,LeaderAccept
1785428315236,true,1785428315258,LeaderAccept
1785428315258,false,1785428315279,LeaderAccept
1785428315280,false,1785428315302,LeaderAccept
1785428315303,true,1785428315325,LeaderAccept
1785428315326,false,1785428315347,LeaderAccept
1785428315349,false,1785428315371,LeaderAccept
1785428315373,true,1785428315394,LeaderAccept
1785428315397,false,1785428315418,LeaderAccept
1785428315420,true,1785428315442,LeaderAccept
1785428315445,true,1785428315467,LeaderAccept
1785428315470,true,1785428315492,LeaderAccept
1785428315495,true,1785428315517,LeaderAccept
1785428315521,false,1785428315543,LeaderAccept
1785428315547,false,1785428315569,LeaderAccept
1785428315573,false,1785428315594,LeaderAccept
1785428315600,true,1785428315621,LeaderAccept
1785428315626,false,1785428315647,LeaderAccept
1785428315653,true,1785428315675,LeaderAccept
1785428315680,false,1785428315702,LeaderAccept
1785428315707,false,1785428315729,LeaderAccept
1785428315735,false,1785428315757,LeaderAccept
1785428315763,false,1785428315785,LeaderAccept
1785428315791,true,1785428315813,LeaderAccept
1785428315821,true,1785428315843,LeaderAccept
1785428315851,false,1785428315872,LeaderAccept
1785428315881,false,1785428315903,LeaderAccept
1785428315911,false,1785428315932,LeaderAccept
1785428315941,true,1785428315963,LeaderAccept
1785428315973,true,1785428315995,LeaderAccept
1785428316005,true,1785428316027,LeaderAccept
1785428316037,false,1785428316058,LeaderAccept
1785428316070,false,1785428316091,LeaderAccept
1785428316102,true,1785428316124,LeaderAccept
1785428316136,false,1785428316158,LeaderAccept
1785428316170,true,1785428316192,LeaderAccept
1785428316205,false,1785428316227,LeaderAccept
1785428316241,true,1785428316263,LeaderAccept
1785428316278,true,1785428316300,LeaderAccept
1785428316315,true,1785428316336,LeaderAccept
1785428316352,true,1785428316373,LeaderAccept
1785428316390,true,1785428316411,LeaderAccept
1785428316428,true,1785428316449,LeaderAccept
1785428316467,false,1785428316488,LeaderAccept
1785428316507,false,1785428316528,LeaderAccept
1785428316548,true,1785428316570,LeaderAccept
1785428316590,false,1785428316612,LeaderAccept
1785428316633,true,1785428316654,LeaderAccept
1785428316677,false,1785428316698,LeaderAccept
1785428316720,true,1785428316742,LeaderAccept
1785428316766,true,1785428316788,LeaderAccept
1785428316812,false,1785428316834,LeaderAccept
1785428316860,false,1785428316882,LeaderAccept
1785428316908,true,1785428316930,LeaderAccept
1785428316958,true,1785428316980,LeaderAccept
1785428317009,true,1785428317031,LeaderAccept
1785428317062,true,1785428317084,LeaderAccept
1785428317116,false,1785428317137,LeaderAccept
1785428317171,true,1785428317193,LeaderAccept
1785428317227,false,1785428317249,LeaderAccept
1785428317285,false,1785428317307,LeaderAccept
1785428317344,true,1785428317366,LeaderAccept
1785428317406,true,1785428317427,LeaderAccept
1785428317469,true,1785428317490,LeaderAccept
1785428317534,false,1785428317555,LeaderAccept
1785428317600,true,1785428317622,LeaderAccept
1785428317669,true,1785428317692,LeaderAccept
1785428317742,false,1785428317764,LeaderAccept
1785428317816,false,1785428317838,LeaderAccept
1785428317894,false,1785428317916,LeaderAccept
1785428317975,false,1785428317997,LeaderAccept
1785428318059,false,1785428318081,LeaderAccept
1785428318147,true,1785428318169,LeaderAccept
1785428318237,true,1785428318259,LeaderAccept
1785428318333,true,1785428318354,LeaderAccept
1785428318433,false,1785428318454,LeaderAccept
1785428318538,true,1785428318560,LeaderAccept
1785428318649,false,1785428318671,LeaderAccept
1785428318765,true,1785428318787,LeaderAccept
1785428318889,false,1785428318911,LeaderAccept
1785428319020,true,1785428319042,LeaderAccept
1785428319161,true,1785428319183,LeaderAccept
1785428319311,false,1785428319333,LeaderAccept
1785428319474,false,1785428319496,LeaderAccept
1785428319649,false,1785428319671,LeaderAccept
1785428319841,true,1785428319862,LeaderAccept
1785428320052,true,1785428320073,LeaderAccept
1785428320286,false,1785428320307,LeaderAccept
1785428320549,false,1785428320571,LeaderAccept
1785428320849,true,1785428320870,LeaderAccept
1785428321197,false,1785428321224,LeaderAccept
1785428321610,true,1785428321632,LeaderAccept
1785428322119,false,1785428322140,LeaderAccept
1785428322774,true,1785428322795,LeaderAccept
1785428323683,false,1785428323705,LeaderAccept
1785428325114,true,1785428325135,LeaderAccept
1785428328039,true,1785428328061,LeaderAccept
1785428340664,true,1785428340686,LeaderAccept
1785428364138,false,1785428364160,LeaderAccept
1785428364154,true,1785428364176,LeaderAccept
1785428364169,false,1785428364190,LeaderAccept
1785428364185,false,1785428364206,LeaderAccept
1785428364201,false,1785428364222,LeaderAccept
1785428364217,false,1785428364238,LeaderAccept
1785428364232,true,1785428364254,LeaderAccept
1785428364249,false,1785428364270,LeaderAccept
1785428364265,true,1785428364286,LeaderAccept
1785428364281,true,1785428364303,LeaderAccept
1785428364298,false,1785428364319,LeaderAccept
1785428364313,false,1785428364335,LeaderAccept
1785428364329,false,1785428364351,LeaderAccept
1785428364347,false,1785428364368,LeaderAccept
1785428364363,false,1785428364385,LeaderAccept
1785428364381,false,1785428364402,LeaderAccept
1785428364398,true,1785428364419,LeaderAccept
1785428364415,false,1785428364437,LeaderAccept
1785428364433,false,1785428364454,LeaderAccept
1785428364451,false,1785428364472,LeaderAccept
1785428364469,false,1785428364490,LeaderAccept
1785428364487,false,1785428364508,LeaderAccept
1785428364505,false,1785428364526,LeaderAccept
1785428364524,false,1785428364546,LeaderAccept
1785428364543,true,1785428364564,LeaderAccept
1785428364561,false,1785428364582,LeaderAccept
1785428364579,true,1785428364601,LeaderAccept
1785428364597,true,1785428364619,LeaderAccept
1785428364617,true,1785428364638,LeaderAccept
1785428364635,true,1785428364657,LeaderAccept
1785428364654,false,1785428364676,LeaderAccept
1785428364674,true,1785428364695,LeaderAccept
1785428364694,false,1785428364716,LeaderAccept
1785428364714,false,1785428364736,LeaderAccept
1785428364735,true,1785428364756,LeaderAccept
1785428364755,false,1785428364776,LeaderAccept
1785428364775,false,1785428364796,LeaderAccept
1785428364795,true,1785428364817,LeaderAccept
1785428364817,true,1785428364838,LeaderAccept
1785428364838,true,1785428364859,LeaderAccept
1785428364859,true,1785428364880,LeaderAccept
1785428364880,false,1785428364902,LeaderAccept
1785428364902,true,1785428364923,LeaderAccept
1785428364924,true,1785428364945,LeaderAccept
1785428364945,false,1785428364966,LeaderAccept
1785428364968,true,1785428364989,LeaderAccept
1785428364990,false,1785428365012,LeaderAccept
1785428365013,true,1785428365034,LeaderAccept
1785428365035,true,1785428365057,LeaderAccept
1785428365059,false,1785428365080,LeaderAccept
1785428365082,true,1785428365104,LeaderAccept
1785428365106,false,1785428365128,LeaderAccept
1785428365131,false,1785428365153,LeaderAccept
1785428365156,false,1785428365178,LeaderAccept
1785428365181,false,1785428365202,LeaderAccept
1785428365206,false,1785428365227,LeaderAccept
1785428365230,false,1785428365252,LeaderAccept
1785428365255,true,1785428365277,LeaderAccept
1785428365280,true,1785428365302,LeaderAccept
1785428365307,true,1785428365328,LeaderAccept
1785428365334,false,1785428365355,LeaderAccept
1785428365360,false,1785428365382,LeaderAccept
1785428365388,true,1785428365409,LeaderAccept
1785428365415,false,1785428365437,LeaderAccept
1785428365443,true,1785428365465,LeaderAccept
1785428365472,false,1785428365493,LeaderAccept
1785428365500,true,1785428365522,LeaderAccept
1785428365530,false,1785428365552,LeaderAccept
1785428365560,true,1785428365581,LeaderAccept
1785428365590,true,1785428365612,LeaderAccept
1785428365620,false,1785428365641,LeaderAccept
1785428365651,true,1785428365672,LeaderAccept
1785428365682,false,1785428365703,LeaderAccept
1785428365714,false,1785428365736,LeaderAccept
1785428365746,true,1785428365768,LeaderAccept
1785428365779,false,1785428365800,LeaderAccept
1785428365813,true,1785428365834,LeaderAccept
1785428365846,true,1785428365868,LeaderAccept
1785428365880,false,1785428365902,LeaderAccept
1785428365916,false,1785428365937,LeaderAccept
1785428365950,false,1785428365972,LeaderAccept
1785428365987,true,1785428366009,LeaderAccept
1785428366023,true,1785428366045,LeaderAccept
1785428366061,false,1785428366083,LeaderAccept
1785428366100,false,1785428366122,LeaderAccept
1785428366139,false,1785428366161,LeaderAccept
1785428366179,true,1785428366201,LeaderAccept
1785428366220,false,1785428366242,LeaderAccept
1785428366262,true,1785428366283,LeaderAccept
1785428366304,false,1785428366325,LeaderAccept
1785428366347,true,1785428366368,LeaderAccept
1785428366391,false,1785428366415,LeaderAccept
1785428366436,true,1785428366458,LeaderAccept
1785428366482,true,1785428366504,LeaderAccept
1785428366529,false,1785428366551,LeaderAccept
1785428366577,true,1785428366599,LeaderAccept
1785428366626,false,1785428366648,LeaderAccept
1785428366676,true,1785428366698,LeaderAccept
1785428366728,true,1785428366750,LeaderAccept
1785428366781,true,1785428366803,LeaderAccept
1785428366835,false,1785428366856,LeaderAccept
1785428366891,false,1785428366913,LeaderAccept
1785428366948,true,1785428366970,LeaderAccept
1785428367007,true,1785428367029,LeaderAccept
1785428367067,true,1785428367089,LeaderAccept
1785428367130,false,1785428367152,LeaderAccept
1785428367194,true,1785428367216,LeaderAccept
1785428367261,true,1785428367282,LeaderAccept
1785428367329,true,1785428367351,LeaderAccept
1785428367400,false,1785428367422,LeaderAccept
1785428367474,true,1785428367496,LeaderAccept
1785428367550,true,1785428367572,LeaderAccept
1785428367630,false,1785428367652,LeaderAccept
1785428367712,false,1785428367734,LeaderAccept
1785428367797,false,1785428367818,LeaderAccept
1785428367887,true,1785428367909,LeaderAccept
1785428367980,true,1785428368002,LeaderAccept
1785428368079,true,1785428368100,LeaderAccept
1785428368181,false,1785428368202,LeaderAccept
1785428368289,true,1785428368311,LeaderAccept
1785428368402,true,1785428368424,LeaderAccept
1785428368523,false,1785428368545,LeaderAccept
1785428368651,true,1785428368673,LeaderAccept
1785428368787,true,1785428368809,LeaderAccept
1785428368932,true,1785428368954,LeaderAccept
1785428369088,true,1785428369110,LeaderAccept
1785428369258,true,1785428369280,LeaderAccept
1785428369442,false,1785428369464,LeaderAccept
1785428369644,false,1785428369665,LeaderAccept
1785428369867,true,1785428369888,LeaderAccept
1785428370116,false,1785428370137,LeaderAccept
1785428370398,true,1785428370425,LeaderAccept
1785428370723,true,,
1785428371103,false,1785428371125,LeaderAccept
1785428371564,false,1785428371586,LeaderAccept
1785428372145,true,1785428372166,LeaderAccept
1785428372921,false,1785428372942,LeaderAccept
1785428374063,true,1785428374084,LeaderAccept
1785428376084,true,1785428376110,LeaderAccept
1785428381632,true,,
1785428395891,false,1785428395913,LeaderAccept
1785428395914,false,1785428395936,LeaderAccept
1785428395939,false,1785428395960,LeaderAccept
1785428395963,true,1785428395985,LeaderAccept
1785428395988,false,1785428396010,LeaderAccept
1785428396013,true,1785428396034,LeaderAccept
1785428396039,true,1785428396060,LeaderAccept
1785428396064,false,1785428396086,LeaderAccept
1785428396091,true,1785428396113,LeaderAccept
1785428396118,false,1785428396139,LeaderAccept
1785428396145,false,1785428396166,LeaderAccept
1785428396171,true,1785428396193,LeaderAccept
1785428396199,false,1785428396221,LeaderAccept
1785428396227,false,1785428396249,LeaderAccept
1785428396255,true,1785428396277,LeaderAccept
1785428396284,true,1785428396305,LeaderAccept
1785428396313,false,1785428396334,LeaderAccept
1785428396342,false,1785428396364,LeaderAccept
1785428396372,false,1785428396393,LeaderAccept
1785428396402,true,1785428396423,LeaderAccept
1785428396431,true,1785428396453,LeaderAccept
1785428396463,false,1785428396485,LeaderAccept
1785428396494,true,1785428396515,LeaderAccept
1785428396527,false,1785428396548,LeaderAccept
1785428396558,true,1785428396580,LeaderAccept
1785428396592,false,1785428396614,LeaderAccept
1785428396626,false,1785428396652,LeaderAccept
1785428396660,true,1785428396681,LeaderAccept
1785428396694,true,1785428396715,LeaderAccept
1785428396728,false,1785428396751,LeaderAccept
1785428396764,true,1785428396786,LeaderAccept
1785428396800,true,1785428396822,LeaderAccept
1785428396837,false,1785428396859,LeaderAccept
1785428396875,true,1785428396897,LeaderAccept
1785428396914,true,1785428396936,LeaderAccept
1785428396953,false,1785428396975,LeaderAccept
1785428396993,true,1785428397015,LeaderAccept
1785428397034,false,1785428397056,LeaderAccept
1785428397076,true,1785428397098,LeaderAccept
1785428397119,false,1785428397140,LeaderAccept
1785428397162,false,1785428397183,LeaderAccept
1785428397206,false,1785428397228,LeaderAccept
1785428397251,true,1785428397273,LeaderAccept
1785428397297,true,1785428397318,LeaderAccept
1785428397344,true,1785428397365,LeaderAccept
1785428397392,true,1785428397413,LeaderAccept
1785428397441,false,1785428397462,LeaderAccept
1785428397491,false,1785428397512,LeaderAccept
1785428397542,true,1785428397564,LeaderAccept
1785428397596,true,1785428397617,LeaderAccept
1785428397650,false,1785428397671,LeaderAccept
1785428397705,false,1785428397727,LeaderAccept
1785428397763,false,1785428397784,LeaderAccept
1785428397821,true,1785428397843,LeaderAccept
1785428397883,true,1785428397905,LeaderAccept
1785428397946,true,1785428397968,LeaderAccept
1785428398011,true,1785428398033,LeaderAccept
1785428398078,false,1785428398100,LeaderAccept
1785428398147,true,1785428398169,LeaderAccept
1785428398219,true,1785428398240,LeaderAccept
1785428398293,true,1785428398315,LeaderAccept
1785428398370,false,1785428398392,LeaderAccept
1785428398449,false,1785428398471,LeaderAccept
1785428398531,true,1785428398553,LeaderAccept
1785428398617,false,1785428398639,LeaderAccept
1785428398708,false,1785428398729,LeaderAccept
1785428398802,false,1785428398823,LeaderAccept
1785428398901,true,1785428398922,LeaderAccept
1785428399004,false,1785428399026,LeaderAccept
1785428399113,false,1785428399134,LeaderAccept
1785428399228,true,1785428399250,LeaderAccept
1785428399350,false,1785428399377,LeaderAccept
1785428399480,false,1785428399507,LeaderAccept
1785428399618,false,1785428399644,LeaderAccept
1785428399766,false,,
1785428399924,false,,
1785428400096,true,1785428400117,LeaderAccept
1785428400283,false,1785428400305,LeaderAccept
1785428400487,true,1785428400509,LeaderAccept
1785428400714,true,1785428400736,LeaderAccept
1785428400968,false,1785428400990,LeaderAccept
1785428401257,false,1785428401278,LeaderAccept
1785428401590,true,1785428401611,LeaderAccept
1785428401983,true,1785428402005,LeaderAccept
1785428402462,true,1785428402483,LeaderAccept
1785428403069,true,1785428403091,LeaderAccept
1785428403892,true,1785428403914,LeaderAccept
1785428405133,true,1785428405155,LeaderAccept
1785428407439,false,1785428407462,LeaderAccept
1785428414743,true,1785428414764,LeaderAccept
1785428427113,true,1785428427134,LeaderAccept
1785428427130,false,1785428427152,LeaderAccept
1785428427148,false,1785428427169,LeaderAccept
1785428427165,false,1785428427187,LeaderAccept
1785428427182,false,1785428427209,LeaderAccept
1785428427200,false,1785428427221,LeaderAccept
1785428427218,false,1785428427240,LeaderAccept
1785428427236,true,1785428427258,LeaderAccept
1785428427254,false,1785428427276,LeaderAccept
1785428427272,true,1785428427293,LeaderAccept
1785428427290,false,1785428427312,LeaderAccept
1785428427307,false,1785428427334,LeaderAccept
1785428427326,true,1785428427348,LeaderAccept
1785428427345,true,1785428427366,LeaderAccept
1785428427364,false,1785428427385,LeaderAccept
1785428427383,true,1785428427404,LeaderAccept
1785428427401,true,1785428427423,LeaderAccept
1785428427421,false,1785428427443,LeaderAccept
1785428427440,true,1785428427462,LeaderAccept
1785428427460,true,1785428427486,LeaderAccept
1785428427480,true,1785428427501,LeaderAccept
1785428427499,true,1785428427521,LeaderAccept
1785428427519,true,1785428427541,LeaderAccept
1785428427539,false,1785428427561,LeaderAccept
1785428427560,false,1785428427581,LeaderAccept
1785428427581,false,1785428427602,LeaderAccept
1785428427602,false,1785428427623,LeaderAccept
1785428427623,false,1785428427649,LeaderAccept
1785428427643,true,1785428427665,LeaderAccept
1785428427665,true,1785428427686,LeaderAccept
1785428427686,false,1785428427707,LeaderAccept
1785428427709,false,1785428427730,LeaderAccept
1785428427730,true,1785428427752,LeaderAccept
1785428427753,true,1785428427774,LeaderAccept
1785428427776,false,1785428427797,LeaderAccept
1785428427798,true,1785428427819,LeaderAccept
1785428427822,true,1785428427843,LeaderAccept
1785428427845,false,1785428427866,LeaderAccept
1785428427869,true,1785428427890,LeaderAccept
1785428427892,false,1785428427914,LeaderAccept
1785428427917,true,1785428427939,LeaderAccept
1785428427942,true,1785428427964,LeaderAccept
1785428427967,false,1785428427989,LeaderAccept
1785428427993,true,1785428428014,LeaderAccept
1785428428019,true,1785428428040,LeaderAccept
1785428428044,true,1785428428066,LeaderAccept
1785428428070,true,1785428428092,LeaderAccept
1785428428096,false,1785428428118,LeaderAccept
1785428428122,true,1785428428144,LeaderAccept
1785428428150,true,1785428428171,LeaderAccept
1785428428178,true,1785428428200,LeaderAccept
1785428428206,false,1785428428228,LeaderAccept
1785428428234,false,1785428428256,LeaderAccept
1785428428263,false,1785428428285,LeaderAccept
1785428428292,false,1785428428313,LeaderAccept
1785428428321,true,1785428428342,LeaderAccept
1785428428350,false,1785428428372,LeaderAccept
1785428428381,false,1785428428402,LeaderAccept
1785428428412,true,1785428428434,LeaderAccept
1785428428443,true,1785428428464,LeaderAccept
1785428428474,false,1785428428496,LeaderAccept
1785428428507,true,1785428428529,LeaderAccept
1785428428539,true,1785428428561,LeaderAccept
1785428428573,true,1785428428594,LeaderAccept
1785428428606,false,1785428428629,LeaderAccept
1785428428641,true,1785428428662,LeaderAccept
1785428428676,true,1785428428697,LeaderAccept
1785428428710,false,1785428428732,LeaderAccept
1785428428746,false,1785428428768,LeaderAccept
1785428428783,true,1785428428805,LeaderAccept
1785428428821,false,1785428428843,LeaderAccept
1785428428859,true,1785428428881,LeaderAccept
1785428428898,false,1785428428919,LeaderAccept
1785428428938,true,1785428428959,LeaderAccept
1785428428977,false,1785428428999,LeaderAccept
1785428429019,false,1785428429040,LeaderAccept
1785428429061,false,1785428429082,LeaderAccept
1785428429104,false,1785428429125,LeaderAccept
1785428429147,true,1785428429168,LeaderAccept
1785428429191,true,1785428429213,LeaderAccept
1785428429236,false,1785428429257,LeaderAccept
1785428429282,true,1785428429303,LeaderAccept
1785428429329,true,1785428429350,LeaderAccept
1785428429378,false,1785428429399,LeaderAccept
1785428429428,true,1785428429449,LeaderAccept
1785428429479,false,1785428429501,LeaderAccept
1785428429531,true,1785428429553,LeaderAccept
1785428429584,false,1785428429611,LeaderAccept
1785428429639,false,1785428429661,LeaderAccept
1785428429696,false,1785428429717,LeaderAccept
1785428429754,true,1785428429776,LeaderAccept
1785428429814,true,1785428429835,LeaderAccept
1785428429875,false,1785428429897,LeaderAccept
1785428429938,true,1785428429960,LeaderAccept
1785428430003,false,1785428430025,LeaderAccept
1785428430070,true,1785428430092,LeaderAccept
1785428430140,true,1785428430161,LeaderAccept
1785428430211,true,1785428430233,LeaderAccept
1785428430286,false,1785428430307,LeaderAccept
1785428430364,false,1785428430385,LeaderAccept
1785428430444,false,1785428430466,LeaderAccept
1785428430528,true,1785428430550,LeaderAccept
1785428430615,true,1785428430637,LeaderAccept
1785428430707,false,1785428430728,LeaderAccept
1785428430803,false,1785428430824,LeaderAccept
1785428430902,true,1785428430924,LeaderAccept
1785428431008,true,1785428431029,LeaderAccept
1785428431119,true,1785428431140,LeaderAccept
1785428431236,false,1785428431257,LeaderAccept
1785428431360,false,1785428431381,LeaderAccept
1785428431492,true,1785428431513,LeaderAccept
1785428431633,true,1785428431654,LeaderAccept
1785428431783,false,1785428431805,LeaderAccept
1785428431946,true,1785428431968,LeaderAccept
1785428432122,false,1785428432144,LeaderAccept
1785428432315,true,1785428432337,LeaderAccept
1785428432526,true,1785428432548,LeaderAccept
1785428432762,false,,
1785428433027,true,1785428433048,LeaderAccept
1785428433329,true,1785428433350,LeaderAccept
1785428433680,false,1785428433701,LeaderAccept
1785428434098,false,1785428434120,LeaderAccept
1785428434613,false,1785428434635,LeaderAccept
1785428435280,true,1785428435301,LeaderAccept
1785428436209,true,1785428436230,LeaderAccept
1785428437686,false,1785428437707,LeaderAccept
1785428440777,false,1785428440798,LeaderAccept
1785428455271,false,1785428455298,LeaderAccept
1785428482447,false,1785428482469,LeaderAccept
1785428482468,true,1785428482490,LeaderAccept
1785428482488,false,1785428482511,LeaderAccept
1785428482510,false,1785428482532,LeaderAccept
1785428482532,true,1785428482553,LeaderAccept
1785428482553,true,1785428482574,LeaderAccept
1785428482574,true,1785428482596,LeaderAccept
1785428482597,false,1785428482618,LeaderAccept
1785428482618,true,1785428482639,LeaderAccept
1785428482640,false,1785428482662,LeaderAccept
1785428482663,true,1785428482684,LeaderAccept
1785428482686,true,1785428482707,LeaderAccept
1785428482708,true,1785428482730,LeaderAccept
1785428482731,false,1785428482753,LeaderAccept
1785428482755,false,1785428482777,LeaderAccept
1785428482779,true,1785428482801,LeaderAccept
1785428482803,true,1785428482826,LeaderAccept
1785428482828,true,1785428482849,LeaderAccept
1785428482853,true,1785428482879,LeaderAccept
1785428482878,true,1785428482900,LeaderAccept
1785428482903,false,1785428482925,LeaderAccept
1785428482928,false,1785428482951,LeaderAccept
1785428482955,false,1785428482976,LeaderAccept
1785428482981,false,1785428483003,LeaderAccept
1785428483008,true,1785428483029,LeaderAccept
1785428483034,false,1785428483056,LeaderAccept
1785428483062,true,1785428483083,LeaderAccept
1785428483090,false,1785428483111,LeaderAccept
1785428483118,false,1785428483140,LeaderAccept
1785428483146,false,1785428483167,LeaderAccept
1785428483174,true,1785428483196,LeaderAccept
1785428483204,true,1785428483226,LeaderAccept
1785428483233,false,1785428483255,LeaderAccept
1785428483264,false,1785428483286,LeaderAccept
1785428483295,true,1785428483317,LeaderAccept
1785428483326,true,1785428483347,LeaderAccept
1785428483357,false,1785428483378,LeaderAccept
1785428483388,true,1785428483410,LeaderAccept
1785428483421,true,1785428483442,LeaderAccept
1785428483454,true,1785428483476,LeaderAccept
1785428483487,false,1785428483508,LeaderAccept
1785428483521,true,1785428483542,LeaderAccept
1785428483555,true,1785428483576,LeaderAccept
1785428483590,true,1785428483611,LeaderAccept
1785428483626,true,1785428483647,LeaderAccept
1785428483662,false,1785428483684,LeaderAccept
1785428483699,true,1785428483721,LeaderAccept
1785428483737,true,1785428483759,LeaderAccept
1785428483775,false,1785428483797,LeaderAccept
1785428483814,true,1785428483836,LeaderAccept
1785428483853,true,1785428483875,LeaderAccept
1785428483893,false,1785428483915,LeaderAccept
1785428483935,false,1785428483957,LeaderAccept
1785428483978,true,1785428484000,LeaderAccept
1785428484021,true,1785428484043,LeaderAccept
1785428484066,true,1785428484088,LeaderAccept
1785428484111,true,1785428484133,LeaderAccept
1785428484157,true,1785428484179,LeaderAccept
1785428484204,false,1785428484226,LeaderAccept
1785428484252,false,1785428484273,LeaderAccept
1785428484301,true,1785428484323,LeaderAccept
1785428484352,true,1785428484373,LeaderAccept
1785428484404,false,1785428484426,LeaderAccept
1785428484457,false,1785428484479,LeaderAccept
1785428484511,true,1785428484533,LeaderAccept
1785428484568,true,1785428484589,LeaderAccept
1785428484624,false,1785428484646,LeaderAccept
1785428484684,false,1785428484706,LeaderAccept
1785428484745,true,1785428484766,LeaderAccept
1785428484808,true,1785428484829,LeaderAccept
1785428484873,true,1785428484894,LeaderAccept
1785428484939,false,1785428484960,LeaderAccept
1785428485008,false,1785428485030,LeaderAccept
1785428485080,false,1785428485102,LeaderAccept
1785428485154,false,1785428485176,LeaderAccept
1785428485231,false,1785428485253,LeaderAccept
1785428485311,false,1785428485333,LeaderAccept
1785428485394,true,1785428485415,LeaderAccept
1785428485480,true,1785428485502,LeaderAccept
1785428485570,false,1785428485592,LeaderAccept
1785428485663,true,1785428485685,LeaderAccept
1785428485762,true,1785428485784,LeaderAccept
1785428485865,true,1785428485886,LeaderAccept
1785428485974,false,1785428485996,LeaderAccept
1785428486088,true,1785428486110,LeaderAccept
1785428486210,false,1785428486231,LeaderAccept
1785428486339,false,1785428486360,LeaderAccept
1785428486476,true,1785428486497,LeaderAccept
1785428486623,false,1785428486644,LeaderAccept
1785428486781,false,1785428486802,LeaderAccept
1785428486952,true,1785428486974,LeaderAccept
1785428487139,true,1785428487161,LeaderAccept
1785428487342,true,1785428487364,LeaderAccept
1785428487569,true,1785428487591,LeaderAccept
1785428487821,true,1785428487843,LeaderAccept
1785428488108,true,1785428488130,LeaderAccept
1785428488438,false,1785428488460,LeaderAccept
1785428488828,false,1785428488850,LeaderAccept
1785428489301,true,1785428489323,LeaderAccept
1785428489901,false,1785428489923,LeaderAccept
1785428490710,false,1785428490732,LeaderAccept
1785428491922,true,1785428491943,LeaderAccept
1785428494142,true,1785428494164,LeaderAccept
1785428500875,false,1785428500897,LeaderAccept
1785428517623,true,1785428517644,LeaderAccept
1785428517647,true,1785428517668,LeaderAccept
1785428517672,false,1785428517693,LeaderAccept
1785428517697,true,1785428517718,LeaderAccept
1785428517722,false,1785428517743,LeaderAccept
1785428517747,false,1785428517768,LeaderAccept
1785428517773,false,1785428517794,LeaderAccept
1785428517798,true,1785428517819,LeaderAccept
1785428517825,false,1785428517846,LeaderAccept
1785428517852,true,1785428517874,LeaderAccept
1785428517880,false,1785428517902,LeaderAccept
1785428517907,false,1785428517929,LeaderAccept
1785428517935,false,1785428517957,LeaderAccept
1785428517964,true,1785428517985,LeaderAccept
1785428517993,true,1785428518014,LeaderAccept
1785428518021,true,1785428518043,LeaderAccept
1785428518050,true,1785428518071,LeaderAccept
1785428518079,false,1785428518101,LeaderAccept
1785428518109,false,1785428518131,LeaderAccept
1785428518139,false,1785428518161,LeaderAccept
1785428518171,false,1785428518193,LeaderAccept
1785428518203,true,1785428518225,LeaderAccept
1785428518235,false,1785428518257,LeaderAccept
1785428518268,true,1785428518289,LeaderAccept
1785428518302,false,1785428518323,LeaderAccept
1785428518335,false,1785428518357,LeaderAccept
1785428518370,false,1785428518392,LeaderAccept
1785428518405,false,1785428518427,LeaderAccept
1785428518441,false,1785428518462,LeaderAccept
1785428518477,false,1785428518498,LeaderAccept
1785428518514,false,1785428518535,LeaderAccept
1785428518551,true,1785428518572,LeaderAccept
1785428518589,true,1785428518611,LeaderAccept
1785428518628,true,1785428518649,LeaderAccept
1785428518667,true,1785428518689,LeaderAccept
1785428518708,true,1785428518729,LeaderAccept
1785428518748,true,1785428518770,LeaderAccept
1785428518791,true,1785428518812,LeaderAccept
1785428518833,false,1785428518855,LeaderAccept
1785428518877,false,1785428518899,LeaderAccept
1785428518922,true,1785428518943,LeaderAccept
1785428518968,false,1785428518989,LeaderAccept
1785428519015,false,1785428519036,LeaderAccept
1785428519063,false,1785428519084,LeaderAccept
1785428519111,false,1785428519133,LeaderAccept
1785428519162,false,1785428519184,LeaderAccept
1785428519214,false,1785428519236,LeaderAccept
1785428519267,true,1785428519289,LeaderAccept
1785428519321,true,1785428519343,LeaderAccept
1785428519377,false,1785428519399,LeaderAccept
1785428519434,false,1785428519455,LeaderAccept
1785428519493,true,1785428519514,LeaderAccept
1785428519553,false,1785428519574,LeaderAccept
1785428519615,true,1785428519637,LeaderAccept
1785428519679,true,1785428519701,LeaderAccept
1785428519745,true,1785428519767,LeaderAccept
1785428519813,true,1785428519835,LeaderAccept
1785428519884,false,1785428519905,LeaderAccept
1785428519957,true,1785428519979,LeaderAccept
1785428520033,false,1785428520055,LeaderAccept
1785428520112,true,1785428520134,LeaderAccept
1785428520193,false,1785428520216,LeaderAccept
1785428520279,true,1785428520301,LeaderAccept
1785428520368,true,1785428520390,LeaderAccept
1785428520461,false,1785428520483,LeaderAccept
1785428520558,true,1785428520580,LeaderAccept
1785428520659,true,1785428520681,LeaderAccept
1785428520767,true,1785428520789,LeaderAccept
1785428520880,false,1785428520902,LeaderAccept
1785428521000,false,1785428521031,LeaderAccept
1785428521127,true,1785428521148,LeaderAccept
1785428521261,true,1785428521283,LeaderAccept
1785428521406,false,1785428521428,LeaderAccept
1785428521561,true,1785428521583,LeaderAccept
1785428521728,true,1785428521750,LeaderAccept
1785428521910,false,1785428521932,LeaderAccept
1785428522109,true,,
1785428522329,false,1785428522351,LeaderAccept
1785428522574,false,1785428522596,LeaderAccept
1785428522850,true,1785428522872,LeaderAccept
1785428523168,true,1785428523189,LeaderAccept
1785428523540,true,1785428523562,LeaderAccept
1785428523988,false,1785428524009,LeaderAccept
1785428524547,false,1785428524578,LeaderAccept
1785428525288,true,1785428525310,LeaderAccept
1785428526358,false,1785428526380,LeaderAccept
1785428528186,false,1785428528208,LeaderAccept
1785428532745,false,1785428532767,LeaderAccept
1785428551438,false,1785428551460,LeaderAccept
1785428551475,false,1785428551497,LeaderAccept
1785428551512,true,1785428551534,LeaderAccept
1785428551550,false,1785428551572,LeaderAccept
1785428551589,false,1785428551610,LeaderAccept
1785428551627,false,1785428551649,LeaderAccept
1785428551667,true,1785428551689,LeaderAccept
1785428551708,false,1785428551729,LeaderAccept
1785428551750,false,1785428551772,LeaderAccept
1785428551792,false,1785428551814,LeaderAccept
1785428551836,false,1785428551858,LeaderAccept
1785428551880,true,1785428551902,LeaderAccept
1785428551925,false,1785428551946,LeaderAccept
1785428551971,false,1785428551992,LeaderAccept
1785428552018,true,1785428552039,LeaderAccept
1785428552065,true,1785428552087,LeaderAccept
1785428552114,false,1785428552136,LeaderAccept
1785428552165,true,1785428552186,LeaderAccept
1785428552217,true,1785428552239,LeaderAccept
1785428552270,true,1785428552291,LeaderAccept
1785428552325,false,1785428552346,LeaderAccept
1785428552381,false,1785428552403,LeaderAccept
1785428552438,false,1785428552460,LeaderAccept
1785428552497,false,1785428552519,LeaderAccept
1785428552558,true,1785428552580,LeaderAccept
1785428552621,true,1785428552643,LeaderAccept
1785428552686,true,1785428552708,LeaderAccept
1785428552753,false,1785428552774,LeaderAccept
1785428552822,true,1785428552844,LeaderAccept
1785428552894,false,1785428552916,LeaderAccept
1785428552967,false,1785428552989,LeaderAccept
1785428553043,false,1785428553065,LeaderAccept
1785428553122,true,1785428553144,LeaderAccept
1785428553205,true,1785428553226,LeaderAccept
1785428553291,false,1785428553312,LeaderAccept
1785428553381,true,1785428553403,LeaderAccept
1785428553475,true,1785428553497,LeaderAccept
1785428553574,false,1785428553595,LeaderAccept
1785428553677,true,1785428553698,LeaderAccept
1785428553786,false,1785428553807,LeaderAccept
1785428553901,true,1785428553922,LeaderAccept
1785428554022,true,1785428554044,LeaderAccept
1785428554150,true,1785428554172,LeaderAccept
1785428554287,false,1785428554309,LeaderAccept
1785428554435,true,1785428554457,LeaderAccept
1785428554593,true,1785428554615,LeaderAccept
1785428554764,false,1785428554786,LeaderAccept
1785428554951,false,1785428554972,LeaderAccept
1785428555156,false,1785428555178,LeaderAccept
1785428555383,false,1785428555405,LeaderAccept
1785428555637,true,1785428555659,LeaderAccept
1785428555925,true,1785428555946,LeaderAccept
1785428556257,true,1785428556279,LeaderAccept
1785428556648,true,1785428556670,LeaderAccept
1785428557125,false,1785428557146,LeaderAccept
1785428557728,false,1785428557750,LeaderAccept
1785428558544,true,1785428558566,LeaderAccept
1785428559772,true,1785428559793,LeaderAccept
1785428562037,false,1785428562058,LeaderAccept
1785428569034,true,1785428569056,LeaderAccept
1785428569071,false,1785428569092,LeaderAccept
1785428569109,false,1785428569131,LeaderAccept
1785428569147,true,1785428569168,LeaderAccept
1785428569186,false,1785428569207,LeaderAccept
1785428569225,true,,
1785428569266,false,1785428569288,LeaderAccept
1785428569306,true,1785428569328,LeaderAccept
1785428569349,true,1785428569371,LeaderAccept
1785428569392,false,1785428569414,LeaderAccept
1785428569436,false,1785428569457,LeaderAccept
1785428569481,true,1785428569503,LeaderAccept
1785428569527,true,1785428569548,LeaderAccept
1785428569573,false,1785428569595,LeaderAccept
1785428569621,false,1785428569643,LeaderAccept
1785428569669,true,1785428569691,LeaderAccept
1785428569720,true,,
1785428569771,false,1785428569793,LeaderAccept
1785428569823,true,1785428569845,LeaderAccept
1785428569878,false,1785428569899,LeaderAccept
1785428569933,false,1785428569954,LeaderAccept
1785428569990,true,1785428570012,LeaderAccept
1785428570049,true,1785428570070,LeaderAccept
1785428570109,false,1785428570131,LeaderAccept
1785428570171,true,1785428570192,LeaderAccept
1785428570235,true,1785428570256,LeaderAccept
1785428570301,true,1785428570323,LeaderAccept
1785428570369,false,1785428570391,LeaderAccept
1785428570440,true,1785428570471,LeaderAccept
1785428570513,false,1785428570535,LeaderAccept
1785428570589,true,1785428570610,LeaderAccept
1785428570668,false,1785428570689,LeaderAccept
1785428570750,true,1785428570772,LeaderAccept
1785428570835,false,1785428570857,LeaderAccept
1785428570924,true,1785428570946,LeaderAccept
1785428571017,false,1785428571038,LeaderAccept
1785428571114,true,1785428571135,LeaderAccept
1785428571216,false,1785428571242,LeaderAccept
1785428571323,false,1785428571344,LeaderAccept
1785428571436,false,1785428571457,LeaderAccept
1785428571556,true,1785428571577,LeaderAccept
1785428571683,false,1785428571705,LeaderAccept
1785428571817,true,1785428571839,LeaderAccept
1785428571962,true,1785428571983,LeaderAccept
1785428572117,false,1785428572138,LeaderAccept
1785428572283,false,1785428572305,LeaderAccept
1785428572465,true,1785428572487,LeaderAccept
1785428572664,false,1785428572686,LeaderAccept
1785428572884,false,1785428572906,LeaderAccept
1785428573129,false,1785428573151,LeaderAccept
1785428573405,false,1785428573427,LeaderAccept
1785428573722,true,1785428573744,LeaderAccept
1785428574095,true,1785428574116,LeaderAccept
1785428574543,true,1785428574564,LeaderAccept
1785428575103,false,1785428575124,LeaderAccept
1785428575843,true,1785428575865,LeaderAccept
1785428576915,true,1785428576937,LeaderAccept
1785428578747,false,1785428578769,LeaderAccept
1785428583322,false,1785428583343,LeaderAccept
1785428601458,true,1785428601480,LeaderAccept
1785428601498,false,1785428601520,LeaderAccept
1785428601539,true,1785428601566,LeaderAccept
1785428601582,false,1785428601603,LeaderAccept
1785428601626,true,1785428601648,LeaderAccept
1785428601670,false,1785428601691,LeaderAccept
1785428601714,false,,
1785428601761,true,1785428601783,LeaderAccept
1785428601809,true,1785428601831,LeaderAccept
1785428601858,true,1785428601880,LeaderAccept
1785428601907,true,1785428601929,LeaderAccept
1785428601957,false,1785428601979,LeaderAccept
1785428602010,true,1785428602031,LeaderAccept
1785428602062,false,1785428602084,LeaderAccept
1785428602118,false,1785428602140,LeaderAccept
1785428602174,false,1785428602196,LeaderAccept
1785428602232,true,1785428602254,LeaderAccept
1785428602291,true,1785428602313,LeaderAccept
1785428602352,true,1785428602374,LeaderAccept
1785428602416,true,1785428602437,LeaderAccept
1785428602480,false,1785428602502,LeaderAccept
1785428602548,false,1785428602570,LeaderAccept
1785428602618,true,1785428602640,LeaderAccept
1785428602690,false,1785428602712,LeaderAccept
1785428602765,false,1785428602787,LeaderAccept
1785428602842,true,1785428602864,LeaderAccept
1785428602923,true,1785428602944,LeaderAccept
1785428603006,true,1785428603028,LeaderAccept
1785428603094,true,1785428603115,LeaderAccept
1785428603184,false,1785428603206,LeaderAccept
1785428603279,false,1785428603302,LeaderAccept
1785428603379,false,1785428603401,LeaderAccept
1785428603484,true,1785428603506,LeaderAccept
1785428603594,false,1785428603621,LeaderAccept
1785428603710,true,1785428603732,LeaderAccept
1785428603834,true,1785428603856,LeaderAccept
1785428603966,false,1785428603989,LeaderAccept
1785428604106,true,1785428604128,LeaderAccept
1785428604257,true,1785428604279,LeaderAccept
1785428604418,true,1785428604440,LeaderAccept
1785428604594,false,1785428604615,LeaderAccept
1785428604785,true,1785428604807,LeaderAccept
1785428604995,false,1785428605017,LeaderAccept
1785428605229,true,1785428605250,LeaderAccept
1785428605491,false,1785428605512,LeaderAccept
1785428605790,true,1785428605812,LeaderAccept
1785428606136,false,1785428606158,LeaderAccept
1785428606549,true,1785428606571,LeaderAccept
1785428607055,false,1785428607077,LeaderAccept
1785428607707,false,1785428607729,LeaderAccept
1785428608610,false,1785428608632,LeaderAccept
1785428610028,false,,
1785428612909,true,1785428612931,LeaderAccept
1785428625065,false,1785428625087,LeaderAccept
1785428629198,false,1785428629220,LeaderAccept
1785428629212,true,1785428629234,LeaderAccept
1785428629228,false,1785428629250,LeaderAccept
1785428629242,true,1785428629264,LeaderAccept
1785428629258,false,1785428629279,LeaderAccept
1785428629272,false,1785428629294,LeaderAccept
1785428629287,false,1785428629309,LeaderAccept
1785428629303,true,1785428629324,LeaderAccept
1785428629318,true,1785428629339,LeaderAccept
1785428629332,true,1785428629354,LeaderAccept
1785428629348,false,1785428629369,LeaderAccept
1785428629363,false,1785428629385,LeaderAccept
1785428629379,true,1785428629401,LeaderAccept
1785428629396,true,1785428629417,LeaderAccept
1785428629412,false,1785428629434,LeaderAccept
1785428629429,true,1785428629450,LeaderAccept
1785428629445,false,1785428629466,LeaderAccept
1785428629462,false,1785428629483,LeaderAccept
1785428629479,true,1785428629500,LeaderAccept
1785428629495,true,1785428629517,LeaderAccept
1785428629513,true,1785428629534,LeaderAccept
1785428629530,true,1785428629551,LeaderAccept
1785428629546,true,1785428629568,LeaderAccept
1785428629563,false,1785428629585,LeaderAccept
1785428629581,true,1785428629603,LeaderAccept
1785428629598,false,1785428629619,LeaderAccept
1785428629616,true,1785428629637,LeaderAccept
1785428629633,false,1785428629654,LeaderAccept
1785428629651,true,1785428629672,LeaderAccept
1785428629670,false,1785428629691,LeaderAccept
1785428629689,false,1785428629710,LeaderAccept
1785428629707,false,1785428629729,LeaderAccept
1785428629725,false,1785428629747,LeaderAccept
1785428629745,false,1785428629766,LeaderAccept
1785428629764,true,1785428629785,LeaderAccept
1785428629783,true,1785428629804,LeaderAccept
1785428629801,true,1785428629822,LeaderAccept
1785428629820,false,1785428629842,LeaderAccept
1785428629840,true,1785428629861,LeaderAccept
1785428629859,true,1785428629881,LeaderAccept
1785428629879,true,1785428629900,LeaderAccept
1785428629900,false,1785428629921,LeaderAccept
1785428629920,false,1785428629942,LeaderAccept
1785428629940,true,1785428629962,LeaderAccept
1785428629962,false,1785428629983,LeaderAccept
1785428629982,false,1785428630004,LeaderAccept
1785428630004,false,1785428630024,LeaderAccept
1785428630024,true,1785428630046,LeaderAccept
1785428630047,true,1785428630068,LeaderAccept
1785428630068,false,1785428630089,LeaderAccept
1785428630090,false,1785428630111,LeaderAccept
1785428630112,true,1785428630134,LeaderAccept
1785428630135,false,1785428630156,LeaderAccept
1785428630158,false,1785428630179,LeaderAccept
1785428630181,false,1785428630202,LeaderAccept
1785428630204,false,1785428630225,LeaderAccept
1785428630227,false,1785428630249,LeaderAccept
1785428630252,true,1785428630274,LeaderAccept
1785428630276,false,1785428630297,LeaderAccept
1785428630300,true,1785428630322,LeaderAccept
1785428630325,true,1785428630347,LeaderAccept
1785428630350,false,1785428630371,LeaderAccept
1785428630375,false,1785428630396,LeaderAccept
1785428630401,true,1785428630422,LeaderAccept
1785428630426,false,1785428630448,LeaderAccept
1785428630452,true,1785428630473,LeaderAccept
1785428630479,false,1785428630500,LeaderAccept
1785428630506,false,1785428630527,LeaderAccept
1785428630534,false,1785428630555,LeaderAccept
1785428630562,false,1785428630583,LeaderAccept
1785428630590,false,1785428630611,LeaderAccept
1785428630617,true,1785428630639,LeaderAccept
1785428630646,false,1785428630667,LeaderAccept
1785428630675,false,1785428630696,LeaderAccept
1785428630704,false,1785428630726,LeaderAccept
1785428630734,true,1785428630756,LeaderAccept
1785428630765,false,1785428630786,LeaderAccept
1785428630795,true,1785428630817,LeaderAccept
1785428630827,true,1785428630848,LeaderAccept
1785428630858,true,1785428630880,LeaderAccept
1785428630890,false,1785428630912,LeaderAccept
1785428630923,true,1785428630944,LeaderAccept
1785428630956,false,1785428630977,LeaderAccept
1785428630989,true,1785428631011,LeaderAccept
1785428631024,true,1785428631045,LeaderAccept
1785428631058,false,1785428631080,LeaderAccept
1785428631093,false,1785428631114,LeaderAccept
1785428631130,false,1785428631151,LeaderAccept
1785428631166,true,1785428631188,LeaderAccept
1785428631204,false,1785428631225,LeaderAccept
1785428631242,false,1785428631263,LeaderAccept
1785428631280,true,1785428631302,LeaderAccept
1785428631319,true,1785428631341,LeaderAccept
1785428631360,true,1785428631381,LeaderAccept
1785428631400,true,1785428631422,LeaderAccept
1785428631443,false,1785428631464,LeaderAccept
1785428631486,false,1785428631507,LeaderAccept
1785428631530,false,1785428631551,LeaderAccept
1785428631575,false,1785428631597,LeaderAccept
1785428631621,true,1785428631642,LeaderAccept
1785428631667,false,1785428631689,LeaderAccept
1785428631714,false,1785428631736,LeaderAccept
1785428631764,false,1785428631786,LeaderAccept
1785428631814,false,1785428631835,LeaderAccept
1785428631864,true,1785428631886,LeaderAccept
1785428631916,true,1785428631938,LeaderAccept
1785428631970,false,1785428631992,LeaderAccept
1785428632025,true,1785428632047,LeaderAccept
1785428632083,true,1785428632105,LeaderAccept
1785428632142,false,1785428632163,LeaderAccept
1785428632203,false,1785428632224,LeaderAccept
1785428632264,true,1785428632286,LeaderAccept
1785428632328,false,1785428632350,LeaderAccept
1785428632395,true,1785428632417,LeaderAccept
1785428632464,false,1785428632486,LeaderAccept
1785428632535,false,1785428632557,LeaderAccept
1785428632607,false,1785428632629,LeaderAccept
1785428632682,true,1785428632704,LeaderAccept
1785428632761,false,1785428632783,LeaderAccept
1785428632843,true,1785428632865,LeaderAccept
1785428632928,false,1785428632950,LeaderAccept
1785428633017,true,1785428633038,LeaderAccept
1785428633110,true,1785428633131,LeaderAccept
1785428633207,true,1785428633228,LeaderAccept
1785428633309,true,1785428633331,LeaderAccept
1785428633416,false,,
1785428633528,true,1785428633550,LeaderAccept
1785428633648,true,1785428633669,LeaderAccept
1785428633775,true,,
1785428633909,true,,
1785428634054,false,,
1785428634208,false,,
1785428634376,false,1785428634403,LeaderAccept
1785428634558,false,1785428634585,LeaderAccept
1785428634756,true,1785428634782,LeaderAccept
1785428634976,true,1785428634997,LeaderAccept
1785428635221,true,1785428635242,LeaderAccept
1785428635498,false,1785428635520,LeaderAccept
1785428635816,false,1785428635838,LeaderAccept
1785428636188,true,1785428636209,LeaderAccept
1785428636635,true,1785428636657,LeaderAccept
1785428637193,false,1785428637215,LeaderAccept
1785428637932,true,1785428637954,LeaderAccept
1785428639000,true,1785428639022,LeaderAccept
1785428640821,false,1785428640843,LeaderAccept
1785428645345,false,1785428645366,LeaderAccept
1785428664289,true,1785428664311,LeaderAccept
1785428664314,false,1785428664335,LeaderAccept
1785428664338,false,1785428664364,LeaderAccept
1785428664362,true,1785428664384,LeaderAccept
1785428664386,false,1785428664413,LeaderAccept
1785428664411,false,1785428664432,LeaderAccept
1785428664436,true,1785428664457,LeaderAccept
1785428664460,false,1785428664486,LeaderAccept
1785428664486,true,1785428664507,LeaderAccept
1785428664511,false,1785428664538,LeaderAccept
1785428664538,true,1785428664559,LeaderAccept
1785428664564,true,1785428664586,LeaderAccept
1785428664591,true,1785428664618,LeaderAccept
1785428664619,true,1785428664640,LeaderAccept
1785428664646,true,1785428664673,LeaderAccept
1785428664675,false,1785428664696,LeaderAccept
1785428664703,true,1785428664725,LeaderAccept
1785428664733,false,,
1785428664762,false,1785428664784,LeaderAccept
1785428664791,false,1785428664818,LeaderAccept
1785428664822,true,1785428664843,LeaderAccept
1785428664853,true,1785428664874,LeaderAccept
1785428664883,false,1785428664905,LeaderAccept
1785428664915,false,1785428664936,LeaderAccept
1785428664946,false,1785428664972,LeaderAccept
1785428664979,true,1785428665000,LeaderAccept
1785428665011,true,1785428665033,LeaderAccept
1785428665045,true,1785428665066,LeaderAccept
1785428665078,true,1785428665100,LeaderAccept
1785428665113,true,1785428665135,LeaderAccept
1785428665149,false,1785428665170,LeaderAccept
1785428665185,true,1785428665206,LeaderAccept
1785428665221,false,1785428665243,LeaderAccept
1785428665258,false,1785428665279,LeaderAccept
1785428665296,true,1785428665317,LeaderAccept
1785428665333,false,1785428665355,LeaderAccept
1785428665373,false,1785428665394,LeaderAccept
1785428665413,false,1785428665434,LeaderAccept
1785428665453,false,1785428665475,LeaderAccept
1785428665495,false,1785428665516,LeaderAccept
1785428665536,true,1785428665558,LeaderAccept
1785428665579,false,1785428665600,LeaderAccept
1785428665624,false,1785428665645,LeaderAccept
1785428665668,false,1785428665690,LeaderAccept
1785428665715,false,1785428665737,LeaderAccept
1785428665762,false,1785428665783,LeaderAccept
1785428665810,true,1785428665831,LeaderAccept
1785428665859,false,1785428665880,LeaderAccept
1785428665908,false,1785428665930,LeaderAccept
1785428665960,true,1785428665981,LeaderAccept
1785428666013,false,1785428666034,LeaderAccept
1785428666067,false,1785428666088,LeaderAccept
1785428666122,false,1785428666143,LeaderAccept
1785428666179,false,1785428666201,LeaderAccept
1785428666239,true,1785428666261,LeaderAccept
1785428666300,true,1785428666322,LeaderAccept
1785428666363,true,1785428666384,LeaderAccept
1785428666427,true,1785428666449,LeaderAccept
1785428666493,false,1785428666515,LeaderAccept
1785428666562,false,,
1785428666634,true,1785428666655,LeaderAccept
1785428666708,true,1785428666729,LeaderAccept
1785428666783,false,1785428666805,LeaderAccept
1785428666863,true,1785428666884,LeaderAccept
1785428666944,false,1785428666966,LeaderAccept
1785428667030,true,1785428667052,LeaderAccept
1785428667120,true,1785428667142,LeaderAccept
1785428667214,true,1785428667236,LeaderAccept
1785428667312,false,1785428667334,LeaderAccept
1785428667415,false,1785428667436,LeaderAccept
1785428667523,false,1785428667545,LeaderAccept
1785428667638,false,1785428667660,LeaderAccept
1785428667759,true,1785428667781,LeaderAccept
1785428667888,true,1785428667909,LeaderAccept
1785428668025,true,1785428668046,LeaderAccept
1785428668171,false,1785428668193,LeaderAccept
1785428668329,false,1785428668355,LeaderAccept
1785428668498,true,1785428668520,LeaderAccept
1785428668683,false,1785428668705,LeaderAccept
1785428668887,false,1785428668908,LeaderAccept
1785428669112,true,1785428669133,LeaderAccept
1785428669364,false,1785428669385,LeaderAccept
1785428669649,true,1785428669670,LeaderAccept
1785428669978,true,1785428670000,LeaderAccept
1785428670364,false,1785428670386,LeaderAccept
1785428670833,false,1785428670855,LeaderAccept
1785428671427,false,1785428671453,LeaderAccept
1785428672224,true,1785428672246,LeaderAccept
1785428673230,true,1785428673252,LeaderAccept
1785428673252,false,1785428673274,LeaderAccept
1785428673275,true,1785428673296,LeaderAccept
1785428673297,true,1785428673319,LeaderAccept
1785428673321,true,1785428673343,LeaderAccept
1785428673345,false,1785428673366,LeaderAccept
1785428673369,true,1785428673390,LeaderAccept
1785428673392,false,1785428673414,LeaderAccept
1785428673416,false,1785428673437,LeaderAccept
1785428673441,true,1785428673467,LeaderAccept
1785428673466,true,1785428673488,LeaderAccept
1785428673492,true,1785428673513,LeaderAccept
1785428673517,false,1785428673539,LeaderAccept
1785428673543,false,1785428673565,LeaderAccept
1785428673570,false,1785428673596,LeaderAccept
1785428673596,true,1785428673618,LeaderAccept
1785428673623,false,1785428673644,LeaderAccept
1785428673649,false,1785428673671,LeaderAccept
1785428673676,false,1785428673697,LeaderAccept
1785428673704,true,1785428673725,LeaderAccept
1785428673731,true,1785428673753,LeaderAccept
1785428673759,false,1785428673781,LeaderAccept
1785428673788,false,1785428673810,LeaderAccept
1785428673817,false,1785428673839,LeaderAccept
1785428673846,false,1785428673868,LeaderAccept
1785428673877,true,,
1785428673907,true,1785428673929,LeaderAccept
1785428673938,true,1785428673959,LeaderAccept
1785428673970,true,1785428673991,LeaderAccept
1785428674002,false,1785428674023,LeaderAccept
1785428674035,true,1785428674056,LeaderAccept
1785428674067,true,1785428674088,LeaderAccept
1785428674101,true,1785428674122,LeaderAccept
1785428674134,true,1785428674156,LeaderAccept
1785428674169,false,1785428674190,LeaderAccept
1785428674205,false,1785428674226,LeaderAccept
1785428674241,true,1785428674262,LeaderAccept
1785428674277,false,1785428674299,LeaderAccept
1785428674314,false,1785428674336,LeaderAccept
1785428674351,false,1785428674373,LeaderAccept
1785428674390,true,1785428674411,LeaderAccept
1785428674428,false,1785428674450,LeaderAccept
1785428674469,true,1785428674491,LeaderAccept
1785428674510,false,1785428674532,LeaderAccept
1785428674551,true,1785428674573,LeaderAccept
1785428674594,false,1785428674615,LeaderAccept
1785428674637,false,1785428674658,LeaderAccept
1785428674680,false,1785428674702,LeaderAccept
1785428674725,true,1785428674747,LeaderAccept
1785428674772,false,1785428674793,LeaderAccept
1785428674819,false,1785428674841,LeaderAccept
1785428674867,false,1785428674889,LeaderAccept
1785428674917,true,1785428674938,LeaderAccept
1785428674968,true,1785428674990,LeaderAccept
1785428675020,false,1785428675041,LeaderAccept
1785428675072,false,1785428675094,LeaderAccept
1785428675128,true,1785428675150,LeaderAccept
1785428675185,false,1785428675206,LeaderAccept
1785428675243,true,1785428675265,LeaderAccept
1785428675301,false,1785428675323,LeaderAccept
1785428675362,true,1785428675384,LeaderAccept
1785428675425,false,1785428675447,LeaderAccept
1785428675490,true,1785428675517,LeaderAccept
1785428675558,false,1785428675580,LeaderAccept
1785428675627,true,1785428675649,LeaderAccept
1785428675699,true,1785428675720,LeaderAccept
1785428675774,false,1785428675796,LeaderAccept
1785428675851,false,1785428675872,LeaderAccept
1785428675931,true,1785428675952,LeaderAccept
1785428676015,true,1785428676036,LeaderAccept
1785428676102,false,,
1785428676192,false,1785428676214,LeaderAccept
1785428676288,true,1785428676309,LeaderAccept
1785428676387,false,1785428676408,LeaderAccept
1785428676492,false,1785428676514,LeaderAccept
1785428676602,true,1785428676623,LeaderAccept
1785428676718,false,1785428676739,LeaderAccept
1785428676841,false,1785428676862,LeaderAccept
1785428676972,false,1785428676993,LeaderAccept
1785428677111,true,1785428677132,LeaderAccept
1785428677260,false,1785428677282,LeaderAccept
1785428677421,true,1785428677443,LeaderAccept
1785428677596,false,1785428677618,LeaderAccept
1785428677786,true,1785428677808,LeaderAccept
1785428677996,true,1785428678017,LeaderAccept
1785428678228,false,1785428678250,LeaderAccept
1785428678488,true,1785428678511,LeaderAccept
1785428678784,true,1785428678806,LeaderAccept
1785428679128,true,1785428679149,LeaderAccept
1785428679536,false,1785428679557,LeaderAccept
1785428680036,true,,
1785428680677,false,1785428680699,LeaderAccept
1785428681560,true,1785428681582,LeaderAccept
1785428682931,false,1785428682953,LeaderAccept
1785428685654,true,1785428685680,LeaderAccept
1785428696272,true,1785428696293,LeaderAccept
1785428709100,true,1785428709122,LeaderAccept
1785428709119,true,1785428709141,LeaderAccept
1785428709140,true,1785428709162,LeaderAccept
1785428709160,true,1785428709187,LeaderAccept
1785428709180,true,1785428709202,LeaderAccept
1785428709200,false,1785428709222,LeaderAccept
1785428709221,true,1785428709242,LeaderAccept
1785428709242,false,1785428709263,LeaderAccept
1785428709263,true,1785428709284,LeaderAccept
1785428709283,false,1785428709305,LeaderAccept
1785428709304,false,1785428709326,LeaderAccept
1785428709325,true,1785428709347,LeaderAccept
1785428709347,true,1785428709368,LeaderAccept
1785428709368,false,1785428709394,LeaderAccept
1785428709390,true,1785428709417,LeaderAccept
1785428709413,false,1785428709435,LeaderAccept
1785428709436,true,1785428709457,LeaderAccept
1785428709458,false,1785428709479,LeaderAccept
1785428709481,true,1785428709503,LeaderAccept
1785428709505,true,1785428709527,LeaderAccept
1785428709529,false,1785428709551,LeaderAccept
1785428709553,true,1785428709574,LeaderAccept
1785428709576,false,1785428709598,LeaderAccept
1785428709600,true,1785428709622,LeaderAccept
1785428709625,true,1785428709646,LeaderAccept
1785428709650,true,1785428709676,LeaderAccept
1785428709675,true,1785428709696,LeaderAccept
1785428709701,true,1785428709727,LeaderAccept
1785428709727,false,1785428709748,LeaderAccept
1785428709754,false,1785428709776,LeaderAccept
1785428709780,false,1785428709802,LeaderAccept
1785428709808,false,1785428709829,LeaderAccept
1785428709836,false,1785428709857,LeaderAccept
1785428709863,true,1785428709885,LeaderAccept
1785428709892,true,1785428709914,LeaderAccept
1785428709921,false,1785428709943,LeaderAccept
1785428709949,true,1785428709970,LeaderAccept
1785428709979,true,1785428710000,LeaderAccept
1785428710009,false,1785428710030,LeaderAccept
1785428710038,true,1785428710060,LeaderAccept
1785428710069,true,1785428710090,LeaderAccept
1785428710100,true,1785428710121,LeaderAccept
1785428710132,true,1785428710153,LeaderAccept
1785428710164,false,1785428710186,LeaderAccept
1785428710197,false,1785428710218,LeaderAccept
1785428710230,true,1785428710251,LeaderAccept
1785428710264,false,1785428710285,LeaderAccept
1785428710298,false,1785428710319,LeaderAccept
1785428710332,false,1785428710354,LeaderAccept
1785428710367,false,1785428710388,LeaderAccept
1785428710403,false,1785428710424,LeaderAccept
1785428710439,true,1785428710461,LeaderAccept
1785428710477,false,1785428710498,LeaderAccept
1785428710515,true,1785428710537,LeaderAccept
1785428710554,false,1785428710576,LeaderAccept
1785428710594,true,1785428710616,LeaderAccept
1785428710634,false,1785428710655,LeaderAccept
1785428710675,true,1785428710696,LeaderAccept
1785428710717,true,1785428710738,LeaderAccept
1785428710760,true,1785428710781,LeaderAccept
1785428710803,true,1785428710825,LeaderAccept
1785428710847,true,1785428710868,LeaderAccept
1785428710891,true,1785428710913,LeaderAccept
1785428710938,true,1785428710960,LeaderAccept
1785428710985,false,1785428711007,LeaderAccept
1785428711034,true,1785428711055,LeaderAccept
1785428711083,true,1785428711105,LeaderAccept
1785428711135,true,1785428711157,LeaderAccept
1785428711187,true,1785428711208,LeaderAccept
1785428711240,false,1785428711262,LeaderAccept
1785428711296,false,1785428711318,LeaderAccept
1785428711353,true,1785428711374,LeaderAccept
1785428711410,true,1785428711432,LeaderAccept
1785428711470,false,1785428711491,LeaderAccept
1785428711532,false,1785428711553,LeaderAccept
1785428711595,false,1785428711615,LeaderAccept
1785428711660,true,1785428711681,LeaderAccept
1785428711727,false,1785428711749,LeaderAccept
1785428711797,false,1785428711818,LeaderAccept
1785428711869,false,1785428711890,LeaderAccept
1785428711943,false,1785428711965,LeaderAccept
1785428712020,false,1785428712042,LeaderAccept
1785428712101,false,1785428712122,LeaderAccept
1785428712185,false,1785428712206,LeaderAccept
1785428712272,false,1785428712294,LeaderAccept
1785428712363,true,1785428712385,LeaderAccept
1785428712459,false,1785428712480,LeaderAccept
1785428712559,true,1785428712580,LeaderAccept
1785428712664,false,1785428712685,LeaderAccept
1785428712774,false,1785428712796,LeaderAccept
1785428712890,true,1785428712912,LeaderAccept
1785428713014,true,1785428713036,LeaderAccept
1785428713146,false,1785428713168,LeaderAccept
1785428713287,false,1785428713309,LeaderAccept
1785428713438,false,1785428713459,LeaderAccept
1785428713600,false,1785428713621,LeaderAccept
1785428713776,true,1785428713797,LeaderAccept
1785428713968,false,1785428713989,LeaderAccept
1785428714179,false,1785428714200,LeaderAccept
1785428714414,false,1785428714436,LeaderAccept
1785428714512,false,1785428714534,LeaderAccept
1785428714523,false,1785428714544,LeaderAccept
1785428714541,true,1785428714562,LeaderAccept
1785428714559,false,1785428714580,LeaderAccept
1785428714577,false,1785428714598,LeaderAccept
1785428714595,false,1785428714616,LeaderAccept
1785428714613,true,1785428714635,LeaderAccept
1785428714632,false,1785428714653,LeaderAccept
1785428714650,false,1785428714672,LeaderAccept
1785428714669,true,1785428714690,LeaderAccept
1785428714688,false,1785428714709,LeaderAccept
1785428714707,false,1785428714728,LeaderAccept
1785428714726,false,1785428714747,LeaderAccept
1785428714746,false,1785428714767,LeaderAccept
1785428714766,false,1785428714787,LeaderAccept
1785428714786,false,1785428714807,LeaderAccept
1785428714805,true,1785428714827,LeaderAccept
1785428714825,true,1785428714846,LeaderAccept
1785428714846,false,1785428714867,LeaderAccept
1785428714867,true,1785428714888,LeaderAccept
1785428714887,false,1785428714909,LeaderAccept
1785428714908,false,1785428714930,LeaderAccept
1785428714930,true,1785428714951,LeaderAccept
1785428714952,true,1785428714974,LeaderAccept
1785428714973,false,1785428714995,LeaderAccept
1785428714996,false,1785428715017,LeaderAccept
1785428715017,true,1785428715038,LeaderAccept
1785428715040,false,1785428715061,LeaderAccept
1785428715062,false,1785428715083,LeaderAccept
1785428715084,false,1785428715106,LeaderAccept
1785428715108,true,1785428715129,LeaderAccept
1785428715131,false,1785428715153,LeaderAccept
1785428715155,true,1785428715176,LeaderAccept
1785428715179,true,1785428715200,LeaderAccept
1785428715203,false,1785428715224,LeaderAccept
1785428715226,false,1785428715248,LeaderAccept
1785428715251,false,1785428715272,LeaderAccept
1785428715276,false,1785428715297,LeaderAccept
1785428715300,false,1785428715322,LeaderAccept
1785428715326,true,1785428715347,LeaderAccept
1785428715351,false,1785428715373,LeaderAccept
1785428715378,true,1785428715399,LeaderAccept
1785428715404,false,1785428715426,LeaderAccept
1785428715432,true,1785428715453,LeaderAccept
1785428715459,true,1785428715480,LeaderAccept
1785428715486,true,1785428715507,LeaderAccept
1785428715513,true,1785428715535,LeaderAccept
1785428715542,true,1785428715563,LeaderAccept
1785428715571,false,1785428715593,LeaderAccept
1785428715600,false,1785428715621,LeaderAccept
1785428715628,false,1785428715650,LeaderAccept
1785428715658,true,1785428715680,LeaderAccept
1785428715688,false,1785428715709,LeaderAccept
1785428715719,false,1785428715741,LeaderAccept
1785428715751,false,1785428715773,LeaderAccept
1785428715783,false,1785428715804,LeaderAccept
1785428715814,false,1785428715836,LeaderAccept
1785428715846,true,1785428715868,LeaderAccept
1785428715880,true,1785428715901,LeaderAccept
1785428715914,true,1785428715935,LeaderAccept
1785428715947,false,1785428715969,LeaderAccept
1785428715982,true,1785428716004,LeaderAccept
1785428716018,true,1785428716040,LeaderAccept
1785428716054,true,1785428716075,LeaderAccept
1785428716091,false,1785428716113,LeaderAccept
1785428716128,false,1785428716149,LeaderAccept
1785428716165,true,1785428716187,LeaderAccept
1785428716204,false,1785428716226,LeaderAccept
1785428716243,false,1785428716265,LeaderAccept
1785428716284,true,1785428716305,LeaderAccept
1785428716325,false,1785428716346,LeaderAccept
1785428716367,false,1785428716388,LeaderAccept
1785428716410,false,1785428716431,LeaderAccept
1785428716454,false,1785428716476,LeaderAccept
1785428716499,false,1785428716521,LeaderAccept
1785428716544,true,1785428716566,LeaderAccept
1785428716591,false,1785428716612,LeaderAccept
1785428716639,false,1785428716660,LeaderAccept
1785428716688,true,1785428716709,LeaderAccept
1785428716737,true,1785428716759,LeaderAccept
1785428716788,true,1785428716810,LeaderAccept
1785428716840,false,1785428716862,LeaderAccept
1785428716894,false,1785428716915,LeaderAccept
1785428716948,true,1785428716970,LeaderAccept
1785428717005,true,1785428717026,LeaderAccept
1785428717062,false,1785428717084,LeaderAccept
1785428717123,true,1785428717145,LeaderAccept
1785428717185,false,1785428717207,LeaderAccept
1785428717249,true,1785428717270,LeaderAccept
1785428717314,true,1785428717336,LeaderAccept
1785428717382,true,1785428717404,LeaderAccept
1785428717452,false,1785428717474,LeaderAccept
1785428717525,false,1785428717546,LeaderAccept
1785428717600,true,1785428717622,LeaderAccept
1785428717678,false,1785428717700,LeaderAccept
1785428717759,true,1785428717781,LeaderAccept
1785428717844,false,1785428717866,LeaderAccept
1785428717932,false,1785428717954,LeaderAccept
1785428718024,true,1785428718046,LeaderAccept
1785428718121,true,1785428718143,LeaderAccept
1785428718222,false,1785428718244,LeaderAccept
1785428718328,false,1785428718350,LeaderAccept
1785428718440,false,1785428718461,LeaderAccept
1785428718558,true,1785428718579,LeaderAccept
1785428718683,true,1785428718704,LeaderAccept
1785428718816,true,1785428718838,LeaderAccept
1785428718958,false,1785428718980,LeaderAccept
1785428719111,false,1785428719133,LeaderAccept
1785428719275,true,1785428719297,LeaderAccept
1785428719453,false,1785428719475,LeaderAccept
1785428719649,false,1785428719670,LeaderAccept
1785428719864,true,1785428719885,LeaderAccept
1785428720103,false,1785428720124,LeaderAccept
1785428720372,false,1785428720394,LeaderAccept
1785428720679,false,1785428720706,LeaderAccept
1785428721037,false,1785428721064,LeaderAccept
1785428721466,false,1785428721488,LeaderAccept
1785428721997,false,1785428722019,LeaderAccept
1785428722691,true,1785428722717,LeaderAccept
1785428723669,true,1785428723691,LeaderAccept
1785428725266,false,1785428725292,LeaderAccept
1785428728811,true,,
1785428749676,false,1785428749697,LeaderAccept
1785428757933,true,1785428757954,LeaderAccept
1785428757948,true,1785428757970,LeaderAccept
1785428757965,false,1785428757986,LeaderAccept
1785428757980,false,1785428758002,LeaderAccept
1785428757996,true,1785428758018,LeaderAccept
1785428758012,false,1785428758034,LeaderAccept
1785428758029,true,1785428758050,LeaderAccept
1785428758046,true,1785428758067,LeaderAccept
1785428758063,false,1785428758084,LeaderAccept
1785428758080,true,1785428758101,LeaderAccept
1785428758096,false,1785428758118,LeaderAccept
1785428758114,false,1785428758135,LeaderAccept
1785428758132,true,1785428758154,LeaderAccept
1785428758149,true,1785428758171,LeaderAccept
1785428758167,true,1785428758188,LeaderAccept
1785428758185,false,1785428758207,LeaderAccept
1785428758202,false,1785428758224,LeaderAccept
1785428758221,false,1785428758242,LeaderAccept
1785428758239,false,1785428758261,LeaderAccept
1785428758258,false,1785428758279,LeaderAccept
1785428758277,false,1785428758299,LeaderAccept
1785428758295,true,1785428758317,LeaderAccept
1785428758315,true,1785428758337,LeaderAccept
1785428758333,false,1785428758354,LeaderAccept
1785428758353,true,1785428758374,LeaderAccept
1785428758373,true,1785428758394,LeaderAccept
1785428758391,false,1785428758413,LeaderAccept
1785428758412,true,1785428758433,LeaderAccept
1785428758432,true,1785428758453,LeaderAccept
1785428758452,true,1785428758473,LeaderAccept
1785428758472,false,1785428758493,LeaderAccept
1785428758491,false,1785428758513,LeaderAccept
1785428758513,false,1785428758534,LeaderAccept
1785428758533,true,1785428758555,LeaderAccept
1785428758554,true,1785428758576,LeaderAccept
1785428758576,true,1785428758597,LeaderAccept
1785428758598,false,1785428758619,LeaderAccept
1785428758619,true,1785428758640,LeaderAccept
1785428758640,true,1785428758661,LeaderAccept
1785428758663,true,1785428758684,LeaderAccept
1785428758685,true,1785428758706,LeaderAccept
1785428758708,false,1785428758729,LeaderAccept
1785428758731,false,1785428758753,LeaderAccept
1785428758755,true,1785428758776,LeaderAccept
1785428758778,true,1785428758799,LeaderAccept
1785428758802,false,1785428758823,LeaderAccept
1785428758825,false,1785428758847,LeaderAccept
1785428758850,true,1785428758871,LeaderAccept
1785428758875,true,1785428758896,LeaderAccept
1785428758899,false,1785428758921,LeaderAccept
1785428758925,true,1785428758946,LeaderAccept
1785428758950,false,1785428758972,LeaderAccept
1785428758976,false,1785428758997,LeaderAccept
1785428759002,true,1785428759023,LeaderAccept
1785428759028,false,1785428759049,LeaderAccept
1785428759054,false,1785428759076,LeaderAccept
1785428759082,true,1785428759103,LeaderAccept
1785428759110,true,1785428759131,LeaderAccept
1785428759137,true,1785428759159,LeaderAccept
1785428759166,true,1785428759187,LeaderAccept
1785428759194,true,1785428759216,LeaderAccept
1785428759223,true,1785428759245,LeaderAccept
1785428759253,false,1785428759275,LeaderAccept
1785428759283,false,1785428759305,LeaderAccept
1785428759313,true,1785428759334,LeaderAccept
1785428759343,false,1785428759365,LeaderAccept
1785428759374,false,1785428759396,LeaderAccept
1785428759406,false,1785428759427,LeaderAccept
1785428759438,false,1785428759459,LeaderAccept
1785428759471,false,1785428759492,LeaderAccept
1785428759504,true,1785428759525,LeaderAccept
1785428759536,true,1785428759558,LeaderAccept
1785428759571,false,1785428759593,LeaderAccept
1785428759606,true,1785428759627,LeaderAccept
1785428759641,false,1785428759663,LeaderAccept
1785428759678,true,1785428759700,LeaderAccept
1785428759715,false,1785428759736,LeaderAccept
1785428759753,false,1785428759775,LeaderAccept
1785428759790,true,1785428759812,LeaderAccept
1785428759829,false,1785428759850,LeaderAccept
1785428759869,false,1785428759890,LeaderAccept
1785428759909,true,1785428759930,LeaderAccept
1785428759950,true,1785428759971,LeaderAccept
1785428759992,false,1785428760013,LeaderAccept
1785428760033,true,1785428760055,LeaderAccept
1785428760077,true,1785428760098,LeaderAccept
1785428760121,false,1785428760142,LeaderAccept
1785428760165,true,1785428760187,LeaderAccept
1785428760212,false,1785428760234,LeaderAccept
1785428760259,true,1785428760280,LeaderAccept
1785428760307,true,1785428760328,LeaderAccept
1785428760356,false,1785428760377,LeaderAccept
1785428760407,true,1785428760429,LeaderAccept
1785428760459,true,1785428760481,LeaderAccept
1785428760513,false,1785428760535,LeaderAccept
1785428760568,true,1785428760590,LeaderAccept
1785428760625,false,1785428760647,LeaderAccept
1785428760682,false,1785428760704,LeaderAccept
1785428760742,true,1785428760764,LeaderAccept
1785428760804,false,1785428760825,LeaderAccept
1785428760867,false,1785428760888,LeaderAccept
1785428760932,false,1785428760953,LeaderAccept
1785428760999,true,1785428761020,LeaderAccept
1785428761068,false,1785428761089,LeaderAccept
1785428761140,false,1785428761161,LeaderAccept
1785428761215,true,1785428761237,LeaderAccept
1785428761292,true,1785428761313,LeaderAccept
1785428761373,true,1785428761394,LeaderAccept
1785428761457,true,1785428761479,LeaderAccept
1785428761544,false,1785428761565,LeaderAccept
1785428761635,false,1785428761656,LeaderAccept
1785428761730,true,1785428761752,LeaderAccept
1785428761830,true,1785428761852,LeaderAccept
1785428761934,false,1785428761956,LeaderAccept
1785428762044,true,1785428762066,LeaderAccept
1785428762160,false,1785428762182,LeaderAccept
1785428762284,true,1785428762305,LeaderAccept
1785428762415,true,1785428762436,LeaderAccept
1785428762555,true,1785428762576,LeaderAccept
1785428762705,true,1785428762727,LeaderAccept
1785428762866,true,1785428762888,LeaderAccept
1785428763040,false,1785428763062,LeaderAccept
1785428763231,true,1785428763253,LeaderAccept
1785428763440,false,1785428763462,LeaderAccept
1785428763672,true,1785428763694,LeaderAccept
1785428763932,false,1785428763954,LeaderAccept
1785428764228,false,1785428764250,LeaderAccept
1785428764572,false,1785428764594,LeaderAccept
1785428764979,true,1785428765001,LeaderAccept
1785428765480,true,1785428765502,LeaderAccept
1785428766122,false,1785428766148,LeaderAccept
1785428767006,false,1785428767032,LeaderAccept
1785428768380,false,1785428768401,LeaderAccept
1785428771110,true,1785428771132,LeaderAccept
1785428781804,true,1785428781825,LeaderAccept
1785428807712,true,1785428807733,LeaderAccept
1785428807728,false,1785428807750,LeaderAccept
1785428807745,false,1785428807766,LeaderAccept
1785428807760,false,1785428807782,LeaderAccept
1785428807777,false,1785428807798,LeaderAccept
1785428807792,false,1785428807814,LeaderAccept
1785428807808,true,1785428807830,LeaderAccept
1785428807824,true,1785428807846,LeaderAccept
1785428807841,false,1785428807863,LeaderAccept
1785428807857,false,1785428807879,LeaderAccept
1785428807875,false,1785428807896,LeaderAccept
1785428807892,true,1785428807913,LeaderAccept
1785428807909,false,1785428807931,LeaderAccept
1785428807926,true,1785428807948,LeaderAccept
1785428807944,false,1785428807965,LeaderAccept
1785428807961,true,1785428807983,LeaderAccept
1785428807979,true,1785428808001,LeaderAccept
1785428807998,true,1785428808019,LeaderAccept
1785428808016,false,1785428808038,LeaderAccept
1785428808034,false,1785428808056,LeaderAccept
1785428808052,true,1785428808074,LeaderAccept
1785428808071,true,1785428808092,LeaderAccept
1785428808090,true,1785428808112,LeaderAccept
1785428808109,true,1785428808131,LeaderAccept
1785428808129,false,1785428808150,LeaderAccept
1785428808149,true,1785428808171,LeaderAccept
1785428808169,true,1785428808190,LeaderAccept
1785428808189,false,1785428808211,LeaderAccept
1785428808208,false,1785428808230,LeaderAccept
1785428808229,false,1785428808250,LeaderAccept
1785428808249,true,1785428808270,LeaderAccept
1785428808270,false,1785428808291,LeaderAccept
1785428808290,true,1785428808312,LeaderAccept
1785428808311,false,1785428808333,LeaderAccept
1785428808332,false,1785428808354,LeaderAccept
1785428808354,false,1785428808375,LeaderAccept
1785428808376,true,1785428808397,LeaderAccept
1785428808397,true,1785428808419,LeaderAccept
1785428808418,true,1785428808440,LeaderAccept
1785428808441,true,1785428808462,LeaderAccept
1785428808463,false,1785428808485,LeaderAccept
1785428808486,false,1785428808507,LeaderAccept
1785428808509,false,1785428808531,LeaderAccept
1785428808533,true,1785428808554,LeaderAccept
1785428808557,false,1785428808578,LeaderAccept
1785428808581,false,1785428808602,LeaderAccept
1785428808606,true,1785428808627,LeaderAccept
1785428808629,true,1785428808651,LeaderAccept
1785428808654,true,1785428808675,LeaderAccept
1785428808679,true,1785428808700,LeaderAccept
1785428808704,true,1785428808726,LeaderAccept
1785428808730,false,1785428808752,LeaderAccept
1785428808756,true,1785428808778,LeaderAccept
1785428808782,true,1785428808803,LeaderAccept
1785428808808,true,1785428808830,LeaderAccept
1785428808835,true,1785428808856,LeaderAccept
1785428808862,true,1785428808883,LeaderAccept
1785428808889,false,1785428808911,LeaderAccept
1785428808917,false,1785428808938,LeaderAccept
1785428808945,true,1785428808966,LeaderAccept
1785428808972,false,1785428808994,LeaderAccept
1785428809002,true,1785428809023,LeaderAccept
1785428809031,true,1785428809053,LeaderAccept
1785428809061,true,1785428809082,LeaderAccept
1785428809091,false,1785428809113,LeaderAccept
1785428809122,true,1785428809143,LeaderAccept
1785428809152,true,1785428809174,LeaderAccept
1785428809184,true,1785428809206,LeaderAccept
1785428809216,false,1785428809238,LeaderAccept
1785428809249,false,1785428809270,LeaderAccept
1785428809282,true,1785428809303,LeaderAccept
1785428809314,false,1785428809336,LeaderAccept
1785428809349,true,1785428809370,LeaderAccept
1785428809384,true,1785428809405,LeaderAccept
1785428809419,false,1785428809440,LeaderAccept
1785428809454,false,1785428809476,LeaderAccept
1785428809491,true,1785428809513,LeaderAccept
1785428809529,true,1785428809551,LeaderAccept
1785428809567,false,1785428809588,LeaderAccept
1785428809606,true,1785428809627,LeaderAccept
1785428809644,true,1785428809666,LeaderAccept
1785428809684,false,1785428809706,LeaderAccept
1785428809725,false,1785428809747,LeaderAccept
1785428809767,true,1785428809789,LeaderAccept
1785428809809,true,1785428809831,LeaderAccept
1785428809852,true,1785428809874,LeaderAccept
1785428809896,false,1785428809918,LeaderAccept
1785428809941,false,1785428809963,LeaderAccept
1785428809988,true,1785428810010,LeaderAccept
1785428810036,false,1785428810058,LeaderAccept
1785428810085,true,1785428810106,LeaderAccept
1785428810135,true,1785428810157,LeaderAccept
1785428810186,false,1785428810208,LeaderAccept
1785428810238,false,1785428810260,LeaderAccept
1785428810292,true,1785428810314,LeaderAccept
1785428810347,true,1785428810369,LeaderAccept
1785428810404,true,1785428810425,LeaderAccept
1785428810462,true,1785428810483,LeaderAccept
1785428810522,false,1785428810544,LeaderAccept
1785428810582,false,1785428810604,LeaderAccept
1785428810646,false,1785428810668,LeaderAccept
1785428810711,false,1785428810733,LeaderAccept
1785428810779,true,1785428810801,LeaderAccept
1785428810848,false,1785428810870,LeaderAccept
1785428810920,true,1785428810942,LeaderAccept
1785428810994,false,1785428811016,LeaderAccept
1785428811071,true,1785428811093,LeaderAccept
1785428811152,false,1785428811174,LeaderAccept
1785428811235,false,1785428811257,LeaderAccept
1785428811323,true,1785428811344,LeaderAccept
1785428811414,false,1785428811436,LeaderAccept
1785428811509,false,1785428811531,LeaderAccept
1785428811609,false,1785428811631,LeaderAccept
1785428811714,true,1785428811736,LeaderAccept
1785428811825,false,1785428811847,LeaderAccept
1785428811942,true,1785428811963,LeaderAccept
1785428812064,true,1785428812086,LeaderAccept
1785428812196,true,1785428812217,LeaderAccept
1785428812336,true,1785428812357,LeaderAccept
1785428812486,true,1785428812507,LeaderAccept
1785428812648,true,1785428812669,LeaderAccept
1785428812823,true,1785428812845,LeaderAccept
1785428813013,false,1785428813035,LeaderAccept
1785428813223,true,1785428813245,LeaderAccept
1785428813456,true,1785428813478,LeaderAccept
1785428813718,false,1785428813739,LeaderAccept
1785428814017,true,1785428814039,LeaderAccept
1785428814363,false,1785428814385,LeaderAccept
1785428814775,true,1785428814797,LeaderAccept
1785428815279,false,,
1785428815929,false,1785428815950,LeaderAccept
1785428816826,true,1785428816848,LeaderAccept
1785428818232,true,1785428818254,LeaderAccept
1785428821071,false,1785428821092,LeaderAccept
1785428827631,false,1785428827653,LeaderAccept
1785428827650,false,1785428827671,LeaderAccept
1785428827668,false,1785428827690,LeaderAccept
1785428827687,true,1785428827709,LeaderAccept
1785428827706,true,1785428827728,LeaderAccept
1785428827725,false,1785428827747,LeaderAccept
1785428827745,false,1785428827767,LeaderAccept
1785428827765,false,1785428827787,LeaderAccept
1785428827785,true,1785428827806,LeaderAccept
1785428827805,true,1785428827826,LeaderAccept
1785428827825,true,1785428827846,LeaderAccept
1785428827844,false,1785428827866,LeaderAccept
1785428827864,false,1785428827886,LeaderAccept
1785428827886,false,1785428827907,LeaderAccept
1785428827907,true,1785428827928,LeaderAccept
1785428827928,false,1785428827949,LeaderAccept
1785428827948,true,1785428827970,LeaderAccept
1785428827969,true,,
1785428827991,true,1785428828012,LeaderAccept
1785428828012,false,1785428828033,LeaderAccept
1785428828034,false,1785428828056,LeaderAccept
1785428828057,false,1785428828078,LeaderAccept
1785428828079,false,1785428828100,LeaderAccept
1785428828101,false,1785428828123,LeaderAccept
1785428828124,false,1785428828146,LeaderAccept
1785428828148,false,1785428828169,LeaderAccept
1785428828172,false,1785428828193,LeaderAccept
1785428828195,false,1785428828217,LeaderAccept
1785428828219,false,1785428828241,LeaderAccept
1785428828244,false,1785428828265,LeaderAccept
1785428828269,true,1785428828290,LeaderAccept
1785428828293,false,1785428828315,LeaderAccept
1785428828319,false,1785428828340,LeaderAccept
1785428828345,false,1785428828366,LeaderAccept
1785428828371,false,1785428828393,LeaderAccept
1785428828398,true,1785428828419,LeaderAccept
1785428828424,true,1785428828446,LeaderAccept
1785428828452,true,1785428828473,LeaderAccept
1785428828480,true,1785428828501,LeaderAccept
1785428828507,false,1785428828529,LeaderAccept
1785428828536,true,1785428828557,LeaderAccept
1785428828564,true,1785428828586,LeaderAccept
1785428828594,true,1785428828615,LeaderAccept
1785428828622,true,1785428828644,LeaderAccept
1785428828652,true,1785428828673,LeaderAccept
1785428828682,true,1785428828704,LeaderAccept
1785428828713,false,1785428828734,LeaderAccept
1785428828743,true,1785428828765,LeaderAccept
1785428828775,true,1785428828797,LeaderAccept
1785428828807,true,1785428828828,LeaderAccept
1785428828840,true,1785428828861,LeaderAccept
1785428828872,true,1785428828894,LeaderAccept
1785428828905,false,1785428828927,LeaderAccept
1785428828940,true,1785428828962,LeaderAccept
1785428828975,true,1785428828997,LeaderAccept
1785428829011,false,1785428829033,LeaderAccept
1785428829047,true,1785428829068,LeaderAccept
1785428829084,true,1785428829105,LeaderAccept
1785428829120,false,1785428829142,LeaderAccept
1785428829158,false,1785428829180,LeaderAccept
1785428829197,true,1785428829219,LeaderAccept
1785428829237,true,1785428829258,LeaderAccept
1785428829276,false,1785428829298,LeaderAccept
1785428829317,false,1785428829339,LeaderAccept
1785428829359,false,1785428829380,LeaderAccept
1785428829402,true,1785428829423,LeaderAccept
1785428829445,false,1785428829466,LeaderAccept
1785428829489,false,1785428829510,LeaderAccept
1785428829534,true,1785428829555,LeaderAccept
1785428829579,true,1785428829601,LeaderAccept
1785428829627,true,1785428829648,LeaderAccept
1785428829676,true,1785428829697,LeaderAccept
1785428829726,false,1785428829747,LeaderAccept
1785428829776,true,1785428829798,LeaderAccept
1785428829828,true,1785428829850,LeaderAccept
1785428829881,false,1785428829903,LeaderAccept
1785428829936,false,1785428829958,LeaderAccept
1785428829993,true,1785428830015,LeaderAccept
1785428830051,true,1785428830072,LeaderAccept
1785428830110,false,1785428830132,LeaderAccept
1785428830171,false,1785428830193,LeaderAccept
1785428830234,true,1785428830256,LeaderAccept
1785428830300,false,1785428830322,LeaderAccept
1785428830368,true,1785428830390,LeaderAccept
1785428830438,false,1785428830459,LeaderAccept
1785428830510,true,1785428830531,LeaderAccept
1785428830585,false,1785428830606,LeaderAccept
1785428830661,true,1785428830683,LeaderAccept
1785428830741,true,1785428830763,LeaderAccept
1785428830825,true,1785428830846,LeaderAccept
1785428830912,false,1785428830933,LeaderAccept
1785428831003,false,1785428831024,LeaderAccept
1785428831098,true,1785428831119,LeaderAccept
1785428831198,false,,
1785428831302,false,1785428831324,LeaderAccept
1785428831413,true,1785428831443,LeaderAccept
1785428831530,true,1785428831552,LeaderAccept
1785428831653,true,1785428831674,LeaderAccept
1785428831785,false,1785428831806,LeaderAccept
1785428831924,false,1785428831946,LeaderAccept
1785428832074,true,1785428832104,LeaderAccept
1785428832236,false,1785428832258,LeaderAccept
1785428832411,false,1785428832432,LeaderAccept
1785428832602,false,1785428832623,LeaderAccept
1785428832810,false,1785428832832,LeaderAccept
1785428833042,false,1785428833064,LeaderAccept
1785428833303,true,1785428833325,LeaderAccept
1785428833600,false,1785428833627,LeaderAccept
1785428833945,false,1785428833971,LeaderAccept
1785428834354,false,1785428834375,LeaderAccept
1785428834856,false,,
1785428835501,true,1785428835523,LeaderAccept
1785428836391,true,1785428836412,LeaderAccept
1785428837779,false,1785428837800,LeaderAccept
1785428840554,true,1785428840575,LeaderAccept
1785428851663,false,1785428851685,LeaderAccept
