request_time,write,response_time,accept_status
1785428207559,false,1785428207595,FastAccept
1785428208134,true,1785428208171,FastAccept
1785428208165,true,1785428208201,FastAccept
1785428208196,false,1785428208232,FastAccept
1785428208228,true,1785428208264,FastAccept
1785428208260,true,1785428208315,SlowAccept
1785428208293,true,1785428208329,FastAccept
1785428208326,true,1785428208362,FastAccept
1785428208359,true,1785428208395,FastAccept
1785428208394,true,1785428208430,FastAccept
1785428208429,false,1785428208465,FastAccept
1785428208464,false,1785428208500,FastAccept
1785428208500,false,1785428208536,FastAccept
1785428208536,true,1785428208572,FastAccept
1785428208573,true,1785428208609,FastAccept
1785428208611,true,1785428208652,FastAccept
1785428208650,true,1785428208686,FastAccept
1785428208690,false,1785428208726,FastAccept
1785428208730,false,1785428208791,SlowAccept
1785428208771,false,1785428208808,FastAccept
1785428208813,false,1785428208850,FastAccept
1785428208856,true,1785428208892,FastAccept
1785428208899,true,1785428208935,FastAccept
1785428208944,false,1785428208980,FastAccept
1785428208989,true,1785428209025,FastAccept
1785428209035,false,,
1785428209083,true,1785428209119,FastAccept
1785428209132,false,1785428209168,FastAccept
1785428209181,true,1785428209217,FastAccept
1785428209232,true,1785428209268,FastAccept
1785428209284,true,1785428209321,FastAccept
1785428209338,true,1785428209375,FastAccept
1785428209393,false,1785428209430,FastAccept
1785428209449,false,1785428209500,SlowAccept
1785428209507,true,1785428209543,FastAccept
1785428209567,true,,
1785428209630,true,1785428209666,FastAccept
1785428209693,false,,
1785428209759,false,1785428209795,FastAccept
1785428209827,false,1785428209864,FastAccept
1785428209897,false,1785428209933,FastAccept
1785428209969,false,,
1785428210044,true,1785428210081,FastAccept
1785428210122,false,1785428210158,FastAccept
1785428210203,false,1785428210239,FastAccept
1785428210287,true,1785428210324,FastAccept
1785428210375,true,1785428210412,FastAccept
1785428210466,true,1785428210502,FastAccept
1785428210562,true,1785428210599,FastAccept
1785428210662,true,1785428210699,FastAccept
1785428210767,false,1785428210804,FastAccept
1785428210879,true,1785428210915,FastAccept
1785428210996,false,1785428211033,FastAccept
1785428211121,true,1785428211157,FastAccept
1785428211253,true,1785428211290,FastAccept
1785428211394,true,1785428211435,FastAccept
1785428211546,true,1785428211583,FastAccept
1785428211709,false,1785428211746,FastAccept
1785428211886,true,1785428211923,FastAccept
1785428212080,true,1785428212117,FastAccept
1785428212293,true,,
1785428212530,false,1785428212567,FastAccept
1785428212797,false,1785428212833,FastAccept
1785428213101,true,1785428213138,FastAccept
1785428213455,true,1785428213491,FastAccept
1785428213878,false,1785428213919,FastAccept
1785428214399,true,,
1785428215075,false,1785428215113,LeaderAccept
1785428216022,false,1785428216060,LeaderAccept
1785428217543,true,1785428217579,FastAccept
1785428220794,false,1785428220830,FastAccept
1785428224432,false,1785428224469,FastAccept
1785428224464,true,1785428224505,FastAccept
1785428224496,false,1785428224532,FastAccept
1785428224530,false,,
1785428224563,false,1785428224599,FastAccept
1785428224597,true,1785428224633,FastAccept
1785428224632,false,1785428224668,FastAccept
1785428224667,true,1785428224703,FastAccept
1785428224703,true,1785428224760,SlowAccept
1785428224739,false,1785428224775,FastAccept
1785428224776,false,,
1785428224814,true,1785428224850,FastAccept
1785428224853,false,1785428224889,FastAccept
1785428224893,true,1785428224929,FastAccept
1785428224933,true,1785428224969,FastAccept
1785428224974,true,,
1785428225016,true,1785428225053,FastAccept
1785428225059,true,1785428225095,FastAccept
1785428225102,true,1785428225138,FastAccept
1785428225147,true,1785428225183,FastAccept
1785428225192,true,1785428225233,FastAccept
1785428225239,false,1785428225275,FastAccept
1785428225286,true,,
1785428225335,false,1785428225371,FastAccept
1785428225384,false,1785428225420,FastAccept
1785428225436,true,1785428225471,FastAccept
1785428225488,false,1785428225525,FastAccept
1785428225542,true,1785428225604,SlowAccept
1785428225597,true,1785428225634,FastAccept
1785428225653,true,1785428225689,FastAccept
1785428225712,true,1785428225748,FastAccept
1785428225772,false,1785428225807,FastAccept
1785428225833,true,1785428225870,FastAccept
1785428225897,true,1785428225933,FastAccept
1785428225963,true,,
1785428226030,false,1785428226067,FastAccept
1785428226100,false,1785428226137,FastAccept
1785428226172,false,1785428226209,FastAccept
1785428226247,true,1785428226284,FastAccept
1785428226325,false,1785428226361,FastAccept
1785428226406,true,1785428226442,FastAccept
1785428226490,false,1785428226527,FastAccept
1785428226578,true,1785428226615,FastAccept
1785428226670,false,1785428226707,FastAccept
1785428226766,true,1785428226802,FastAccept
1785428226867,true,1785428226903,FastAccept
1785428226973,false,,
1785428227084,false,1785428227121,FastAccept
1785428227202,false,1785428227238,FastAccept
1785428227327,false,1785428227363,FastAccept
1785428227459,false,1785428227495,FastAccept
1785428227601,false,1785428227637,FastAccept
1785428227753,true,1785428227789,FastAccept
1785428227918,false,1785428227954,FastAccept
1785428228095,true,1785428228132,FastAccept
1785428228290,false,1785428228327,FastAccept
1785428228504,true,1785428228540,FastAccept
1785428228742,false,1785428228778,FastAccept
1785428229011,false,1785428229047,FastAccept
1785428229317,false,1785428229353,FastAccept
1785428229674,true,1785428229711,FastAccept
1785428230100,true,1785428230136,FastAccept
1785428230627,true,1785428230663,FastAccept
1785428231312,true,1785428231348,FastAccept
1785428232277,false,1785428232313,FastAccept
1785428233840,true,1785428233877,FastAccept
1785428237255,false,,
1785428256079,false,1785428256115,FastAccept
1785428288249,true,,
1785428288282,true,1785428288318,FastAccept
1785428288315,true,1785428288352,FastAccept
1785428288349,true,1785428288385,FastAccept
1785428288383,false,1785428288419,FastAccept
1785428288418,false,1785428288468,SlowAccept
1785428288454,false,1785428288490,FastAccept
1785428288489,true,1785428288525,FastAccept
1785428288527,true,1785428288563,FastAccept
1785428288563,true,1785428288599,FastAccept
1785428288600,false,1785428288655,SlowAccept
1785428288638,false,1785428288674,FastAccept
1785428288678,true,1785428288714,FastAccept
1785428288717,false,,
1785428288757,true,1785428288793,FastAccept
1785428288799,true,1785428288835,FastAccept
1785428288841,false,1785428288877,FastAccept
1785428288884,true,1785428288921,FastAccept
1785428288928,true,,
1785428288972,false,1785428289009,FastAccept
1785428289018,true,1785428289054,FastAccept
1785428289065,true,1785428289101,FastAccept
1785428289113,true,1785428289149,FastAccept
1785428289162,false,,
1785428289212,true,1785428289248,FastAccept
1785428289263,true,1785428289299,FastAccept
1785428289316,true,1785428289352,FastAccept
1785428289370,true,1785428289406,FastAccept
1785428289427,false,1785428289463,FastAccept
1785428289484,false,1785428289521,FastAccept
1785428289544,false,1785428289580,FastAccept
1785428289604,true,,
1785428289667,false,1785428289704,FastAccept
1785428289732,true,1785428289768,FastAccept
1785428289799,false,1785428289835,FastAccept
1785428289868,true,1785428289904,FastAccept
1785428289938,true,,
1785428290012,false,1785428290048,FastAccept
1785428290088,true,1785428290124,FastAccept
1785428290167,false,1785428290203,FastAccept
1785428290249,true,1785428290285,FastAccept
1785428290334,true,1785428290371,FastAccept
1785428290424,true,1785428290460,FastAccept
1785428290517,false,1785428290554,FastAccept
1785428290615,true,1785428290651,FastAccept
1785428290718,false,1785428290755,FastAccept
1785428290826,true,1785428290863,FastAccept
1785428290940,false,1785428290977,FastAccept
1785428291061,false,1785428291097,FastAccept
1785428291189,false,1785428291225,FastAccept
1785428291326,true,1785428291362,FastAccept
1785428291471,false,1785428291508,FastAccept
1785428291629,false,,
1785428291798,true,1785428291835,FastAccept
1785428291983,false,1785428292020,FastAccept
1785428292185,false,1785428292222,FastAccept
1785428292409,true,1785428292446,FastAccept
1785428292659,false,1785428292696,FastAccept
1785428292942,true,,
1785428293268,true,1785428293327,SlowAccept
1785428293651,true,1785428293692,FastAccept
1785428294115,true,,
1785428294700,false,,
1785428295483,true,1785428295524,FastAccept
1785428296640,false,1785428296678,LeaderAccept
1785428298701,true,1785428298740,LeaderAccept
1785428304480,true,1785428304521,FastAccept
1785428332649,true,1785428332691,FastAccept
1785428332677,true,1785428332713,FastAccept
1785428332705,false,1785428332741,FastAccept
1785428332734,false,1785428332769,FastAccept
1785428332762,true,,
1785428332791,true,1785428332827,FastAccept
1785428332820,true,1785428332856,FastAccept
1785428332850,true,1785428332891,FastAccept
1785428332880,true,1785428332916,FastAccept
1785428332911,false,1785428332948,FastAccept
1785428332942,false,1785428332978,FastAccept
1785428332974,true,,
1785428333006,false,1785428333042,FastAccept
1785428333039,true,1785428333076,FastAccept
1785428333073,true,1785428333114,FastAccept
1785428333107,false,1785428333143,FastAccept
1785428333141,true,1785428333177,FastAccept
1785428333176,true,1785428333212,FastAccept
1785428333212,true,1785428333267,SlowAccept
1785428333248,true,1785428333284,FastAccept
1785428333285,false,1785428333322,FastAccept
1785428333323,false,1785428333359,FastAccept
1785428333361,true,1785428333398,FastAccept
1785428333400,true,1785428333436,FastAccept
1785428333439,false,1785428333475,FastAccept
1785428333480,false,1785428333516,FastAccept
1785428333521,true,1785428333558,FastAccept
1785428333563,false,1785428333599,FastAccept
1785428333606,true,1785428333642,FastAccept
1785428333650,false,1785428333686,FastAccept
1785428333695,false,1785428333731,FastAccept
1785428333740,false,1785428333776,FastAccept
1785428333786,true,1785428333822,FastAccept
1785428333834,false,1785428333871,FastAccept
1785428333883,false,1785428333919,FastAccept
1785428333933,true,1785428333969,FastAccept
1785428333984,false,,
1785428334036,false,1785428334073,FastAccept
1785428334090,false,1785428334126,FastAccept
1785428334145,true,1785428334182,FastAccept
1785428334202,false,1785428334238,FastAccept
1785428334260,false,1785428334296,FastAccept
1785428334321,false,1785428334357,FastAccept
1785428334382,true,,
1785428334446,true,1785428334482,FastAccept
1785428334512,false,1785428334548,FastAccept
1785428334581,true,1785428334617,FastAccept
1785428334651,false,1785428334688,FastAccept
1785428334724,true,1785428334760,FastAccept
1785428334800,false,1785428334836,FastAccept
1785428334878,true,1785428334914,FastAccept
1785428334961,true,,
1785428335046,false,1785428335082,FastAccept
1785428335134,false,1785428335171,FastAccept
1785428335227,true,1785428335263,FastAccept
1785428335325,false,1785428335361,FastAccept
1785428335426,false,1785428335462,FastAccept
1785428335533,true,1785428335569,FastAccept
1785428335645,true,1785428335682,FastAccept
1785428335764,true,1785428335801,FastAccept
1785428335891,false,1785428335927,FastAccept
1785428336025,true,1785428336061,FastAccept
1785428336169,false,1785428336205,FastAccept
1785428336323,false,1785428336359,FastAccept
1785428336490,false,1785428336531,FastAccept
1785428336670,true,,
1785428336868,false,,
1785428337086,true,1785428337124,LeaderAccept
1785428337330,true,1785428337373,LeaderAccept
1785428337604,true,1785428337648,LeaderAccept
1785428337920,true,1785428337958,LeaderAccept
1785428338288,false,1785428338332,LeaderAccept
1785428338731,true,1785428338775,LeaderAccept
1785428339284,true,1785428339342,SlowAccept
1785428340012,true,1785428340053,FastAccept
1785428341058,false,,
1785428342823,false,1785428342864,FastAccept
1785428347085,false,1785428347121,FastAccept
1785428376005,true,1785428376042,FastAccept
1785428376032,true,1785428376068,FastAccept
1785428376059,true,1785428376094,FastAccept
1785428376086,true,,
1785428376114,true,1785428376150,FastAccept
1785428376142,false,1785428376179,FastAccept
1785428376172,true,1785428376208,FastAccept
1785428376200,true,1785428376236,FastAccept
1785428376229,true,1785428376265,FastAccept
1785428376260,true,1785428376296,FastAccept
1785428376291,false,1785428376327,FastAccept
1785428376321,false,1785428376358,FastAccept
1785428376352,true,1785428376388,FastAccept
1785428376384,true,1785428376420,FastAccept
1785428376416,false,1785428376453,FastAccept
1785428376449,false,1785428376485,FastAccept
1785428376482,false,1785428376519,FastAccept
1785428376516,true,1785428376553,FastAccept
1785428376550,false,1785428376587,FastAccept
1785428376584,true,1785428376621,FastAccept
1785428376619,true,1785428376656,FastAccept
1785428376655,true,1785428376692,FastAccept
1785428376692,true,1785428376728,FastAccept
1785428376729,true,1785428376766,FastAccept
1785428376767,true,1785428376803,FastAccept
1785428376805,true,1785428376842,FastAccept
1785428376844,true,1785428376880,FastAccept
1785428376884,true,1785428376921,FastAccept
1785428376924,false,1785428376961,FastAccept
1785428376965,true,1785428377001,FastAccept
1785428377008,false,1785428377044,FastAccept
1785428377052,true,1785428377088,FastAccept
1785428377096,false,1785428377132,FastAccept
1785428377141,true,1785428377177,FastAccept
1785428377188,true,1785428377224,FastAccept
1785428377235,false,1785428377272,FastAccept
1785428377283,true,1785428377320,FastAccept
1785428377333,true,1785428377369,FastAccept
1785428377383,false,1785428377420,FastAccept
1785428377435,false,1785428377471,FastAccept
1785428377489,true,1785428377525,FastAccept
1785428377544,false,1785428377580,FastAccept
1785428377600,true,1785428377636,FastAccept
1785428377658,true,1785428377694,FastAccept
1785428377718,false,1785428377754,FastAccept
1785428377778,false,1785428377814,FastAccept
1785428377841,false,1785428377877,FastAccept
1785428377906,false,1785428377943,FastAccept
1785428377973,true,1785428378010,FastAccept
1785428378042,true,1785428378078,FastAccept
1785428378114,true,1785428378150,FastAccept
1785428378188,false,1785428378224,FastAccept
1785428378265,true,1785428378301,FastAccept
1785428378345,false,1785428378382,FastAccept
1785428378428,false,1785428378465,FastAccept
1785428378516,false,1785428378551,FastAccept
1785428378606,true,1785428378642,FastAccept
1785428378700,true,1785428378736,FastAccept
1785428378799,true,1785428378836,FastAccept
1785428378903,true,1785428378940,FastAccept
1785428379013,false,1785428379050,FastAccept
1785428379129,true,1785428379166,FastAccept
1785428379252,false,1785428379288,FastAccept
1785428379382,false,1785428379418,FastAccept
1785428379521,true,1785428379558,FastAccept
1785428379671,false,1785428379707,FastAccept
1785428379831,false,1785428379868,FastAccept
1785428380004,false,1785428380040,FastAccept
1785428380193,false,1785428380229,FastAccept
1785428380400,false,1785428380437,FastAccept
1785428380630,true,1785428380666,FastAccept
1785428380887,false,1785428380943,SlowAccept
1785428381180,true,1785428381221,FastAccept
1785428381518,false,,
1785428381919,false,1785428381955,FastAccept
1785428382409,false,1785428382451,FastAccept
1785428383035,false,1785428383071,FastAccept
1785428383891,false,1785428383927,FastAccept
1785428385201,false,1785428385238,FastAccept
1785428387725,false,1785428387762,FastAccept
1785428396634,false,,
1785428399357,false,,
1785428399381,false,1785428399418,FastAccept
1785428399406,false,1785428399442,FastAccept
1785428399431,false,1785428399468,FastAccept
1785428399457,true,1785428399493,FastAccept
1785428399483,true,,
1785428399510,false,1785428399546,FastAccept
1785428399537,true,1785428399573,FastAccept
1785428399563,false,1785428399600,FastAccept
1785428399591,true,1785428399627,FastAccept
1785428399618,false,,
1785428399646,true,1785428399683,FastAccept
1785428399675,true,1785428399711,FastAccept
1785428399703,true,1785428399739,FastAccept
1785428399732,true,1785428399769,FastAccept
1785428399762,true,1785428399824,SlowAccept
1785428399792,true,1785428399829,FastAccept
1785428399822,true,1785428399858,FastAccept
1785428399853,true,1785428399889,FastAccept
1785428399885,false,1785428399921,FastAccept
1785428399916,false,1785428399957,FastAccept
1785428399949,false,1785428399985,FastAccept
1785428399982,false,1785428400019,FastAccept
1785428400016,false,1785428400052,FastAccept
1785428400051,false,1785428400086,FastAccept
1785428400086,false,1785428400122,FastAccept
1785428400121,false,1785428400157,FastAccept
1785428400157,true,1785428400193,FastAccept
1785428400193,false,1785428400229,FastAccept
1785428400230,false,1785428400266,FastAccept
1785428400268,false,1785428400303,FastAccept
1785428400306,false,1785428400342,FastAccept
1785428400344,false,1785428400380,FastAccept
1785428400383,false,1785428400420,FastAccept
1785428400424,false,1785428400460,FastAccept
1785428400465,false,1785428400501,FastAccept
1785428400507,true,1785428400543,FastAccept
1785428400550,true,1785428400586,FastAccept
1785428400594,true,1785428400630,FastAccept
1785428400638,false,1785428400675,FastAccept
1785428400683,true,1785428400719,FastAccept
1785428400730,false,1785428400767,FastAccept
1785428400777,false,1785428400814,FastAccept
1785428400826,true,1785428400864,FastAccept
1785428400876,false,1785428400913,FastAccept
1785428400927,true,1785428400964,FastAccept
1785428400980,false,1785428401016,FastAccept
1785428401034,false,1785428401071,FastAccept
1785428401090,false,1785428401127,FastAccept
1785428401147,false,1785428401184,FastAccept
1785428401206,false,1785428401243,FastAccept
1785428401266,true,1785428401302,FastAccept
1785428401328,false,1785428401364,FastAccept
1785428401393,false,1785428401429,FastAccept
1785428401459,false,1785428401496,FastAccept
1785428401528,false,1785428401565,FastAccept
1785428401599,false,1785428401635,FastAccept
1785428401672,false,1785428401709,FastAccept
1785428401749,true,1785428401786,FastAccept
1785428401827,false,1785428401864,FastAccept
1785428401909,true,1785428401945,FastAccept
1785428401994,false,1785428402030,FastAccept
1785428402083,false,1785428402119,FastAccept
1785428402175,false,1785428402211,FastAccept
1785428402272,false,1785428402308,FastAccept
1785428402373,false,1785428402411,FastAccept
1785428402480,true,1785428402517,FastAccept
1785428402593,false,1785428402630,FastAccept
1785428402712,false,1785428402749,FastAccept
1785428402839,false,1785428402876,FastAccept
1785428402974,false,1785428403011,FastAccept
1785428403118,true,1785428403155,FastAccept
1785428403273,true,1785428403309,FastAccept
1785428403441,true,1785428403477,FastAccept
1785428403622,false,1785428403658,FastAccept
1785428403820,false,1785428403857,FastAccept
1785428404039,true,1785428404075,FastAccept
1785428404284,false,1785428404320,FastAccept
1785428404560,false,1785428404596,FastAccept
1785428404877,false,1785428404913,FastAccept
1785428405248,false,1785428405284,FastAccept
1785428405694,true,1785428405730,FastAccept
1785428406252,true,1785428406288,FastAccept
1785428406990,true,1785428407026,FastAccept
1785428408054,false,1785428408090,FastAccept
1785428409866,false,1785428409902,FastAccept
1785428414349,true,1785428414386,FastAccept
1785428440876,true,1785428440912,FastAccept
1785428440904,false,1785428440941,FastAccept
1785428440933,true,1785428440970,FastAccept
1785428440963,false,1785428440999,FastAccept
1785428440993,true,1785428441029,FastAccept
1785428441023,false,1785428441059,FastAccept
1785428441053,false,1785428441089,FastAccept
1785428441084,true,1785428441121,FastAccept
1785428441117,true,1785428441153,FastAccept
1785428441149,false,1785428441185,FastAccept
1785428441182,false,1785428441218,FastAccept
1785428441215,true,1785428441251,FastAccept
1785428441249,false,1785428441285,FastAccept
1785428441283,false,1785428441319,FastAccept
1785428441318,true,1785428441354,FastAccept
1785428441353,true,1785428441389,FastAccept
1785428441389,false,1785428441425,FastAccept
1785428441425,false,1785428441461,FastAccept
1785428441462,true,1785428441498,FastAccept
1785428441500,true,1785428441536,FastAccept
1785428441539,false,1785428441575,FastAccept
1785428441579,false,1785428441614,FastAccept
1785428441619,false,1785428441654,FastAccept
1785428441659,false,1785428441695,FastAccept
1785428441701,true,1785428441737,FastAccept
1785428441744,false,1785428441780,FastAccept
1785428441789,true,1785428441825,FastAccept
1785428441833,true,1785428441869,FastAccept
1785428441879,true,1785428441915,FastAccept
1785428441925,true,1785428441961,FastAccept
1785428441972,true,1785428442008,FastAccept
1785428442021,false,1785428442057,FastAccept
1785428442071,false,1785428442108,FastAccept
1785428442122,false,1785428442158,FastAccept
1785428442174,true,1785428442211,FastAccept
1785428442228,false,1785428442264,FastAccept
1785428442283,false,1785428442319,FastAccept
1785428442339,false,1785428442375,FastAccept
1785428442397,false,1785428442433,FastAccept
1785428442456,true,1785428442492,FastAccept
1785428442518,false,1785428442555,FastAccept
1785428442582,false,1785428442618,FastAccept
1785428442647,false,1785428442683,FastAccept
1785428442715,true,1785428442751,FastAccept
1785428442785,false,1785428442821,FastAccept
1785428442857,true,1785428442893,FastAccept
1785428442932,true,1785428442969,FastAccept
1785428443010,false,1785428443046,FastAccept
1785428443091,true,1785428443127,FastAccept
1785428443175,true,1785428443212,FastAccept
1785428443263,false,1785428443300,FastAccept
1785428443355,false,1785428443391,FastAccept
1785428443451,false,1785428443487,FastAccept
1785428443552,false,1785428443588,FastAccept
1785428443657,false,1785428443694,FastAccept
1785428443768,false,1785428443804,FastAccept
1785428443885,true,1785428443922,FastAccept
1785428444009,false,1785428444046,FastAccept
1785428444141,false,1785428444178,FastAccept
1785428444282,true,1785428444318,FastAccept
1785428444433,true,1785428444470,FastAccept
1785428444597,true,1785428444633,FastAccept
1785428444774,false,1785428444810,FastAccept
1785428444967,true,1785428445004,FastAccept
1785428445180,false,1785428445216,FastAccept
1785428445417,true,1785428445453,FastAccept
1785428445684,false,1785428445720,FastAccept
1785428445988,false,1785428446025,FastAccept
1785428446343,true,1785428446380,FastAccept
1785428446765,true,1785428446801,FastAccept
1785428447286,true,1785428447322,FastAccept
1785428447962,false,1785428447998,FastAccept
1785428448910,true,1785428448947,FastAccept
1785428450433,false,1785428450469,FastAccept
1785428453689,false,1785428453725,FastAccept
1785428455810,false,1785428455851,FastAccept
1785428455840,false,1785428455876,FastAccept
1785428455871,false,,
1785428455903,false,,
1785428455935,false,,
1785428455967,false,1785428456011,LeaderAccept
1785428456000,false,1785428456043,LeaderAccept
1785428456033,false,1785428456072,LeaderAccept
1785428456068,false,1785428456106,LeaderAccept
1785428456102,false,1785428456141,LeaderAccept
1785428456137,false,1785428456180,LeaderAccept
1785428456174,false,1785428456217,LeaderAccept
1785428456210,false,1785428456254,LeaderAccept
1785428456247,true,1785428456285,LeaderAccept
1785428456284,false,1785428456324,LeaderAccept
1785428456323,true,1785428456361,LeaderAccept
1785428456362,false,1785428456406,LeaderAccept
1785428456402,false,1785428456446,LeaderAccept
1785428456442,true,1785428456482,LeaderAccept
1785428456484,false,1785428456523,LeaderAccept
1785428456526,true,1785428456565,LeaderAccept
1785428456570,true,1785428456609,LeaderAccept
1785428456614,false,1785428456658,LeaderAccept
1785428456659,false,1785428456704,LeaderAccept
1785428456705,false,1785428456744,LeaderAccept
1785428456752,false,1785428456792,LeaderAccept
1785428456800,true,1785428456840,LeaderAccept
1785428456850,false,1785428456890,LeaderAccept
1785428456901,true,1785428456945,LeaderAccept
1785428456953,false,1785428456997,LeaderAccept
1785428457006,false,1785428457045,LeaderAccept
1785428457060,false,1785428457098,LeaderAccept
1785428457117,false,1785428457156,LeaderAccept
1785428457174,true,1785428457213,LeaderAccept
1785428457234,true,1785428457278,LeaderAccept
1785428457295,false,1785428457334,LeaderAccept
1785428457358,true,1785428457397,LeaderAccept
1785428457424,true,1785428457462,LeaderAccept
1785428457490,true,1785428457529,LeaderAccept
1785428457559,false,,
1785428457632,false,1785428457676,LeaderAccept
1785428457706,true,1785428457743,FastAccept
1785428457783,true,1785428457819,FastAccept
1785428457863,true,1785428457899,FastAccept
1785428457947,true,1785428457983,FastAccept
1785428458033,false,1785428458094,SlowAccept
1785428458124,false,1785428458161,FastAccept
1785428458219,false,1785428458255,FastAccept
1785428458318,true,1785428458355,FastAccept
1785428458422,false,1785428458458,FastAccept
1785428458532,true,1785428458568,FastAccept
1785428458647,false,1785428458688,FastAccept
1785428458769,true,1785428458805,FastAccept
1785428458899,false,1785428458935,FastAccept
1785428459038,false,1785428459074,FastAccept
1785428459186,true,1785428459223,FastAccept
1785428459346,true,1785428459382,FastAccept
1785428459519,true,1785428459556,FastAccept
1785428459708,true,1785428459745,FastAccept
1785428459915,true,1785428459952,FastAccept
1785428460146,true,1785428460182,FastAccept
1785428460404,false,1785428460440,FastAccept
1785428460697,false,1785428460734,FastAccept
1785428461036,false,1785428461072,FastAccept
1785428461437,false,1785428461473,FastAccept
1785428461927,true,1785428461963,FastAccept
1785428462553,false,1785428462590,FastAccept
1785428463409,true,1785428463450,FastAccept
1785428464721,true,1785428464758,FastAccept
1785428467250,false,1785428467287,FastAccept
1785428476203,true,1785428476240,FastAccept
1785428503548,true,1785428503584,FastAccept
1785428503563,true,1785428503599,FastAccept
1785428503580,true,1785428503616,FastAccept
1785428503595,false,1785428503631,FastAccept
1785428503611,true,1785428503647,FastAccept
1785428503627,true,1785428503663,FastAccept
1785428503643,false,1785428503679,FastAccept
1785428503660,false,1785428503696,FastAccept
1785428503677,true,1785428503713,FastAccept
1785428503694,true,1785428503730,FastAccept
1785428503711,false,1785428503747,FastAccept
1785428503728,true,1785428503764,FastAccept
1785428503745,true,1785428503781,FastAccept
1785428503762,true,1785428503798,FastAccept
1785428503779,true,1785428503816,FastAccept
1785428503797,true,1785428503833,FastAccept
1785428503815,false,1785428503851,FastAccept
1785428503833,true,1785428503869,FastAccept
1785428503851,true,1785428503888,FastAccept
1785428503869,false,1785428503905,FastAccept
1785428503887,true,1785428503923,FastAccept
1785428503906,true,1785428503942,FastAccept
1785428503924,true,1785428503960,FastAccept
1785428503943,false,1785428503979,FastAccept
1785428503962,false,1785428503999,FastAccept
1785428503982,true,1785428504017,FastAccept
1785428504001,true,1785428504037,FastAccept
1785428504020,false,1785428504057,FastAccept
1785428504040,true,1785428504076,FastAccept
1785428504060,true,1785428504096,FastAccept
1785428504081,true,1785428504117,FastAccept
1785428504101,false,1785428504137,FastAccept
1785428504122,false,1785428504157,FastAccept
1785428504142,false,,
1785428504162,false,1785428504197,FastAccept
1785428504183,false,1785428504219,FastAccept
1785428504204,true,1785428504240,FastAccept
1785428504225,true,1785428504261,FastAccept
1785428504247,false,1785428504283,FastAccept
1785428504269,false,,
1785428504291,true,1785428504332,FastAccept
1785428504313,true,1785428504350,FastAccept
1785428504336,false,1785428504372,FastAccept
1785428504358,true,1785428504394,FastAccept
1785428504381,true,1785428504418,FastAccept
1785428504405,true,1785428504441,FastAccept
1785428504428,false,1785428504464,FastAccept
1785428504452,false,1785428504488,FastAccept
1785428504477,false,,
1785428504501,true,1785428504537,FastAccept
1785428504525,false,1785428504562,FastAccept
1785428504551,true,1785428504587,FastAccept
1785428504576,true,1785428504612,FastAccept
1785428504602,false,1785428504638,FastAccept
1785428504628,false,1785428504664,FastAccept
1785428504654,true,1785428504690,FastAccept
1785428504681,true,,
1785428504708,true,1785428504745,FastAccept
1785428504735,false,1785428504771,FastAccept
1785428504762,true,1785428504798,FastAccept
1785428504790,false,1785428504826,FastAccept
1785428504818,false,1785428504854,FastAccept
1785428504846,true,1785428504882,FastAccept
1785428504876,true,1785428504912,FastAccept
1785428504905,true,1785428504941,FastAccept
1785428504934,false,1785428504970,FastAccept
1785428504964,true,1785428505000,FastAccept
1785428504995,false,1785428505031,FastAccept
1785428505027,false,1785428505062,FastAccept
1785428505059,false,1785428505094,FastAccept
1785428505090,true,1785428505126,FastAccept
1785428505122,false,1785428505164,FastAccept
1785428505155,true,1785428505191,FastAccept
1785428505189,true,1785428505225,FastAccept
1785428505223,false,1785428505259,FastAccept
1785428505257,true,1785428505294,FastAccept
1785428505293,false,1785428505330,FastAccept
1785428505329,false,1785428505366,FastAccept
1785428505366,true,1785428505402,FastAccept
1785428505403,true,,
1785428505441,false,1785428505477,FastAccept
1785428505480,false,1785428505516,FastAccept
1785428505519,false,1785428505556,FastAccept
1785428505559,false,1785428505595,FastAccept
1785428505600,false,1785428505636,FastAccept
1785428505642,false,1785428505678,FastAccept
1785428505685,false,1785428505721,FastAccept
1785428505728,false,1785428505765,FastAccept
1785428505772,true,1785428505808,FastAccept
1785428505817,true,1785428505854,FastAccept
1785428505864,true,1785428505900,FastAccept
1785428505911,true,1785428505947,FastAccept
1785428505960,false,1785428505996,FastAccept
1785428506010,false,1785428506046,FastAccept
1785428506060,false,1785428506122,SlowAccept
1785428506113,false,1785428506149,FastAccept
1785428506166,true,1785428506202,FastAccept
1785428506222,false,1785428506258,FastAccept
1785428506278,false,1785428506314,FastAccept
1785428506336,true,1785428506372,FastAccept
1785428506396,false,1785428506432,FastAccept
1785428506458,false,1785428506495,FastAccept
1785428506522,true,1785428506558,FastAccept
1785428506588,true,1785428506624,FastAccept
1785428506655,true,1785428506717,SlowAccept
1785428506724,true,,
1785428506796,false,1785428506837,FastAccept
1785428506871,false,,
1785428506948,false,1785428506985,FastAccept
1785428507029,false,,
1785428507113,true,,
1785428507200,true,1785428507240,LeaderAccept
1785428507293,false,1785428507331,LeaderAccept
1785428507388,true,1785428507427,LeaderAccept
1785428507488,true,1785428507527,LeaderAccept
1785428507594,false,1785428507633,LeaderAccept
1785428507704,true,1785428507744,LeaderAccept
1785428507821,true,1785428507860,LeaderAccept
1785428507945,true,1785428507984,LeaderAccept
1785428508076,false,1785428508115,LeaderAccept
1785428508216,true,1785428508256,LeaderAccept
1785428508367,false,1785428508406,LeaderAccept
1785428508529,false,1785428508569,LeaderAccept
1785428508705,true,1785428508745,LeaderAccept
1785428508897,true,1785428508934,FastAccept
1785428509109,true,1785428509146,FastAccept
1785428509344,true,1785428509381,FastAccept
1785428509608,true,1785428509645,FastAccept
1785428509910,true,1785428509946,FastAccept
1785428510259,false,1785428510300,FastAccept
1785428510676,false,1785428510712,FastAccept
1785428511188,true,1785428511224,FastAccept
1785428511851,true,1785428511887,FastAccept
1785428512772,true,1785428512809,FastAccept
1785428514231,true,1785428514272,FastAccept
1785428517257,true,1785428517293,FastAccept
1785428530986,false,1785428531025,LeaderAccept
1785428534774,false,,
1785428534799,false,,
1785428534824,false,1785428534863,LeaderAccept
1785428534850,false,1785428534894,LeaderAccept
1785428534877,true,1785428534920,LeaderAccept
1785428534903,false,1785428534942,LeaderAccept
1785428534930,true,1785428534969,LeaderAccept
1785428534957,false,1785428534996,LeaderAccept
1785428534985,true,1785428535023,LeaderAccept
1785428535012,false,1785428535052,LeaderAccept
1785428535040,true,1785428535078,LeaderAccept
1785428535068,true,1785428535112,LeaderAccept
1785428535097,false,1785428535136,LeaderAccept
1785428535126,true,,
1785428535155,false,,
1785428535185,false,1785428535224,LeaderAccept
1785428535215,false,1785428535255,LeaderAccept
1785428535246,true,1785428535285,LeaderAccept
1785428535277,false,1785428535315,LeaderAccept
1785428535309,true,1785428535348,LeaderAccept
1785428535342,true,1785428535386,LeaderAccept
1785428535374,false,1785428535418,LeaderAccept
1785428535407,false,1785428535451,LeaderAccept
1785428535442,false,,
1785428535477,false,1785428535515,LeaderAccept
1785428535511,false,1785428535551,LeaderAccept
1785428535546,true,1785428535585,LeaderAccept
1785428535582,true,1785428535621,LeaderAccept
1785428535619,false,1785428535657,LeaderAccept
1785428535656,false,1785428535694,LeaderAccept
1785428535694,false,1785428535733,LeaderAccept
1785428535733,true,1785428535771,LeaderAccept
1785428535771,false,1785428535810,LeaderAccept
1785428535811,false,1785428535849,LeaderAccept
1785428535852,true,1785428535891,LeaderAccept
1785428535895,true,1785428535934,LeaderAccept
1785428535937,true,1785428535976,LeaderAccept
1785428535980,false,1785428536018,LeaderAccept
1785428536024,false,1785428536062,LeaderAccept
1785428536069,true,1785428536108,LeaderAccept
1785428536116,false,1785428536155,LeaderAccept
1785428536163,true,1785428536202,LeaderAccept
1785428536212,true,1785428536250,LeaderAccept
1785428536262,true,1785428536301,LeaderAccept
1785428536312,true,1785428536351,LeaderAccept
1785428536364,true,1785428536403,LeaderAccept
1785428536418,true,1785428536457,LeaderAccept
1785428536473,true,1785428536512,LeaderAccept
1785428536531,false,1785428536570,LeaderAccept
1785428536589,true,1785428536628,LeaderAccept
1785428536649,true,1785428536688,LeaderAccept
1785428536711,true,1785428536750,LeaderAccept
1785428536774,false,1785428536813,LeaderAccept
1785428536840,true,1785428536879,LeaderAccept
1785428536907,true,1785428536947,LeaderAccept
1785428536977,true,1785428537016,LeaderAccept
1785428537049,false,1785428537088,LeaderAccept
1785428537124,true,1785428537162,LeaderAccept
1785428537201,false,1785428537240,LeaderAccept
1785428537281,false,1785428537320,LeaderAccept
1785428537365,true,1785428537404,LeaderAccept
1785428537452,true,1785428537492,LeaderAccept
1785428537543,false,1785428537583,LeaderAccept
1785428537639,true,1785428537676,FastAccept
1785428537739,false,1785428537775,FastAccept
1785428537844,false,1785428537881,FastAccept
1785428537955,true,1785428537992,FastAccept
1785428538072,false,,
1785428538196,false,1785428538232,FastAccept
1785428538328,false,1785428538364,FastAccept
1785428538469,true,1785428538505,FastAccept
1785428538620,false,1785428538656,FastAccept
1785428538782,true,1785428538819,FastAccept
1785428538959,false,1785428538996,FastAccept
1785428539152,true,1785428539189,FastAccept
1785428539364,true,1785428539401,FastAccept
1785428539601,true,,
1785428539865,false,1785428539902,FastAccept
1785428540168,false,1785428540204,FastAccept
1785428540519,false,1785428540555,FastAccept
1785428540937,false,1785428540974,FastAccept
1785428541454,true,1785428541490,FastAccept
1785428542121,false,1785428542158,FastAccept
1785428543052,true,1785428543088,FastAccept
1785428544534,false,1785428544570,FastAccept
1785428547642,true,1785428547678,FastAccept
1785428562334,false,1785428562371,FastAccept
1785428597069,true,1785428597105,FastAccept
1785428597089,true,1785428597126,FastAccept
1785428597109,true,1785428597146,FastAccept
1785428597129,false,1785428597166,FastAccept
1785428597149,true,1785428597186,FastAccept
1785428597169,false,1785428597205,FastAccept
1785428597190,false,1785428597226,FastAccept
1785428597210,true,1785428597246,FastAccept
1785428597231,false,1785428597267,FastAccept
1785428597252,true,1785428597289,FastAccept
1785428597275,false,1785428597311,FastAccept
1785428597296,false,1785428597333,FastAccept
1785428597318,false,1785428597356,FastAccept
1785428597340,true,1785428597377,FastAccept
1785428597362,true,1785428597398,FastAccept
1785428597384,true,1785428597421,FastAccept
1785428597407,true,1785428597444,FastAccept
1785428597430,true,1785428597466,FastAccept
1785428597453,false,1785428597490,FastAccept
1785428597477,false,1785428597515,FastAccept
1785428597501,true,1785428597538,FastAccept
1785428597526,false,1785428597563,FastAccept
1785428597551,true,1785428597587,FastAccept
1785428597576,false,1785428597612,FastAccept
1785428597600,true,1785428597637,FastAccept
1785428597626,true,1785428597662,FastAccept
1785428597651,false,1785428597688,FastAccept
1785428597678,true,1785428597714,FastAccept
1785428597703,true,1785428597739,FastAccept
1785428597730,true,1785428597767,FastAccept
1785428597757,true,1785428597793,FastAccept
1785428597784,true,1785428597821,FastAccept
1785428597813,false,1785428597849,FastAccept
1785428597840,false,1785428597877,FastAccept
1785428597868,false,1785428597905,FastAccept
1785428597897,false,1785428597933,FastAccept
1785428597925,true,1785428597966,FastAccept
1785428597955,false,1785428597991,FastAccept
1785428597984,false,1785428598021,FastAccept
1785428598015,false,1785428598051,FastAccept
1785428598045,false,1785428598082,FastAccept
1785428598076,true,1785428598112,FastAccept
1785428598107,true,1785428598144,FastAccept
1785428598139,true,1785428598176,FastAccept
1785428598171,true,1785428598207,FastAccept
1785428598204,false,1785428598241,FastAccept
1785428598237,false,1785428598273,FastAccept
1785428598271,true,1785428598308,FastAccept
1785428598306,false,1785428598342,FastAccept
1785428598341,false,1785428598378,FastAccept
1785428598377,true,1785428598414,FastAccept
1785428598414,false,1785428598451,FastAccept
1785428598451,true,1785428598487,FastAccept
1785428598488,false,1785428598525,FastAccept
1785428598527,true,1785428598564,FastAccept
1785428598566,true,1785428598603,FastAccept
1785428598606,true,1785428598643,FastAccept
1785428598647,false,1785428598684,FastAccept
1785428598690,false,1785428598726,FastAccept
1785428598732,true,1785428598769,FastAccept
1785428598775,false,1785428598811,FastAccept
1785428598819,true,1785428598856,FastAccept
1785428598864,false,1785428598901,FastAccept
1785428598910,false,1785428598947,FastAccept
1785428598957,true,1785428598994,FastAccept
1785428599005,false,1785428599042,FastAccept
1785428599055,true,1785428599091,FastAccept
1785428599105,true,1785428599142,FastAccept
1785428599157,false,1785428599194,FastAccept
1785428599211,true,1785428599248,FastAccept
1785428599265,false,1785428599302,FastAccept
1785428599321,true,1785428599358,FastAccept
1785428599378,true,1785428599416,FastAccept
1785428599437,false,1785428599474,FastAccept
1785428599498,true,1785428599536,FastAccept
1785428599561,true,1785428599599,FastAccept
1785428599626,false,1785428599663,FastAccept
1785428599693,false,1785428599729,FastAccept
1785428599762,false,1785428599798,FastAccept
1785428599833,true,1785428599869,FastAccept
1785428599908,false,1785428599944,FastAccept
1785428599984,false,1785428600021,FastAccept
1785428600064,true,1785428600101,FastAccept
1785428600146,false,1785428600183,FastAccept
1785428600233,true,1785428600269,FastAccept
1785428600323,true,1785428600359,FastAccept
1785428600418,false,1785428600454,FastAccept
1785428600517,true,1785428600554,FastAccept
1785428600620,true,1785428600657,FastAccept
1785428600729,true,1785428600767,FastAccept
1785428600844,false,1785428600881,FastAccept
1785428600967,false,1785428601003,FastAccept
1785428601096,true,1785428601132,FastAccept
1785428601233,false,1785428601270,FastAccept
1785428601380,false,1785428601417,FastAccept
1785428601539,false,,
1785428601711,true,1785428601752,FastAccept
1785428601898,false,1785428601935,FastAccept
1785428602103,false,1785428602140,FastAccept
1785428602331,true,1785428602367,FastAccept
1785428602585,false,1785428602622,FastAccept
1785428602873,false,1785428602909,FastAccept
1785428603206,false,1785428603243,FastAccept
1785428603600,true,,
1785428604079,true,1785428604116,FastAccept
1785428604688,true,1785428604724,FastAccept
1785428605512,true,1785428605548,FastAccept
1785428606755,true,1785428606792,FastAccept
1785428609070,true,1785428609107,FastAccept
1785428616431,true,1785428616475,LeaderAccept
1785428633596,false,1785428633633,FastAccept
1785428633637,true,1785428633674,FastAccept
1785428633679,false,,
1785428633722,false,1785428633759,FastAccept
1785428633766,true,1785428633808,FastAccept
1785428633811,true,,
1785428633857,true,1785428633894,FastAccept
1785428633903,true,1785428633944,FastAccept
1785428633951,false,1785428633992,FastAccept
1785428633999,true,1785428634036,FastAccept
1785428634049,false,1785428634090,FastAccept
1785428634100,false,1785428634136,FastAccept
1785428634152,true,1785428634188,FastAccept
1785428634205,true,1785428634267,SlowAccept
1785428634261,true,1785428634297,FastAccept
1785428634317,false,1785428634359,FastAccept
1785428634376,true,,
1785428634436,true,1785428634472,FastAccept
1785428634497,true,1785428634534,FastAccept
1785428634560,false,,
1785428634626,false,1785428634663,FastAccept
1785428634694,false,1785428634731,FastAccept
1785428634764,false,,
1785428634836,true,1785428634873,FastAccept
1785428634911,false,1785428634947,FastAccept
1785428634989,false,1785428635025,FastAccept
1785428635070,true,1785428635106,FastAccept
1785428635154,true,1785428635191,FastAccept
1785428635242,false,1785428635279,FastAccept
1785428635334,false,1785428635370,FastAccept
1785428635430,false,1785428635467,FastAccept
1785428635530,true,1785428635566,FastAccept
1785428635635,true,1785428635672,FastAccept
1785428635747,true,1785428635784,FastAccept
1785428635865,false,1785428635902,FastAccept
1785428635990,false,1785428636027,FastAccept
1785428636123,false,1785428636160,FastAccept
1785428636265,false,1785428636301,FastAccept
1785428636417,false,1785428636454,FastAccept
1785428636581,false,1785428636618,FastAccept
1785428636759,false,1785428636796,FastAccept
1785428636955,true,1785428636992,FastAccept
1785428637170,true,1785428637206,FastAccept
1785428637408,false,1785428637444,FastAccept
1785428637677,false,1785428637714,FastAccept
1785428637985,true,1785428638021,FastAccept
1785428638342,false,1785428638379,FastAccept
1785428638769,true,1785428638806,FastAccept
1785428639299,false,1785428639336,FastAccept
1785428639989,true,1785428640026,FastAccept
1785428640963,false,1785428640999,FastAccept
1785428642545,true,1785428642582,FastAccept
1785428646035,true,1785428646071,FastAccept
1785428666008,true,1785428666048,LeaderAccept
1785428682981,true,1785428683018,FastAccept
1785428683006,true,1785428683043,FastAccept
1785428683032,false,1785428683072,FastAccept
1785428683058,true,1785428683094,FastAccept
1785428683085,false,1785428683121,FastAccept
1785428683111,true,1785428683149,FastAccept
1785428683138,false,1785428683174,FastAccept
1785428683165,false,1785428683202,FastAccept
1785428683192,false,1785428683229,FastAccept
1785428683220,true,1785428683257,FastAccept
1785428683248,false,1785428683284,FastAccept
1785428683277,false,1785428683318,FastAccept
1785428683307,true,1785428683343,FastAccept
1785428683337,true,1785428683372,FastAccept
1785428683366,true,1785428683403,FastAccept
1785428683396,false,1785428683432,FastAccept
1785428683427,true,1785428683463,FastAccept
1785428683458,false,1785428683495,FastAccept
1785428683490,true,1785428683526,FastAccept
1785428683522,false,1785428683559,FastAccept
1785428683556,true,1785428683597,FastAccept
1785428683589,false,1785428683626,FastAccept
1785428683623,false,1785428683659,FastAccept
1785428683657,true,1785428683694,FastAccept
1785428683693,false,1785428683729,FastAccept
1785428683729,false,1785428683765,FastAccept
1785428683765,false,1785428683802,FastAccept
1785428683802,true,1785428683838,FastAccept
1785428683839,false,1785428683876,FastAccept
1785428683877,false,1785428683914,FastAccept
1785428683916,false,1785428683953,FastAccept
1785428683956,false,1785428683992,FastAccept
1785428683996,false,1785428684032,FastAccept
1785428684037,false,1785428684073,FastAccept
1785428684079,false,1785428684115,FastAccept
1785428684122,false,1785428684160,FastAccept
1785428684166,false,1785428684202,FastAccept
1785428684210,false,1785428684247,FastAccept
1785428684257,false,1785428684293,FastAccept
1785428684303,false,1785428684340,FastAccept
1785428684351,false,1785428684388,FastAccept
1785428684400,true,1785428684437,FastAccept
1785428684450,false,1785428684486,FastAccept
1785428684501,false,1785428684537,FastAccept
1785428684553,false,1785428684590,FastAccept
1785428684607,false,1785428684644,FastAccept
1785428684664,false,1785428684700,FastAccept
1785428684720,false,1785428684761,FastAccept
1785428684779,true,1785428684815,FastAccept
1785428684840,false,1785428684876,FastAccept
1785428684902,true,1785428684938,FastAccept
1785428684967,false,1785428685003,FastAccept
1785428685033,false,1785428685070,FastAccept
1785428685102,true,1785428685138,FastAccept
1785428685174,false,1785428685210,FastAccept
1785428685247,false,1785428685284,FastAccept
1785428685323,false,1785428685359,FastAccept
1785428685402,false,1785428685439,FastAccept
1785428685484,false,1785428685520,FastAccept
1785428685569,true,1785428685606,FastAccept
1785428685658,true,,
1785428685751,false,1785428685788,FastAccept
1785428685849,false,1785428685885,FastAccept
1785428685951,false,1785428685988,FastAccept
1785428686059,true,1785428686096,FastAccept
1785428686173,false,1785428686209,FastAccept
1785428686293,true,1785428686329,FastAccept
1785428686420,false,1785428686456,FastAccept
1785428686555,false,1785428686592,FastAccept
1785428686700,false,1785428686737,FastAccept
1785428686855,false,1785428686892,FastAccept
1785428687023,false,1785428687059,FastAccept
1785428687206,false,1785428687243,FastAccept
1785428687406,true,1785428687443,FastAccept
1785428687627,false,1785428687664,FastAccept
1785428687875,false,1785428687912,FastAccept
1785428688155,false,1785428688191,FastAccept
1785428688475,false,1785428688512,FastAccept
1785428688852,false,1785428688888,FastAccept
1785428689305,true,1785428689342,FastAccept
1785428689874,false,1785428689911,FastAccept
1785428690630,true,1785428690667,FastAccept
1785428691733,false,1785428691770,FastAccept
1785428693646,true,1785428693682,FastAccept
1785428698620,true,1785428698657,FastAccept
1785428727876,false,1785428727917,FastAccept
1785428727895,false,1785428727932,FastAccept
1785428727914,false,1785428727951,FastAccept
1785428727934,true,1785428727970,FastAccept
1785428727953,true,1785428727989,FastAccept
1785428727972,false,1785428728009,FastAccept
1785428727993,false,1785428728029,FastAccept
1785428728012,true,1785428728049,FastAccept
1785428728033,false,1785428728069,FastAccept
1785428728053,true,1785428728090,FastAccept
1785428728074,true,1785428728111,FastAccept
1785428728095,false,1785428728132,FastAccept
1785428728116,false,1785428728153,FastAccept
1785428728137,true,1785428728175,FastAccept
1785428728159,false,1785428728196,FastAccept
1785428728180,false,1785428728217,FastAccept
1785428728202,true,1785428728239,FastAccept
1785428728224,false,1785428728261,FastAccept
1785428728246,false,1785428728284,FastAccept
1785428728269,true,1785428728307,FastAccept
1785428728292,false,1785428728330,FastAccept
1785428728315,false,1785428728352,FastAccept
1785428728338,false,1785428728375,FastAccept
1785428728361,true,1785428728397,FastAccept
1785428728384,true,1785428728421,FastAccept
1785428728408,true,1785428728445,FastAccept
1785428728433,true,1785428728470,FastAccept
1785428728458,false,1785428728494,FastAccept
1785428728482,false,1785428728519,FastAccept
1785428728507,false,,
1785428728533,false,1785428728570,FastAccept
1785428728558,false,1785428728596,FastAccept
1785428728584,true,1785428728621,FastAccept
1785428728610,false,1785428728647,FastAccept
1785428728637,true,1785428728674,FastAccept
1785428728664,true,1785428728701,FastAccept
1785428728691,true,,
1785428728719,false,1785428728756,FastAccept
1785428728747,true,1785428728784,FastAccept
1785428728776,true,1785428728812,FastAccept
1785428728805,false,1785428728846,FastAccept
1785428728834,false,1785428728871,FastAccept
1785428728863,true,1785428728900,FastAccept
1785428728893,false,1785428728930,FastAccept
1785428728924,false,1785428728960,FastAccept
1785428728955,true,1785428728992,FastAccept
1785428728986,true,1785428729022,FastAccept
1785428729018,false,1785428729055,FastAccept
1785428729050,true,1785428729088,FastAccept
1785428729083,false,1785428729120,FastAccept
1785428729117,true,1785428729154,FastAccept
1785428729152,true,1785428729188,FastAccept
1785428729186,true,1785428729222,FastAccept
1785428729221,true,1785428729257,FastAccept
1785428729257,false,1785428729293,FastAccept
1785428729293,true,1785428729330,FastAccept
1785428729330,true,1785428729367,FastAccept
1785428729368,false,1785428729404,FastAccept
1785428729406,true,1785428729442,FastAccept
1785428729445,false,1785428729481,FastAccept
1785428729485,true,1785428729523,FastAccept
1785428729526,false,1785428729562,FastAccept
1785428729568,true,1785428729604,FastAccept
1785428729610,true,1785428729647,FastAccept
1785428729654,false,1785428729691,FastAccept
1785428729698,true,1785428729735,FastAccept
1785428729743,true,1785428729781,FastAccept
1785428729790,true,1785428729827,FastAccept
1785428729837,true,1785428729875,FastAccept
1785428729886,false,1785428729923,FastAccept
1785428729935,false,1785428729972,FastAccept
1785428729986,true,1785428730022,FastAccept
1785428730038,true,1785428730075,FastAccept
1785428730092,false,1785428730129,FastAccept
1785428730146,false,1785428730183,FastAccept
1785428730202,true,1785428730239,FastAccept
1785428730261,true,1785428730297,FastAccept
1785428730321,true,1785428730357,FastAccept
1785428730382,false,1785428730419,FastAccept
1785428730445,false,1785428730482,FastAccept
1785428730510,true,1785428730547,FastAccept
1785428730578,false,1785428730614,FastAccept
1785428730647,true,1785428730683,FastAccept
1785428730718,false,1785428730756,FastAccept
1785428730793,true,1785428730829,FastAccept
1785428730870,false,1785428730907,FastAccept
1785428730950,true,1785428730987,FastAccept
1785428731033,true,1785428731070,FastAccept
1785428731119,true,1785428731157,FastAccept
1785428731210,true,1785428731246,FastAccept
1785428731304,true,1785428731341,FastAccept
1785428731403,false,1785428731442,FastAccept
1785428731508,true,1785428731545,FastAccept
1785428731617,true,1785428731654,FastAccept
1785428731733,true,1785428731770,FastAccept
1785428731856,false,1785428731893,FastAccept
1785428731986,false,1785428732023,FastAccept
1785428732125,false,1785428732163,FastAccept
1785428732274,true,1785428732312,FastAccept
1785428732435,false,1785428732472,FastAccept
1785428732608,false,1785428732644,FastAccept
1785428732797,true,1785428732833,FastAccept
1785428733005,false,1785428733043,FastAccept
1785428733235,true,1785428733272,FastAccept
1785428733493,false,1785428733529,FastAccept
1785428733786,false,1785428733823,FastAccept
1785428734126,false,1785428734163,FastAccept
1785428734528,false,1785428734565,FastAccept
1785428735020,false,1785428735057,FastAccept
1785428735650,false,1785428735687,FastAccept
1785428736510,false,1785428736547,FastAccept
1785428737832,false,1785428737869,FastAccept
1785428740393,true,,
1785428741266,true,1785428741306,LeaderAccept
1785428741298,true,1785428741337,LeaderAccept
1785428741331,true,1785428741370,LeaderAccept
1785428741364,false,1785428741403,LeaderAccept
1785428741397,true,1785428741438,LeaderAccept
1785428741431,false,1785428741471,LeaderAccept
1785428741466,true,1785428741505,LeaderAccept
1785428741501,true,1785428741540,LeaderAccept
1785428741537,false,1785428741577,LeaderAccept
1785428741574,false,1785428741614,LeaderAccept
1785428741611,false,1785428741650,LeaderAccept
1785428741649,false,1785428741687,LeaderAccept
1785428741688,true,1785428741727,LeaderAccept
1785428741727,false,1785428741766,LeaderAccept
1785428741767,false,1785428741807,LeaderAccept
1785428741808,true,1785428741847,LeaderAccept
1785428741849,false,1785428741889,LeaderAccept
1785428741891,false,1785428741930,LeaderAccept
1785428741935,false,1785428741974,LeaderAccept
1785428741979,false,1785428742018,LeaderAccept
1785428742024,false,1785428742064,LeaderAccept
1785428742070,true,1785428742109,LeaderAccept
1785428742118,true,1785428742156,LeaderAccept
1785428742166,true,1785428742206,LeaderAccept
1785428742215,true,1785428742255,LeaderAccept
1785428742265,true,1785428742305,LeaderAccept
1785428742318,true,1785428742357,LeaderAccept
1785428742371,false,1785428742410,LeaderAccept
1785428742427,false,1785428742465,LeaderAccept
1785428742483,true,1785428742523,LeaderAccept
1785428742541,false,1785428742581,LeaderAccept
1785428742601,true,1785428742640,LeaderAccept
1785428742662,false,1785428742701,LeaderAccept
1785428742726,true,1785428742765,LeaderAccept
1785428742790,false,1785428742830,LeaderAccept
1785428742857,false,1785428742897,LeaderAccept
1785428742926,false,1785428742967,LeaderAccept
1785428742998,true,1785428743037,LeaderAccept
1785428743073,false,1785428743112,LeaderAccept
1785428743149,false,1785428743188,LeaderAccept
1785428743229,false,1785428743268,LeaderAccept
1785428743312,true,1785428743352,LeaderAccept
1785428743399,true,1785428743438,LeaderAccept
1785428743489,true,1785428743528,LeaderAccept
1785428743584,true,1785428743623,LeaderAccept
1785428743683,false,1785428743722,LeaderAccept
1785428743786,true,1785428743826,LeaderAccept
1785428743895,false,1785428743935,LeaderAccept
1785428744011,false,1785428744049,LeaderAccept
1785428744133,true,1785428744173,LeaderAccept
1785428744263,false,1785428744302,LeaderAccept
1785428744401,false,1785428744440,LeaderAccept
1785428744549,false,1785428744585,FastAccept
1785428744708,true,1785428744749,FastAccept
1785428744881,false,1785428744938,SlowAccept
1785428745069,false,1785428745106,FastAccept
1785428745275,false,1785428745313,FastAccept
1785428745504,true,1785428745541,FastAccept
1785428745760,false,1785428745797,FastAccept
1785428746051,true,1785428746092,FastAccept
1785428746387,false,1785428746424,FastAccept
1785428746785,true,1785428746822,FastAccept
1785428747270,false,1785428747306,FastAccept
1785428747887,true,1785428747926,FastAccept
1785428748727,true,1785428748764,FastAccept
1785428750005,true,1785428750042,FastAccept
1785428752424,false,1785428752460,FastAccept
1785428760530,true,1785428760567,FastAccept
1785428779463,false,1785428779503,LeaderAccept
1785428779487,true,1785428779526,LeaderAccept
1785428779510,false,1785428779549,LeaderAccept
1785428779533,true,1785428779573,LeaderAccept
1785428779558,false,1785428779597,LeaderAccept
1785428779582,true,1785428779621,LeaderAccept
1785428779606,true,1785428779646,LeaderAccept
1785428779631,false,1785428779670,LeaderAccept
1785428779655,false,1785428779694,LeaderAccept
1785428779680,true,1785428779725,LeaderAccept
1785428779706,true,1785428779745,LeaderAccept
1785428779732,true,1785428779776,LeaderAccept
1785428779758,false,1785428779798,LeaderAccept
1785428779786,false,1785428779825,LeaderAccept
1785428779813,false,1785428779852,LeaderAccept
1785428779840,true,1785428779879,LeaderAccept
1785428779868,false,1785428779907,LeaderAccept
1785428779896,true,1785428779936,LeaderAccept
1785428779925,false,1785428779965,LeaderAccept
1785428779954,true,1785428779993,LeaderAccept
1785428779983,true,1785428780022,LeaderAccept
1785428780012,true,1785428780051,LeaderAccept
1785428780043,false,1785428780081,LeaderAccept
1785428780073,false,1785428780112,LeaderAccept
1785428780105,false,1785428780143,LeaderAccept
1785428780136,true,1785428780175,LeaderAccept
1785428780168,false,1785428780207,LeaderAccept
1785428780201,true,1785428780240,LeaderAccept
1785428780233,true,1785428780272,LeaderAccept
1785428780266,true,1785428780305,LeaderAccept
1785428780300,true,1785428780339,LeaderAccept
1785428780334,false,1785428780372,LeaderAccept
1785428780369,false,1785428780408,LeaderAccept
1785428780404,true,1785428780442,LeaderAccept
1785428780440,true,1785428780479,LeaderAccept
1785428780478,true,1785428780516,LeaderAccept
1785428780516,false,1785428780554,LeaderAccept
1785428780554,true,1785428780592,LeaderAccept
1785428780592,true,1785428780631,LeaderAccept
1785428780633,true,1785428780672,LeaderAccept
1785428780673,false,1785428780712,LeaderAccept
1785428780714,false,1785428780753,LeaderAccept
1785428780756,false,1785428780796,LeaderAccept
1785428780799,true,1785428780838,LeaderAccept
1785428780844,false,1785428780883,LeaderAccept
1785428780888,false,1785428780928,LeaderAccept
1785428780934,true,1785428780973,LeaderAccept
1785428780982,true,1785428781021,LeaderAccept
1785428781029,false,1785428781068,LeaderAccept
1785428781078,false,1785428781117,LeaderAccept
1785428781128,false,1785428781167,LeaderAccept
1785428781179,true,1785428781219,LeaderAccept
1785428781232,true,1785428781271,LeaderAccept
1785428781287,true,1785428781326,LeaderAccept
1785428781342,false,1785428781381,LeaderAccept
1785428781399,true,1785428781439,LeaderAccept
1785428781458,false,1785428781498,LeaderAccept
1785428781518,true,1785428781557,LeaderAccept
1785428781580,true,1785428781620,LeaderAccept
1785428781644,false,1785428781684,LeaderAccept
1785428781710,false,1785428781749,LeaderAccept
1785428781778,true,1785428781816,LeaderAccept
1785428781848,true,1785428781887,LeaderAccept
1785428781921,true,,
1785428781997,true,1785428782034,FastAccept
1785428782076,true,1785428782113,FastAccept
1785428782158,false,1785428782194,FastAccept
1785428782243,false,,
1785428782331,false,1785428782367,FastAccept
1785428782424,true,1785428782460,FastAccept
1785428782521,false,1785428782558,FastAccept
1785428782623,false,1785428782660,FastAccept
1785428782730,false,1785428782789,SlowAccept
1785428782843,false,1785428782880,FastAccept
1785428782963,false,1785428782999,FastAccept
1785428783089,true,1785428783125,FastAccept
1785428783224,true,1785428783260,FastAccept
1785428783368,true,1785428783405,FastAccept
1785428783523,true,1785428783560,FastAccept
1785428783690,false,1785428783727,FastAccept
1785428783872,false,1785428783908,FastAccept
1785428784071,true,1785428784107,FastAccept
1785428784290,true,1785428784327,FastAccept
1785428784535,true,1785428784572,FastAccept
1785428784811,false,1785428784847,FastAccept
1785428785128,true,1785428785164,FastAccept
1785428785499,false,1785428785535,FastAccept
1785428785945,true,1785428785981,FastAccept
1785428786502,false,1785428786538,FastAccept
1785428787238,true,1785428787275,FastAccept
1785428788302,true,1785428788339,FastAccept
1785428790113,true,1785428790150,FastAccept
1785428794584,false,1785428794620,FastAccept
1785428822542,false,1785428822578,FastAccept
1785428822579,false,1785428822615,FastAccept
1785428822617,false,1785428822654,FastAccept
1785428822656,true,1785428822692,FastAccept
1785428822696,true,1785428822736,FastAccept
1785428822736,false,1785428822772,FastAccept
1785428822777,false,1785428822832,SlowAccept
1785428822819,true,1785428822855,FastAccept
1785428822861,false,1785428822897,FastAccept
1785428822905,false,1785428822942,FastAccept
1785428822950,false,1785428822986,FastAccept
1785428822995,false,1785428823031,FastAccept
1785428823042,true,1785428823079,FastAccept
1785428823090,false,1785428823126,FastAccept
1785428823139,false,1785428823176,FastAccept
1785428823189,true,1785428823226,FastAccept
1785428823240,true,1785428823276,FastAccept
1785428823292,false,,
1785428823346,false,1785428823382,FastAccept
1785428823401,false,1785428823438,FastAccept
1785428823458,false,1785428823494,FastAccept
1785428823516,true,,
1785428823576,false,1785428823612,FastAccept
1785428823638,true,1785428823674,FastAccept
1785428823702,false,1785428823739,FastAccept
1785428823768,false,1785428823804,FastAccept
1785428823836,false,1785428823872,FastAccept
1785428823906,true,1785428823943,FastAccept
1785428823979,false,1785428824020,FastAccept
1785428824055,false,1785428824094,FastAccept
1785428824133,true,1785428824169,FastAccept
1785428824214,false,1785428824250,FastAccept
1785428824298,false,1785428824334,FastAccept
1785428824387,false,1785428824423,FastAccept
1785428824480,false,1785428824516,FastAccept
1785428824576,false,1785428824613,FastAccept
1785428824678,false,1785428824715,FastAccept
1785428824785,true,1785428824821,FastAccept
1785428824898,false,1785428824934,FastAccept
1785428825016,false,1785428825052,FastAccept
1785428825142,false,1785428825178,FastAccept
1785428825275,true,1785428825312,FastAccept
1785428825419,true,1785428825456,FastAccept
1785428825574,false,1785428825609,FastAccept
1785428825739,false,1785428825775,FastAccept
1785428825919,true,1785428825956,FastAccept
1785428826117,true,1785428826153,FastAccept
1785428826335,true,,
1785428826576,false,1785428826613,FastAccept
1785428826850,false,1785428826886,FastAccept
1785428827162,true,1785428827198,FastAccept
1785428827527,true,1785428827563,FastAccept
1785428827965,true,1785428828005,FastAccept
1785428828511,true,1785428828549,LeaderAccept
1785428829227,false,1785428829266,LeaderAccept
1785428830249,false,1785428830285,FastAccept
1785428831954,true,1785428831991,FastAccept
1785428835952,true,1785428835988,FastAccept
1785428849386,false,1785428849422,FastAccept
1785428849416,true,1785428849452,FastAccept
1785428849447,true,1785428849487,FastAccept
1785428849477,true,1785428849513,FastAccept
1785428849508,true,1785428849544,FastAccept
1785428849540,false,1785428849576,FastAccept
1785428849572,true,1785428849607,FastAccept
1785428849605,false,,
1785428849638,false,1785428849673,FastAccept
1785428849671,false,1785428849707,FastAccept
1785428849705,true,1785428849740,FastAccept
1785428849739,true,1785428849775,FastAccept
1785428849774,true,1785428849810,FastAccept
1785428849809,true,1785428849845,FastAccept
1785428849845,false,1785428849880,FastAccept
1785428849882,false,1785428849918,FastAccept
1785428849920,true,1785428849960,FastAccept
1785428849959,true,1785428849995,FastAccept
1785428849998,false,,
1785428850038,true,1785428850074,FastAccept
1785428850078,false,1785428850114,FastAccept
1785428850119,false,,
1785428850161,false,1785428850197,FastAccept
1785428850204,true,1785428850240,FastAccept
1785428850249,false,1785428850284,FastAccept
1785428850293,true,1785428850329,FastAccept
1785428850339,false,1785428850375,FastAccept
1785428850386,true,1785428850421,FastAccept
1785428850434,true,1785428850470,FastAccept
1785428850483,true,1785428850519,FastAccept
1785428850533,false,1785428850591,SlowAccept
1785428850584,true,1785428850620,FastAccept
1785428850636,true,1785428850672,FastAccept
1785428850690,true,1785428850726,FastAccept
1785428850745,true,1785428850781,FastAccept
1785428850802,false,1785428850838,FastAccept
1785428850861,false,1785428850897,FastAccept
1785428850921,true,1785428850957,FastAccept
1785428850984,true,1785428851019,FastAccept
1785428851048,true,1785428851087,FastAccept
1785428851114,false,1785428851150,FastAccept
1785428851182,false,1785428851217,FastAccept
1785428851253,true,1785428851289,FastAccept
1785428851326,true,1785428851363,FastAccept
1785428851402,false,1785428851438,FastAccept
1785428851481,true,1785428851517,FastAccept
1785428851564,false,1785428851600,FastAccept
1785428851649,true,1785428851684,FastAccept
1785428851738,false,1785428851774,FastAccept
1785428851831,false,1785428851867,FastAccept
1785428851928,true,1785428851964,FastAccept
1785428852031,false,1785428852066,FastAccept
1785428852138,true,1785428852175,FastAccept
1785428852251,true,1785428852287,FastAccept
1785428852370,true,1785428852406,FastAccept
1785428852498,true,1785428852534,FastAccept
1785428852633,true,1785428852669,FastAccept
1785428852777,false,1785428852813,FastAccept
1785428852932,false,1785428852968,FastAccept
1785428853100,true,1785428853136,FastAccept
1785428853282,false,1785428853318,FastAccept
1785428853481,true,1785428853518,FastAccept
1785428853702,false,1785428853738,FastAccept
1785428853948,false,1785428853984,FastAccept
1785428854226,true,1785428854262,FastAccept
1785428854545,true,1785428854581,FastAccept
1785428854920,false,1785428854956,FastAccept
1785428855370,true,1785428855406,FastAccept
1785428855935,false,1785428855971,FastAccept
1785428856683,false,1785428856719,FastAccept
1785428857769,false,1785428857805,FastAccept
1785428859638,true,1785428859674,FastAccept
1785428864396,true,1785428864436,FastAccept
