request_time,write,response_time,accept_status
1785428207121,true,1785428207164,FastAccept
1785428207197,false,1785428207240,FastAccept
1785428207274,false,1785428207317,FastAccept
1785428207355,false,1785428207398,FastAccept
1785428207439,true,1785428207482,FastAccept
1785428207528,true,1785428207571,FastAccept
1785428207619,false,1785428207662,FastAccept
1785428207715,true,,
1785428207815,true,1785428207858,FastAccept
1785428207922,true,1785428207965,FastAccept
1785428208033,true,,
1785428208152,true,,
1785428208277,false,,
1785428208411,true,,
1785428208553,false,,
1785428208706,false,,
1785428208871,true,,
1785428209049,false,1785428209110,SlowAccept
1785428209244,true,1785428209296,LeaderAccept
1785428209459,true,,
1785428209698,true,1785428209770,SlowAccept
1785428209968,false,1785428210021,FastAccept
1785428210277,true,1785428210320,FastAccept
1785428210637,false,1785428210680,FastAccept
1785428211069,false,1785428211112,FastAccept
1785428211603,false,1785428211646,FastAccept
1785428212302,false,1785428212362,SlowAccept
1785428213292,false,1785428213334,FastAccept
1785428214913,false,1785428214964,LeaderAccept
1785428218560,false,1785428218603,FastAccept
1785428233886,false,1785428233929,FastAccept
1785428233913,false,1785428233955,FastAccept
1785428233939,false,1785428233982,FastAccept
1785428233965,true,1785428234008,FastAccept
1785428233992,true,1785428234035,FastAccept
1785428234018,true,1785428234060,FastAccept
1785428234046,false,1785428234088,FastAccept
1785428234074,false,1785428234116,FastAccept
1785428234101,false,1785428234144,FastAccept
1785428234129,false,1785428234172,FastAccept
1785428234157,true,1785428234200,FastAccept
1785428234186,true,1785428234229,FastAccept
1785428234215,true,1785428234257,FastAccept
1785428234245,false,1785428234288,FastAccept
1785428234276,false,1785428234319,FastAccept
1785428234306,true,1785428234349,FastAccept
1785428234337,true,1785428234379,FastAccept
1785428234368,true,1785428234410,FastAccept
1785428234400,true,1785428234443,FastAccept
1785428234434,true,1785428234476,FastAccept
1785428234466,true,1785428234509,FastAccept
1785428234501,true,1785428234543,FastAccept
1785428234534,true,1785428234577,FastAccept
1785428234569,true,1785428234612,FastAccept
1785428234605,true,1785428234647,FastAccept
1785428234641,false,1785428234684,FastAccept
1785428234678,true,1785428234721,FastAccept
1785428234715,false,1785428234758,FastAccept
1785428234753,false,1785428234796,FastAccept
1785428234792,false,1785428234834,FastAccept
1785428234831,false,1785428234873,FastAccept
1785428234872,true,1785428234914,FastAccept
1785428234913,false,1785428234955,FastAccept
1785428234954,true,1785428234997,FastAccept
1785428234997,true,1785428235040,FastAccept
1785428235040,false,1785428235082,FastAccept
1785428235085,true,1785428235127,FastAccept
1785428235130,true,1785428235173,FastAccept
1785428235176,false,1785428235218,FastAccept
1785428235223,true,1785428235266,FastAccept
1785428235272,true,1785428235315,FastAccept
1785428235322,false,1785428235365,FastAccept
1785428235373,true,1785428235417,FastAccept
1785428235426,true,1785428235469,FastAccept
1785428235479,false,1785428235522,FastAccept
1785428235534,true,1785428235577,FastAccept
1785428235591,true,1785428235634,FastAccept
1785428235650,false,1785428235692,FastAccept
1785428235709,false,1785428235753,FastAccept
1785428235771,false,1785428235814,FastAccept
1785428235835,true,1785428235878,FastAccept
1785428235900,true,1785428235943,FastAccept
1785428235967,true,1785428236010,FastAccept
1785428236037,false,1785428236080,FastAccept
1785428236109,true,1785428236152,FastAccept
1785428236185,false,1785428236227,FastAccept
1785428236263,false,1785428236305,FastAccept
1785428236343,false,1785428236386,FastAccept
1785428236427,false,,
1785428236516,true,1785428236559,FastAccept
1785428236607,true,1785428236650,FastAccept
1785428236703,false,1785428236746,FastAccept
1785428236803,true,1785428236846,FastAccept
1785428236910,true,1785428236953,FastAccept
1785428237021,false,1785428237064,FastAccept
1785428237138,true,1785428237181,FastAccept
1785428237263,false,1785428237334,SlowAccept
1785428237397,true,1785428237440,FastAccept
1785428237538,false,1785428237581,FastAccept
1785428237690,true,1785428237734,FastAccept
1785428237854,true,1785428237897,FastAccept
1785428238033,true,1785428238075,FastAccept
1785428238227,false,1785428238270,FastAccept
1785428238441,true,1785428238484,FastAccept
1785428238679,true,1785428238722,FastAccept
1785428238948,true,1785428238991,FastAccept
1785428239254,true,1785428239297,FastAccept
1785428239612,true,1785428239655,FastAccept
1785428240039,false,1785428240082,FastAccept
1785428240568,false,,
1785428241256,true,,
1785428242225,false,,
1785428243798,false,1785428243850,LeaderAccept
1785428247252,true,1785428247294,FastAccept
1785428260762,true,1785428260804,FastAccept
1785428260779,false,1785428260822,FastAccept
1785428260797,false,1785428260840,FastAccept
1785428260816,true,1785428260858,FastAccept
1785428260833,true,1785428260876,FastAccept
1785428260851,true,1785428260893,FastAccept
1785428260869,false,1785428260912,FastAccept
1785428260888,false,1785428260932,FastAccept
1785428260908,false,1785428260951,FastAccept
1785428260926,true,1785428260969,FastAccept
1785428260945,true,1785428260988,FastAccept
1785428260964,false,1785428261007,FastAccept
1785428260983,false,1785428261025,FastAccept
1785428261002,false,1785428261045,FastAccept
1785428261023,true,1785428261065,FastAccept
1785428261043,true,1785428261085,FastAccept
1785428261062,false,1785428261105,FastAccept
1785428261083,true,1785428261125,FastAccept
1785428261103,false,1785428261146,FastAccept
1785428261124,true,1785428261168,FastAccept
1785428261146,false,1785428261188,FastAccept
1785428261167,true,1785428261210,FastAccept
1785428261188,false,1785428261231,FastAccept
1785428261210,false,1785428261252,FastAccept
1785428261231,true,1785428261274,FastAccept
1785428261253,true,1785428261296,FastAccept
1785428261275,true,1785428261317,FastAccept
1785428261297,true,1785428261340,FastAccept
1785428261319,false,1785428261362,FastAccept
1785428261342,true,1785428261385,FastAccept
1785428261365,false,1785428261407,FastAccept
1785428261388,true,1785428261430,FastAccept
1785428261412,true,1785428261455,FastAccept
1785428261435,true,1785428261478,FastAccept
1785428261460,true,1785428261502,FastAccept
1785428261484,false,1785428261527,FastAccept
1785428261510,false,1785428261553,FastAccept
1785428261535,true,1785428261578,FastAccept
1785428261560,false,1785428261603,FastAccept
1785428261585,true,1785428261628,FastAccept
1785428261612,true,1785428261654,FastAccept
1785428261638,true,1785428261681,FastAccept
1785428261664,false,1785428261707,FastAccept
1785428261691,false,1785428261734,FastAccept
1785428261718,true,1785428261761,FastAccept
1785428261746,true,1785428261789,FastAccept
1785428261774,true,1785428261817,FastAccept
1785428261802,false,1785428261845,FastAccept
1785428261831,true,1785428261874,FastAccept
1785428261860,false,1785428261903,FastAccept
1785428261890,false,1785428261933,FastAccept
1785428261920,false,1785428261963,FastAccept
1785428261950,true,1785428261993,FastAccept
1785428261981,true,1785428262023,FastAccept
1785428262012,false,1785428262055,FastAccept
1785428262044,false,1785428262086,FastAccept
1785428262076,true,1785428262119,FastAccept
1785428262109,false,1785428262152,FastAccept
1785428262143,true,1785428262186,FastAccept
1785428262177,true,1785428262220,FastAccept
1785428262212,false,1785428262255,FastAccept
1785428262247,true,1785428262291,FastAccept
1785428262283,false,1785428262327,FastAccept
1785428262319,true,1785428262363,FastAccept
1785428262357,false,1785428262399,FastAccept
1785428262395,false,1785428262438,FastAccept
1785428262434,true,1785428262476,FastAccept
1785428262473,false,1785428262516,FastAccept
1785428262514,true,1785428262557,FastAccept
1785428262554,true,1785428262597,FastAccept
1785428262596,false,1785428262638,FastAccept
1785428262638,true,1785428262681,FastAccept
1785428262681,true,1785428262724,FastAccept
1785428262725,false,1785428262768,FastAccept
1785428262770,true,1785428262813,FastAccept
1785428262816,false,1785428262859,FastAccept
1785428262863,false,1785428262906,FastAccept
1785428262911,true,1785428262954,FastAccept
1785428262960,false,1785428263003,FastAccept
1785428263010,false,1785428263053,FastAccept
1785428263061,true,1785428263103,FastAccept
1785428263115,true,1785428263157,FastAccept
1785428263170,false,1785428263213,FastAccept
1785428263226,true,1785428263269,FastAccept
1785428263283,true,1785428263326,FastAccept
1785428263342,true,,
1785428263404,true,,
1785428263466,false,,
1785428263531,false,1785428263594,SlowAccept
1785428263598,true,1785428263640,FastAccept
1785428263667,true,,
1785428263738,true,,
1785428263812,false,,
1785428263888,true,1785428263931,FastAccept
1785428263968,false,,
1785428264052,false,,
1785428264138,false,,
1785428264229,false,1785428264289,SlowAccept
1785428264323,false,1785428264365,FastAccept
1785428264423,true,1785428264466,FastAccept
1785428264527,false,,
1785428264636,false,,
1785428264752,false,1785428264815,SlowAccept
1785428264874,true,1785428264916,FastAccept
1785428265004,false,1785428265046,FastAccept
1785428265142,false,1785428265185,FastAccept
1785428265291,true,,
1785428265452,false,1785428265494,FastAccept
1785428265626,true,1785428265669,FastAccept
1785428265814,true,1785428265857,FastAccept
1785428266021,false,1785428266064,FastAccept
1785428266251,true,,
1785428266509,true,1785428266552,FastAccept
1785428266801,false,1785428266844,FastAccept
1785428267140,false,1785428267183,FastAccept
1785428267540,false,1785428267583,FastAccept
1785428268030,true,1785428268073,FastAccept
1785428268655,false,1785428268697,FastAccept
1785428269508,false,1785428269551,FastAccept
1785428270816,false,,
1785428273328,true,1785428273380,LeaderAccept
1785428282152,true,1785428282195,FastAccept
1785428285365,false,1785428285407,FastAccept
1785428285385,false,1785428285428,FastAccept
1785428285406,true,1785428285449,FastAccept
1785428285427,false,1785428285470,FastAccept
1785428285449,true,1785428285491,FastAccept
1785428285470,true,1785428285513,FastAccept
1785428285491,false,1785428285534,FastAccept
1785428285514,false,1785428285557,FastAccept
1785428285537,false,1785428285579,FastAccept
1785428285560,false,1785428285602,FastAccept
1785428285582,true,1785428285625,FastAccept
1785428285606,false,1785428285648,FastAccept
1785428285628,true,1785428285671,FastAccept
1785428285652,false,1785428285695,FastAccept
1785428285676,true,1785428285719,FastAccept
1785428285700,true,1785428285743,FastAccept
1785428285724,true,1785428285767,FastAccept
1785428285749,false,1785428285791,FastAccept
1785428285773,true,1785428285815,FastAccept
1785428285798,true,1785428285841,FastAccept
1785428285824,false,1785428285868,FastAccept
1785428285850,true,1785428285893,FastAccept
1785428285876,true,1785428285919,FastAccept
1785428285902,true,1785428285945,FastAccept
1785428285930,true,1785428285973,FastAccept
1785428285957,false,1785428286000,FastAccept
1785428285984,false,1785428286027,FastAccept
1785428286011,false,1785428286054,FastAccept
1785428286039,false,1785428286082,FastAccept
1785428286067,false,1785428286110,FastAccept
1785428286096,true,1785428286138,FastAccept
1785428286126,true,1785428286169,FastAccept
1785428286155,false,1785428286228,SlowAccept
1785428286186,false,1785428286228,FastAccept
1785428286216,false,1785428286259,FastAccept
1785428286248,true,1785428286290,FastAccept
1785428286280,true,1785428286323,FastAccept
1785428286313,false,1785428286355,FastAccept
1785428286346,false,1785428286389,FastAccept
1785428286379,false,1785428286422,FastAccept
1785428286414,true,1785428286457,FastAccept
1785428286448,true,1785428286491,FastAccept
1785428286483,true,1785428286525,FastAccept
1785428286519,false,1785428286561,FastAccept
1785428286555,true,1785428286597,FastAccept
1785428286591,true,1785428286634,FastAccept
1785428286629,true,1785428286671,FastAccept
1785428286667,false,1785428286710,FastAccept
1785428286705,false,1785428286748,FastAccept
1785428286745,true,1785428286787,FastAccept
1785428286785,false,1785428286828,FastAccept
1785428286827,true,1785428286870,FastAccept
1785428286868,true,1785428286912,FastAccept
1785428286911,true,1785428286954,FastAccept
1785428286954,false,1785428286998,FastAccept
1785428286999,false,1785428287041,FastAccept
1785428287044,true,1785428287087,FastAccept
1785428287090,true,1785428287133,FastAccept
1785428287137,false,1785428287180,FastAccept
1785428287185,false,1785428287228,FastAccept
1785428287235,true,1785428287278,FastAccept
1785428287286,true,1785428287329,FastAccept
1785428287338,false,1785428287381,FastAccept
1785428287393,true,1785428287435,FastAccept
1785428287448,false,1785428287491,FastAccept
1785428287504,true,1785428287547,FastAccept
1785428287562,true,1785428287605,FastAccept
1785428287622,true,1785428287665,FastAccept
1785428287684,false,1785428287727,FastAccept
1785428287748,false,1785428287791,FastAccept
1785428287814,true,1785428287857,FastAccept
1785428287881,false,1785428287924,FastAccept
1785428287950,false,1785428287993,FastAccept
1785428288022,true,1785428288065,FastAccept
1785428288098,false,1785428288140,FastAccept
1785428288176,false,1785428288219,FastAccept
1785428288257,false,1785428288330,SlowAccept
1785428288341,true,,
1785428288430,false,,
1785428288521,false,,
1785428288618,true,,
1785428288718,false,1785428288771,FastAccept
1785428288823,false,,
1785428288935,true,1785428289008,SlowAccept
1785428289053,true,1785428289095,FastAccept
1785428289177,true,1785428289238,SlowAccept
1785428289310,false,1785428289353,FastAccept
1785428289452,true,,
1785428289603,false,1785428289656,FastAccept
1785428289767,true,1785428289810,FastAccept
1785428289945,true,1785428290018,SlowAccept
1785428290140,false,1785428290182,FastAccept
1785428290354,false,,
1785428290591,true,1785428290634,FastAccept
1785428290859,false,1785428290902,FastAccept
1785428291165,false,1785428291208,FastAccept
1785428291521,true,1785428291564,FastAccept
1785428291947,false,1785428291990,FastAccept
1785428292473,true,1785428292516,FastAccept
1785428293157,false,1785428293210,FastAccept
1785428294119,false,1785428294172,FastAccept
1785428295676,false,1785428295719,FastAccept
1785428296205,true,1785428296257,LeaderAccept
1785428296222,false,1785428296278,LeaderAccept
1785428296238,true,1785428296290,LeaderAccept
1785428296254,false,1785428296305,LeaderAccept
1785428296270,true,1785428296326,LeaderAccept
1785428296286,true,1785428296337,LeaderAccept
1785428296303,true,1785428296359,LeaderAccept
1785428296319,false,1785428296370,LeaderAccept
1785428296336,false,1785428296387,LeaderAccept
1785428296353,false,1785428296409,LeaderAccept
1785428296370,true,1785428296421,LeaderAccept
1785428296387,false,1785428296438,LeaderAccept
1785428296404,false,1785428296460,LeaderAccept
1785428296422,false,1785428296473,LeaderAccept
1785428296440,true,1785428296496,LeaderAccept
1785428296458,false,1785428296510,LeaderAccept
1785428296477,false,1785428296528,LeaderAccept
1785428296495,false,1785428296551,LeaderAccept
1785428296513,true,1785428296564,LeaderAccept
1785428296531,true,1785428296587,LeaderAccept
1785428296549,true,1785428296600,LeaderAccept
1785428296568,true,1785428296620,LeaderAccept
1785428296587,true,1785428296643,LeaderAccept
1785428296606,false,1785428296657,LeaderAccept
1785428296625,false,1785428296676,LeaderAccept
1785428296644,false,1785428296700,LeaderAccept
1785428296663,false,1785428296714,LeaderAccept
1785428296683,false,1785428296739,LeaderAccept
1785428296704,true,1785428296755,LeaderAccept
1785428296725,false,1785428296776,LeaderAccept
1785428296745,false,1785428296802,LeaderAccept
1785428296766,false,1785428296818,LeaderAccept
1785428296788,true,1785428296839,LeaderAccept
1785428296809,true,1785428296860,LeaderAccept
1785428296830,true,1785428296881,LeaderAccept
1785428296851,true,1785428296902,LeaderAccept
1785428296873,false,1785428296924,LeaderAccept
1785428296895,true,1785428296946,LeaderAccept
1785428296917,true,1785428296968,LeaderAccept
1785428296939,true,1785428296990,LeaderAccept
1785428296963,false,1785428297014,LeaderAccept
1785428296985,false,1785428297037,LeaderAccept
1785428297009,false,1785428297060,LeaderAccept
1785428297032,true,1785428297083,LeaderAccept
1785428297056,true,1785428297107,LeaderAccept
1785428297080,false,1785428297131,LeaderAccept
1785428297104,false,1785428297156,LeaderAccept
1785428297129,true,1785428297180,LeaderAccept
1785428297154,true,1785428297205,LeaderAccept
1785428297179,true,1785428297231,LeaderAccept
1785428297205,true,1785428297256,LeaderAccept
1785428297232,false,1785428297283,LeaderAccept
1785428297258,true,1785428297310,LeaderAccept
1785428297284,false,1785428297336,LeaderAccept
1785428297311,false,1785428297363,LeaderAccept
1785428297338,true,1785428297389,LeaderAccept
1785428297366,false,1785428297416,LeaderAccept
1785428297393,false,1785428297444,LeaderAccept
1785428297421,false,1785428297473,LeaderAccept
1785428297450,true,1785428297502,LeaderAccept
1785428297479,true,1785428297530,LeaderAccept
1785428297508,false,1785428297559,LeaderAccept
1785428297539,false,1785428297589,LeaderAccept
1785428297569,true,1785428297621,LeaderAccept
1785428297600,false,1785428297651,LeaderAccept
1785428297633,false,1785428297684,LeaderAccept
1785428297665,true,1785428297716,LeaderAccept
1785428297697,true,1785428297749,LeaderAccept
1785428297730,false,1785428297781,LeaderAccept
1785428297763,true,1785428297814,LeaderAccept
1785428297797,true,1785428297848,LeaderAccept
1785428297832,false,1785428297884,LeaderAccept
1785428297868,false,1785428297919,LeaderAccept
1785428297903,true,1785428297955,LeaderAccept
1785428297939,true,1785428297991,LeaderAccept
1785428297977,false,1785428298028,LeaderAccept
1785428298015,true,1785428298066,LeaderAccept
1785428298053,false,1785428298104,LeaderAccept
1785428298092,false,1785428298143,LeaderAccept
1785428298132,false,1785428298183,LeaderAccept
1785428298172,false,1785428298224,LeaderAccept
1785428298214,true,1785428298265,LeaderAccept
1785428298255,true,1785428298307,LeaderAccept
1785428298298,true,1785428298349,LeaderAccept
1785428298342,false,1785428298393,LeaderAccept
1785428298388,true,1785428298439,LeaderAccept
1785428298433,true,1785428298485,LeaderAccept
1785428298480,true,1785428298531,LeaderAccept
1785428298528,true,1785428298580,LeaderAccept
1785428298578,false,1785428298629,LeaderAccept
1785428298628,true,1785428298680,LeaderAccept
1785428298680,true,1785428298731,LeaderAccept
1785428298732,true,1785428298783,LeaderAccept
1785428298787,false,1785428298838,LeaderAccept
1785428298842,true,1785428298893,LeaderAccept
1785428298899,false,1785428298951,LeaderAccept
1785428298958,false,1785428299010,LeaderAccept
1785428299020,true,1785428299072,LeaderAccept
1785428299083,true,1785428299134,LeaderAccept
1785428299147,false,1785428299199,LeaderAccept
1785428299214,false,1785428299257,FastAccept
1785428299282,true,1785428299346,SlowAccept
1785428299354,true,1785428299397,FastAccept
1785428299427,false,1785428299470,FastAccept
1785428299504,false,1785428299546,FastAccept
1785428299582,true,1785428299625,FastAccept
1785428299665,true,1785428299708,FastAccept
1785428299751,true,1785428299794,FastAccept
1785428299840,false,1785428299883,FastAccept
1785428299933,true,1785428299976,FastAccept
1785428300031,false,1785428300074,FastAccept
1785428300134,false,1785428300177,FastAccept
1785428300243,false,1785428300285,FastAccept
1785428300357,true,1785428300400,FastAccept
1785428300477,true,,
1785428300606,true,1785428300649,FastAccept
1785428300742,true,1785428300785,FastAccept
1785428300888,false,1785428300931,FastAccept
1785428301046,true,1785428301088,FastAccept
1785428301216,true,1785428301269,FastAccept
1785428301401,true,1785428301444,FastAccept
1785428301603,true,1785428301646,FastAccept
1785428301827,false,1785428301871,FastAccept
1785428302078,false,1785428302122,FastAccept
1785428302362,false,1785428302415,FastAccept
1785428302690,false,1785428302733,FastAccept
1785428303074,false,1785428303117,FastAccept
1785428303541,true,1785428303584,FastAccept
1785428304130,true,1785428304173,FastAccept
1785428304919,true,1785428304980,LeaderAccept
1785428306091,true,,
1785428308196,false,,
1785428314219,true,1785428314262,FastAccept
1785428323711,false,1785428323762,LeaderAccept
1785428323727,false,1785428323779,LeaderAccept
1785428323743,false,1785428323794,LeaderAccept
1785428323760,false,1785428323810,LeaderAccept
1785428323776,false,1785428323827,LeaderAccept
1785428323792,true,1785428323843,LeaderAccept
1785428323808,true,1785428323859,LeaderAccept
1785428323825,true,1785428323876,LeaderAccept
1785428323842,false,1785428323893,LeaderAccept
1785428323859,true,1785428323910,LeaderAccept
1785428323876,false,1785428323927,LeaderAccept
1785428323893,false,1785428323944,LeaderAccept
1785428323910,true,1785428323961,LeaderAccept
1785428323927,false,1785428323978,LeaderAccept
1785428323945,true,1785428323996,LeaderAccept
1785428323962,false,1785428324013,LeaderAccept
1785428323981,true,1785428324032,LeaderAccept
1785428323999,false,1785428324051,LeaderAccept
1785428324018,true,1785428324069,LeaderAccept
1785428324036,true,1785428324087,LeaderAccept
1785428324054,true,1785428324104,LeaderAccept
1785428324073,true,1785428324123,LeaderAccept
1785428324092,true,1785428324143,LeaderAccept
1785428324112,true,1785428324162,LeaderAccept
1785428324131,false,1785428324182,LeaderAccept
1785428324151,true,1785428324203,LeaderAccept
1785428324171,true,1785428324222,LeaderAccept
1785428324191,false,1785428324242,LeaderAccept
1785428324212,true,1785428324263,LeaderAccept
1785428324233,true,1785428324283,LeaderAccept
1785428324253,false,1785428324304,LeaderAccept
1785428324275,true,1785428324326,LeaderAccept
1785428324296,true,1785428324346,LeaderAccept
1785428324318,false,1785428324368,LeaderAccept
1785428324340,false,1785428324391,LeaderAccept
1785428324362,false,1785428324412,LeaderAccept
1785428324383,true,1785428324434,LeaderAccept
1785428324405,true,1785428324456,LeaderAccept
1785428324427,false,1785428324478,LeaderAccept
1785428324450,false,1785428324501,LeaderAccept
1785428324474,true,1785428324525,LeaderAccept
1785428324497,true,1785428324547,LeaderAccept
1785428324520,false,1785428324571,LeaderAccept
1785428324543,false,1785428324594,LeaderAccept
1785428324568,true,1785428324618,LeaderAccept
1785428324591,false,1785428324642,LeaderAccept
1785428324615,false,1785428324666,LeaderAccept
1785428324640,false,1785428324691,LeaderAccept
1785428324664,true,1785428324715,LeaderAccept
1785428324689,false,1785428324741,LeaderAccept
1785428324714,false,1785428324765,LeaderAccept
1785428324740,false,1785428324791,LeaderAccept
1785428324766,true,1785428324817,LeaderAccept
1785428324792,false,1785428324843,LeaderAccept
1785428324819,false,1785428324870,LeaderAccept
1785428324846,false,1785428324898,LeaderAccept
1785428324873,false,1785428324924,LeaderAccept
1785428324901,true,1785428324952,LeaderAccept
1785428324929,false,1785428324980,LeaderAccept
1785428324958,false,1785428325009,LeaderAccept
1785428324987,false,1785428325039,LeaderAccept
1785428325016,true,1785428325067,LeaderAccept
1785428325046,true,1785428325097,LeaderAccept
1785428325077,true,1785428325128,LeaderAccept
1785428325107,true,1785428325158,LeaderAccept
1785428325138,false,1785428325189,LeaderAccept
1785428325170,true,1785428325221,LeaderAccept
1785428325202,false,1785428325253,LeaderAccept
1785428325235,false,1785428325286,LeaderAccept
1785428325268,true,1785428325320,LeaderAccept
1785428325302,false,1785428325353,LeaderAccept
1785428325336,true,1785428325387,LeaderAccept
1785428325370,false,1785428325422,LeaderAccept
1785428325405,false,1785428325456,LeaderAccept
1785428325441,true,1785428325492,LeaderAccept
1785428325478,false,1785428325529,LeaderAccept
1785428325516,false,1785428325567,LeaderAccept
1785428325554,true,1785428325605,LeaderAccept
1785428325592,true,1785428325644,LeaderAccept
1785428325632,true,1785428325683,LeaderAccept
1785428325672,false,1785428325723,LeaderAccept
1785428325714,false,1785428325765,LeaderAccept
1785428325755,true,1785428325806,LeaderAccept
1785428325797,false,1785428325848,LeaderAccept
1785428325841,true,1785428325892,LeaderAccept
1785428325885,true,1785428325937,LeaderAccept
1785428325931,false,1785428325982,LeaderAccept
1785428325977,true,1785428326028,LeaderAccept
1785428326025,false,1785428326076,LeaderAccept
1785428326075,false,1785428326126,LeaderAccept
1785428326125,true,1785428326176,LeaderAccept
1785428326176,true,1785428326227,LeaderAccept
1785428326228,false,1785428326280,LeaderAccept
1785428326282,true,1785428326333,LeaderAccept
1785428326338,false,1785428326389,LeaderAccept
1785428326394,false,1785428326445,LeaderAccept
1785428326453,false,1785428326504,LeaderAccept
1785428326512,false,1785428326563,LeaderAccept
1785428326574,false,1785428326626,LeaderAccept
1785428326638,true,1785428326691,FastAccept
1785428326704,false,1785428326747,FastAccept
1785428326772,true,1785428326815,FastAccept
1785428326842,true,,
1785428326916,true,1785428326958,FastAccept
1785428326992,false,1785428327034,FastAccept
1785428327071,false,1785428327113,FastAccept
1785428327153,false,1785428327196,FastAccept
1785428327237,true,1785428327280,FastAccept
1785428327325,false,1785428327368,FastAccept
1785428327417,true,1785428327461,FastAccept
1785428327514,false,1785428327557,FastAccept
1785428327615,false,1785428327658,FastAccept
1785428327722,true,1785428327765,FastAccept
1785428327834,true,1785428327878,FastAccept
1785428327953,false,1785428327996,FastAccept
1785428328079,false,1785428328122,FastAccept
1785428328214,true,1785428328275,SlowAccept
1785428328358,false,1785428328401,FastAccept
1785428328511,true,1785428328554,FastAccept
1785428328677,true,1785428328720,FastAccept
1785428328859,false,1785428328902,FastAccept
1785428329056,true,1785428329099,FastAccept
1785428329274,true,,
1785428329518,true,,
1785428329791,true,1785428329842,LeaderAccept
1785428330106,true,1785428330157,LeaderAccept
1785428330474,true,1785428330525,LeaderAccept
1785428330915,true,1785428330966,LeaderAccept
1785428331465,false,,
1785428332188,false,1785428332231,FastAccept
1785428333226,false,1785428333288,LeaderAccept
1785428334969,true,1785428335039,SlowAccept
1785428339136,false,,
1785428369413,false,1785428369456,FastAccept
1785428369439,true,1785428369483,FastAccept
1785428369466,true,,
1785428369494,true,1785428369536,FastAccept
1785428369521,true,1785428369565,FastAccept
1785428369550,true,1785428369592,FastAccept
1785428369578,true,1785428369622,FastAccept
1785428369607,true,1785428369650,FastAccept
1785428369637,true,1785428369680,FastAccept
1785428369666,false,,
1785428369696,true,1785428369739,FastAccept
1785428369726,true,1785428369770,FastAccept
1785428369757,false,1785428369800,FastAccept
1785428369789,true,1785428369831,FastAccept
1785428369820,true,1785428369864,FastAccept
1785428369852,false,1785428369895,FastAccept
1785428369886,false,,
1785428369920,true,1785428369962,FastAccept
1785428369953,false,1785428369996,FastAccept
1785428369987,false,1785428370030,FastAccept
1785428370022,true,1785428370065,FastAccept
1785428370058,false,1785428370101,FastAccept
1785428370093,false,1785428370136,FastAccept
1785428370130,true,,
1785428370167,true,1785428370210,FastAccept
1785428370206,false,1785428370249,FastAccept
1785428370244,false,1785428370286,FastAccept
1785428370283,true,1785428370326,FastAccept
1785428370324,true,1785428370367,FastAccept
1785428370364,false,1785428370407,FastAccept
1785428370406,true,,
1785428370449,true,1785428370492,FastAccept
1785428370492,true,1785428370534,FastAccept
1785428370536,true,1785428370580,FastAccept
1785428370583,false,1785428370626,FastAccept
1785428370629,false,1785428370672,FastAccept
1785428370677,true,1785428370720,FastAccept
1785428370725,false,1785428370778,FastAccept
1785428370775,true,1785428370818,FastAccept
1785428370826,true,1785428370868,FastAccept
1785428370879,true,1785428370922,FastAccept
1785428370932,true,1785428370975,FastAccept
1785428370987,false,1785428371029,FastAccept
1785428371044,false,1785428371086,FastAccept
1785428371103,false,1785428371146,FastAccept
1785428371162,true,1785428371205,FastAccept
1785428371225,false,1785428371268,FastAccept
1785428371289,true,1785428371332,FastAccept
1785428371354,false,1785428371397,FastAccept
1785428371422,true,1785428371466,FastAccept
1785428371492,true,1785428371535,FastAccept
1785428371564,true,1785428371607,FastAccept
1785428371639,false,1785428371682,FastAccept
1785428371717,true,1785428371760,FastAccept
1785428371800,false,1785428371842,FastAccept
1785428371885,true,1785428371928,FastAccept
1785428371973,true,1785428372016,FastAccept
1785428372066,false,1785428372109,FastAccept
1785428372162,true,,
1785428372263,false,1785428372306,FastAccept
1785428372371,true,1785428372414,FastAccept
1785428372483,true,1785428372525,FastAccept
1785428372602,true,1785428372645,FastAccept
1785428372728,false,1785428372772,FastAccept
1785428372862,true,1785428372906,FastAccept
1785428373005,true,1785428373048,FastAccept
1785428373159,false,1785428373202,FastAccept
1785428373326,true,1785428373369,FastAccept
1785428373506,true,1785428373550,FastAccept
1785428373703,true,1785428373746,FastAccept
1785428373921,true,1785428373963,FastAccept
1785428374164,false,1785428374206,FastAccept
1785428374437,true,1785428374480,FastAccept
1785428374750,false,1785428374793,FastAccept
1785428375117,false,1785428375160,FastAccept
1785428375558,false,1785428375601,FastAccept
1785428376106,true,,
1785428376828,false,,
1785428377864,true,,
1785428379601,false,1785428379644,FastAccept
1785428383736,true,1785428383779,FastAccept
1785428416408,true,1785428416451,FastAccept
1785428429638,false,1785428429690,LeaderAccept
1785428429653,false,,
1785428429669,true,1785428429720,LeaderAccept
1785428429684,false,,
1785428429700,false,1785428429751,LeaderAccept
1785428429715,false,,
1785428429730,true,,
1785428429745,true,1785428429796,LeaderAccept
1785428429760,false,,
1785428429776,true,1785428429827,LeaderAccept
1785428429793,true,1785428429844,LeaderAccept
1785428429808,false,1785428429859,LeaderAccept
1785428429825,true,1785428429876,LeaderAccept
1785428429842,true,1785428429893,LeaderAccept
1785428429858,false,1785428429909,LeaderAccept
1785428429874,false,1785428429925,LeaderAccept
1785428429892,true,1785428429943,LeaderAccept
1785428429908,false,1785428429959,LeaderAccept
1785428429924,true,1785428429975,LeaderAccept
1785428429941,false,1785428429993,LeaderAccept
1785428429959,false,1785428430009,LeaderAccept
1785428429975,true,1785428430026,LeaderAccept
1785428429993,true,1785428430043,LeaderAccept
1785428430011,false,1785428430061,LeaderAccept
1785428430028,true,1785428430079,LeaderAccept
1785428430047,false,1785428430098,LeaderAccept
1785428430064,true,1785428430115,LeaderAccept
1785428430082,true,1785428430133,LeaderAccept
1785428430100,false,1785428430151,LeaderAccept
1785428430118,true,1785428430169,LeaderAccept
1785428430137,false,1785428430188,LeaderAccept
1785428430156,true,1785428430207,LeaderAccept
1785428430174,false,1785428430226,LeaderAccept
1785428430193,true,1785428430244,LeaderAccept
1785428430212,true,1785428430262,LeaderAccept
1785428430231,false,1785428430282,LeaderAccept
1785428430250,true,1785428430301,LeaderAccept
1785428430271,false,1785428430322,LeaderAccept
1785428430290,false,1785428430341,LeaderAccept
1785428430310,false,1785428430361,LeaderAccept
1785428430330,false,1785428430381,LeaderAccept
1785428430350,true,1785428430401,LeaderAccept
1785428430370,true,1785428430420,LeaderAccept
1785428430391,false,1785428430442,LeaderAccept
1785428430412,false,1785428430463,LeaderAccept
1785428430434,true,1785428430484,LeaderAccept
1785428430455,false,1785428430506,LeaderAccept
1785428430478,true,1785428430529,LeaderAccept
1785428430500,true,1785428430551,LeaderAccept
1785428430522,true,1785428430573,LeaderAccept
1785428430544,true,1785428430594,LeaderAccept
1785428430566,true,1785428430617,LeaderAccept
1785428430588,true,1785428430639,LeaderAccept
1785428430612,true,1785428430663,LeaderAccept
1785428430635,true,1785428430686,LeaderAccept
1785428430659,true,1785428430710,LeaderAccept
1785428430683,true,1785428430734,LeaderAccept
1785428430707,false,1785428430758,LeaderAccept
1785428430732,false,1785428430783,LeaderAccept
1785428430756,false,1785428430807,LeaderAccept
1785428430781,true,1785428430833,LeaderAccept
1785428430806,false,1785428430857,LeaderAccept
1785428430831,false,1785428430883,LeaderAccept
1785428430857,true,1785428430909,LeaderAccept
1785428430884,true,1785428430935,LeaderAccept
1785428430911,true,1785428430961,LeaderAccept
1785428430937,false,1785428430988,LeaderAccept
1785428430965,false,1785428431016,LeaderAccept
1785428430992,false,1785428431043,LeaderAccept
1785428431020,false,1785428431071,LeaderAccept
1785428431049,true,1785428431100,LeaderAccept
1785428431077,false,1785428431128,LeaderAccept
1785428431106,false,1785428431157,LeaderAccept
1785428431135,false,1785428431187,LeaderAccept
1785428431165,true,1785428431217,LeaderAccept
1785428431196,true,1785428431247,LeaderAccept
1785428431226,false,1785428431277,LeaderAccept
1785428431257,false,1785428431308,LeaderAccept
1785428431289,true,1785428431341,LeaderAccept
1785428431321,false,1785428431372,LeaderAccept
1785428431354,false,1785428431406,LeaderAccept
1785428431387,false,1785428431438,LeaderAccept
1785428431421,false,1785428431472,LeaderAccept
1785428431455,true,1785428431507,LeaderAccept
1785428431490,true,1785428431542,LeaderAccept
1785428431525,false,1785428431576,LeaderAccept
1785428431562,false,1785428431613,LeaderAccept
1785428431598,true,1785428431650,LeaderAccept
1785428431636,false,1785428431688,LeaderAccept
1785428431674,false,1785428431725,LeaderAccept
1785428431713,true,1785428431764,LeaderAccept
1785428431752,true,1785428431804,LeaderAccept
1785428431793,true,1785428431844,LeaderAccept
1785428431834,true,1785428431886,LeaderAccept
1785428431877,true,1785428431928,LeaderAccept
1785428431919,false,1785428431970,LeaderAccept
1785428431964,true,1785428432015,LeaderAccept
1785428432009,false,1785428432060,LeaderAccept
1785428432054,true,1785428432106,LeaderAccept
1785428432101,true,1785428432152,LeaderAccept
1785428432150,false,1785428432201,LeaderAccept
1785428432199,false,1785428432250,LeaderAccept
1785428432250,false,1785428432301,LeaderAccept
1785428432302,false,1785428432353,LeaderAccept
1785428432354,false,1785428432406,LeaderAccept
1785428432409,true,1785428432465,LeaderAccept
1785428432464,true,1785428432516,LeaderAccept
1785428432521,true,1785428432572,LeaderAccept
1785428432581,true,1785428432632,LeaderAccept
1785428432641,false,1785428432684,FastAccept
1785428432705,true,1785428432748,FastAccept
1785428432769,false,1785428432822,FastAccept
1785428432835,false,1785428432878,FastAccept
1785428432904,true,1785428432947,FastAccept
1785428432975,false,1785428433018,FastAccept
1785428433049,true,,
1785428433125,true,1785428433169,FastAccept
1785428433206,true,1785428433249,FastAccept
1785428433288,true,1785428433331,FastAccept
1785428433374,false,1785428433417,FastAccept
1785428433465,false,1785428433507,FastAccept
1785428433559,true,1785428433602,FastAccept
1785428433657,false,1785428433700,FastAccept
1785428433760,true,1785428433803,FastAccept
1785428433868,false,1785428433911,FastAccept
1785428433982,false,1785428434025,FastAccept
1785428434103,false,1785428434146,FastAccept
1785428434231,true,1785428434284,FastAccept
1785428434368,true,1785428434411,FastAccept
1785428434515,false,1785428434558,FastAccept
1785428434672,true,1785428434715,FastAccept
1785428434844,false,1785428434887,FastAccept
1785428435029,true,1785428435072,FastAccept
1785428435232,true,1785428435275,FastAccept
1785428435457,false,1785428435500,FastAccept
1785428435709,false,1785428435753,FastAccept
1785428435995,true,1785428436039,FastAccept
1785428436325,true,1785428436368,FastAccept
1785428436713,false,1785428436756,FastAccept
1785428437185,true,1785428437227,FastAccept
1785428437780,false,1785428437823,FastAccept
1785428438582,false,1785428438625,FastAccept
1785428439781,false,1785428439824,FastAccept
1785428441960,false,,
1785428448437,true,1785428448480,FastAccept
1785428471366,true,1785428471409,FastAccept
1785428471406,true,1785428471450,FastAccept
1785428471448,false,1785428471491,FastAccept
1785428471489,false,1785428471532,FastAccept
1785428471531,false,1785428471574,FastAccept
1785428471575,false,1785428471618,FastAccept
1785428471620,false,1785428471662,FastAccept
1785428471665,true,1785428471708,FastAccept
1785428471711,false,1785428471754,FastAccept
1785428471758,true,1785428471801,FastAccept
1785428471806,false,1785428471849,FastAccept
1785428471856,true,1785428471899,FastAccept
1785428471907,true,1785428471950,FastAccept
1785428471959,true,1785428472002,FastAccept
1785428472012,true,1785428472056,FastAccept
1785428472067,true,1785428472109,FastAccept
1785428472124,true,1785428472166,FastAccept
1785428472181,true,1785428472225,FastAccept
1785428472241,false,1785428472284,FastAccept
1785428472302,false,1785428472345,FastAccept
1785428472365,true,1785428472408,FastAccept
1785428472430,false,1785428472473,FastAccept
1785428472497,false,1785428472540,FastAccept
1785428472567,true,1785428472610,FastAccept
1785428472640,false,1785428472683,FastAccept
1785428472715,false,1785428472758,FastAccept
1785428472792,true,1785428472836,FastAccept
1785428472872,false,1785428472915,FastAccept
1785428472955,true,1785428472998,FastAccept
1785428473042,false,1785428473085,FastAccept
1785428473133,false,1785428473176,FastAccept
1785428473229,false,1785428473271,FastAccept
1785428473329,true,1785428473372,FastAccept
1785428473434,true,1785428473477,FastAccept
1785428473545,false,1785428473588,FastAccept
1785428473661,false,1785428473704,FastAccept
1785428473784,false,1785428473828,FastAccept
1785428473915,false,1785428473958,FastAccept
1785428474055,true,1785428474097,FastAccept
1785428474206,false,1785428474249,FastAccept
1785428474367,false,1785428474411,FastAccept
1785428474542,true,1785428474585,FastAccept
1785428474733,true,1785428474776,FastAccept
1785428474944,true,1785428474986,FastAccept
1785428475178,false,1785428475220,FastAccept
1785428475441,true,1785428475484,FastAccept
1785428475741,false,1785428475783,FastAccept
1785428476087,false,1785428476129,FastAccept
1785428476499,true,1785428476542,FastAccept
1785428477007,false,1785428477050,FastAccept
1785428477659,true,1785428477703,FastAccept
1785428478564,false,1785428478607,FastAccept
1785428479984,false,1785428480027,FastAccept
1785428482874,false,,
1785428495127,false,1785428495169,FastAccept
1785428500008,true,1785428500051,FastAccept
1785428500031,false,1785428500074,FastAccept
1785428500053,true,1785428500115,SlowAccept
1785428500075,false,1785428500118,FastAccept
1785428500097,false,1785428500140,FastAccept
1785428500120,false,1785428500163,FastAccept
1785428500143,false,1785428500186,FastAccept
1785428500167,false,1785428500210,FastAccept
1785428500190,true,1785428500243,FastAccept
1785428500214,false,1785428500257,FastAccept
1785428500238,true,1785428500281,FastAccept
1785428500262,true,1785428500305,FastAccept
1785428500286,false,1785428500328,FastAccept
1785428500312,true,1785428500354,FastAccept
1785428500338,true,1785428500380,FastAccept
1785428500364,true,,
1785428500389,false,1785428500432,FastAccept
1785428500416,true,1785428500458,FastAccept
1785428500443,true,1785428500485,FastAccept
1785428500469,false,1785428500512,FastAccept
1785428500496,true,1785428500539,FastAccept
1785428500524,false,1785428500577,FastAccept
1785428500552,false,1785428500595,FastAccept
1785428500580,false,1785428500623,FastAccept
1785428500608,true,1785428500651,FastAccept
1785428500638,true,1785428500680,FastAccept
1785428500667,true,1785428500710,FastAccept
1785428500697,true,1785428500740,FastAccept
1785428500728,true,,
1785428500758,true,1785428500801,FastAccept
1785428500790,false,1785428500832,FastAccept
1785428500821,true,1785428500864,FastAccept
1785428500854,false,1785428500896,FastAccept
1785428500886,true,1785428500929,FastAccept
1785428500919,false,1785428500992,SlowAccept
1785428500953,false,1785428500997,FastAccept
1785428500988,false,1785428501030,FastAccept
1785428501022,false,1785428501065,FastAccept
1785428501057,true,1785428501099,FastAccept
1785428501093,false,1785428501135,FastAccept
1785428501129,false,1785428501172,FastAccept
1785428501167,false,,
1785428501204,false,1785428501247,FastAccept
1785428501242,true,1785428501285,FastAccept
1785428501281,false,1785428501324,FastAccept
1785428501322,false,1785428501364,FastAccept
1785428501363,true,1785428501405,FastAccept
1785428501405,false,,
1785428501447,false,1785428501490,FastAccept
1785428501491,false,1785428501534,FastAccept
1785428501535,true,1785428501578,FastAccept
1785428501580,false,1785428501623,FastAccept
1785428501627,false,1785428501669,FastAccept
1785428501674,false,1785428501727,FastAccept
1785428501724,false,1785428501767,FastAccept
1785428501773,false,1785428501816,FastAccept
1785428501825,true,1785428501867,FastAccept
1785428501877,true,1785428501920,FastAccept
1785428501931,false,1785428501974,FastAccept
1785428501986,false,1785428502029,FastAccept
1785428502042,false,1785428502085,FastAccept
1785428502100,true,1785428502143,FastAccept
1785428502161,true,1785428502203,FastAccept
1785428502223,true,1785428502265,FastAccept
1785428502286,true,1785428502329,FastAccept
1785428502351,true,1785428502394,FastAccept
1785428502419,false,1785428502462,FastAccept
1785428502489,false,1785428502532,FastAccept
1785428502561,false,1785428502605,FastAccept
1785428502637,false,1785428502680,FastAccept
1785428502716,false,1785428502759,FastAccept
1785428502797,false,1785428502840,FastAccept
1785428502881,false,,
1785428502969,false,1785428503012,FastAccept
1785428503061,false,1785428503104,FastAccept
1785428503157,false,1785428503200,FastAccept
1785428503258,true,1785428503301,FastAccept
1785428503365,true,1785428503408,FastAccept
1785428503477,false,,
1785428503595,false,,
1785428503721,false,,
1785428503853,true,,
1785428503995,false,,
1785428504148,true,1785428504204,LeaderAccept
1785428504312,true,,
1785428504491,true,1785428504546,LeaderAccept
1785428504686,true,1785428504742,LeaderAccept
1785428504900,true,1785428504951,LeaderAccept
1785428505139,false,,
1785428505409,false,1785428505466,LeaderAccept
1785428505717,true,1785428505769,LeaderAccept
1785428506076,true,,
1785428506506,true,1785428506548,FastAccept
1785428507038,true,1785428507094,LeaderAccept
1785428507732,false,1785428507783,LeaderAccept
1785428508714,true,1785428508765,LeaderAccept
1785428510318,false,1785428510361,FastAccept
1785428513894,false,1785428513936,FastAccept
1785428534335,true,1785428534378,FastAccept
1785428534353,false,1785428534396,FastAccept
1785428534371,false,1785428534414,FastAccept
1785428534390,false,1785428534432,FastAccept
1785428534408,false,,
1785428534426,true,1785428534469,FastAccept
1785428534445,false,1785428534488,FastAccept
1785428534465,false,1785428534507,FastAccept
1785428534483,false,1785428534526,FastAccept
1785428534502,false,1785428534545,FastAccept
1785428534521,true,1785428534565,FastAccept
1785428534540,true,1785428534583,FastAccept
1785428534559,false,,
1785428534579,true,1785428534622,FastAccept
1785428534600,false,1785428534642,FastAccept
1785428534620,true,1785428534662,FastAccept
1785428534640,true,1785428534683,FastAccept
1785428534661,true,1785428534704,FastAccept
1785428534683,true,1785428534725,FastAccept
1785428534704,true,1785428534747,FastAccept
1785428534725,false,,
1785428534748,false,1785428534790,FastAccept
1785428534769,false,1785428534812,FastAccept
1785428534791,false,1785428534865,SlowAccept
1785428534813,true,1785428534865,FastAccept
1785428534835,true,1785428534878,FastAccept
1785428534859,true,,
1785428534881,false,,
1785428534904,true,,
1785428534928,true,,
1785428534951,true,,
1785428534975,false,,
1785428535000,false,,
1785428535024,false,,
1785428535048,true,,
1785428535074,false,,
1785428535099,true,,
1785428535124,false,,
1785428535150,true,1785428535224,SlowAccept
1785428535178,false,1785428535230,FastAccept
1785428535204,true,1785428535246,FastAccept
1785428535231,false,,
1785428535260,true,,
1785428535288,true,,
1785428535316,true,,
1785428535345,true,,
1785428535375,false,,
1785428535404,true,,
1785428535433,true,,
1785428535463,true,1785428535517,FastAccept
1785428535495,false,1785428535546,LeaderAccept
1785428535526,true,1785428535577,LeaderAccept
1785428535557,false,1785428535608,LeaderAccept
1785428535589,true,1785428535640,LeaderAccept
1785428535622,false,1785428535673,LeaderAccept
1785428535655,false,1785428535706,LeaderAccept
1785428535690,false,1785428535740,LeaderAccept
1785428535724,true,1785428535775,LeaderAccept
1785428535758,true,1785428535810,LeaderAccept
1785428535794,false,1785428535845,LeaderAccept
1785428535830,true,1785428535881,LeaderAccept
1785428535866,false,1785428535917,LeaderAccept
1785428535903,false,1785428535954,LeaderAccept
1785428535942,true,1785428535992,LeaderAccept
1785428535980,true,1785428536031,LeaderAccept
1785428536019,true,1785428536071,LeaderAccept
1785428536059,false,1785428536110,LeaderAccept
1785428536100,true,1785428536151,LeaderAccept
1785428536141,false,1785428536193,LeaderAccept
1785428536184,false,1785428536235,LeaderAccept
1785428536227,false,1785428536279,LeaderAccept
1785428536271,false,1785428536322,LeaderAccept
1785428536317,true,1785428536368,LeaderAccept
1785428536363,false,1785428536415,LeaderAccept
1785428536410,true,1785428536461,LeaderAccept
1785428536459,false,1785428536510,LeaderAccept
1785428536509,false,1785428536560,LeaderAccept
1785428536560,true,1785428536611,LeaderAccept
1785428536612,true,1785428536663,LeaderAccept
1785428536665,true,1785428536716,LeaderAccept
1785428536720,false,1785428536771,LeaderAccept
1785428536778,false,1785428536829,LeaderAccept
1785428536835,false,1785428536886,LeaderAccept
1785428536895,true,1785428536947,LeaderAccept
1785428536957,true,1785428537008,LeaderAccept
1785428537020,false,1785428537071,LeaderAccept
1785428537086,false,1785428537137,LeaderAccept
1785428537153,false,1785428537205,LeaderAccept
1785428537223,false,1785428537273,LeaderAccept
1785428537296,false,1785428537347,LeaderAccept
1785428537370,false,1785428537422,LeaderAccept
1785428537448,true,1785428537499,LeaderAccept
1785428537528,true,1785428537580,LeaderAccept
1785428537612,false,1785428537664,LeaderAccept
1785428537699,true,1785428537750,LeaderAccept
1785428537790,false,1785428537842,LeaderAccept
1785428537886,false,,
1785428537987,false,,
1785428538092,true,1785428538162,SlowAccept
1785428538204,true,1785428538257,FastAccept
1785428538321,true,1785428538364,FastAccept
1785428538445,false,1785428538488,FastAccept
1785428538577,true,1785428538620,FastAccept
1785428538718,true,1785428538761,FastAccept
1785428538871,false,1785428538914,FastAccept
1785428539035,false,1785428539078,FastAccept
1785428539212,true,1785428539255,FastAccept
1785428539407,true,,
1785428539620,false,1785428539691,SlowAccept
1785428539857,false,1785428539900,FastAccept
1785428540125,true,1785428540167,FastAccept
1785428540429,false,1785428540472,FastAccept
1785428540784,false,1785428540827,FastAccept
1785428541208,false,1785428541251,FastAccept
1785428541730,false,1785428541773,FastAccept
1785428542409,true,1785428542452,FastAccept
1785428543362,false,1785428543405,FastAccept
1785428544896,true,1785428544960,SlowAccept
1785428548197,true,1785428548240,FastAccept
1785428562992,true,1785428563054,SlowAccept
1785428563015,false,1785428563058,FastAccept
1785428563038,true,1785428563081,FastAccept
1785428563061,false,1785428563123,SlowAccept
1785428563085,true,1785428563128,FastAccept
1785428563109,false,1785428563152,FastAccept
1785428563134,true,,
1785428563158,true,1785428563201,FastAccept
1785428563184,false,1785428563226,FastAccept
1785428563208,true,1785428563251,FastAccept
1785428563234,false,1785428563277,FastAccept
1785428563259,true,1785428563302,FastAccept
1785428563286,true,,
1785428563312,false,1785428563355,FastAccept
1785428563340,false,1785428563382,FastAccept
1785428563367,false,,
1785428563394,false,1785428563437,FastAccept
1785428563423,false,1785428563466,FastAccept
1785428563451,true,1785428563494,FastAccept
1785428563479,true,1785428563522,FastAccept
1785428563507,false,1785428563550,FastAccept
1785428563536,false,,
1785428563566,false,1785428563609,FastAccept
1785428563597,true,1785428563640,FastAccept
1785428563627,true,,
1785428563658,false,1785428563701,FastAccept
1785428563689,true,,
1785428563722,false,,
1785428563754,false,1785428563797,FastAccept
1785428563787,false,,
1785428563820,true,,
1785428563854,false,1785428563897,FastAccept
1785428563890,true,,
1785428563925,false,,
1785428563961,true,1785428564004,FastAccept
1785428563998,true,,
1785428564035,false,,
1785428564074,true,1785428564116,FastAccept
1785428564112,true,1785428564155,FastAccept
1785428564151,false,,
1785428564191,false,1785428564234,FastAccept
1785428564232,false,1785428564275,FastAccept
1785428564274,true,,
1785428564316,true,1785428564359,FastAccept
1785428564359,false,1785428564402,FastAccept
1785428564403,true,,
1785428564449,true,1785428564492,FastAccept
1785428564495,false,1785428564538,FastAccept
1785428564542,true,,
1785428564591,true,1785428564634,FastAccept
1785428564640,true,1785428564684,FastAccept
1785428564692,true,,
1785428564743,true,1785428564786,FastAccept
1785428564796,true,1785428564840,FastAccept
1785428564851,false,,
1785428564907,false,1785428564950,FastAccept
1785428564965,true,1785428565008,FastAccept
1785428565024,true,1785428565067,FastAccept
1785428565086,false,1785428565139,FastAccept
1785428565149,false,1785428565192,FastAccept
1785428565213,false,1785428565257,FastAccept
1785428565280,true,1785428565333,FastAccept
1785428565349,false,1785428565392,FastAccept
1785428565421,true,1785428565464,FastAccept
1785428565495,true,1785428565549,FastAccept
1785428565573,false,1785428565616,FastAccept
1785428565652,false,1785428565695,FastAccept
1785428565735,false,1785428565788,FastAccept
1785428565821,true,1785428565864,FastAccept
1785428565912,false,1785428565955,FastAccept
1785428566006,false,,
1785428566106,false,1785428566148,FastAccept
1785428566209,true,1785428566253,FastAccept
1785428566319,true,,
1785428566436,false,1785428566479,FastAccept
1785428566559,false,1785428566602,FastAccept
1785428566690,true,,
1785428566828,true,1785428566872,FastAccept
1785428566977,false,1785428567021,FastAccept
1785428567137,false,,
1785428567312,true,1785428567355,FastAccept
1785428567502,false,1785428567545,FastAccept
1785428567709,true,1785428567752,FastAccept
1785428567941,false,1785428567984,FastAccept
1785428568199,true,1785428568242,FastAccept
1785428568494,true,1785428568537,FastAccept
1785428568835,false,1785428568878,FastAccept
1785428569239,true,1785428569313,SlowAccept
1785428569733,false,1785428569807,SlowAccept
1785428570367,false,1785428570410,FastAccept
1785428571236,true,,
1785428572576,true,1785428572620,FastAccept
1785428575196,false,1785428575239,FastAccept
1785428584896,true,1785428584939,FastAccept
1785428585030,true,1785428585073,FastAccept
1785428585044,false,1785428585087,FastAccept
1785428585059,true,1785428585102,FastAccept
1785428585074,false,1785428585116,FastAccept
1785428585089,false,1785428585131,FastAccept
1785428585104,true,1785428585147,FastAccept
1785428585119,false,1785428585162,FastAccept
1785428585134,true,1785428585177,FastAccept
1785428585150,false,1785428585193,FastAccept
1785428585166,false,1785428585208,FastAccept
1785428585181,false,1785428585223,FastAccept
1785428585196,false,1785428585239,FastAccept
1785428585212,false,1785428585266,FastAccept
1785428585229,false,1785428585281,FastAccept
1785428585245,false,1785428585298,FastAccept
1785428585261,false,1785428585314,FastAccept
1785428585277,true,1785428585329,FastAccept
1785428585293,true,1785428585346,FastAccept
1785428585310,false,1785428585362,FastAccept
1785428585326,false,1785428585379,FastAccept
1785428585344,true,1785428585396,FastAccept
1785428585361,true,1785428585414,FastAccept
1785428585379,false,1785428585431,FastAccept
1785428585396,false,,
1785428585413,true,1785428585478,SlowAccept
1785428585431,false,1785428585494,SlowAccept
1785428585449,false,1785428585513,SlowAccept
1785428585468,true,1785428585531,SlowAccept
1785428585485,false,1785428585548,SlowAccept
1785428585504,true,,
1785428585522,false,1785428585596,SlowAccept
1785428585540,true,1785428585596,FastAccept
1785428585558,false,1785428585611,FastAccept
1785428585578,true,1785428585652,SlowAccept
1785428585596,true,1785428585652,FastAccept
1785428585615,false,1785428585690,SlowAccept
1785428585636,false,1785428585708,SlowAccept
1785428585655,true,1785428585726,SlowAccept
1785428585675,true,,
1785428585696,false,,
1785428585716,true,,
1785428585737,false,1785428585787,LeaderAccept
1785428585757,false,1785428585808,LeaderAccept
1785428585777,false,1785428585828,LeaderAccept
1785428585799,false,1785428585849,LeaderAccept
1785428585819,false,1785428585871,LeaderAccept
1785428585841,false,1785428585892,LeaderAccept
1785428585863,false,1785428585914,LeaderAccept
1785428585884,false,1785428585935,LeaderAccept
1785428585906,false,1785428585957,LeaderAccept
1785428585928,true,1785428585979,LeaderAccept
1785428585950,true,1785428586001,LeaderAccept
1785428585973,false,1785428586024,LeaderAccept
1785428585996,false,1785428586047,LeaderAccept
1785428586019,true,1785428586070,LeaderAccept
1785428586042,true,1785428586093,LeaderAccept
1785428586065,false,1785428586116,LeaderAccept
1785428586089,true,1785428586139,LeaderAccept
1785428586114,true,1785428586165,LeaderAccept
1785428586138,true,1785428586190,LeaderAccept
1785428586164,true,1785428586215,LeaderAccept
1785428586189,false,1785428586240,LeaderAccept
1785428586215,true,1785428586266,LeaderAccept
1785428586240,true,1785428586292,LeaderAccept
1785428586266,false,1785428586317,LeaderAccept
1785428586293,false,1785428586344,LeaderAccept
1785428586319,true,1785428586370,LeaderAccept
1785428586346,false,1785428586397,LeaderAccept
1785428586373,false,1785428586425,LeaderAccept
1785428586401,true,1785428586453,LeaderAccept
1785428586429,true,1785428586480,LeaderAccept
1785428586457,false,1785428586508,LeaderAccept
1785428586486,false,1785428586537,LeaderAccept
1785428586515,true,1785428586567,LeaderAccept
1785428586545,true,1785428586597,LeaderAccept
1785428586576,false,1785428586627,LeaderAccept
1785428586606,true,1785428586657,LeaderAccept
1785428586637,false,1785428586688,LeaderAccept
1785428586668,true,1785428586719,LeaderAccept
1785428586700,true,1785428586751,LeaderAccept
1785428586732,false,1785428586783,LeaderAccept
1785428586765,true,1785428586817,LeaderAccept
1785428586799,true,1785428586851,LeaderAccept
1785428586833,false,1785428586884,LeaderAccept
1785428586867,false,1785428586918,LeaderAccept
1785428586903,false,1785428586954,LeaderAccept
1785428586939,false,1785428586990,LeaderAccept
1785428586975,true,1785428587026,LeaderAccept
1785428587012,true,1785428587064,LeaderAccept
1785428587050,false,1785428587101,LeaderAccept
1785428587089,true,1785428587140,LeaderAccept
1785428587128,true,1785428587180,LeaderAccept
1785428587168,true,1785428587219,LeaderAccept
1785428587208,true,1785428587259,LeaderAccept
1785428587249,false,1785428587300,LeaderAccept
1785428587291,true,1785428587342,LeaderAccept
1785428587334,true,1785428587385,LeaderAccept
1785428587379,true,1785428587430,LeaderAccept
1785428587424,false,1785428587475,LeaderAccept
1785428587470,false,1785428587522,LeaderAccept
1785428587517,false,1785428587568,LeaderAccept
1785428587566,false,1785428587617,LeaderAccept
1785428587616,true,1785428587667,LeaderAccept
1785428587666,true,1785428587718,LeaderAccept
1785428587718,true,1785428587769,LeaderAccept
1785428587771,false,1785428587823,LeaderAccept
1785428587826,false,1785428587878,LeaderAccept
1785428587883,true,1785428587934,LeaderAccept
1785428587941,false,1785428587992,LeaderAccept
1785428588000,true,1785428588051,LeaderAccept
1785428588062,false,1785428588113,LeaderAccept
1785428588125,false,1785428588177,LeaderAccept
1785428588190,false,1785428588241,LeaderAccept
1785428588257,false,1785428588308,LeaderAccept
1785428588326,true,1785428588378,LeaderAccept
1785428588398,true,1785428588450,LeaderAccept
1785428588473,false,1785428588525,LeaderAccept
1785428588550,true,1785428588602,LeaderAccept
1785428588630,false,1785428588682,LeaderAccept
1785428588713,true,1785428588764,LeaderAccept
1785428588801,false,1785428588852,LeaderAccept
1785428588892,true,1785428588935,FastAccept
1785428588987,false,1785428589030,FastAccept
1785428589086,false,1785428589129,FastAccept
1785428589192,false,1785428589235,FastAccept
1785428589302,true,1785428589345,FastAccept
1785428589418,false,1785428589461,FastAccept
1785428589542,true,1785428589585,FastAccept
1785428589672,false,1785428589715,FastAccept
1785428589811,true,1785428589854,FastAccept
1785428589960,false,1785428590003,FastAccept
1785428590123,true,1785428590165,FastAccept
1785428590297,true,1785428590341,FastAccept
1785428590488,false,1785428590531,FastAccept
1785428590698,true,1785428590741,FastAccept
1785428590932,true,1785428590975,FastAccept
1785428591193,false,1785428591246,FastAccept
1785428591492,false,,
1785428591837,false,,
1785428592248,true,1785428592291,FastAccept
1785428592753,false,1785428592796,FastAccept
1785428593401,false,1785428593445,FastAccept
1785428594297,true,1785428594340,FastAccept
1785428595699,false,1785428595742,FastAccept
1785428598524,true,1785428598575,LeaderAccept
1785428610118,false,1785428610161,FastAccept
1785428619408,false,1785428619451,FastAccept
1785428619424,false,1785428619467,FastAccept
1785428619440,true,1785428619483,FastAccept
1785428619458,true,1785428619510,FastAccept
1785428619475,true,1785428619518,FastAccept
1785428619492,false,1785428619535,FastAccept
1785428619509,false,1785428619553,FastAccept
1785428619527,false,1785428619570,FastAccept
1785428619544,true,1785428619587,FastAccept
1785428619562,false,1785428619615,FastAccept
1785428619579,false,1785428619622,FastAccept
1785428619597,true,1785428619641,FastAccept
1785428619615,true,1785428619657,FastAccept
1785428619634,false,1785428619676,FastAccept
1785428619653,false,1785428619696,FastAccept
1785428619672,true,1785428619725,FastAccept
1785428619690,true,1785428619733,FastAccept
1785428619709,false,1785428619751,FastAccept
1785428619729,true,1785428619772,FastAccept
1785428619748,true,1785428619792,FastAccept
1785428619768,true,1785428619811,FastAccept
1785428619788,false,1785428619841,FastAccept
1785428619807,false,1785428619850,FastAccept
1785428619827,false,1785428619870,FastAccept
1785428619848,true,1785428619890,FastAccept
1785428619869,true,1785428619912,FastAccept
1785428619889,false,,
1785428619910,false,1785428619963,FastAccept
1785428619930,true,1785428619973,FastAccept
1785428619951,true,1785428619994,FastAccept
1785428619972,true,1785428620015,FastAccept
1785428619993,true,1785428620036,FastAccept
1785428620014,true,1785428620057,FastAccept
1785428620037,false,1785428620080,FastAccept
1785428620059,false,,
1785428620082,false,1785428620124,FastAccept
1785428620104,true,1785428620147,FastAccept
1785428620127,true,1785428620170,FastAccept
1785428620150,true,1785428620193,FastAccept
1785428620173,false,1785428620216,FastAccept
1785428620197,true,,
1785428620221,false,1785428620264,FastAccept
1785428620245,false,1785428620288,FastAccept
1785428620270,false,1785428620313,FastAccept
1785428620296,true,1785428620339,FastAccept
1785428620321,true,1785428620364,FastAccept
1785428620346,false,,
1785428620372,true,1785428620415,FastAccept
1785428620398,false,1785428620442,FastAccept
1785428620425,true,1785428620468,FastAccept
1785428620453,false,1785428620496,FastAccept
1785428620480,false,1785428620524,FastAccept
1785428620508,true,,
1785428620535,false,1785428620578,FastAccept
1785428620563,true,1785428620607,FastAccept
1785428620592,false,1785428620635,FastAccept
1785428620621,false,1785428620664,FastAccept
1785428620650,false,1785428620693,FastAccept
1785428620681,false,,
1785428620711,true,1785428620754,FastAccept
1785428620741,false,1785428620784,FastAccept
1785428620772,false,1785428620815,FastAccept
1785428620805,false,1785428620847,FastAccept
1785428620836,false,1785428620879,FastAccept
1785428620869,true,,
1785428620903,true,1785428620945,FastAccept
1785428620936,true,1785428620979,FastAccept
1785428620971,false,1785428621013,FastAccept
1785428621005,false,1785428621049,FastAccept
1785428621041,true,1785428621084,FastAccept
1785428621077,false,,
1785428621113,true,1785428621156,FastAccept
1785428621151,false,1785428621193,FastAccept
1785428621189,true,1785428621232,FastAccept
1785428621228,true,1785428621271,FastAccept
1785428621267,false,1785428621309,FastAccept
1785428621307,true,,
1785428621349,false,1785428621391,FastAccept
1785428621390,true,1785428621433,FastAccept
1785428621433,false,1785428621475,FastAccept
1785428621476,true,1785428621519,FastAccept
1785428621521,false,1785428621564,FastAccept
1785428621567,false,,
1785428621615,true,1785428621658,FastAccept
1785428621662,true,1785428621706,FastAccept
1785428621712,true,1785428621755,FastAccept
1785428621761,false,1785428621804,FastAccept
1785428621812,true,1785428621857,FastAccept
1785428621866,true,,
1785428621919,false,1785428621964,FastAccept
1785428621974,false,1785428622017,FastAccept
1785428622030,false,1785428622073,FastAccept
1785428622088,true,1785428622132,FastAccept
1785428622148,true,1785428622191,FastAccept
1785428622209,false,1785428622252,FastAccept
1785428622272,false,1785428622316,FastAccept
1785428622338,false,1785428622382,FastAccept
1785428622406,true,1785428622449,FastAccept
1785428622475,true,1785428622518,FastAccept
1785428622548,true,1785428622591,FastAccept
1785428622623,true,1785428622666,FastAccept
1785428622701,true,1785428622744,FastAccept
1785428622783,false,1785428622826,FastAccept
1785428622867,false,1785428622910,FastAccept
1785428622955,false,1785428622999,FastAccept
1785428623048,true,1785428623091,FastAccept
1785428623144,false,1785428623187,FastAccept
1785428623244,true,1785428623287,FastAccept
1785428623351,true,1785428623394,FastAccept
1785428623462,false,1785428623506,FastAccept
1785428623580,true,1785428623623,FastAccept
1785428623705,true,1785428623749,FastAccept
1785428623838,true,1785428623881,FastAccept
1785428623980,false,1785428624023,FastAccept
1785428624132,true,,
1785428624296,true,,
1785428624474,false,,
1785428624670,false,1785428624721,LeaderAccept
1785428624885,false,1785428624936,LeaderAccept
1785428625123,true,1785428625174,LeaderAccept
1785428625393,true,1785428625443,LeaderAccept
1785428625700,true,1785428625760,LeaderAccept
1785428626059,true,1785428626119,LeaderAccept
1785428626487,true,1785428626548,LeaderAccept
1785428627018,false,1785428627061,FastAccept
1785428627710,false,,
1785428628688,false,1785428628731,FastAccept
1785428630282,false,1785428630333,LeaderAccept
1785428633817,false,1785428633880,SlowAccept
1785428651318,true,1785428651361,FastAccept
1785428651334,true,1785428651377,FastAccept
1785428651351,false,1785428651394,FastAccept
1785428651368,false,1785428651411,FastAccept
1785428651385,true,1785428651429,FastAccept
1785428651402,false,1785428651445,FastAccept
1785428651419,false,1785428651462,FastAccept
1785428651437,false,1785428651480,FastAccept
1785428651455,true,1785428651497,FastAccept
1785428651472,false,1785428651515,FastAccept
1785428651491,true,1785428651533,FastAccept
1785428651510,true,1785428651552,FastAccept
1785428651528,true,1785428651571,FastAccept
1785428651547,true,1785428651589,FastAccept
1785428651565,true,1785428651609,FastAccept
1785428651584,true,1785428651626,FastAccept
1785428651604,false,1785428651646,FastAccept
1785428651623,true,1785428651666,FastAccept
1785428651643,true,1785428651685,FastAccept
1785428651662,false,1785428651705,FastAccept
1785428651682,false,1785428651725,FastAccept
1785428651702,true,1785428651745,FastAccept
1785428651722,true,1785428651765,FastAccept
1785428651743,true,1785428651785,FastAccept
1785428651763,false,1785428651805,FastAccept
1785428651783,false,1785428651826,FastAccept
1785428651805,false,1785428651847,FastAccept
1785428651825,true,1785428651868,FastAccept
1785428651846,false,1785428651890,FastAccept
1785428651867,false,1785428651910,FastAccept
1785428651889,false,1785428651932,FastAccept
1785428651912,false,1785428651955,FastAccept
1785428651933,false,1785428651976,FastAccept
1785428651955,false,1785428651998,FastAccept
1785428651977,true,1785428652021,FastAccept
1785428652000,false,1785428652043,FastAccept
1785428652024,false,1785428652067,FastAccept
1785428652047,false,1785428652090,FastAccept
1785428652070,false,1785428652113,FastAccept
1785428652094,true,1785428652136,FastAccept
1785428652118,true,1785428652162,FastAccept
1785428652143,true,1785428652186,FastAccept
1785428652169,true,1785428652212,FastAccept
1785428652193,false,1785428652236,FastAccept
1785428652219,false,1785428652262,FastAccept
1785428652244,false,1785428652287,FastAccept
1785428652270,false,1785428652312,FastAccept
1785428652296,false,1785428652339,FastAccept
1785428652323,false,1785428652366,FastAccept
1785428652349,false,1785428652392,FastAccept
1785428652376,false,1785428652419,FastAccept
1785428652403,false,1785428652446,FastAccept
1785428652430,false,1785428652473,FastAccept
1785428652458,true,1785428652503,FastAccept
1785428652487,true,1785428652530,FastAccept
1785428652517,true,1785428652559,FastAccept
1785428652547,false,1785428652590,FastAccept
1785428652577,false,1785428652620,FastAccept
1785428652607,true,1785428652650,FastAccept
1785428652638,true,1785428652681,FastAccept
1785428652669,false,1785428652712,FastAccept
1785428652701,true,1785428652744,FastAccept
1785428652733,false,1785428652776,FastAccept
1785428652766,false,1785428652809,FastAccept
1785428652799,true,1785428652842,FastAccept
1785428652833,false,1785428652876,FastAccept
1785428652868,false,1785428652911,FastAccept
1785428652903,true,1785428652946,FastAccept
1785428652938,false,1785428652980,FastAccept
1785428652975,false,1785428653018,FastAccept
1785428653012,false,1785428653054,FastAccept
1785428653049,true,1785428653092,FastAccept
1785428653088,false,1785428653130,FastAccept
1785428653126,true,1785428653170,FastAccept
1785428653166,false,1785428653209,FastAccept
1785428653206,false,1785428653249,FastAccept
1785428653248,false,1785428653291,FastAccept
1785428653291,false,1785428653333,FastAccept
1785428653333,false,1785428653376,FastAccept
1785428653377,true,1785428653419,FastAccept
1785428653423,false,1785428653465,FastAccept
1785428653469,false,1785428653512,FastAccept
1785428653515,true,1785428653558,FastAccept
1785428653562,false,1785428653605,FastAccept
1785428653612,false,1785428653654,FastAccept
1785428653662,false,1785428653705,FastAccept
1785428653714,true,1785428653756,FastAccept
1785428653767,false,1785428653809,FastAccept
1785428653820,true,1785428653863,FastAccept
1785428653877,false,1785428653919,FastAccept
1785428653933,true,1785428653976,FastAccept
1785428653992,false,1785428654035,FastAccept
1785428654052,false,1785428654095,FastAccept
1785428654114,false,1785428654157,FastAccept
1785428654178,false,1785428654221,FastAccept
1785428654244,true,1785428654287,FastAccept
1785428654313,true,1785428654355,FastAccept
1785428654384,true,1785428654426,FastAccept
1785428654457,false,1785428654500,FastAccept
1785428654534,false,1785428654577,FastAccept
1785428654612,true,1785428654655,FastAccept
1785428654694,true,1785428654736,FastAccept
1785428654780,true,1785428654823,FastAccept
1785428654868,false,1785428654911,FastAccept
1785428654961,true,1785428655004,FastAccept
1785428655058,false,1785428655101,FastAccept
1785428655160,true,1785428655203,FastAccept
1785428655267,true,1785428655310,FastAccept
1785428655381,true,1785428655423,FastAccept
1785428655501,true,1785428655544,FastAccept
1785428655628,true,1785428655671,FastAccept
1785428655764,true,1785428655807,FastAccept
1785428655910,true,1785428655953,FastAccept
1785428656065,false,1785428656107,FastAccept
1785428656234,false,1785428656276,FastAccept
1785428656417,true,1785428656460,FastAccept
1785428656617,true,1785428656660,FastAccept
1785428656839,true,1785428656882,FastAccept
1785428657087,false,1785428657129,FastAccept
1785428657366,false,1785428657409,FastAccept
1785428657687,false,1785428657730,FastAccept
1785428658064,false,1785428658106,FastAccept
1785428658519,false,1785428658562,FastAccept
1785428659090,false,,
1785428659851,true,1785428659901,LeaderAccept
1785428660962,false,1785428661005,FastAccept
1785428662897,false,1785428662953,LeaderAccept
1785428667988,false,,
1785428671371,true,1785428671414,FastAccept
1785428671395,true,1785428671439,FastAccept
1785428671419,false,1785428671462,FastAccept
1785428671444,false,,
1785428671470,false,1785428671513,FastAccept
1785428671495,false,1785428671538,FastAccept
1785428671520,true,1785428671563,FastAccept
1785428671545,true,1785428671589,FastAccept
1785428671571,true,1785428671614,FastAccept
1785428671598,false,1785428671641,FastAccept
1785428671625,false,1785428671667,FastAccept
1785428671651,true,1785428671694,FastAccept
1785428671680,true,1785428671722,FastAccept
1785428671708,false,1785428671751,FastAccept
1785428671737,true,1785428671780,FastAccept
1785428671765,false,1785428671809,FastAccept
1785428671795,false,1785428671838,FastAccept
1785428671824,false,1785428671867,FastAccept
1785428671854,false,1785428671897,FastAccept
1785428671884,true,1785428671928,FastAccept
1785428671915,true,1785428671959,FastAccept
1785428671947,true,1785428671991,FastAccept
1785428671978,false,1785428672022,FastAccept
1785428672010,true,1785428672053,FastAccept
1785428672043,true,1785428672086,FastAccept
1785428672076,true,1785428672119,FastAccept
1785428672110,false,1785428672153,FastAccept
1785428672144,true,1785428672188,FastAccept
1785428672179,false,1785428672222,FastAccept
1785428672214,true,1785428672257,FastAccept
1785428672250,false,,
1785428672287,true,1785428672330,FastAccept
1785428672324,true,1785428672367,FastAccept
1785428672362,false,1785428672406,FastAccept
1785428672402,true,1785428672445,FastAccept
1785428672441,true,1785428672484,FastAccept
1785428672481,false,,
1785428672523,true,1785428672565,FastAccept
1785428672564,true,1785428672607,FastAccept
1785428672607,false,1785428672650,FastAccept
1785428672651,true,1785428672694,FastAccept
1785428672696,true,1785428672739,FastAccept
1785428672742,false,1785428672785,FastAccept
1785428672789,false,1785428672832,FastAccept
1785428672837,true,1785428672880,FastAccept
1785428672886,true,1785428672929,FastAccept
1785428672936,false,1785428672979,FastAccept
1785428672987,true,1785428673030,FastAccept
1785428673041,true,1785428673084,FastAccept
1785428673094,true,1785428673138,FastAccept
1785428673150,false,1785428673193,FastAccept
1785428673207,false,1785428673250,FastAccept
1785428673267,false,,
1785428673327,true,,
1785428673389,true,,
1785428673454,true,,
1785428673520,false,,
1785428673588,true,,
1785428673660,true,,
1785428673733,false,,
1785428673809,false,,
1785428673888,false,1785428673961,SlowAccept
1785428673970,true,,
1785428674056,true,1785428674107,LeaderAccept
1785428674145,true,1785428674196,LeaderAccept
1785428674238,false,1785428674289,LeaderAccept
1785428674335,true,1785428674387,LeaderAccept
1785428674437,false,1785428674488,LeaderAccept
1785428674544,false,1785428674595,LeaderAccept
1785428674658,true,1785428674709,LeaderAccept
1785428674777,false,1785428674828,LeaderAccept
1785428674905,false,1785428674956,LeaderAccept
1785428675040,true,1785428675091,LeaderAccept
1785428675186,false,1785428675237,LeaderAccept
1785428675341,false,1785428675392,LeaderAccept
1785428675510,true,,
1785428675692,true,1785428675735,FastAccept
1785428675892,true,1785428675935,FastAccept
1785428676114,true,1785428676187,SlowAccept
1785428676361,false,1785428676404,FastAccept
1785428676640,false,1785428676684,FastAccept
1785428676961,true,1785428677005,FastAccept
1785428677338,true,1785428677382,FastAccept
1785428677793,false,1785428677837,FastAccept
1785428678365,true,1785428678408,FastAccept
1785428679124,true,1785428679166,FastAccept
1785428680235,true,,
1785428682168,false,1785428682211,FastAccept
1785428687250,true,1785428687293,FastAccept
1785428708783,true,1785428708826,FastAccept
1785428708819,true,1785428708862,FastAccept
1785428708856,true,1785428708899,FastAccept
1785428708894,false,1785428708937,FastAccept
1785428708932,false,1785428708975,FastAccept
1785428708971,true,1785428709015,FastAccept
1785428709011,true,1785428709053,FastAccept
1785428709052,true,1785428709094,FastAccept
1785428709094,true,1785428709137,FastAccept
1785428709136,false,,
1785428709178,true,,
1785428709222,true,,
1785428709266,true,,
1785428709312,true,,
1785428709360,true,,
1785428709407,true,,
1785428709456,true,,
1785428709507,true,,
1785428709558,false,,
1785428709610,true,,
1785428709664,true,,
1785428709719,false,,
1785428709776,true,1785428709828,LeaderAccept
1785428709835,true,1785428709886,LeaderAccept
1785428709895,true,1785428709947,LeaderAccept
1785428709957,false,1785428710008,LeaderAccept
1785428710021,false,1785428710073,LeaderAccept
1785428710087,true,1785428710138,LeaderAccept
1785428710155,true,1785428710207,LeaderAccept
1785428710225,true,1785428710276,LeaderAccept
1785428710298,true,1785428710349,LeaderAccept
1785428710374,true,1785428710426,LeaderAccept
1785428710453,false,1785428710504,LeaderAccept
1785428710535,false,1785428710586,LeaderAccept
1785428710621,true,1785428710673,LeaderAccept
1785428710710,true,1785428710761,LeaderAccept
1785428710802,false,1785428710853,LeaderAccept
1785428710899,true,1785428710951,LeaderAccept
1785428711001,false,1785428711052,LeaderAccept
1785428711108,true,1785428711161,LeaderAccept
1785428711221,true,1785428711272,LeaderAccept
1785428711340,false,1785428711392,LeaderAccept
1785428711467,false,1785428711518,LeaderAccept
1785428711602,false,1785428711653,LeaderAccept
1785428711746,false,1785428711797,LeaderAccept
1785428711902,false,1785428711952,LeaderAccept
1785428712070,false,1785428712121,LeaderAccept
1785428712252,false,1785428712303,LeaderAccept
1785428712452,true,1785428712503,LeaderAccept
1785428712674,false,1785428712724,LeaderAccept
1785428712920,true,1785428712971,LeaderAccept
1785428713198,false,1785428713250,LeaderAccept
1785428713517,false,1785428713568,LeaderAccept
1785428713891,true,1785428713942,LeaderAccept
1785428714342,true,,
1785428714908,true,1785428714959,LeaderAccept
1785428715657,true,1785428715709,LeaderAccept
1785428716746,true,1785428716797,LeaderAccept
1785428718622,false,1785428718665,FastAccept
1785428723416,true,1785428723467,LeaderAccept
1785428740024,false,1785428740068,FastAccept
1785428740045,false,1785428740089,FastAccept
1785428740064,false,1785428740106,FastAccept
1785428740085,false,1785428740127,FastAccept
1785428740104,true,1785428740148,FastAccept
1785428740124,true,1785428740168,FastAccept
1785428740145,false,1785428740188,FastAccept
1785428740167,true,1785428740210,FastAccept
1785428740187,true,1785428740230,FastAccept
1785428740208,false,1785428740251,FastAccept
1785428740230,true,1785428740273,FastAccept
1785428740251,true,1785428740293,FastAccept
1785428740272,false,1785428740316,FastAccept
1785428740294,false,1785428740337,FastAccept
1785428740317,false,1785428740359,FastAccept
1785428740339,false,1785428740382,FastAccept
1785428740361,false,1785428740404,FastAccept
1785428740384,false,1785428740427,FastAccept
1785428740407,false,1785428740481,SlowAccept
1785428740430,false,1785428740481,FastAccept
1785428740453,false,1785428740496,FastAccept
1785428740478,false,1785428740521,FastAccept
1785428740501,true,1785428740544,FastAccept
1785428740526,true,1785428740569,FastAccept
1785428740551,false,1785428740594,FastAccept
1785428740576,true,1785428740619,FastAccept
1785428740602,true,1785428740645,FastAccept
1785428740627,true,1785428740670,FastAccept
1785428740653,false,1785428740696,FastAccept
1785428740679,true,1785428740722,FastAccept
1785428740705,true,1785428740748,FastAccept
1785428740732,true,1785428740774,FastAccept
1785428740758,true,1785428740802,FastAccept
1785428740787,false,1785428740830,FastAccept
1785428740814,true,1785428740857,FastAccept
1785428740843,true,1785428740886,FastAccept
1785428740871,false,1785428740914,FastAccept
1785428740901,false,1785428740944,FastAccept
1785428740931,true,,
1785428740960,false,,
1785428740990,false,,
1785428741020,false,,
1785428741052,true,,
1785428741083,true,,
1785428741115,false,,
1785428741147,true,,
1785428741181,true,,
1785428741214,false,,
1785428741248,true,,
1785428741284,false,,
1785428741319,false,,
1785428741354,true,,
1785428741390,false,1785428741442,LeaderAccept
1785428741428,false,1785428741479,LeaderAccept
1785428741465,true,1785428741516,LeaderAccept
1785428741503,true,1785428741554,LeaderAccept
1785428741542,true,1785428741593,LeaderAccept
1785428741583,false,1785428741633,LeaderAccept
1785428741623,true,1785428741674,LeaderAccept
1785428741665,true,1785428741716,LeaderAccept
1785428741707,true,1785428741757,LeaderAccept
1785428741750,true,1785428741801,LeaderAccept
1785428741794,false,1785428741845,LeaderAccept
1785428741839,false,1785428741890,LeaderAccept
1785428741885,true,1785428741935,LeaderAccept
1785428741932,false,1785428741983,LeaderAccept
1785428741982,true,1785428742032,LeaderAccept
1785428742031,false,1785428742083,LeaderAccept
1785428742082,true,1785428742133,LeaderAccept
1785428742135,false,1785428742185,LeaderAccept
1785428742189,false,1785428742239,LeaderAccept
1785428742244,false,1785428742295,LeaderAccept
1785428742300,false,1785428742351,LeaderAccept
1785428742358,true,1785428742409,LeaderAccept
1785428742417,true,1785428742469,LeaderAccept
1785428742479,true,1785428742529,LeaderAccept
1785428742543,true,1785428742593,LeaderAccept
1785428742609,true,1785428742660,LeaderAccept
1785428742676,false,1785428742727,LeaderAccept
1785428742745,false,1785428742796,LeaderAccept
1785428742817,true,1785428742869,LeaderAccept
1785428742893,false,1785428742944,LeaderAccept
1785428742970,true,1785428743021,LeaderAccept
1785428743051,false,1785428743103,LeaderAccept
1785428743135,true,1785428743186,LeaderAccept
1785428743222,true,1785428743274,LeaderAccept
1785428743313,false,1785428743365,LeaderAccept
1785428743408,true,1785428743459,LeaderAccept
1785428743509,false,1785428743560,LeaderAccept
1785428743614,true,1785428743665,LeaderAccept
1785428743724,false,1785428743775,LeaderAccept
1785428743842,true,1785428743894,LeaderAccept
1785428743965,true,1785428744016,LeaderAccept
1785428744096,true,1785428744148,LeaderAccept
1785428744236,false,1785428744288,LeaderAccept
1785428744386,true,1785428744442,LeaderAccept
1785428744548,false,1785428744599,LeaderAccept
1785428744725,false,,
1785428744916,false,,
1785428745128,true,1785428745170,FastAccept
1785428745363,false,1785428745406,FastAccept
1785428745626,true,1785428745669,FastAccept
1785428745927,true,1785428745970,FastAccept
1785428746276,false,1785428746330,FastAccept
1785428746693,false,1785428746737,FastAccept
1785428747204,true,1785428747248,FastAccept
1785428747866,false,1785428747909,FastAccept
1785428748786,false,1785428748829,FastAccept
1785428750242,false,1785428750285,FastAccept
1785428753255,false,1785428753298,FastAccept
1785428766845,true,1785428766901,LeaderAccept
1785428778599,false,,
1785428778626,false,1785428778669,FastAccept
1785428778654,false,,
1785428778683,true,,
1785428778712,false,1785428778755,FastAccept
1785428778742,true,1785428778784,FastAccept
1785428778771,true,1785428778844,SlowAccept
1785428778801,false,1785428778865,SlowAccept
1785428778833,false,1785428778876,FastAccept
1785428778865,true,1785428778907,FastAccept
1785428778896,true,,
1785428778928,true,1785428778971,FastAccept
1785428778962,false,1785428779015,FastAccept
1785428778995,true,,
1785428779030,false,1785428779072,FastAccept
1785428779064,false,1785428779107,FastAccept
1785428779100,false,,
1785428779135,true,1785428779178,FastAccept
1785428779171,false,,
1785428779208,false,1785428779250,FastAccept
1785428779245,true,1785428779288,FastAccept
1785428779284,true,1785428779326,FastAccept
1785428779322,false,1785428779365,FastAccept
1785428779363,false,,
1785428779403,false,1785428779446,FastAccept
1785428779445,true,1785428779488,FastAccept
1785428779487,false,,
1785428779529,true,,
1785428779574,true,,
1785428779618,false,,
1785428779663,true,,
1785428779710,false,,
1785428779758,true,,
1785428779807,false,,
1785428779857,true,,
1785428779909,false,,
1785428779961,true,1785428780013,LeaderAccept
1785428780015,true,1785428780066,LeaderAccept
1785428780071,false,1785428780121,LeaderAccept
1785428780128,false,1785428780179,LeaderAccept
1785428780186,true,1785428780237,LeaderAccept
1785428780247,false,1785428780298,LeaderAccept
1785428780309,false,1785428780361,LeaderAccept
1785428780374,true,1785428780425,LeaderAccept
1785428780440,true,1785428780491,LeaderAccept
1785428780508,true,1785428780561,LeaderAccept
1785428780579,false,1785428780632,LeaderAccept
1785428780653,true,1785428780703,LeaderAccept
1785428780729,false,1785428780780,LeaderAccept
1785428780807,false,1785428780858,LeaderAccept
1785428780888,true,1785428780940,LeaderAccept
1785428780973,true,1785428781024,LeaderAccept
1785428781063,false,1785428781113,LeaderAccept
1785428781155,false,1785428781207,LeaderAccept
1785428781252,false,1785428781303,LeaderAccept
1785428781354,true,1785428781406,LeaderAccept
1785428781461,true,1785428781512,LeaderAccept
1785428781575,false,1785428781626,LeaderAccept
1785428781694,false,1785428781745,LeaderAccept
1785428781822,false,1785428781873,LeaderAccept
1785428781957,false,1785428782009,LeaderAccept
1785428782102,true,1785428782153,LeaderAccept
1785428782258,false,1785428782319,SlowAccept
1785428782425,false,1785428782468,FastAccept
1785428782607,false,1785428782650,FastAccept
1785428782807,true,1785428782850,FastAccept
1785428783029,false,1785428783072,FastAccept
1785428783275,true,1785428783318,FastAccept
1785428783554,true,,
1785428783873,true,1785428783916,FastAccept
1785428784249,true,1785428784292,FastAccept
1785428784701,true,1785428784744,FastAccept
1785428785269,false,1785428785311,FastAccept
1785428786021,false,1785428786064,FastAccept
1785428787117,true,1785428787160,FastAccept
1785428789012,true,1785428789055,FastAccept
1785428793898,false,1785428793941,FastAccept
1785428800895,true,1785428800938,FastAccept
1785428800910,true,1785428800953,FastAccept
1785428800926,false,1785428800969,FastAccept
1785428800941,false,1785428800984,FastAccept
1785428800957,false,1785428800999,FastAccept
1785428800973,true,1785428801015,FastAccept
1785428800988,false,1785428801031,FastAccept
1785428801005,false,1785428801047,FastAccept
1785428801021,true,1785428801064,FastAccept
1785428801038,false,1785428801081,FastAccept
1785428801055,true,1785428801097,FastAccept
1785428801072,true,1785428801114,FastAccept
1785428801088,true,1785428801130,FastAccept
1785428801105,false,1785428801148,FastAccept
1785428801122,false,1785428801165,FastAccept
1785428801140,true,1785428801183,FastAccept
1785428801157,true,1785428801200,FastAccept
1785428801175,false,1785428801217,FastAccept
1785428801192,true,1785428801234,FastAccept
1785428801209,true,1785428801252,FastAccept
1785428801227,true,1785428801269,FastAccept
1785428801246,true,1785428801288,FastAccept
1785428801264,false,1785428801306,FastAccept
1785428801283,true,1785428801325,FastAccept
1785428801301,true,1785428801343,FastAccept
1785428801319,true,1785428801362,FastAccept
1785428801338,true,1785428801381,FastAccept
1785428801358,true,1785428801400,FastAccept
1785428801376,false,1785428801419,FastAccept
1785428801395,false,1785428801438,FastAccept
1785428801414,false,1785428801456,FastAccept
1785428801433,true,,
1785428801453,true,1785428801496,FastAccept
1785428801473,true,1785428801516,FastAccept
1785428801494,true,1785428801536,FastAccept
1785428801514,true,1785428801557,FastAccept
1785428801534,false,1785428801577,FastAccept
1785428801555,true,1785428801598,FastAccept
1785428801577,true,1785428801620,FastAccept
1785428801598,false,1785428801641,FastAccept
1785428801620,false,1785428801663,FastAccept
1785428801641,false,1785428801683,FastAccept
1785428801662,true,1785428801705,FastAccept
1785428801684,true,1785428801727,FastAccept
1785428801707,false,1785428801750,FastAccept
1785428801729,true,1785428801772,FastAccept
1785428801752,false,1785428801795,FastAccept
1785428801776,false,1785428801818,FastAccept
1785428801800,true,1785428801842,FastAccept
1785428801823,true,1785428801866,FastAccept
1785428801847,true,1785428801890,FastAccept
1785428801871,false,,
1785428801895,false,1785428801938,FastAccept
1785428801921,true,1785428801963,FastAccept
1785428801945,true,1785428801988,FastAccept
1785428801970,true,1785428802013,FastAccept
1785428801996,false,1785428802038,FastAccept
1785428802021,false,1785428802064,FastAccept
1785428802047,false,1785428802090,FastAccept
1785428802074,false,1785428802147,SlowAccept
1785428802102,true,1785428802147,FastAccept
1785428802129,true,1785428802172,FastAccept
1785428802156,true,1785428802199,FastAccept
1785428802184,false,1785428802226,FastAccept
1785428802212,false,1785428802255,FastAccept
1785428802241,false,1785428802284,FastAccept
1785428802270,false,1785428802313,FastAccept
1785428802299,false,1785428802342,FastAccept
1785428802329,false,1785428802372,FastAccept
1785428802359,true,1785428802402,FastAccept
1785428802391,true,1785428802434,FastAccept
1785428802422,true,,
1785428802454,true,1785428802497,FastAccept
1785428802486,false,1785428802529,FastAccept
1785428802519,false,1785428802562,FastAccept
1785428802552,false,1785428802595,FastAccept
1785428802586,true,1785428802629,FastAccept
1785428802620,true,1785428802663,FastAccept
1785428802656,true,1785428802698,FastAccept
1785428802692,true,1785428802734,FastAccept
1785428802728,true,1785428802770,FastAccept
1785428802765,true,1785428802807,FastAccept
1785428802803,false,1785428802846,FastAccept
1785428802841,false,1785428802883,FastAccept
1785428802880,true,1785428802922,FastAccept
1785428802920,false,1785428802962,FastAccept
1785428802961,true,1785428803003,FastAccept
1785428803001,true,1785428803044,FastAccept
1785428803043,false,1785428803086,FastAccept
1785428803086,true,1785428803128,FastAccept
1785428803129,false,1785428803172,FastAccept
1785428803174,true,1785428803217,FastAccept
1785428803220,false,1785428803262,FastAccept
1785428803266,true,1785428803309,FastAccept
1785428803314,true,1785428803357,FastAccept
1785428803364,false,1785428803407,FastAccept
1785428803413,true,1785428803456,FastAccept
1785428803464,false,1785428803507,FastAccept
1785428803516,false,1785428803559,FastAccept
1785428803571,false,1785428803613,FastAccept
1785428803626,false,1785428803669,FastAccept
1785428803683,false,1785428803726,FastAccept
1785428803743,true,1785428803785,FastAccept
1785428803804,true,1785428803847,FastAccept
1785428803866,true,1785428803909,FastAccept
1785428803930,false,1785428803973,FastAccept
1785428803997,true,1785428804039,FastAccept
1785428804066,true,1785428804109,FastAccept
1785428804136,true,1785428804179,FastAccept
1785428804209,false,1785428804252,FastAccept
1785428804286,false,1785428804329,FastAccept
1785428804364,true,1785428804407,FastAccept
1785428804446,true,1785428804489,FastAccept
1785428804531,true,1785428804574,FastAccept
1785428804621,false,1785428804663,FastAccept
1785428804714,false,1785428804756,FastAccept
1785428804811,true,1785428804854,FastAccept
1785428804913,true,1785428804957,FastAccept
1785428805021,true,1785428805064,FastAccept
1785428805134,false,1785428805177,FastAccept
1785428805255,true,1785428805298,FastAccept
1785428805381,false,1785428805424,FastAccept
1785428805516,false,1785428805559,FastAccept
1785428805661,false,1785428805704,FastAccept
1785428805818,true,1785428805861,FastAccept
1785428805986,true,1785428806029,FastAccept
1785428806169,false,1785428806212,FastAccept
1785428806370,false,1785428806412,FastAccept
1785428806592,false,1785428806635,FastAccept
1785428806839,true,1785428806882,FastAccept
1785428807119,false,1785428807162,FastAccept
1785428807440,false,1785428807483,FastAccept
1785428807817,true,,
1785428808272,false,1785428808322,LeaderAccept
1785428808843,true,1785428808893,LeaderAccept
1785428809602,true,1785428809652,LeaderAccept
1785428810712,true,1785428810755,FastAccept
1785428812643,false,1785428812686,FastAccept
1785428815989,false,1785428816040,LeaderAccept
1785428816014,true,1785428816073,LeaderAccept
1785428816040,false,,
1785428816065,false,1785428816115,LeaderAccept
1785428816092,true,1785428816141,LeaderAccept
1785428816118,false,1785428816169,LeaderAccept
1785428816146,true,1785428816204,LeaderAccept
1785428816174,false,,
1785428816201,false,1785428816251,LeaderAccept
1785428816230,true,1785428816280,LeaderAccept
1785428816258,false,1785428816309,LeaderAccept
1785428816287,true,1785428816346,LeaderAccept
1785428816316,true,,
1785428816345,false,1785428816396,LeaderAccept
1785428816375,false,1785428816426,LeaderAccept
1785428816405,true,1785428816456,LeaderAccept
1785428816437,false,1785428816487,LeaderAccept
1785428816468,true,1785428816527,LeaderAccept
1785428816499,false,1785428816550,LeaderAccept
1785428816531,true,1785428816581,LeaderAccept
1785428816563,false,1785428816614,LeaderAccept
1785428816597,false,1785428816648,LeaderAccept
1785428816631,true,1785428816681,LeaderAccept
1785428816665,false,1785428816715,LeaderAccept
1785428816700,false,1785428816751,LeaderAccept
1785428816735,true,1785428816786,LeaderAccept
1785428816771,true,1785428816822,LeaderAccept
1785428816807,false,1785428816858,LeaderAccept
1785428816845,true,1785428816896,LeaderAccept
1785428816883,true,1785428816933,LeaderAccept
1785428816922,true,1785428816972,LeaderAccept
1785428816962,true,1785428817012,LeaderAccept
1785428817002,false,1785428817053,LeaderAccept
1785428817044,false,1785428817094,LeaderAccept
1785428817085,true,1785428817135,LeaderAccept
1785428817128,false,1785428817178,LeaderAccept
1785428817172,true,1785428817223,LeaderAccept
1785428817217,true,1785428817268,LeaderAccept
1785428817263,false,1785428817314,LeaderAccept
1785428817309,true,1785428817360,LeaderAccept
1785428817358,false,1785428817408,LeaderAccept
1785428817406,false,1785428817457,LeaderAccept
1785428817457,false,1785428817508,LeaderAccept
1785428817508,false,1785428817558,LeaderAccept
1785428817560,false,1785428817611,LeaderAccept
1785428817615,true,1785428817665,LeaderAccept
1785428817671,true,1785428817721,LeaderAccept
1785428817727,true,1785428817777,LeaderAccept
1785428817785,false,1785428817836,LeaderAccept
1785428817846,true,1785428817896,LeaderAccept
1785428817907,true,1785428817958,LeaderAccept
1785428817971,true,1785428818021,LeaderAccept
1785428818037,false,1785428818088,LeaderAccept
1785428818105,false,1785428818156,LeaderAccept
1785428818175,true,1785428818225,LeaderAccept
1785428818249,false,1785428818299,LeaderAccept
1785428818324,false,1785428818375,LeaderAccept
1785428818402,true,1785428818452,LeaderAccept
1785428818484,false,1785428818535,LeaderAccept
1785428818568,true,1785428818618,LeaderAccept
1785428818656,false,1785428818707,LeaderAccept
1785428818749,false,1785428818799,LeaderAccept
1785428818846,false,1785428818896,LeaderAccept
1785428818947,true,,
1785428819055,false,,
1785428819167,true,1785428819210,FastAccept
1785428819286,false,1785428819330,FastAccept
1785428819412,false,1785428819455,FastAccept
1785428819547,true,,
1785428819690,false,,
1785428819844,true,1785428819887,FastAccept
1785428820012,true,1785428820055,FastAccept
1785428820192,true,1785428820235,FastAccept
1785428820390,false,1785428820433,FastAccept
1785428820609,true,,
1785428820853,true,1785428820896,FastAccept
1785428821127,true,1785428821170,FastAccept
1785428821442,true,1785428821485,FastAccept
1785428821811,false,1785428821853,FastAccept
1785428822253,true,1785428822296,FastAccept
1785428822806,true,,
1785428823534,true,1785428823586,FastAccept
1785428824581,true,1785428824623,FastAccept
1785428826347,true,1785428826400,FastAccept
1785428830618,true,,
1785428857247,true,1785428857290,FastAccept
1785428857277,false,1785428857321,FastAccept
1785428857309,false,1785428857351,FastAccept
1785428857341,true,1785428857384,FastAccept
1785428857374,false,1785428857416,FastAccept
1785428857406,true,1785428857448,FastAccept
1785428857440,false,1785428857482,FastAccept
1785428857474,true,1785428857516,FastAccept
1785428857509,true,1785428857551,FastAccept
1785428857544,true,1785428857586,FastAccept
1785428857580,false,1785428857622,FastAccept
1785428857616,false,1785428857658,FastAccept
1785428857652,false,1785428857695,FastAccept
1785428857691,false,1785428857734,FastAccept
1785428857729,true,1785428857771,FastAccept
1785428857767,false,1785428857809,FastAccept
1785428857806,true,,
1785428857847,false,1785428857889,FastAccept
1785428857887,false,1785428857930,FastAccept
1785428857928,true,1785428857971,FastAccept
1785428857971,true,1785428858014,FastAccept
1785428858014,false,1785428858057,FastAccept
1785428858058,false,1785428858101,FastAccept
1785428858103,true,1785428858146,FastAccept
1785428858149,false,1785428858192,FastAccept
1785428858196,false,1785428858239,FastAccept
1785428858245,false,1785428858287,FastAccept
1785428858295,true,1785428858337,FastAccept
1785428858345,false,1785428858389,FastAccept
1785428858399,true,1785428858442,FastAccept
1785428858453,true,1785428858495,FastAccept
1785428858508,false,1785428858551,FastAccept
1785428858564,true,1785428858608,FastAccept
1785428858623,true,1785428858666,FastAccept
1785428858682,false,1785428858725,FastAccept
1785428858744,true,1785428858786,FastAccept
1785428858808,true,1785428858850,FastAccept
1785428858873,false,1785428858916,FastAccept
1785428858942,true,1785428858984,FastAccept
1785428859012,true,1785428859054,FastAccept
1785428859085,true,1785428859128,FastAccept
1785428859160,true,1785428859203,FastAccept
1785428859238,true,1785428859281,FastAccept
1785428859319,false,1785428859362,FastAccept
1785428859403,true,1785428859446,FastAccept
1785428859491,true,1785428859534,FastAccept
1785428859584,true,1785428859627,FastAccept
1785428859679,false,,
1785428859781,false,1785428859823,FastAccept
1785428859887,false,1785428859930,FastAccept
1785428859998,false,1785428860041,FastAccept
1785428860116,false,1785428860159,FastAccept
1785428860242,false,1785428860285,FastAccept
1785428860375,true,1785428860418,FastAccept
1785428860517,false,1785428860561,FastAccept
1785428860670,true,1785428860713,FastAccept
1785428860836,false,1785428860879,FastAccept
1785428861014,true,1785428861057,FastAccept
1785428861209,false,1785428861252,FastAccept
1785428861424,true,1785428861467,FastAccept
1785428861663,true,1785428861706,FastAccept
1785428861934,false,1785428861977,FastAccept
1785428862242,true,1785428862285,FastAccept
1785428862602,true,1785428862645,FastAccept
1785428863034,true,,
1785428863569,true,,
1785428864267,false,,
1785428865255,true,1785428865297,FastAccept
1785428866874,false,,
