request_time,write,response_time,accept_status
1785428207483,true,1785428207524,FastAccept
1785428208024,true,1785428208080,SlowAccept
1785428208732,false,,
1785428209740,false,1785428209780,FastAccept
1785428211408,true,,
1785428215246,true,1785428215288,LeaderAccept
1785428215619,true,1785428215661,LeaderAccept
1785428215654,true,1785428215697,LeaderAccept
1785428215692,true,1785428215734,LeaderAccept
1785428215729,false,1785428215772,LeaderAccept
1785428215768,true,1785428215810,LeaderAccept
1785428215807,true,1785428215850,LeaderAccept
1785428215847,true,1785428215890,LeaderAccept
1785428215888,true,,
1785428215930,true,1785428215981,LeaderAccept
1785428215973,true,1785428216016,LeaderAccept
1785428216017,true,1785428216060,LeaderAccept
1785428216062,true,1785428216104,LeaderAccept
1785428216107,true,1785428216150,LeaderAccept
1785428216154,true,1785428216197,LeaderAccept
1785428216202,false,1785428216245,LeaderAccept
1785428216251,false,1785428216294,LeaderAccept
1785428216301,true,1785428216343,LeaderAccept
1785428216352,true,1785428216395,LeaderAccept
1785428216404,true,,
1785428216457,true,1785428216509,LeaderAccept
1785428216512,false,1785428216555,LeaderAccept
1785428216569,false,1785428216612,LeaderAccept
1785428216627,true,1785428216670,LeaderAccept
1785428216687,false,1785428216730,LeaderAccept
1785428216749,true,1785428216791,LeaderAccept
1785428216812,false,1785428216854,LeaderAccept
1785428216877,true,1785428216920,LeaderAccept
1785428216945,false,1785428216987,LeaderAccept
1785428217015,true,1785428217057,LeaderAccept
1785428217087,true,1785428217130,LeaderAccept
1785428217162,true,1785428217205,LeaderAccept
1785428217240,true,1785428217281,FastAccept
1785428217321,true,1785428217362,FastAccept
1785428217406,true,1785428217447,FastAccept
1785428217494,true,1785428217535,FastAccept
1785428217586,true,1785428217626,FastAccept
1785428217682,true,1785428217722,FastAccept
1785428217782,false,1785428217823,FastAccept
1785428217888,false,,
1785428217999,false,,
1785428218117,true,1785428218158,FastAccept
1785428218242,true,1785428218283,FastAccept
1785428218375,false,1785428218416,FastAccept
1785428218517,false,1785428218558,FastAccept
1785428218669,true,1785428218710,FastAccept
1785428218833,true,1785428218874,FastAccept
1785428219010,false,1785428219050,FastAccept
1785428219204,false,1785428219245,FastAccept
1785428219417,false,1785428219458,FastAccept
1785428219655,true,1785428219696,FastAccept
1785428219922,true,,
1785428220228,false,1785428220268,FastAccept
1785428220584,false,1785428220624,FastAccept
1785428221008,true,1785428221048,FastAccept
1785428221532,true,1785428221573,FastAccept
1785428222212,false,,
1785428223169,false,1785428223212,LeaderAccept
1785428224711,false,,
1785428228047,true,1785428228088,FastAccept
1785428245718,false,,
1785428272135,false,1785428272177,LeaderAccept
1785428272152,false,1785428272195,LeaderAccept
1785428272170,false,1785428272212,LeaderAccept
1785428272187,false,1785428272230,LeaderAccept
1785428272205,false,1785428272247,LeaderAccept
1785428272223,true,1785428272265,LeaderAccept
1785428272241,false,1785428272283,LeaderAccept
1785428272259,true,1785428272300,LeaderAccept
1785428272277,true,1785428272320,LeaderAccept
1785428272296,false,1785428272337,LeaderAccept
1785428272314,false,1785428272356,LeaderAccept
1785428272332,false,1785428272375,LeaderAccept
1785428272351,true,1785428272393,LeaderAccept
1785428272369,false,1785428272412,LeaderAccept
1785428272389,false,1785428272432,LeaderAccept
1785428272409,false,1785428272451,LeaderAccept
1785428272428,true,1785428272470,LeaderAccept
1785428272448,false,1785428272491,LeaderAccept
1785428272468,false,1785428272510,LeaderAccept
1785428272488,false,1785428272531,LeaderAccept
1785428272509,true,1785428272551,LeaderAccept
1785428272529,true,1785428272572,LeaderAccept
1785428272550,false,1785428272593,LeaderAccept
1785428272571,false,1785428272613,LeaderAccept
1785428272592,false,1785428272634,LeaderAccept
1785428272613,true,1785428272655,LeaderAccept
1785428272634,true,1785428272676,LeaderAccept
1785428272655,false,1785428272697,LeaderAccept
1785428272677,false,1785428272720,LeaderAccept
1785428272699,true,1785428272741,LeaderAccept
1785428272721,true,1785428272763,LeaderAccept
1785428272743,false,1785428272785,LeaderAccept
1785428272766,true,1785428272808,LeaderAccept
1785428272789,true,1785428272831,LeaderAccept
1785428272812,false,1785428272855,LeaderAccept
1785428272835,false,1785428272878,LeaderAccept
1785428272859,true,1785428272902,LeaderAccept
1785428272883,true,1785428272926,LeaderAccept
1785428272907,true,1785428272950,LeaderAccept
1785428272932,true,1785428272975,LeaderAccept
1785428272957,true,1785428273000,LeaderAccept
1785428272983,true,1785428273026,LeaderAccept
1785428273008,false,1785428273051,LeaderAccept
1785428273034,false,1785428273075,LeaderAccept
1785428273060,false,1785428273102,LeaderAccept
1785428273086,false,1785428273128,LeaderAccept
1785428273112,false,1785428273154,LeaderAccept
1785428273139,false,1785428273182,LeaderAccept
1785428273167,false,1785428273210,LeaderAccept
1785428273195,false,1785428273238,LeaderAccept
1785428273224,true,1785428273267,LeaderAccept
1785428273253,true,1785428273295,LeaderAccept
1785428273282,false,1785428273325,LeaderAccept
1785428273312,true,1785428273354,LeaderAccept
1785428273340,true,1785428273382,LeaderAccept
1785428273371,true,1785428273413,LeaderAccept
1785428273402,false,1785428273444,LeaderAccept
1785428273433,true,1785428273475,LeaderAccept
1785428273464,false,1785428273507,LeaderAccept
1785428273496,false,1785428273539,LeaderAccept
1785428273529,false,1785428273572,LeaderAccept
1785428273562,true,1785428273605,LeaderAccept
1785428273596,true,1785428273638,LeaderAccept
1785428273630,false,1785428273673,LeaderAccept
1785428273665,true,1785428273708,LeaderAccept
1785428273701,false,1785428273744,LeaderAccept
1785428273737,true,1785428273780,LeaderAccept
1785428273774,false,1785428273817,LeaderAccept
1785428273811,true,1785428273854,LeaderAccept
1785428273848,true,1785428273891,LeaderAccept
1785428273887,false,1785428273930,LeaderAccept
1785428273926,true,1785428273969,LeaderAccept
1785428273966,false,1785428274009,LeaderAccept
1785428274007,false,1785428274049,LeaderAccept
1785428274049,false,1785428274091,LeaderAccept
1785428274091,true,1785428274134,LeaderAccept
1785428274134,false,1785428274176,LeaderAccept
1785428274178,false,1785428274220,LeaderAccept
1785428274223,false,1785428274266,LeaderAccept
1785428274268,true,1785428274311,LeaderAccept
1785428274315,true,1785428274359,LeaderAccept
1785428274364,true,1785428274407,LeaderAccept
1785428274414,false,1785428274457,LeaderAccept
1785428274464,true,1785428274507,LeaderAccept
1785428274516,true,1785428274559,LeaderAccept
1785428274569,true,1785428274612,LeaderAccept
1785428274624,true,1785428274666,LeaderAccept
1785428274680,true,1785428274723,LeaderAccept
1785428274738,true,1785428274781,LeaderAccept
1785428274798,true,1785428274841,LeaderAccept
1785428274860,false,1785428274903,LeaderAccept
1785428274923,false,,
1785428274989,false,1785428275032,LeaderAccept
1785428275056,true,1785428275098,LeaderAccept
1785428275125,true,1785428275168,LeaderAccept
1785428275197,false,1785428275239,LeaderAccept
1785428275272,true,1785428275314,LeaderAccept
1785428275349,true,1785428275391,LeaderAccept
1785428275429,true,1785428275471,LeaderAccept
1785428275512,false,1785428275554,LeaderAccept
1785428275599,true,1785428275641,LeaderAccept
1785428275689,false,1785428275732,LeaderAccept
1785428275784,false,1785428275827,LeaderAccept
1785428275884,true,1785428275926,LeaderAccept
1785428275988,false,1785428276031,LeaderAccept
1785428276098,false,1785428276140,LeaderAccept
1785428276214,false,1785428276256,LeaderAccept
1785428276337,false,1785428276379,LeaderAccept
1785428276468,true,1785428276510,LeaderAccept
1785428276607,true,1785428276650,LeaderAccept
1785428276756,true,1785428276798,LeaderAccept
1785428276917,true,1785428276960,LeaderAccept
1785428277091,true,1785428277133,LeaderAccept
1785428277282,true,,
1785428277491,false,,
1785428277724,true,,
1785428277985,false,,
1785428278282,false,,
1785428278626,true,1785428278666,FastAccept
1785428279034,false,,
1785428279534,false,,
1785428280176,false,1785428280216,FastAccept
1785428281060,false,1785428281100,FastAccept
1785428282436,false,1785428282477,FastAccept
1785428285172,false,1785428285213,FastAccept
1785428292715,false,1785428292755,FastAccept
1785428292745,true,1785428292785,FastAccept
1785428292776,false,1785428292817,FastAccept
1785428292808,true,1785428292848,FastAccept
1785428292840,true,1785428292880,FastAccept
1785428292873,true,1785428292913,FastAccept
1785428292906,false,1785428292946,FastAccept
1785428292939,true,1785428293002,SlowAccept
1785428292973,true,1785428293014,FastAccept
1785428293008,true,1785428293048,FastAccept
1785428293043,true,1785428293083,FastAccept
1785428293079,false,1785428293119,FastAccept
1785428293115,false,1785428293156,FastAccept
1785428293152,false,,
1785428293190,false,1785428293230,FastAccept
1785428293229,true,1785428293268,FastAccept
1785428293268,true,,
1785428293308,false,1785428293348,FastAccept
1785428293348,true,1785428293388,FastAccept
1785428293388,false,1785428293428,FastAccept
1785428293431,true,1785428293471,FastAccept
1785428293473,false,1785428293514,FastAccept
1785428293518,true,1785428293559,FastAccept
1785428293564,false,1785428293604,FastAccept
1785428293610,true,1785428293651,FastAccept
1785428293657,false,,
1785428293705,true,1785428293746,FastAccept
1785428293755,false,1785428293796,FastAccept
1785428293806,true,1785428293847,FastAccept
1785428293858,true,1785428293899,FastAccept
1785428293911,true,1785428293951,FastAccept
1785428293966,true,1785428294006,FastAccept
1785428294022,true,1785428294062,FastAccept
1785428294079,false,1785428294120,FastAccept
1785428294139,false,1785428294179,FastAccept
1785428294200,false,1785428294240,FastAccept
1785428294263,false,1785428294304,FastAccept
1785428294329,false,1785428294370,FastAccept
1785428294396,false,1785428294436,FastAccept
1785428294465,false,1785428294505,FastAccept
1785428294537,true,1785428294577,FastAccept
1785428294612,true,1785428294652,FastAccept
1785428294689,false,1785428294735,FastAccept
1785428294769,false,1785428294809,FastAccept
1785428294852,false,1785428294892,FastAccept
1785428294937,false,1785428294978,FastAccept
1785428295028,true,1785428295069,FastAccept
1785428295122,true,1785428295163,FastAccept
1785428295135,true,1785428295175,FastAccept
1785428295160,true,1785428295201,FastAccept
1785428295186,false,1785428295226,FastAccept
1785428295212,false,1785428295253,FastAccept
1785428295238,false,1785428295279,FastAccept
1785428295265,false,1785428295306,FastAccept
1785428295292,false,1785428295333,FastAccept
1785428295319,true,1785428295360,FastAccept
1785428295347,true,1785428295387,FastAccept
1785428295375,true,1785428295415,FastAccept
1785428295403,false,1785428295443,FastAccept
1785428295431,true,1785428295471,FastAccept
1785428295460,true,1785428295501,FastAccept
1785428295490,true,,
1785428295519,true,1785428295559,FastAccept
1785428295549,true,1785428295589,FastAccept
1785428295580,true,1785428295620,FastAccept
1785428295611,true,1785428295651,FastAccept
1785428295642,true,1785428295681,FastAccept
1785428295674,true,1785428295715,FastAccept
1785428295707,true,1785428295747,FastAccept
1785428295740,false,1785428295780,FastAccept
1785428295773,true,1785428295813,FastAccept
1785428295807,true,1785428295847,FastAccept
1785428295841,false,1785428295882,FastAccept
1785428295877,false,1785428295917,FastAccept
1785428295913,false,1785428295953,FastAccept
1785428295949,false,1785428295989,FastAccept
1785428295986,false,1785428296027,FastAccept
1785428296024,false,1785428296064,FastAccept
1785428296063,false,1785428296103,FastAccept
1785428296101,false,1785428296142,FastAccept
1785428296141,false,1785428296182,FastAccept
1785428296182,true,1785428296222,FastAccept
1785428296222,true,,
1785428296265,false,,
1785428296308,true,,
1785428296353,true,,
1785428296398,true,,
1785428296445,true,,
1785428296492,true,,
1785428296540,false,,
1785428296589,false,,
1785428296640,true,,
1785428296692,false,,
1785428296745,true,,
1785428296800,true,1785428296842,LeaderAccept
1785428296856,false,1785428296900,LeaderAccept
1785428296914,true,1785428296957,LeaderAccept
1785428296974,false,1785428297016,LeaderAccept
1785428297035,false,1785428297077,LeaderAccept
1785428297098,false,1785428297141,LeaderAccept
1785428297163,true,1785428297206,LeaderAccept
1785428297231,false,1785428297274,LeaderAccept
1785428297301,false,1785428297343,LeaderAccept
1785428297373,true,1785428297416,LeaderAccept
1785428297447,true,1785428297490,LeaderAccept
1785428297525,false,1785428297568,LeaderAccept
1785428297605,true,1785428297648,LeaderAccept
1785428297689,false,1785428297732,LeaderAccept
1785428297776,false,1785428297819,LeaderAccept
1785428297867,false,1785428297909,LeaderAccept
1785428297962,true,1785428298005,LeaderAccept
1785428298062,false,1785428298104,LeaderAccept
1785428298167,false,1785428298210,LeaderAccept
1785428298277,false,1785428298321,LeaderAccept
1785428298394,false,1785428298437,LeaderAccept
1785428298517,false,1785428298560,LeaderAccept
1785428298648,false,1785428298690,LeaderAccept
1785428298787,true,1785428298829,LeaderAccept
1785428298936,false,1785428298976,FastAccept
1785428299097,false,1785428299137,FastAccept
1785428299271,true,,
1785428299462,true,1785428299502,FastAccept
1785428299671,true,1785428299711,FastAccept
1785428299903,false,1785428299943,FastAccept
1785428300163,false,1785428300203,FastAccept
1785428300459,false,1785428300506,FastAccept
1785428300803,true,1785428300844,FastAccept
1785428301211,true,,
1785428301711,false,1785428301752,FastAccept
1785428302353,true,,
1785428303237,true,1785428303277,FastAccept
1785428304610,true,,
1785428307340,false,,
1785428318020,true,1785428318060,FastAccept
1785428320967,false,1785428321007,FastAccept
1785428320985,false,1785428321025,FastAccept
1785428321004,true,1785428321044,FastAccept
1785428321022,true,1785428321063,FastAccept
1785428321041,false,1785428321081,FastAccept
1785428321060,true,1785428321100,FastAccept
1785428321079,true,1785428321119,FastAccept
1785428321098,false,1785428321138,FastAccept
1785428321117,true,1785428321157,FastAccept
1785428321137,true,1785428321177,FastAccept
1785428321157,true,1785428321197,FastAccept
1785428321177,true,1785428321217,FastAccept
1785428321197,false,,
1785428321217,false,,
1785428321237,false,1785428321293,SlowAccept
1785428321258,true,1785428321298,FastAccept
1785428321279,true,1785428321319,FastAccept
1785428321300,false,1785428321340,FastAccept
1785428321321,false,1785428321361,FastAccept
1785428321343,true,1785428321383,FastAccept
1785428321365,true,1785428321405,FastAccept
1785428321387,false,1785428321427,FastAccept
1785428321409,false,,
1785428321432,true,,
1785428321455,true,,
1785428321478,true,,
1785428321501,false,,
1785428321525,false,,
1785428321548,true,1785428321588,FastAccept
1785428321572,true,1785428321613,FastAccept
1785428321597,false,,
1785428321622,false,,
1785428321647,true,,
1785428321673,false,,
1785428321698,false,,
1785428321724,true,1785428321770,FastAccept
1785428321750,false,1785428321791,FastAccept
1785428321777,false,1785428321817,FastAccept
1785428321803,true,,
1785428321830,true,,
1785428321858,true,,
1785428321887,false,,
1785428321915,false,,
1785428321943,false,1785428321986,LeaderAccept
1785428321972,true,1785428322014,LeaderAccept
1785428322001,true,1785428322044,LeaderAccept
1785428322031,false,1785428322073,LeaderAccept
1785428322061,false,1785428322103,LeaderAccept
1785428322092,true,1785428322135,LeaderAccept
1785428322124,false,1785428322166,LeaderAccept
1785428322155,false,1785428322198,LeaderAccept
1785428322187,true,1785428322230,LeaderAccept
1785428322220,false,1785428322262,LeaderAccept
1785428322253,false,1785428322295,LeaderAccept
1785428322286,true,1785428322330,LeaderAccept
1785428322321,false,1785428322364,LeaderAccept
1785428322356,false,1785428322398,LeaderAccept
1785428322391,true,1785428322433,LeaderAccept
1785428322426,false,1785428322469,LeaderAccept
1785428322463,false,1785428322507,LeaderAccept
1785428322501,true,1785428322543,LeaderAccept
1785428322539,true,1785428322582,LeaderAccept
1785428322578,false,1785428322620,LeaderAccept
1785428322617,true,1785428322659,LeaderAccept
1785428322657,true,1785428322699,LeaderAccept
1785428322698,false,1785428322741,LeaderAccept
1785428322740,true,1785428322783,LeaderAccept
1785428322782,true,1785428322825,LeaderAccept
1785428322825,false,1785428322867,LeaderAccept
1785428322869,false,1785428322912,LeaderAccept
1785428322913,true,1785428322956,LeaderAccept
1785428322960,false,1785428323003,LeaderAccept
1785428323007,true,1785428323051,LeaderAccept
1785428323056,true,1785428323099,LeaderAccept
1785428323105,false,1785428323147,LeaderAccept
1785428323155,false,1785428323197,LeaderAccept
1785428323206,false,1785428323249,LeaderAccept
1785428323259,true,1785428323301,LeaderAccept
1785428323314,true,1785428323356,LeaderAccept
1785428323370,true,1785428323412,LeaderAccept
1785428323427,false,1785428323469,LeaderAccept
1785428323487,true,1785428323529,LeaderAccept
1785428323547,false,1785428323590,LeaderAccept
1785428323610,false,1785428323653,LeaderAccept
1785428323675,false,1785428323717,LeaderAccept
1785428323742,false,1785428323785,LeaderAccept
1785428323811,false,1785428323854,LeaderAccept
1785428323882,false,1785428323925,LeaderAccept
1785428323956,true,1785428323998,LeaderAccept
1785428324032,true,1785428324075,LeaderAccept
1785428324112,false,1785428324154,LeaderAccept
1785428324195,false,1785428324237,LeaderAccept
1785428324281,false,1785428324324,LeaderAccept
1785428324371,true,1785428324413,LeaderAccept
1785428324465,true,1785428324507,LeaderAccept
1785428324564,false,1785428324606,LeaderAccept
1785428324667,false,1785428324710,LeaderAccept
1785428324776,false,1785428324819,LeaderAccept
1785428324891,true,1785428324933,LeaderAccept
1785428325013,true,1785428325056,LeaderAccept
1785428325144,false,1785428325186,LeaderAccept
1785428325280,false,1785428325323,LeaderAccept
1785428325428,false,1785428325472,LeaderAccept
1785428325587,false,1785428325629,LeaderAccept
1785428325759,true,1785428325801,LeaderAccept
1785428325946,true,1785428325989,LeaderAccept
1785428326151,false,1785428326194,LeaderAccept
1785428326378,false,1785428326421,LeaderAccept
1785428326633,true,,
1785428326922,false,1785428326963,FastAccept
1785428327256,false,1785428327297,FastAccept
1785428327650,false,,
1785428328129,false,1785428328169,FastAccept
1785428328737,true,1785428328778,FastAccept
1785428329562,false,,
1785428330806,false,1785428330848,LeaderAccept
1785428333123,false,1785428333163,FastAccept
1785428336500,false,,
1785428336515,false,1785428336556,FastAccept
1785428336530,false,1785428336570,FastAccept
1785428336545,true,1785428336585,FastAccept
1785428336561,true,1785428336601,FastAccept
1785428336576,false,1785428336616,FastAccept
1785428336592,true,1785428336631,FastAccept
1785428336607,false,1785428336647,FastAccept
1785428336623,false,1785428336663,FastAccept
1785428336639,false,1785428336679,FastAccept
1785428336655,false,1785428336702,FastAccept
1785428336672,false,1785428336712,FastAccept
1785428336688,false,1785428336728,FastAccept
1785428336705,false,1785428336745,FastAccept
1785428336722,true,1785428336762,FastAccept
1785428336739,false,1785428336779,FastAccept
1785428336757,true,1785428336797,FastAccept
1785428336774,false,1785428336815,FastAccept
1785428336791,true,1785428336832,FastAccept
1785428336809,true,1785428336849,FastAccept
1785428336827,false,1785428336867,FastAccept
1785428336845,false,1785428336885,FastAccept
1785428336863,false,1785428336928,SlowAccept
1785428336881,false,1785428336928,FastAccept
1785428336900,false,1785428336940,FastAccept
1785428336919,true,1785428336958,FastAccept
1785428336937,true,1785428336977,FastAccept
1785428336957,false,1785428336996,FastAccept
1785428336975,true,1785428337015,FastAccept
1785428336994,false,1785428337034,FastAccept
1785428337014,true,1785428337054,FastAccept
1785428337033,false,1785428337073,FastAccept
1785428337052,true,1785428337091,FastAccept
1785428337071,false,1785428337111,FastAccept
1785428337091,false,,
1785428337111,true,1785428337151,FastAccept
1785428337131,true,1785428337172,FastAccept
1785428337152,true,1785428337193,FastAccept
1785428337173,false,1785428337213,FastAccept
1785428337194,false,1785428337234,FastAccept
1785428337215,true,1785428337255,FastAccept
1785428337236,true,1785428337277,FastAccept
1785428337258,false,1785428337298,FastAccept
1785428337280,false,1785428337320,FastAccept
1785428337302,true,1785428337343,FastAccept
1785428337325,false,1785428337366,FastAccept
1785428337348,true,,
1785428337371,false,1785428337411,FastAccept
1785428337394,false,1785428337434,FastAccept
1785428337417,false,1785428337458,FastAccept
1785428337441,true,1785428337481,FastAccept
1785428337465,false,1785428337505,FastAccept
1785428337488,false,1785428337529,FastAccept
1785428337514,false,1785428337554,FastAccept
1785428337538,true,1785428337578,FastAccept
1785428337563,true,1785428337604,FastAccept
1785428337588,false,1785428337629,FastAccept
1785428337614,false,,
1785428337639,true,1785428337679,FastAccept
1785428337665,false,1785428337705,FastAccept
1785428337691,false,1785428337732,FastAccept
1785428337718,false,1785428337759,FastAccept
1785428337745,false,1785428337786,FastAccept
1785428337773,false,1785428337813,FastAccept
1785428337800,true,1785428337840,FastAccept
1785428337828,true,1785428337869,FastAccept
1785428337857,true,1785428337898,FastAccept
1785428337886,false,1785428337926,FastAccept
1785428337915,false,1785428337955,FastAccept
1785428337944,false,1785428337985,FastAccept
1785428337975,true,1785428338021,FastAccept
1785428338006,true,1785428338046,FastAccept
1785428338037,false,1785428338077,FastAccept
1785428338068,true,1785428338108,FastAccept
1785428338100,true,1785428338141,FastAccept
1785428338133,true,1785428338174,FastAccept
1785428338166,true,1785428338206,FastAccept
1785428338200,true,1785428338241,FastAccept
1785428338233,false,1785428338274,FastAccept
1785428338268,false,1785428338308,FastAccept
1785428338303,false,,
1785428338339,false,1785428338380,FastAccept
1785428338376,true,1785428338416,FastAccept
1785428338413,true,1785428338453,FastAccept
1785428338451,false,1785428338491,FastAccept
1785428338491,false,1785428338531,FastAccept
1785428338530,false,1785428338570,FastAccept
1785428338570,true,1785428338610,FastAccept
1785428338611,true,1785428338652,FastAccept
1785428338653,false,1785428338693,FastAccept
1785428338695,true,1785428338735,FastAccept
1785428338738,true,,
1785428338782,false,1785428338822,FastAccept
1785428338827,true,1785428338868,FastAccept
1785428338873,true,1785428338913,FastAccept
1785428338920,false,1785428338961,FastAccept
1785428338969,false,1785428339010,FastAccept
1785428339018,false,1785428339058,FastAccept
1785428339068,true,1785428339109,FastAccept
1785428339120,false,1785428339166,FastAccept
1785428339173,true,1785428339213,FastAccept
1785428339227,true,1785428339268,FastAccept
1785428339282,true,,
1785428339340,true,1785428339380,FastAccept
1785428339399,false,,
1785428339460,false,1785428339500,FastAccept
1785428339523,true,1785428339564,FastAccept
1785428339588,true,1785428339628,FastAccept
1785428339655,false,1785428339695,FastAccept
1785428339724,false,1785428339765,FastAccept
1785428339795,true,1785428339836,FastAccept
1785428339869,true,1785428339910,FastAccept
1785428339946,true,1785428339986,FastAccept
1785428340026,true,,
1785428340109,false,1785428340150,FastAccept
1785428340195,true,1785428340236,FastAccept
1785428340285,false,1785428340326,FastAccept
1785428340379,false,1785428340420,FastAccept
1785428340478,true,1785428340518,FastAccept
1785428340580,false,1785428340621,FastAccept
1785428340689,false,1785428340730,FastAccept
1785428340804,false,1785428340844,FastAccept
1785428340926,false,1785428340966,FastAccept
1785428341055,true,1785428341117,SlowAccept
1785428341192,false,1785428341232,FastAccept
1785428341339,false,1785428341379,FastAccept
1785428341497,true,1785428341537,FastAccept
1785428341668,false,1785428341709,FastAccept
1785428341854,true,1785428341895,FastAccept
1785428342059,false,1785428342099,FastAccept
1785428342286,true,1785428342326,FastAccept
1785428342539,true,1785428342579,FastAccept
1785428342827,true,,
1785428343159,true,1785428343199,FastAccept
1785428343551,true,1785428343591,FastAccept
1785428344027,true,1785428344067,FastAccept
1785428344631,true,1785428344672,FastAccept
1785428345448,true,1785428345488,FastAccept
1785428346676,true,1785428346716,FastAccept
1785428348945,true,1785428348986,FastAccept
1785428355998,true,1785428356038,FastAccept
1785428387875,false,1785428387915,FastAccept
1785428387896,false,1785428387936,FastAccept
1785428387918,false,1785428387958,FastAccept
1785428387940,false,1785428387980,FastAccept
1785428387962,false,1785428388002,FastAccept
1785428387984,false,1785428388024,FastAccept
1785428388006,true,1785428388047,FastAccept
1785428388029,true,1785428388069,FastAccept
1785428388052,true,1785428388092,FastAccept
1785428388075,false,1785428388116,FastAccept
1785428388099,false,1785428388140,FastAccept
1785428388123,false,1785428388164,FastAccept
1785428388147,true,1785428388188,FastAccept
1785428388172,false,1785428388212,FastAccept
1785428388197,false,1785428388237,FastAccept
1785428388222,false,1785428388263,FastAccept
1785428388248,false,1785428388289,FastAccept
1785428388273,false,1785428388314,FastAccept
1785428388299,true,1785428388340,FastAccept
1785428388324,true,1785428388365,FastAccept
1785428388351,false,1785428388391,FastAccept
1785428388378,true,1785428388418,FastAccept
1785428388405,false,1785428388445,FastAccept
1785428388432,true,1785428388472,FastAccept
1785428388460,true,1785428388501,FastAccept
1785428388489,true,1785428388529,FastAccept
1785428388518,false,1785428388558,FastAccept
1785428388547,false,1785428388588,FastAccept
1785428388577,true,1785428388617,FastAccept
1785428388607,true,1785428388648,FastAccept
1785428388638,true,1785428388679,FastAccept
1785428388669,false,1785428388710,FastAccept
1785428388700,false,1785428388740,FastAccept
1785428388732,false,1785428388772,FastAccept
1785428388764,false,1785428388804,FastAccept
1785428388797,true,1785428388838,FastAccept
1785428388831,false,1785428388872,FastAccept
1785428388865,true,1785428388905,FastAccept
1785428388900,true,1785428388940,FastAccept
1785428388935,false,1785428388975,FastAccept
1785428388970,false,1785428389010,FastAccept
1785428389007,false,1785428389048,FastAccept
1785428389044,false,1785428389084,FastAccept
1785428389080,true,1785428389121,FastAccept
1785428389119,true,1785428389160,FastAccept
1785428389158,true,1785428389198,FastAccept
1785428389198,false,1785428389239,FastAccept
1785428389239,false,1785428389279,FastAccept
1785428389280,false,1785428389321,FastAccept
1785428389322,false,1785428389363,FastAccept
1785428389365,true,1785428389405,FastAccept
1785428389409,false,1785428389449,FastAccept
1785428389454,false,1785428389494,FastAccept
1785428389500,false,1785428389540,FastAccept
1785428389546,false,1785428389587,FastAccept
1785428389594,true,1785428389635,FastAccept
1785428389643,false,1785428389683,FastAccept
1785428389693,false,1785428389733,FastAccept
1785428389744,false,1785428389785,FastAccept
1785428389797,true,1785428389838,FastAccept
1785428389851,false,1785428389891,FastAccept
1785428389906,true,1785428389946,FastAccept
1785428389963,false,1785428390004,FastAccept
1785428390022,false,1785428390062,FastAccept
1785428390083,false,1785428390124,FastAccept
1785428390146,true,1785428390186,FastAccept
1785428390210,false,1785428390250,FastAccept
1785428390276,false,1785428390317,FastAccept
1785428390345,false,1785428390386,FastAccept
1785428390416,true,1785428390457,FastAccept
1785428390489,false,1785428390530,FastAccept
1785428390565,true,1785428390605,FastAccept
1785428390644,true,1785428390685,FastAccept
1785428390726,false,1785428390766,FastAccept
1785428390812,false,1785428390852,FastAccept
1785428390901,true,1785428390941,FastAccept
1785428390994,false,1785428391034,FastAccept
1785428391091,false,1785428391131,FastAccept
1785428391193,false,1785428391233,FastAccept
1785428391300,false,1785428391340,FastAccept
1785428391413,false,1785428391453,FastAccept
1785428391533,false,1785428391573,FastAccept
1785428391660,false,1785428391700,FastAccept
1785428391795,true,1785428391835,FastAccept
1785428391940,false,1785428391980,FastAccept
1785428392095,false,1785428392136,FastAccept
1785428392263,false,1785428392304,FastAccept
1785428392446,true,1785428392487,FastAccept
1785428392646,true,1785428392686,FastAccept
1785428392867,true,1785428392908,FastAccept
1785428393113,true,1785428393154,FastAccept
1785428393392,true,1785428393433,FastAccept
1785428393712,true,1785428393753,FastAccept
1785428394087,true,1785428394128,FastAccept
1785428394540,true,1785428394580,FastAccept
1785428395108,true,1785428395148,FastAccept
1785428395861,false,1785428395902,FastAccept
1785428396959,true,1785428397001,LeaderAccept
1785428398856,false,1785428398897,FastAccept
1785428403759,true,1785428403800,FastAccept
1785428422748,true,1785428422789,FastAccept
1785428422764,false,1785428422805,FastAccept
1785428422779,false,1785428422820,FastAccept
1785428422796,true,1785428422836,FastAccept
1785428422812,false,1785428422852,FastAccept
1785428422828,false,1785428422868,FastAccept
1785428422845,false,1785428422885,FastAccept
1785428422862,true,1785428422903,FastAccept
1785428422879,true,1785428422919,FastAccept
1785428422896,true,1785428422936,FastAccept
1785428422913,true,1785428422953,FastAccept
1785428422929,false,1785428422969,FastAccept
1785428422947,true,1785428422987,FastAccept
1785428422965,true,1785428423007,FastAccept
1785428422983,true,1785428423024,FastAccept
1785428423000,false,1785428423040,FastAccept
1785428423018,false,1785428423058,FastAccept
1785428423036,true,1785428423076,FastAccept
1785428423054,false,1785428423095,FastAccept
1785428423072,true,1785428423112,FastAccept
1785428423091,false,1785428423131,FastAccept
1785428423109,false,1785428423150,FastAccept
1785428423128,false,1785428423168,FastAccept
1785428423147,false,1785428423188,FastAccept
1785428423167,true,,
1785428423186,true,1785428423226,FastAccept
1785428423205,false,1785428423246,FastAccept
1785428423225,true,1785428423265,FastAccept
1785428423244,true,1785428423285,FastAccept
1785428423264,false,1785428423304,FastAccept
1785428423284,false,,
1785428423304,true,1785428423344,FastAccept
1785428423324,false,1785428423365,FastAccept
1785428423345,true,1785428423386,FastAccept
1785428423366,false,1785428423406,FastAccept
1785428423387,false,,
1785428423408,true,1785428423448,FastAccept
1785428423429,true,1785428423470,FastAccept
1785428423451,true,1785428423492,FastAccept
1785428423473,true,1785428423513,FastAccept
1785428423495,false,1785428423536,FastAccept
1785428423517,true,,
1785428423540,false,1785428423581,FastAccept
1785428423563,false,1785428423603,FastAccept
1785428423586,true,1785428423626,FastAccept
1785428423609,true,1785428423649,FastAccept
1785428423633,false,,
1785428423656,false,1785428423697,FastAccept
1785428423681,true,1785428423722,FastAccept
1785428423705,false,1785428423746,FastAccept
1785428423730,true,1785428423771,FastAccept
1785428423755,false,1785428423795,FastAccept
1785428423780,false,1785428423821,FastAccept
1785428423806,false,1785428423847,FastAccept
1785428423832,false,1785428423872,FastAccept
1785428423858,false,1785428423898,FastAccept
1785428423884,true,1785428423925,FastAccept
1785428423911,false,,
1785428423938,true,1785428423978,FastAccept
1785428423966,false,1785428424007,FastAccept
1785428423996,false,1785428424036,FastAccept
1785428424024,true,1785428424064,FastAccept
1785428424053,false,1785428424120,SlowAccept
1785428424082,true,1785428424122,FastAccept
1785428424112,false,1785428424152,FastAccept
1785428424142,true,1785428424182,FastAccept
1785428424172,true,1785428424212,FastAccept
1785428424203,true,1785428424244,FastAccept
1785428424235,true,,
1785428424267,true,1785428424307,FastAccept
1785428424299,true,1785428424340,FastAccept
1785428424332,false,1785428424372,FastAccept
1785428424365,false,1785428424405,FastAccept
1785428424399,false,,
1785428424433,false,1785428424473,FastAccept
1785428424468,false,1785428424508,FastAccept
1785428424504,true,1785428424544,FastAccept
1785428424540,false,1785428424580,FastAccept
1785428424576,true,1785428424616,FastAccept
1785428424613,true,1785428424652,FastAccept
1785428424651,true,1785428424692,FastAccept
1785428424690,false,1785428424730,FastAccept
1785428424729,true,1785428424769,FastAccept
1785428424769,false,1785428424809,FastAccept
1785428424809,false,1785428424876,SlowAccept
1785428424851,false,1785428424891,FastAccept
1785428424894,false,1785428424934,FastAccept
1785428424938,false,1785428424978,FastAccept
1785428424981,true,1785428425022,FastAccept
1785428425027,false,1785428425067,FastAccept
1785428425074,false,1785428425114,FastAccept
1785428425121,false,1785428425161,FastAccept
1785428425170,false,1785428425210,FastAccept
1785428425220,true,1785428425260,FastAccept
1785428425272,false,1785428425312,FastAccept
1785428425324,false,,
1785428425378,true,1785428425418,FastAccept
1785428425433,false,1785428425474,FastAccept
1785428425490,true,1785428425531,FastAccept
1785428425549,true,1785428425590,FastAccept
1785428425610,true,1785428425650,FastAccept
1785428425672,true,1785428425713,FastAccept
1785428425736,true,1785428425776,FastAccept
1785428425802,true,1785428425842,FastAccept
1785428425870,false,1785428425911,FastAccept
1785428425941,false,1785428425982,FastAccept
1785428426014,true,1785428426055,FastAccept
1785428426090,false,1785428426130,FastAccept
1785428426168,true,1785428426209,FastAccept
1785428426250,true,1785428426290,FastAccept
1785428426335,false,1785428426375,FastAccept
1785428426423,true,,
1785428426516,false,1785428426557,FastAccept
1785428426614,true,1785428426655,FastAccept
1785428426716,true,1785428426756,FastAccept
1785428426823,false,1785428426863,FastAccept
1785428426936,false,1785428426976,FastAccept
1785428427055,true,1785428427095,FastAccept
1785428427181,false,,
1785428427316,true,,
1785428427460,true,,
1785428427615,true,,
1785428427782,false,1785428427825,LeaderAccept
1785428427964,true,1785428428006,LeaderAccept
1785428428163,true,1785428428207,LeaderAccept
1785428428382,true,1785428428424,LeaderAccept
1785428428627,true,1785428428669,LeaderAccept
1785428428903,false,1785428428945,LeaderAccept
1785428429220,false,1785428429263,LeaderAccept
1785428429592,true,,
1785428430039,false,1785428430081,LeaderAccept
1785428430597,false,1785428430639,LeaderAccept
1785428431334,false,1785428431377,LeaderAccept
1785428432401,false,,
1785428434218,true,,
1785428438722,true,1785428438763,FastAccept
1785428454978,false,1785428455019,FastAccept
1785428455003,false,1785428455044,FastAccept
1785428455028,true,1785428455069,FastAccept
1785428455054,false,1785428455095,FastAccept
1785428455080,true,1785428455120,FastAccept
1785428455106,false,1785428455146,FastAccept
1785428455132,false,1785428455172,FastAccept
1785428455159,false,1785428455200,FastAccept
1785428455186,false,1785428455226,FastAccept
1785428455213,true,1785428455254,FastAccept
1785428455241,false,1785428455282,FastAccept
1785428455270,true,,
1785428455298,false,1785428455339,FastAccept
1785428455327,false,1785428455368,FastAccept
1785428455356,true,1785428455397,FastAccept
1785428455386,false,1785428455426,FastAccept
1785428455416,true,1785428455457,FastAccept
1785428455447,true,1785428455487,FastAccept
1785428455478,false,1785428455518,FastAccept
1785428455510,true,1785428455550,FastAccept
1785428455542,false,1785428455582,FastAccept
1785428455574,false,1785428455615,FastAccept
1785428455608,true,1785428455648,FastAccept
1785428455641,true,1785428455681,FastAccept
1785428455675,true,1785428455716,FastAccept
1785428455710,true,1785428455750,FastAccept
1785428455745,false,1785428455785,FastAccept
1785428455781,true,1785428455821,FastAccept
1785428455818,false,,
1785428455856,false,1785428455902,FastAccept
1785428455894,true,1785428455962,SlowAccept
1785428455933,false,1785428456001,SlowAccept
1785428455973,false,,
1785428456013,false,,
1785428456053,true,1785428456094,FastAccept
1785428456095,true,1785428456135,FastAccept
1785428456137,true,,
1785428456181,true,,
1785428456224,true,,
1785428456270,true,1785428456310,FastAccept
1785428456316,false,1785428456356,FastAccept
1785428456363,false,,
1785428456412,true,,
1785428456461,true,1785428456501,FastAccept
1785428456512,true,1785428456552,FastAccept
1785428456564,false,1785428456604,FastAccept
1785428456617,false,,
1785428456672,true,,
1785428456727,false,1785428456768,FastAccept
1785428456785,true,1785428456825,FastAccept
1785428456844,true,1785428456885,FastAccept
1785428456905,true,,
1785428456969,true,,
1785428457034,true,1785428457075,FastAccept
1785428457101,false,1785428457141,FastAccept
1785428457170,true,1785428457210,FastAccept
1785428457242,false,,
1785428457316,true,1785428457356,FastAccept
1785428457392,true,1785428457433,FastAccept
1785428457473,false,1785428457514,FastAccept
1785428457557,true,1785428457625,SlowAccept
1785428457644,true,,
1785428457735,true,1785428457775,FastAccept
1785428457829,true,1785428457870,FastAccept
1785428457929,false,1785428457969,FastAccept
1785428458033,false,,
1785428458144,false,1785428458185,FastAccept
1785428458260,true,1785428458300,FastAccept
1785428458383,true,1785428458423,FastAccept
1785428458513,true,1785428458554,FastAccept
1785428458653,true,,
1785428458802,false,1785428458843,FastAccept
1785428458963,false,1785428459004,FastAccept
1785428459138,true,1785428459179,FastAccept
1785428459327,true,1785428459368,FastAccept
1785428459536,true,1785428459576,FastAccept
1785428459768,true,1785428459809,FastAccept
1785428460028,true,1785428460069,FastAccept
1785428460325,true,1785428460365,FastAccept
1785428460668,true,1785428460708,FastAccept
1785428461075,false,1785428461116,FastAccept
1785428461574,false,1785428461615,FastAccept
1785428462214,false,1785428462254,FastAccept
1785428463094,false,1785428463135,FastAccept
1785428464460,true,1785428464501,FastAccept
1785428467164,false,1785428467205,FastAccept
1785428477611,false,1785428477651,FastAccept
1785428495845,true,1785428495885,FastAccept
1785428495864,false,1785428495904,FastAccept
1785428495883,false,1785428495924,FastAccept
1785428495903,false,1785428495943,FastAccept
1785428495922,true,1785428495963,FastAccept
1785428495942,true,1785428495983,FastAccept
1785428495962,true,1785428496002,FastAccept
1785428495982,false,1785428496022,FastAccept
1785428496002,true,1785428496042,FastAccept
1785428496022,false,1785428496061,FastAccept
1785428496043,false,1785428496083,FastAccept
1785428496064,true,1785428496104,FastAccept
1785428496085,true,1785428496125,FastAccept
1785428496107,false,1785428496147,FastAccept
1785428496128,false,1785428496168,FastAccept
1785428496150,false,1785428496191,FastAccept
1785428496171,false,1785428496211,FastAccept
1785428496194,false,1785428496234,FastAccept
1785428496217,true,1785428496257,FastAccept
1785428496240,true,1785428496281,FastAccept
1785428496263,false,1785428496303,FastAccept
1785428496287,false,1785428496328,FastAccept
1785428496311,true,1785428496351,FastAccept
1785428496335,false,1785428496376,FastAccept
1785428496358,false,1785428496399,FastAccept
1785428496383,false,1785428496423,FastAccept
1785428496408,true,1785428496448,FastAccept
1785428496433,false,1785428496474,FastAccept
1785428496459,false,1785428496499,FastAccept
1785428496484,true,1785428496524,FastAccept
1785428496510,false,1785428496550,FastAccept
1785428496537,true,1785428496577,FastAccept
1785428496563,true,1785428496603,FastAccept
1785428496590,true,1785428496630,FastAccept
1785428496618,true,1785428496658,FastAccept
1785428496646,true,1785428496687,FastAccept
1785428496674,false,1785428496715,FastAccept
1785428496703,false,1785428496743,FastAccept
1785428496732,false,1785428496773,FastAccept
1785428496762,false,1785428496802,FastAccept
1785428496791,false,1785428496832,FastAccept
1785428496821,true,1785428496862,FastAccept
1785428496852,true,1785428496893,FastAccept
1785428496883,false,1785428496923,FastAccept
1785428496915,true,1785428496955,FastAccept
1785428496947,true,1785428496987,FastAccept
1785428496979,true,1785428497019,FastAccept
1785428497012,false,1785428497052,FastAccept
1785428497045,true,1785428497085,FastAccept
1785428497080,false,1785428497120,FastAccept
1785428497114,true,1785428497154,FastAccept
1785428497149,true,1785428497190,FastAccept
1785428497184,false,1785428497225,FastAccept
1785428497221,true,1785428497261,FastAccept
1785428497258,true,1785428497298,FastAccept
1785428497296,false,1785428497336,FastAccept
1785428497334,true,1785428497374,FastAccept
1785428497372,true,1785428497413,FastAccept
1785428497412,true,1785428497452,FastAccept
1785428497452,true,1785428497493,FastAccept
1785428497493,true,1785428497534,FastAccept
1785428497536,true,1785428497576,FastAccept
1785428497578,false,1785428497618,FastAccept
1785428497623,false,1785428497664,FastAccept
1785428497668,false,1785428497708,FastAccept
1785428497714,false,1785428497755,FastAccept
1785428497761,true,1785428497802,FastAccept
1785428497809,true,1785428497849,FastAccept
1785428497858,false,1785428497899,FastAccept
1785428497909,true,1785428497950,FastAccept
1785428497961,false,1785428498001,FastAccept
1785428498014,true,1785428498054,FastAccept
1785428498067,false,1785428498108,FastAccept
1785428498123,false,1785428498163,FastAccept
1785428498180,true,1785428498221,FastAccept
1785428498239,true,1785428498280,FastAccept
1785428498300,false,1785428498340,FastAccept
1785428498363,true,1785428498403,FastAccept
1785428498427,true,1785428498467,FastAccept
1785428498492,true,1785428498533,FastAccept
1785428498561,false,1785428498601,FastAccept
1785428498633,true,1785428498673,FastAccept
1785428498706,false,1785428498746,FastAccept
1785428498783,true,1785428498823,FastAccept
1785428498862,false,1785428498903,FastAccept
1785428498945,true,1785428498986,FastAccept
1785428499031,false,1785428499072,FastAccept
1785428499121,false,1785428499162,FastAccept
1785428499214,true,1785428499255,FastAccept
1785428499312,true,1785428499353,FastAccept
1785428499415,false,1785428499456,FastAccept
1785428499524,true,1785428499565,FastAccept
1785428499639,false,1785428499680,FastAccept
1785428499760,false,1785428499800,FastAccept
1785428499889,true,1785428499929,FastAccept
1785428500026,true,,
1785428500173,true,,
1785428500332,true,1785428500378,FastAccept
1785428500502,true,,
1785428500688,false,1785428500735,FastAccept
1785428500892,true,,
1785428501117,false,1785428501160,LeaderAccept
1785428501370,true,1785428501417,LeaderAccept
1785428501656,false,,
1785428501986,true,1785428502026,FastAccept
1785428502375,false,1785428502415,FastAccept
1785428502847,false,1785428502894,FastAccept
1785428503445,false,1785428503491,FastAccept
1785428504250,false,1785428504297,LeaderAccept
1785428505454,true,1785428505496,LeaderAccept
1785428507651,false,1785428507693,LeaderAccept
1785428514237,true,,
1785428530275,true,1785428530315,FastAccept
1785428530295,true,1785428530336,FastAccept
1785428530316,false,1785428530356,FastAccept
1785428530337,true,1785428530377,FastAccept
1785428530358,true,1785428530399,FastAccept
1785428530380,false,1785428530420,FastAccept
1785428530402,true,1785428530442,FastAccept
1785428530424,false,1785428530465,FastAccept
1785428530447,false,1785428530487,FastAccept
1785428530469,true,1785428530509,FastAccept
1785428530492,false,1785428530532,FastAccept
1785428530515,false,1785428530555,FastAccept
1785428530538,false,1785428530578,FastAccept
1785428530561,true,1785428530601,FastAccept
1785428530585,false,1785428530625,FastAccept
1785428530609,true,1785428530649,FastAccept
1785428530633,false,1785428530674,FastAccept
1785428530658,false,1785428530698,FastAccept
1785428530683,true,1785428530724,FastAccept
1785428530709,false,1785428530749,FastAccept
1785428530735,true,1785428530776,FastAccept
1785428530761,true,1785428530802,FastAccept
1785428530788,true,1785428530828,FastAccept
1785428530815,false,1785428530856,FastAccept
1785428530842,true,1785428530882,FastAccept
1785428530869,true,1785428530910,FastAccept
1785428530897,false,1785428530937,FastAccept
1785428530925,true,,
1785428530954,true,1785428530994,FastAccept
1785428530982,true,1785428531022,FastAccept
1785428531011,true,1785428531052,FastAccept
1785428531041,true,1785428531081,FastAccept
1785428531071,true,1785428531111,FastAccept
1785428531101,false,1785428531141,FastAccept
1785428531132,true,1785428531173,FastAccept
1785428531164,true,1785428531204,FastAccept
1785428531196,true,1785428531237,FastAccept
1785428531228,false,1785428531269,FastAccept
1785428531260,true,1785428531300,FastAccept
1785428531293,false,1785428531333,FastAccept
1785428531327,false,1785428531367,FastAccept
1785428531361,true,1785428531401,FastAccept
1785428531396,true,1785428531436,FastAccept
1785428531431,true,1785428531471,FastAccept
1785428531467,false,1785428531507,FastAccept
1785428531503,true,1785428531543,FastAccept
1785428531540,true,,
1785428531578,true,1785428531619,FastAccept
1785428531617,true,1785428531657,FastAccept
1785428531657,true,1785428531697,FastAccept
1785428531697,false,1785428531737,FastAccept
1785428531738,true,1785428531778,FastAccept
1785428531780,false,1785428531820,FastAccept
1785428531822,false,1785428531863,FastAccept
1785428531866,false,1785428531906,FastAccept
1785428531910,true,1785428531950,FastAccept
1785428531956,true,1785428531996,FastAccept
1785428532002,true,1785428532043,FastAccept
1785428532050,true,1785428532090,FastAccept
1785428532099,true,1785428532139,FastAccept
1785428532149,true,1785428532190,FastAccept
1785428532201,false,1785428532242,FastAccept
1785428532254,true,1785428532294,FastAccept
1785428532308,false,1785428532349,FastAccept
1785428532364,false,,
1785428532421,true,1785428532461,FastAccept
1785428532478,true,1785428532519,FastAccept
1785428532539,true,1785428532580,FastAccept
1785428532601,false,1785428532641,FastAccept
1785428532665,true,1785428532707,FastAccept
1785428532731,true,1785428532771,FastAccept
1785428532799,false,1785428532839,FastAccept
1785428532869,true,1785428532909,FastAccept
1785428532942,false,1785428532982,FastAccept
1785428533017,true,1785428533057,FastAccept
1785428533095,false,1785428533136,FastAccept
1785428533177,false,1785428533218,FastAccept
1785428533262,false,1785428533303,FastAccept
1785428533350,false,1785428533391,FastAccept
1785428533442,true,1785428533483,FastAccept
1785428533539,false,1785428533579,FastAccept
1785428533640,false,,
1785428533746,true,1785428533787,FastAccept
1785428533859,false,1785428533899,FastAccept
1785428533976,false,1785428534017,FastAccept
1785428534102,true,1785428534143,FastAccept
1785428534236,true,1785428534277,FastAccept
1785428534379,false,1785428534426,FastAccept
1785428534533,false,1785428534590,SlowAccept
1785428534699,false,1785428534757,SlowAccept
1785428534879,true,1785428534921,LeaderAccept
1785428535076,false,1785428535118,LeaderAccept
1785428535293,true,1785428535336,LeaderAccept
1785428535535,false,1785428535577,LeaderAccept
1785428535808,true,1785428535849,LeaderAccept
1785428536120,true,1785428536162,LeaderAccept
1785428536485,false,1785428536528,LeaderAccept
1785428536923,false,1785428536965,LeaderAccept
1785428537467,true,1785428537509,LeaderAccept
1785428538181,false,,
1785428539202,true,1785428539242,FastAccept
1785428540900,true,1785428540941,FastAccept
1785428544870,true,,
1785428573757,false,1785428573797,FastAccept
1785428585196,false,,
1785428585212,false,,
1785428585228,true,,
1785428585244,true,,
1785428585260,false,,
1785428585277,true,,
1785428585292,false,,
1785428585309,true,,
1785428585326,false,,
1785428585343,true,,
1785428585360,false,,
1785428585377,true,,
1785428585394,true,,
1785428585411,false,,
1785428585429,false,,
1785428585446,false,,
1785428585464,false,,
1785428585482,false,1785428585539,SlowAccept
1785428585500,true,,
1785428585518,true,,
1785428585536,false,,
1785428585555,true,,
1785428585574,true,,
1785428585593,true,,
1785428585612,true,,
1785428585631,true,,
1785428585650,false,1785428585699,LeaderAccept
1785428585670,true,1785428585717,LeaderAccept
1785428585690,true,1785428585738,LeaderAccept
1785428585710,true,1785428585752,LeaderAccept
1785428585730,false,1785428585773,LeaderAccept
1785428585751,true,1785428585794,LeaderAccept
1785428585772,false,1785428585814,LeaderAccept
1785428585793,false,1785428585835,LeaderAccept
1785428585814,false,1785428585856,LeaderAccept
1785428585835,false,1785428585877,LeaderAccept
1785428585856,false,1785428585898,LeaderAccept
1785428585877,true,1785428585919,LeaderAccept
1785428585898,true,1785428585940,LeaderAccept
1785428585920,true,1785428585963,LeaderAccept
1785428585942,false,1785428585984,LeaderAccept
1785428585965,false,1785428586007,LeaderAccept
1785428585988,false,1785428586030,LeaderAccept
1785428586011,false,1785428586053,LeaderAccept
1785428586034,false,1785428586076,LeaderAccept
1785428586057,true,1785428586100,LeaderAccept
1785428586080,true,1785428586122,LeaderAccept
1785428586104,true,1785428586146,LeaderAccept
1785428586128,false,1785428586170,LeaderAccept
1785428586151,false,1785428586194,LeaderAccept
1785428586175,false,1785428586217,LeaderAccept
1785428586201,false,1785428586244,LeaderAccept
1785428586227,true,1785428586269,LeaderAccept
1785428586252,false,1785428586294,LeaderAccept
1785428586278,true,1785428586320,LeaderAccept
1785428586304,false,1785428586347,LeaderAccept
1785428586331,true,1785428586374,LeaderAccept
1785428586358,true,1785428586401,LeaderAccept
1785428586386,true,1785428586429,LeaderAccept
1785428586414,true,1785428586458,LeaderAccept
1785428586442,false,1785428586485,LeaderAccept
1785428586471,true,1785428586513,LeaderAccept
1785428586500,false,1785428586543,LeaderAccept
1785428586530,false,1785428586572,LeaderAccept
1785428586559,false,1785428586601,LeaderAccept
1785428586589,true,1785428586632,LeaderAccept
1785428586620,true,1785428586662,LeaderAccept
1785428586651,false,1785428586694,LeaderAccept
1785428586683,false,1785428586725,LeaderAccept
1785428586715,true,1785428586758,LeaderAccept
1785428586748,false,1785428586790,LeaderAccept
1785428586781,false,1785428586823,LeaderAccept
1785428586815,true,1785428586857,LeaderAccept
1785428586849,false,1785428586892,LeaderAccept
1785428586884,false,1785428586926,LeaderAccept
1785428586919,false,1785428586962,LeaderAccept
1785428586955,false,1785428586998,LeaderAccept
1785428586992,true,1785428587036,LeaderAccept
1785428587029,true,1785428587072,LeaderAccept
1785428587067,false,1785428587109,LeaderAccept
1785428587105,true,1785428587148,LeaderAccept
1785428587144,false,1785428587188,LeaderAccept
1785428587184,false,1785428587227,LeaderAccept
1785428587225,false,1785428587269,LeaderAccept
1785428587267,false,1785428587310,LeaderAccept
1785428587309,false,1785428587352,LeaderAccept
1785428587352,true,1785428587395,LeaderAccept
1785428587395,false,1785428587438,LeaderAccept
1785428587440,true,1785428587484,LeaderAccept
1785428587487,true,1785428587530,LeaderAccept
1785428587534,false,1785428587577,LeaderAccept
1785428587582,true,1785428587624,LeaderAccept
1785428587631,true,1785428587675,LeaderAccept
1785428587682,false,1785428587725,LeaderAccept
1785428587734,true,1785428587777,LeaderAccept
1785428587787,false,1785428587829,LeaderAccept
1785428587842,false,1785428587885,LeaderAccept
1785428587898,true,1785428587941,LeaderAccept
1785428587957,false,1785428587999,LeaderAccept
1785428588016,false,1785428588059,LeaderAccept
1785428588077,true,1785428588120,LeaderAccept
1785428588140,true,1785428588183,LeaderAccept
1785428588205,true,1785428588249,LeaderAccept
1785428588272,false,1785428588315,LeaderAccept
1785428588341,true,1785428588384,LeaderAccept
1785428588414,true,1785428588456,LeaderAccept
1785428588487,false,1785428588531,LeaderAccept
1785428588564,false,1785428588606,LeaderAccept
1785428588644,false,1785428588686,LeaderAccept
1785428588727,false,1785428588767,FastAccept
1785428588813,false,1785428588854,FastAccept
1785428588904,true,1785428588944,FastAccept
1785428588998,true,1785428589039,FastAccept
1785428589097,false,1785428589138,FastAccept
1785428589201,true,1785428589242,FastAccept
1785428589310,false,1785428589351,FastAccept
1785428589426,true,1785428589467,FastAccept
1785428589548,false,1785428589589,FastAccept
1785428589678,false,1785428589719,FastAccept
1785428589818,false,1785428589858,FastAccept
1785428589966,false,1785428590007,FastAccept
1785428590126,true,1785428590167,FastAccept
1785428590298,false,1785428590339,FastAccept
1785428590487,false,1785428590528,FastAccept
1785428590693,false,1785428590734,FastAccept
1785428590922,true,1785428590962,FastAccept
1785428591179,true,,
1785428591471,true,1785428591528,SlowAccept
1785428591808,false,1785428591854,FastAccept
1785428592207,false,1785428592248,FastAccept
1785428592695,true,1785428592735,FastAccept
1785428593316,false,1785428593356,FastAccept
1785428594163,true,1785428594203,FastAccept
1785428595456,true,1785428595496,FastAccept
1785428597922,false,,
1785428606385,true,1785428606426,FastAccept
1785428615689,true,1785428615730,FastAccept
1785428615706,true,1785428615746,FastAccept
1785428615723,false,1785428615763,FastAccept
1785428615740,false,1785428615780,FastAccept
1785428615757,true,1785428615797,FastAccept
1785428615774,true,1785428615815,FastAccept
1785428615792,false,1785428615832,FastAccept
1785428615810,true,1785428615850,FastAccept
1785428615828,false,1785428615868,FastAccept
1785428615846,false,1785428615886,FastAccept
1785428615865,true,1785428615906,FastAccept
1785428615884,false,1785428615924,FastAccept
1785428615903,true,1785428615942,FastAccept
1785428615921,false,1785428615961,FastAccept
1785428615940,true,1785428615980,FastAccept
1785428615959,true,1785428616000,FastAccept
1785428615978,false,1785428616019,FastAccept
1785428615998,true,1785428616038,FastAccept
1785428616017,true,1785428616057,FastAccept
1785428616037,true,1785428616077,FastAccept
1785428616057,true,1785428616097,FastAccept
1785428616077,false,1785428616117,FastAccept
1785428616097,true,1785428616137,FastAccept
1785428616117,true,1785428616157,FastAccept
1785428616137,false,1785428616177,FastAccept
1785428616158,false,1785428616198,FastAccept
1785428616178,false,1785428616219,FastAccept
1785428616200,true,1785428616240,FastAccept
1785428616221,true,1785428616262,FastAccept
1785428616243,false,1785428616284,FastAccept
1785428616265,false,1785428616306,FastAccept
1785428616287,false,1785428616327,FastAccept
1785428616309,true,1785428616349,FastAccept
1785428616331,true,1785428616372,FastAccept
1785428616354,false,1785428616394,FastAccept
1785428616377,true,1785428616418,FastAccept
1785428616400,true,1785428616440,FastAccept
1785428616423,true,,
1785428616447,true,,
1785428616472,true,1785428616512,FastAccept
1785428616496,true,1785428616537,FastAccept
1785428616521,false,1785428616561,FastAccept
1785428616546,true,1785428616587,FastAccept
1785428616572,true,1785428616612,FastAccept
1785428616597,true,1785428616638,FastAccept
1785428616623,false,1785428616664,FastAccept
1785428616650,false,1785428616690,FastAccept
1785428616677,true,1785428616718,FastAccept
1785428616704,false,1785428616744,FastAccept
1785428616731,false,1785428616772,FastAccept
1785428616760,false,1785428616800,FastAccept
1785428616788,true,1785428616829,FastAccept
1785428616816,true,1785428616857,FastAccept
1785428616845,true,1785428616886,FastAccept
1785428616875,true,1785428616916,FastAccept
1785428616906,true,1785428616946,FastAccept
1785428616936,true,1785428616977,FastAccept
1785428616967,false,1785428617008,FastAccept
1785428616998,false,1785428617038,FastAccept
1785428617030,false,1785428617070,FastAccept
1785428617062,false,1785428617102,FastAccept
1785428617093,false,1785428617134,FastAccept
1785428617127,false,1785428617168,FastAccept
1785428617161,false,1785428617202,FastAccept
1785428617195,true,1785428617236,FastAccept
1785428617230,true,1785428617270,FastAccept
1785428617265,true,1785428617306,FastAccept
1785428617301,true,1785428617341,FastAccept
1785428617337,true,1785428617378,FastAccept
1785428617374,true,1785428617414,FastAccept
1785428617412,true,1785428617453,FastAccept
1785428617451,false,1785428617491,FastAccept
1785428617490,false,1785428617530,FastAccept
1785428617530,true,1785428617571,FastAccept
1785428617571,true,1785428617611,FastAccept
1785428617611,true,1785428617651,FastAccept
1785428617654,false,1785428617694,FastAccept
1785428617697,true,1785428617737,FastAccept
1785428617741,false,1785428617781,FastAccept
1785428617786,true,1785428617827,FastAccept
1785428617833,false,1785428617874,FastAccept
1785428617881,true,1785428617921,FastAccept
1785428617929,false,1785428617969,FastAccept
1785428617978,true,1785428618019,FastAccept
1785428618029,true,1785428618069,FastAccept
1785428618081,true,1785428618121,FastAccept
1785428618134,true,1785428618175,FastAccept
1785428618189,true,1785428618230,FastAccept
1785428618245,true,1785428618286,FastAccept
1785428618303,false,1785428618344,FastAccept
1785428618362,false,1785428618402,FastAccept
1785428618423,true,1785428618463,FastAccept
1785428618486,false,1785428618526,FastAccept
1785428618551,true,1785428618592,FastAccept
1785428618618,true,1785428618658,FastAccept
1785428618686,false,1785428618727,FastAccept
1785428618758,true,1785428618799,FastAccept
1785428618833,true,1785428618873,FastAccept
1785428618909,true,1785428618951,FastAccept
1785428618990,false,1785428619031,FastAccept
1785428619073,true,1785428619114,FastAccept
1785428619160,true,1785428619201,FastAccept
1785428619251,false,1785428619292,FastAccept
1785428619345,true,1785428619386,FastAccept
1785428619444,false,,
1785428619548,true,,
1785428619657,true,,
1785428619773,false,,
1785428619896,true,,
1785428620027,false,1785428620070,LeaderAccept
1785428620166,true,1785428620209,LeaderAccept
1785428620315,false,1785428620358,LeaderAccept
1785428620476,false,1785428620519,LeaderAccept
1785428620650,false,1785428620693,LeaderAccept
1785428620839,false,1785428620882,LeaderAccept
1785428621047,true,1785428621089,LeaderAccept
1785428621277,false,1785428621319,LeaderAccept
1785428621535,false,1785428621577,LeaderAccept
1785428621829,true,1785428621876,FastAccept
1785428622171,false,1785428622211,FastAccept
1785428622574,true,1785428622614,FastAccept
1785428623067,false,1785428623107,FastAccept
1785428623698,true,1785428623739,FastAccept
1785428624563,false,,
1785428625895,true,,
1785428628487,true,1785428628527,FastAccept
1785428637956,true,1785428637997,FastAccept
1785428661374,true,1785428661414,FastAccept
1785428661388,false,1785428661429,FastAccept
1785428661403,true,1785428661443,FastAccept
1785428661417,false,1785428661458,FastAccept
1785428661432,false,1785428661472,FastAccept
1785428661447,false,1785428661487,FastAccept
1785428661462,true,1785428661502,FastAccept
1785428661477,true,1785428661517,FastAccept
1785428661492,false,1785428661533,FastAccept
1785428661508,false,1785428661548,FastAccept
1785428661523,true,1785428661563,FastAccept
1785428661538,false,1785428661579,FastAccept
1785428661554,true,1785428661594,FastAccept
1785428661570,true,1785428661610,FastAccept
1785428661586,true,1785428661626,FastAccept
1785428661602,true,1785428661642,FastAccept
1785428661618,false,1785428661658,FastAccept
1785428661634,true,1785428661674,FastAccept
1785428661651,false,1785428661692,FastAccept
1785428661668,true,1785428661708,FastAccept
1785428661685,false,1785428661725,FastAccept
1785428661702,false,1785428661742,FastAccept
1785428661719,false,1785428661760,FastAccept
1785428661737,true,1785428661777,FastAccept
1785428661753,true,1785428661793,FastAccept
1785428661771,true,,
1785428661788,false,1785428661828,FastAccept
1785428661806,false,1785428661847,FastAccept
1785428661824,true,1785428661864,FastAccept
1785428661842,false,,
1785428661861,false,1785428661901,FastAccept
1785428661879,true,1785428661919,FastAccept
1785428661897,false,1785428661938,FastAccept
1785428661916,true,1785428661956,FastAccept
1785428661935,false,,
1785428661954,false,1785428661994,FastAccept
1785428661973,false,1785428662013,FastAccept
1785428661993,false,1785428662033,FastAccept
1785428662012,false,,
1785428662032,true,1785428662072,FastAccept
1785428662052,true,1785428662092,FastAccept
1785428662071,false,1785428662111,FastAccept
1785428662092,true,,
1785428662111,false,1785428662152,FastAccept
1785428662132,false,1785428662172,FastAccept
1785428662153,false,1785428662193,FastAccept
1785428662173,false,1785428662213,FastAccept
1785428662195,false,,
1785428662217,false,1785428662256,FastAccept
1785428662238,false,1785428662278,FastAccept
1785428662260,false,1785428662300,FastAccept
1785428662282,false,,
1785428662304,true,1785428662344,FastAccept
1785428662326,false,1785428662366,FastAccept
1785428662349,false,1785428662389,FastAccept
1785428662372,false,1785428662413,FastAccept
1785428662396,true,,
1785428662419,false,1785428662459,FastAccept
1785428662443,false,1785428662484,FastAccept
1785428662468,false,1785428662508,FastAccept
1785428662492,true,,
1785428662517,true,1785428662558,FastAccept
1785428662542,true,1785428662582,FastAccept
1785428662567,true,1785428662607,FastAccept
1785428662593,false,1785428662640,FastAccept
1785428662619,true,1785428662659,FastAccept
1785428662645,true,1785428662685,FastAccept
1785428662672,true,1785428662712,FastAccept
1785428662699,false,1785428662739,FastAccept
1785428662726,false,,
1785428662753,false,1785428662794,FastAccept
1785428662781,false,1785428662821,FastAccept
1785428662809,false,1785428662850,FastAccept
1785428662837,true,,
1785428662867,true,1785428662907,FastAccept
1785428662897,false,,
1785428662927,true,1785428662967,FastAccept
1785428662957,false,1785428662998,FastAccept
1785428662988,false,,
1785428663019,false,1785428663059,FastAccept
1785428663051,true,1785428663091,FastAccept
1785428663083,true,1785428663123,FastAccept
1785428663115,false,,
1785428663148,true,1785428663189,FastAccept
1785428663182,false,1785428663222,FastAccept
1785428663216,false,1785428663257,FastAccept
1785428663251,false,1785428663291,FastAccept
1785428663287,false,1785428663327,FastAccept
1785428663323,false,1785428663363,FastAccept
1785428663360,true,1785428663401,FastAccept
1785428663397,false,1785428663437,FastAccept
1785428663435,true,,
1785428663474,true,1785428663514,FastAccept
1785428663513,false,1785428663554,FastAccept
1785428663554,true,1785428663594,FastAccept
1785428663595,true,1785428663635,FastAccept
1785428663637,true,1785428663677,FastAccept
1785428663679,false,1785428663720,FastAccept
1785428663723,true,1785428663763,FastAccept
1785428663767,false,1785428663807,FastAccept
1785428663813,false,,
1785428663859,true,1785428663900,FastAccept
1785428663907,true,1785428663947,FastAccept
1785428663956,true,1785428663996,FastAccept
1785428664006,true,1785428664073,SlowAccept
1785428664058,true,1785428664098,FastAccept
1785428664110,false,1785428664150,FastAccept
1785428664163,true,1785428664204,FastAccept
1785428664218,true,1785428664258,FastAccept
1785428664275,true,1785428664315,FastAccept
1785428664333,true,,
1785428664392,false,,
1785428664454,false,,
1785428664518,false,,
1785428664584,false,,
1785428664652,true,,
1785428664723,false,1785428664770,FastAccept
1785428664796,true,,
1785428664871,true,1785428664912,FastAccept
1785428664950,true,,
1785428665031,false,1785428665071,FastAccept
1785428665115,false,1785428665158,LeaderAccept
1785428665203,false,1785428665246,LeaderAccept
1785428665295,false,1785428665337,LeaderAccept
1785428665392,false,1785428665434,LeaderAccept
1785428665493,false,1785428665535,LeaderAccept
1785428665599,false,1785428665641,LeaderAccept
1785428665711,false,1785428665754,LeaderAccept
1785428665830,true,1785428665873,LeaderAccept
1785428665956,true,1785428665999,LeaderAccept
1785428666090,true,1785428666132,LeaderAccept
1785428666233,true,1785428666275,LeaderAccept
1785428666386,true,1785428666426,FastAccept
1785428666552,false,1785428666598,FastAccept
1785428666732,false,1785428666772,FastAccept
1785428666928,false,1785428666968,FastAccept
1785428667144,true,1785428667185,FastAccept
1785428667385,false,1785428667426,FastAccept
1785428667657,true,1785428667697,FastAccept
1785428667968,false,1785428668014,FastAccept
1785428668331,false,,
1785428668767,false,1785428668808,FastAccept
1785428669308,true,1785428669349,FastAccept
1785428670017,true,1785428670057,FastAccept
1785428671027,true,1785428671068,FastAccept
1785428672700,true,1785428672741,FastAccept
1785428676559,false,1785428676599,FastAccept
1785428701115,false,1785428701156,FastAccept
1785428701134,true,1785428701174,FastAccept
1785428701153,false,1785428701194,FastAccept
1785428701172,false,1785428701212,FastAccept
1785428701191,false,1785428701231,FastAccept
1785428701210,true,1785428701250,FastAccept
1785428701230,true,1785428701270,FastAccept
1785428701250,true,1785428701290,FastAccept
1785428701270,false,1785428701310,FastAccept
1785428701290,false,1785428701330,FastAccept
1785428701310,false,1785428701351,FastAccept
1785428701331,true,1785428701371,FastAccept
1785428701351,false,1785428701391,FastAccept
1785428701372,false,1785428701412,FastAccept
1785428701393,true,1785428701434,FastAccept
1785428701414,false,1785428701454,FastAccept
1785428701435,true,1785428701475,FastAccept
1785428701456,true,1785428701497,FastAccept
1785428701478,true,1785428701519,FastAccept
1785428701500,true,1785428701540,FastAccept
1785428701522,true,1785428701562,FastAccept
1785428701543,false,1785428701584,FastAccept
1785428701566,false,1785428701607,FastAccept
1785428701590,false,1785428701630,FastAccept
1785428701614,true,1785428701655,FastAccept
1785428701638,true,1785428701678,FastAccept
1785428701662,true,1785428701702,FastAccept
1785428701686,false,1785428701727,FastAccept
1785428701711,true,1785428701751,FastAccept
1785428701735,true,1785428701775,FastAccept
1785428701760,false,1785428701801,FastAccept
1785428701786,false,1785428701826,FastAccept
1785428701811,true,1785428701852,FastAccept
1785428701837,false,1785428701877,FastAccept
1785428701863,true,1785428701904,FastAccept
1785428701890,true,1785428701930,FastAccept
1785428701917,false,1785428701958,FastAccept
1785428701945,true,1785428701985,FastAccept
1785428701972,true,1785428702012,FastAccept
1785428702000,true,1785428702041,FastAccept
1785428702029,true,1785428702069,FastAccept
1785428702058,false,1785428702099,FastAccept
1785428702087,true,1785428702128,FastAccept
1785428702117,true,1785428702157,FastAccept
1785428702147,false,1785428702187,FastAccept
1785428702177,false,1785428702217,FastAccept
1785428702208,false,1785428702248,FastAccept
1785428702239,true,1785428702279,FastAccept
1785428702271,true,1785428702311,FastAccept
1785428702303,true,1785428702343,FastAccept
1785428702335,false,1785428702376,FastAccept
1785428702368,false,1785428702409,FastAccept
1785428702402,true,1785428702443,FastAccept
1785428702437,true,1785428702477,FastAccept
1785428702472,false,1785428702512,FastAccept
1785428702508,true,1785428702549,FastAccept
1785428702544,false,1785428702585,FastAccept
1785428702581,false,1785428702621,FastAccept
1785428702619,false,1785428702659,FastAccept
1785428702657,false,1785428702697,FastAccept
1785428702696,true,1785428702736,FastAccept
1785428702736,true,1785428702776,FastAccept
1785428702777,true,1785428702817,FastAccept
1785428702818,false,1785428702860,FastAccept
1785428702860,false,1785428702900,FastAccept
1785428702903,true,1785428702944,FastAccept
1785428702946,false,1785428702987,FastAccept
1785428702991,true,1785428703032,FastAccept
1785428703037,false,1785428703078,FastAccept
1785428703084,true,1785428703124,FastAccept
1785428703132,true,1785428703173,FastAccept
1785428703181,false,1785428703222,FastAccept
1785428703231,true,1785428703272,FastAccept
1785428703283,true,1785428703324,FastAccept
1785428703336,false,1785428703377,FastAccept
1785428703390,true,1785428703430,FastAccept
1785428703446,true,1785428703486,FastAccept
1785428703503,true,1785428703543,FastAccept
1785428703561,true,1785428703602,FastAccept
1785428703621,true,1785428703661,FastAccept
1785428703683,false,1785428703724,FastAccept
1785428703747,false,1785428703787,FastAccept
1785428703813,true,1785428703853,FastAccept
1785428703881,false,1785428703921,FastAccept
1785428703951,false,1785428703991,FastAccept
1785428704024,false,1785428704065,FastAccept
1785428704100,true,1785428704140,FastAccept
1785428704179,false,1785428704219,FastAccept
1785428704261,false,1785428704301,FastAccept
1785428704347,false,1785428704388,FastAccept
1785428704435,true,1785428704476,FastAccept
1785428704528,true,1785428704569,FastAccept
1785428704626,true,1785428704666,FastAccept
1785428704728,true,1785428704768,FastAccept
1785428704835,true,1785428704876,FastAccept
1785428704948,true,1785428704989,FastAccept
1785428705068,true,1785428705108,FastAccept
1785428705195,false,1785428705235,FastAccept
1785428705330,true,1785428705370,FastAccept
1785428705474,true,1785428705515,FastAccept
1785428705629,false,1785428705669,FastAccept
1785428705797,true,1785428705837,FastAccept
1785428705979,true,1785428706019,FastAccept
1785428706179,true,1785428706220,FastAccept
1785428706399,true,1785428706440,FastAccept
1785428706644,false,1785428706685,FastAccept
1785428706922,true,1785428706962,FastAccept
1785428707241,false,1785428707282,FastAccept
1785428707615,true,1785428707656,FastAccept
1785428708066,true,1785428708106,FastAccept
1785428708630,true,1785428708670,FastAccept
1785428709377,true,,
1785428710463,false,1785428710506,LeaderAccept
1785428712332,true,1785428712374,LeaderAccept
1785428717087,true,1785428717128,FastAccept
1785428720443,true,1785428720483,FastAccept
1785428720464,true,1785428720505,FastAccept
1785428720486,false,1785428720527,FastAccept
1785428720508,false,1785428720548,FastAccept
1785428720530,false,1785428720570,FastAccept
1785428720552,false,1785428720592,FastAccept
1785428720574,true,1785428720614,FastAccept
1785428720596,true,1785428720636,FastAccept
1785428720618,true,1785428720658,FastAccept
1785428720640,false,1785428720681,FastAccept
1785428720664,true,1785428720704,FastAccept
1785428720688,false,,
1785428720712,false,1785428720752,FastAccept
1785428720736,true,1785428720776,FastAccept
1785428720760,true,1785428720800,FastAccept
1785428720784,false,1785428720824,FastAccept
1785428720808,false,1785428720849,FastAccept
1785428720834,true,1785428720875,FastAccept
1785428720860,false,1785428720900,FastAccept
1785428720886,false,1785428720926,FastAccept
1785428720912,false,1785428720952,FastAccept
1785428720938,true,1785428720979,FastAccept
1785428720965,true,1785428721005,FastAccept
1785428720992,true,1785428721032,FastAccept
1785428721019,false,,
1785428721047,false,,
1785428721075,false,,
1785428721104,true,,
1785428721132,false,,
1785428721161,true,,
1785428721191,false,,
1785428721221,true,,
1785428721252,false,,
1785428721283,false,,
1785428721315,true,,
1785428721347,false,,
1785428721380,true,,
1785428721413,false,,
1785428721447,true,,
1785428721481,true,,
1785428721516,false,,
1785428721551,true,,
1785428721586,true,,
1785428721623,false,,
1785428721660,true,,
1785428721697,true,,
1785428721734,true,,
1785428721773,false,,
1785428721813,true,,
1785428721853,false,,
1785428721894,true,,
1785428721936,true,,
1785428721978,false,,
1785428722022,false,1785428722064,LeaderAccept
1785428722067,false,,
1785428722113,true,,
1785428722159,false,,
1785428722207,true,,
1785428722255,true,1785428722296,FastAccept
1785428722305,false,1785428722346,FastAccept
1785428722357,false,1785428722397,FastAccept
1785428722410,true,1785428722450,FastAccept
1785428722464,true,1785428722504,FastAccept
1785428722519,false,1785428722560,FastAccept
1785428722577,false,1785428722618,FastAccept
1785428722636,false,1785428722676,FastAccept
1785428722697,false,,
1785428722760,false,1785428722800,FastAccept
1785428722824,true,1785428722864,FastAccept
1785428722890,true,1785428722930,FastAccept
1785428722958,true,1785428722999,FastAccept
1785428723029,true,1785428723069,FastAccept
1785428723102,false,1785428723143,FastAccept
1785428723178,true,1785428723219,FastAccept
1785428723257,false,1785428723297,FastAccept
1785428723339,true,1785428723379,FastAccept
1785428723424,false,1785428723465,FastAccept
1785428723513,true,1785428723554,FastAccept
1785428723606,true,1785428723646,FastAccept
1785428723704,false,1785428723744,FastAccept
1785428723806,false,1785428723846,FastAccept
1785428723913,true,1785428723953,FastAccept
1785428724026,false,1785428724067,FastAccept
1785428724146,true,1785428724187,FastAccept
1785428724274,true,1785428724314,FastAccept
1785428724410,true,1785428724450,FastAccept
1785428724555,false,1785428724595,FastAccept
1785428724711,true,1785428724751,FastAccept
1785428724879,true,1785428724919,FastAccept
1785428725062,false,1785428725102,FastAccept
1785428725262,false,,
1785428725484,false,1785428725525,FastAccept
1785428725731,true,1785428725772,FastAccept
1785428726011,false,1785428726052,FastAccept
1785428726333,true,1785428726373,FastAccept
1785428726711,true,1785428726752,FastAccept
1785428727166,true,1785428727207,FastAccept
1785428727737,true,1785428727778,FastAccept
1785428728498,false,1785428728545,FastAccept
1785428729610,false,1785428729653,LeaderAccept
1785428731548,false,1785428731588,FastAccept
1785428736653,true,1785428736693,FastAccept
1785428740885,false,1785428740928,LeaderAccept
1785428740901,true,1785428740944,LeaderAccept
1785428740918,false,1785428740961,LeaderAccept
1785428740935,false,1785428740977,LeaderAccept
1785428740952,true,1785428740994,LeaderAccept
1785428740970,false,1785428741012,LeaderAccept
1785428740987,false,1785428741029,LeaderAccept
1785428741004,true,1785428741047,LeaderAccept
1785428741022,false,1785428741065,LeaderAccept
1785428741040,false,1785428741082,LeaderAccept
1785428741058,true,1785428741100,LeaderAccept
1785428741076,false,1785428741119,LeaderAccept
1785428741095,false,1785428741137,LeaderAccept
1785428741113,false,1785428741155,LeaderAccept
1785428741131,true,1785428741173,LeaderAccept
1785428741150,true,1785428741192,LeaderAccept
1785428741169,true,1785428741212,LeaderAccept
1785428741188,true,1785428741230,LeaderAccept
1785428741207,false,1785428741249,LeaderAccept
1785428741226,true,1785428741268,LeaderAccept
1785428741246,true,1785428741288,LeaderAccept
1785428741266,true,1785428741308,LeaderAccept
1785428741286,false,1785428741328,LeaderAccept
1785428741306,true,1785428741348,LeaderAccept
1785428741326,true,1785428741367,LeaderAccept
1785428741346,false,1785428741388,LeaderAccept
1785428741367,false,1785428741408,LeaderAccept
1785428741387,true,1785428741429,LeaderAccept
1785428741408,true,1785428741450,LeaderAccept
1785428741429,false,1785428741471,LeaderAccept
1785428741450,true,1785428741492,LeaderAccept
1785428741471,false,1785428741513,LeaderAccept
1785428741493,true,1785428741535,LeaderAccept
1785428741515,true,1785428741558,LeaderAccept
1785428741538,false,1785428741580,LeaderAccept
1785428741561,false,1785428741603,LeaderAccept
1785428741584,true,1785428741626,LeaderAccept
1785428741607,true,1785428741649,LeaderAccept
1785428741631,true,1785428741673,LeaderAccept
1785428741655,false,1785428741697,LeaderAccept
1785428741679,false,1785428741721,LeaderAccept
1785428741703,true,1785428741746,LeaderAccept
1785428741729,false,1785428741771,LeaderAccept
1785428741753,true,1785428741795,LeaderAccept
1785428741778,true,1785428741821,LeaderAccept
1785428741805,true,1785428741847,LeaderAccept
1785428741830,false,1785428741873,LeaderAccept
1785428741856,false,1785428741899,LeaderAccept
1785428741883,true,1785428741925,LeaderAccept
1785428741910,false,1785428741952,LeaderAccept
1785428741937,false,1785428741980,LeaderAccept
1785428741965,false,1785428742008,LeaderAccept
1785428741993,true,1785428742035,LeaderAccept
1785428742021,false,1785428742063,LeaderAccept
1785428742048,true,1785428742090,LeaderAccept
1785428742077,false,1785428742119,LeaderAccept
1785428742105,false,1785428742148,LeaderAccept
1785428742135,false,1785428742178,LeaderAccept
1785428742165,false,1785428742207,LeaderAccept
1785428742195,false,1785428742237,LeaderAccept
1785428742226,true,1785428742269,LeaderAccept
1785428742258,false,1785428742301,LeaderAccept
1785428742290,true,1785428742333,LeaderAccept
1785428742323,true,1785428742365,LeaderAccept
1785428742356,false,1785428742398,LeaderAccept
1785428742389,false,1785428742431,LeaderAccept
1785428742422,true,1785428742465,LeaderAccept
1785428742457,false,1785428742499,LeaderAccept
1785428742492,true,1785428742535,LeaderAccept
1785428742528,true,1785428742570,LeaderAccept
1785428742564,false,1785428742606,LeaderAccept
1785428742601,true,1785428742644,LeaderAccept
1785428742639,false,1785428742681,LeaderAccept
1785428742679,false,1785428742721,LeaderAccept
1785428742718,true,1785428742761,LeaderAccept
1785428742758,true,1785428742800,LeaderAccept
1785428742799,true,1785428742841,LeaderAccept
1785428742841,false,1785428742883,LeaderAccept
1785428742883,false,1785428742925,LeaderAccept
1785428742926,false,1785428742968,LeaderAccept
1785428742970,false,1785428743012,LeaderAccept
1785428743015,true,1785428743058,LeaderAccept
1785428743061,true,1785428743102,LeaderAccept
1785428743108,true,1785428743150,LeaderAccept
1785428743156,true,1785428743199,LeaderAccept
1785428743206,true,1785428743249,LeaderAccept
1785428743257,true,1785428743299,LeaderAccept
1785428743308,false,1785428743351,LeaderAccept
1785428743361,false,1785428743404,LeaderAccept
1785428743416,true,1785428743459,LeaderAccept
1785428743472,true,1785428743514,LeaderAccept
1785428743529,true,1785428743572,LeaderAccept
1785428743589,false,1785428743632,LeaderAccept
1785428743651,false,1785428743693,LeaderAccept
1785428743713,true,1785428743756,LeaderAccept
1785428743778,true,1785428743821,LeaderAccept
1785428743845,true,1785428743887,LeaderAccept
1785428743914,true,1785428743957,LeaderAccept
1785428743986,false,1785428744029,LeaderAccept
1785428744060,true,1785428744102,LeaderAccept
1785428744138,true,1785428744180,LeaderAccept
1785428744217,false,1785428744259,LeaderAccept
1785428744300,false,1785428744342,LeaderAccept
1785428744386,true,,
1785428744476,false,1785428744517,FastAccept
1785428744570,true,1785428744610,FastAccept
1785428744669,true,1785428744709,FastAccept
1785428744772,true,1785428744813,FastAccept
1785428744882,true,,
1785428744998,true,1785428745038,FastAccept
1785428745120,true,1785428745160,FastAccept
1785428745249,false,1785428745290,FastAccept
1785428745387,false,1785428745428,FastAccept
1785428745535,false,1785428745577,FastAccept
1785428745694,false,1785428745735,FastAccept
1785428745866,false,1785428745907,FastAccept
1785428746054,false,,
1785428746260,false,,
1785428746489,true,1785428746529,FastAccept
1785428746744,false,1785428746785,FastAccept
1785428747035,true,1785428747076,FastAccept
1785428747371,true,1785428747411,FastAccept
1785428747767,false,1785428747807,FastAccept
1785428748250,true,1785428748291,FastAccept
1785428748865,false,1785428748905,FastAccept
1785428749701,true,1785428749741,FastAccept
1785428750969,false,1785428751009,FastAccept
1785428753360,true,1785428753400,FastAccept
1785428761260,true,1785428761301,FastAccept
1785428765809,false,1785428765850,FastAccept
1785428765835,true,1785428765875,FastAccept
1785428765862,false,1785428765902,FastAccept
1785428765889,true,1785428765929,FastAccept
1785428765916,true,1785428765957,FastAccept
1785428765944,true,1785428765984,FastAccept
1785428765972,false,1785428766013,FastAccept
1785428766000,true,1785428766040,FastAccept
1785428766029,true,1785428766069,FastAccept
1785428766058,false,1785428766098,FastAccept
1785428766088,true,1785428766129,FastAccept
1785428766118,true,,
1785428766149,false,1785428766189,FastAccept
1785428766180,true,1785428766221,FastAccept
1785428766212,false,1785428766253,FastAccept
1785428766244,false,1785428766285,FastAccept
1785428766277,true,1785428766317,FastAccept
1785428766310,true,1785428766350,FastAccept
1785428766343,false,1785428766383,FastAccept
1785428766377,true,1785428766417,FastAccept
1785428766411,false,1785428766451,FastAccept
1785428766448,false,1785428766488,FastAccept
1785428766483,true,1785428766523,FastAccept
1785428766519,false,1785428766559,FastAccept
1785428766556,true,1785428766596,FastAccept
1785428766593,true,1785428766633,FastAccept
1785428766631,false,1785428766671,FastAccept
1785428766670,false,1785428766710,FastAccept
1785428766710,false,1785428766750,FastAccept
1785428766750,false,1785428766790,FastAccept
1785428766792,false,1785428766833,FastAccept
1785428766835,false,,
1785428766878,false,1785428766918,FastAccept
1785428766922,false,1785428766962,FastAccept
1785428766967,true,1785428767008,FastAccept
1785428767013,true,,
1785428767060,false,1785428767101,FastAccept
1785428767109,true,1785428767149,FastAccept
1785428767158,true,1785428767198,FastAccept
1785428767209,false,1785428767249,FastAccept
1785428767261,true,1785428767302,FastAccept
1785428767315,false,1785428767356,FastAccept
1785428767370,true,1785428767411,FastAccept
1785428767426,false,1785428767466,FastAccept
1785428767484,false,1785428767524,FastAccept
1785428767544,false,1785428767584,FastAccept
1785428767605,true,1785428767645,FastAccept
1785428767668,true,1785428767708,FastAccept
1785428767733,true,1785428767773,FastAccept
1785428767800,true,1785428767841,FastAccept
1785428767870,true,1785428767911,FastAccept
1785428767942,true,1785428767982,FastAccept
1785428768016,true,1785428768056,FastAccept
1785428768093,false,1785428768133,FastAccept
1785428768173,false,1785428768213,FastAccept
1785428768256,false,1785428768297,FastAccept
1785428768343,false,1785428768383,FastAccept
1785428768434,false,1785428768474,FastAccept
1785428768529,true,1785428768569,FastAccept
1785428768628,true,1785428768668,FastAccept
1785428768732,false,1785428768773,FastAccept
1785428768842,false,1785428768883,FastAccept
1785428768958,true,1785428768999,FastAccept
1785428769081,true,1785428769122,FastAccept
1785428769212,false,1785428769253,FastAccept
1785428769351,true,1785428769391,FastAccept
1785428769500,false,1785428769541,FastAccept
1785428769660,true,1785428769701,FastAccept
1785428769834,false,1785428769874,FastAccept
1785428770023,false,1785428770064,FastAccept
1785428770231,true,1785428770272,FastAccept
1785428770462,true,1785428770503,FastAccept
1785428770721,false,1785428770762,FastAccept
1785428771016,true,1785428771057,FastAccept
1785428771357,false,1785428771398,FastAccept
1785428771761,true,1785428771802,FastAccept
1785428772255,false,1785428772296,FastAccept
1785428772887,true,1785428772928,FastAccept
1785428773753,true,1785428773794,FastAccept
1785428775089,true,1785428775129,FastAccept
1785428775225,true,1785428775265,FastAccept
1785428775255,false,1785428775296,FastAccept
1785428775286,false,1785428775327,FastAccept
1785428775317,false,1785428775357,FastAccept
1785428775347,false,,
1785428775379,false,,
1785428775411,true,,
1785428775444,false,,
1785428775477,true,,
1785428775511,true,,
1785428775546,false,,
1785428775582,false,,
1785428775618,true,,
1785428775655,false,,
1785428775692,true,,
1785428775729,false,,
1785428775767,false,,
1785428775806,true,,
1785428775846,false,,
1785428775886,true,,
1785428775928,false,,
1785428775970,true,,
1785428776013,true,,
1785428776057,true,1785428776096,FastAccept
1785428776102,false,1785428776144,LeaderAccept
1785428776148,false,1785428776189,LeaderAccept
1785428776195,true,1785428776238,LeaderAccept
1785428776243,false,1785428776285,LeaderAccept
1785428776292,false,1785428776335,LeaderAccept
1785428776342,true,1785428776385,LeaderAccept
1785428776394,false,1785428776437,LeaderAccept
1785428776447,false,1785428776490,LeaderAccept
1785428776502,false,1785428776545,LeaderAccept
1785428776558,true,1785428776601,LeaderAccept
1785428776616,true,1785428776658,LeaderAccept
1785428776676,true,1785428776719,LeaderAccept
1785428776737,true,1785428776780,LeaderAccept
1785428776800,true,1785428776843,LeaderAccept
1785428776865,true,1785428776908,LeaderAccept
1785428776932,false,1785428776976,LeaderAccept
1785428777001,true,1785428777044,LeaderAccept
1785428777072,true,1785428777115,LeaderAccept
1785428777146,false,1785428777189,LeaderAccept
1785428777223,false,1785428777267,LeaderAccept
1785428777303,true,1785428777347,LeaderAccept
1785428777386,false,1785428777430,LeaderAccept
1785428777472,true,1785428777514,LeaderAccept
1785428777562,false,1785428777605,LeaderAccept
1785428777656,true,1785428777699,LeaderAccept
1785428777754,true,1785428777797,LeaderAccept
1785428777858,false,1785428777901,LeaderAccept
1785428777967,true,1785428778008,FastAccept
1785428778082,false,,
1785428778204,false,1785428778245,FastAccept
1785428778333,false,1785428778374,FastAccept
1785428778471,true,,
1785428778619,true,1785428778665,FastAccept
1785428778777,true,,
1785428778948,true,,
1785428779134,false,1785428779182,FastAccept
1785428779339,true,1785428779381,LeaderAccept
1785428779566,false,1785428779609,LeaderAccept
1785428779819,true,1785428779863,LeaderAccept
1785428780106,true,1785428780149,LeaderAccept
1785428780439,false,1785428780481,LeaderAccept
1785428780831,true,1785428780874,LeaderAccept
1785428781307,true,1785428781350,LeaderAccept
1785428781912,true,1785428781959,FastAccept
1785428782729,false,,
1785428783957,false,1785428783998,FastAccept
1785428786228,true,1785428786268,FastAccept
1785428791710,false,1785428791750,FastAccept
1785428791750,false,1785428791790,FastAccept
1785428791792,true,1785428791832,FastAccept
1785428791834,true,1785428791875,FastAccept
1785428791877,true,1785428791918,FastAccept
1785428791921,true,1785428791961,FastAccept
1785428791966,true,1785428792006,FastAccept
1785428792012,false,1785428792052,FastAccept
1785428792059,true,1785428792099,FastAccept
1785428792107,true,1785428792147,FastAccept
1785428792156,false,1785428792197,FastAccept
1785428792207,false,1785428792248,FastAccept
1785428792259,true,1785428792299,FastAccept
1785428792312,true,1785428792353,FastAccept
1785428792367,true,1785428792407,FastAccept
1785428792423,false,1785428792463,FastAccept
1785428792480,false,1785428792521,FastAccept
1785428792540,false,1785428792580,FastAccept
1785428792601,true,1785428792641,FastAccept
1785428792663,false,1785428792703,FastAccept
1785428792727,false,1785428792768,FastAccept
1785428792794,false,1785428792834,FastAccept
1785428792863,true,1785428792904,FastAccept
1785428792934,false,1785428792975,FastAccept
1785428793008,false,1785428793049,FastAccept
1785428793084,true,1785428793124,FastAccept
1785428793163,false,1785428793204,FastAccept
1785428793246,true,1785428793287,FastAccept
1785428793333,false,1785428793373,FastAccept
1785428793423,false,1785428793464,FastAccept
1785428793517,false,1785428793558,FastAccept
1785428793615,false,1785428793656,FastAccept
1785428793719,true,1785428793760,FastAccept
1785428793828,true,1785428793869,FastAccept
1785428793943,false,1785428793984,FastAccept
1785428794065,false,1785428794105,FastAccept
1785428794194,true,1785428794235,FastAccept
1785428794332,false,1785428794373,FastAccept
1785428794480,false,1785428794521,FastAccept
1785428794638,true,1785428794678,FastAccept
1785428794809,true,1785428794849,FastAccept
1785428794995,false,1785428795036,FastAccept
1785428795199,true,1785428795240,FastAccept
1785428795425,true,1785428795465,FastAccept
1785428795678,false,1785428795718,FastAccept
1785428795965,true,1785428796005,FastAccept
1785428796296,true,1785428796336,FastAccept
1785428796687,true,1785428796742,SlowAccept
1785428797162,true,1785428797215,SlowAccept
1785428797764,false,1785428797805,FastAccept
1785428798578,true,1785428798618,FastAccept
1785428799799,false,,
1785428802047,false,,
1785428808959,false,1785428809000,LeaderAccept
1785428833464,false,,
1785428833486,true,1785428833525,FastAccept
1785428833508,true,1785428833548,FastAccept
1785428833530,true,1785428833570,FastAccept
1785428833553,false,1785428833593,FastAccept
1785428833576,true,1785428833615,FastAccept
1785428833599,false,,
1785428833622,true,1785428833661,FastAccept
1785428833645,false,,
1785428833669,true,1785428833709,FastAccept
1785428833693,false,1785428833733,FastAccept
1785428833717,true,1785428833757,FastAccept
1785428833741,true,1785428833799,SlowAccept
1785428833766,false,1785428833806,FastAccept
1785428833792,true,1785428833831,FastAccept
1785428833817,true,1785428833857,FastAccept
1785428833842,false,1785428833882,FastAccept
1785428833868,false,1785428833907,FastAccept
1785428833894,true,1785428833934,FastAccept
1785428833920,true,1785428833960,FastAccept
1785428833947,true,,
1785428833975,true,,
1785428834002,true,1785428834042,FastAccept
1785428834030,false,1785428834070,FastAccept
1785428834058,true,1785428834098,FastAccept
1785428834087,false,,
1785428834116,false,1785428834156,FastAccept
1785428834145,false,1785428834185,FastAccept
1785428834175,false,1785428834214,FastAccept
1785428834205,false,1785428834272,SlowAccept
1785428834236,true,1785428834276,FastAccept
1785428834268,false,1785428834308,FastAccept
1785428834300,false,1785428834340,FastAccept
1785428834332,false,1785428834372,FastAccept
1785428834365,false,1785428834404,FastAccept
1785428834398,false,1785428834438,FastAccept
1785428834432,false,1785428834472,FastAccept
1785428834467,false,1785428834506,FastAccept
1785428834502,true,1785428834541,FastAccept
1785428834538,false,1785428834577,FastAccept
1785428834574,true,1785428834613,FastAccept
1785428834611,true,1785428834650,FastAccept
1785428834648,false,,
1785428834687,false,1785428834726,FastAccept
1785428834726,true,1785428834765,FastAccept
1785428834766,false,1785428834805,FastAccept
1785428834806,false,,
1785428834847,false,1785428834914,SlowAccept
1785428834889,true,1785428834929,FastAccept
1785428834932,true,1785428834971,FastAccept
1785428834974,true,,
1785428835019,false,1785428835058,FastAccept
1785428835064,true,1785428835103,FastAccept
1785428835110,true,1785428835150,FastAccept
1785428835158,true,1785428835197,FastAccept
1785428835207,false,1785428835247,FastAccept
1785428835257,true,1785428835297,FastAccept
1785428835308,false,1785428835347,FastAccept
1785428835360,true,1785428835399,FastAccept
1785428835413,false,1785428835452,FastAccept
1785428835467,false,1785428835507,FastAccept
1785428835524,false,1785428835564,FastAccept
1785428835583,false,1785428835623,FastAccept
1785428835643,true,1785428835683,FastAccept
1785428835705,false,1785428835745,FastAccept
1785428835769,true,1785428835809,FastAccept
1785428835835,true,1785428835874,FastAccept
1785428835902,false,,
1785428835973,true,1785428836013,FastAccept
1785428836046,false,1785428836085,FastAccept
1785428836121,true,1785428836161,FastAccept
1785428836199,true,,
1785428836281,false,1785428836321,FastAccept
1785428836365,true,1785428836405,FastAccept
1785428836453,true,1785428836493,FastAccept
1785428836545,false,,
1785428836641,false,1785428836681,FastAccept
1785428836742,true,1785428836782,FastAccept
1785428836848,true,1785428836888,FastAccept
1785428836960,true,1785428837000,FastAccept
1785428837078,true,1785428837118,FastAccept
1785428837204,false,1785428837244,FastAccept
1785428837338,false,1785428837379,FastAccept
1785428837481,true,1785428837521,FastAccept
1785428837635,true,1785428837675,FastAccept
1785428837801,true,1785428837841,FastAccept
1785428837980,false,1785428838020,FastAccept
1785428838177,true,,
1785428838394,true,1785428838434,FastAccept
1785428838636,true,1785428838676,FastAccept
1785428838909,false,1785428838949,FastAccept
1785428839221,true,1785428839261,FastAccept
1785428839586,false,1785428839626,FastAccept
1785428840022,false,1785428840061,FastAccept
1785428840565,true,1785428840604,FastAccept
1785428841277,false,1785428841317,FastAccept
1785428842293,true,,
1785428843982,true,1785428844022,FastAccept
1785428844765,true,1785428844804,FastAccept
1785428844780,false,1785428844820,FastAccept
1785428844795,false,1785428844834,FastAccept
1785428844810,false,1785428844849,FastAccept
1785428844825,true,1785428844865,FastAccept
1785428844840,true,1785428844879,FastAccept
1785428844855,false,1785428844895,FastAccept
1785428844871,false,1785428844910,FastAccept
1785428844887,true,1785428844926,FastAccept
1785428844903,false,1785428844942,FastAccept
1785428844918,true,1785428844958,FastAccept
1785428844935,true,1785428844975,FastAccept
1785428844952,true,1785428844991,FastAccept
1785428844968,false,1785428845008,FastAccept
1785428844985,true,1785428845024,FastAccept
1785428845001,false,1785428845041,FastAccept
1785428845018,false,1785428845058,FastAccept
1785428845035,false,1785428845075,FastAccept
1785428845052,false,1785428845091,FastAccept
1785428845069,true,1785428845108,FastAccept
1785428845087,true,1785428845126,FastAccept
1785428845104,false,1785428845143,FastAccept
1785428845122,false,1785428845162,FastAccept
1785428845141,false,1785428845180,FastAccept
1785428845159,false,1785428845198,FastAccept
1785428845177,true,1785428845216,FastAccept
1785428845195,false,1785428845234,FastAccept
1785428845213,false,1785428845252,FastAccept
1785428845231,false,1785428845271,FastAccept
1785428845250,true,,
1785428845269,false,1785428845308,FastAccept
1785428845288,true,1785428845327,FastAccept
1785428845307,false,1785428845346,FastAccept
1785428845325,false,1785428845365,FastAccept
1785428845345,false,,
1785428845364,false,1785428845403,FastAccept
1785428845384,true,1785428845423,FastAccept
1785428845403,false,1785428845443,FastAccept
1785428845424,true,1785428845464,FastAccept
1785428845445,true,,
1785428845466,true,1785428845506,FastAccept
1785428845487,false,1785428845526,FastAccept
1785428845508,false,1785428845548,FastAccept
1785428845529,true,1785428845569,FastAccept
1785428845551,true,,
1785428845573,false,1785428845612,FastAccept
1785428845595,false,1785428845635,FastAccept
1785428845618,false,1785428845657,FastAccept
1785428845640,true,1785428845680,FastAccept
1785428845663,false,,
1785428845686,false,1785428845726,FastAccept
1785428845709,false,1785428845749,FastAccept
1785428845733,false,1785428845772,FastAccept
1785428845756,false,1785428845796,FastAccept
1785428845780,true,,
1785428845804,true,1785428845844,FastAccept
1785428845828,true,1785428845868,FastAccept
1785428845853,true,1785428845892,FastAccept
1785428845878,true,1785428845918,FastAccept
1785428845904,false,,
1785428845929,true,1785428845969,FastAccept
1785428845955,true,1785428845995,FastAccept
1785428845982,true,1785428846022,FastAccept
1785428846009,false,1785428846049,FastAccept
1785428846036,true,,
1785428846064,true,1785428846103,FastAccept
1785428846092,true,1785428846131,FastAccept
1785428846120,true,1785428846160,FastAccept
1785428846148,true,1785428846187,FastAccept
1785428846177,false,1785428846243,SlowAccept
1785428846206,true,1785428846245,FastAccept
1785428846235,false,1785428846275,FastAccept
1785428846265,false,1785428846305,FastAccept
1785428846295,true,1785428846334,FastAccept
1785428846326,true,1785428846366,FastAccept
1785428846358,false,1785428846397,FastAccept
1785428846389,false,1785428846428,FastAccept
1785428846420,true,1785428846460,FastAccept
1785428846453,false,1785428846492,FastAccept
1785428846486,false,1785428846525,FastAccept
1785428846520,true,1785428846560,FastAccept
1785428846555,false,1785428846594,FastAccept
1785428846590,false,1785428846630,FastAccept
1785428846626,false,1785428846665,FastAccept
1785428846662,false,1785428846702,FastAccept
1785428846699,true,1785428846738,FastAccept
1785428846736,true,1785428846776,FastAccept
1785428846775,false,1785428846815,FastAccept
1785428846814,false,1785428846854,FastAccept
1785428846854,false,1785428846893,FastAccept
1785428846894,true,1785428846934,FastAccept
1785428846936,false,1785428846975,FastAccept
1785428846978,true,1785428847019,FastAccept
1785428847021,false,1785428847061,FastAccept
1785428847065,false,1785428847104,FastAccept
1785428847110,false,,
1785428847156,false,1785428847196,FastAccept
1785428847203,true,1785428847243,FastAccept
1785428847251,true,1785428847290,FastAccept
1785428847300,true,1785428847339,FastAccept
1785428847350,false,,
1785428847401,true,1785428847441,FastAccept
1785428847454,false,1785428847493,FastAccept
1785428847508,false,1785428847548,FastAccept
1785428847564,false,1785428847604,FastAccept
1785428847621,false,,
1785428847680,true,1785428847719,FastAccept
1785428847740,true,1785428847779,FastAccept
1785428847802,true,1785428847841,FastAccept
1785428847865,false,1785428847905,FastAccept
1785428847932,true,,
1785428848001,true,1785428848041,FastAccept
1785428848072,false,1785428848111,FastAccept
1785428848146,true,1785428848186,FastAccept
1785428848222,false,1785428848262,FastAccept
1785428848301,false,,
1785428848383,false,1785428848422,FastAccept
1785428848468,true,1785428848508,FastAccept
1785428848557,true,1785428848597,FastAccept
1785428848650,false,1785428848690,FastAccept
1785428848748,false,1785428848788,FastAccept
1785428848851,true,1785428848890,FastAccept
1785428848958,true,1785428848997,FastAccept
1785428849071,false,1785428849111,FastAccept
1785428849191,false,1785428849231,FastAccept
1785428849318,false,1785428849358,FastAccept
1785428849454,true,,
1785428849599,true,1785428849662,SlowAccept
1785428849755,false,1785428849795,FastAccept
1785428849924,true,,
1785428850108,false,1785428850154,FastAccept
1785428850309,false,1785428850348,FastAccept
1785428850531,false,,
1785428850779,true,1785428850818,FastAccept
1785428851058,true,,
1785428851381,false,1785428851421,FastAccept
1785428851760,false,1785428851800,FastAccept
1785428852218,true,1785428852257,FastAccept
1785428852793,true,1785428852833,FastAccept
1785428853559,true,1785428853599,FastAccept
1785428854682,false,1785428854722,FastAccept
1785428856651,false,1785428856691,FastAccept
1785428861916,false,1785428861956,FastAccept
