Jul 28 13:19:13.008 INFO === Fast Path Statistics ===
Total Append Attempts:  730
Fast Path Attempts:     0 (Utilization: 0.00%)
  ├─ Successes:         0 (Total Rate: 0.00%, Path Success: N/A)
  └─ Errors:            0 (Total Rate: 0.00%, Path Error: N/A)
Jul 28 13:19:13.008 INFO Append performance over last minute - Count: 216, Avg Time: 9847 ns
Jul 28 13:19:13.008 INFO Current latencies: {2: Some(0.014202950000000002), 3: Some(0.0098384), 4: Some(0.0100799), 1: Some(0.014368200000000001)}
Jul 28 13:20:13.007 INFO === Fast Path Statistics ===
Total Append Attempts:  1308
Fast Path Attempts:     0 (Utilization: 0.00%)
  ├─ Successes:         0 (Total Rate: 0.00%, Path Success: N/A)
  └─ Errors:            0 (Total Rate: 0.00%, Path Error: N/A)
Jul 28 13:20:13.007 INFO Append performance over last minute - Count: 236, Avg Time: 10113 ns
Jul 28 13:20:13.007 INFO Current latencies: {1: Some(0.01439665), 2: Some(0.014236900000000002), 3: Some(0.0099803), 4: Some(0.01013705)}
Jul 28 13:21:13.007 INFO === Fast Path Statistics ===
Total Append Attempts:  530
Fast Path Attempts:     0 (Utilization: 0.00%)
  ├─ Successes:         0 (Total Rate: 0.00%, Path Success: N/A)
  └─ Errors:            0 (Total Rate: 0.00%, Path Error: N/A)
Jul 28 13:21:13.007 INFO Append performance over last minute - Count: 141, Avg Time: 10058 ns
Jul 28 13:21:13.008 INFO Current latencies: {2: Some(0.014224249999999999), 4: Some(0.0102448), 1: Some(0.01437225), 3: Some(0.010010500000000002)}
Jul 28 13:22:13.007 INFO === Fast Path Statistics ===
Total Append Attempts:  1066
Fast Path Attempts:     0 (Utilization: 0.00%)
  ├─ Successes:         0 (Total Rate: 0.00%, Path Success: N/A)
  └─ Errors:            0 (Total Rate: 0.00%, Path Error: N/A)
Jul 28 13:22:13.007 INFO Append performance over last minute - Count: 422, Avg Time: 11992 ns
Jul 28 13:22:13.007 INFO Current latencies: {3: Some(0.009941750000000001), 4: Some(0.01014185), 2: Some(0.014215349999999998), 1: Some(0.014338100000000001)}
Jul 28 13:23:13.007 INFO === Fast Path Statistics ===
Total Append Attempts:  635
Fast Path Attempts:     0 (Utilization: 0.00%)
  ├─ Successes:         0 (Total Rate: 0.00%, Path Success: N/A)
  └─ Errors:            0 (Total Rate: 0.00%, Path Error: N/A)
Jul 28 13:23:13.007 INFO Append performance over last minute - Count: 321, Avg Time: 10238 ns
Jul 28 13:23:13.007 INFO Current latencies: {2: Some(0.0142272), 3: Some(0.0098968), 4: Some(0.01016495), 1: Some(0.01438535)}
Jul 28 13:24:13.008 INFO === Fast Path Statistics ===
Total Append Attempts:  537
Fast Path Attempts:     0 (Utilization: 0.00%)
  ├─ Successes:         0 (Total Rate: 0.00%, Path Success: N/A)
  └─ Errors:            0 (Total Rate: 0.00%, Path Error: N/A)
Jul 28 13:24:13.008 INFO Append performance over last minute - Count: 107, Avg Time: 11977 ns
Jul 28 13:24:13.008 INFO Current latencies: {2: Some(0.013046199999999999), 3: Some(0.0099475), 1: Some(0.014511050000000001), 4: Some(0.01014905)}
Jul 28 13:25:13.008 INFO === Fast Path Statistics ===
Total Append Attempts:  885
Fast Path Attempts:     0 (Utilization: 0.00%)
  ├─ Successes:         0 (Total Rate: 0.00%, Path Success: N/A)
  └─ Errors:            0 (Total Rate: 0.00%, Path Error: N/A)
Jul 28 13:25:13.008 INFO Append performance over last minute - Count: 153, Avg Time: 11446 ns
Jul 28 13:25:13.008 INFO Current latencies: {3: Some(0.010127300000000002), 4: Some(0.010309299999999999), 2: Some(0.013075999999999999), 1: Some(0.01454705)}
Jul 28 13:26:13.007 INFO === Fast Path Statistics ===
Total Append Attempts:  790
Fast Path Attempts:     0 (Utilization: 0.00%)
  ├─ Successes:         0 (Total Rate: 0.00%, Path Success: N/A)
  └─ Errors:            0 (Total Rate: 0.00%, Path Error: N/A)
Jul 28 13:26:13.007 INFO Append performance over last minute - Count: 87, Avg Time: 11226 ns
Jul 28 13:26:13.007 INFO Current latencies: {4: Some(0.0102129), 2: Some(0.013059700000000002), 3: Some(0.0099965), 1: Some(0.014493700000000002)}
Jul 28 13:27:13.007 INFO === Fast Path Statistics ===
Total Append Attempts:  832
Fast Path Attempts:     0 (Utilization: 0.00%)
  ├─ Successes:         0 (Total Rate: 0.00%, Path Success: N/A)
  └─ Errors:            0 (Total Rate: 0.00%, Path Error: N/A)
Jul 28 13:27:13.008 INFO Append performance over last minute - Count: 304, Avg Time: 11319 ns
Jul 28 13:27:13.008 INFO Current latencies: {1: Some(0.014420000000000002), 3: Some(0.00996825), 4: Some(0.010087099999999998), 2: Some(0.01298365)}
Jul 28 13:28:13.007 INFO === Fast Path Statistics ===
Total Append Attempts:  521
Fast Path Attempts:     0 (Utilization: 0.00%)
  ├─ Successes:         0 (Total Rate: 0.00%, Path Success: N/A)
  └─ Errors:            0 (Total Rate: 0.00%, Path Error: N/A)
Jul 28 13:28:13.007 INFO Append performance over last minute - Count: 87, Avg Time: 9609 ns
Jul 28 13:28:13.007 INFO Current latencies: {4: Some(0.01012355), 1: Some(0.014508300000000002), 2: Some(0.012997900000000001), 3: Some(0.009953199999999999)}
Jul 28 13:29:13.007 INFO === Fast Path Statistics ===
Total Append Attempts:  1052
Fast Path Attempts:     0 (Utilization: 0.00%)
  ├─ Successes:         0 (Total Rate: 0.00%, Path Success: N/A)
  └─ Errors:            0 (Total Rate: 0.00%, Path Error: N/A)
Jul 28 13:29:13.007 INFO Append performance over last minute - Count: 241, Avg Time: 11412 ns
Jul 28 13:29:13.007 INFO Current latencies: {1: Some(0.014485149999999999), 4: Some(0.01015715), 2: Some(0.013044), 3: Some(0.0098813)}
Jul 28 13:30:13.007 INFO === Fast Path Statistics ===
Total Append Attempts:  802
Fast Path Attempts:     0 (Utilization: 0.00%)
  ├─ Successes:         0 (Total Rate: 0.00%, Path Success: N/A)
  └─ Errors:            0 (Total Rate: 0.00%, Path Error: N/A)
Jul 28 13:30:13.007 INFO Append performance over last minute - Count: 81, Avg Time: 11074 ns
Jul 28 13:30:13.007 INFO Current latencies: {4: Some(0.0102278), 1: Some(0.014522450000000001), 3: Some(0.009999150000000002), 2: Some(0.013068550000000002)}
Jul 28 13:31:13.008 INFO === Fast Path Statistics ===
Total Append Attempts:  783
Fast Path Attempts:     0 (Utilization: 0.00%)
  ├─ Successes:         0 (Total Rate: 0.00%, Path Success: N/A)
  └─ Errors:            0 (Total Rate: 0.00%, Path Error: N/A)
Jul 28 13:31:13.008 INFO Append performance over last minute - Count: 227, Avg Time: 10225 ns
Jul 28 13:31:13.008 INFO Current latencies: {4: Some(0.0101454), 3: Some(0.009892650000000001), 2: Some(0.013029149999999998), 1: Some(0.014434349999999999)}
