request_time,write,response_time,accept_status
1785422713574,true,1785422713919,FastAccept
1785422714115,true,1785422714401,FastAccept
1785422714823,false,,
1785422715830,false,1785422716123,LeaderAccept
1785422717497,true,,
1785422721333,true,1785422721625,LeaderAccept
1785422721710,true,1785422722002,LeaderAccept
1785422721746,true,1785422722039,LeaderAccept
1785422721784,true,1785422722076,LeaderAccept
1785422721821,false,1785422722114,LeaderAccept
1785422721861,true,1785422722153,LeaderAccept
1785422721901,true,1785422722193,LeaderAccept
1785422721940,true,1785422722232,LeaderAccept
1785422721982,true,1785422722274,LeaderAccept
1785422722024,true,1785422722316,LeaderAccept
1785422722066,true,1785422722359,LeaderAccept
1785422722109,true,1785422722401,LeaderAccept
1785422722153,true,1785422722446,LeaderAccept
1785422722199,true,1785422722491,LeaderAccept
1785422722245,true,1785422722538,LeaderAccept
1785422722292,false,1785422722585,LeaderAccept
1785422722341,false,1785422722632,LeaderAccept
1785422722390,true,1785422722682,LeaderAccept
1785422722441,true,1785422722734,LeaderAccept
1785422722493,true,1785422722786,LeaderAccept
1785422722546,true,1785422722838,LeaderAccept
1785422722601,false,1785422722893,LeaderAccept
1785422722658,false,1785422722950,LeaderAccept
1785422722717,true,1785422723009,LeaderAccept
1785422722776,false,1785422723069,LeaderAccept
1785422722838,true,1785422723130,LeaderAccept
1785422722902,false,1785422723194,LeaderAccept
1785422722968,true,1785422723261,LeaderAccept
1785422723036,false,1785422723328,LeaderAccept
1785422723105,true,1785422723398,LeaderAccept
1785422723177,true,1785422723469,LeaderAccept
1785422723253,true,1785422723545,LeaderAccept
1785422723331,true,1785422723623,LeaderAccept
1785422723411,true,1785422723704,LeaderAccept
1785422723496,true,1785422723789,LeaderAccept
1785422723584,true,1785422723877,LeaderAccept
1785422723675,true,1785422723968,LeaderAccept
1785422723771,true,1785422724063,LeaderAccept
1785422723870,false,1785422724163,LeaderAccept
1785422723975,false,1785422724268,LeaderAccept
1785422724086,false,1785422724379,LeaderAccept
1785422724203,true,1785422724495,LeaderAccept
1785422724327,true,1785422724620,LeaderAccept
1785422724460,false,1785422724752,LeaderAccept
1785422724600,false,1785422724892,LeaderAccept
1785422724752,true,1785422725044,LeaderAccept
1785422724914,true,1785422725208,LeaderAccept
1785422725091,false,1785422725384,LeaderAccept
1785422725285,false,1785422725577,LeaderAccept
1785422725498,false,1785422725790,LeaderAccept
1785422725734,true,,
1785422726000,true,,
1785422726304,false,,
1785422726657,false,,
1785422727078,true,,
1785422727598,true,,
1785422728270,false,1785422728562,LeaderAccept
1785422729212,false,1785422729504,LeaderAccept
1785422730719,false,1785422731012,LeaderAccept
1785422733918,true,1785422734211,LeaderAccept
1785422749755,false,1785422750048,LeaderAccept
1785422778226,false,1785422778500,FastAccept
1785422778242,false,1785422778516,FastAccept
1785422778260,false,1785422778534,FastAccept
1785422778278,false,1785422778552,FastAccept
1785422778295,false,1785422778696,FastAccept
1785422778314,true,1785422778745,FastAccept
1785422778332,false,1785422778745,FastAccept
1785422778349,true,1785422778745,FastAccept
1785422778368,true,1785422778745,FastAccept
1785422778386,false,1785422778745,FastAccept
1785422778404,false,1785422778745,FastAccept
1785422778423,false,1785422778758,FastAccept
1785422778441,true,1785422778758,FastAccept
1785422778461,false,1785422778758,FastAccept
1785422778479,false,1785422778758,FastAccept
1785422778499,false,1785422778772,FastAccept
1785422778518,true,1785422778792,FastAccept
1785422778539,false,1785422778813,FastAccept
1785422778558,false,1785422778832,FastAccept
1785422778579,false,1785422778852,FastAccept
1785422778598,true,1785422778872,FastAccept
1785422778619,true,1785422778893,FastAccept
1785422778639,false,1785422778913,FastAccept
1785422778661,false,1785422779003,FastAccept
1785422778681,false,1785422779003,FastAccept
1785422778703,true,1785422779003,FastAccept
1785422778724,true,1785422779003,FastAccept
1785422778746,false,1785422779020,FastAccept
1785422778767,false,1785422779042,FastAccept
1785422778790,true,1785422779064,FastAccept
1785422778813,true,1785422779086,FastAccept
1785422778835,false,1785422779109,FastAccept
1785422778859,true,1785422779133,FastAccept
1785422778881,true,1785422779156,FastAccept
1785422778904,false,1785422779178,FastAccept
1785422778928,false,1785422779203,FastAccept
1785422778953,true,1785422779227,FastAccept
1785422778977,true,1785422779251,FastAccept
1785422779001,true,1785422779276,FastAccept
1785422779027,true,1785422779301,FastAccept
1785422779051,true,1785422779325,FastAccept
1785422779076,true,1785422779350,FastAccept
1785422779101,false,1785422779376,FastAccept
1785422779127,false,1785422779402,FastAccept
1785422779154,false,1785422779428,FastAccept
1785422779181,false,1785422779454,FastAccept
1785422779207,false,1785422779481,FastAccept
1785422779235,false,1785422779509,FastAccept
1785422779262,false,1785422779536,FastAccept
1785422779290,false,1785422779564,FastAccept
1785422779318,true,1785422779592,FastAccept
1785422779346,true,1785422779621,FastAccept
1785422779375,false,1785422779649,FastAccept
1785422779405,true,1785422779679,FastAccept
1785422779434,true,1785422779709,FastAccept
1785422779464,true,1785422779739,FastAccept
1785422779496,false,1785422779769,FastAccept
1785422779527,true,1785422779801,FastAccept
1785422779558,false,1785422779832,FastAccept
1785422779590,false,1785422779864,FastAccept
1785422779622,false,1785422779896,FastAccept
1785422779655,true,1785422779929,FastAccept
1785422779688,true,1785422779963,FastAccept
1785422779722,false,1785422779997,FastAccept
1785422779757,true,1785422780031,FastAccept
1785422779793,false,1785422780067,FastAccept
1785422779829,true,1785422780104,FastAccept
1785422779865,false,1785422780140,FastAccept
1785422779903,true,1785422780177,FastAccept
1785422779940,true,1785422780215,FastAccept
1785422779979,false,1785422780253,FastAccept
1785422780019,true,1785422780293,FastAccept
1785422780058,false,1785422780333,FastAccept
1785422780099,false,1785422780373,FastAccept
1785422780142,false,1785422780416,FastAccept
1785422780185,true,1785422780458,FastAccept
1785422780229,false,1785422780503,FastAccept
1785422780273,false,1785422780548,FastAccept
1785422780319,false,1785422780593,FastAccept
1785422780365,true,1785422780640,FastAccept
1785422780413,true,1785422780687,FastAccept
1785422780461,true,1785422780735,FastAccept
1785422780511,false,1785422780785,FastAccept
1785422780562,true,1785422780836,FastAccept
1785422780615,true,1785422780889,FastAccept
1785422780669,true,1785422780943,FastAccept
1785422780723,true,1785422780997,FastAccept
1785422780780,true,1785422781053,FastAccept
1785422780838,true,1785422781112,FastAccept
1785422780898,true,1785422781172,FastAccept
1785422780960,false,1785422781234,FastAccept
1785422781024,false,,
1785422781090,false,,
1785422781157,true,,
1785422781227,true,,
1785422781299,false,,
1785422781375,true,,
1785422781452,true,,
1785422781533,true,,
1785422781618,false,,
1785422781706,true,,
1785422781797,false,1785422782088,LeaderAccept
1785422781893,false,1785422782184,LeaderAccept
1785422781993,true,1785422782285,LeaderAccept
1785422782100,false,1785422782391,LeaderAccept
1785422782211,false,1785422782502,LeaderAccept
1785422782328,false,1785422782620,LeaderAccept
1785422782454,false,1785422782745,LeaderAccept
1785422782587,true,1785422782878,LeaderAccept
1785422782728,true,1785422783020,LeaderAccept
1785422782881,true,1785422783172,LeaderAccept
1785422783044,true,1785422783335,LeaderAccept
1785422783222,true,1785422783514,LeaderAccept
1785422783415,true,1785422783708,LeaderAccept
1785422783630,false,1785422783921,LeaderAccept
1785422783867,true,1785422784159,LeaderAccept
1785422784135,false,1785422784426,LeaderAccept
1785422784440,false,,
1785422784797,true,,
1785422785222,false,,
1785422785748,false,,
1785422786430,false,,
1785422787390,false,,
1785422788940,false,1785422789211,FastAccept
1785422792305,false,,
1785422798806,false,1785422799097,LeaderAccept
1785422798836,true,1785422799127,LeaderAccept
1785422798868,false,1785422799158,LeaderAccept
1785422798899,true,1785422799190,LeaderAccept
1785422798932,true,1785422799223,LeaderAccept
1785422798964,true,1785422799255,LeaderAccept
1785422798998,false,1785422799289,LeaderAccept
1785422799031,true,1785422799322,LeaderAccept
1785422799066,true,1785422799357,LeaderAccept
1785422799101,true,1785422799392,LeaderAccept
1785422799136,true,1785422799428,LeaderAccept
1785422799173,false,1785422799464,LeaderAccept
1785422799209,false,1785422799500,LeaderAccept
1785422799246,false,1785422799537,LeaderAccept
1785422799283,false,1785422799574,LeaderAccept
1785422799321,true,1785422799612,LeaderAccept
1785422799361,true,1785422799651,LeaderAccept
1785422799400,false,1785422799691,LeaderAccept
1785422799441,true,1785422799732,LeaderAccept
1785422799482,false,1785422799773,LeaderAccept
1785422799524,true,1785422799815,LeaderAccept
1785422799567,false,1785422799857,LeaderAccept
1785422799611,true,1785422799902,LeaderAccept
1785422799656,false,1785422799948,LeaderAccept
1785422799702,true,1785422799993,LeaderAccept
1785422799750,false,1785422800041,LeaderAccept
1785422799799,true,1785422800090,LeaderAccept
1785422799849,false,1785422800140,LeaderAccept
1785422799900,true,1785422800191,LeaderAccept
1785422799952,true,1785422800244,LeaderAccept
1785422800005,true,1785422800296,LeaderAccept
1785422800061,true,1785422800352,LeaderAccept
1785422800117,true,1785422800408,LeaderAccept
1785422800175,false,1785422800467,LeaderAccept
1785422800235,false,1785422800527,LeaderAccept
1785422800296,false,1785422800587,LeaderAccept
1785422800359,false,1785422800650,LeaderAccept
1785422800425,false,1785422800716,LeaderAccept
1785422800492,false,1785422800784,LeaderAccept
1785422800562,false,1785422800853,LeaderAccept
1785422800635,true,1785422800925,LeaderAccept
1785422800710,true,1785422801001,LeaderAccept
1785422800788,false,1785422801079,LeaderAccept
1785422800868,false,1785422801160,LeaderAccept
1785422800953,false,1785422801244,LeaderAccept
1785422801040,false,1785422801331,LeaderAccept
1785422801132,true,1785422801422,LeaderAccept
1785422801225,true,1785422801516,LeaderAccept
1785422801263,true,1785422801554,LeaderAccept
1785422801302,true,1785422801593,LeaderAccept
1785422801343,false,1785422801635,LeaderAccept
1785422801383,false,1785422801676,LeaderAccept
1785422801425,false,1785422801718,LeaderAccept
1785422801467,false,1785422801760,LeaderAccept
1785422801510,false,1785422801803,LeaderAccept
1785422801554,true,1785422801846,LeaderAccept
1785422801600,true,1785422801893,LeaderAccept
1785422801646,true,1785422801938,LeaderAccept
1785422801693,false,1785422801986,LeaderAccept
1785422801742,true,1785422802034,LeaderAccept
1785422801791,true,1785422802084,LeaderAccept
1785422801842,true,1785422802135,LeaderAccept
1785422801894,true,1785422802186,LeaderAccept
1785422801948,true,1785422802240,LeaderAccept
1785422802002,true,1785422802295,LeaderAccept
1785422802059,true,1785422802350,LeaderAccept
1785422802117,true,1785422802409,LeaderAccept
1785422802176,true,1785422802469,LeaderAccept
1785422802238,true,1785422802530,LeaderAccept
1785422802302,false,1785422802594,LeaderAccept
1785422802368,true,1785422802660,LeaderAccept
1785422802436,true,1785422802728,LeaderAccept
1785422802506,false,1785422802798,LeaderAccept
1785422802579,false,1785422802872,LeaderAccept
1785422802653,false,1785422802946,LeaderAccept
1785422802730,false,1785422803023,LeaderAccept
1785422802811,false,1785422803103,LeaderAccept
1785422802895,false,1785422803187,LeaderAccept
1785422802982,false,1785422803275,LeaderAccept
1785422803073,false,1785422803365,LeaderAccept
1785422803169,false,1785422803461,LeaderAccept
1785422803268,true,,
1785422803373,true,,
1785422803484,false,,
1785422803600,true,,
1785422803724,true,,
1785422803856,true,,
1785422803996,true,1785422804270,FastAccept
1785422804146,true,1785422804421,FastAccept
1785422804309,false,,
1785422804484,false,,
1785422804676,true,,
1785422804886,false,1785422805161,FastAccept
1785422805120,true,1785422805551,SlowAccept
1785422805384,true,1785422805658,FastAccept
1785422805684,false,1785422805958,FastAccept
1785422806033,true,,
1785422806448,false,1785422806719,FastAccept
1785422806958,false,,
1785422807615,false,,
1785422808528,true,,
1785422809570,false,,
1785422809586,false,,
1785422809601,true,,
1785422809616,false,,
1785422809633,false,,
1785422809649,false,1785422810053,LeaderAccept
1785422809666,true,1785422810053,LeaderAccept
1785422809682,false,1785422810053,LeaderAccept
1785422809699,false,1785422810053,LeaderAccept
1785422809715,false,1785422810053,LeaderAccept
1785422809731,false,1785422810053,LeaderAccept
1785422809748,false,1785422810053,LeaderAccept
1785422809766,false,1785422810056,LeaderAccept
1785422809783,true,1785422810075,LeaderAccept
1785422809800,false,1785422810092,LeaderAccept
1785422809818,false,1785422810109,LeaderAccept
1785422809835,true,1785422810127,LeaderAccept
1785422809854,true,1785422810145,LeaderAccept
1785422809871,true,1785422810162,LeaderAccept
1785422809890,false,1785422810181,LeaderAccept
1785422809908,false,1785422810200,LeaderAccept
1785422809927,false,1785422810219,LeaderAccept
1785422809945,true,1785422810236,LeaderAccept
1785422809965,true,1785422810256,LeaderAccept
1785422809983,false,1785422810276,LeaderAccept
1785422810003,true,1785422810294,LeaderAccept
1785422810022,true,1785422810314,LeaderAccept
1785422810041,true,1785422810332,LeaderAccept
1785422810061,false,1785422810352,LeaderAccept
1785422810080,true,1785422810371,LeaderAccept
1785422810099,false,1785422810390,LeaderAccept
1785422810119,false,1785422810411,LeaderAccept
1785422810140,false,1785422810431,LeaderAccept
1785422810160,true,1785422810451,LeaderAccept
1785422810181,false,1785422810472,LeaderAccept
1785422810201,true,1785422810492,LeaderAccept
1785422810222,true,1785422810513,LeaderAccept
1785422810244,false,1785422810534,LeaderAccept
1785422810265,true,1785422810556,LeaderAccept
1785422810287,true,1785422810578,LeaderAccept
1785422810309,false,1785422810600,LeaderAccept
1785422810330,true,1785422810621,LeaderAccept
1785422810353,true,1785422810643,LeaderAccept
1785422810375,true,1785422810667,LeaderAccept
1785422810398,true,1785422810689,LeaderAccept
1785422810422,false,1785422810713,LeaderAccept
1785422810446,false,1785422810737,LeaderAccept
1785422810470,false,1785422810761,LeaderAccept
1785422810494,true,1785422810785,LeaderAccept
1785422810518,true,1785422810808,LeaderAccept
1785422810543,false,1785422810833,LeaderAccept
1785422810567,false,1785422810858,LeaderAccept
1785422810593,true,1785422810884,LeaderAccept
1785422810617,true,1785422810909,LeaderAccept
1785422810642,false,1785422810933,LeaderAccept
1785422810669,false,1785422810960,LeaderAccept
1785422810696,true,1785422810986,LeaderAccept
1785422810723,true,1785422811014,LeaderAccept
1785422810749,true,1785422811041,LeaderAccept
1785422810777,false,1785422811068,LeaderAccept
1785422810804,false,1785422811095,LeaderAccept
1785422810832,true,1785422811124,LeaderAccept
1785422810859,true,1785422811150,LeaderAccept
1785422810887,false,1785422811179,LeaderAccept
1785422810916,false,1785422811208,LeaderAccept
1785422810946,true,1785422811236,LeaderAccept
1785422810976,false,1785422811266,LeaderAccept
1785422811006,false,1785422811297,LeaderAccept
1785422811036,true,1785422811327,LeaderAccept
1785422811067,false,1785422811359,LeaderAccept
1785422811099,false,1785422811390,LeaderAccept
1785422811131,true,1785422811422,LeaderAccept
1785422811164,true,1785422811454,LeaderAccept
1785422811197,true,1785422811488,LeaderAccept
1785422811231,false,1785422811522,LeaderAccept
1785422811266,false,1785422811556,LeaderAccept
1785422811300,false,1785422811592,LeaderAccept
1785422811336,true,1785422811627,LeaderAccept
1785422811371,true,1785422811662,LeaderAccept
1785422811408,false,1785422811699,LeaderAccept
1785422811446,false,1785422811737,LeaderAccept
1785422811484,true,1785422811775,LeaderAccept
1785422811522,false,1785422811813,LeaderAccept
1785422811561,false,1785422811853,LeaderAccept
1785422811601,true,1785422811892,LeaderAccept
1785422811642,false,1785422811933,LeaderAccept
1785422811684,false,1785422811975,LeaderAccept
1785422811727,true,1785422812019,LeaderAccept
1785422811770,false,1785422812061,LeaderAccept
1785422811815,false,1785422812106,LeaderAccept
1785422811860,true,1785422812152,LeaderAccept
1785422811906,false,1785422812198,LeaderAccept
1785422811954,false,1785422812244,LeaderAccept
1785422812003,true,1785422812294,LeaderAccept
1785422812052,true,1785422812345,LeaderAccept
1785422812104,false,1785422812395,LeaderAccept
1785422812156,true,1785422812448,LeaderAccept
1785422812210,true,1785422812501,LeaderAccept
1785422812264,false,1785422812555,LeaderAccept
1785422812320,true,1785422812612,LeaderAccept
1785422812378,true,1785422812670,LeaderAccept
1785422812437,false,1785422812729,LeaderAccept
1785422812498,false,1785422812790,LeaderAccept
1785422812561,true,1785422812852,LeaderAccept
1785422812627,false,1785422812919,LeaderAccept
1785422812694,true,1785422812987,LeaderAccept
1785422812764,true,1785422813055,LeaderAccept
1785422812837,false,1785422813128,LeaderAccept
1785422812912,false,1785422813206,LeaderAccept
1785422812989,false,1785422813280,LeaderAccept
1785422813070,true,1785422813361,LeaderAccept
1785422813154,true,1785422813445,LeaderAccept
1785422813241,true,1785422813533,LeaderAccept
1785422813333,false,,
1785422813429,true,,
1785422813529,false,,
1785422813633,false,1785422813904,FastAccept
1785422813744,false,1785422814015,FastAccept
1785422813860,false,,
1785422813984,false,1785422814255,FastAccept
1785422814117,false,1785422814387,FastAccept
1785422814258,true,,
1785422814408,true,1785422814679,FastAccept
1785422814570,false,1785422814840,FastAccept
1785422814746,false,1785422815017,FastAccept
1785422814939,false,1785422815209,FastAccept
1785422815150,true,1785422815421,FastAccept
1785422815385,true,1785422815655,FastAccept
1785422815648,false,1785422815919,FastAccept
1785422815950,false,1785422816220,FastAccept
1785422816300,false,1785422816570,FastAccept
1785422816716,true,,
1785422817229,true,1785422817520,LeaderAccept
1785422817891,false,1785422818182,LeaderAccept
1785422818813,false,1785422819105,LeaderAccept
1785422820064,false,,
1785422820079,false,,
1785422820094,false,,
1785422820110,true,1785422820540,SlowAccept
1785422820125,false,1785422820540,FastAccept
1785422820141,false,1785422820540,FastAccept
1785422820156,false,1785422820540,FastAccept
1785422820172,false,1785422820540,FastAccept
1785422820187,true,1785422820540,FastAccept
1785422820202,false,1785422820541,FastAccept
1785422820219,false,1785422820650,SlowAccept
1785422820234,false,1785422820650,FastAccept
1785422820251,false,1785422820650,FastAccept
1785422820266,false,1785422820650,FastAccept
1785422820283,true,1785422820650,FastAccept
1785422820299,false,1785422820650,FastAccept
1785422820316,false,1785422820650,FastAccept
1785422820333,false,1785422820764,SlowAccept
1785422820349,true,1785422820764,FastAccept
1785422820367,true,1785422820764,FastAccept
1785422820384,false,1785422820764,FastAccept
1785422820402,true,1785422820764,FastAccept
1785422820419,false,1785422820764,FastAccept
1785422820437,false,1785422820867,SlowAccept
1785422820454,false,1785422820867,FastAccept
1785422820473,false,1785422820867,FastAccept
1785422820490,false,1785422820867,FastAccept
1785422820508,false,1785422820867,FastAccept
1785422820527,false,1785422820867,FastAccept
1785422820546,true,1785422820867,FastAccept
1785422820564,false,1785422820994,SlowAccept
1785422820583,true,1785422821014,SlowAccept
1785422820601,false,,
1785422820621,true,,
1785422820639,true,,
1785422820659,false,,
1785422820678,false,,
1785422820699,false,,
1785422820718,false,,
1785422820738,false,,
1785422820758,true,,
1785422820778,true,,
1785422820800,false,,
1785422820820,true,,
1785422820842,false,,
1785422820863,true,,
1785422820885,false,,
1785422820906,true,,
1785422820929,false,,
1785422820951,false,,
1785422820974,true,,
1785422820997,true,,
1785422821019,true,1785422821310,LeaderAccept
1785422821043,false,1785422821334,LeaderAccept
1785422821066,false,1785422821357,LeaderAccept
1785422821090,true,1785422821380,LeaderAccept
1785422821114,true,1785422821404,LeaderAccept
1785422821138,false,1785422821429,LeaderAccept
1785422821163,false,1785422821453,LeaderAccept
1785422821187,true,1785422821478,LeaderAccept
1785422821213,false,1785422821504,LeaderAccept
1785422821238,true,1785422821534,LeaderAccept
1785422821265,false,1785422821556,LeaderAccept
1785422821290,false,1785422821581,LeaderAccept
1785422821316,false,1785422821607,LeaderAccept
1785422821342,true,1785422821633,LeaderAccept
1785422821369,false,1785422821660,LeaderAccept
1785422821396,false,1785422821688,LeaderAccept
1785422821425,false,1785422821716,LeaderAccept
1785422821452,true,1785422821743,LeaderAccept
1785422821480,true,1785422821771,LeaderAccept
1785422821509,false,1785422821800,LeaderAccept
1785422821538,false,1785422821828,LeaderAccept
1785422821567,true,1785422821859,LeaderAccept
1785422821597,false,1785422821888,LeaderAccept
1785422821629,false,1785422821919,LeaderAccept
1785422821659,false,1785422821950,LeaderAccept
1785422821690,false,1785422821980,LeaderAccept
1785422821722,false,1785422822013,LeaderAccept
1785422821755,true,1785422822046,LeaderAccept
1785422821788,true,1785422822079,LeaderAccept
1785422821822,true,1785422822113,LeaderAccept
1785422821856,false,1785422822147,LeaderAccept
1785422821891,false,1785422822182,LeaderAccept
1785422821927,false,1785422822218,LeaderAccept
1785422821962,true,1785422822253,LeaderAccept
1785422821999,true,1785422822291,LeaderAccept
1785422822036,false,1785422822328,LeaderAccept
1785422822075,true,1785422822366,LeaderAccept
1785422822113,true,1785422822404,LeaderAccept
1785422822152,true,1785422822443,LeaderAccept
1785422822191,true,1785422822482,LeaderAccept
1785422822232,true,1785422822523,LeaderAccept
1785422822274,false,1785422822565,LeaderAccept
1785422822317,false,1785422822608,LeaderAccept
1785422822361,false,1785422822652,LeaderAccept
1785422822405,false,1785422822695,LeaderAccept
1785422822450,true,1785422822741,LeaderAccept
1785422822496,true,1785422822788,LeaderAccept
1785422822543,false,1785422822834,LeaderAccept
1785422822591,false,1785422822882,LeaderAccept
1785422822641,false,1785422822932,LeaderAccept
1785422822691,true,1785422822983,LeaderAccept
1785422822743,true,1785422823034,LeaderAccept
1785422822796,false,1785422823087,LeaderAccept
1785422822850,true,1785422823142,LeaderAccept
1785422822906,true,1785422823197,LeaderAccept
1785422822963,false,1785422823254,LeaderAccept
1785422823022,true,1785422823313,LeaderAccept
1785422823084,true,1785422823376,LeaderAccept
1785422823147,false,1785422823438,LeaderAccept
1785422823212,false,1785422823502,LeaderAccept
1785422823279,false,1785422823570,LeaderAccept
1785422823349,true,1785422823640,LeaderAccept
1785422823420,false,1785422823711,LeaderAccept
1785422823495,true,1785422823787,LeaderAccept
1785422823572,true,1785422823863,LeaderAccept
1785422823652,true,1785422823943,LeaderAccept
1785422823735,true,1785422824027,LeaderAccept
1785422823822,false,1785422824113,LeaderAccept
1785422823912,false,1785422824204,LeaderAccept
1785422824007,true,1785422824299,LeaderAccept
1785422824105,true,1785422824396,LeaderAccept
1785422824209,false,1785422824501,LeaderAccept
1785422824319,false,1785422824611,LeaderAccept
1785422824435,true,1785422824726,LeaderAccept
1785422824557,true,1785422824849,LeaderAccept
1785422824687,true,1785422824979,LeaderAccept
1785422824827,true,1785422825118,LeaderAccept
1785422824976,false,1785422825267,LeaderAccept
1785422825136,true,1785422825428,LeaderAccept
1785422825309,false,1785422825601,LeaderAccept
1785422825499,false,1785422825791,LeaderAccept
1785422825707,true,,
1785422825936,false,,
1785422826194,false,,
1785422826487,false,,
1785422826827,false,1785422827097,FastAccept
1785422827229,true,1785422827660,SlowAccept
1785422827719,false,1785422828034,FastAccept
1785422828347,false,,
1785422829204,true,1785422829475,FastAccept
1785422830520,false,1785422830791,FastAccept
1785422833060,true,1785422833331,FastAccept
1785422842101,false,1785422842316,SlowAccept
1785422856058,true,1785422856117,FastAccept
1785422856092,true,1785422856150,FastAccept
1785422856127,true,1785422856185,FastAccept
1785422856163,true,1785422856222,FastAccept
1785422856199,true,1785422856257,FastAccept
1785422856236,true,1785422856295,FastAccept
1785422856273,true,1785422856332,FastAccept
1785422856311,true,1785422856370,FastAccept
1785422856349,false,1785422856408,FastAccept
1785422856388,true,1785422856447,FastAccept
1785422856429,false,1785422856488,FastAccept
1785422856469,false,,
1785422856512,false,1785422856571,FastAccept
1785422856554,false,1785422856613,FastAccept
1785422856598,false,1785422856657,FastAccept
1785422856643,false,1785422856701,FastAccept
1785422856688,false,1785422856747,FastAccept
1785422856736,true,1785422856794,FastAccept
1785422856783,true,1785422856842,FastAccept
1785422856832,true,1785422856892,FastAccept
1785422856882,false,1785422856941,FastAccept
1785422856933,false,1785422856991,FastAccept
1785422856985,false,,
1785422857038,true,1785422857097,FastAccept
1785422857093,false,1785422857151,FastAccept
1785422857149,false,1785422857208,FastAccept
1785422857207,false,1785422857266,FastAccept
1785422857267,false,1785422857325,FastAccept
1785422857329,false,1785422857387,FastAccept
1785422857392,true,1785422857451,FastAccept
1785422857458,true,1785422857516,FastAccept
1785422857526,false,1785422857584,FastAccept
1785422857595,true,1785422857654,FastAccept
1785422857667,false,1785422857726,FastAccept
1785422857743,true,1785422857803,FastAccept
1785422857822,true,1785422857881,FastAccept
1785422857904,true,1785422857963,FastAccept
1785422857988,false,1785422858046,FastAccept
1785422858076,false,1785422858134,FastAccept
1785422858167,true,1785422858226,FastAccept
1785422858264,true,1785422858322,FastAccept
1785422858365,true,1785422858423,FastAccept
1785422858471,false,1785422858529,FastAccept
1785422858582,false,1785422858641,FastAccept
1785422858700,false,1785422858759,FastAccept
1785422858824,false,1785422858883,FastAccept
1785422858957,true,1785422859016,FastAccept
1785422859100,false,1785422859158,FastAccept
1785422859252,true,1785422859310,FastAccept
1785422859417,true,1785422859475,FastAccept
1785422859596,false,1785422859655,FastAccept
1785422859790,false,1785422859849,FastAccept
1785422860004,false,1785422860063,FastAccept
1785422860243,false,1785422860303,FastAccept
1785422860512,true,1785422860660,FastAccept
1785422860820,true,1785422860878,FastAccept
1785422861178,true,1785422861237,FastAccept
1785422861607,false,1785422861665,FastAccept
1785422862136,false,1785422862194,FastAccept
1785422862827,false,1785422862886,FastAccept
1785422863802,false,1785422863857,FastAccept
1785422865388,true,1785422865444,FastAccept
1785422867385,false,1785422867443,FastAccept
1785422867401,true,1785422867460,FastAccept
1785422867419,false,1785422867477,FastAccept
1785422867435,false,1785422867494,FastAccept
1785422867453,false,1785422867511,FastAccept
1785422867470,true,1785422867529,FastAccept
1785422867488,false,1785422867546,FastAccept
1785422867505,true,1785422867563,FastAccept
1785422867523,false,1785422867581,FastAccept
1785422867540,false,1785422867598,FastAccept
1785422867559,false,1785422867618,FastAccept
1785422867577,true,1785422867635,FastAccept
1785422867594,false,1785422867653,FastAccept
1785422867613,false,1785422867671,FastAccept
1785422867631,false,1785422867690,FastAccept
1785422867649,true,1785422867707,FastAccept
1785422867668,false,1785422867726,FastAccept
1785422867687,true,1785422867745,FastAccept
1785422867706,true,1785422867764,FastAccept
1785422867726,false,1785422867784,FastAccept
1785422867745,false,1785422867804,FastAccept
1785422867766,true,1785422867824,FastAccept
1785422867786,false,1785422867844,FastAccept
1785422867806,false,1785422867864,FastAccept
1785422867826,false,1785422867884,FastAccept
1785422867846,false,1785422867904,FastAccept
1785422867866,false,1785422867926,FastAccept
1785422867888,false,1785422867947,FastAccept
1785422867909,false,1785422867968,FastAccept
1785422867930,true,1785422867989,FastAccept
1785422867952,false,1785422868010,FastAccept
1785422867974,false,1785422868032,FastAccept
1785422867995,false,1785422868053,FastAccept
1785422868017,true,1785422868076,FastAccept
1785422868041,true,1785422868098,FastAccept
1785422868064,true,1785422868122,FastAccept
1785422868086,true,1785422868145,FastAccept
1785422868110,true,1785422868168,FastAccept
1785422868133,true,1785422868192,FastAccept
1785422868157,true,1785422868216,FastAccept
1785422868181,true,1785422868240,FastAccept
1785422868205,true,1785422868264,FastAccept
1785422868230,false,1785422868289,FastAccept
1785422868255,true,1785422868314,FastAccept
1785422868280,false,1785422868339,FastAccept
1785422868305,true,1785422868363,FastAccept
1785422868332,true,1785422868390,FastAccept
1785422868358,false,1785422868417,FastAccept
1785422868384,false,1785422868443,FastAccept
1785422868411,true,1785422868469,FastAccept
1785422868437,false,1785422868496,FastAccept
1785422868464,false,1785422868523,FastAccept
1785422868491,true,1785422868549,FastAccept
1785422868520,false,1785422868578,FastAccept
1785422868549,false,1785422868607,FastAccept
1785422868578,false,1785422868636,FastAccept
1785422868607,true,1785422868666,FastAccept
1785422868637,true,1785422868696,FastAccept
1785422868667,true,1785422868726,FastAccept
1785422868698,true,1785422868757,FastAccept
1785422868729,false,1785422868788,FastAccept
1785422868761,true,1785422868819,FastAccept
1785422868794,true,1785422868852,FastAccept
1785422868827,true,1785422868885,FastAccept
1785422868860,false,1785422868919,FastAccept
1785422868894,false,1785422868952,FastAccept
1785422868927,true,1785422868986,FastAccept
1785422868962,false,1785422869020,FastAccept
1785422868997,true,1785422869056,FastAccept
1785422869033,false,1785422869092,FastAccept
1785422869070,false,1785422869129,FastAccept
1785422869107,false,1785422869166,FastAccept
1785422869146,false,1785422869204,FastAccept
1785422869185,true,1785422869243,FastAccept
1785422869224,true,1785422869282,FastAccept
1785422869263,false,1785422869322,FastAccept
1785422869305,true,1785422869363,FastAccept
1785422869347,true,1785422869406,FastAccept
1785422869390,false,1785422869449,FastAccept
1785422869433,false,1785422869492,FastAccept
1785422869477,true,1785422869536,FastAccept
1785422869522,false,1785422869581,FastAccept
1785422869569,true,1785422869627,FastAccept
1785422869615,false,1785422869674,FastAccept
1785422869664,false,1785422869722,FastAccept
1785422869714,true,1785422869772,FastAccept
1785422869765,true,1785422869823,FastAccept
1785422869816,true,1785422869874,FastAccept
1785422869870,true,1785422869929,FastAccept
1785422869925,false,1785422869984,FastAccept
1785422869982,true,1785422870040,FastAccept
1785422870040,false,1785422870098,FastAccept
1785422870100,false,1785422870158,FastAccept
1785422870160,true,1785422870219,FastAccept
1785422870224,true,,
1785422870289,false,,
1785422870357,false,,
1785422870427,true,,
1785422870498,false,,
1785422870573,true,,
1785422870650,false,1785422870728,LeaderAccept
1785422870730,false,1785422870807,LeaderAccept
1785422870813,false,1785422870891,LeaderAccept
1785422870900,false,1785422870978,LeaderAccept
1785422870991,false,1785422871068,LeaderAccept
1785422871086,true,1785422871164,LeaderAccept
1785422871187,false,1785422871265,LeaderAccept
1785422871292,true,1785422871369,LeaderAccept
1785422871401,false,1785422871478,LeaderAccept
1785422871517,false,1785422871595,LeaderAccept
1785422871640,true,1785422871717,LeaderAccept
1785422871770,false,1785422871848,LeaderAccept
1785422871910,true,1785422871987,LeaderAccept
1785422872060,false,1785422872136,LeaderAccept
1785422872222,true,1785422872299,LeaderAccept
1785422872396,true,1785422872473,LeaderAccept
1785422872588,true,1785422872665,LeaderAccept
1785422872798,true,1785422872875,LeaderAccept
1785422873030,true,1785422873108,LeaderAccept
1785422873291,true,1785422873369,LeaderAccept
1785422873589,false,1785422873647,FastAccept
1785422873934,false,1785422873992,FastAccept
1785422874344,false,1785422874529,FastAccept
1785422874846,false,1785422875062,SlowAccept
1785422875492,false,1785422875709,SlowAccept
1785422876384,true,1785422876443,FastAccept
1785422877775,false,1785422877834,FastAccept
1785422880566,true,1785422880644,LeaderAccept
1785422891821,true,1785422891880,FastAccept
1785422896410,true,1785422896469,FastAccept
1785422896427,false,1785422896485,FastAccept
1785422896442,false,1785422896500,FastAccept
1785422896459,false,1785422896517,FastAccept
1785422896474,false,1785422896532,FastAccept
1785422896490,true,1785422896549,FastAccept
1785422896507,false,1785422896565,FastAccept
1785422896523,false,1785422896582,FastAccept
1785422896540,false,1785422896598,FastAccept
1785422896557,false,1785422896615,FastAccept
1785422896573,true,1785422896631,FastAccept
1785422896591,false,1785422896648,FastAccept
1785422896609,false,1785422896667,FastAccept
1785422896627,true,1785422896685,FastAccept
1785422896645,false,1785422896703,FastAccept
1785422896663,true,1785422896721,FastAccept
1785422896680,true,1785422896738,FastAccept
1785422896699,true,1785422896757,FastAccept
1785422896716,true,1785422896774,FastAccept
1785422896735,true,1785422896794,FastAccept
1785422896753,true,1785422896811,FastAccept
1785422896771,false,1785422896830,FastAccept
1785422896790,false,1785422896848,FastAccept
1785422896809,true,1785422896867,FastAccept
1785422896827,false,1785422896886,FastAccept
1785422896846,true,1785422896905,FastAccept
1785422896865,true,1785422896924,FastAccept
1785422896884,false,1785422896943,FastAccept
1785422896904,true,1785422896962,FastAccept
1785422896923,false,1785422896982,FastAccept
1785422896944,true,1785422897002,FastAccept
1785422896965,true,1785422897023,FastAccept
1785422896986,false,1785422897044,FastAccept
1785422897006,false,1785422897065,FastAccept
1785422897027,true,1785422897086,FastAccept
1785422897049,false,1785422897107,FastAccept
1785422897070,true,1785422897128,FastAccept
1785422897092,true,1785422897151,FastAccept
1785422897113,true,1785422897172,FastAccept
1785422897136,false,1785422897194,FastAccept
1785422897157,true,1785422897216,FastAccept
1785422897179,true,1785422897238,FastAccept
1785422897203,true,1785422897261,FastAccept
1785422897225,true,1785422897284,FastAccept
1785422897248,false,1785422897307,FastAccept
1785422897272,false,1785422897331,FastAccept
1785422897295,true,1785422897354,FastAccept
1785422897319,false,1785422897378,FastAccept
1785422897343,false,1785422897402,FastAccept
1785422897367,false,1785422897426,FastAccept
1785422897392,false,1785422897451,FastAccept
1785422897416,true,1785422897475,FastAccept
1785422897441,true,1785422897500,FastAccept
1785422897467,false,1785422897525,FastAccept
1785422897492,true,1785422897551,FastAccept
1785422897518,false,1785422897576,FastAccept
1785422897545,false,1785422897603,FastAccept
1785422897571,false,1785422897630,FastAccept
1785422897599,true,1785422897657,FastAccept
1785422897626,false,1785422897685,FastAccept
1785422897654,true,1785422897713,FastAccept
1785422897682,false,1785422897741,FastAccept
1785422897710,false,1785422897769,FastAccept
1785422897739,false,1785422897798,FastAccept
1785422897769,false,1785422897828,FastAccept
1785422897798,true,1785422897857,FastAccept
1785422897829,false,1785422897888,FastAccept
1785422897860,true,1785422897919,FastAccept
1785422897891,false,1785422897950,FastAccept
1785422897923,false,1785422897982,FastAccept
1785422897956,true,1785422898015,FastAccept
1785422897988,false,1785422898046,FastAccept
1785422898021,true,1785422898080,FastAccept
1785422898055,true,1785422898113,FastAccept
1785422898090,false,1785422898149,FastAccept
1785422898125,true,1785422898183,FastAccept
1785422898161,false,1785422898220,FastAccept
1785422898198,false,1785422898256,FastAccept
1785422898235,true,1785422898294,FastAccept
1785422898273,true,1785422898331,FastAccept
1785422898312,true,1785422898370,FastAccept
1785422898351,true,1785422898410,FastAccept
1785422898390,false,1785422898449,FastAccept
1785422898430,true,1785422898489,FastAccept
1785422898472,false,1785422898530,FastAccept
1785422898513,false,1785422898572,FastAccept
1785422898557,true,1785422898615,FastAccept
1785422898600,false,1785422898658,FastAccept
1785422898644,false,1785422898703,FastAccept
1785422898689,false,1785422898748,FastAccept
1785422898737,true,1785422898796,FastAccept
1785422898785,true,1785422898843,FastAccept
1785422898833,true,1785422898892,FastAccept
1785422898884,true,1785422898943,FastAccept
1785422898935,true,1785422898993,FastAccept
1785422898987,true,1785422899045,FastAccept
1785422899042,false,1785422899101,FastAccept
1785422899097,false,1785422899156,FastAccept
1785422899154,true,1785422899212,FastAccept
1785422899212,true,,
1785422899273,true,,
1785422899335,false,,
1785422899399,false,,
1785422899465,true,,
1785422899534,false,,
1785422899604,true,1785422899820,SlowAccept
1785422899677,true,,
1785422899753,true,,
1785422899832,true,,
1785422899914,true,1785422899991,LeaderAccept
1785422899999,false,1785422900076,LeaderAccept
1785422900088,true,1785422900165,LeaderAccept
1785422900181,false,1785422900258,LeaderAccept
1785422900278,true,1785422900356,LeaderAccept
1785422900380,true,1785422900457,LeaderAccept
1785422900488,false,1785422900565,LeaderAccept
1785422900601,true,1785422900679,LeaderAccept
1785422900720,true,1785422900797,LeaderAccept
1785422900848,true,1785422900925,LeaderAccept
1785422900983,true,1785422901059,LeaderAccept
1785422901127,false,1785422901204,LeaderAccept
1785422901281,false,1785422901358,LeaderAccept
1785422901448,false,1785422901525,LeaderAccept
1785422901631,true,1785422901708,LeaderAccept
1785422901830,true,1785422901888,FastAccept
1785422902049,true,,
1785422902295,true,1785422902372,LeaderAccept
1785422902571,false,1785422902648,LeaderAccept
1785422902889,false,1785422902966,LeaderAccept
1785422903262,true,1785422903339,LeaderAccept
1785422903711,true,1785422903788,LeaderAccept
1785422904272,true,1785422904349,LeaderAccept
1785422905014,true,1785422905073,FastAccept
1785422906088,true,1785422906165,LeaderAccept
1785422907927,true,1785422907986,FastAccept
1785422912533,true,1785422912592,FastAccept
1785422934274,false,1785422934352,LeaderAccept
1785422934292,true,1785422934369,LeaderAccept
1785422934309,false,1785422934386,LeaderAccept
1785422934327,false,1785422934404,LeaderAccept
1785422934344,true,1785422934421,LeaderAccept
1785422934362,false,1785422934438,LeaderAccept
1785422934381,false,1785422934458,LeaderAccept
1785422934400,false,1785422934477,LeaderAccept
1785422934419,false,1785422934496,LeaderAccept
1785422934437,false,1785422934514,LeaderAccept
1785422934456,false,1785422934533,LeaderAccept
1785422934474,true,1785422934551,LeaderAccept
1785422934493,true,1785422934571,LeaderAccept
1785422934513,true,1785422934590,LeaderAccept
1785422934533,false,1785422934610,LeaderAccept
1785422934553,true,1785422934629,LeaderAccept
1785422934573,false,1785422934649,LeaderAccept
1785422934593,false,1785422934670,LeaderAccept
1785422934614,true,1785422934691,LeaderAccept
1785422934634,true,1785422934711,LeaderAccept
1785422934655,false,1785422934732,LeaderAccept
1785422934676,false,1785422934753,LeaderAccept
1785422934698,false,1785422934775,LeaderAccept
1785422934720,false,1785422934796,LeaderAccept
1785422934741,false,1785422934818,LeaderAccept
1785422934764,true,1785422934840,LeaderAccept
1785422934786,true,1785422934862,LeaderAccept
1785422934809,false,1785422934886,LeaderAccept
1785422934832,false,1785422934908,LeaderAccept
1785422934855,true,1785422934931,LeaderAccept
1785422934877,false,1785422934955,LeaderAccept
1785422934900,false,1785422934977,LeaderAccept
1785422934923,false,1785422935000,LeaderAccept
1785422934948,true,1785422935024,LeaderAccept
1785422934972,false,1785422935048,LeaderAccept
1785422934996,false,1785422935072,LeaderAccept
1785422935020,true,1785422935097,LeaderAccept
1785422935046,false,1785422935122,LeaderAccept
1785422935071,true,1785422935148,LeaderAccept
1785422935097,true,1785422935173,LeaderAccept
1785422935122,true,1785422935199,LeaderAccept
1785422935148,true,1785422935224,LeaderAccept
1785422935175,true,1785422935252,LeaderAccept
1785422935202,false,1785422935278,LeaderAccept
1785422935228,false,1785422935305,LeaderAccept
1785422935255,false,1785422935332,LeaderAccept
1785422935284,false,1785422935360,LeaderAccept
1785422935311,false,1785422935388,LeaderAccept
1785422935339,true,1785422935416,LeaderAccept
1785422935368,true,1785422935445,LeaderAccept
1785422935398,false,1785422935474,LeaderAccept
1785422935427,true,1785422935504,LeaderAccept
1785422935458,true,1785422935535,LeaderAccept
1785422935488,true,1785422935566,LeaderAccept
1785422935519,false,1785422935597,LeaderAccept
1785422935551,true,1785422935628,LeaderAccept
1785422935584,false,1785422935661,LeaderAccept
1785422935616,true,1785422935693,LeaderAccept
1785422935649,true,1785422935726,LeaderAccept
1785422935684,false,1785422935761,LeaderAccept
1785422935719,true,1785422935796,LeaderAccept
1785422935753,true,1785422935831,LeaderAccept
1785422935788,false,1785422935864,LeaderAccept
1785422935825,true,1785422935902,LeaderAccept
1785422935861,true,1785422935938,LeaderAccept
1785422935899,true,1785422935977,LeaderAccept
1785422935936,true,1785422936013,LeaderAccept
1785422935974,true,1785422936051,LeaderAccept
1785422936013,true,1785422936090,LeaderAccept
1785422936053,false,1785422936130,LeaderAccept
1785422936095,false,1785422936172,LeaderAccept
1785422936136,false,1785422936212,LeaderAccept
1785422936178,false,1785422936255,LeaderAccept
1785422936222,true,1785422936298,LeaderAccept
1785422936266,true,1785422936343,LeaderAccept
1785422936311,false,1785422936387,LeaderAccept
1785422936357,true,1785422936434,LeaderAccept
1785422936404,false,1785422936481,LeaderAccept
1785422936452,true,1785422936529,LeaderAccept
1785422936501,false,1785422936579,LeaderAccept
1785422936552,false,1785422936629,LeaderAccept
1785422936605,true,1785422936682,LeaderAccept
1785422936658,true,1785422936736,LeaderAccept
1785422936713,false,1785422936791,LeaderAccept
1785422936770,true,1785422936847,LeaderAccept
1785422936827,true,1785422936904,LeaderAccept
1785422936886,true,1785422936963,LeaderAccept
1785422936947,false,1785422937024,LeaderAccept
1785422937011,true,1785422937088,LeaderAccept
1785422937076,false,1785422937153,LeaderAccept
1785422937143,true,1785422937220,LeaderAccept
1785422937212,false,1785422937290,LeaderAccept
1785422937285,true,1785422937362,LeaderAccept
1785422937359,false,1785422937435,LeaderAccept
1785422937437,false,1785422937514,LeaderAccept
1785422937516,true,1785422937593,LeaderAccept
1785422937599,true,1785422937677,LeaderAccept
1785422937687,false,1785422937764,LeaderAccept
1785422937778,true,1785422937855,LeaderAccept
1785422937872,false,,
1785422937972,false,1785422938030,FastAccept
1785422938077,true,1785422938135,FastAccept
1785422938187,true,1785422938245,FastAccept
1785422938302,true,1785422938361,FastAccept
1785422938426,true,,
1785422938556,true,1785422938614,FastAccept
1785422938696,false,1785422938754,FastAccept
1785422938845,true,1785422939061,SlowAccept
1785422939007,false,,
1785422939181,true,,
1785422939372,false,1785422939449,LeaderAccept
1785422939581,true,1785422939659,LeaderAccept
1785422939813,false,1785422939891,LeaderAccept
1785422940073,false,1785422940150,LeaderAccept
1785422940369,false,1785422940446,LeaderAccept
1785422940714,false,1785422940791,LeaderAccept
1785422941123,true,1785422941199,LeaderAccept
1785422941624,false,1785422941701,LeaderAccept
1785422942267,true,1785422942482,SlowAccept
1785422943153,true,1785422943211,FastAccept
1785422944532,false,1785422944590,FastAccept
1785422947279,true,,
1785422958126,false,1785422958184,FastAccept
1785422960174,true,1785422960232,FastAccept
1785422960190,false,1785422960248,FastAccept
1785422960204,true,1785422960263,FastAccept
1785422960220,false,1785422960279,FastAccept
1785422960235,false,1785422960294,FastAccept
1785422960251,true,1785422960309,FastAccept
1785422960267,false,1785422960325,FastAccept
1785422960283,false,1785422960341,FastAccept
1785422960298,false,1785422960357,FastAccept
1785422960315,true,1785422960373,FastAccept
1785422960330,false,1785422960389,FastAccept
1785422960346,true,1785422960404,FastAccept
1785422960363,false,1785422960421,FastAccept
1785422960379,false,1785422960438,FastAccept
1785422960395,true,1785422960454,FastAccept
1785422960412,false,1785422960470,FastAccept
1785422960428,true,1785422960487,FastAccept
1785422960446,true,1785422960504,FastAccept
1785422960463,true,1785422960522,FastAccept
1785422960481,false,1785422960540,FastAccept
1785422960498,true,1785422960557,FastAccept
1785422960516,true,1785422960575,FastAccept
1785422960533,false,1785422960592,FastAccept
1785422960551,true,1785422960609,FastAccept
1785422960568,true,1785422960627,FastAccept
1785422960587,true,1785422960646,FastAccept
1785422960605,true,1785422960663,FastAccept
1785422960623,true,1785422960682,FastAccept
1785422960641,true,1785422960699,FastAccept
1785422960660,false,1785422960718,FastAccept
1785422960679,true,1785422960737,FastAccept
1785422960698,true,1785422960757,FastAccept
1785422960718,true,1785422960776,FastAccept
1785422960736,false,1785422960795,FastAccept
1785422960756,true,1785422960815,FastAccept
1785422960775,false,1785422960834,FastAccept
1785422960794,false,1785422960852,FastAccept
1785422960814,true,1785422960873,FastAccept
1785422960835,true,1785422960894,FastAccept
1785422960856,true,1785422960915,FastAccept
1785422960877,false,1785422960936,FastAccept
1785422960897,true,1785422960956,FastAccept
1785422960918,true,1785422960977,FastAccept
1785422960939,true,1785422960998,FastAccept
1785422960960,true,1785422961019,FastAccept
1785422960981,true,1785422961040,FastAccept
1785422961003,false,1785422961062,FastAccept
1785422961024,true,1785422961083,FastAccept
1785422961047,false,1785422961105,FastAccept
1785422961069,false,1785422961128,FastAccept
1785422961091,false,1785422961150,FastAccept
1785422961114,true,1785422961173,FastAccept
1785422961136,true,1785422961194,FastAccept
1785422961159,true,1785422961218,FastAccept
1785422961182,true,1785422961241,FastAccept
1785422961206,true,1785422961265,FastAccept
1785422961231,true,1785422961289,FastAccept
1785422961255,false,1785422961314,FastAccept
1785422961280,true,1785422961339,FastAccept
1785422961306,false,1785422961364,FastAccept
1785422961331,false,1785422961390,FastAccept
1785422961356,true,1785422961415,FastAccept
1785422961383,true,1785422961441,FastAccept
1785422961408,true,1785422961467,FastAccept
1785422961434,false,1785422961493,FastAccept
1785422961462,true,1785422961521,FastAccept
1785422961489,true,1785422961548,FastAccept
1785422961517,false,1785422961576,FastAccept
1785422961546,true,1785422961605,FastAccept
1785422961574,false,1785422961632,FastAccept
1785422961603,true,1785422961662,FastAccept
1785422961632,false,1785422961690,FastAccept
1785422961662,false,1785422961721,FastAccept
1785422961692,false,,
1785422961722,false,1785422961780,FastAccept
1785422961753,true,1785422961812,FastAccept
1785422961784,false,1785422961842,FastAccept
1785422961816,false,1785422961876,FastAccept
1785422961849,true,1785422961907,FastAccept
1785422961881,false,1785422961939,FastAccept
1785422961914,false,1785422961973,FastAccept
1785422961949,true,1785422962008,FastAccept
1785422961982,true,1785422962041,FastAccept
1785422962018,false,1785422962077,FastAccept
1785422962053,false,1785422962112,FastAccept
1785422962089,false,,
1785422962126,true,1785422962185,FastAccept
1785422962164,false,1785422962222,FastAccept
1785422962201,true,1785422962260,FastAccept
1785422962239,false,1785422962298,FastAccept
1785422962279,true,1785422962338,FastAccept
1785422962319,true,1785422962377,FastAccept
1785422962361,false,1785422962420,FastAccept
1785422962403,false,1785422962463,FastAccept
1785422962446,true,1785422962504,FastAccept
1785422962490,false,1785422962549,FastAccept
1785422962534,true,1785422962593,FastAccept
1785422962579,true,1785422962638,FastAccept
1785422962625,true,1785422962684,FastAccept
1785422962672,false,,
1785422962722,false,1785422962781,FastAccept
1785422962771,false,1785422962831,FastAccept
1785422962823,true,1785422962882,FastAccept
1785422962875,true,1785422962934,FastAccept
1785422962929,false,1785422962988,FastAccept
1785422962984,true,1785422963043,FastAccept
1785422963042,true,1785422963100,FastAccept
1785422963100,false,1785422963158,FastAccept
1785422963160,true,1785422963218,FastAccept
1785422963223,false,1785422963282,FastAccept
1785422963287,true,1785422963345,FastAccept
1785422963353,false,1785422963411,FastAccept
1785422963421,true,1785422963480,FastAccept
1785422963491,false,1785422963551,FastAccept
1785422963564,true,1785422963624,FastAccept
1785422963641,true,1785422963700,FastAccept
1785422963718,false,1785422963778,FastAccept
1785422963799,false,1785422963858,FastAccept
1785422963885,false,1785422963944,FastAccept
1785422963974,false,1785422964034,FastAccept
1785422964067,false,1785422964126,FastAccept
1785422964163,true,1785422964222,FastAccept
1785422964264,true,1785422964323,FastAccept
1785422964372,false,1785422964431,FastAccept
1785422964484,true,1785422964543,FastAccept
1785422964604,true,1785422964663,FastAccept
1785422964729,true,1785422964788,FastAccept
1785422964863,true,1785422964923,FastAccept
1785422965006,true,1785422965065,FastAccept
1785422965161,false,1785422965219,FastAccept
1785422965326,true,1785422965386,FastAccept
1785422965507,true,1785422965567,FastAccept
1785422965705,true,1785422965764,FastAccept
1785422965923,false,1785422965982,FastAccept
1785422966165,true,1785422966224,FastAccept
1785422966439,false,1785422966498,FastAccept
1785422966754,false,1785422966813,FastAccept
1785422967121,false,1785422967179,FastAccept
1785422967562,false,1785422967621,FastAccept
1785422968111,false,1785422968170,FastAccept
1785422968834,true,1785422968893,FastAccept
1785422969871,true,1785422969929,FastAccept
1785422971612,true,,
1785422975766,false,1785422975825,FastAccept
1785423008904,false,1785423008963,FastAccept
1785423012680,false,1785423012753,LeaderAccept
1785423012698,true,1785423012771,LeaderAccept
1785423012714,true,1785423012787,LeaderAccept
1785423012732,false,1785423012805,LeaderAccept
1785423012749,false,1785423012822,LeaderAccept
1785423012766,false,1785423012839,LeaderAccept
1785423012784,false,1785423012857,LeaderAccept
1785423012803,true,1785423012876,LeaderAccept
1785423012821,false,1785423012894,LeaderAccept
1785423012839,true,1785423012913,LeaderAccept
1785423012857,false,1785423012931,LeaderAccept
1785423012876,true,1785423012949,LeaderAccept
1785423012894,true,1785423012967,LeaderAccept
1785423012912,true,1785423012985,LeaderAccept
1785423012932,true,1785423013006,LeaderAccept
1785423012950,false,1785423013024,LeaderAccept
1785423012970,true,1785423013043,LeaderAccept
1785423012990,false,1785423013063,LeaderAccept
1785423013009,false,1785423013082,LeaderAccept
1785423013029,false,1785423013103,LeaderAccept
1785423013048,true,1785423013121,LeaderAccept
1785423013068,true,1785423013141,LeaderAccept
1785423013088,false,1785423013161,LeaderAccept
1785423013109,false,1785423013183,LeaderAccept
1785423013129,true,1785423013203,LeaderAccept
1785423013151,false,1785423013224,LeaderAccept
1785423013172,false,1785423013244,LeaderAccept
1785423013193,true,1785423013265,LeaderAccept
1785423013214,false,1785423013288,LeaderAccept
1785423013237,false,1785423013310,LeaderAccept
1785423013259,false,1785423013332,LeaderAccept
1785423013281,false,1785423013354,LeaderAccept
1785423013303,true,1785423013376,LeaderAccept
1785423013325,true,1785423013398,LeaderAccept
1785423013348,false,1785423013421,LeaderAccept
1785423013372,true,1785423013444,LeaderAccept
1785423013395,false,1785423013469,LeaderAccept
1785423013419,false,1785423013493,LeaderAccept
1785423013443,false,1785423013517,LeaderAccept
1785423013468,false,1785423013541,LeaderAccept
1785423013492,false,1785423013566,LeaderAccept
1785423013517,true,1785423013591,LeaderAccept
1785423013542,false,1785423013616,LeaderAccept
1785423013567,true,1785423013641,LeaderAccept
1785423013592,true,1785423013666,LeaderAccept
1785423013618,false,1785423013692,LeaderAccept
1785423013644,true,1785423013718,LeaderAccept
1785423013670,true,1785423013745,LeaderAccept
1785423013697,false,1785423013771,LeaderAccept
1785423013725,true,1785423013798,LeaderAccept
1785423013752,false,1785423013825,LeaderAccept
1785423013781,false,1785423013854,LeaderAccept
1785423013810,true,1785423013883,LeaderAccept
1785423013838,false,1785423013912,LeaderAccept
1785423013868,false,1785423013943,LeaderAccept
1785423013897,true,1785423013971,LeaderAccept
1785423013928,true,1785423014001,LeaderAccept
1785423013958,true,1785423014031,LeaderAccept
1785423013989,false,1785423014062,LeaderAccept
1785423014021,true,1785423014094,LeaderAccept
1785423014053,true,1785423014125,LeaderAccept
1785423014084,false,1785423014158,LeaderAccept
1785423014117,false,1785423014191,LeaderAccept
1785423014150,false,1785423014224,LeaderAccept
1785423014184,false,1785423014258,LeaderAccept
1785423014218,false,1785423014292,LeaderAccept
1785423014253,true,1785423014326,LeaderAccept
1785423014289,true,1785423014362,LeaderAccept
1785423014325,false,1785423014398,LeaderAccept
1785423014362,true,1785423014436,LeaderAccept
1785423014400,false,1785423014473,LeaderAccept
1785423014437,true,1785423014511,LeaderAccept
1785423014476,false,1785423014550,LeaderAccept
1785423014515,false,1785423014589,LeaderAccept
1785423014555,false,1785423014629,LeaderAccept
1785423014596,false,1785423014670,LeaderAccept
1785423014639,true,1785423014713,LeaderAccept
1785423014682,false,1785423014755,LeaderAccept
1785423014726,false,1785423014800,LeaderAccept
1785423014771,false,1785423014843,LeaderAccept
1785423014816,true,1785423014890,LeaderAccept
1785423014863,true,1785423014937,LeaderAccept
1785423014911,true,1785423014985,LeaderAccept
1785423014960,false,1785423015034,LeaderAccept
1785423015011,false,1785423015084,LeaderAccept
1785423015062,true,1785423015136,LeaderAccept
1785423015116,false,1785423015189,LeaderAccept
1785423015171,true,1785423015244,LeaderAccept
1785423015227,true,1785423015301,LeaderAccept
1785423015284,false,1785423015358,LeaderAccept
1785423015343,true,1785423015417,LeaderAccept
1785423015403,true,1785423015477,LeaderAccept
1785423015466,false,1785423015540,LeaderAccept
1785423015531,true,1785423015604,LeaderAccept
1785423015598,true,1785423015671,LeaderAccept
1785423015667,true,1785423015741,LeaderAccept
1785423015738,false,1785423015813,LeaderAccept
1785423015811,false,1785423015885,LeaderAccept
1785423015887,true,1785423015961,LeaderAccept
1785423015966,true,1785423016040,LeaderAccept
1785423016048,false,1785423016122,LeaderAccept
1785423016134,true,1785423016208,LeaderAccept
1785423016224,false,1785423016298,LeaderAccept
1785423016317,false,1785423016391,LeaderAccept
1785423016416,true,,
1785423016518,false,1785423016577,FastAccept
1785423016627,true,1785423016685,FastAccept
1785423016741,false,1785423016799,FastAccept
1785423016862,true,1785423016920,FastAccept
1785423016990,true,1785423017048,FastAccept
1785423017127,false,1785423017185,FastAccept
1785423017272,true,1785423017331,FastAccept
1785423017429,true,1785423017488,FastAccept
1785423017599,true,1785423017658,FastAccept
1785423017785,true,,
1785423017986,false,1785423018045,FastAccept
1785423018210,true,1785423018269,FastAccept
1785423018460,true,1785423018543,FastAccept
1785423018744,false,1785423018802,FastAccept
1785423019070,false,1785423019129,FastAccept
1785423019453,false,1785423019556,FastAccept
1785423019918,true,1785423019977,FastAccept
1785423020504,true,1785423020563,FastAccept
1785423021289,false,1785423021347,FastAccept
1785423022451,false,1785423022510,FastAccept
1785423024525,false,1785423024599,LeaderAccept
1785423030376,true,1785423030435,FastAccept
1785423051043,true,1785423051203,FastAccept
1785423051058,true,1785423051218,FastAccept
1785423051075,true,1785423051234,FastAccept
1785423051091,true,1785423051250,FastAccept
1785423051108,true,1785423051267,FastAccept
1785423051125,false,1785423051336,FastAccept
1785423051141,true,1785423051336,FastAccept
1785423051159,true,1785423051336,FastAccept
1785423051175,true,1785423051336,FastAccept
1785423051193,false,1785423051352,FastAccept
1785423051210,false,1785423051369,FastAccept
1785423051228,true,1785423051387,FastAccept
1785423051246,false,1785423051406,FastAccept
1785423051264,false,1785423051423,FastAccept
1785423051281,false,1785423051441,FastAccept
1785423051300,true,1785423051459,FastAccept
1785423051318,true,1785423051478,FastAccept
1785423051336,true,1785423051495,FastAccept
1785423051354,true,1785423051514,FastAccept
1785423051373,true,1785423051532,FastAccept
1785423051391,true,1785423051551,FastAccept
1785423051411,false,1785423051571,FastAccept
1785423051430,false,1785423051589,FastAccept
1785423051449,false,1785423051609,FastAccept
1785423051468,false,1785423051628,FastAccept
1785423051488,false,1785423051648,FastAccept
1785423051508,false,1785423051668,FastAccept
1785423051529,false,1785423051689,FastAccept
1785423051549,true,1785423051709,FastAccept
1785423051571,true,1785423051730,FastAccept
1785423051592,true,1785423051751,FastAccept
1785423051613,true,1785423051773,FastAccept
1785423051634,true,1785423051794,FastAccept
1785423051656,true,1785423051815,FastAccept
1785423051678,true,1785423051837,FastAccept
1785423051700,false,1785423051860,FastAccept
1785423051721,false,1785423051882,FastAccept
1785423051744,true,1785423051904,FastAccept
1785423051766,true,1785423051926,FastAccept
1785423051790,true,1785423051949,FastAccept
1785423051813,false,1785423051972,FastAccept
1785423051835,true,1785423051995,FastAccept
1785423051859,false,1785423052018,FastAccept
1785423051883,true,1785423052043,FastAccept
1785423051907,false,1785423052066,FastAccept
1785423051931,true,1785423052091,FastAccept
1785423051956,false,1785423052116,FastAccept
1785423051981,true,1785423052141,FastAccept
1785423052006,true,1785423052165,FastAccept
1785423052032,true,1785423052192,FastAccept
1785423052057,true,1785423052217,FastAccept
1785423052084,true,1785423052244,FastAccept
1785423052110,true,1785423052270,FastAccept
1785423052138,false,1785423052297,FastAccept
1785423052164,false,1785423052324,FastAccept
1785423052192,true,1785423052352,FastAccept
1785423052219,false,1785423052379,FastAccept
1785423052248,true,1785423052408,FastAccept
1785423052276,true,1785423052436,FastAccept
1785423052305,false,1785423052465,FastAccept
1785423052334,true,1785423052495,FastAccept
1785423052365,true,1785423052525,FastAccept
1785423052396,true,1785423052556,FastAccept
1785423052427,false,1785423052587,FastAccept
1785423052458,true,1785423052618,FastAccept
1785423052490,true,1785423052651,FastAccept
1785423052523,false,1785423052682,FastAccept
1785423052556,true,1785423052715,FastAccept
1785423052589,false,1785423052748,FastAccept
1785423052623,true,1785423052783,FastAccept
1785423052656,true,1785423052816,FastAccept
1785423052692,false,1785423053010,SlowAccept
1785423052728,true,,
1785423052765,false,,
1785423052801,true,,
1785423052838,false,,
1785423052877,false,,
1785423052916,false,,
1785423052955,false,,
1785423052995,true,,
1785423053037,false,,
1785423053078,false,,
1785423053121,true,,
1785423053164,false,,
1785423053209,true,1785423053387,LeaderAccept
1785423053254,false,1785423053434,LeaderAccept
1785423053301,true,1785423053481,LeaderAccept
1785423053349,false,1785423053530,LeaderAccept
1785423053398,true,1785423053579,LeaderAccept
1785423053447,true,1785423053626,LeaderAccept
1785423053499,true,1785423053680,LeaderAccept
1785423053552,true,1785423053732,LeaderAccept
1785423053605,false,1785423053786,LeaderAccept
1785423053661,true,1785423053842,LeaderAccept
1785423053718,false,1785423053899,LeaderAccept
1785423053776,false,1785423053956,LeaderAccept
1785423053837,true,1785423054017,LeaderAccept
1785423053898,false,1785423054079,LeaderAccept
1785423053962,false,1785423054143,LeaderAccept
1785423054028,false,1785423054208,LeaderAccept
1785423054095,true,1785423054277,LeaderAccept
1785423054166,true,1785423054347,LeaderAccept
1785423054239,false,1785423054419,LeaderAccept
1785423054313,false,1785423054494,LeaderAccept
1785423054391,true,1785423054572,LeaderAccept
1785423054472,false,1785423054653,LeaderAccept
1785423054557,true,1785423054737,LeaderAccept
1785423054646,true,1785423054827,LeaderAccept
1785423054738,true,1785423054918,LeaderAccept
1785423054835,true,1785423055015,LeaderAccept
1785423054935,false,1785423055116,LeaderAccept
1785423055042,true,1785423055222,LeaderAccept
1785423055153,false,1785423055334,LeaderAccept
1785423055272,true,1785423055452,LeaderAccept
1785423055397,false,1785423055577,LeaderAccept
1785423055531,false,1785423055712,LeaderAccept
1785423055674,false,1785423055855,LeaderAccept
1785423055827,true,1785423056007,LeaderAccept
1785423055991,true,1785423056172,LeaderAccept
1785423056171,true,1785423056351,LeaderAccept
1785423056366,false,1785423056544,LeaderAccept
1785423056581,false,,
1785423056822,true,,
1785423057093,false,,
1785423057402,false,1785423057663,FastAccept
1785423057764,true,,
1785423058197,false,1785423058375,LeaderAccept
1785423058733,true,1785423058912,LeaderAccept
1785423059435,false,1785423059613,LeaderAccept
1785423060430,false,1785423060609,LeaderAccept
1785423062067,false,,
1785423065778,false,,
1785423088767,false,1785423088927,FastAccept
1785423088792,true,,
1785423088816,false,1785423088976,FastAccept
1785423088842,false,1785423089001,FastAccept
1785423088868,false,1785423089027,FastAccept
1785423088893,false,1785423089054,FastAccept
1785423088920,false,1785423089238,SlowAccept
1785423088946,false,1785423089238,FastAccept
1785423088974,false,1785423089238,FastAccept
1785423089000,false,1785423089238,FastAccept
1785423089029,false,1785423089238,FastAccept
1785423089057,true,1785423089238,FastAccept
1785423089085,false,1785423089404,SlowAccept
1785423089114,false,1785423089404,FastAccept
1785423089142,false,1785423089404,FastAccept
1785423089172,true,1785423089404,FastAccept
1785423089202,false,1785423089404,FastAccept
1785423089232,false,1785423089404,FastAccept
1785423089264,false,1785423089583,SlowAccept
1785423089295,true,1785423089583,FastAccept
1785423089326,true,1785423089583,FastAccept
1785423089358,true,1785423089583,FastAccept
1785423089391,true,1785423089583,FastAccept
1785423089423,false,1785423089583,FastAccept
1785423089457,true,1785423089776,SlowAccept
1785423089492,true,1785423089776,FastAccept
1785423089526,true,1785423089776,FastAccept
1785423089562,false,1785423089776,FastAccept
1785423089597,false,1785423089776,FastAccept
1785423089635,false,1785423089795,FastAccept
1785423089672,false,1785423089991,SlowAccept
1785423089711,false,1785423089991,FastAccept
1785423089749,true,1785423089991,FastAccept
1785423089790,true,1785423089991,FastAccept
1785423089830,false,1785423089991,FastAccept
1785423089872,true,1785423090031,FastAccept
1785423089913,false,1785423090232,SlowAccept
1785423089956,false,1785423090232,FastAccept
1785423090000,false,1785423090232,FastAccept
1785423090044,true,1785423090232,FastAccept
1785423090091,true,1785423090251,FastAccept
1785423090138,false,1785423090297,FastAccept
1785423090186,true,1785423090505,SlowAccept
1785423090234,false,1785423090505,FastAccept
1785423090284,false,1785423090505,FastAccept
1785423090336,false,1785423090505,FastAccept
1785423090389,false,1785423090549,FastAccept
1785423090444,false,1785423090603,FastAccept
1785423090499,true,,
1785423090557,false,1785423090716,FastAccept
1785423090615,true,,
1785423090676,true,1785423090837,FastAccept
1785423090739,false,1785423090899,FastAccept
1785423090802,true,1785423090962,FastAccept
1785423090869,true,,
1785423090938,true,1785423091098,FastAccept
1785423091009,false,1785423091169,FastAccept
1785423091082,true,1785423091242,FastAccept
1785423091159,false,1785423091318,FastAccept
1785423091237,false,1785423091397,FastAccept
1785423091320,true,,
1785423091406,true,1785423091566,FastAccept
1785423091494,true,1785423091654,FastAccept
1785423091587,true,1785423091747,FastAccept
1785423091684,true,1785423091844,FastAccept
1785423091786,false,1785423092105,SlowAccept
1785423091893,true,1785423092105,FastAccept
1785423092007,true,1785423092167,FastAccept
1785423092127,true,1785423092286,FastAccept
1785423092254,true,1785423092413,FastAccept
1785423092390,false,1785423092549,FastAccept
1785423092535,false,,
1785423092691,false,1785423092851,FastAccept
1785423092859,false,1785423093019,FastAccept
1785423093042,true,1785423093201,FastAccept
1785423093243,false,1785423093403,FastAccept
1785423093464,true,,
1785423093711,true,1785423093871,FastAccept
1785423093989,true,1785423094149,FastAccept
1785423094309,false,1785423094469,FastAccept
1785423094685,false,1785423094862,FastAccept
1785423095140,false,1785423095299,FastAccept
1785423095710,false,,
1785423096466,false,1785423096644,LeaderAccept
1785423097570,false,1785423097748,LeaderAccept
1785423099485,false,,
1785423104470,false,1785423104630,FastAccept
1785423118550,true,1785423118710,FastAccept
1785423118575,true,1785423118735,FastAccept
1785423118602,false,1785423118762,FastAccept
1785423118629,false,1785423118947,SlowAccept
1785423118656,false,1785423118947,FastAccept
1785423118684,true,1785423118947,FastAccept
1785423118712,false,1785423118947,FastAccept
1785423118739,true,1785423118947,FastAccept
1785423118767,false,1785423118947,FastAccept
1785423118796,false,1785423118955,FastAccept
1785423118824,false,1785423118984,FastAccept
1785423118854,true,1785423119013,FastAccept
1785423118883,true,1785423119043,FastAccept
1785423118914,true,,
1785423118944,true,1785423119104,FastAccept
1785423118975,false,1785423119134,FastAccept
1785423119007,false,1785423119166,FastAccept
1785423119039,false,1785423119199,FastAccept
1785423119071,true,1785423119231,FastAccept
1785423119105,false,1785423119264,FastAccept
1785423119139,true,1785423119298,FastAccept
1785423119172,false,1785423119331,FastAccept
1785423119208,false,1785423119527,SlowAccept
1785423119244,false,1785423119527,FastAccept
1785423119280,true,1785423119527,FastAccept
1785423119317,true,,
1785423119355,true,1785423119527,FastAccept
1785423119392,false,1785423119552,FastAccept
1785423119430,false,1785423119590,FastAccept
1785423119470,false,1785423119630,FastAccept
1785423119511,true,1785423119670,FastAccept
1785423119552,false,1785423119711,FastAccept
1785423119593,false,,
1785423119636,true,1785423119796,FastAccept
1785423119680,false,1785423119839,FastAccept
1785423119724,true,1785423119883,FastAccept
1785423119770,true,1785423120088,SlowAccept
1785423119817,true,1785423120088,FastAccept
1785423119865,true,1785423120088,FastAccept
1785423119914,true,1785423120233,SlowAccept
1785423119964,false,,
1785423120015,false,,
1785423120068,false,,
1785423120121,true,,
1785423120177,true,,
1785423120233,true,,
1785423120291,false,,
1785423120352,true,,
1785423120414,true,,
1785423120477,false,,
1785423120543,false,1785423120722,LeaderAccept
1785423120610,true,1785423120788,LeaderAccept
1785423120680,false,1785423120858,LeaderAccept
1785423120753,true,1785423120931,LeaderAccept
1785423120829,true,1785423121007,LeaderAccept
1785423120907,false,1785423121085,LeaderAccept
1785423120989,true,1785423121167,LeaderAccept
1785423121072,true,1785423121250,LeaderAccept
1785423121160,true,1785423121338,LeaderAccept
1785423121252,true,1785423121430,LeaderAccept
1785423121348,false,1785423121526,LeaderAccept
1785423121449,true,1785423121627,LeaderAccept
1785423121556,true,1785423121734,LeaderAccept
1785423121668,false,1785423121846,LeaderAccept
1785423121786,false,1785423121963,LeaderAccept
1785423121911,false,1785423122089,LeaderAccept
1785423122045,true,1785423122223,LeaderAccept
1785423122186,true,1785423122365,LeaderAccept
1785423122339,true,1785423122517,LeaderAccept
1785423122504,false,1785423122682,LeaderAccept
1785423122682,false,1785423122860,LeaderAccept
1785423122876,true,1785423123054,LeaderAccept
1785423123091,true,,
1785423123330,false,,
1785423123598,true,,
1785423123907,false,,
1785423124267,false,1785423124426,FastAccept
1785423124697,false,1785423124860,FastAccept
1785423125229,false,1785423125392,FastAccept
1785423125923,true,1785423126086,FastAccept
1785423126905,true,1785423127068,FastAccept
1785423128510,true,,
1785423132085,false,,
1785423153444,false,1785423153503,FastAccept
1785423163692,true,1785423163768,LeaderAccept
1785423163709,true,1785423163786,LeaderAccept
1785423163725,true,1785423163802,LeaderAccept
1785423163743,false,1785423163821,LeaderAccept
1785423163759,true,1785423163836,LeaderAccept
1785423163776,true,1785423163853,LeaderAccept
1785423163793,false,1785423163870,LeaderAccept
1785423163810,true,1785423163888,LeaderAccept
1785423163828,true,1785423163905,LeaderAccept
1785423163846,true,1785423163923,LeaderAccept
1785423163863,true,1785423163940,LeaderAccept
1785423163882,true,1785423163959,LeaderAccept
1785423163900,false,1785423163976,LeaderAccept
1785423163919,false,1785423163994,LeaderAccept
1785423163937,true,1785423164013,LeaderAccept
1785423163955,false,1785423164033,LeaderAccept
1785423163975,false,1785423164052,LeaderAccept
1785423163994,false,1785423164070,LeaderAccept
1785423164013,true,1785423164089,LeaderAccept
1785423164032,false,1785423164108,LeaderAccept
1785423164052,false,1785423164129,LeaderAccept
1785423164071,false,1785423164147,LeaderAccept
1785423164091,true,1785423164168,LeaderAccept
1785423164110,true,1785423164187,LeaderAccept
1785423164131,true,1785423164207,LeaderAccept
1785423164152,true,1785423164228,LeaderAccept
1785423164173,true,1785423164249,LeaderAccept
1785423164194,true,1785423164270,LeaderAccept
1785423164215,true,1785423164291,LeaderAccept
1785423164236,false,1785423164312,LeaderAccept
1785423164258,true,1785423164335,LeaderAccept
1785423164279,true,1785423164356,LeaderAccept
1785423164302,false,1785423164378,LeaderAccept
1785423164324,true,1785423164401,LeaderAccept
1785423164346,true,1785423164423,LeaderAccept
1785423164369,true,1785423164446,LeaderAccept
1785423164392,true,1785423164468,LeaderAccept
1785423164414,false,1785423164491,LeaderAccept
1785423164437,true,1785423164513,LeaderAccept
1785423164460,false,1785423164537,LeaderAccept
1785423164485,true,1785423164561,LeaderAccept
1785423164508,true,1785423164584,LeaderAccept
1785423164533,true,1785423164609,LeaderAccept
1785423164557,true,1785423164634,LeaderAccept
1785423164582,false,1785423164659,LeaderAccept
1785423164607,true,1785423164684,LeaderAccept
1785423164633,true,1785423164710,LeaderAccept
1785423164658,true,1785423164735,LeaderAccept
1785423164685,false,1785423164762,LeaderAccept
1785423164711,false,1785423164788,LeaderAccept
1785423164737,false,1785423164814,LeaderAccept
1785423164765,true,1785423164841,LeaderAccept
1785423164793,false,1785423164870,LeaderAccept
1785423164820,false,1785423164897,LeaderAccept
1785423164848,false,1785423164926,LeaderAccept
1785423164877,false,1785423164954,LeaderAccept
1785423164905,true,1785423164982,LeaderAccept
1785423164935,true,1785423165013,LeaderAccept
1785423164964,true,1785423165041,LeaderAccept
1785423164994,false,1785423165071,LeaderAccept
1785423165025,true,1785423165101,LeaderAccept
1785423165056,false,1785423165133,LeaderAccept
1785423165087,false,1785423165164,LeaderAccept
1785423165120,true,1785423165196,LeaderAccept
1785423165153,true,1785423165229,LeaderAccept
1785423165185,false,1785423165262,LeaderAccept
1785423165219,false,1785423165295,LeaderAccept
1785423165252,true,1785423165330,LeaderAccept
1785423165288,false,1785423165365,LeaderAccept
1785423165323,false,1785423165400,LeaderAccept
1785423165359,false,1785423165435,LeaderAccept
1785423165396,true,1785423165473,LeaderAccept
1785423165433,true,1785423165510,LeaderAccept
1785423165471,true,1785423165547,LeaderAccept
1785423165509,false,1785423165587,LeaderAccept
1785423165548,false,1785423165625,LeaderAccept
1785423165589,false,1785423165666,LeaderAccept
1785423165629,true,1785423165706,LeaderAccept
1785423165671,false,1785423165748,LeaderAccept
1785423165714,true,1785423165791,LeaderAccept
1785423165756,false,1785423165834,LeaderAccept
1785423165801,true,1785423165878,LeaderAccept
1785423165846,false,1785423165923,LeaderAccept
1785423165892,false,1785423165969,LeaderAccept
1785423165940,true,1785423166017,LeaderAccept
1785423165988,false,1785423166065,LeaderAccept
1785423166037,true,1785423166115,LeaderAccept
1785423166087,false,1785423166164,LeaderAccept
1785423166140,true,1785423166217,LeaderAccept
1785423166194,true,1785423166271,LeaderAccept
1785423166249,false,1785423166326,LeaderAccept
1785423166304,true,1785423166381,LeaderAccept
1785423166361,true,1785423166438,LeaderAccept
1785423166420,false,1785423166497,LeaderAccept
1785423166481,true,1785423166558,LeaderAccept
1785423166543,true,1785423166621,LeaderAccept
1785423166609,true,1785423166686,LeaderAccept
1785423166676,false,1785423166754,LeaderAccept
1785423166745,true,1785423166822,LeaderAccept
1785423166816,false,1785423166893,LeaderAccept
1785423166891,true,1785423166968,LeaderAccept
1785423166967,true,1785423167045,LeaderAccept
1785423167048,false,1785423167124,LeaderAccept
1785423167131,false,1785423167208,LeaderAccept
1785423167218,false,1785423167295,LeaderAccept
1785423167308,true,1785423167386,LeaderAccept
1785423167403,false,1785423167480,LeaderAccept
1785423167503,true,1785423167580,LeaderAccept
1785423167606,true,1785423167683,LeaderAccept
1785423167715,false,1785423167792,LeaderAccept
1785423167831,false,1785423167908,LeaderAccept
1785423167952,true,1785423168029,LeaderAccept
1785423168082,true,1785423168160,LeaderAccept
1785423168220,false,1785423168298,LeaderAccept
1785423168369,false,1785423168446,LeaderAccept
1785423168528,false,1785423168606,LeaderAccept
1785423168701,false,,
1785423168889,false,1785423169103,SlowAccept
1785423169095,true,,
1785423169325,true,1785423169384,FastAccept
1785423169581,true,1785423169639,FastAccept
1785423169873,true,1785423169932,FastAccept
1785423170210,false,1785423170284,FastAccept
1785423170609,true,1785423170668,FastAccept
1785423171096,false,1785423171154,FastAccept
1785423171716,true,1785423171775,FastAccept
1785423172562,false,1785423172620,FastAccept
1785423173852,true,1785423173911,FastAccept
1785423176310,true,,
1785423184705,false,1785423184763,FastAccept
1785423234917,false,1785423234976,FastAccept
1785423234945,true,1785423235004,FastAccept
1785423234973,true,1785423235031,FastAccept
1785423235000,false,1785423235059,FastAccept
1785423235028,true,1785423235087,FastAccept
1785423235057,true,1785423235116,FastAccept
1785423235087,false,1785423235145,FastAccept
1785423235116,false,1785423235174,FastAccept
1785423235145,false,1785423235204,FastAccept
1785423235175,true,1785423235233,FastAccept
1785423235206,false,1785423235265,FastAccept
1785423235237,true,1785423235295,FastAccept
1785423235268,true,1785423235327,FastAccept
1785423235300,true,1785423235359,FastAccept
1785423235333,true,1785423235391,FastAccept
1785423235366,false,1785423235425,FastAccept
1785423235400,false,1785423235458,FastAccept
1785423235434,false,1785423235493,FastAccept
1785423235468,true,1785423235527,FastAccept
1785423235504,false,1785423235563,FastAccept
1785423235539,false,1785423235598,FastAccept
1785423235575,false,1785423235634,FastAccept
1785423235612,true,1785423235671,FastAccept
1785423235650,true,1785423235709,FastAccept
1785423235688,false,1785423235747,FastAccept
1785423235727,false,1785423235786,FastAccept
1785423235767,true,1785423235826,FastAccept
1785423235808,false,1785423235867,FastAccept
1785423235849,false,1785423235907,FastAccept
1785423235891,true,,
1785423235935,false,1785423235993,FastAccept
1785423235978,false,1785423236037,FastAccept
1785423236023,true,1785423236237,SlowAccept
1785423236069,false,,
1785423236117,false,,
1785423236165,false,,
1785423236215,true,,
1785423236266,true,,
1785423236317,true,,
1785423236371,true,,
1785423236425,false,1785423236503,LeaderAccept
1785423236481,true,1785423236558,LeaderAccept
1785423236538,true,1785423236615,LeaderAccept
1785423236598,true,1785423236675,LeaderAccept
1785423236659,false,1785423236736,LeaderAccept
1785423236722,true,1785423236799,LeaderAccept
1785423236787,true,1785423236864,LeaderAccept
1785423236853,false,1785423236930,LeaderAccept
1785423236922,false,1785423236999,LeaderAccept
1785423236994,true,1785423237071,LeaderAccept
1785423237067,true,1785423237144,LeaderAccept
1785423237144,false,1785423237221,LeaderAccept
1785423237223,true,1785423237300,LeaderAccept
1785423237306,false,1785423237384,LeaderAccept
1785423237392,true,1785423237469,LeaderAccept
1785423237482,true,1785423237559,LeaderAccept
1785423237576,false,1785423237653,LeaderAccept
1785423237676,false,1785423237753,LeaderAccept
1785423237780,true,1785423237857,LeaderAccept
1785423237890,true,1785423237967,LeaderAccept
1785423238005,true,1785423238082,LeaderAccept
1785423238126,false,1785423238204,LeaderAccept
1785423238255,false,1785423238332,LeaderAccept
1785423238393,true,1785423238470,LeaderAccept
1785423238542,false,1785423238619,LeaderAccept
1785423238701,true,1785423238778,LeaderAccept
1785423238875,true,1785423238952,LeaderAccept
1785423239062,true,1785423239139,LeaderAccept
1785423239269,false,1785423239346,LeaderAccept
1785423239497,false,1785423239573,LeaderAccept
1785423239754,true,1785423239831,LeaderAccept
1785423240045,false,1785423240122,LeaderAccept
1785423240381,false,1785423240457,LeaderAccept
1785423240780,false,1785423240857,LeaderAccept
1785423241265,true,1785423241342,LeaderAccept
1785423241884,false,1785423241962,LeaderAccept
1785423242726,true,1785423242784,FastAccept
1785423244008,false,1785423244066,FastAccept
1785423246440,false,1785423246499,FastAccept
1785423254647,false,1785423254724,LeaderAccept
1785423261681,false,1785423261740,FastAccept
1785423261698,true,1785423261756,FastAccept
1785423261713,true,1785423261772,FastAccept
1785423261729,false,1785423261787,FastAccept
1785423261745,false,1785423261804,FastAccept
1785423261762,true,1785423261820,FastAccept
1785423261777,false,1785423261835,FastAccept
1785423261794,true,1785423261852,FastAccept
1785423261810,true,1785423261869,FastAccept
1785423261826,false,1785423261885,FastAccept
1785423261844,true,1785423261902,FastAccept
1785423261860,false,1785423261919,FastAccept
1785423261878,false,1785423261936,FastAccept
1785423261895,true,1785423261954,FastAccept
1785423261912,true,1785423261971,FastAccept
1785423261931,true,1785423261989,FastAccept
1785423261948,false,1785423262007,FastAccept
1785423261967,false,1785423262026,FastAccept
1785423261986,false,1785423262044,FastAccept
1785423262003,false,1785423262062,FastAccept
1785423262021,true,1785423262079,FastAccept
1785423262039,true,1785423262254,SlowAccept
1785423262057,true,1785423262254,FastAccept
1785423262076,true,1785423262254,FastAccept
1785423262096,true,1785423262254,FastAccept
1785423262114,true,1785423262254,FastAccept
1785423262134,false,1785423262254,FastAccept
1785423262154,false,1785423262254,FastAccept
1785423262173,true,1785423262254,FastAccept
1785423262194,true,1785423262254,FastAccept
1785423262213,true,1785423262272,FastAccept
1785423262234,false,1785423262293,FastAccept
1785423262254,false,1785423262312,FastAccept
1785423262274,true,1785423262333,FastAccept
1785423262296,true,1785423262355,FastAccept
1785423262316,true,1785423262375,FastAccept
1785423262337,true,1785423262395,FastAccept
1785423262359,false,1785423262417,FastAccept
1785423262380,true,1785423262439,FastAccept
1785423262403,true,1785423262461,FastAccept
1785423262425,false,1785423262483,FastAccept
1785423262448,false,1785423262506,FastAccept
1785423262470,true,1785423262529,FastAccept
1785423262494,false,1785423262553,FastAccept
1785423262516,true,1785423262575,FastAccept
1785423262539,true,1785423262597,FastAccept
1785423262563,true,1785423262622,FastAccept
1785423262587,true,1785423262646,FastAccept
1785423262612,true,1785423262670,FastAccept
1785423262636,true,1785423262695,FastAccept
1785423262660,false,1785423262719,FastAccept
1785423262686,false,1785423262744,FastAccept
1785423262711,false,1785423262770,FastAccept
1785423262736,false,1785423262795,FastAccept
1785423262762,false,1785423262821,FastAccept
1785423262788,false,1785423262847,FastAccept
1785423262814,false,1785423262873,FastAccept
1785423262841,true,1785423262900,FastAccept
1785423262868,false,1785423262926,FastAccept
1785423262896,true,1785423262954,FastAccept
1785423262925,true,1785423262983,FastAccept
1785423262953,false,1785423263012,FastAccept
1785423262983,true,1785423263041,FastAccept
1785423263012,false,1785423263070,FastAccept
1785423263041,true,1785423263099,FastAccept
1785423263071,false,1785423263129,FastAccept
1785423263101,true,1785423263160,FastAccept
1785423263132,true,1785423263190,FastAccept
1785423263163,false,1785423263221,FastAccept
1785423263194,true,1785423263253,FastAccept
1785423263226,true,1785423263284,FastAccept
1785423263259,true,,
1785423263293,true,1785423263351,FastAccept
1785423263326,false,1785423263385,FastAccept
1785423263361,true,1785423263420,FastAccept
1785423263396,true,1785423263454,FastAccept
1785423263432,true,1785423263490,FastAccept
1785423263468,false,1785423263527,FastAccept
1785423263504,true,1785423263563,FastAccept
1785423263541,true,1785423263600,FastAccept
1785423263580,false,1785423263638,FastAccept
1785423263618,true,1785423263677,FastAccept
1785423263657,true,1785423263716,FastAccept
1785423263698,false,1785423263757,FastAccept
1785423263739,true,1785423263798,FastAccept
1785423263781,false,1785423263841,FastAccept
1785423263824,false,1785423263883,FastAccept
1785423263867,true,1785423263926,FastAccept
1785423263912,true,1785423263970,FastAccept
1785423263957,false,1785423264015,FastAccept
1785423264004,true,1785423264062,FastAccept
1785423264052,false,1785423264111,FastAccept
1785423264100,false,1785423264159,FastAccept
1785423264151,true,1785423264209,FastAccept
1785423264203,false,1785423264262,FastAccept
1785423264256,true,1785423264314,FastAccept
1785423264309,true,1785423264368,FastAccept
1785423264365,false,1785423264423,FastAccept
1785423264421,false,1785423264480,FastAccept
1785423264480,false,1785423264538,FastAccept
1785423264539,false,1785423264597,FastAccept
1785423264602,false,1785423264661,FastAccept
1785423264665,false,1785423264724,FastAccept
1785423264730,false,1785423264789,FastAccept
1785423264799,false,1785423264857,FastAccept
1785423264870,true,1785423264928,FastAccept
1785423264942,true,1785423265001,FastAccept
1785423265018,false,1785423265076,FastAccept
1785423265097,true,1785423265156,FastAccept
1785423265179,true,1785423265237,FastAccept
1785423265264,false,1785423265322,FastAccept
1785423265352,true,1785423265411,FastAccept
1785423265444,false,,
1785423265541,true,1785423265600,FastAccept
1785423265643,false,1785423265702,FastAccept
1785423265749,false,1785423265808,FastAccept
1785423265861,false,1785423265919,FastAccept
1785423265980,true,1785423266039,FastAccept
1785423266106,true,1785423266165,FastAccept
1785423266239,true,1785423266298,FastAccept
1785423266383,true,1785423266441,FastAccept
1785423266537,true,1785423266596,FastAccept
1785423266702,true,1785423266761,FastAccept
1785423266883,true,1785423266942,FastAccept
1785423267079,false,1785423267138,FastAccept
1785423267297,false,1785423267355,FastAccept
1785423267539,false,1785423267598,FastAccept
1785423267813,false,1785423267871,FastAccept
1785423268126,false,1785423268185,FastAccept
1785423268493,true,1785423268552,FastAccept
1785423268932,true,1785423269131,SlowAccept
1785423269479,false,,
1785423270198,false,,
1785423271227,true,,
1785423272946,true,1785423273146,SlowAccept
1785423277005,false,1785423277064,FastAccept
1785423293842,true,1785423293901,FastAccept
1785423293862,false,1785423293920,FastAccept
1785423293881,true,1785423293940,FastAccept
1785423293901,true,1785423293959,FastAccept
1785423293920,false,1785423293978,FastAccept
1785423293940,true,1785423293999,FastAccept
1785423293959,false,1785423294017,FastAccept
1785423293980,true,1785423294038,FastAccept
1785423294000,false,1785423294214,SlowAccept
1785423294020,true,1785423294214,FastAccept
1785423294040,true,1785423294214,FastAccept
1785423294062,true,1785423294214,FastAccept
1785423294082,true,1785423294266,FastAccept
1785423294104,true,1785423294266,FastAccept
1785423294125,true,1785423294266,FastAccept
1785423294148,true,1785423294266,FastAccept
1785423294170,false,1785423294266,FastAccept
1785423294192,false,1785423294266,FastAccept
1785423294214,false,1785423294273,FastAccept
1785423294237,false,1785423294295,FastAccept
1785423294259,false,1785423294318,FastAccept
1785423294282,true,1785423294341,FastAccept
1785423294306,false,1785423294364,FastAccept
1785423294330,true,1785423294513,FastAccept
1785423294353,true,1785423294513,FastAccept
1785423294377,false,1785423294513,FastAccept
1785423294402,false,1785423294513,FastAccept
1785423294426,true,1785423294513,FastAccept
1785423294451,false,1785423294513,FastAccept
1785423294477,true,1785423294535,FastAccept
1785423294503,false,1785423294561,FastAccept
1785423294529,false,1785423294587,FastAccept
1785423294555,true,1785423294613,FastAccept
1785423294582,false,1785423294640,FastAccept
1785423294608,true,1785423294667,FastAccept
1785423294636,false,1785423294694,FastAccept
1785423294664,true,1785423294722,FastAccept
1785423294691,true,1785423294749,FastAccept
1785423294719,true,1785423294777,FastAccept
1785423294747,false,1785423294962,SlowAccept
1785423294777,false,1785423294962,FastAccept
1785423294806,true,1785423294962,FastAccept
1785423294837,false,1785423294962,FastAccept
1785423294867,false,1785423294962,FastAccept
1785423294899,true,1785423294962,FastAccept
1785423294930,false,1785423294988,FastAccept
1785423294963,false,1785423295021,FastAccept
1785423294995,false,1785423295054,FastAccept
1785423295028,true,1785423295086,FastAccept
1785423295062,true,1785423295120,FastAccept
1785423295096,true,1785423295154,FastAccept
1785423295129,true,1785423295188,FastAccept
1785423295165,true,1785423295223,FastAccept
1785423295200,true,1785423295259,FastAccept
1785423295237,false,1785423295295,FastAccept
1785423295273,true,,
1785423295311,true,1785423295369,FastAccept
1785423295348,false,1785423295407,FastAccept
1785423295386,false,1785423295445,FastAccept
1785423295426,true,1785423295484,FastAccept
1785423295467,false,1785423295525,FastAccept
1785423295508,true,1785423295566,FastAccept
1785423295550,false,1785423295609,FastAccept
1785423295593,true,1785423295652,FastAccept
1785423295637,true,1785423295695,FastAccept
1785423295681,false,1785423295740,FastAccept
1785423295727,true,1785423295786,FastAccept
1785423295773,false,1785423295833,FastAccept
1785423295820,false,1785423295880,FastAccept
1785423295870,false,1785423295928,FastAccept
1785423295920,true,,
1785423295971,true,1785423296029,FastAccept
1785423296024,true,1785423296082,FastAccept
1785423296077,true,1785423296136,FastAccept
1785423296132,false,1785423296191,FastAccept
1785423296189,true,1785423296248,FastAccept
1785423296248,false,1785423296306,FastAccept
1785423296307,true,1785423296366,FastAccept
1785423296369,true,1785423296428,FastAccept
1785423296432,false,1785423296490,FastAccept
1785423296498,true,1785423296556,FastAccept
1785423296565,true,1785423296624,FastAccept
1785423296635,true,1785423296694,FastAccept
1785423296709,false,1785423296767,FastAccept
1785423296783,false,1785423296842,FastAccept
1785423296861,true,1785423296921,FastAccept
1785423296943,false,1785423297002,FastAccept
1785423297028,true,1785423297087,FastAccept
1785423297116,false,1785423297175,FastAccept
1785423297209,false,1785423297267,FastAccept
1785423297305,false,1785423297364,FastAccept
1785423297407,true,1785423297466,FastAccept
1785423297513,true,,
1785423297626,true,,
1785423297745,true,,
1785423297870,true,1785423297947,LeaderAccept
1785423298004,false,1785423298081,LeaderAccept
1785423298147,true,1785423298223,LeaderAccept
1785423298301,true,1785423298378,LeaderAccept
1785423298466,false,1785423298543,LeaderAccept
1785423298647,false,1785423298724,LeaderAccept
1785423298844,true,1785423298921,LeaderAccept
1785423299061,true,1785423299138,LeaderAccept
1785423299303,true,1785423299379,LeaderAccept
1785423299576,false,1785423299652,LeaderAccept
1785423299888,false,1785423299965,LeaderAccept
1785423300252,false,1785423300329,LeaderAccept
1785423300690,true,,
1785423301234,false,1785423301292,FastAccept
1785423301948,false,,
1785423302967,false,1785423303026,FastAccept
1785423304661,true,1785423304720,FastAccept
1785423308613,false,1785423308672,FastAccept
1785423337120,false,,
1785423346270,true,1785423346348,LeaderAccept
1785423346286,false,1785423346362,LeaderAccept
1785423346301,false,1785423346379,LeaderAccept
1785423346317,false,1785423346393,LeaderAccept
1785423346332,true,1785423346410,LeaderAccept
1785423346349,true,1785423346425,LeaderAccept
1785423346365,false,1785423346442,LeaderAccept
1785423346381,false,1785423346457,LeaderAccept
1785423346398,true,1785423346475,LeaderAccept
1785423346414,false,1785423346491,LeaderAccept
1785423346430,false,1785423346508,LeaderAccept
1785423346448,true,1785423346525,LeaderAccept
1785423346464,true,1785423346542,LeaderAccept
1785423346482,false,1785423346559,LeaderAccept
1785423346500,true,1785423346577,LeaderAccept
1785423346516,true,1785423346594,LeaderAccept
1785423346534,false,1785423346612,LeaderAccept
1785423346552,true,1785423346628,LeaderAccept
1785423346569,true,1785423346646,LeaderAccept
1785423346587,true,1785423346664,LeaderAccept
1785423346605,true,1785423346682,LeaderAccept
1785423346624,false,1785423346701,LeaderAccept
1785423346642,true,1785423346719,LeaderAccept
1785423346661,false,1785423346738,LeaderAccept
1785423346680,false,1785423346757,LeaderAccept
1785423346699,false,1785423346775,LeaderAccept
1785423346717,false,1785423346794,LeaderAccept
1785423346736,true,1785423346814,LeaderAccept
1785423346756,true,1785423346833,LeaderAccept
1785423346775,false,1785423346852,LeaderAccept
1785423346794,true,1785423346871,LeaderAccept
1785423346814,true,1785423346891,LeaderAccept
1785423346834,true,1785423346911,LeaderAccept
1785423346855,false,1785423346932,LeaderAccept
1785423346875,true,1785423346952,LeaderAccept
1785423346895,false,1785423346972,LeaderAccept
1785423346915,true,1785423346993,LeaderAccept
1785423346936,false,1785423347014,LeaderAccept
1785423346958,true,1785423347035,LeaderAccept
1785423346979,false,1785423347057,LeaderAccept
1785423347001,true,1785423347078,LeaderAccept
1785423347023,true,1785423347100,LeaderAccept
1785423347044,false,1785423347121,LeaderAccept
1785423347066,true,1785423347143,LeaderAccept
1785423347088,true,1785423347165,LeaderAccept
1785423347111,false,1785423347187,LeaderAccept
1785423347133,false,1785423347210,LeaderAccept
1785423347156,true,1785423347233,LeaderAccept
1785423347180,true,1785423347257,LeaderAccept
1785423347204,true,1785423347281,LeaderAccept
1785423347227,true,1785423347304,LeaderAccept
1785423347251,true,1785423347328,LeaderAccept
1785423347275,false,1785423347352,LeaderAccept
1785423347300,true,1785423347376,LeaderAccept
1785423347325,false,1785423347403,LeaderAccept
1785423347350,false,1785423347426,LeaderAccept
1785423347376,false,1785423347453,LeaderAccept
1785423347402,false,1785423347480,LeaderAccept
1785423347428,false,1785423347506,LeaderAccept
1785423347455,true,1785423347532,LeaderAccept
1785423347483,false,1785423347560,LeaderAccept
1785423347510,false,1785423347587,LeaderAccept
1785423347537,false,1785423347614,LeaderAccept
1785423347565,false,1785423347643,LeaderAccept
1785423347594,false,1785423347671,LeaderAccept
1785423347623,false,1785423347701,LeaderAccept
1785423347652,false,1785423347729,LeaderAccept
1785423347682,true,1785423347759,LeaderAccept
1785423347711,false,1785423347788,LeaderAccept
1785423347742,true,1785423347819,LeaderAccept
1785423347773,true,1785423347850,LeaderAccept
1785423347805,false,1785423347882,LeaderAccept
1785423347836,false,1785423347913,LeaderAccept
1785423347869,true,1785423347945,LeaderAccept
1785423347902,false,1785423347980,LeaderAccept
1785423347935,false,1785423348012,LeaderAccept
1785423347970,false,1785423348046,LeaderAccept
1785423348005,true,1785423348082,LeaderAccept
1785423348039,true,1785423348116,LeaderAccept
1785423348076,true,1785423348153,LeaderAccept
1785423348112,false,1785423348189,LeaderAccept
1785423348150,true,1785423348227,LeaderAccept
1785423348188,true,1785423348265,LeaderAccept
1785423348227,true,1785423348304,LeaderAccept
1785423348266,false,1785423348342,LeaderAccept
1785423348305,true,1785423348383,LeaderAccept
1785423348346,false,1785423348423,LeaderAccept
1785423348387,true,1785423348464,LeaderAccept
1785423348430,false,1785423348507,LeaderAccept
1785423348473,false,1785423348550,LeaderAccept
1785423348516,false,1785423348592,LeaderAccept
1785423348561,false,1785423348638,LeaderAccept
1785423348607,true,1785423348684,LeaderAccept
1785423348654,false,1785423348732,LeaderAccept
1785423348702,true,1785423348779,LeaderAccept
1785423348752,true,1785423348828,LeaderAccept
1785423348803,false,1785423348880,LeaderAccept
1785423348854,true,1785423348932,LeaderAccept
1785423348907,false,1785423348984,LeaderAccept
1785423348962,true,1785423349039,LeaderAccept
1785423349019,true,1785423349096,LeaderAccept
1785423349076,false,1785423349153,LeaderAccept
1785423349135,true,1785423349212,LeaderAccept
1785423349196,true,1785423349273,LeaderAccept
1785423349259,false,1785423349336,LeaderAccept
1785423349324,false,1785423349400,LeaderAccept
1785423349390,true,1785423349467,LeaderAccept
1785423349460,true,1785423349536,LeaderAccept
1785423349531,true,1785423349609,LeaderAccept
1785423349606,true,1785423349683,LeaderAccept
1785423349683,false,1785423349760,LeaderAccept
1785423349763,false,1785423349840,LeaderAccept
1785423349846,true,1785423349922,LeaderAccept
1785423349932,true,1785423350009,LeaderAccept
1785423350022,true,1785423350100,LeaderAccept
1785423350117,false,1785423350194,LeaderAccept
1785423350216,true,1785423350293,LeaderAccept
1785423350320,true,1785423350397,LeaderAccept
1785423350428,true,1785423350505,LeaderAccept
1785423350544,false,1785423350621,LeaderAccept
1785423350665,true,1785423350742,LeaderAccept
1785423350794,false,1785423350872,LeaderAccept
1785423350933,false,1785423351010,LeaderAccept
1785423351080,true,1785423351158,LeaderAccept
1785423351240,false,1785423351317,LeaderAccept
1785423351412,true,1785423351490,LeaderAccept
1785423351599,true,1785423351677,LeaderAccept
1785423351806,true,1785423351883,LeaderAccept
1785423352034,false,1785423352111,LeaderAccept
1785423352290,true,,
1785423352581,false,,
1785423352917,false,1785423352978,FastAccept
1785423353314,false,1785423353372,FastAccept
1785423353797,false,1785423353856,FastAccept
1785423354412,true,1785423354470,FastAccept
1785423355247,true,1785423355307,FastAccept
1785423356515,false,1785423356573,FastAccept
1785423358904,false,1785423358963,FastAccept
1785423366791,true,1785423366869,LeaderAccept
