request_time,write,response_time,accept_status
1785422713647,false,,
1785422714223,true,1785422714263,LeaderAccept
1785422714253,true,1785422714293,LeaderAccept
1785422714284,false,1785422714324,LeaderAccept
1785422714315,true,1785422714355,LeaderAccept
1785422714347,true,1785422714388,LeaderAccept
1785422714380,true,1785422714419,LeaderAccept
1785422714412,true,1785422714452,LeaderAccept
1785422714446,true,1785422714486,LeaderAccept
1785422714479,true,1785422714519,LeaderAccept
1785422714513,false,1785422714553,LeaderAccept
1785422714549,false,1785422714588,LeaderAccept
1785422714584,false,1785422714625,LeaderAccept
1785422714621,true,1785422714660,LeaderAccept
1785422714657,true,1785422714697,LeaderAccept
1785422714696,true,1785422714735,LeaderAccept
1785422714735,true,1785422714775,LeaderAccept
1785422714775,false,1785422714815,LeaderAccept
1785422714814,false,1785422714854,LeaderAccept
1785422714855,false,1785422714895,LeaderAccept
1785422714898,false,1785422714937,LeaderAccept
1785422714941,true,1785422714980,LeaderAccept
1785422714983,true,1785422715024,LeaderAccept
1785422715027,false,1785422715067,LeaderAccept
1785422715072,true,1785422715113,LeaderAccept
1785422715118,false,1785422715158,LeaderAccept
1785422715165,true,1785422715205,LeaderAccept
1785422715214,false,1785422715254,LeaderAccept
1785422715264,true,1785422715304,LeaderAccept
1785422715314,true,1785422715354,LeaderAccept
1785422715367,true,1785422715407,LeaderAccept
1785422715420,true,1785422715460,LeaderAccept
1785422715475,false,1785422715515,LeaderAccept
1785422715531,false,1785422715572,LeaderAccept
1785422715589,true,1785422715629,LeaderAccept
1785422715649,true,1785422715689,LeaderAccept
1785422715711,true,1785422715751,LeaderAccept
1785422715774,false,1785422715814,LeaderAccept
1785422715840,false,1785422715880,LeaderAccept
1785422715907,false,1785422715947,LeaderAccept
1785422715977,false,1785422716017,LeaderAccept
1785422716048,false,1785422716088,LeaderAccept
1785422716123,true,1785422716163,LeaderAccept
1785422716200,false,1785422716240,LeaderAccept
1785422716280,false,1785422716321,LeaderAccept
1785422716363,true,1785422716403,LeaderAccept
1785422716450,true,1785422716491,LeaderAccept
1785422716542,true,1785422716582,LeaderAccept
1785422716636,true,1785422716676,LeaderAccept
1785422716737,true,1785422716777,LeaderAccept
1785422716841,false,1785422716881,LeaderAccept
1785422716952,true,1785422716992,LeaderAccept
1785422717068,false,1785422717108,LeaderAccept
1785422717192,true,1785422717232,LeaderAccept
1785422717322,true,1785422717362,LeaderAccept
1785422717462,true,1785422717503,LeaderAccept
1785422717612,true,1785422717652,LeaderAccept
1785422717773,false,1785422717813,LeaderAccept
1785422717948,true,1785422717989,LeaderAccept
1785422718138,true,1785422718177,LeaderAccept
1785422718347,true,1785422718387,LeaderAccept
1785422718580,false,1785422718620,LeaderAccept
1785422718841,false,1785422718881,LeaderAccept
1785422719139,true,1785422719179,LeaderAccept
1785422719484,true,,
1785422719894,false,1785422719933,LeaderAccept
1785422720396,true,1785422720435,LeaderAccept
1785422721042,false,1785422721082,LeaderAccept
1785422721934,false,1785422721974,LeaderAccept
1785422723327,true,1785422723366,LeaderAccept
1785422726118,false,1785422726158,LeaderAccept
1785422730520,false,1785422730561,LeaderAccept
1785422730553,true,1785422730592,LeaderAccept
1785422730586,false,1785422730626,LeaderAccept
1785422730619,false,1785422730659,LeaderAccept
1785422730653,false,1785422730693,LeaderAccept
1785422730687,true,1785422730727,LeaderAccept
1785422730722,false,1785422730762,LeaderAccept
1785422730757,true,1785422730798,LeaderAccept
1785422730793,true,1785422730834,LeaderAccept
1785422730829,false,1785422730870,LeaderAccept
1785422730867,false,1785422730907,LeaderAccept
1785422730905,true,1785422730945,LeaderAccept
1785422730944,false,1785422730984,LeaderAccept
1785422730983,true,1785422731023,LeaderAccept
1785422731023,true,1785422731063,LeaderAccept
1785422731064,true,1785422731105,LeaderAccept
1785422731107,true,1785422731147,LeaderAccept
1785422731150,true,1785422731190,LeaderAccept
1785422731194,true,1785422731235,LeaderAccept
1785422731239,true,1785422731279,LeaderAccept
1785422731284,true,1785422731324,LeaderAccept
1785422731330,false,1785422731371,LeaderAccept
1785422731378,true,1785422731418,LeaderAccept
1785422731427,false,1785422731467,LeaderAccept
1785422731476,false,1785422731517,LeaderAccept
1785422731528,true,1785422731568,LeaderAccept
1785422731580,false,1785422731620,LeaderAccept
1785422731633,true,1785422731674,LeaderAccept
1785422731688,true,1785422731728,LeaderAccept
1785422731744,true,1785422731784,LeaderAccept
1785422731803,true,1785422731843,LeaderAccept
1785422731862,false,1785422731902,LeaderAccept
1785422731924,true,1785422731964,LeaderAccept
1785422731987,true,1785422732027,LeaderAccept
1785422732052,true,1785422732093,LeaderAccept
1785422732120,false,1785422732161,LeaderAccept
1785422732190,false,1785422732230,LeaderAccept
1785422732263,false,1785422732303,LeaderAccept
1785422732338,true,1785422732379,LeaderAccept
1785422732416,false,1785422732457,LeaderAccept
1785422732497,true,1785422732538,LeaderAccept
1785422732582,false,1785422732622,LeaderAccept
1785422732669,true,1785422732710,LeaderAccept
1785422732761,false,1785422732802,LeaderAccept
1785422732857,true,1785422732897,LeaderAccept
1785422732958,true,1785422732999,LeaderAccept
1785422733064,false,1785422733105,LeaderAccept
1785422733176,false,1785422733216,LeaderAccept
1785422733294,false,1785422733334,LeaderAccept
1785422733418,false,1785422733459,LeaderAccept
1785422733551,false,1785422733592,LeaderAccept
1785422733693,false,1785422733733,LeaderAccept
1785422733846,true,1785422733887,LeaderAccept
1785422734010,false,1785422734051,LeaderAccept
1785422734188,true,1785422734229,LeaderAccept
1785422734382,false,1785422734423,LeaderAccept
1785422734596,true,1785422734636,LeaderAccept
1785422734835,false,1785422734875,LeaderAccept
1785422735104,false,1785422735144,LeaderAccept
1785422735412,false,1785422735452,LeaderAccept
1785422735769,true,1785422735809,LeaderAccept
1785422736197,true,1785422736237,LeaderAccept
1785422736727,true,1785422736767,LeaderAccept
1785422737417,true,1785422737457,LeaderAccept
1785422738390,false,1785422738431,LeaderAccept
1785422739973,true,1785422740014,LeaderAccept
1785422743466,false,,
1785422763480,false,1785422763521,LeaderAccept
1785422794337,true,,
1785422794370,true,,
1785422794402,true,,
1785422794435,true,1785422794534,LeaderAccept
1785422794470,false,1785422794534,LeaderAccept
1785422794504,false,1785422794544,LeaderAccept
1785422794539,false,1785422794579,LeaderAccept
1785422794576,true,1785422794616,LeaderAccept
1785422794613,true,1785422794652,LeaderAccept
1785422794649,true,1785422794689,LeaderAccept
1785422794686,false,1785422794726,LeaderAccept
1785422794724,false,1785422794764,LeaderAccept
1785422794764,true,1785422794804,LeaderAccept
1785422794803,false,1785422794843,LeaderAccept
1785422794843,true,1785422794883,LeaderAccept
1785422794884,true,1785422794924,LeaderAccept
1785422794927,false,1785422794967,LeaderAccept
1785422794969,true,1785422795009,LeaderAccept
1785422795012,true,1785422795053,LeaderAccept
1785422795057,false,1785422795097,LeaderAccept
1785422795103,true,1785422795143,LeaderAccept
1785422795149,true,1785422795189,LeaderAccept
1785422795197,true,1785422795238,LeaderAccept
1785422795247,false,1785422795287,LeaderAccept
1785422795296,true,1785422795336,LeaderAccept
1785422795347,true,1785422795388,LeaderAccept
1785422795401,true,1785422795441,LeaderAccept
1785422795455,true,1785422795495,LeaderAccept
1785422795511,false,1785422795551,LeaderAccept
1785422795567,false,1785422795608,LeaderAccept
1785422795626,false,1785422795666,LeaderAccept
1785422795687,true,1785422795727,LeaderAccept
1785422795748,false,1785422795788,LeaderAccept
1785422795813,true,1785422795853,LeaderAccept
1785422795878,false,1785422795918,LeaderAccept
1785422795947,true,1785422795986,LeaderAccept
1785422796018,true,1785422796058,LeaderAccept
1785422796090,false,1785422796131,LeaderAccept
1785422796166,true,1785422796206,LeaderAccept
1785422796244,false,1785422796284,LeaderAccept
1785422796327,true,1785422796367,LeaderAccept
1785422796411,true,1785422796451,LeaderAccept
1785422796499,true,1785422796539,LeaderAccept
1785422796593,false,1785422796633,LeaderAccept
1785422796690,true,1785422796730,LeaderAccept
1785422796793,false,1785422796833,LeaderAccept
1785422796900,true,1785422796941,LeaderAccept
1785422797013,false,1785422797054,LeaderAccept
1785422797132,false,1785422797172,LeaderAccept
1785422797260,false,1785422797300,LeaderAccept
1785422797394,true,1785422797435,LeaderAccept
1785422797539,false,1785422797579,LeaderAccept
1785422797694,false,1785422797734,LeaderAccept
1785422797863,true,1785422797903,LeaderAccept
1785422798046,false,1785422798086,LeaderAccept
1785422798246,false,1785422798286,LeaderAccept
1785422798467,true,1785422798506,LeaderAccept
1785422798713,false,1785422798753,LeaderAccept
1785422798991,true,1785422799030,LeaderAccept
1785422799310,true,1785422799350,LeaderAccept
1785422799684,true,1785422799724,LeaderAccept
1785422800136,true,1785422800175,LeaderAccept
1785422800700,false,1785422800741,LeaderAccept
1785422801450,true,1785422801490,LeaderAccept
1785422802538,false,1785422802578,LeaderAccept
1785422804414,true,1785422804453,LeaderAccept
1785422809202,true,,
1785422838738,true,1785422838778,LeaderAccept
1785422838765,true,1785422838805,LeaderAccept
1785422838793,false,1785422838833,LeaderAccept
1785422838822,false,1785422838862,LeaderAccept
1785422838851,true,1785422838891,LeaderAccept
1785422838880,true,1785422838919,LeaderAccept
1785422838910,true,1785422838950,LeaderAccept
1785422838940,true,1785422838980,LeaderAccept
1785422838970,true,1785422839011,LeaderAccept
1785422839002,false,1785422839042,LeaderAccept
1785422839033,false,1785422839073,LeaderAccept
1785422839065,true,1785422839105,LeaderAccept
1785422839097,false,1785422839137,LeaderAccept
1785422839130,true,1785422839170,LeaderAccept
1785422839164,true,1785422839203,LeaderAccept
1785422839197,false,1785422839237,LeaderAccept
1785422839231,true,1785422839271,LeaderAccept
1785422839266,true,1785422839306,LeaderAccept
1785422839301,true,1785422839341,LeaderAccept
1785422839337,true,1785422839377,LeaderAccept
1785422839374,false,1785422839414,LeaderAccept
1785422839411,false,1785422839451,LeaderAccept
1785422839449,true,1785422839490,LeaderAccept
1785422839489,true,1785422839530,LeaderAccept
1785422839528,false,1785422839568,LeaderAccept
1785422839568,false,1785422839609,LeaderAccept
1785422839610,true,1785422839650,LeaderAccept
1785422839652,false,1785422839692,LeaderAccept
1785422839694,true,1785422839734,LeaderAccept
1785422839737,false,1785422839777,LeaderAccept
1785422839782,false,1785422839822,LeaderAccept
1785422839827,false,1785422839868,LeaderAccept
1785422839873,true,1785422839913,LeaderAccept
1785422839920,false,1785422839960,LeaderAccept
1785422839968,false,1785422840009,LeaderAccept
1785422840019,true,1785422840059,LeaderAccept
1785422840071,false,1785422840111,LeaderAccept
1785422840123,false,1785422840164,LeaderAccept
1785422840177,false,1785422840218,LeaderAccept
1785422840233,true,1785422840273,LeaderAccept
1785422840289,false,1785422840330,LeaderAccept
1785422840348,false,1785422840388,LeaderAccept
1785422840408,false,1785422840448,LeaderAccept
1785422840469,true,1785422840509,LeaderAccept
1785422840532,true,1785422840573,LeaderAccept
1785422840598,false,1785422840638,LeaderAccept
1785422840667,true,1785422840707,LeaderAccept
1785422840737,false,1785422840777,LeaderAccept
1785422840811,true,1785422840851,LeaderAccept
1785422840886,false,1785422840926,LeaderAccept
1785422840965,true,1785422841005,LeaderAccept
1785422841046,true,1785422841087,LeaderAccept
1785422841131,false,1785422841171,LeaderAccept
1785422841219,false,1785422841259,LeaderAccept
1785422841312,true,1785422841352,LeaderAccept
1785422841408,false,1785422841448,LeaderAccept
1785422841509,false,1785422841550,LeaderAccept
1785422841616,true,1785422841657,LeaderAccept
1785422841728,true,1785422841768,LeaderAccept
1785422841846,true,1785422841886,LeaderAccept
1785422841973,false,1785422842013,LeaderAccept
1785422842106,true,,
1785422842250,false,1785422842299,LeaderAccept
1785422842404,false,1785422842444,LeaderAccept
1785422842569,false,1785422842610,LeaderAccept
1785422842749,true,1785422842789,LeaderAccept
1785422842947,false,1785422842987,LeaderAccept
1785422843165,true,1785422843205,LeaderAccept
1785422843406,true,1785422843447,LeaderAccept
1785422843679,true,1785422843720,LeaderAccept
1785422843993,true,1785422844033,LeaderAccept
1785422844359,false,1785422844399,LeaderAccept
1785422844798,true,1785422844838,LeaderAccept
1785422845345,true,1785422845385,LeaderAccept
1785422846063,true,1785422846103,LeaderAccept
1785422847090,false,1785422847131,LeaderAccept
1785422848807,false,1785422848847,LeaderAccept
1785422852853,false,1785422852894,LeaderAccept
1785422882094,true,1785422882134,LeaderAccept
1785422882120,true,1785422882161,LeaderAccept
1785422882147,true,1785422882187,LeaderAccept
1785422882175,true,1785422882214,LeaderAccept
1785422882202,true,1785422882243,LeaderAccept
1785422882231,false,1785422882271,LeaderAccept
1785422882259,true,1785422882299,LeaderAccept
1785422882288,true,1785422882329,LeaderAccept
1785422882318,true,1785422882358,LeaderAccept
1785422882348,true,1785422882388,LeaderAccept
1785422882378,false,1785422882418,LeaderAccept
1785422882408,false,1785422882448,LeaderAccept
1785422882439,true,1785422882479,LeaderAccept
1785422882470,true,1785422882510,LeaderAccept
1785422882503,false,1785422882543,LeaderAccept
1785422882535,false,1785422882576,LeaderAccept
1785422882569,false,1785422882609,LeaderAccept
1785422882603,true,1785422882643,LeaderAccept
1785422882637,false,1785422882677,LeaderAccept
1785422882671,true,1785422882712,LeaderAccept
1785422882706,true,1785422882746,LeaderAccept
1785422882743,true,1785422882783,LeaderAccept
1785422882779,true,1785422882819,LeaderAccept
1785422882816,true,1785422882855,LeaderAccept
1785422882854,true,1785422882894,LeaderAccept
1785422882893,true,1785422882933,LeaderAccept
1785422882933,true,1785422882973,LeaderAccept
1785422882972,true,1785422883013,LeaderAccept
1785422883013,false,1785422883053,LeaderAccept
1785422883054,true,1785422883094,LeaderAccept
1785422883097,false,1785422883137,LeaderAccept
1785422883139,true,1785422883179,LeaderAccept
1785422883183,false,1785422883223,LeaderAccept
1785422883229,true,1785422883269,LeaderAccept
1785422883274,true,1785422883314,LeaderAccept
1785422883322,false,1785422883362,LeaderAccept
1785422883369,true,1785422883409,LeaderAccept
1785422883418,true,1785422883459,LeaderAccept
1785422883469,false,1785422883510,LeaderAccept
1785422883521,false,1785422883561,LeaderAccept
1785422883574,true,1785422883613,LeaderAccept
1785422883628,false,1785422883668,LeaderAccept
1785422883685,true,1785422883725,LeaderAccept
1785422883742,true,1785422883783,LeaderAccept
1785422883801,false,1785422883841,LeaderAccept
1785422883862,false,1785422883902,LeaderAccept
1785422883924,false,1785422883965,LeaderAccept
1785422883989,false,1785422884030,LeaderAccept
1785422884056,true,1785422884096,LeaderAccept
1785422884126,true,1785422884166,LeaderAccept
1785422884198,true,1785422884238,LeaderAccept
1785422884271,false,1785422884311,LeaderAccept
1785422884349,true,1785422884389,LeaderAccept
1785422884428,false,1785422884469,LeaderAccept
1785422884511,false,1785422884552,LeaderAccept
1785422884597,false,1785422884638,LeaderAccept
1785422884687,true,1785422884727,LeaderAccept
1785422884782,true,1785422884822,LeaderAccept
1785422884880,true,1785422884920,LeaderAccept
1785422884984,true,1785422885024,LeaderAccept
1785422885092,false,1785422885132,LeaderAccept
1785422885208,true,1785422885248,LeaderAccept
1785422885329,false,1785422885369,LeaderAccept
1785422885459,false,1785422885499,LeaderAccept
1785422885597,true,1785422885637,LeaderAccept
1785422885744,false,1785422885785,LeaderAccept
1785422885903,false,1785422885943,LeaderAccept
1785422886075,false,1785422886115,LeaderAccept
1785422886262,false,1785422886303,LeaderAccept
1785422886467,false,1785422886507,LeaderAccept
1785422886695,true,1785422886735,LeaderAccept
1785422886950,false,1785422886990,LeaderAccept
1785422887238,true,1785422887278,LeaderAccept
1785422887572,false,1785422887612,LeaderAccept
1785422887966,false,1785422888006,LeaderAccept
1785422888446,false,1785422888487,LeaderAccept
1785422889055,false,1785422889096,LeaderAccept
1785422889881,false,1785422889921,LeaderAccept
1785422891129,false,1785422891169,LeaderAccept
1785422893458,false,1785422893498,LeaderAccept
1785422900915,false,1785422900955,LeaderAccept
1785422905442,false,1785422905482,LeaderAccept
1785422905466,false,1785422905506,LeaderAccept
1785422905491,false,1785422905532,LeaderAccept
1785422905517,false,1785422905557,LeaderAccept
1785422905542,true,1785422905582,LeaderAccept
1785422905569,true,1785422905609,LeaderAccept
1785422905596,false,1785422905635,LeaderAccept
1785422905622,true,1785422905662,LeaderAccept
1785422905649,false,1785422905688,LeaderAccept
1785422905676,true,1785422905716,LeaderAccept
1785422905704,false,1785422905744,LeaderAccept
1785422905731,true,1785422905771,LeaderAccept
1785422905760,true,1785422905800,LeaderAccept
1785422905789,true,1785422905828,LeaderAccept
1785422905817,true,1785422905856,LeaderAccept
1785422905846,true,1785422905887,LeaderAccept
1785422905877,true,1785422905916,LeaderAccept
1785422905907,true,1785422905947,LeaderAccept
1785422905938,true,1785422905978,LeaderAccept
1785422905969,false,1785422906009,LeaderAccept
1785422906000,false,1785422906040,LeaderAccept
1785422906033,false,1785422906073,LeaderAccept
1785422906065,false,1785422906105,LeaderAccept
1785422906098,false,1785422906138,LeaderAccept
1785422906132,false,1785422906171,LeaderAccept
1785422906165,false,1785422906205,LeaderAccept
1785422906200,false,1785422906239,LeaderAccept
1785422906235,true,1785422906275,LeaderAccept
1785422906272,false,1785422906312,LeaderAccept
1785422906308,false,1785422906348,LeaderAccept
1785422906345,false,1785422906385,LeaderAccept
1785422906383,false,1785422906423,LeaderAccept
1785422906422,false,1785422906463,LeaderAccept
1785422906462,false,1785422906502,LeaderAccept
1785422906501,false,1785422906541,LeaderAccept
1785422906542,false,1785422906583,LeaderAccept
1785422906584,true,1785422906624,LeaderAccept
1785422906626,true,1785422906667,LeaderAccept
1785422906670,true,1785422906710,LeaderAccept
1785422906714,false,1785422906755,LeaderAccept
1785422906760,true,1785422906800,LeaderAccept
1785422906806,false,1785422906847,LeaderAccept
1785422906854,false,1785422906894,LeaderAccept
1785422906902,true,1785422906943,LeaderAccept
1785422906952,false,1785422906992,LeaderAccept
1785422907004,true,1785422907044,LeaderAccept
1785422907055,false,1785422907095,LeaderAccept
1785422907108,false,1785422907148,LeaderAccept
1785422907164,false,1785422907204,LeaderAccept
1785422907221,false,1785422907261,LeaderAccept
1785422907280,false,1785422907319,LeaderAccept
1785422907340,true,1785422907380,LeaderAccept
1785422907401,false,1785422907442,LeaderAccept
1785422907464,false,1785422907504,LeaderAccept
1785422907529,false,1785422907570,LeaderAccept
1785422907597,false,1785422907637,LeaderAccept
1785422907666,false,1785422907707,LeaderAccept
1785422907738,false,1785422907779,LeaderAccept
1785422907814,true,1785422907854,LeaderAccept
1785422907892,false,1785422907933,LeaderAccept
1785422907974,true,1785422908014,LeaderAccept
1785422908059,false,1785422908099,LeaderAccept
1785422908146,false,1785422908186,LeaderAccept
1785422908238,false,1785422908278,LeaderAccept
1785422908334,false,1785422908374,LeaderAccept
1785422908434,false,1785422908475,LeaderAccept
1785422908539,true,1785422908579,LeaderAccept
1785422908651,false,1785422908691,LeaderAccept
1785422908769,false,1785422908809,LeaderAccept
1785422908893,false,1785422908933,LeaderAccept
1785422909026,false,1785422909066,LeaderAccept
1785422909167,true,1785422909207,LeaderAccept
1785422909319,true,1785422909359,LeaderAccept
1785422909483,true,1785422909524,LeaderAccept
1785422909660,false,1785422909700,LeaderAccept
1785422909854,false,1785422909894,LeaderAccept
1785422910067,true,1785422910108,LeaderAccept
1785422910305,false,1785422910345,LeaderAccept
1785422910571,false,1785422910612,LeaderAccept
1785422910876,false,1785422910917,LeaderAccept
1785422911232,false,1785422911272,LeaderAccept
1785422911657,true,1785422911697,LeaderAccept
1785422912180,true,1785422912220,LeaderAccept
1785422912861,true,1785422912901,LeaderAccept
1785422913816,false,1785422913856,LeaderAccept
1785422915356,false,1785422915396,LeaderAccept
1785422918680,true,1785422918720,LeaderAccept
1785422936195,true,1785422936235,LeaderAccept
1785422946965,true,1785422947005,LeaderAccept
1785422946986,true,1785422947027,LeaderAccept
1785422947007,false,1785422947048,LeaderAccept
1785422947030,true,1785422947070,LeaderAccept
1785422947052,false,1785422947092,LeaderAccept
1785422947074,false,1785422947114,LeaderAccept
1785422947097,true,1785422947137,LeaderAccept
1785422947120,true,1785422947160,LeaderAccept
1785422947143,false,1785422947184,LeaderAccept
1785422947167,false,1785422947207,LeaderAccept
1785422947190,true,1785422947230,LeaderAccept
1785422947213,false,1785422947253,LeaderAccept
1785422947238,false,1785422947278,LeaderAccept
1785422947263,true,1785422947303,LeaderAccept
1785422947288,true,1785422947328,LeaderAccept
1785422947312,false,1785422947353,LeaderAccept
1785422947337,false,1785422947378,LeaderAccept
1785422947363,true,1785422947403,LeaderAccept
1785422947388,true,1785422947428,LeaderAccept
1785422947414,false,1785422947454,LeaderAccept
1785422947440,false,1785422947481,LeaderAccept
1785422947468,false,1785422947508,LeaderAccept
1785422947495,false,1785422947535,LeaderAccept
1785422947522,true,1785422947563,LeaderAccept
1785422947550,false,1785422947591,LeaderAccept
1785422947578,true,1785422947618,LeaderAccept
1785422947607,true,1785422947647,LeaderAccept
1785422947636,true,1785422947676,LeaderAccept
1785422947665,true,1785422947706,LeaderAccept
1785422947696,true,1785422947736,LeaderAccept
1785422947726,false,1785422947766,LeaderAccept
1785422947756,false,1785422947797,LeaderAccept
1785422947788,false,1785422947829,LeaderAccept
1785422947819,true,1785422947860,LeaderAccept
1785422947852,false,1785422947891,LeaderAccept
1785422947884,false,1785422947924,LeaderAccept
1785422947918,false,1785422947958,LeaderAccept
1785422947951,false,1785422947991,LeaderAccept
1785422947986,true,1785422948026,LeaderAccept
1785422948021,false,1785422948061,LeaderAccept
1785422948056,false,1785422948096,LeaderAccept
1785422948092,false,1785422948133,LeaderAccept
1785422948129,true,1785422948170,LeaderAccept
1785422948166,false,1785422948206,LeaderAccept
1785422948205,true,1785422948245,LeaderAccept
1785422948244,true,1785422948284,LeaderAccept
1785422948283,false,1785422948324,LeaderAccept
1785422948323,true,1785422948364,LeaderAccept
1785422948365,true,1785422948405,LeaderAccept
1785422948406,false,1785422948446,LeaderAccept
1785422948448,false,1785422948488,LeaderAccept
1785422948493,false,1785422948533,LeaderAccept
1785422948538,false,1785422948578,LeaderAccept
1785422948583,false,1785422948623,LeaderAccept
1785422948629,false,1785422948669,LeaderAccept
1785422948678,true,1785422948718,LeaderAccept
1785422948726,false,1785422948766,LeaderAccept
1785422948776,false,1785422948816,LeaderAccept
1785422948828,true,1785422948868,LeaderAccept
1785422948880,true,1785422948920,LeaderAccept
1785422948935,true,1785422948975,LeaderAccept
1785422948989,false,1785422949030,LeaderAccept
1785422949046,true,1785422949086,LeaderAccept
1785422949104,false,1785422949144,LeaderAccept
1785422949164,true,1785422949205,LeaderAccept
1785422949227,false,1785422949267,LeaderAccept
1785422949290,false,1785422949330,LeaderAccept
1785422949357,true,1785422949397,LeaderAccept
1785422949424,true,1785422949465,LeaderAccept
1785422949495,true,1785422949535,LeaderAccept
1785422949568,false,1785422949608,LeaderAccept
1785422949643,true,1785422949683,LeaderAccept
1785422949722,false,1785422949762,LeaderAccept
1785422949803,false,1785422949843,LeaderAccept
1785422949887,false,1785422949928,LeaderAccept
1785422949975,true,1785422950016,LeaderAccept
1785422950068,true,1785422950108,LeaderAccept
1785422950165,true,1785422950205,LeaderAccept
1785422950266,false,1785422950306,LeaderAccept
1785422950374,false,1785422950414,LeaderAccept
1785422950487,false,1785422950527,LeaderAccept
1785422950605,false,1785422950646,LeaderAccept
1785422950731,false,1785422950772,LeaderAccept
1785422950865,false,1785422950905,LeaderAccept
1785422951008,false,1785422951049,LeaderAccept
1785422951162,false,1785422951202,LeaderAccept
1785422951329,false,1785422951370,LeaderAccept
1785422951509,false,1785422951549,LeaderAccept
1785422951707,false,1785422951748,LeaderAccept
1785422951925,false,1785422951965,LeaderAccept
1785422952168,true,1785422952208,LeaderAccept
1785422952441,false,1785422952482,LeaderAccept
1785422952754,true,1785422952794,LeaderAccept
1785422953120,false,1785422953161,LeaderAccept
1785422953561,false,1785422953601,LeaderAccept
1785422954108,true,1785422954149,LeaderAccept
1785422954829,false,1785422954869,LeaderAccept
1785422955860,true,1785422955900,LeaderAccept
1785422957588,true,1785422957629,LeaderAccept
1785422961686,false,1785422961727,LeaderAccept
1785422992323,false,1785422992364,LeaderAccept
1785422992341,false,1785422992381,LeaderAccept
1785422992359,true,1785422992399,LeaderAccept
1785422992378,false,1785422992418,LeaderAccept
1785422992396,false,1785422992437,LeaderAccept
1785422992414,false,1785422992455,LeaderAccept
1785422992434,false,1785422992474,LeaderAccept
1785422992453,true,1785422992493,LeaderAccept
1785422992472,true,1785422992513,LeaderAccept
1785422992492,false,1785422992532,LeaderAccept
1785422992512,true,1785422992552,LeaderAccept
1785422992532,true,1785422992572,LeaderAccept
1785422992551,true,1785422992592,LeaderAccept
1785422992571,false,1785422992612,LeaderAccept
1785422992592,false,1785422992632,LeaderAccept
1785422992612,true,1785422992652,LeaderAccept
1785422992632,true,1785422992673,LeaderAccept
1785422992652,true,1785422992693,LeaderAccept
1785422992672,true,1785422992712,LeaderAccept
1785422992694,false,1785422992735,LeaderAccept
1785422992715,false,1785422992755,LeaderAccept
1785422992737,false,1785422992777,LeaderAccept
1785422992758,true,1785422992798,LeaderAccept
1785422992780,false,1785422992821,LeaderAccept
1785422992803,true,1785422992843,LeaderAccept
1785422992825,false,1785422992865,LeaderAccept
1785422992848,true,1785422992888,LeaderAccept
1785422992871,false,1785422992911,LeaderAccept
1785422992893,false,1785422992934,LeaderAccept
1785422992916,true,1785422992957,LeaderAccept
1785422992940,true,1785422992981,LeaderAccept
1785422992963,true,1785422993003,LeaderAccept
1785422992987,true,1785422993028,LeaderAccept
1785422993011,true,1785422993052,LeaderAccept
1785422993035,true,1785422993076,LeaderAccept
1785422993060,false,1785422993101,LeaderAccept
1785422993086,false,1785422993127,LeaderAccept
1785422993111,false,1785422993152,LeaderAccept
1785422993136,false,1785422993177,LeaderAccept
1785422993162,true,1785422993203,LeaderAccept
1785422993189,false,1785422993229,LeaderAccept
1785422993215,true,1785422993255,LeaderAccept
1785422993243,true,1785422993283,LeaderAccept
1785422993271,false,1785422993311,LeaderAccept
1785422993298,true,1785422993339,LeaderAccept
1785422993326,true,1785422993367,LeaderAccept
1785422993356,false,1785422993395,LeaderAccept
1785422993385,false,1785422993425,LeaderAccept
1785422993415,true,1785422993455,LeaderAccept
1785422993444,true,1785422993484,LeaderAccept
1785422993474,true,1785422993514,LeaderAccept
1785422993505,false,1785422993545,LeaderAccept
1785422993537,true,1785422993577,LeaderAccept
1785422993568,true,1785422993609,LeaderAccept
1785422993601,false,1785422993640,LeaderAccept
1785422993633,false,1785422993673,LeaderAccept
1785422993667,true,1785422993707,LeaderAccept
1785422993701,true,1785422993741,LeaderAccept
1785422993734,false,1785422993775,LeaderAccept
1785422993769,true,1785422993810,LeaderAccept
1785422993804,true,1785422993844,LeaderAccept
1785422993840,true,1785422993881,LeaderAccept
1785422993878,true,1785422993918,LeaderAccept
1785422993914,true,1785422993955,LeaderAccept
1785422993953,false,1785422993993,LeaderAccept
1785422993992,true,1785422994032,LeaderAccept
1785422994031,true,1785422994071,LeaderAccept
1785422994071,false,1785422994112,LeaderAccept
1785422994113,true,1785422994153,LeaderAccept
1785422994154,true,1785422994196,LeaderAccept
1785422994197,true,1785422994237,LeaderAccept
1785422994240,false,1785422994280,LeaderAccept
1785422994284,false,1785422994325,LeaderAccept
1785422994330,true,1785422994370,LeaderAccept
1785422994376,true,1785422994417,LeaderAccept
1785422994423,false,1785422994464,LeaderAccept
1785422994472,true,1785422994512,LeaderAccept
1785422994521,true,1785422994562,LeaderAccept
1785422994572,true,1785422994612,LeaderAccept
1785422994624,false,1785422994665,LeaderAccept
1785422994678,false,1785422994718,LeaderAccept
1785422994732,false,1785422994773,LeaderAccept
1785422994789,false,1785422994829,LeaderAccept
1785422994847,false,1785422994887,LeaderAccept
1785422994906,true,1785422994947,LeaderAccept
1785422994967,true,1785422995007,LeaderAccept
1785422995031,false,1785422995071,LeaderAccept
1785422995096,false,1785422995137,LeaderAccept
1785422995163,true,1785422995204,LeaderAccept
1785422995233,true,1785422995273,LeaderAccept
1785422995306,false,1785422995346,LeaderAccept
1785422995381,true,1785422995421,LeaderAccept
1785422995459,true,1785422995499,LeaderAccept
1785422995539,true,1785422995580,LeaderAccept
1785422995623,false,1785422995664,LeaderAccept
1785422995711,false,1785422995751,LeaderAccept
1785422995803,false,1785422995843,LeaderAccept
1785422995898,true,1785422995938,LeaderAccept
1785422995999,false,1785422996039,LeaderAccept
1785422996105,true,1785422996145,LeaderAccept
1785422996215,true,1785422996256,LeaderAccept
1785422996333,false,1785422996374,LeaderAccept
1785422996458,false,1785422996499,LeaderAccept
1785422996590,true,1785422996631,LeaderAccept
1785422996731,true,1785422996771,LeaderAccept
1785422996883,true,1785422996924,LeaderAccept
1785422997046,false,1785422997087,LeaderAccept
1785422997222,true,1785422997263,LeaderAccept
1785422997415,false,1785422997456,LeaderAccept
1785422997627,false,1785422997667,LeaderAccept
1785422997863,true,1785422997904,LeaderAccept
1785422998128,true,1785422998168,LeaderAccept
1785422998430,true,1785422998471,LeaderAccept
1785422998782,false,1785422998823,LeaderAccept
1785422999201,true,1785422999242,LeaderAccept
1785422999719,false,1785422999759,LeaderAccept
1785423000387,false,1785423000428,LeaderAccept
1785423001321,false,1785423001362,LeaderAccept
1785423002810,true,1785423002851,LeaderAccept
1785423005946,false,1785423005987,LeaderAccept
1785423020975,true,1785423021015,LeaderAccept
1785423033586,true,1785423033626,LeaderAccept
1785423033600,false,1785423033640,LeaderAccept
1785423033616,true,1785423033657,LeaderAccept
1785423033630,true,1785423033671,LeaderAccept
1785423033645,false,1785423033685,LeaderAccept
1785423033660,false,1785423033700,LeaderAccept
1785423033675,false,1785423033715,LeaderAccept
1785423033691,false,1785423033732,LeaderAccept
1785423033707,false,1785423033746,LeaderAccept
1785423033723,false,1785423033763,LeaderAccept
1785423033739,false,1785423033779,LeaderAccept
1785423033755,false,1785423033795,LeaderAccept
1785423033771,true,1785423033811,LeaderAccept
1785423033787,true,1785423033828,LeaderAccept
1785423033804,true,1785423033844,LeaderAccept
1785423033820,true,1785423033861,LeaderAccept
1785423033837,false,1785423033878,LeaderAccept
1785423033853,false,1785423033893,LeaderAccept
1785423033871,false,1785423033912,LeaderAccept
1785423033888,false,1785423033928,LeaderAccept
1785423033905,true,1785423033945,LeaderAccept
1785423033921,false,1785423033961,LeaderAccept
1785423033938,false,1785423033978,LeaderAccept
1785423033956,true,1785423033996,LeaderAccept
1785423033973,false,1785423034013,LeaderAccept
1785423033991,false,1785423034031,LeaderAccept
1785423034009,true,1785423034050,LeaderAccept
1785423034028,true,1785423034067,LeaderAccept
1785423034046,true,1785423034085,LeaderAccept
1785423034064,true,1785423034104,LeaderAccept
1785423034083,false,1785423034123,LeaderAccept
1785423034102,false,1785423034142,LeaderAccept
1785423034120,false,1785423034160,LeaderAccept
1785423034140,false,1785423034180,LeaderAccept
1785423034159,true,1785423034200,LeaderAccept
1785423034179,true,1785423034219,LeaderAccept
1785423034199,false,1785423034239,LeaderAccept
1785423034219,true,1785423034259,LeaderAccept
1785423034238,true,1785423034279,LeaderAccept
1785423034259,false,1785423034299,LeaderAccept
1785423034278,true,1785423034318,LeaderAccept
1785423034298,true,1785423034339,LeaderAccept
1785423034318,true,1785423034358,LeaderAccept
1785423034340,false,1785423034380,LeaderAccept
1785423034361,true,1785423034402,LeaderAccept
1785423034382,false,1785423034422,LeaderAccept
1785423034404,false,1785423034444,LeaderAccept
1785423034425,true,1785423034465,LeaderAccept
1785423034447,true,1785423034487,LeaderAccept
1785423034469,true,1785423034509,LeaderAccept
1785423034492,true,1785423034532,LeaderAccept
1785423034515,true,1785423034555,LeaderAccept
1785423034538,true,1785423034578,LeaderAccept
1785423034561,false,1785423034600,LeaderAccept
1785423034583,false,1785423034623,LeaderAccept
1785423034607,true,1785423034647,LeaderAccept
1785423034631,true,1785423034672,LeaderAccept
1785423034655,true,1785423034695,LeaderAccept
1785423034680,true,1785423034720,LeaderAccept
1785423034705,true,1785423034745,LeaderAccept
1785423034729,false,1785423034770,LeaderAccept
1785423034755,false,1785423034795,LeaderAccept
1785423034780,true,1785423034820,LeaderAccept
1785423034806,true,1785423034846,LeaderAccept
1785423034832,false,1785423034873,LeaderAccept
1785423034860,false,1785423034899,LeaderAccept
1785423034887,false,1785423034927,LeaderAccept
1785423034915,false,1785423034955,LeaderAccept
1785423034942,true,1785423034982,LeaderAccept
1785423034970,false,1785423035010,LeaderAccept
1785423034998,true,1785423035039,LeaderAccept
1785423035027,false,1785423035068,LeaderAccept
1785423035057,true,1785423035098,LeaderAccept
1785423035086,false,1785423035127,LeaderAccept
1785423035117,true,1785423035157,LeaderAccept
1785423035147,true,1785423035187,LeaderAccept
1785423035178,false,1785423035217,LeaderAccept
1785423035208,true,1785423035249,LeaderAccept
1785423035241,false,1785423035281,LeaderAccept
1785423035273,false,1785423035313,LeaderAccept
1785423035305,false,1785423035345,LeaderAccept
1785423035338,true,1785423035379,LeaderAccept
1785423035373,false,1785423035412,LeaderAccept
1785423035408,true,1785423035449,LeaderAccept
1785423035443,true,1785423035483,LeaderAccept
1785423035478,false,1785423035518,LeaderAccept
1785423035514,false,1785423035554,LeaderAccept
1785423035550,false,1785423035590,LeaderAccept
1785423035587,false,1785423035627,LeaderAccept
1785423035626,false,1785423035666,LeaderAccept
1785423035665,true,1785423035705,LeaderAccept
1785423035705,true,1785423035745,LeaderAccept
1785423035745,false,1785423035786,LeaderAccept
1785423035787,false,1785423035827,LeaderAccept
1785423035829,false,1785423035869,LeaderAccept
1785423035871,true,1785423035911,LeaderAccept
1785423035914,false,1785423035954,LeaderAccept
1785423035958,false,1785423035998,LeaderAccept
1785423036003,true,1785423036044,LeaderAccept
1785423036050,true,1785423036091,LeaderAccept
1785423036097,true,1785423036138,LeaderAccept
1785423036147,false,1785423036187,LeaderAccept
1785423036197,false,1785423036237,LeaderAccept
1785423036248,true,1785423036289,LeaderAccept
1785423036301,false,1785423036341,LeaderAccept
1785423036356,true,1785423036396,LeaderAccept
1785423036412,true,1785423036452,LeaderAccept
1785423036468,true,1785423036509,LeaderAccept
1785423036526,true,1785423036567,LeaderAccept
1785423036586,true,1785423036626,LeaderAccept
1785423036648,true,1785423036689,LeaderAccept
1785423036712,true,1785423036753,LeaderAccept
1785423036778,false,1785423036818,LeaderAccept
1785423036847,true,1785423036887,LeaderAccept
1785423036917,true,1785423036958,LeaderAccept
1785423036991,true,1785423037031,LeaderAccept
1785423037066,false,1785423037107,LeaderAccept
1785423037146,true,1785423037186,LeaderAccept
1785423037227,true,1785423037272,LeaderAccept
1785423037312,true,1785423037353,LeaderAccept
1785423037401,false,1785423037442,LeaderAccept
1785423037494,true,1785423037535,LeaderAccept
1785423037591,false,1785423037632,LeaderAccept
1785423037694,false,1785423037735,LeaderAccept
1785423037801,true,1785423037842,LeaderAccept
1785423037914,true,1785423037955,LeaderAccept
1785423038033,false,1785423038074,LeaderAccept
1785423038160,true,1785423038201,LeaderAccept
1785423038294,false,1785423038334,LeaderAccept
1785423038439,false,1785423038479,LeaderAccept
1785423038594,true,1785423038634,LeaderAccept
1785423038760,false,1785423038801,LeaderAccept
1785423038943,false,1785423038983,LeaderAccept
1785423039142,false,1785423039182,LeaderAccept
1785423039362,true,1785423039402,LeaderAccept
1785423039607,false,1785423039647,LeaderAccept
1785423039884,true,1785423039924,LeaderAccept
1785423040202,false,1785423040242,LeaderAccept
1785423040573,true,1785423040614,LeaderAccept
1785423041022,true,1785423041062,LeaderAccept
1785423041582,true,1785423041623,LeaderAccept
1785423042322,false,1785423042362,LeaderAccept
1785423043394,false,1785423043434,LeaderAccept
1785423045224,false,1785423045265,LeaderAccept
1785423049794,false,1785423049835,LeaderAccept
1785423084306,true,,
1785423084323,true,1785423084363,LeaderAccept
1785423084340,false,1785423084381,LeaderAccept
1785423084358,true,1785423084398,LeaderAccept
1785423084376,false,1785423084415,LeaderAccept
1785423084394,true,1785423084434,LeaderAccept
1785423084412,false,1785423084452,LeaderAccept
1785423084431,true,1785423084471,LeaderAccept
1785423084448,true,1785423084488,LeaderAccept
1785423084466,false,1785423084507,LeaderAccept
1785423084485,true,1785423084525,LeaderAccept
1785423084504,false,1785423084543,LeaderAccept
1785423084523,false,1785423084563,LeaderAccept
1785423084543,true,1785423084583,LeaderAccept
1785423084563,false,1785423084602,LeaderAccept
1785423084582,true,1785423084622,LeaderAccept
1785423084602,false,1785423084642,LeaderAccept
1785423084621,false,1785423084661,LeaderAccept
1785423084642,false,1785423084682,LeaderAccept
1785423084662,true,1785423084702,LeaderAccept
1785423084682,true,1785423084722,LeaderAccept
1785423084702,true,1785423084742,LeaderAccept
1785423084724,true,1785423084764,LeaderAccept
1785423084745,true,1785423084785,LeaderAccept
1785423084765,false,1785423084806,LeaderAccept
1785423084787,false,1785423084827,LeaderAccept
1785423084809,true,1785423084849,LeaderAccept
1785423084830,false,1785423084870,LeaderAccept
1785423084852,true,1785423084892,LeaderAccept
1785423084874,false,1785423084915,LeaderAccept
1785423084897,true,1785423084937,LeaderAccept
1785423084921,true,1785423084961,LeaderAccept
1785423084943,false,1785423084984,LeaderAccept
1785423084966,true,1785423085006,LeaderAccept
1785423084989,true,1785423085029,LeaderAccept
1785423085014,true,1785423085054,LeaderAccept
1785423085038,true,1785423085078,LeaderAccept
1785423085061,true,1785423085101,LeaderAccept
1785423085086,false,1785423085126,LeaderAccept
1785423085111,false,1785423085151,LeaderAccept
1785423085135,false,1785423085174,LeaderAccept
1785423085160,false,1785423085200,LeaderAccept
1785423085186,true,1785423085225,LeaderAccept
1785423085211,false,1785423085251,LeaderAccept
1785423085238,false,1785423085278,LeaderAccept
1785423085264,false,1785423085304,LeaderAccept
1785423085291,false,1785423085331,LeaderAccept
1785423085319,true,1785423085359,LeaderAccept
1785423085346,true,1785423085386,LeaderAccept
1785423085374,true,1785423085415,LeaderAccept
1785423085403,true,1785423085443,LeaderAccept
1785423085431,false,1785423085472,LeaderAccept
1785423085461,false,1785423085501,LeaderAccept
1785423085491,true,1785423085531,LeaderAccept
1785423085521,false,1785423085561,LeaderAccept
1785423085552,false,1785423085592,LeaderAccept
1785423085584,true,1785423085624,LeaderAccept
1785423085615,false,1785423085655,LeaderAccept
1785423085648,true,1785423085688,LeaderAccept
1785423085680,false,1785423085720,LeaderAccept
1785423085713,true,1785423085753,LeaderAccept
1785423085747,true,1785423085788,LeaderAccept
1785423085782,true,1785423085822,LeaderAccept
1785423085817,false,1785423085857,LeaderAccept
1785423085852,false,1785423085892,LeaderAccept
1785423085889,true,1785423085928,LeaderAccept
1785423085926,false,1785423085966,LeaderAccept
1785423085964,true,1785423086003,LeaderAccept
1785423086002,false,1785423086042,LeaderAccept
1785423086041,false,1785423086081,LeaderAccept
1785423086080,true,1785423086120,LeaderAccept
1785423086120,false,1785423086160,LeaderAccept
1785423086160,true,1785423086200,LeaderAccept
1785423086202,true,1785423086242,LeaderAccept
1785423086244,false,1785423086285,LeaderAccept
1785423086287,true,1785423086327,LeaderAccept
1785423086331,false,1785423086372,LeaderAccept
1785423086377,true,1785423086417,LeaderAccept
1785423086422,true,1785423086462,LeaderAccept
1785423086469,false,1785423086510,LeaderAccept
1785423086518,true,1785423086558,LeaderAccept
1785423086568,true,1785423086608,LeaderAccept
1785423086618,false,1785423086658,LeaderAccept
1785423086671,false,1785423086711,LeaderAccept
1785423086725,false,1785423086765,LeaderAccept
1785423086780,true,1785423086820,LeaderAccept
1785423086837,false,1785423086877,LeaderAccept
1785423086895,false,1785423086935,LeaderAccept
1785423086955,true,1785423086995,LeaderAccept
1785423087017,false,1785423087058,LeaderAccept
1785423087081,true,1785423087121,LeaderAccept
1785423087146,true,1785423087187,LeaderAccept
1785423087214,false,1785423087255,LeaderAccept
1785423087284,true,1785423087324,LeaderAccept
1785423087357,true,1785423087397,LeaderAccept
1785423087431,true,1785423087471,LeaderAccept
1785423087509,false,1785423087549,LeaderAccept
1785423087591,false,1785423087631,LeaderAccept
1785423087676,true,1785423087716,LeaderAccept
1785423087764,false,1785423087803,LeaderAccept
1785423087856,false,1785423087896,LeaderAccept
1785423087951,false,1785423087991,LeaderAccept
1785423088052,true,1785423088092,LeaderAccept
1785423088157,false,1785423088198,LeaderAccept
1785423088268,false,1785423088308,LeaderAccept
1785423088386,true,1785423088426,LeaderAccept
1785423088510,false,1785423088551,LeaderAccept
1785423088643,false,1785423088684,LeaderAccept
1785423088784,false,1785423088824,LeaderAccept
1785423088935,true,,
1785423089099,true,,
1785423089277,true,,
1785423089470,true,,
1785423089684,true,,
1785423089922,true,,
1785423090188,true,,
1785423090493,false,1785423090533,LeaderAccept
1785423090849,true,1785423090889,LeaderAccept
1785423091273,true,1785423091313,LeaderAccept
1785423091797,true,,
1785423092477,true,1785423092517,LeaderAccept
1785423093431,false,1785423093472,LeaderAccept
1785423094970,false,1785423095010,LeaderAccept
1785423098289,true,1785423098329,LeaderAccept
1785423113907,true,,
1785423113934,true,,
1785423113961,false,,
1785423113989,false,,
1785423114017,true,,
1785423114044,true,,
1785423114073,true,,
1785423114101,false,,
1785423114131,true,,
1785423114160,true,,
1785423114191,true,,
1785423114221,false,,
1785423114251,false,,
1785423114283,false,,
1785423114314,false,1785423114456,LeaderAccept
1785423114347,true,1785423114456,LeaderAccept
1785423114379,false,1785423114456,LeaderAccept
1785423114413,false,1785423114456,LeaderAccept
1785423114446,true,1785423114487,LeaderAccept
1785423114481,true,1785423114521,LeaderAccept
1785423114516,false,1785423114556,LeaderAccept
1785423114551,false,1785423114591,LeaderAccept
1785423114588,false,1785423114628,LeaderAccept
1785423114625,true,1785423114665,LeaderAccept
1785423114661,true,1785423114701,LeaderAccept
1785423114699,true,1785423114739,LeaderAccept
1785423114737,false,1785423114777,LeaderAccept
1785423114776,false,1785423114816,LeaderAccept
1785423114816,false,1785423114856,LeaderAccept
1785423114858,false,1785423114898,LeaderAccept
1785423114899,false,1785423114939,LeaderAccept
1785423114941,false,1785423114981,LeaderAccept
1785423114984,false,1785423115024,LeaderAccept
1785423115029,true,1785423115069,LeaderAccept
1785423115075,true,1785423115115,LeaderAccept
1785423115122,false,1785423115162,LeaderAccept
1785423115170,false,1785423115210,LeaderAccept
1785423115218,true,1785423115258,LeaderAccept
1785423115269,false,1785423115309,LeaderAccept
1785423115320,true,1785423115360,LeaderAccept
1785423115373,false,1785423115413,LeaderAccept
1785423115426,true,1785423115466,LeaderAccept
1785423115481,false,1785423115522,LeaderAccept
1785423115538,true,1785423115578,LeaderAccept
1785423115597,true,1785423115637,LeaderAccept
1785423115657,true,1785423115698,LeaderAccept
1785423115718,true,1785423115758,LeaderAccept
1785423115782,true,1785423115822,LeaderAccept
1785423115848,false,1785423115888,LeaderAccept
1785423115916,true,1785423115956,LeaderAccept
1785423115985,true,1785423116026,LeaderAccept
1785423116058,false,1785423116098,LeaderAccept
1785423116134,true,1785423116174,LeaderAccept
1785423116211,false,1785423116251,LeaderAccept
1785423116293,true,1785423116333,LeaderAccept
1785423116377,false,1785423116417,LeaderAccept
1785423116466,false,1785423116506,LeaderAccept
1785423116558,false,1785423116599,LeaderAccept
1785423116654,true,1785423116694,LeaderAccept
1785423116755,false,1785423116795,LeaderAccept
1785423116860,false,1785423116901,LeaderAccept
1785423116973,true,1785423117014,LeaderAccept
1785423117091,true,1785423117131,LeaderAccept
1785423117217,true,1785423117257,LeaderAccept
1785423117350,false,1785423117390,LeaderAccept
1785423117491,true,1785423117532,LeaderAccept
1785423117644,false,1785423117684,LeaderAccept
1785423117808,true,1785423117849,LeaderAccept
1785423117986,false,1785423118027,LeaderAccept
1785423118181,true,,
1785423118397,false,1785423118437,LeaderAccept
1785423118637,false,,
1785423118906,true,1785423118947,LeaderAccept
1785423119215,false,,
1785423119576,false,1785423119616,LeaderAccept
1785423120006,false,1785423120112,LeaderAccept
1785423120540,true,1785423120580,LeaderAccept
1785423121237,false,1785423121278,LeaderAccept
1785423122225,false,1785423122265,LeaderAccept
1785423123842,false,1785423123882,LeaderAccept
1785423127469,false,1785423127510,LeaderAccept
1785423149710,false,1785423149751,LeaderAccept
1785423159991,false,1785423160031,LeaderAccept
1785423160007,false,1785423160047,LeaderAccept
1785423160022,false,1785423160062,LeaderAccept
1785423160038,false,1785423160077,LeaderAccept
1785423160054,false,1785423160093,LeaderAccept
1785423160069,true,1785423160109,LeaderAccept
1785423160086,false,1785423160126,LeaderAccept
1785423160101,false,1785423160141,LeaderAccept
1785423160117,false,1785423160156,LeaderAccept
1785423160134,false,1785423160173,LeaderAccept
1785423160150,false,1785423160190,LeaderAccept
1785423160167,false,1785423160206,LeaderAccept
1785423160184,true,1785423160224,LeaderAccept
1785423160201,false,1785423160241,LeaderAccept
1785423160217,true,1785423160257,LeaderAccept
1785423160234,false,1785423160274,LeaderAccept
1785423160251,false,1785423160291,LeaderAccept
1785423160268,true,1785423160308,LeaderAccept
1785423160286,false,1785423160326,LeaderAccept
1785423160303,false,1785423160344,LeaderAccept
1785423160321,false,1785423160361,LeaderAccept
1785423160339,false,1785423160379,LeaderAccept
1785423160357,false,1785423160397,LeaderAccept
1785423160376,true,1785423160416,LeaderAccept
1785423160394,true,1785423160434,LeaderAccept
1785423160412,false,1785423160453,LeaderAccept
1785423160431,false,1785423160471,LeaderAccept
1785423160450,false,1785423160490,LeaderAccept
1785423160469,true,1785423160509,LeaderAccept
1785423160489,false,1785423160529,LeaderAccept
1785423160508,true,1785423160549,LeaderAccept
1785423160529,false,1785423160569,LeaderAccept
1785423160548,false,1785423160588,LeaderAccept
1785423160568,false,1785423160608,LeaderAccept
1785423160588,false,1785423160628,LeaderAccept
1785423160608,false,1785423160648,LeaderAccept
1785423160628,false,1785423160668,LeaderAccept
1785423160649,true,1785423160689,LeaderAccept
1785423160670,false,1785423160710,LeaderAccept
1785423160691,false,1785423160731,LeaderAccept
1785423160713,false,1785423160753,LeaderAccept
1785423160734,false,1785423160774,LeaderAccept
1785423160757,false,1785423160797,LeaderAccept
1785423160779,true,1785423160819,LeaderAccept
1785423160801,false,1785423160841,LeaderAccept
1785423160824,true,1785423160864,LeaderAccept
1785423160847,false,1785423160887,LeaderAccept
1785423160869,true,1785423160909,LeaderAccept
1785423160892,true,1785423160932,LeaderAccept
1785423160915,false,1785423160956,LeaderAccept
1785423160939,false,1785423160979,LeaderAccept
1785423160963,true,1785423161003,LeaderAccept
1785423160987,false,1785423161027,LeaderAccept
1785423161012,false,1785423161052,LeaderAccept
1785423161036,false,1785423161076,LeaderAccept
1785423161061,true,1785423161101,LeaderAccept
1785423161087,true,1785423161126,LeaderAccept
1785423161112,false,1785423161152,LeaderAccept
1785423161139,false,1785423161178,LeaderAccept
1785423161165,true,1785423161205,LeaderAccept
1785423161193,false,1785423161233,LeaderAccept
1785423161220,true,1785423161260,LeaderAccept
1785423161248,true,1785423161288,LeaderAccept
1785423161275,false,1785423161315,LeaderAccept
1785423161304,false,1785423161344,LeaderAccept
1785423161332,true,1785423161372,LeaderAccept
1785423161361,false,1785423161401,LeaderAccept
1785423161390,false,1785423161430,LeaderAccept
1785423161420,true,1785423161460,LeaderAccept
1785423161451,false,1785423161490,LeaderAccept
1785423161481,false,1785423161521,LeaderAccept
1785423161513,true,1785423161552,LeaderAccept
1785423161544,false,1785423161583,LeaderAccept
1785423161577,false,1785423161616,LeaderAccept
1785423161610,false,1785423161650,LeaderAccept
1785423161643,true,1785423161683,LeaderAccept
1785423161676,true,1785423161716,LeaderAccept
1785423161710,true,1785423161750,LeaderAccept
1785423161746,true,1785423161785,LeaderAccept
1785423161781,false,1785423161820,LeaderAccept
1785423161817,false,1785423161856,LeaderAccept
1785423161853,false,1785423161893,LeaderAccept
1785423161891,false,1785423161930,LeaderAccept
1785423161928,false,1785423161969,LeaderAccept
1785423161967,true,1785423162007,LeaderAccept
1785423162006,false,1785423162046,LeaderAccept
1785423162046,true,1785423162086,LeaderAccept
1785423162087,true,1785423162127,LeaderAccept
1785423162130,true,1785423162170,LeaderAccept
1785423162173,false,1785423162212,LeaderAccept
1785423162216,true,1785423162256,LeaderAccept
1785423162260,true,1785423162300,LeaderAccept
1785423162305,false,1785423162346,LeaderAccept
1785423162352,false,1785423162392,LeaderAccept
1785423162399,true,1785423162439,LeaderAccept
1785423162447,false,1785423162488,LeaderAccept
1785423162497,false,1785423162537,LeaderAccept
1785423162548,true,1785423162588,LeaderAccept
1785423162599,true,1785423162639,LeaderAccept
1785423162652,false,1785423162692,LeaderAccept
1785423162708,true,1785423162747,LeaderAccept
1785423162765,false,1785423162805,LeaderAccept
1785423162822,true,1785423162862,LeaderAccept
1785423162881,true,1785423162921,LeaderAccept
1785423162942,true,1785423162983,LeaderAccept
1785423163006,true,1785423163046,LeaderAccept
1785423163072,false,1785423163112,LeaderAccept
1785423163139,true,1785423163179,LeaderAccept
1785423163209,true,1785423163249,LeaderAccept
1785423163280,false,1785423163320,LeaderAccept
1785423163355,true,1785423163395,LeaderAccept
1785423163433,false,1785423163473,LeaderAccept
1785423163513,true,1785423163553,LeaderAccept
1785423163596,false,1785423163636,LeaderAccept
1785423163684,true,1785423163724,LeaderAccept
1785423163774,true,1785423163815,LeaderAccept
1785423163869,false,1785423163909,LeaderAccept
1785423163968,true,1785423164008,LeaderAccept
1785423164073,true,1785423164113,LeaderAccept
1785423164183,true,1785423164223,LeaderAccept
1785423164300,true,1785423164340,LeaderAccept
1785423164424,false,1785423164464,LeaderAccept
1785423164556,false,1785423164596,LeaderAccept
1785423164696,true,1785423164736,LeaderAccept
1785423164846,true,1785423164886,LeaderAccept
1785423165009,false,1785423165049,LeaderAccept
1785423165184,false,1785423165224,LeaderAccept
1785423165375,true,1785423165415,LeaderAccept
1785423165586,true,1785423165626,LeaderAccept
1785423165819,true,1785423165860,LeaderAccept
1785423166082,false,1785423166122,LeaderAccept
1785423166382,false,1785423166421,LeaderAccept
1785423166730,true,1785423166770,LeaderAccept
1785423167143,false,1785423167184,LeaderAccept
1785423167652,true,1785423167693,LeaderAccept
1785423168306,false,1785423168346,LeaderAccept
1785423169214,true,1785423169254,LeaderAccept
1785423170643,false,1785423170683,LeaderAccept
1785423173561,true,1785423173602,LeaderAccept
1785423185070,true,1785423185111,LeaderAccept
1785423185103,false,1785423185144,LeaderAccept
1785423185136,true,1785423185176,LeaderAccept
1785423185170,true,1785423185210,LeaderAccept
1785423185204,true,1785423185244,LeaderAccept
1785423185239,false,1785423185280,LeaderAccept
1785423185276,false,1785423185315,LeaderAccept
1785423185313,false,1785423185353,LeaderAccept
1785423185350,true,1785423185390,LeaderAccept
1785423185388,false,1785423185428,LeaderAccept
1785423185427,false,1785423185467,LeaderAccept
1785423185467,true,1785423185507,LeaderAccept
1785423185507,false,1785423185547,LeaderAccept
1785423185548,true,1785423185589,LeaderAccept
1785423185590,false,1785423185630,LeaderAccept
1785423185632,false,1785423185672,LeaderAccept
1785423185675,false,1785423185716,LeaderAccept
1785423185720,false,1785423185760,LeaderAccept
1785423185765,false,1785423185805,LeaderAccept
1785423185812,false,1785423185852,LeaderAccept
1785423185858,false,1785423185898,LeaderAccept
1785423185906,false,1785423185947,LeaderAccept
1785423185956,true,1785423185996,LeaderAccept
1785423186007,true,1785423186047,LeaderAccept
1785423186058,true,1785423186099,LeaderAccept
1785423186112,false,1785423186152,LeaderAccept
1785423186167,false,1785423186207,LeaderAccept
1785423186223,true,1785423186264,LeaderAccept
1785423186280,true,1785423186320,LeaderAccept
1785423186339,false,1785423186380,LeaderAccept
1785423186401,true,1785423186441,LeaderAccept
1785423186463,false,1785423186503,LeaderAccept
1785423186528,true,1785423186569,LeaderAccept
1785423186595,true,1785423186636,LeaderAccept
1785423186664,false,1785423186704,LeaderAccept
1785423186735,false,1785423186775,LeaderAccept
1785423186809,false,1785423186850,LeaderAccept
1785423186886,false,1785423186926,LeaderAccept
1785423186967,true,1785423187007,LeaderAccept
1785423187049,false,1785423187089,LeaderAccept
1785423187136,false,1785423187175,LeaderAccept
1785423187227,true,1785423187267,LeaderAccept
1785423187322,false,1785423187362,LeaderAccept
1785423187421,false,1785423187461,LeaderAccept
1785423187525,false,1785423187565,LeaderAccept
1785423187635,false,1785423187675,LeaderAccept
1785423187750,false,1785423187790,LeaderAccept
1785423187873,true,1785423187913,LeaderAccept
1785423188002,true,1785423188043,LeaderAccept
1785423188141,true,1785423188182,LeaderAccept
1785423188291,true,1785423188331,LeaderAccept
1785423188450,true,1785423188491,LeaderAccept
1785423188623,true,1785423188664,LeaderAccept
1785423188812,false,1785423188853,LeaderAccept
1785423189019,false,1785423189059,LeaderAccept
1785423189250,true,1785423189290,LeaderAccept
1785423189507,false,1785423189548,LeaderAccept
1785423189800,true,1785423189841,LeaderAccept
1785423190139,false,1785423190179,LeaderAccept
1785423190541,true,1785423190582,LeaderAccept
1785423191031,false,1785423191071,LeaderAccept
1785423191658,false,1785423191699,LeaderAccept
1785423192516,false,1785423192556,LeaderAccept
1785423193832,true,1785423193872,LeaderAccept
1785423196372,false,1785423196412,LeaderAccept
1785423203786,false,1785423203826,LeaderAccept
1785423203806,true,1785423203845,LeaderAccept
1785423203825,true,1785423203864,LeaderAccept
1785423203844,false,1785423203885,LeaderAccept
1785423203864,true,1785423203904,LeaderAccept
1785423203885,false,1785423203925,LeaderAccept
1785423203904,false,1785423203944,LeaderAccept
1785423203924,true,1785423203963,LeaderAccept
1785423203944,false,1785423203984,LeaderAccept
1785423203964,false,1785423204004,LeaderAccept
1785423203985,false,1785423204025,LeaderAccept
1785423204007,true,1785423204047,LeaderAccept
1785423204027,false,1785423204067,LeaderAccept
1785423204048,false,1785423204088,LeaderAccept
1785423204070,false,1785423204109,LeaderAccept
1785423204091,true,1785423204132,LeaderAccept
1785423204113,false,1785423204153,LeaderAccept
1785423204135,true,1785423204175,LeaderAccept
1785423204157,false,1785423204197,LeaderAccept
1785423204180,true,1785423204220,LeaderAccept
1785423204204,false,1785423204244,LeaderAccept
1785423204228,true,1785423204268,LeaderAccept
1785423204251,true,1785423204291,LeaderAccept
1785423204275,true,1785423204315,LeaderAccept
1785423204298,false,1785423204338,LeaderAccept
1785423204322,true,1785423204363,LeaderAccept
1785423204346,false,1785423204386,LeaderAccept
1785423204372,true,1785423204412,LeaderAccept
1785423204398,false,1785423204438,LeaderAccept
1785423204424,true,1785423204464,LeaderAccept
1785423204449,true,1785423204489,LeaderAccept
1785423204476,false,1785423204516,LeaderAccept
1785423204503,true,1785423204543,LeaderAccept
1785423204530,false,1785423204569,LeaderAccept
1785423204556,true,1785423204597,LeaderAccept
1785423204585,true,1785423204625,LeaderAccept
1785423204612,false,1785423204652,LeaderAccept
1785423204640,false,1785423204680,LeaderAccept
1785423204669,true,1785423204709,LeaderAccept
1785423204699,true,1785423204738,LeaderAccept
1785423204728,true,1785423204768,LeaderAccept
1785423204759,false,1785423204798,LeaderAccept
1785423204789,false,1785423204829,LeaderAccept
1785423204820,false,1785423204860,LeaderAccept
1785423204850,true,1785423204890,LeaderAccept
1785423204882,false,1785423204922,LeaderAccept
1785423204915,true,1785423204954,LeaderAccept
1785423204947,false,1785423204987,LeaderAccept
1785423204981,true,1785423205021,LeaderAccept
1785423205015,true,1785423205055,LeaderAccept
1785423205050,true,1785423205090,LeaderAccept
1785423205084,false,1785423205125,LeaderAccept
1785423205119,false,1785423205159,LeaderAccept
1785423205156,false,1785423205196,LeaderAccept
1785423205192,true,1785423205233,LeaderAccept
1785423205230,false,1785423205270,LeaderAccept
1785423205268,true,1785423205308,LeaderAccept
1785423205306,true,1785423205347,LeaderAccept
1785423205345,true,1785423205386,LeaderAccept
1785423205386,true,1785423205426,LeaderAccept
1785423205427,false,1785423205467,LeaderAccept
1785423205468,false,1785423205508,LeaderAccept
1785423205511,true,1785423205551,LeaderAccept
1785423205554,true,1785423205594,LeaderAccept
1785423205599,true,1785423205639,LeaderAccept
1785423205644,false,1785423205685,LeaderAccept
1785423205691,true,1785423205731,LeaderAccept
1785423205738,true,1785423205779,LeaderAccept
1785423205787,true,1785423205827,LeaderAccept
1785423205838,false,1785423205878,LeaderAccept
1785423205889,false,1785423205929,LeaderAccept
1785423205941,false,1785423205981,LeaderAccept
1785423205996,true,1785423206036,LeaderAccept
1785423206050,false,1785423206091,LeaderAccept
1785423206107,false,1785423206148,LeaderAccept
1785423206166,true,1785423206206,LeaderAccept
1785423206226,true,1785423206266,LeaderAccept
1785423206288,false,1785423206328,LeaderAccept
1785423206351,false,1785423206392,LeaderAccept
1785423206418,false,1785423206458,LeaderAccept
1785423206487,true,1785423206527,LeaderAccept
1785423206557,true,1785423206598,LeaderAccept
1785423206630,true,1785423206670,LeaderAccept
1785423206706,false,1785423206746,LeaderAccept
1785423206783,true,1785423206823,LeaderAccept
1785423206865,false,1785423206905,LeaderAccept
1785423206949,true,1785423206990,LeaderAccept
1785423207038,true,1785423207078,LeaderAccept
1785423207130,false,1785423207170,LeaderAccept
1785423207226,false,1785423207267,LeaderAccept
1785423207327,true,1785423207367,LeaderAccept
1785423207433,true,1785423207474,LeaderAccept
1785423207545,true,1785423207585,LeaderAccept
1785423207664,true,1785423207704,LeaderAccept
1785423207790,true,1785423207830,LeaderAccept
1785423207924,false,1785423207964,LeaderAccept
1785423208067,false,1785423208107,LeaderAccept
1785423208220,false,1785423208261,LeaderAccept
1785423208385,true,1785423208425,LeaderAccept
1785423208565,false,1785423208605,LeaderAccept
1785423208761,false,,
1785423208978,false,,
1785423209220,false,,
1785423209492,false,,
1785423209803,true,,
1785423210167,true,,
1785423210603,true,,
1785423211145,true,,
1785423211855,false,,
1785423212869,false,1785423212909,LeaderAccept
1785423214549,true,,
1785423218442,true,1785423218482,LeaderAccept
1785423245687,true,1785423245727,LeaderAccept
1785423274930,false,,
1785423274963,false,1785423275030,LeaderAccept
1785423274995,true,1785423275035,LeaderAccept
1785423275029,true,1785423275069,LeaderAccept
1785423275062,true,1785423275103,LeaderAccept
1785423275096,false,1785423275136,LeaderAccept
1785423275131,false,1785423275171,LeaderAccept
1785423275166,true,1785423275207,LeaderAccept
1785423275202,false,1785423275242,LeaderAccept
1785423275239,false,1785423275279,LeaderAccept
1785423275276,false,1785423275316,LeaderAccept
1785423275313,false,1785423275353,LeaderAccept
1785423275351,true,1785423275391,LeaderAccept
1785423275390,true,1785423275430,LeaderAccept
1785423275430,false,1785423275471,LeaderAccept
1785423275471,false,1785423275510,LeaderAccept
1785423275511,true,1785423275552,LeaderAccept
1785423275554,false,1785423275594,LeaderAccept
1785423275596,false,1785423275636,LeaderAccept
1785423275641,false,1785423275681,LeaderAccept
1785423275686,false,1785423275727,LeaderAccept
1785423275732,true,1785423275772,LeaderAccept
1785423275778,false,1785423275818,LeaderAccept
1785423275826,false,1785423275867,LeaderAccept
1785423275875,true,1785423275915,LeaderAccept
1785423275926,true,1785423275966,LeaderAccept
1785423275978,false,1785423276018,LeaderAccept
1785423276030,false,1785423276071,LeaderAccept
1785423276084,false,1785423276125,LeaderAccept
1785423276141,false,1785423276181,LeaderAccept
1785423276198,true,1785423276239,LeaderAccept
1785423276258,false,1785423276298,LeaderAccept
1785423276318,true,1785423276358,LeaderAccept
1785423276380,false,1785423276420,LeaderAccept
1785423276445,false,1785423276485,LeaderAccept
1785423276511,false,1785423276551,LeaderAccept
1785423276581,true,1785423276621,LeaderAccept
1785423276651,false,1785423276691,LeaderAccept
1785423276725,false,1785423276765,LeaderAccept
1785423276801,true,1785423276841,LeaderAccept
1785423276881,false,1785423276921,LeaderAccept
1785423276964,false,1785423277004,LeaderAccept
1785423277050,false,1785423277090,LeaderAccept
1785423277140,false,1785423277181,LeaderAccept
1785423277234,false,1785423277274,LeaderAccept
1785423277333,false,1785423277373,LeaderAccept
1785423277435,true,1785423277476,LeaderAccept
1785423277544,false,1785423277584,LeaderAccept
1785423277658,false,1785423277699,LeaderAccept
1785423277779,false,1785423277820,LeaderAccept
1785423277907,true,1785423277948,LeaderAccept
1785423278044,true,1785423278084,LeaderAccept
1785423278189,false,1785423278229,LeaderAccept
1785423278347,false,1785423278387,LeaderAccept
1785423278517,true,1785423278558,LeaderAccept
1785423278703,true,1785423278743,LeaderAccept
1785423278907,true,1785423278947,LeaderAccept
1785423279132,false,1785423279172,LeaderAccept
1785423279383,false,1785423279424,LeaderAccept
1785423279668,true,1785423279708,LeaderAccept
1785423279997,true,1785423280038,LeaderAccept
1785423280384,true,1785423280424,LeaderAccept
1785423280853,true,1785423280893,LeaderAccept
1785423281445,false,1785423281485,LeaderAccept
1785423282241,false,1785423282282,LeaderAccept
1785423283426,true,1785423283466,LeaderAccept
1785423285570,true,1785423285610,LeaderAccept
1785423291825,false,1785423291865,LeaderAccept
1785423297450,true,1785423297490,LeaderAccept
1785423297459,true,1785423297499,LeaderAccept
1785423297469,true,1785423297509,LeaderAccept
1785423297485,true,1785423297524,LeaderAccept
1785423297500,true,1785423297539,LeaderAccept
1785423297514,true,1785423297554,LeaderAccept
1785423297529,true,1785423297569,LeaderAccept
1785423297544,false,1785423297584,LeaderAccept
1785423297560,false,1785423297600,LeaderAccept
1785423297575,true,1785423297615,LeaderAccept
1785423297590,true,1785423297630,LeaderAccept
1785423297607,false,1785423297647,LeaderAccept
1785423297622,true,1785423297663,LeaderAccept
1785423297638,false,1785423297677,LeaderAccept
1785423297655,false,1785423297695,LeaderAccept
1785423297672,false,1785423297712,LeaderAccept
1785423297689,true,1785423297729,LeaderAccept
1785423297705,false,1785423297745,LeaderAccept
1785423297721,true,1785423297761,LeaderAccept
1785423297739,false,1785423297779,LeaderAccept
1785423297755,true,1785423297795,LeaderAccept
1785423297772,true,1785423297812,LeaderAccept
1785423297790,true,1785423297830,LeaderAccept
1785423297807,false,1785423297847,LeaderAccept
1785423297824,true,1785423297864,LeaderAccept
1785423297842,true,1785423297882,LeaderAccept
1785423297860,true,1785423297899,LeaderAccept
1785423297877,true,1785423297917,LeaderAccept
1785423297895,false,1785423297935,LeaderAccept
1785423297913,false,1785423297953,LeaderAccept
1785423297931,true,1785423297971,LeaderAccept
1785423297951,true,1785423297990,LeaderAccept
1785423297969,true,1785423298010,LeaderAccept
1785423297989,false,1785423298029,LeaderAccept
1785423298008,false,1785423298047,LeaderAccept
1785423298026,true,1785423298066,LeaderAccept
1785423298045,true,1785423298085,LeaderAccept
1785423298064,false,1785423298104,LeaderAccept
1785423298085,true,1785423298125,LeaderAccept
1785423298104,false,1785423298144,LeaderAccept
1785423298124,true,1785423298164,LeaderAccept
1785423298145,false,1785423298185,LeaderAccept
1785423298165,false,1785423298205,LeaderAccept
1785423298186,true,1785423298226,LeaderAccept
1785423298207,false,1785423298246,LeaderAccept
1785423298228,true,1785423298268,LeaderAccept
1785423298250,true,1785423298290,LeaderAccept
1785423298272,true,1785423298312,LeaderAccept
1785423298294,true,1785423298334,LeaderAccept
1785423298317,true,1785423298357,LeaderAccept
1785423298339,false,1785423298379,LeaderAccept
1785423298361,false,1785423298401,LeaderAccept
1785423298383,true,1785423298423,LeaderAccept
1785423298406,false,1785423298447,LeaderAccept
1785423298430,true,1785423298470,LeaderAccept
1785423298454,false,1785423298494,LeaderAccept
1785423298478,false,1785423298518,LeaderAccept
1785423298501,true,1785423298541,LeaderAccept
1785423298525,true,1785423298565,LeaderAccept
1785423298549,false,1785423298589,LeaderAccept
1785423298574,true,1785423298614,LeaderAccept
1785423298599,false,1785423298639,LeaderAccept
1785423298625,false,1785423298665,LeaderAccept
1785423298651,false,1785423298690,LeaderAccept
1785423298676,true,1785423298716,LeaderAccept
1785423298703,true,1785423298743,LeaderAccept
1785423298730,false,1785423298770,LeaderAccept
1785423298756,true,1785423298796,LeaderAccept
1785423298784,true,1785423298824,LeaderAccept
1785423298811,false,1785423298851,LeaderAccept
1785423298839,false,1785423298879,LeaderAccept
1785423298868,true,1785423298907,LeaderAccept
1785423298897,true,1785423298936,LeaderAccept
1785423298927,false,1785423298967,LeaderAccept
1785423298957,false,1785423298997,LeaderAccept
1785423298987,true,1785423299027,LeaderAccept
1785423299018,false,1785423299058,LeaderAccept
1785423299049,true,1785423299089,LeaderAccept
1785423299081,false,1785423299120,LeaderAccept
1785423299112,true,1785423299152,LeaderAccept
1785423299145,false,1785423299184,LeaderAccept
1785423299177,false,1785423299217,LeaderAccept
1785423299211,false,1785423299251,LeaderAccept
1785423299244,true,1785423299284,LeaderAccept
1785423299278,false,1785423299319,LeaderAccept
1785423299314,true,1785423299354,LeaderAccept
1785423299350,false,1785423299390,LeaderAccept
1785423299387,true,1785423299426,LeaderAccept
1785423299423,false,1785423299463,LeaderAccept
1785423299462,false,1785423299502,LeaderAccept
1785423299500,false,1785423299541,LeaderAccept
1785423299539,false,1785423299580,LeaderAccept
1785423299580,true,1785423299620,LeaderAccept
1785423299620,false,1785423299660,LeaderAccept
1785423299661,true,1785423299701,LeaderAccept
1785423299703,false,1785423299743,LeaderAccept
1785423299747,true,1785423299787,LeaderAccept
1785423299790,true,1785423299830,LeaderAccept
1785423299836,false,1785423299876,LeaderAccept
1785423299882,true,1785423299922,LeaderAccept
1785423299929,false,1785423299969,LeaderAccept
1785423299977,true,1785423300017,LeaderAccept
1785423300027,true,1785423300067,LeaderAccept
1785423300077,false,1785423300118,LeaderAccept
1785423300129,true,1785423300169,LeaderAccept
1785423300183,true,1785423300223,LeaderAccept
1785423300237,true,1785423300277,LeaderAccept
1785423300294,true,1785423300334,LeaderAccept
1785423300351,true,1785423300391,LeaderAccept
1785423300411,false,1785423300451,LeaderAccept
1785423300472,true,1785423300512,LeaderAccept
1785423300534,false,1785423300575,LeaderAccept
1785423300600,false,1785423300640,LeaderAccept
1785423300666,true,1785423300708,LeaderAccept
1785423300736,false,1785423300776,LeaderAccept
1785423300808,false,1785423300848,LeaderAccept
1785423300881,false,1785423300922,LeaderAccept
1785423300958,false,1785423300998,LeaderAccept
1785423301039,true,1785423301079,LeaderAccept
1785423301121,true,1785423301161,LeaderAccept
1785423301208,true,1785423301248,LeaderAccept
1785423301297,true,1785423301338,LeaderAccept
1785423301392,true,1785423301432,LeaderAccept
1785423301490,false,1785423301530,LeaderAccept
1785423301595,false,1785423301636,LeaderAccept
1785423301704,true,1785423301745,LeaderAccept
1785423301820,true,1785423301860,LeaderAccept
1785423301942,true,1785423301983,LeaderAccept
1785423302072,false,1785423302113,LeaderAccept
1785423302210,false,1785423302250,LeaderAccept
1785423302359,false,1785423302399,LeaderAccept
1785423302518,true,1785423302559,LeaderAccept
1785423302691,false,1785423302732,LeaderAccept
1785423302879,true,1785423302920,LeaderAccept
1785423303085,false,1785423303126,LeaderAccept
1785423303314,true,1785423303355,LeaderAccept
1785423303571,false,1785423303611,LeaderAccept
1785423303862,false,1785423303903,LeaderAccept
1785423304199,true,1785423304240,LeaderAccept
1785423304598,true,1785423304638,LeaderAccept
1785423305084,false,1785423305124,LeaderAccept
1785423305704,true,1785423305745,LeaderAccept
1785423306550,true,1785423306591,LeaderAccept
1785423307838,true,1785423307878,LeaderAccept
1785423310291,true,1785423310332,LeaderAccept
1785423318652,false,1785423318692,LeaderAccept
1785423332154,false,1785423332194,LeaderAccept
1785423332168,true,1785423332208,LeaderAccept
1785423332183,false,1785423332223,LeaderAccept
1785423332198,true,1785423332238,LeaderAccept
1785423332214,true,1785423332253,LeaderAccept
1785423332228,false,1785423332269,LeaderAccept
1785423332244,false,1785423332284,LeaderAccept
1785423332260,true,1785423332300,LeaderAccept
1785423332276,true,1785423332316,LeaderAccept
1785423332292,true,1785423332332,LeaderAccept
1785423332307,false,1785423332347,LeaderAccept
1785423332324,false,1785423332364,LeaderAccept
1785423332340,true,1785423332380,LeaderAccept
1785423332356,false,1785423332396,LeaderAccept
1785423332373,true,1785423332413,LeaderAccept
1785423332391,false,1785423332431,LeaderAccept
1785423332407,false,1785423332447,LeaderAccept
1785423332424,false,1785423332464,LeaderAccept
1785423332442,false,1785423332482,LeaderAccept
1785423332458,true,1785423332499,LeaderAccept
1785423332476,true,1785423332516,LeaderAccept
1785423332493,true,1785423332533,LeaderAccept
1785423332510,true,1785423332550,LeaderAccept
1785423332527,true,1785423332567,LeaderAccept
1785423332544,true,1785423332584,LeaderAccept
1785423332563,false,1785423332603,LeaderAccept
1785423332580,false,1785423332620,LeaderAccept
1785423332599,false,1785423332639,LeaderAccept
1785423332617,false,1785423332657,LeaderAccept
1785423332635,false,1785423332675,LeaderAccept
1785423332654,true,1785423332694,LeaderAccept
1785423332672,true,1785423332712,LeaderAccept
1785423332691,true,1785423332731,LeaderAccept
1785423332711,true,1785423332751,LeaderAccept
1785423332730,true,1785423332770,LeaderAccept
1785423332750,true,1785423332790,LeaderAccept
1785423332769,true,1785423332809,LeaderAccept
1785423332789,true,1785423332830,LeaderAccept
1785423332809,true,1785423332849,LeaderAccept
1785423332829,true,1785423332869,LeaderAccept
1785423332849,false,1785423332889,LeaderAccept
1785423332869,false,1785423332909,LeaderAccept
1785423332889,false,1785423332929,LeaderAccept
1785423332910,false,1785423332951,LeaderAccept
1785423332932,false,1785423332971,LeaderAccept
1785423332953,false,1785423332993,LeaderAccept
1785423332975,true,1785423333016,LeaderAccept
1785423332996,false,1785423333037,LeaderAccept
1785423333019,true,1785423333059,LeaderAccept
1785423333041,true,1785423333082,LeaderAccept
1785423333064,false,1785423333104,LeaderAccept
1785423333087,true,1785423333127,LeaderAccept
1785423333109,false,1785423333149,LeaderAccept
1785423333132,false,1785423333173,LeaderAccept
1785423333156,false,1785423333196,LeaderAccept
1785423333180,true,1785423333221,LeaderAccept
1785423333204,false,1785423333244,LeaderAccept
1785423333229,false,1785423333269,LeaderAccept
1785423333253,true,1785423333294,LeaderAccept
1785423333278,true,1785423333319,LeaderAccept
1785423333304,true,1785423333344,LeaderAccept
1785423333330,true,1785423333371,LeaderAccept
1785423333355,false,1785423333396,LeaderAccept
1785423333381,true,1785423333421,LeaderAccept
1785423333408,true,1785423333448,LeaderAccept
1785423333434,false,1785423333475,LeaderAccept
1785423333461,true,1785423333502,LeaderAccept
1785423333488,false,1785423333528,LeaderAccept
1785423333516,false,1785423333557,LeaderAccept
1785423333544,true,1785423333584,LeaderAccept
1785423333573,false,1785423333613,LeaderAccept
1785423333603,true,1785423333643,LeaderAccept
1785423333633,true,1785423333673,LeaderAccept
1785423333662,true,1785423333702,LeaderAccept
1785423333692,true,1785423333733,LeaderAccept
1785423333724,true,1785423333764,LeaderAccept
1785423333754,true,1785423333795,LeaderAccept
1785423333786,true,1785423333827,LeaderAccept
1785423333818,true,1785423333858,LeaderAccept
1785423333852,false,1785423333892,LeaderAccept
1785423333885,false,1785423333925,LeaderAccept
1785423333918,false,1785423333958,LeaderAccept
1785423333953,true,1785423333993,LeaderAccept
1785423333987,true,1785423334028,LeaderAccept
1785423334022,false,1785423334062,LeaderAccept
1785423334058,false,1785423334099,LeaderAccept
1785423334096,true,1785423334136,LeaderAccept
1785423334132,false,1785423334172,LeaderAccept
1785423334170,false,1785423334210,LeaderAccept
1785423334209,false,1785423334248,LeaderAccept
1785423334248,false,1785423334289,LeaderAccept
1785423334289,false,1785423334329,LeaderAccept
1785423334330,true,1785423334370,LeaderAccept
1785423334371,true,1785423334412,LeaderAccept
1785423334415,false,1785423334455,LeaderAccept
1785423334458,true,1785423334499,LeaderAccept
1785423334502,false,1785423334542,LeaderAccept
1785423334548,true,1785423334588,LeaderAccept
1785423334594,false,1785423334635,LeaderAccept
1785423334641,true,1785423334681,LeaderAccept
1785423334689,true,1785423334730,LeaderAccept
1785423334740,true,1785423334780,LeaderAccept
1785423334791,false,1785423334831,LeaderAccept
1785423334843,false,1785423334884,LeaderAccept
1785423334898,true,1785423334938,LeaderAccept
1785423334954,false,1785423334994,LeaderAccept
1785423335011,false,1785423335051,LeaderAccept
1785423335068,false,1785423335108,LeaderAccept
1785423335128,false,1785423335169,LeaderAccept
1785423335191,false,1785423335231,LeaderAccept
1785423335255,false,1785423335294,LeaderAccept
1785423335321,true,1785423335361,LeaderAccept
1785423335388,false,1785423335429,LeaderAccept
1785423335459,true,1785423335499,LeaderAccept
1785423335532,false,1785423335572,LeaderAccept
1785423335607,true,1785423335647,LeaderAccept
1785423335684,false,1785423335724,LeaderAccept
1785423335766,false,1785423335806,LeaderAccept
1785423335850,true,1785423335891,LeaderAccept
1785423335938,true,1785423335979,LeaderAccept
1785423336031,false,1785423336071,LeaderAccept
1785423336126,false,1785423336166,LeaderAccept
1785423336228,false,1785423336268,LeaderAccept
1785423336335,false,1785423336375,LeaderAccept
1785423336447,true,1785423336487,LeaderAccept
1785423336564,true,1785423336605,LeaderAccept
1785423336689,true,1785423336729,LeaderAccept
1785423336823,true,1785423336863,LeaderAccept
1785423336965,false,1785423337005,LeaderAccept
1785423337117,false,1785423337158,LeaderAccept
1785423337282,false,1785423337323,LeaderAccept
1785423337462,true,1785423337502,LeaderAccept
1785423337658,false,1785423337699,LeaderAccept
1785423337874,false,1785423337915,LeaderAccept
1785423338113,true,1785423338153,LeaderAccept
1785423338384,true,1785423338424,LeaderAccept
1785423338693,true,1785423338734,LeaderAccept
1785423339053,false,1785423339093,LeaderAccept
1785423339484,false,1785423339524,LeaderAccept
1785423340020,true,1785423340061,LeaderAccept
1785423340719,false,1785423340759,LeaderAccept
1785423341711,true,1785423341752,LeaderAccept
1785423343338,true,1785423343378,LeaderAccept
1785423347005,true,1785423347046,LeaderAccept
1785423363806,true,1785423363846,LeaderAccept
1785423363821,true,1785423363862,LeaderAccept
1785423363838,false,1785423363877,LeaderAccept
1785423363853,true,1785423363894,LeaderAccept
1785423363870,true,1785423363909,LeaderAccept
1785423363885,false,1785423363926,LeaderAccept
1785423363901,true,1785423363942,LeaderAccept
1785423363918,false,1785423363958,LeaderAccept
1785423363934,false,1785423363974,LeaderAccept
1785423363951,false,1785423363992,LeaderAccept
1785423363968,true,1785423364008,LeaderAccept
1785423363984,true,1785423364025,LeaderAccept
1785423364002,false,1785423364043,LeaderAccept
1785423364018,true,1785423364059,LeaderAccept
1785423364035,true,1785423364076,LeaderAccept
1785423364052,false,1785423364093,LeaderAccept
1785423364069,false,1785423364109,LeaderAccept
1785423364087,false,1785423364128,LeaderAccept
1785423364104,true,1785423364145,LeaderAccept
1785423364123,true,1785423364162,LeaderAccept
1785423364141,true,1785423364181,LeaderAccept
1785423364159,true,1785423364199,LeaderAccept
1785423364177,false,1785423364217,LeaderAccept
1785423364195,true,1785423364236,LeaderAccept
1785423364214,true,1785423364254,LeaderAccept
1785423364232,false,1785423364273,LeaderAccept
1785423364252,false,1785423364292,LeaderAccept
1785423364271,false,1785423364311,LeaderAccept
1785423364289,true,1785423364330,LeaderAccept
1785423364308,true,1785423364349,LeaderAccept
1785423364327,false,1785423364367,LeaderAccept
1785423364346,false,1785423364387,LeaderAccept
1785423364367,true,1785423364407,LeaderAccept
1785423364387,false,1785423364427,LeaderAccept
1785423364407,false,1785423364447,LeaderAccept
1785423364427,true,1785423364468,LeaderAccept
1785423364447,true,1785423364488,LeaderAccept
1785423364468,false,1785423364508,LeaderAccept
1785423364489,true,1785423364529,LeaderAccept
1785423364510,false,1785423364551,LeaderAccept
1785423364531,true,1785423364571,LeaderAccept
1785423364552,true,1785423364592,LeaderAccept
1785423364574,true,1785423364614,LeaderAccept
1785423364595,false,1785423364635,LeaderAccept
1785423364617,false,1785423364658,LeaderAccept
1785423364640,true,1785423364681,LeaderAccept
1785423364662,true,1785423364702,LeaderAccept
1785423364686,false,1785423364726,LeaderAccept
1785423364710,false,1785423364750,LeaderAccept
1785423364733,true,1785423364773,LeaderAccept
1785423364756,false,1785423364796,LeaderAccept
1785423364781,false,1785423364821,LeaderAccept
1785423364805,true,1785423364846,LeaderAccept
1785423364829,false,1785423364869,LeaderAccept
1785423364855,true,1785423364895,LeaderAccept
1785423364880,false,1785423364920,LeaderAccept
1785423364905,false,1785423364946,LeaderAccept
1785423364930,false,1785423364971,LeaderAccept
1785423364956,true,1785423364997,LeaderAccept
1785423364983,false,1785423365023,LeaderAccept
1785423365009,false,1785423365050,LeaderAccept
1785423365036,true,1785423365077,LeaderAccept
1785423365064,false,1785423365104,LeaderAccept
1785423365091,true,1785423365131,LeaderAccept
1785423365120,false,1785423365160,LeaderAccept
1785423365149,true,1785423365189,LeaderAccept
1785423365178,false,1785423365218,LeaderAccept
1785423365208,true,1785423365248,LeaderAccept
1785423365238,false,1785423365277,LeaderAccept
1785423365267,true,1785423365307,LeaderAccept
1785423365297,true,1785423365338,LeaderAccept
1785423365329,false,1785423365369,LeaderAccept
1785423365361,false,1785423365401,LeaderAccept
1785423365393,false,1785423365433,LeaderAccept
1785423365425,true,1785423365465,LeaderAccept
1785423365458,false,1785423365498,LeaderAccept
1785423365492,false,1785423365532,LeaderAccept
1785423365526,false,1785423365566,LeaderAccept
1785423365560,true,1785423365601,LeaderAccept
1785423365595,true,1785423365635,LeaderAccept
1785423365632,false,1785423365671,LeaderAccept
1785423365668,true,1785423365708,LeaderAccept
1785423365706,true,1785423365746,LeaderAccept
1785423365744,true,1785423365784,LeaderAccept
1785423365783,false,1785423365824,LeaderAccept
1785423365822,true,1785423365862,LeaderAccept
1785423365862,false,1785423365902,LeaderAccept
1785423365902,true,1785423365942,LeaderAccept
1785423365943,true,1785423365983,LeaderAccept
1785423365986,true,1785423366026,LeaderAccept
1785423366030,true,1785423366070,LeaderAccept
1785423366075,true,1785423366115,LeaderAccept
1785423366120,false,1785423366160,LeaderAccept
1785423366166,true,1785423366206,LeaderAccept
1785423366214,true,1785423366254,LeaderAccept
1785423366262,true,1785423366302,LeaderAccept
1785423366311,false,1785423366352,LeaderAccept
1785423366363,true,1785423366403,LeaderAccept
1785423366415,false,1785423366455,LeaderAccept
1785423366469,false,1785423366509,LeaderAccept
1785423366524,false,1785423366564,LeaderAccept
1785423366581,false,1785423366621,LeaderAccept
1785423366638,false,1785423366678,LeaderAccept
1785423366697,false,1785423366738,LeaderAccept
1785423366759,false,1785423366799,LeaderAccept
1785423366823,false,1785423366863,LeaderAccept
1785423366887,true,1785423366928,LeaderAccept
1785423366954,false,1785423366995,LeaderAccept
1785423367024,true,1785423367065,LeaderAccept
1785423367096,false,1785423367137,LeaderAccept
1785423367170,false,1785423367211,LeaderAccept
1785423367247,true,1785423367287,LeaderAccept
1785423367328,false,1785423367368,LeaderAccept
1785423367412,false,1785423367452,LeaderAccept
1785423367499,true,1785423367539,LeaderAccept
1785423367590,true,1785423367632,LeaderAccept
1785423367686,true,1785423367727,LeaderAccept
1785423367786,false,1785423367827,LeaderAccept
1785423367891,false,1785423367932,LeaderAccept
1785423368003,true,1785423368043,LeaderAccept
1785423368120,false,1785423368161,LeaderAccept
1785423368243,false,1785423368284,LeaderAccept
1785423368375,true,1785423368415,LeaderAccept
1785423368516,false,1785423368556,LeaderAccept
1785423368667,false,1785423368707,LeaderAccept
1785423368829,false,1785423368870,LeaderAccept
1785423369005,true,1785423369046,LeaderAccept
1785423369197,false,1785423369237,LeaderAccept
1785423369409,false,1785423369449,LeaderAccept
1785423369644,true,1785423369684,LeaderAccept
1785423369908,false,1785423369948,LeaderAccept
1785423370208,true,1785423370248,LeaderAccept
1785423370559,false,1785423370599,LeaderAccept
1785423370976,false,1785423371016,LeaderAccept
1785423371489,true,1785423371529,LeaderAccept
1785423372151,true,1785423372192,LeaderAccept
1785423373073,true,1785423373113,LeaderAccept
