request_time,write,response_time,accept_status
1785422713332,true,,
1785422713544,false,,
1785422713782,false,,
1785422714049,false,,
1785422714354,true,1785422714385,LeaderAccept
1785422714709,true,1785422714740,LeaderAccept
1785422715132,true,1785422715163,LeaderAccept
1785422715654,false,1785422715686,LeaderAccept
1785422716333,false,1785422716365,LeaderAccept
1785422717286,false,1785422717318,LeaderAccept
1785422718818,true,1785422718850,LeaderAccept
1785422722115,false,1785422722146,LeaderAccept
1785422727846,true,1785422727878,LeaderAccept
1785422727861,true,1785422727894,LeaderAccept
1785422727877,true,1785422727909,LeaderAccept
1785422727893,true,1785422727925,LeaderAccept
1785422727908,false,1785422727941,LeaderAccept
1785422727925,false,1785422727957,LeaderAccept
1785422727940,true,1785422727972,LeaderAccept
1785422727957,false,1785422727989,LeaderAccept
1785422727972,false,1785422728004,LeaderAccept
1785422727988,false,1785422728020,LeaderAccept
1785422728005,false,1785422728037,LeaderAccept
1785422728021,false,1785422728053,LeaderAccept
1785422728039,false,1785422728070,LeaderAccept
1785422728056,false,1785422728087,LeaderAccept
1785422728072,true,1785422728104,LeaderAccept
1785422728089,false,1785422728121,LeaderAccept
1785422728107,true,1785422728138,LeaderAccept
1785422728125,false,1785422728157,LeaderAccept
1785422728143,true,1785422728174,LeaderAccept
1785422728161,true,1785422728193,LeaderAccept
1785422728179,false,1785422728211,LeaderAccept
1785422728198,false,1785422728230,LeaderAccept
1785422728217,true,1785422728249,LeaderAccept
1785422728234,false,1785422728266,LeaderAccept
1785422728253,true,1785422728285,LeaderAccept
1785422728271,false,1785422728303,LeaderAccept
1785422728291,false,1785422728323,LeaderAccept
1785422728310,true,1785422728341,LeaderAccept
1785422728329,true,1785422728360,LeaderAccept
1785422728348,true,1785422728380,LeaderAccept
1785422728368,true,1785422728399,LeaderAccept
1785422728388,false,1785422728420,LeaderAccept
1785422728407,true,1785422728439,LeaderAccept
1785422728428,false,1785422728460,LeaderAccept
1785422728448,false,1785422728481,LeaderAccept
1785422728469,false,1785422728501,LeaderAccept
1785422728490,true,1785422728522,LeaderAccept
1785422728510,false,1785422728542,LeaderAccept
1785422728532,false,1785422728563,LeaderAccept
1785422728552,false,1785422728584,LeaderAccept
1785422728573,true,1785422728605,LeaderAccept
1785422728595,false,1785422728627,LeaderAccept
1785422728617,true,1785422728649,LeaderAccept
1785422728640,true,1785422728671,LeaderAccept
1785422728663,true,1785422728695,LeaderAccept
1785422728686,true,1785422728718,LeaderAccept
1785422728709,false,1785422728741,LeaderAccept
1785422728733,true,1785422728765,LeaderAccept
1785422728757,true,1785422728789,LeaderAccept
1785422728781,false,1785422728812,LeaderAccept
1785422728805,false,1785422728837,LeaderAccept
1785422728830,false,1785422728861,LeaderAccept
1785422728853,false,1785422728885,LeaderAccept
1785422728879,true,1785422728910,LeaderAccept
1785422728903,true,1785422728935,LeaderAccept
1785422728929,false,1785422728961,LeaderAccept
1785422728954,false,1785422728986,LeaderAccept
1785422728981,true,1785422729013,LeaderAccept
1785422729008,false,1785422729039,LeaderAccept
1785422729035,false,1785422729066,LeaderAccept
1785422729062,true,1785422729093,LeaderAccept
1785422729089,false,1785422729120,LeaderAccept
1785422729117,true,1785422729148,LeaderAccept
1785422729145,true,1785422729176,LeaderAccept
1785422729173,false,1785422729205,LeaderAccept
1785422729203,true,1785422729234,LeaderAccept
1785422729232,true,1785422729263,LeaderAccept
1785422729261,true,1785422729293,LeaderAccept
1785422729292,false,1785422729323,LeaderAccept
1785422729322,false,1785422729354,LeaderAccept
1785422729354,true,1785422729385,LeaderAccept
1785422729385,false,1785422729416,LeaderAccept
1785422729418,false,1785422729449,LeaderAccept
1785422729451,false,1785422729482,LeaderAccept
1785422729485,false,1785422729517,LeaderAccept
1785422729518,false,1785422729550,LeaderAccept
1785422729553,false,1785422729584,LeaderAccept
1785422729587,true,1785422729619,LeaderAccept
1785422729623,true,1785422729655,LeaderAccept
1785422729659,true,1785422729691,LeaderAccept
1785422729696,false,1785422729727,LeaderAccept
1785422729733,true,1785422729764,LeaderAccept
1785422729770,true,1785422729802,LeaderAccept
1785422729808,true,1785422729841,LeaderAccept
1785422729848,false,1785422729880,LeaderAccept
1785422729887,false,1785422729919,LeaderAccept
1785422729928,false,1785422729961,LeaderAccept
1785422729971,false,1785422730003,LeaderAccept
1785422730014,true,1785422730046,LeaderAccept
1785422730058,false,1785422730090,LeaderAccept
1785422730102,true,1785422730134,LeaderAccept
1785422730148,true,1785422730179,LeaderAccept
1785422730193,true,1785422730225,LeaderAccept
1785422730241,true,1785422730273,LeaderAccept
1785422730289,true,1785422730321,LeaderAccept
1785422730338,true,1785422730370,LeaderAccept
1785422730390,false,1785422730421,LeaderAccept
1785422730441,false,1785422730474,LeaderAccept
1785422730495,false,1785422730527,LeaderAccept
1785422730549,true,1785422730582,LeaderAccept
1785422730605,false,1785422730637,LeaderAccept
1785422730664,false,1785422730695,LeaderAccept
1785422730724,true,1785422730755,LeaderAccept
1785422730785,true,1785422730817,LeaderAccept
1785422730848,true,1785422730880,LeaderAccept
1785422730913,false,1785422730945,LeaderAccept
1785422730981,false,1785422731012,LeaderAccept
1785422731051,false,1785422731083,LeaderAccept
1785422731123,false,1785422731155,LeaderAccept
1785422731198,false,1785422731230,LeaderAccept
1785422731276,false,1785422731308,LeaderAccept
1785422731357,false,1785422731389,LeaderAccept
1785422731440,false,1785422731472,LeaderAccept
1785422731528,true,1785422731560,LeaderAccept
1785422731619,false,1785422731651,LeaderAccept
1785422731715,true,1785422731747,LeaderAccept
1785422731815,true,1785422731847,LeaderAccept
1785422731921,true,1785422731953,LeaderAccept
1785422732032,true,1785422732064,LeaderAccept
1785422732149,false,1785422732181,LeaderAccept
1785422732272,true,1785422732304,LeaderAccept
1785422732405,true,1785422732437,LeaderAccept
1785422732545,false,1785422732577,LeaderAccept
1785422732697,true,1785422732728,LeaderAccept
1785422732860,false,1785422732891,LeaderAccept
1785422733036,true,1785422733068,LeaderAccept
1785422733228,false,1785422733260,LeaderAccept
1785422733440,true,1785422733471,LeaderAccept
1785422733675,false,1785422733706,LeaderAccept
1785422733940,true,1785422733972,LeaderAccept
1785422734242,true,1785422734274,LeaderAccept
1785422734592,true,1785422734624,LeaderAccept
1785422735010,true,1785422735042,LeaderAccept
1785422735524,true,1785422735556,LeaderAccept
1785422736190,false,1785422736222,LeaderAccept
1785422737118,true,1785422737150,LeaderAccept
1785422738592,true,1785422738624,LeaderAccept
1785422741672,false,,
1785422746502,true,1785422746534,LeaderAccept
1785422746536,false,1785422746568,LeaderAccept
1785422746569,true,1785422746601,LeaderAccept
1785422746603,true,1785422746635,LeaderAccept
1785422746638,false,1785422746670,LeaderAccept
1785422746673,false,1785422746705,LeaderAccept
1785422746709,true,1785422746741,LeaderAccept
1785422746746,false,1785422746778,LeaderAccept
1785422746783,false,1785422746816,LeaderAccept
1785422746820,true,1785422746852,LeaderAccept
1785422746858,true,1785422746890,LeaderAccept
1785422746897,false,1785422746929,LeaderAccept
1785422746937,true,1785422746969,LeaderAccept
1785422746978,false,1785422747010,LeaderAccept
1785422747020,true,1785422747052,LeaderAccept
1785422747063,false,1785422747095,LeaderAccept
1785422747106,true,1785422747138,LeaderAccept
1785422747150,false,1785422747182,LeaderAccept
1785422747195,true,1785422747226,LeaderAccept
1785422747240,false,1785422747272,LeaderAccept
1785422747288,true,1785422747321,LeaderAccept
1785422747335,false,1785422747367,LeaderAccept
1785422747385,false,1785422747416,LeaderAccept
1785422747435,false,1785422747467,LeaderAccept
1785422747487,true,1785422747519,LeaderAccept
1785422747539,false,1785422747571,LeaderAccept
1785422747593,false,1785422747626,LeaderAccept
1785422747648,true,1785422747680,LeaderAccept
1785422747706,false,1785422747738,LeaderAccept
1785422747765,false,1785422747797,LeaderAccept
1785422747825,true,1785422747857,LeaderAccept
1785422747888,false,1785422747920,LeaderAccept
1785422747952,true,1785422747984,LeaderAccept
1785422748018,true,1785422748051,LeaderAccept
1785422748087,false,1785422748119,LeaderAccept
1785422748158,false,1785422748190,LeaderAccept
1785422748232,true,1785422748263,LeaderAccept
1785422748307,false,1785422748339,LeaderAccept
1785422748386,false,1785422748418,LeaderAccept
1785422748469,false,1785422748501,LeaderAccept
1785422748555,true,1785422748587,LeaderAccept
1785422748644,false,1785422748676,LeaderAccept
1785422748738,false,1785422748770,LeaderAccept
1785422748836,false,1785422748868,LeaderAccept
1785422748938,false,1785422748970,LeaderAccept
1785422749047,true,1785422749078,LeaderAccept
1785422749161,true,1785422749193,LeaderAccept
1785422749281,false,1785422749313,LeaderAccept
1785422749410,false,1785422749442,LeaderAccept
1785422749547,false,1785422749579,LeaderAccept
1785422749693,true,1785422749725,LeaderAccept
1785422749850,true,1785422749881,LeaderAccept
1785422750019,true,1785422750051,LeaderAccept
1785422750202,false,1785422750234,LeaderAccept
1785422750405,true,1785422750437,LeaderAccept
1785422750628,false,1785422750660,LeaderAccept
1785422750877,true,1785422750909,LeaderAccept
1785422751159,true,1785422751191,LeaderAccept
1785422751485,true,1785422751517,LeaderAccept
1785422751868,true,1785422751900,LeaderAccept
1785422752331,true,1785422752363,LeaderAccept
1785422752915,true,1785422752946,LeaderAccept
1785422753695,true,1785422753727,LeaderAccept
1785422754849,true,1785422754880,LeaderAccept
1785422756901,false,1785422756932,LeaderAccept
1785422762622,false,1785422762653,LeaderAccept
1785422781018,true,1785422781050,LeaderAccept
1785422781040,true,1785422781071,LeaderAccept
1785422781061,true,1785422781092,LeaderAccept
1785422781083,false,1785422781114,LeaderAccept
1785422781104,false,1785422781136,LeaderAccept
1785422781126,false,1785422781158,LeaderAccept
1785422781149,true,1785422781181,LeaderAccept
1785422781172,true,1785422781204,LeaderAccept
1785422781195,false,1785422781227,LeaderAccept
1785422781217,false,1785422781249,LeaderAccept
1785422781241,true,1785422781272,LeaderAccept
1785422781265,true,1785422781297,LeaderAccept
1785422781289,false,1785422781320,LeaderAccept
1785422781313,true,1785422781345,LeaderAccept
1785422781337,false,1785422781369,LeaderAccept
1785422781362,true,1785422781394,LeaderAccept
1785422781387,true,1785422781419,LeaderAccept
1785422781412,false,1785422781444,LeaderAccept
1785422781437,false,1785422781469,LeaderAccept
1785422781463,false,1785422781495,LeaderAccept
1785422781490,true,1785422781522,LeaderAccept
1785422781516,true,1785422781548,LeaderAccept
1785422781544,false,1785422781575,LeaderAccept
1785422781571,false,1785422781603,LeaderAccept
1785422781598,false,1785422781630,LeaderAccept
1785422781626,true,1785422781658,LeaderAccept
1785422781655,false,1785422781687,LeaderAccept
1785422781684,true,1785422781716,LeaderAccept
1785422781714,true,1785422781745,LeaderAccept
1785422781744,true,1785422781776,LeaderAccept
1785422781774,true,1785422781805,LeaderAccept
1785422781804,false,1785422781835,LeaderAccept
1785422781835,true,1785422781866,LeaderAccept
1785422781866,false,1785422781897,LeaderAccept
1785422781897,false,1785422781928,LeaderAccept
1785422781929,false,1785422781961,LeaderAccept
1785422781962,true,1785422781993,LeaderAccept
1785422781995,true,1785422782026,LeaderAccept
1785422782029,false,1785422782060,LeaderAccept
1785422782062,true,1785422782094,LeaderAccept
1785422782097,false,1785422782129,LeaderAccept
1785422782133,false,1785422782165,LeaderAccept
1785422782169,true,1785422782200,LeaderAccept
1785422782206,true,1785422782237,LeaderAccept
1785422782243,true,1785422782275,LeaderAccept
1785422782282,true,1785422782314,LeaderAccept
1785422782321,true,1785422782353,LeaderAccept
1785422782361,false,1785422782392,LeaderAccept
1785422782402,true,1785422782433,LeaderAccept
1785422782443,true,1785422782474,LeaderAccept
1785422782484,false,1785422782516,LeaderAccept
1785422782527,false,1785422782559,LeaderAccept
1785422782572,true,1785422782603,LeaderAccept
1785422782616,false,1785422782648,LeaderAccept
1785422782663,true,1785422782695,LeaderAccept
1785422782709,true,1785422782741,LeaderAccept
1785422782757,true,1785422782789,LeaderAccept
1785422782806,true,1785422782838,LeaderAccept
1785422782857,false,1785422782889,LeaderAccept
1785422782909,true,1785422782941,LeaderAccept
1785422782961,true,1785422782993,LeaderAccept
1785422783015,false,1785422783047,LeaderAccept
1785422783070,false,1785422783102,LeaderAccept
1785422783128,true,1785422783159,LeaderAccept
1785422783186,false,1785422783218,LeaderAccept
1785422783247,true,1785422783278,LeaderAccept
1785422783310,true,1785422783341,LeaderAccept
1785422783373,false,1785422783405,LeaderAccept
1785422783439,false,1785422783470,LeaderAccept
1785422783508,false,1785422783539,LeaderAccept
1785422783578,true,1785422783610,LeaderAccept
1785422783652,true,1785422783684,LeaderAccept
1785422783728,false,1785422783760,LeaderAccept
1785422783807,true,1785422783838,LeaderAccept
1785422783889,true,1785422783921,LeaderAccept
1785422783974,false,1785422784006,LeaderAccept
1785422784062,false,1785422784094,LeaderAccept
1785422784156,true,1785422784187,LeaderAccept
1785422784253,false,1785422784284,LeaderAccept
1785422784354,false,1785422784386,LeaderAccept
1785422784461,false,1785422784493,LeaderAccept
1785422784575,false,1785422784606,LeaderAccept
1785422784695,true,1785422784727,LeaderAccept
1785422784822,false,1785422784853,LeaderAccept
1785422784958,true,1785422784990,LeaderAccept
1785422785102,true,1785422785134,LeaderAccept
1785422785258,true,1785422785290,LeaderAccept
1785422785426,true,1785422785458,LeaderAccept
1785422785609,true,1785422785641,LeaderAccept
1785422785809,true,1785422785841,LeaderAccept
1785422786030,false,1785422786062,LeaderAccept
1785422786277,false,1785422786308,LeaderAccept
1785422786556,false,1785422786588,LeaderAccept
1785422786876,false,1785422786908,LeaderAccept
1785422787251,true,1785422787283,LeaderAccept
1785422787705,false,1785422787737,LeaderAccept
1785422788274,false,1785422788306,LeaderAccept
1785422789029,true,1785422789060,LeaderAccept
1785422790129,false,1785422790161,LeaderAccept
1785422792038,false,,
1785422796987,true,1785422797019,LeaderAccept
1785422820587,false,,
1785422820602,false,1785422820777,LeaderAccept
1785422820618,false,1785422820777,LeaderAccept
1785422820634,false,1785422820777,LeaderAccept
1785422820649,true,1785422820777,LeaderAccept
1785422820665,false,1785422820777,LeaderAccept
1785422820682,true,1785422820777,LeaderAccept
1785422820698,false,1785422820777,LeaderAccept
1785422820714,true,1785422820777,LeaderAccept
1785422820731,true,1785422820777,LeaderAccept
1785422820748,false,1785422820779,LeaderAccept
1785422820764,true,1785422820796,LeaderAccept
1785422820781,false,1785422820813,LeaderAccept
1785422820798,false,1785422820830,LeaderAccept
1785422820816,true,1785422820848,LeaderAccept
1785422820834,false,1785422820865,LeaderAccept
1785422820852,true,1785422820884,LeaderAccept
1785422820870,false,1785422820902,LeaderAccept
1785422820888,false,1785422820919,LeaderAccept
1785422820905,false,1785422820937,LeaderAccept
1785422820924,true,1785422820956,LeaderAccept
1785422820943,false,1785422820974,LeaderAccept
1785422820962,false,1785422820993,LeaderAccept
1785422820980,false,1785422821012,LeaderAccept
1785422820999,false,1785422821031,LeaderAccept
1785422821018,false,1785422821050,LeaderAccept
1785422821038,true,1785422821069,LeaderAccept
1785422821057,false,1785422821089,LeaderAccept
1785422821077,true,1785422821108,LeaderAccept
1785422821096,true,1785422821128,LeaderAccept
1785422821115,true,1785422821146,LeaderAccept
1785422821136,true,1785422821167,LeaderAccept
1785422821157,false,1785422821189,LeaderAccept
1785422821178,false,1785422821209,LeaderAccept
1785422821199,false,1785422821230,LeaderAccept
1785422821219,true,1785422821250,LeaderAccept
1785422821240,true,1785422821272,LeaderAccept
1785422821262,false,1785422821292,LeaderAccept
1785422821283,true,1785422821314,LeaderAccept
1785422821304,true,1785422821335,LeaderAccept
1785422821327,true,1785422821358,LeaderAccept
1785422821349,false,1785422821380,LeaderAccept
1785422821371,false,1785422821402,LeaderAccept
1785422821394,true,1785422821426,LeaderAccept
1785422821417,false,1785422821448,LeaderAccept
1785422821440,false,1785422821472,LeaderAccept
1785422821464,true,1785422821495,LeaderAccept
1785422821488,false,1785422821520,LeaderAccept
1785422821511,true,1785422821543,LeaderAccept
1785422821536,true,1785422821568,LeaderAccept
1785422821561,true,1785422821592,LeaderAccept
1785422821586,true,1785422821617,LeaderAccept
1785422821611,false,1785422821643,LeaderAccept
1785422821636,false,1785422821668,LeaderAccept
1785422821662,false,1785422821693,LeaderAccept
1785422821688,true,1785422821720,LeaderAccept
1785422821715,false,1785422821746,LeaderAccept
1785422821742,true,1785422821774,LeaderAccept
1785422821769,false,1785422821800,LeaderAccept
1785422821797,false,1785422821829,LeaderAccept
1785422821825,false,1785422821856,LeaderAccept
1785422821853,false,1785422821884,LeaderAccept
1785422821882,true,1785422821914,LeaderAccept
1785422821910,true,1785422821941,LeaderAccept
1785422821940,false,1785422821971,LeaderAccept
1785422821970,false,1785422822002,LeaderAccept
1785422822000,false,1785422822031,LeaderAccept
1785422822031,true,1785422822062,LeaderAccept
1785422822062,true,1785422822093,LeaderAccept
1785422822093,true,1785422822124,LeaderAccept
1785422822125,false,1785422822157,LeaderAccept
1785422822158,false,1785422822189,LeaderAccept
1785422822191,true,1785422822222,LeaderAccept
1785422822224,false,1785422822255,LeaderAccept
1785422822258,true,1785422822290,LeaderAccept
1785422822293,false,1785422822324,LeaderAccept
1785422822328,true,1785422822359,LeaderAccept
1785422822364,true,1785422822396,LeaderAccept
1785422822401,true,1785422822432,LeaderAccept
1785422822437,true,1785422822469,LeaderAccept
1785422822476,true,1785422822508,LeaderAccept
1785422822515,true,1785422822546,LeaderAccept
1785422822553,false,1785422822585,LeaderAccept
1785422822594,false,1785422822626,LeaderAccept
1785422822635,true,1785422822667,LeaderAccept
1785422822677,false,1785422822708,LeaderAccept
1785422822720,true,1785422822751,LeaderAccept
1785422822762,false,1785422822795,LeaderAccept
1785422822807,true,1785422822838,LeaderAccept
1785422822851,true,1785422822882,LeaderAccept
1785422822898,false,1785422822929,LeaderAccept
1785422822944,false,1785422822976,LeaderAccept
1785422822993,true,1785422823025,LeaderAccept
1785422823043,true,1785422823075,LeaderAccept
1785422823094,true,1785422823126,LeaderAccept
1785422823146,true,1785422823178,LeaderAccept
1785422823200,false,1785422823231,LeaderAccept
1785422823254,true,1785422823286,LeaderAccept
1785422823310,false,1785422823342,LeaderAccept
1785422823368,false,1785422823400,LeaderAccept
1785422823428,true,1785422823460,LeaderAccept
1785422823489,true,1785422823520,LeaderAccept
1785422823552,true,1785422823584,LeaderAccept
1785422823617,false,1785422823648,LeaderAccept
1785422823684,true,1785422823715,LeaderAccept
1785422823752,true,1785422823784,LeaderAccept
1785422823824,false,1785422823855,LeaderAccept
1785422823899,false,1785422823930,LeaderAccept
1785422823976,false,1785422824007,LeaderAccept
1785422824055,false,1785422824087,LeaderAccept
1785422824139,false,1785422824170,LeaderAccept
1785422824225,true,1785422824257,LeaderAccept
1785422824315,true,1785422824347,LeaderAccept
1785422824409,true,1785422824441,LeaderAccept
1785422824509,false,1785422824541,LeaderAccept
1785422824613,true,1785422824644,LeaderAccept
1785422824723,false,1785422824755,LeaderAccept
1785422824839,true,1785422824871,LeaderAccept
1785422824962,false,1785422824993,LeaderAccept
1785422825092,true,1785422825124,LeaderAccept
1785422825231,true,1785422825263,LeaderAccept
1785422825380,false,1785422825412,LeaderAccept
1785422825540,false,1785422825572,LeaderAccept
1785422825714,false,1785422825746,LeaderAccept
1785422825902,true,1785422825934,LeaderAccept
1785422826109,true,1785422826141,LeaderAccept
1785422826340,false,1785422826371,LeaderAccept
1785422826598,false,1785422826630,LeaderAccept
1785422826891,true,1785422826924,LeaderAccept
1785422827232,false,,
1785422827635,true,,
1785422828128,false,1785422828160,LeaderAccept
1785422828758,true,1785422828789,LeaderAccept
1785422829620,false,1785422829651,LeaderAccept
1785422830947,true,1785422830979,LeaderAccept
1785422833522,true,1785422833554,LeaderAccept
1785422842848,true,1785422842879,LeaderAccept
1785422870228,false,1785422870260,LeaderAccept
1785422870244,true,1785422870275,LeaderAccept
1785422870259,false,1785422870291,LeaderAccept
1785422870274,false,1785422870306,LeaderAccept
1785422870289,false,1785422870321,LeaderAccept
1785422870305,false,1785422870337,LeaderAccept
1785422870321,true,1785422870352,LeaderAccept
1785422870336,false,1785422870368,LeaderAccept
1785422870352,true,1785422870384,LeaderAccept
1785422870369,true,1785422870400,LeaderAccept
1785422870386,false,1785422870417,LeaderAccept
1785422870403,false,1785422870435,LeaderAccept
1785422870419,false,1785422870451,LeaderAccept
1785422870436,false,1785422870467,LeaderAccept
1785422870453,false,1785422870484,LeaderAccept
1785422870469,false,1785422870501,LeaderAccept
1785422870486,true,1785422870518,LeaderAccept
1785422870503,false,1785422870535,LeaderAccept
1785422870520,false,1785422870552,LeaderAccept
1785422870538,false,1785422870569,LeaderAccept
1785422870556,false,1785422870587,LeaderAccept
1785422870574,false,1785422870605,LeaderAccept
1785422870592,false,1785422870623,LeaderAccept
1785422870609,false,1785422870641,LeaderAccept
1785422870627,true,1785422870659,LeaderAccept
1785422870646,false,1785422870678,LeaderAccept
1785422870665,true,1785422870696,LeaderAccept
1785422870684,true,1785422870715,LeaderAccept
1785422870702,true,1785422870734,LeaderAccept
1785422870721,true,1785422870753,LeaderAccept
1785422870740,false,1785422870771,LeaderAccept
1785422870759,true,1785422870791,LeaderAccept
1785422870779,false,1785422870810,LeaderAccept
1785422870799,false,1785422870831,LeaderAccept
1785422870820,true,1785422870851,LeaderAccept
1785422870840,false,1785422870871,LeaderAccept
1785422870861,false,1785422870892,LeaderAccept
1785422870882,true,1785422870913,LeaderAccept
1785422870903,true,1785422870934,LeaderAccept
1785422870924,true,1785422870956,LeaderAccept
1785422870946,true,1785422870977,LeaderAccept
1785422870966,false,1785422870998,LeaderAccept
1785422870987,true,1785422871019,LeaderAccept
1785422871010,true,1785422871042,LeaderAccept
1785422871033,false,1785422871064,LeaderAccept
1785422871056,true,1785422871087,LeaderAccept
1785422871079,false,1785422871110,LeaderAccept
1785422871101,true,1785422871134,LeaderAccept
1785422871125,true,1785422871156,LeaderAccept
1785422871148,false,1785422871179,LeaderAccept
1785422871171,true,1785422871203,LeaderAccept
1785422871196,false,1785422871228,LeaderAccept
1785422871219,false,1785422871251,LeaderAccept
1785422871244,false,1785422871275,LeaderAccept
1785422871269,false,1785422871300,LeaderAccept
1785422871294,false,1785422871325,LeaderAccept
1785422871319,false,1785422871350,LeaderAccept
1785422871344,true,1785422871376,LeaderAccept
1785422871371,true,1785422871403,LeaderAccept
1785422871397,true,1785422871428,LeaderAccept
1785422871423,false,1785422871454,LeaderAccept
1785422871450,false,1785422871481,LeaderAccept
1785422871476,true,1785422871508,LeaderAccept
1785422871504,false,1785422871536,LeaderAccept
1785422871532,true,1785422871563,LeaderAccept
1785422871560,false,1785422871592,LeaderAccept
1785422871589,true,1785422871621,LeaderAccept
1785422871618,false,1785422871649,LeaderAccept
1785422871647,true,1785422871679,LeaderAccept
1785422871677,true,1785422871709,LeaderAccept
1785422871707,false,1785422871739,LeaderAccept
1785422871738,true,1785422871769,LeaderAccept
1785422871769,false,1785422871801,LeaderAccept
1785422871801,false,1785422871832,LeaderAccept
1785422871833,true,1785422871865,LeaderAccept
1785422871866,false,1785422871897,LeaderAccept
1785422871899,true,1785422871931,LeaderAccept
1785422871933,true,1785422871965,LeaderAccept
1785422871967,false,1785422871999,LeaderAccept
1785422872002,false,1785422872034,LeaderAccept
1785422872038,false,1785422872069,LeaderAccept
1785422872074,true,1785422872105,LeaderAccept
1785422872111,true,1785422872142,LeaderAccept
1785422872147,false,1785422872179,LeaderAccept
1785422872185,false,1785422872217,LeaderAccept
1785422872225,false,1785422872256,LeaderAccept
1785422872264,true,1785422872296,LeaderAccept
1785422872304,false,1785422872336,LeaderAccept
1785422872345,true,1785422872377,LeaderAccept
1785422872387,false,1785422872418,LeaderAccept
1785422872430,true,1785422872461,LeaderAccept
1785422872474,false,1785422872506,LeaderAccept
1785422872519,true,1785422872551,LeaderAccept
1785422872565,true,1785422872597,LeaderAccept
1785422872612,false,1785422872643,LeaderAccept
1785422872660,true,1785422872691,LeaderAccept
1785422872709,false,1785422872741,LeaderAccept
1785422872759,true,1785422872791,LeaderAccept
1785422872810,true,1785422872842,LeaderAccept
1785422872863,true,1785422872895,LeaderAccept
1785422872917,false,1785422872949,LeaderAccept
1785422872973,false,1785422873004,LeaderAccept
1785422873030,true,1785422873062,LeaderAccept
1785422873089,true,1785422873120,LeaderAccept
1785422873149,true,1785422873180,LeaderAccept
1785422873211,false,1785422873242,LeaderAccept
1785422873275,true,1785422873306,LeaderAccept
1785422873341,true,1785422873373,LeaderAccept
1785422873409,true,1785422873441,LeaderAccept
1785422873480,false,1785422873512,LeaderAccept
1785422873554,true,1785422873586,LeaderAccept
1785422873630,true,1785422873662,LeaderAccept
1785422873709,false,1785422873741,LeaderAccept
1785422873790,false,1785422873822,LeaderAccept
1785422873876,false,1785422873907,LeaderAccept
1785422873965,true,1785422873996,LeaderAccept
1785422874058,true,1785422874090,LeaderAccept
1785422874155,true,1785422874187,LeaderAccept
1785422874256,false,1785422874288,LeaderAccept
1785422874364,true,,
1785422874476,true,1785422874508,LeaderAccept
1785422874596,false,1785422874628,LeaderAccept
1785422874723,true,1785422874755,LeaderAccept
1785422874858,true,,
1785422875003,true,1785422875041,LeaderAccept
1785422875158,true,1785422875190,LeaderAccept
1785422875325,true,1785422875357,LeaderAccept
1785422875508,false,,
1785422875708,false,1785422875740,LeaderAccept
1785422875928,true,1785422875960,LeaderAccept
1785422876173,false,1785422876205,LeaderAccept
1785422876450,true,1785422876482,LeaderAccept
1785422876769,true,1785422876800,LeaderAccept
1785422877142,false,1785422877174,LeaderAccept
1785422877592,false,1785422877624,LeaderAccept
1785422878155,true,1785422878187,LeaderAccept
1785422878901,false,1785422878933,LeaderAccept
1785422879983,true,1785422880015,LeaderAccept
1785422881841,true,1785422881873,LeaderAccept
1785422886542,true,1785422886574,LeaderAccept
1785422901979,false,1785422902012,LeaderAccept
1785422902004,false,1785422902036,LeaderAccept
1785422902028,false,1785422902060,LeaderAccept
1785422902053,true,1785422902084,LeaderAccept
1785422902078,false,1785422902109,LeaderAccept
1785422902102,true,1785422902134,LeaderAccept
1785422902128,true,1785422902159,LeaderAccept
1785422902153,false,1785422902184,LeaderAccept
1785422902178,true,1785422902210,LeaderAccept
1785422902205,false,1785422902237,LeaderAccept
1785422902232,false,1785422902264,LeaderAccept
1785422902259,true,1785422902290,LeaderAccept
1785422902287,false,1785422902318,LeaderAccept
1785422902315,false,1785422902347,LeaderAccept
1785422902342,true,1785422902374,LeaderAccept
1785422902371,true,1785422902402,LeaderAccept
1785422902399,false,1785422902431,LeaderAccept
1785422902428,false,1785422902460,LeaderAccept
1785422902457,false,1785422902489,LeaderAccept
1785422902488,true,1785422902520,LeaderAccept
1785422902519,true,1785422902551,LeaderAccept
1785422902550,false,1785422902582,LeaderAccept
1785422902582,true,1785422902613,LeaderAccept
1785422902613,false,1785422902644,LeaderAccept
1785422902646,true,1785422902677,LeaderAccept
1785422902679,false,1785422902710,LeaderAccept
1785422902713,false,1785422902744,LeaderAccept
1785422902747,true,1785422902778,LeaderAccept
1785422902780,true,1785422902812,LeaderAccept
1785422902815,false,1785422902847,LeaderAccept
1785422902851,true,1785422902883,LeaderAccept
1785422902887,true,1785422902919,LeaderAccept
1785422902924,false,1785422902956,LeaderAccept
1785422902962,true,1785422902994,LeaderAccept
1785422903000,true,1785422903032,LeaderAccept
1785422903040,false,1785422903072,LeaderAccept
1785422903079,true,1785422903111,LeaderAccept
1785422903119,false,1785422903151,LeaderAccept
1785422903160,true,1785422903192,LeaderAccept
1785422903203,false,1785422903235,LeaderAccept
1785422903246,false,1785422903278,LeaderAccept
1785422903290,false,1785422903321,LeaderAccept
1785422903334,true,1785422903366,LeaderAccept
1785422903381,true,1785422903413,LeaderAccept
1785422903428,true,1785422903459,LeaderAccept
1785422903475,true,1785422903507,LeaderAccept
1785422903525,false,1785422903556,LeaderAccept
1785422903575,false,1785422903606,LeaderAccept
1785422903626,true,1785422903657,LeaderAccept
1785422903678,true,1785422903711,LeaderAccept
1785422903732,false,1785422903764,LeaderAccept
1785422903787,false,1785422903820,LeaderAccept
1785422903845,false,1785422903877,LeaderAccept
1785422903904,true,1785422903936,LeaderAccept
1785422903965,true,1785422903997,LeaderAccept
1785422904028,true,1785422904059,LeaderAccept
1785422904093,true,1785422904124,LeaderAccept
1785422904160,false,1785422904192,LeaderAccept
1785422904229,true,1785422904261,LeaderAccept
1785422904300,true,1785422904332,LeaderAccept
1785422904373,true,1785422904405,LeaderAccept
1785422904449,false,1785422904482,LeaderAccept
1785422904529,false,1785422904560,LeaderAccept
1785422904611,true,1785422904642,LeaderAccept
1785422904697,false,1785422904728,LeaderAccept
1785422904787,false,1785422904819,LeaderAccept
1785422904881,false,1785422904913,LeaderAccept
1785422904979,true,1785422905011,LeaderAccept
1785422905081,false,1785422905113,LeaderAccept
1785422905189,false,1785422905221,LeaderAccept
1785422905304,true,1785422905335,LeaderAccept
1785422905424,false,1785422905456,LeaderAccept
1785422905553,false,1785422905584,LeaderAccept
1785422905690,false,1785422905721,LeaderAccept
1785422905835,false,1785422905867,LeaderAccept
1785422905992,false,1785422906024,LeaderAccept
1785422906163,true,1785422906195,LeaderAccept
1785422906347,false,1785422906379,LeaderAccept
1785422906550,true,1785422906582,LeaderAccept
1785422906774,true,1785422906805,LeaderAccept
1785422907024,false,1785422907055,LeaderAccept
1785422907308,false,1785422907339,LeaderAccept
1785422907635,true,1785422907666,LeaderAccept
1785422908020,true,1785422908052,LeaderAccept
1785422908486,true,1785422908517,LeaderAccept
1785422909074,true,1785422909106,LeaderAccept
1785422909863,true,1785422909895,LeaderAccept
1785422911032,true,1785422911064,LeaderAccept
1785422913129,false,1785422913160,LeaderAccept
1785422919110,true,1785422919141,LeaderAccept
1785422933202,true,1785422933234,LeaderAccept
1785422933218,false,1785422933250,LeaderAccept
1785422933236,false,1785422933268,LeaderAccept
1785422933252,false,1785422933284,LeaderAccept
1785422933269,false,1785422933301,LeaderAccept
1785422933287,false,1785422933319,LeaderAccept
1785422933305,false,1785422933337,LeaderAccept
1785422933323,true,1785422933355,LeaderAccept
1785422933341,false,1785422933373,LeaderAccept
1785422933359,true,1785422933391,LeaderAccept
1785422933377,false,1785422933409,LeaderAccept
1785422933396,false,1785422933427,LeaderAccept
1785422933413,true,1785422933445,LeaderAccept
1785422933432,true,1785422933463,LeaderAccept
1785422933451,false,1785422933483,LeaderAccept
1785422933470,true,1785422933501,LeaderAccept
1785422933489,true,1785422933521,LeaderAccept
1785422933509,false,1785422933540,LeaderAccept
1785422933527,true,1785422933559,LeaderAccept
1785422933547,true,1785422933579,LeaderAccept
1785422933567,true,1785422933599,LeaderAccept
1785422933587,true,1785422933619,LeaderAccept
1785422933607,true,1785422933640,LeaderAccept
1785422933628,false,1785422933660,LeaderAccept
1785422933649,false,1785422933681,LeaderAccept
1785422933670,false,1785422933702,LeaderAccept
1785422933691,false,1785422933723,LeaderAccept
1785422933712,false,1785422933744,LeaderAccept
1785422933733,true,1785422933765,LeaderAccept
1785422933754,true,1785422933786,LeaderAccept
1785422933775,false,1785422933808,LeaderAccept
1785422933798,false,1785422933829,LeaderAccept
1785422933820,true,1785422933851,LeaderAccept
1785422933842,true,1785422933874,LeaderAccept
1785422933865,false,1785422933896,LeaderAccept
1785422933888,true,1785422933920,LeaderAccept
1785422933911,true,1785422933943,LeaderAccept
1785422933935,false,1785422933967,LeaderAccept
1785422933958,true,1785422933990,LeaderAccept
1785422933983,false,1785422934014,LeaderAccept
1785422934008,true,1785422934039,LeaderAccept
1785422934033,true,1785422934065,LeaderAccept
1785422934058,false,1785422934090,LeaderAccept
1785422934083,true,1785422934115,LeaderAccept
1785422934109,true,1785422934140,LeaderAccept
1785422934135,true,1785422934167,LeaderAccept
1785422934161,true,1785422934193,LeaderAccept
1785422934188,false,1785422934220,LeaderAccept
1785422934215,true,1785422934246,LeaderAccept
1785422934241,true,1785422934273,LeaderAccept
1785422934269,true,1785422934300,LeaderAccept
1785422934296,false,1785422934328,LeaderAccept
1785422934324,false,1785422934356,LeaderAccept
1785422934353,false,1785422934385,LeaderAccept
1785422934382,false,1785422934414,LeaderAccept
1785422934411,true,1785422934443,LeaderAccept
1785422934442,false,1785422934474,LeaderAccept
1785422934472,false,1785422934504,LeaderAccept
1785422934502,true,1785422934534,LeaderAccept
1785422934534,true,1785422934565,LeaderAccept
1785422934565,false,1785422934596,LeaderAccept
1785422934597,true,1785422934629,LeaderAccept
1785422934629,true,1785422934660,LeaderAccept
1785422934663,true,1785422934694,LeaderAccept
1785422934697,false,1785422934728,LeaderAccept
1785422934731,true,1785422934762,LeaderAccept
1785422934765,true,1785422934797,LeaderAccept
1785422934801,false,1785422934832,LeaderAccept
1785422934837,false,1785422934868,LeaderAccept
1785422934873,true,1785422934905,LeaderAccept
1785422934910,false,1785422934942,LeaderAccept
1785422934948,true,1785422934979,LeaderAccept
1785422934987,false,1785422935018,LeaderAccept
1785422935025,true,1785422935057,LeaderAccept
1785422935066,false,1785422935097,LeaderAccept
1785422935107,false,1785422935139,LeaderAccept
1785422935149,false,1785422935180,LeaderAccept
1785422935192,false,1785422935223,LeaderAccept
1785422935235,true,1785422935267,LeaderAccept
1785422935279,true,1785422935311,LeaderAccept
1785422935325,false,1785422935356,LeaderAccept
1785422935371,true,1785422935402,LeaderAccept
1785422935418,true,1785422935450,LeaderAccept
1785422935467,false,1785422935499,LeaderAccept
1785422935517,true,1785422935549,LeaderAccept
1785422935567,false,1785422935599,LeaderAccept
1785422935619,true,1785422935651,LeaderAccept
1785422935672,false,1785422935704,LeaderAccept
1785422935727,false,1785422935759,LeaderAccept
1785422935784,false,1785422935816,LeaderAccept
1785422935842,true,1785422935874,LeaderAccept
1785422935901,true,1785422935933,LeaderAccept
1785422935962,false,1785422935994,LeaderAccept
1785422936026,true,1785422936058,LeaderAccept
1785422936091,false,1785422936123,LeaderAccept
1785422936159,true,1785422936191,LeaderAccept
1785422936229,true,1785422936260,LeaderAccept
1785422936302,true,1785422936334,LeaderAccept
1785422936377,false,1785422936409,LeaderAccept
1785422936454,false,1785422936487,LeaderAccept
1785422936535,false,1785422936567,LeaderAccept
1785422936619,true,1785422936651,LeaderAccept
1785422936706,true,1785422936738,LeaderAccept
1785422936797,false,1785422936829,LeaderAccept
1785422936892,false,1785422936924,LeaderAccept
1785422936993,true,1785422937025,LeaderAccept
1785422937097,true,1785422937129,LeaderAccept
1785422937208,true,1785422937240,LeaderAccept
1785422937324,false,1785422937356,LeaderAccept
1785422937448,false,1785422937480,LeaderAccept
1785422937581,true,1785422937612,LeaderAccept
1785422937722,true,1785422937753,LeaderAccept
1785422937873,false,1785422937905,LeaderAccept
1785422938036,true,1785422938067,LeaderAccept
1785422938213,false,1785422938245,LeaderAccept
1785422938406,true,1785422938438,LeaderAccept
1785422938619,true,1785422938651,LeaderAccept
1785422938855,false,,
1785422939121,true,1785422939152,LeaderAccept
1785422939424,true,1785422939455,LeaderAccept
1785422939775,false,1785422939807,LeaderAccept
1785422940195,false,1785422940226,LeaderAccept
1785422940712,false,1785422940744,LeaderAccept
1785422941381,true,1785422941413,LeaderAccept
1785422942316,true,1785422942460,LeaderAccept
1785422943808,false,1785422943839,LeaderAccept
1785422946951,false,1785422946983,LeaderAccept
1785422962074,false,1785422962105,LeaderAccept
1785422988532,false,,
1785422988553,true,,
1785422988574,false,1785422988682,LeaderAccept
1785422988594,false,1785422988682,LeaderAccept
1785422988616,true,1785422988682,LeaderAccept
1785422988638,true,1785422988682,LeaderAccept
1785422988659,true,1785422988691,LeaderAccept
1785422988682,false,1785422988713,LeaderAccept
1785422988703,true,1785422988735,LeaderAccept
1785422988726,false,1785422988757,LeaderAccept
1785422988749,true,1785422988781,LeaderAccept
1785422988772,true,1785422988803,LeaderAccept
1785422988795,true,1785422988826,LeaderAccept
1785422988818,false,1785422988850,LeaderAccept
1785422988842,false,1785422988874,LeaderAccept
1785422988866,true,1785422988898,LeaderAccept
1785422988890,true,1785422988922,LeaderAccept
1785422988914,true,1785422988946,LeaderAccept
1785422988939,true,1785422988970,LeaderAccept
1785422988964,true,1785422988996,LeaderAccept
1785422988990,false,1785422989021,LeaderAccept
1785422989016,false,1785422989048,LeaderAccept
1785422989041,false,1785422989073,LeaderAccept
1785422989067,false,1785422989100,LeaderAccept
1785422989093,true,1785422989125,LeaderAccept
1785422989119,false,1785422989151,LeaderAccept
1785422989146,true,1785422989178,LeaderAccept
1785422989173,false,1785422989205,LeaderAccept
1785422989202,false,1785422989234,LeaderAccept
1785422989231,false,1785422989263,LeaderAccept
1785422989260,true,1785422989292,LeaderAccept
1785422989289,true,1785422989321,LeaderAccept
1785422989319,false,1785422989353,LeaderAccept
1785422989349,false,1785422989380,LeaderAccept
1785422989380,true,1785422989412,LeaderAccept
1785422989411,true,1785422989442,LeaderAccept
1785422989442,false,1785422989474,LeaderAccept
1785422989474,true,1785422989505,LeaderAccept
1785422989506,true,1785422989537,LeaderAccept
1785422989538,true,1785422989570,LeaderAccept
1785422989571,false,1785422989603,LeaderAccept
1785422989604,true,1785422989636,LeaderAccept
1785422989639,true,1785422989670,LeaderAccept
1785422989674,true,1785422989705,LeaderAccept
1785422989708,true,1785422989740,LeaderAccept
1785422989745,false,1785422989777,LeaderAccept
1785422989782,true,1785422989813,LeaderAccept
1785422989820,true,1785422989851,LeaderAccept
1785422989858,false,1785422989889,LeaderAccept
1785422989897,true,1785422989929,LeaderAccept
1785422989936,true,1785422989968,LeaderAccept
1785422989977,false,1785422990008,LeaderAccept
1785422990018,false,1785422990050,LeaderAccept
1785422990060,true,1785422990091,LeaderAccept
1785422990103,true,1785422990135,LeaderAccept
1785422990146,true,1785422990178,LeaderAccept
1785422990192,true,1785422990223,LeaderAccept
1785422990238,true,1785422990269,LeaderAccept
1785422990285,false,1785422990316,LeaderAccept
1785422990333,false,1785422990365,LeaderAccept
1785422990381,true,1785422990413,LeaderAccept
1785422990431,true,1785422990463,LeaderAccept
1785422990482,false,1785422990514,LeaderAccept
1785422990535,false,1785422990566,LeaderAccept
1785422990588,true,1785422990620,LeaderAccept
1785422990644,true,1785422990675,LeaderAccept
1785422990701,false,1785422990732,LeaderAccept
1785422990759,false,1785422990791,LeaderAccept
1785422990820,true,1785422990851,LeaderAccept
1785422990882,true,1785422990914,LeaderAccept
1785422990946,true,1785422990977,LeaderAccept
1785422991012,false,1785422991043,LeaderAccept
1785422991080,false,1785422991112,LeaderAccept
1785422991150,false,1785422991182,LeaderAccept
1785422991224,false,1785422991256,LeaderAccept
1785422991300,false,1785422991332,LeaderAccept
1785422991379,false,1785422991411,LeaderAccept
1785422991461,true,1785422991492,LeaderAccept
1785422991546,true,1785422991578,LeaderAccept
1785422991635,false,1785422991667,LeaderAccept
1785422991727,true,1785422991759,LeaderAccept
1785422991824,true,1785422991856,LeaderAccept
1785422991927,true,1785422991958,LeaderAccept
1785422992034,false,1785422992066,LeaderAccept
1785422992147,true,1785422992179,LeaderAccept
1785422992266,false,1785422992298,LeaderAccept
1785422992393,false,1785422992424,LeaderAccept
1785422992527,true,1785422992558,LeaderAccept
1785422992672,false,1785422992703,LeaderAccept
1785422992827,false,1785422992859,LeaderAccept
1785422992994,true,1785422993025,LeaderAccept
1785422993176,true,1785422993208,LeaderAccept
1785422993374,true,1785422993406,LeaderAccept
1785422993593,true,1785422993625,LeaderAccept
1785422993839,true,1785422993870,LeaderAccept
1785422994116,true,1785422994147,LeaderAccept
1785422994434,false,1785422994465,LeaderAccept
1785422994806,false,1785422994838,LeaderAccept
1785422995253,true,1785422995285,LeaderAccept
1785422995814,false,1785422995846,LeaderAccept
1785422996555,false,1785422996588,LeaderAccept
1785422997628,true,1785422997660,LeaderAccept
1785422999462,true,1785422999494,LeaderAccept
1785423004046,false,1785423004078,LeaderAccept
1785423023711,true,1785423023743,LeaderAccept
1785423023736,true,1785423023768,LeaderAccept
1785423023761,false,1785423023793,LeaderAccept
1785423023786,true,1785423023818,LeaderAccept
1785423023812,false,1785423023843,LeaderAccept
1785423023837,false,1785423023869,LeaderAccept
1785423023864,false,1785423023895,LeaderAccept
1785423023890,true,1785423023922,LeaderAccept
1785423023917,false,1785423023948,LeaderAccept
1785423023944,true,1785423023976,LeaderAccept
1785423023971,false,1785423024002,LeaderAccept
1785423023998,false,1785423024030,LeaderAccept
1785423024026,false,1785423024057,LeaderAccept
1785423024054,true,1785423024086,LeaderAccept
1785423024082,true,1785423024114,LeaderAccept
1785423024112,true,1785423024144,LeaderAccept
1785423024141,true,1785423024173,LeaderAccept
1785423024171,false,1785423024202,LeaderAccept
1785423024202,false,1785423024234,LeaderAccept
1785423024233,false,1785423024264,LeaderAccept
1785423024264,false,1785423024295,LeaderAccept
1785423024295,true,1785423024327,LeaderAccept
1785423024328,false,1785423024360,LeaderAccept
1785423024361,true,1785423024393,LeaderAccept
1785423024395,false,1785423024427,LeaderAccept
1785423024429,false,1785423024460,LeaderAccept
1785423024463,false,1785423024495,LeaderAccept
1785423024498,false,1785423024529,LeaderAccept
1785423024534,false,1785423024566,LeaderAccept
1785423024570,false,1785423024602,LeaderAccept
1785423024607,false,1785423024639,LeaderAccept
1785423024645,true,1785423024677,LeaderAccept
1785423024684,true,1785423024716,LeaderAccept
1785423024723,true,1785423024755,LeaderAccept
1785423024763,true,1785423024794,LeaderAccept
1785423024802,true,1785423024835,LeaderAccept
1785423024844,true,1785423024875,LeaderAccept
1785423024886,true,1785423024918,LeaderAccept
1785423024929,false,1785423024960,LeaderAccept
1785423024973,false,1785423025005,LeaderAccept
1785423025018,true,1785423025050,LeaderAccept
1785423025064,false,1785423025096,LeaderAccept
1785423025111,false,1785423025143,LeaderAccept
1785423025159,false,1785423025191,LeaderAccept
1785423025209,false,1785423025241,LeaderAccept
1785423025259,false,1785423025291,LeaderAccept
1785423025311,false,1785423025343,LeaderAccept
1785423025364,true,1785423025396,LeaderAccept
1785423025418,true,1785423025450,LeaderAccept
1785423025474,false,1785423025506,LeaderAccept
1785423025530,false,1785423025562,LeaderAccept
1785423025589,true,1785423025621,LeaderAccept
1785423025650,false,1785423025682,LeaderAccept
1785423025713,true,1785423025745,LeaderAccept
1785423025777,true,1785423025809,LeaderAccept
1785423025844,true,1785423025875,LeaderAccept
1785423025913,true,1785423025945,LeaderAccept
1785423025984,false,1785423026016,LeaderAccept
1785423026058,true,1785423026090,LeaderAccept
1785423026135,false,1785423026167,LeaderAccept
1785423026214,true,1785423026246,LeaderAccept
1785423026297,false,1785423026328,LeaderAccept
1785423026383,true,1785423026414,LeaderAccept
1785423026472,true,1785423026504,LeaderAccept
1785423026566,false,1785423026598,LeaderAccept
1785423026664,true,1785423026696,LeaderAccept
1785423026766,true,1785423026798,LeaderAccept
1785423026875,true,1785423026907,LeaderAccept
1785423026989,false,1785423027021,LeaderAccept
1785423027110,false,1785423027142,LeaderAccept
1785423027237,true,1785423027269,LeaderAccept
1785423027374,true,1785423027405,LeaderAccept
1785423027520,false,1785423027551,LeaderAccept
1785423027677,true,1785423027708,LeaderAccept
1785423027847,true,1785423027879,LeaderAccept
1785423028031,false,1785423028063,LeaderAccept
1785423028234,true,1785423028266,LeaderAccept
1785423028457,false,1785423028489,LeaderAccept
1785423028708,false,1785423028740,LeaderAccept
1785423028992,true,1785423029023,LeaderAccept
1785423029318,true,1785423029350,LeaderAccept
1785423029702,true,1785423029733,LeaderAccept
1785423030166,false,1785423030198,LeaderAccept
1785423030751,false,1785423030783,LeaderAccept
1785423031535,true,1785423031567,LeaderAccept
1785423032694,false,1785423032726,LeaderAccept
1785423034763,false,1785423034794,LeaderAccept
1785423040579,false,1785423040610,LeaderAccept
1785423057525,false,,
1785423057562,false,,
1785423057599,true,,
1785423057636,false,,
1785423057675,false,,
1785423057713,false,,
1785423057753,true,,
1785423057793,false,,
1785423057834,false,,
1785423057877,false,,
1785423057920,false,,
1785423057964,true,,
1785423058009,false,,
1785423058055,false,1785423058086,LeaderAccept
1785423058101,true,1785423058133,LeaderAccept
1785423058150,true,1785423058182,LeaderAccept
1785423058199,false,1785423058230,LeaderAccept
1785423058248,true,1785423058280,LeaderAccept
1785423058300,true,1785423058331,LeaderAccept
1785423058352,true,1785423058384,LeaderAccept
1785423058407,false,1785423058438,LeaderAccept
1785423058463,false,1785423058494,LeaderAccept
1785423058520,false,1785423058552,LeaderAccept
1785423058579,false,1785423058611,LeaderAccept
1785423058640,true,1785423058672,LeaderAccept
1785423058703,true,1785423058735,LeaderAccept
1785423058768,true,1785423058799,LeaderAccept
1785423058835,false,1785423058866,LeaderAccept
1785423058903,true,1785423058935,LeaderAccept
1785423058974,false,1785423059006,LeaderAccept
1785423059048,false,1785423059080,LeaderAccept
1785423059125,false,1785423059157,LeaderAccept
1785423059205,true,1785423059236,LeaderAccept
1785423059288,true,1785423059319,LeaderAccept
1785423059374,false,1785423059405,LeaderAccept
1785423059463,true,1785423059495,LeaderAccept
1785423059557,true,1785423059588,LeaderAccept
1785423059655,false,1785423059686,LeaderAccept
1785423059757,true,1785423059789,LeaderAccept
1785423059865,false,1785423059897,LeaderAccept
1785423059979,true,1785423060011,LeaderAccept
1785423060101,true,1785423060133,LeaderAccept
1785423060229,true,1785423060261,LeaderAccept
1785423060365,false,1785423060397,LeaderAccept
1785423060512,true,1785423060543,LeaderAccept
1785423060669,true,1785423060701,LeaderAccept
1785423060839,false,1785423060871,LeaderAccept
1785423061024,false,1785423061055,LeaderAccept
1785423061227,false,1785423061259,LeaderAccept
1785423061451,false,1785423061483,LeaderAccept
1785423061703,true,1785423061734,LeaderAccept
1785423061987,true,1785423062019,LeaderAccept
1785423062315,true,1785423062347,LeaderAccept
1785423062701,true,1785423062733,LeaderAccept
1785423063169,false,,
1785423063759,false,1785423063790,LeaderAccept
1785423064550,true,1785423064582,LeaderAccept
1785423065727,true,1785423065759,LeaderAccept
1785423067847,false,1785423067879,LeaderAccept
1785423073960,true,1785423073992,LeaderAccept
1785423075123,true,1785423075155,LeaderAccept
1785423075139,false,1785423075171,LeaderAccept
1785423075154,true,1785423075186,LeaderAccept
1785423075170,false,1785423075202,LeaderAccept
1785423075186,true,1785423075217,LeaderAccept
1785423075201,false,1785423075233,LeaderAccept
1785423075217,true,1785423075249,LeaderAccept
1785423075233,true,1785423075264,LeaderAccept
1785423075249,false,1785423075280,LeaderAccept
1785423075264,false,1785423075296,LeaderAccept
1785423075280,true,1785423075311,LeaderAccept
1785423075297,true,1785423075328,LeaderAccept
1785423075312,false,1785423075344,LeaderAccept
1785423075328,false,1785423075359,LeaderAccept
1785423075345,true,1785423075377,LeaderAccept
1785423075362,true,1785423075393,LeaderAccept
1785423075378,false,1785423075411,LeaderAccept
1785423075394,true,1785423075426,LeaderAccept
1785423075412,false,1785423075443,LeaderAccept
1785423075429,false,1785423075460,LeaderAccept
1785423075445,true,1785423075477,LeaderAccept
1785423075462,true,1785423075494,LeaderAccept
1785423075479,false,1785423075511,LeaderAccept
1785423075496,true,1785423075528,LeaderAccept
1785423075514,true,1785423075546,LeaderAccept
1785423075531,true,1785423075563,LeaderAccept
1785423075550,false,1785423075582,LeaderAccept
1785423075568,true,1785423075600,LeaderAccept
1785423075587,false,1785423075619,LeaderAccept
1785423075606,true,1785423075637,LeaderAccept
1785423075625,false,1785423075657,LeaderAccept
1785423075644,true,1785423075675,LeaderAccept
1785423075663,false,1785423075694,LeaderAccept
1785423075681,true,1785423075713,LeaderAccept
1785423075701,false,1785423075732,LeaderAccept
1785423075720,true,1785423075752,LeaderAccept
1785423075739,false,1785423075771,LeaderAccept
1785423075759,false,1785423075790,LeaderAccept
1785423075779,false,1785423075810,LeaderAccept
1785423075799,true,1785423075831,LeaderAccept
1785423075820,false,1785423075851,LeaderAccept
1785423075840,true,1785423075871,LeaderAccept
1785423075860,true,1785423075892,LeaderAccept
1785423075882,false,1785423075914,LeaderAccept
1785423075903,false,1785423075934,LeaderAccept
1785423075925,true,1785423075957,LeaderAccept
1785423075947,false,1785423075978,LeaderAccept
1785423075969,false,1785423076001,LeaderAccept
1785423075991,false,1785423076022,LeaderAccept
1785423076013,false,1785423076044,LeaderAccept
1785423076036,true,1785423076067,LeaderAccept
1785423076058,true,1785423076090,LeaderAccept
1785423076082,true,1785423076113,LeaderAccept
1785423076105,false,1785423076137,LeaderAccept
1785423076129,true,1785423076160,LeaderAccept
1785423076153,true,1785423076185,LeaderAccept
1785423076177,false,1785423076209,LeaderAccept
1785423076202,false,1785423076234,LeaderAccept
1785423076227,true,1785423076259,LeaderAccept
1785423076252,true,1785423076283,LeaderAccept
1785423076277,true,1785423076309,LeaderAccept
1785423076303,true,1785423076334,LeaderAccept
1785423076329,false,1785423076360,LeaderAccept
1785423076354,true,1785423076386,LeaderAccept
1785423076380,false,1785423076412,LeaderAccept
1785423076408,true,1785423076440,LeaderAccept
1785423076436,false,1785423076468,LeaderAccept
1785423076464,false,1785423076496,LeaderAccept
1785423076492,true,1785423076523,LeaderAccept
1785423076520,true,1785423076552,LeaderAccept
1785423076549,true,1785423076580,LeaderAccept
1785423076577,true,1785423076609,LeaderAccept
1785423076606,false,1785423076638,LeaderAccept
1785423076637,true,1785423076669,LeaderAccept
1785423076668,false,1785423076700,LeaderAccept
1785423076699,false,1785423076731,LeaderAccept
1785423076731,false,1785423076762,LeaderAccept
1785423076763,true,1785423076795,LeaderAccept
1785423076796,true,1785423076827,LeaderAccept
1785423076828,true,1785423076859,LeaderAccept
1785423076861,true,1785423076893,LeaderAccept
1785423076896,false,1785423076928,LeaderAccept
1785423076931,false,1785423076962,LeaderAccept
1785423076966,true,1785423076997,LeaderAccept
1785423077000,false,1785423077032,LeaderAccept
1785423077037,false,1785423077069,LeaderAccept
1785423077074,true,1785423077105,LeaderAccept
1785423077111,true,1785423077143,LeaderAccept
1785423077150,true,1785423077182,LeaderAccept
1785423077189,true,1785423077221,LeaderAccept
1785423077229,false,1785423077260,LeaderAccept
1785423077269,false,1785423077301,LeaderAccept
1785423077311,false,1785423077343,LeaderAccept
1785423077354,true,1785423077386,LeaderAccept
1785423077397,false,1785423077429,LeaderAccept
1785423077441,true,1785423077473,LeaderAccept
1785423077485,true,1785423077517,LeaderAccept
1785423077530,false,1785423077562,LeaderAccept
1785423077577,true,1785423077609,LeaderAccept
1785423077625,true,1785423077657,LeaderAccept
1785423077674,true,1785423077706,LeaderAccept
1785423077725,false,1785423077757,LeaderAccept
1785423077777,true,1785423077809,LeaderAccept
1785423077830,false,1785423077862,LeaderAccept
1785423077885,true,1785423077917,LeaderAccept
1785423077941,false,1785423077973,LeaderAccept
1785423077998,true,1785423078030,LeaderAccept
1785423078057,false,1785423078089,LeaderAccept
1785423078117,true,1785423078149,LeaderAccept
1785423078180,false,1785423078212,LeaderAccept
1785423078245,false,1785423078277,LeaderAccept
1785423078311,false,1785423078343,LeaderAccept
1785423078379,false,1785423078411,LeaderAccept
1785423078450,true,1785423078482,LeaderAccept
1785423078524,false,1785423078556,LeaderAccept
1785423078600,false,1785423078632,LeaderAccept
1785423078679,false,1785423078711,LeaderAccept
1785423078761,false,1785423078793,LeaderAccept
1785423078846,true,1785423078878,LeaderAccept
1785423078936,true,1785423078967,LeaderAccept
1785423079029,false,1785423079060,LeaderAccept
1785423079127,true,1785423079159,LeaderAccept
1785423079230,false,1785423079262,LeaderAccept
1785423079337,false,1785423079369,LeaderAccept
1785423079451,false,1785423079483,LeaderAccept
1785423079571,true,1785423079603,LeaderAccept
1785423079699,true,1785423079730,LeaderAccept
1785423079836,true,1785423079868,LeaderAccept
1785423079982,false,1785423080014,LeaderAccept
1785423080139,false,1785423080170,LeaderAccept
1785423080309,true,1785423080340,LeaderAccept
1785423080493,true,1785423080524,LeaderAccept
1785423080695,false,1785423080726,LeaderAccept
1785423080918,true,1785423080949,LeaderAccept
1785423081168,false,,
1785423081451,false,,
1785423081776,true,,
1785423082159,true,,
1785423082622,true,,
1785423083205,true,,
1785423083985,true,,
1785423085137,false,1785423085169,LeaderAccept
1785423087185,true,1785423087217,LeaderAccept
1785423092883,false,1785423092915,LeaderAccept
1785423104900,true,1785423104932,LeaderAccept
1785423104919,false,1785423104951,LeaderAccept
1785423104939,false,1785423104970,LeaderAccept
1785423104959,false,1785423104991,LeaderAccept
1785423104979,false,1785423105010,LeaderAccept
1785423104999,true,1785423105030,LeaderAccept
1785423105019,true,1785423105051,LeaderAccept
1785423105040,true,1785423105071,LeaderAccept
1785423105060,false,1785423105092,LeaderAccept
1785423105080,true,1785423105112,LeaderAccept
1785423105102,true,1785423105133,LeaderAccept
1785423105123,true,1785423105155,LeaderAccept
1785423105144,false,1785423105176,LeaderAccept
1785423105167,false,1785423105198,LeaderAccept
1785423105189,true,1785423105221,LeaderAccept
1785423105212,false,1785423105244,LeaderAccept
1785423105235,false,1785423105266,LeaderAccept
1785423105258,false,1785423105289,LeaderAccept
1785423105281,true,1785423105312,LeaderAccept
1785423105304,true,1785423105335,LeaderAccept
1785423105327,false,1785423105358,LeaderAccept
1785423105350,false,1785423105381,LeaderAccept
1785423105374,true,1785423105405,LeaderAccept
1785423105397,false,1785423105429,LeaderAccept
1785423105421,false,1785423105454,LeaderAccept
1785423105446,false,1785423105478,LeaderAccept
1785423105471,false,1785423105502,LeaderAccept
1785423105496,false,1785423105527,LeaderAccept
1785423105522,true,1785423105554,LeaderAccept
1785423105547,false,1785423105579,LeaderAccept
1785423105574,true,1785423105605,LeaderAccept
1785423105600,true,1785423105632,LeaderAccept
1785423105626,false,1785423105658,LeaderAccept
1785423105654,false,1785423105686,LeaderAccept
1785423105681,true,1785423105713,LeaderAccept
1785423105710,false,1785423105742,LeaderAccept
1785423105738,true,1785423105770,LeaderAccept
1785423105767,false,1785423105799,LeaderAccept
1785423105797,false,1785423105828,LeaderAccept
1785423105827,false,1785423105859,LeaderAccept
1785423105856,false,1785423105888,LeaderAccept
1785423105887,false,1785423105918,LeaderAccept
1785423105917,true,1785423105949,LeaderAccept
1785423105949,false,1785423105980,LeaderAccept
1785423105981,false,1785423106012,LeaderAccept
1785423106013,false,1785423106045,LeaderAccept
1785423106047,true,1785423106078,LeaderAccept
1785423106080,false,1785423106112,LeaderAccept
1785423106115,true,1785423106146,LeaderAccept
1785423106150,true,1785423106181,LeaderAccept
1785423106184,true,1785423106216,LeaderAccept
1785423106220,false,1785423106252,LeaderAccept
1785423106257,true,1785423106288,LeaderAccept
1785423106293,false,1785423106325,LeaderAccept
1785423106330,true,1785423106362,LeaderAccept
1785423106369,true,1785423106401,LeaderAccept
1785423106408,false,1785423106440,LeaderAccept
1785423106448,false,1785423106479,LeaderAccept
1785423106489,false,1785423106521,LeaderAccept
1785423106530,true,1785423106561,LeaderAccept
1785423106572,false,1785423106603,LeaderAccept
1785423106614,false,1785423106646,LeaderAccept
1785423106658,true,1785423106690,LeaderAccept
1785423106703,true,1785423106735,LeaderAccept
1785423106749,true,1785423106781,LeaderAccept
1785423106796,true,1785423106828,LeaderAccept
1785423106844,false,1785423106875,LeaderAccept
1785423106893,false,1785423106925,LeaderAccept
1785423106943,false,1785423106974,LeaderAccept
1785423106995,false,1785423107026,LeaderAccept
1785423107048,true,1785423107079,LeaderAccept
1785423107102,false,1785423107133,LeaderAccept
1785423107157,false,1785423107189,LeaderAccept
1785423107214,false,1785423107246,LeaderAccept
1785423107273,false,1785423107304,LeaderAccept
1785423107333,true,1785423107365,LeaderAccept
1785423107395,true,1785423107427,LeaderAccept
1785423107459,false,1785423107491,LeaderAccept
1785423107525,true,1785423107557,LeaderAccept
1785423107594,true,1785423107626,LeaderAccept
1785423107665,false,1785423107696,LeaderAccept
1785423107739,false,1785423107770,LeaderAccept
1785423107815,true,1785423107846,LeaderAccept
1785423107894,false,1785423107925,LeaderAccept
1785423107976,true,1785423108007,LeaderAccept
1785423108062,false,1785423108093,LeaderAccept
1785423108150,false,1785423108182,LeaderAccept
1785423108243,false,1785423108275,LeaderAccept
1785423108341,true,1785423108372,LeaderAccept
1785423108442,false,1785423108474,LeaderAccept
1785423108550,true,1785423108581,LeaderAccept
1785423108664,false,1785423108696,LeaderAccept
1785423108784,true,1785423108816,LeaderAccept
1785423108912,true,1785423108943,LeaderAccept
1785423109048,true,1785423109080,LeaderAccept
1785423109193,true,1785423109225,LeaderAccept
1785423109349,false,1785423109381,LeaderAccept
1785423109518,true,1785423109551,LeaderAccept
1785423109702,true,1785423109734,LeaderAccept
1785423109904,true,1785423109936,LeaderAccept
1785423110127,true,1785423110159,LeaderAccept
1785423110375,false,1785423110407,LeaderAccept
1785423110657,false,1785423110689,LeaderAccept
1785423110980,false,1785423111012,LeaderAccept
1785423111360,false,1785423111391,LeaderAccept
1785423111819,true,1785423111850,LeaderAccept
1785423112395,true,1785423112427,LeaderAccept
1785423113165,true,,
1785423114296,false,1785423114451,LeaderAccept
1785423116284,false,1785423116316,LeaderAccept
1785423121658,true,1785423121689,LeaderAccept
1785423128392,true,1785423128424,LeaderAccept
1785423128410,false,1785423128442,LeaderAccept
1785423128426,false,1785423128458,LeaderAccept
1785423128444,true,1785423128475,LeaderAccept
1785423128462,true,1785423128493,LeaderAccept
1785423128479,true,1785423128511,LeaderAccept
1785423128497,true,1785423128529,LeaderAccept
1785423128514,false,1785423128546,LeaderAccept
1785423128533,false,1785423128564,LeaderAccept
1785423128550,true,1785423128582,LeaderAccept
1785423128569,false,1785423128600,LeaderAccept
1785423128587,false,1785423128619,LeaderAccept
1785423128606,true,1785423128637,LeaderAccept
1785423128624,false,1785423128656,LeaderAccept
1785423128642,true,1785423128675,LeaderAccept
1785423128661,false,1785423128693,LeaderAccept
1785423128681,true,1785423128713,LeaderAccept
1785423128700,true,1785423128732,LeaderAccept
1785423128720,true,1785423128752,LeaderAccept
1785423128740,true,1785423128771,LeaderAccept
1785423128760,true,1785423128791,LeaderAccept
1785423128780,false,1785423128811,LeaderAccept
1785423128799,true,1785423128831,LeaderAccept
1785423128819,false,1785423128851,LeaderAccept
1785423128839,false,1785423128871,LeaderAccept
1785423128861,false,1785423128892,LeaderAccept
1785423128881,true,1785423128913,LeaderAccept
1785423128903,true,1785423128934,LeaderAccept
1785423128924,false,1785423128955,LeaderAccept
1785423128946,false,1785423128978,LeaderAccept
1785423128968,false,1785423128999,LeaderAccept
1785423128990,true,1785423129021,LeaderAccept
1785423129012,true,1785423129044,LeaderAccept
1785423129035,true,1785423129066,LeaderAccept
1785423129058,true,1785423129090,LeaderAccept
1785423129081,true,1785423129113,LeaderAccept
1785423129105,false,1785423129137,LeaderAccept
1785423129129,true,1785423129161,LeaderAccept
1785423129153,false,1785423129185,LeaderAccept
1785423129177,false,1785423129209,LeaderAccept
1785423129202,true,1785423129234,LeaderAccept
1785423129227,false,1785423129258,LeaderAccept
1785423129252,false,1785423129284,LeaderAccept
1785423129278,false,1785423129309,LeaderAccept
1785423129304,false,1785423129336,LeaderAccept
1785423129330,false,1785423129361,LeaderAccept
1785423129356,true,1785423129387,LeaderAccept
1785423129383,false,1785423129414,LeaderAccept
1785423129410,false,1785423129442,LeaderAccept
1785423129438,false,1785423129469,LeaderAccept
1785423129466,false,1785423129498,LeaderAccept
1785423129494,false,1785423129525,LeaderAccept
1785423129522,true,1785423129554,LeaderAccept
1785423129551,false,1785423129582,LeaderAccept
1785423129580,false,1785423129611,LeaderAccept
1785423129610,true,1785423129642,LeaderAccept
1785423129641,false,1785423129672,LeaderAccept
1785423129672,false,1785423129704,LeaderAccept
1785423129704,false,1785423129735,LeaderAccept
1785423129735,false,1785423129766,LeaderAccept
1785423129767,true,1785423129798,LeaderAccept
1785423129799,true,1785423129831,LeaderAccept
1785423129833,true,1785423129864,LeaderAccept
1785423129867,true,1785423129898,LeaderAccept
1785423129901,false,1785423129932,LeaderAccept
1785423129936,false,1785423129968,LeaderAccept
1785423129971,true,1785423130003,LeaderAccept
1785423130007,true,1785423130038,LeaderAccept
1785423130044,false,1785423130075,LeaderAccept
1785423130080,true,1785423130112,LeaderAccept
1785423130118,false,1785423130150,LeaderAccept
1785423130157,true,1785423130189,LeaderAccept
1785423130197,true,1785423130229,LeaderAccept
1785423130237,true,1785423130269,LeaderAccept
1785423130277,false,1785423130309,LeaderAccept
1785423130319,false,1785423130351,LeaderAccept
1785423130361,false,1785423130393,LeaderAccept
1785423130405,false,1785423130436,LeaderAccept
1785423130449,true,1785423130480,LeaderAccept
1785423130493,true,1785423130525,LeaderAccept
1785423130540,true,1785423130571,LeaderAccept
1785423130586,false,1785423130618,LeaderAccept
1785423130634,false,1785423130666,LeaderAccept
1785423130684,true,1785423130716,LeaderAccept
1785423130734,false,1785423130766,LeaderAccept
1785423130787,false,1785423130818,LeaderAccept
1785423130841,true,1785423130872,LeaderAccept
1785423130896,false,1785423130927,LeaderAccept
1785423130951,true,1785423130983,LeaderAccept
1785423131010,true,1785423131042,LeaderAccept
1785423131069,false,1785423131101,LeaderAccept
1785423131130,false,1785423131162,LeaderAccept
1785423131194,false,1785423131226,LeaderAccept
1785423131259,true,1785423131291,LeaderAccept
1785423131326,true,1785423131358,LeaderAccept
1785423131395,true,1785423131427,LeaderAccept
1785423131467,false,1785423131499,LeaderAccept
1785423131542,false,1785423131574,LeaderAccept
1785423131620,false,1785423131651,LeaderAccept
1785423131700,true,1785423131732,LeaderAccept
1785423131783,true,1785423131815,LeaderAccept
1785423131870,true,1785423131902,LeaderAccept
1785423131961,false,1785423131994,LeaderAccept
1785423132057,true,1785423132089,LeaderAccept
1785423132157,false,1785423132189,LeaderAccept
1785423132262,false,1785423132294,LeaderAccept
1785423132372,true,1785423132404,LeaderAccept
1785423132488,true,1785423132520,LeaderAccept
1785423132612,true,1785423132643,LeaderAccept
1785423132743,false,1785423132774,LeaderAccept
1785423132883,false,1785423132915,LeaderAccept
1785423133032,false,1785423133064,LeaderAccept
1785423133193,true,1785423133225,LeaderAccept
1785423133368,false,1785423133400,LeaderAccept
1785423133560,false,1785423133591,LeaderAccept
1785423133769,false,1785423133801,LeaderAccept
1785423134003,true,1785423134034,LeaderAccept
1785423134264,true,1785423134295,LeaderAccept
1785423134562,false,1785423134594,LeaderAccept
1785423134908,false,1785423134939,LeaderAccept
1785423135319,false,1785423135351,LeaderAccept
1785423135823,false,1785423135854,LeaderAccept
1785423136470,true,1785423136502,LeaderAccept
1785423137366,true,1785423137398,LeaderAccept
1785423138767,true,1785423138798,LeaderAccept
1785423141586,true,1785423141618,LeaderAccept
1785423153133,false,1785423153165,LeaderAccept
1785423176671,true,1785423176703,LeaderAccept
1785423176709,false,1785423176741,LeaderAccept
1785423176749,false,1785423176780,LeaderAccept
1785423176788,true,1785423176820,LeaderAccept
1785423176829,false,1785423176861,LeaderAccept
1785423176871,false,1785423176903,LeaderAccept
1785423176914,false,1785423176945,LeaderAccept
1785423176958,true,1785423176989,LeaderAccept
1785423177001,false,1785423177033,LeaderAccept
1785423177046,true,1785423177078,LeaderAccept
1785423177093,false,1785423177124,LeaderAccept
1785423177141,true,1785423177172,LeaderAccept
1785423177188,false,1785423177220,LeaderAccept
1785423177238,false,1785423177269,LeaderAccept
1785423177289,false,1785423177320,LeaderAccept
1785423177341,true,1785423177373,LeaderAccept
1785423177394,false,1785423177426,LeaderAccept
1785423177448,false,1785423177480,LeaderAccept
1785423177505,false,1785423177537,LeaderAccept
1785423177562,true,1785423177594,LeaderAccept
1785423177622,true,1785423177654,LeaderAccept
1785423177684,false,1785423177715,LeaderAccept
1785423177747,false,1785423177778,LeaderAccept
1785423177812,true,1785423177843,LeaderAccept
1785423177878,false,1785423177910,LeaderAccept
1785423177947,true,1785423177979,LeaderAccept
1785423178019,false,1785423178051,LeaderAccept
1785423178093,true,1785423178125,LeaderAccept
1785423178170,false,1785423178202,LeaderAccept
1785423178251,true,1785423178282,LeaderAccept
1785423178335,false,1785423178366,LeaderAccept
1785423178422,true,1785423178453,LeaderAccept
1785423178513,true,1785423178545,LeaderAccept
1785423178608,false,1785423178640,LeaderAccept
1785423178708,false,1785423178740,LeaderAccept
1785423178813,true,1785423178845,LeaderAccept
1785423178923,true,1785423178955,LeaderAccept
1785423179040,false,1785423179071,LeaderAccept
1785423179163,false,1785423179195,LeaderAccept
1785423179293,true,1785423179325,LeaderAccept
1785423179433,false,1785423179465,LeaderAccept
1785423179584,false,1785423179615,LeaderAccept
1785423179746,true,1785423179778,LeaderAccept
1785423179921,false,1785423179953,LeaderAccept
1785423180112,false,1785423180143,LeaderAccept
1785423180322,false,1785423180354,LeaderAccept
1785423180554,true,1785423180586,LeaderAccept
1785423180815,false,1785423180847,LeaderAccept
1785423181113,true,1785423181144,LeaderAccept
1785423181458,false,1785423181490,LeaderAccept
1785423181868,true,1785423181900,LeaderAccept
1785423182371,true,1785423182403,LeaderAccept
1785423183018,false,1785423183049,LeaderAccept
1785423183911,true,1785423183942,LeaderAccept
1785423185306,true,1785423185338,LeaderAccept
1785423188108,true,1785423188140,LeaderAccept
1785423199477,false,1785423199509,LeaderAccept
1785423236029,true,,
1785423236046,true,1785423236215,LeaderAccept
1785423236062,true,1785423236215,LeaderAccept
1785423236079,true,1785423236215,LeaderAccept
1785423236095,false,1785423236215,LeaderAccept
1785423236112,true,1785423236216,LeaderAccept
1785423236129,false,1785423236216,LeaderAccept
1785423236145,true,1785423236216,LeaderAccept
1785423236163,true,1785423236216,LeaderAccept
1785423236179,true,1785423236216,LeaderAccept
1785423236197,true,1785423236228,LeaderAccept
1785423236215,false,1785423236247,LeaderAccept
1785423236233,true,1785423236264,LeaderAccept
1785423236251,false,1785423236282,LeaderAccept
1785423236269,true,1785423236300,LeaderAccept
1785423236287,false,1785423236318,LeaderAccept
1785423236304,false,1785423236336,LeaderAccept
1785423236322,true,1785423236354,LeaderAccept
1785423236341,true,1785423236372,LeaderAccept
1785423236359,false,1785423236391,LeaderAccept
1785423236377,true,1785423236409,LeaderAccept
1785423236397,false,1785423236428,LeaderAccept
1785423236417,true,1785423236451,LeaderAccept
1785423236437,false,1785423236468,LeaderAccept
1785423236455,true,1785423236487,LeaderAccept
1785423236475,true,1785423236506,LeaderAccept
1785423236494,false,1785423236526,LeaderAccept
1785423236514,true,1785423236546,LeaderAccept
1785423236535,false,1785423236567,LeaderAccept
1785423236556,true,1785423236588,LeaderAccept
1785423236577,true,1785423236608,LeaderAccept
1785423236597,true,1785423236629,LeaderAccept
1785423236619,true,1785423236651,LeaderAccept
1785423236640,true,1785423236672,LeaderAccept
1785423236662,false,1785423236694,LeaderAccept
1785423236684,false,1785423236715,LeaderAccept
1785423236706,false,1785423236738,LeaderAccept
1785423236729,false,1785423236761,LeaderAccept
1785423236752,false,1785423236783,LeaderAccept
1785423236774,true,1785423236806,LeaderAccept
1785423236798,true,1785423236829,LeaderAccept
1785423236820,false,1785423236851,LeaderAccept
1785423236843,true,1785423236875,LeaderAccept
1785423236867,true,1785423236898,LeaderAccept
1785423236890,false,1785423236922,LeaderAccept
1785423236914,true,1785423236946,LeaderAccept
1785423236939,true,1785423236970,LeaderAccept
1785423236963,true,1785423236996,LeaderAccept
1785423236988,true,1785423237020,LeaderAccept
1785423237014,false,1785423237046,LeaderAccept
1785423237039,false,1785423237071,LeaderAccept
1785423237066,true,1785423237098,LeaderAccept
1785423237092,false,1785423237123,LeaderAccept
1785423237118,false,1785423237150,LeaderAccept
1785423237146,false,1785423237177,LeaderAccept
1785423237172,false,1785423237204,LeaderAccept
1785423237199,false,1785423237230,LeaderAccept
1785423237227,true,1785423237260,LeaderAccept
1785423237255,false,1785423237287,LeaderAccept
1785423237285,true,1785423237317,LeaderAccept
1785423237314,false,1785423237346,LeaderAccept
1785423237344,true,1785423237375,LeaderAccept
1785423237374,false,1785423237405,LeaderAccept
1785423237404,true,1785423237436,LeaderAccept
1785423237436,true,1785423237467,LeaderAccept
1785423237467,true,1785423237499,LeaderAccept
1785423237499,true,1785423237530,LeaderAccept
1785423237531,true,1785423237562,LeaderAccept
1785423237563,true,1785423237595,LeaderAccept
1785423237597,true,1785423237629,LeaderAccept
1785423237631,false,1785423237662,LeaderAccept
1785423237665,true,1785423237697,LeaderAccept
1785423237701,true,1785423237732,LeaderAccept
1785423237737,true,1785423237768,LeaderAccept
1785423237773,true,1785423237804,LeaderAccept
1785423237809,false,1785423237841,LeaderAccept
1785423237846,false,1785423237878,LeaderAccept
1785423237885,true,1785423237916,LeaderAccept
1785423237923,true,1785423237955,LeaderAccept
1785423237962,false,1785423237994,LeaderAccept
1785423238002,false,1785423238034,LeaderAccept
1785423238043,false,1785423238075,LeaderAccept
1785423238086,true,1785423238118,LeaderAccept
1785423238129,false,1785423238160,LeaderAccept
1785423238172,false,1785423238204,LeaderAccept
1785423238217,false,1785423238249,LeaderAccept
1785423238263,false,1785423238295,LeaderAccept
1785423238310,false,1785423238341,LeaderAccept
1785423238357,false,1785423238389,LeaderAccept
1785423238406,false,1785423238438,LeaderAccept
1785423238456,false,1785423238488,LeaderAccept
1785423238507,true,1785423238539,LeaderAccept
1785423238559,false,1785423238591,LeaderAccept
1785423238614,true,1785423238646,LeaderAccept
1785423238670,false,1785423238701,LeaderAccept
1785423238727,false,1785423238758,LeaderAccept
1785423238785,true,1785423238817,LeaderAccept
1785423238846,true,1785423238877,LeaderAccept
1785423238907,false,1785423238939,LeaderAccept
1785423238971,false,1785423239003,LeaderAccept
1785423239037,false,1785423239069,LeaderAccept
1785423239106,false,1785423239138,LeaderAccept
1785423239177,true,1785423239209,LeaderAccept
1785423239251,false,1785423239283,LeaderAccept
1785423239327,false,1785423239358,LeaderAccept
1785423239406,false,1785423239437,LeaderAccept
1785423239487,false,1785423239519,LeaderAccept
1785423239573,false,1785423239604,LeaderAccept
1785423239661,true,1785423239692,LeaderAccept
1785423239755,false,1785423239786,LeaderAccept
1785423239852,false,1785423239883,LeaderAccept
1785423239954,false,1785423239986,LeaderAccept
1785423240062,false,1785423240093,LeaderAccept
1785423240176,false,1785423240207,LeaderAccept
1785423240295,true,1785423240327,LeaderAccept
1785423240422,false,1785423240454,LeaderAccept
1785423240558,false,1785423240589,LeaderAccept
1785423240703,false,1785423240734,LeaderAccept
1785423240859,true,1785423240891,LeaderAccept
1785423241027,false,1785423241058,LeaderAccept
1785423241210,false,1785423241243,LeaderAccept
1785423241410,true,1785423241441,LeaderAccept
1785423241631,false,1785423241663,LeaderAccept
1785423241878,false,1785423241910,LeaderAccept
1785423242157,false,1785423242189,LeaderAccept
1785423242479,false,1785423242510,LeaderAccept
1785423242856,false,1785423242888,LeaderAccept
1785423243311,false,1785423243342,LeaderAccept
1785423243881,true,1785423243912,LeaderAccept
1785423244639,true,1785423244671,LeaderAccept
1785423245746,false,1785423245778,LeaderAccept
1785423247671,true,1785423247702,LeaderAccept
1785423252707,false,1785423252739,LeaderAccept
1785423288615,false,1785423288647,LeaderAccept
1785423288640,false,1785423288672,LeaderAccept
1785423288664,true,1785423288696,LeaderAccept
1785423288690,false,1785423288722,LeaderAccept
1785423288715,false,1785423288747,LeaderAccept
1785423288741,false,1785423288773,LeaderAccept
1785423288767,true,1785423288799,LeaderAccept
1785423288794,false,1785423288825,LeaderAccept
1785423288820,true,1785423288852,LeaderAccept
1785423288848,true,1785423288879,LeaderAccept
1785423288875,false,1785423288906,LeaderAccept
1785423288902,false,1785423288934,LeaderAccept
1785423288931,false,1785423288963,LeaderAccept
1785423288959,false,1785423288990,LeaderAccept
1785423288988,false,1785423289019,LeaderAccept
1785423289018,true,1785423289049,LeaderAccept
1785423289047,false,1785423289079,LeaderAccept
1785423289078,true,1785423289109,LeaderAccept
1785423289109,false,1785423289140,LeaderAccept
1785423289139,true,1785423289171,LeaderAccept
1785423289170,true,1785423289202,LeaderAccept
1785423289203,true,1785423289234,LeaderAccept
1785423289236,true,1785423289267,LeaderAccept
1785423289268,true,1785423289300,LeaderAccept
1785423289302,false,1785423289334,LeaderAccept
1785423289337,false,1785423289368,LeaderAccept
1785423289371,false,1785423289403,LeaderAccept
1785423289407,true,1785423289439,LeaderAccept
1785423289443,false,1785423289475,LeaderAccept
1785423289480,false,1785423289511,LeaderAccept
1785423289517,false,1785423289549,LeaderAccept
1785423289555,false,1785423289587,LeaderAccept
1785423289594,false,1785423289625,LeaderAccept
1785423289632,true,1785423289664,LeaderAccept
1785423289673,true,1785423289705,LeaderAccept
1785423289714,true,1785423289745,LeaderAccept
1785423289756,false,1785423289787,LeaderAccept
1785423289797,true,1785423289829,LeaderAccept
1785423289841,true,1785423289873,LeaderAccept
1785423289886,true,1785423289917,LeaderAccept
1785423289931,false,1785423289963,LeaderAccept
1785423289977,false,1785423290009,LeaderAccept
1785423290025,true,1785423290057,LeaderAccept
1785423290074,false,1785423290106,LeaderAccept
1785423290124,false,1785423290155,LeaderAccept
1785423290175,true,1785423290207,LeaderAccept
1785423290227,false,1785423290258,LeaderAccept
1785423290281,false,1785423290312,LeaderAccept
1785423290336,false,1785423290367,LeaderAccept
1785423290393,false,1785423290424,LeaderAccept
1785423290450,false,1785423290482,LeaderAccept
1785423290510,true,1785423290541,LeaderAccept
1785423290570,false,1785423290602,LeaderAccept
1785423290634,false,1785423290665,LeaderAccept
1785423290699,true,1785423290730,LeaderAccept
1785423290766,true,1785423290797,LeaderAccept
1785423290835,true,1785423290867,LeaderAccept
1785423290907,false,1785423290939,LeaderAccept
1785423290981,false,1785423291013,LeaderAccept
1785423291059,true,1785423291091,LeaderAccept
1785423291140,true,1785423291171,LeaderAccept
1785423291223,false,1785423291255,LeaderAccept
1785423291310,true,1785423291342,LeaderAccept
1785423291401,false,1785423291433,LeaderAccept
1785423291497,true,1785423291528,LeaderAccept
1785423291597,true,1785423291628,LeaderAccept
1785423291702,true,1785423291733,LeaderAccept
1785423291811,false,1785423291843,LeaderAccept
1785423291927,false,1785423291959,LeaderAccept
1785423292051,true,1785423292082,LeaderAccept
1785423292181,false,1785423292213,LeaderAccept
1785423292321,true,1785423292353,LeaderAccept
1785423292472,false,1785423292503,LeaderAccept
1785423292634,false,1785423292665,LeaderAccept
1785423292809,true,1785423292840,LeaderAccept
1785423293000,true,1785423293031,LeaderAccept
1785423293210,false,1785423293242,LeaderAccept
1785423293444,false,1785423293475,LeaderAccept
1785423293706,false,1785423293738,LeaderAccept
1785423294005,true,,
1785423294352,true,,
1785423294764,true,,
1785423295270,false,1785423295301,LeaderAccept
1785423295922,false,1785423295954,LeaderAccept
1785423296825,true,1785423296856,LeaderAccept
1785423298242,false,1785423298273,LeaderAccept
1785423301119,false,1785423301151,LeaderAccept
1785423313240,true,1785423313271,LeaderAccept
1785423319448,false,1785423319479,LeaderAccept
1785423319466,false,1785423319498,LeaderAccept
1785423319485,false,1785423319516,LeaderAccept
1785423319504,true,1785423319536,LeaderAccept
1785423319522,true,1785423319554,LeaderAccept
1785423319541,false,1785423319573,LeaderAccept
1785423319560,true,1785423319592,LeaderAccept
1785423319579,false,1785423319611,LeaderAccept
1785423319600,true,1785423319632,LeaderAccept
1785423319620,false,1785423319651,LeaderAccept
1785423319640,true,1785423319671,LeaderAccept
1785423319661,true,1785423319692,LeaderAccept
1785423319682,true,1785423319713,LeaderAccept
1785423319702,false,1785423319734,LeaderAccept
1785423319724,false,1785423319755,LeaderAccept
1785423319745,true,1785423319777,LeaderAccept
1785423319767,false,1785423319798,LeaderAccept
1785423319788,true,1785423319820,LeaderAccept
1785423319811,true,1785423319842,LeaderAccept
1785423319833,false,1785423319865,LeaderAccept
1785423319856,true,1785423319888,LeaderAccept
1785423319879,false,1785423319911,LeaderAccept
1785423319902,false,1785423319934,LeaderAccept
1785423319926,true,1785423319958,LeaderAccept
1785423319950,true,1785423319982,LeaderAccept
1785423319974,true,1785423320006,LeaderAccept
1785423319997,false,1785423320029,LeaderAccept
1785423320022,false,1785423320054,LeaderAccept
1785423320047,false,1785423320079,LeaderAccept
1785423320072,false,1785423320103,LeaderAccept
1785423320098,false,1785423320130,LeaderAccept
1785423320124,false,1785423320155,LeaderAccept
1785423320150,true,1785423320182,LeaderAccept
1785423320176,true,1785423320207,LeaderAccept
1785423320203,false,1785423320234,LeaderAccept
1785423320230,true,1785423320262,LeaderAccept
1785423320257,true,1785423320288,LeaderAccept
1785423320285,false,1785423320317,LeaderAccept
1785423320313,true,1785423320344,LeaderAccept
1785423320341,true,1785423320372,LeaderAccept
1785423320369,true,1785423320401,LeaderAccept
1785423320399,false,1785423320430,LeaderAccept
1785423320427,false,1785423320459,LeaderAccept
1785423320458,false,1785423320489,LeaderAccept
1785423320487,true,1785423320519,LeaderAccept
1785423320518,true,1785423320549,LeaderAccept
1785423320549,true,1785423320580,LeaderAccept
1785423320580,false,1785423320612,LeaderAccept
1785423320613,true,1785423320645,LeaderAccept
1785423320646,true,1785423320677,LeaderAccept
1785423320678,true,1785423320710,LeaderAccept
1785423320712,true,1785423320744,LeaderAccept
1785423320747,false,1785423320779,LeaderAccept
1785423320782,false,1785423320814,LeaderAccept
1785423320818,true,1785423320850,LeaderAccept
1785423320854,true,1785423320885,LeaderAccept
1785423320890,false,1785423320922,LeaderAccept
1785423320927,false,1785423320959,LeaderAccept
1785423320966,true,1785423320998,LeaderAccept
1785423321004,true,1785423321036,LeaderAccept
1785423321044,false,1785423321076,LeaderAccept
1785423321084,true,1785423321116,LeaderAccept
1785423321125,false,1785423321157,LeaderAccept
1785423321166,false,1785423321198,LeaderAccept
1785423321209,true,1785423321241,LeaderAccept
1785423321253,false,1785423321285,LeaderAccept
1785423321298,false,1785423321330,LeaderAccept
1785423321343,true,1785423321376,LeaderAccept
1785423321390,true,1785423321421,LeaderAccept
1785423321438,true,1785423321469,LeaderAccept
1785423321487,true,1785423321519,LeaderAccept
1785423321537,true,1785423321568,LeaderAccept
1785423321588,true,1785423321620,LeaderAccept
1785423321640,false,1785423321672,LeaderAccept
1785423321693,false,1785423321726,LeaderAccept
1785423321749,true,1785423321781,LeaderAccept
1785423321806,false,1785423321838,LeaderAccept
1785423321864,false,1785423321896,LeaderAccept
1785423321924,false,1785423321956,LeaderAccept
1785423321986,false,1785423322018,LeaderAccept
1785423322050,false,1785423322082,LeaderAccept
1785423322115,true,1785423322147,LeaderAccept
1785423322182,true,1785423322214,LeaderAccept
1785423322253,false,1785423322284,LeaderAccept
1785423322324,true,1785423322356,LeaderAccept
1785423322399,false,1785423322431,LeaderAccept
1785423322478,true,1785423322510,LeaderAccept
1785423322559,false,1785423322591,LeaderAccept
1785423322644,false,1785423322676,LeaderAccept
1785423322732,true,1785423322764,LeaderAccept
1785423322824,false,1785423322856,LeaderAccept
1785423322921,false,1785423322953,LeaderAccept
1785423323022,true,1785423323054,LeaderAccept
1785423323128,true,1785423323160,LeaderAccept
1785423323240,false,1785423323272,LeaderAccept
1785423323358,true,1785423323390,LeaderAccept
1785423323482,true,1785423323514,LeaderAccept
1785423323616,false,1785423323647,LeaderAccept
1785423323758,true,1785423323790,LeaderAccept
1785423323911,false,1785423323943,LeaderAccept
1785423324075,true,,
1785423324254,true,,
1785423324449,false,1785423324480,LeaderAccept
1785423324664,true,1785423324695,LeaderAccept
1785423324903,true,1785423324934,LeaderAccept
1785423325173,false,1785423325205,LeaderAccept
1785423325481,true,1785423325513,LeaderAccept
1785423325840,false,1785423325872,LeaderAccept
1785423326270,false,1785423326301,LeaderAccept
1785423326803,true,1785423326835,LeaderAccept
1785423327498,false,1785423327530,LeaderAccept
1785423328481,false,1785423328514,LeaderAccept
1785423330087,false,1785423330119,LeaderAccept
1785423333668,true,1785423333699,LeaderAccept
1785423344286,false,1785423344317,LeaderAccept
1785423344306,true,1785423344338,LeaderAccept
1785423344326,true,1785423344358,LeaderAccept
1785423344347,false,1785423344379,LeaderAccept
1785423344367,false,1785423344399,LeaderAccept
1785423344389,true,1785423344420,LeaderAccept
1785423344411,true,1785423344443,LeaderAccept
1785423344433,false,1785423344464,LeaderAccept
1785423344455,true,1785423344487,LeaderAccept
1785423344476,false,1785423344509,LeaderAccept
1785423344499,true,1785423344531,LeaderAccept
1785423344522,true,1785423344554,LeaderAccept
1785423344545,true,1785423344577,LeaderAccept
1785423344567,true,1785423344599,LeaderAccept
1785423344591,true,1785423344622,LeaderAccept
1785423344614,false,1785423344645,LeaderAccept
1785423344638,true,1785423344669,LeaderAccept
1785423344662,false,1785423344694,LeaderAccept
1785423344686,true,1785423344717,LeaderAccept
1785423344710,false,1785423344742,LeaderAccept
1785423344735,false,1785423344766,LeaderAccept
1785423344760,false,1785423344792,LeaderAccept
1785423344786,true,1785423344818,LeaderAccept
1785423344812,true,1785423344843,LeaderAccept
1785423344838,false,1785423344870,LeaderAccept
1785423344865,false,1785423344896,LeaderAccept
1785423344892,false,1785423344924,LeaderAccept
1785423344919,true,1785423344951,LeaderAccept
1785423344946,true,1785423344979,LeaderAccept
1785423344975,true,1785423345007,LeaderAccept
1785423345003,false,1785423345035,LeaderAccept
1785423345032,false,1785423345064,LeaderAccept
1785423345061,false,1785423345093,LeaderAccept
1785423345089,false,1785423345121,LeaderAccept
1785423345120,false,1785423345152,LeaderAccept
1785423345149,false,1785423345181,LeaderAccept
1785423345179,false,1785423345211,LeaderAccept
1785423345211,false,1785423345242,LeaderAccept
1785423345242,true,1785423345273,LeaderAccept
1785423345275,true,1785423345306,LeaderAccept
1785423345306,false,1785423345338,LeaderAccept
1785423345340,false,1785423345372,LeaderAccept
1785423345374,false,1785423345405,LeaderAccept
1785423345407,true,1785423345439,LeaderAccept
1785423345441,false,1785423345473,LeaderAccept
1785423345476,true,1785423345508,LeaderAccept
1785423345512,false,1785423345544,LeaderAccept
1785423345549,true,1785423345581,LeaderAccept
1785423345586,true,1785423345618,LeaderAccept
1785423345624,true,1785423345655,LeaderAccept
1785423345663,false,1785423345695,LeaderAccept
1785423345702,false,1785423345734,LeaderAccept
1785423345742,true,1785423345773,LeaderAccept
1785423345783,true,1785423345815,LeaderAccept
1785423345825,true,1785423345857,LeaderAccept
1785423345867,true,1785423345899,LeaderAccept
1785423345910,false,1785423345942,LeaderAccept
1785423345954,true,1785423345986,LeaderAccept
1785423346000,true,1785423346032,LeaderAccept
1785423346046,false,1785423346078,LeaderAccept
1785423346093,false,1785423346125,LeaderAccept
1785423346142,false,1785423346173,LeaderAccept
1785423346192,true,1785423346223,LeaderAccept
1785423346242,false,1785423346274,LeaderAccept
1785423346295,true,1785423346325,LeaderAccept
1785423346348,false,1785423346380,LeaderAccept
1785423346403,false,1785423346434,LeaderAccept
1785423346458,false,1785423346490,LeaderAccept
1785423346515,true,1785423346547,LeaderAccept
1785423346575,true,1785423346606,LeaderAccept
1785423346636,true,1785423346668,LeaderAccept
1785423346698,true,1785423346730,LeaderAccept
1785423346763,false,1785423346795,LeaderAccept
1785423346830,false,1785423346862,LeaderAccept
1785423346900,false,1785423346931,LeaderAccept
1785423346972,true,1785423347004,LeaderAccept
1785423347047,false,1785423347078,LeaderAccept
1785423347124,false,1785423347155,LeaderAccept
1785423347203,true,1785423347235,LeaderAccept
1785423347286,true,1785423347318,LeaderAccept
1785423347372,true,1785423347404,LeaderAccept
1785423347463,true,1785423347495,LeaderAccept
1785423347558,true,1785423347590,LeaderAccept
1785423347657,false,1785423347689,LeaderAccept
1785423347762,true,1785423347794,LeaderAccept
1785423347872,true,1785423347903,LeaderAccept
1785423347988,true,1785423348020,LeaderAccept
1785423348110,true,1785423348143,LeaderAccept
1785423348241,true,1785423348273,LeaderAccept
1785423348380,false,1785423348412,LeaderAccept
1785423348529,false,1785423348561,LeaderAccept
1785423348690,true,1785423348721,LeaderAccept
1785423348864,false,1785423348895,LeaderAccept
1785423349053,true,1785423349084,LeaderAccept
1785423349261,true,1785423349293,LeaderAccept
1785423349491,true,1785423349523,LeaderAccept
1785423349751,false,1785423349783,LeaderAccept
1785423350045,true,1785423350078,LeaderAccept
1785423350386,true,1785423350418,LeaderAccept
1785423350791,true,1785423350822,LeaderAccept
1785423351286,false,1785423351317,LeaderAccept
1785423351918,false,1785423351951,LeaderAccept
1785423352787,true,1785423352820,LeaderAccept
1785423354126,false,1785423354158,LeaderAccept
1785423356742,true,1785423356775,LeaderAccept
1785423366413,true,1785423366444,LeaderAccept
