request_time,write,response_time,accept_status
1785422713211,true,1785422713485,FastAccept
1785422713285,false,1785422713560,FastAccept
1785422713363,false,1785422713639,FastAccept
1785422713444,false,1785422713719,FastAccept
1785422713529,true,1785422713804,FastAccept
1785422713616,true,1785422713891,FastAccept
1785422713708,false,1785422713983,FastAccept
1785422713804,true,1785422714079,FastAccept
1785422713905,true,1785422714180,FastAccept
1785422714011,true,1785422714286,FastAccept
1785422714123,true,,
1785422714242,true,1785422714547,LeaderAccept
1785422714367,false,1785422714672,LeaderAccept
1785422714500,true,1785422714806,LeaderAccept
1785422714642,false,1785422714948,LeaderAccept
1785422714795,false,1785422715101,LeaderAccept
1785422714960,true,1785422715266,LeaderAccept
1785422715139,false,1785422715445,LeaderAccept
1785422715334,true,1785422715641,LeaderAccept
1785422715550,true,1785422715856,LeaderAccept
1785422715789,true,1785422716096,LeaderAccept
1785422716059,false,1785422716365,LeaderAccept
1785422716368,true,1785422716674,LeaderAccept
1785422716729,false,1785422717035,LeaderAccept
1785422717162,false,1785422717468,LeaderAccept
1785422717697,false,1785422718004,LeaderAccept
1785422718396,false,,
1785422719389,false,1785422719664,FastAccept
1785422721018,false,1785422721324,LeaderAccept
1785422724692,false,1785422724999,LeaderAccept
1785422739976,false,,
1785422740002,false,1785422740277,FastAccept
1785422740027,false,1785422740302,FastAccept
1785422740054,true,1785422740329,FastAccept
1785422740080,true,1785422740355,FastAccept
1785422740106,true,1785422740525,FastAccept
1785422740134,false,1785422740525,FastAccept
1785422740162,false,1785422740525,FastAccept
1785422740189,false,1785422740525,FastAccept
1785422740218,false,1785422740525,FastAccept
1785422740246,true,1785422740525,FastAccept
1785422740275,true,1785422740550,FastAccept
1785422740304,true,1785422740579,FastAccept
1785422740335,false,1785422740610,FastAccept
1785422740365,false,1785422740641,FastAccept
1785422740397,true,1785422740672,FastAccept
1785422740428,true,1785422740703,FastAccept
1785422740460,true,1785422740735,FastAccept
1785422740491,true,1785422740766,FastAccept
1785422740523,true,1785422740799,FastAccept
1785422740556,true,1785422740831,FastAccept
1785422740590,true,1785422740865,FastAccept
1785422740624,true,1785422740899,FastAccept
1785422740659,true,1785422740934,FastAccept
1785422740694,true,1785422740969,FastAccept
1785422740730,false,1785422741006,FastAccept
1785422740767,true,1785422741042,FastAccept
1785422740805,false,1785422741079,FastAccept
1785422740842,false,1785422741117,FastAccept
1785422740882,false,1785422741156,FastAccept
1785422740921,false,1785422741197,FastAccept
1785422740961,true,1785422741236,FastAccept
1785422741002,false,1785422741277,FastAccept
1785422741044,true,1785422741319,FastAccept
1785422741088,true,1785422741363,FastAccept
1785422741132,false,1785422741407,FastAccept
1785422741177,true,1785422741452,FastAccept
1785422741223,true,1785422741498,FastAccept
1785422741269,false,1785422741544,FastAccept
1785422741317,true,1785422741592,FastAccept
1785422741366,true,1785422741641,FastAccept
1785422741416,false,1785422741691,FastAccept
1785422741467,true,1785422741742,FastAccept
1785422741520,true,1785422741795,FastAccept
1785422741573,false,1785422741848,FastAccept
1785422741628,true,1785422741903,FastAccept
1785422741685,true,1785422741960,FastAccept
1785422741743,false,1785422742018,FastAccept
1785422741803,false,1785422742078,FastAccept
1785422741865,false,1785422742141,FastAccept
1785422741930,true,1785422742205,FastAccept
1785422741996,true,1785422742270,FastAccept
1785422742064,true,1785422742339,FastAccept
1785422742135,false,1785422742410,FastAccept
1785422742207,true,1785422742482,FastAccept
1785422742282,false,1785422742557,FastAccept
1785422742360,false,1785422742636,FastAccept
1785422742441,false,1785422742716,FastAccept
1785422742526,false,1785422742801,FastAccept
1785422742614,true,1785422742889,FastAccept
1785422742706,true,1785422742981,FastAccept
1785422742802,false,1785422743077,FastAccept
1785422742903,true,1785422743178,FastAccept
1785422743009,true,1785422743284,FastAccept
1785422743121,false,1785422743396,FastAccept
1785422743239,true,1785422743514,FastAccept
1785422743365,false,1785422743640,FastAccept
1785422743498,true,1785422743773,FastAccept
1785422743642,false,1785422743917,FastAccept
1785422743796,true,1785422744071,FastAccept
1785422743961,true,1785422744237,FastAccept
1785422744141,true,1785422744416,FastAccept
1785422744338,false,1785422744613,FastAccept
1785422744555,true,1785422744830,FastAccept
1785422744796,true,1785422745071,FastAccept
1785422745069,true,1785422745344,FastAccept
1785422745380,true,1785422745655,FastAccept
1785422745744,true,1785422746019,FastAccept
1785422746179,false,1785422746454,FastAccept
1785422746722,false,,
1785422747433,true,1785422747739,LeaderAccept
1785422748446,false,1785422748753,LeaderAccept
1785422750128,false,1785422750434,LeaderAccept
1785422754021,true,,
1785422766852,true,,
1785422766871,false,,
1785422766889,false,1785422767163,FastAccept
1785422766906,true,1785422767180,FastAccept
1785422766924,true,1785422767199,FastAccept
1785422766943,true,1785422767217,FastAccept
1785422766961,false,1785422767236,FastAccept
1785422766979,false,1785422767254,FastAccept
1785422766999,false,1785422767273,FastAccept
1785422767017,true,1785422767291,FastAccept
1785422767036,true,1785422767311,FastAccept
1785422767056,false,1785422767330,FastAccept
1785422767075,false,1785422767349,FastAccept
1785422767094,false,1785422767369,FastAccept
1785422767115,true,1785422767389,FastAccept
1785422767134,true,1785422767408,FastAccept
1785422767154,false,1785422767429,FastAccept
1785422767174,true,1785422767449,FastAccept
1785422767196,false,1785422767470,FastAccept
1785422767216,true,1785422767491,FastAccept
1785422767238,false,1785422767512,FastAccept
1785422767260,true,1785422767534,FastAccept
1785422767281,false,1785422767556,FastAccept
1785422767303,false,1785422767578,FastAccept
1785422767325,true,1785422767599,FastAccept
1785422767347,true,1785422767621,FastAccept
1785422767369,true,1785422767643,FastAccept
1785422767391,true,1785422767666,FastAccept
1785422767415,false,1785422767689,FastAccept
1785422767437,true,1785422767711,FastAccept
1785422767460,false,1785422767734,FastAccept
1785422767484,true,1785422767758,FastAccept
1785422767508,true,1785422767782,FastAccept
1785422767532,true,1785422767806,FastAccept
1785422767556,true,1785422767830,FastAccept
1785422767580,false,1785422767854,FastAccept
1785422767604,false,1785422767879,FastAccept
1785422767630,true,1785422767904,FastAccept
1785422767655,false,1785422767930,FastAccept
1785422767681,true,1785422767956,FastAccept
1785422767707,true,1785422767982,FastAccept
1785422767734,true,1785422768008,FastAccept
1785422767760,false,1785422768034,FastAccept
1785422767787,false,1785422768062,FastAccept
1785422767815,true,1785422768090,FastAccept
1785422767843,true,1785422768118,FastAccept
1785422767871,true,1785422768146,FastAccept
1785422767900,false,1785422768174,FastAccept
1785422767929,true,1785422768204,FastAccept
1785422767958,false,1785422768232,FastAccept
1785422767988,false,1785422768262,FastAccept
1785422768018,false,1785422768292,FastAccept
1785422768049,true,1785422768324,FastAccept
1785422768080,true,1785422768355,FastAccept
1785422768112,false,1785422768386,FastAccept
1785422768144,false,1785422768419,FastAccept
1785422768177,true,1785422768451,FastAccept
1785422768210,false,1785422768484,FastAccept
1785422768243,true,1785422768518,FastAccept
1785422768277,true,1785422768552,FastAccept
1785422768313,false,1785422768587,FastAccept
1785422768348,true,1785422768623,FastAccept
1785422768385,false,1785422768659,FastAccept
1785422768422,true,1785422768696,FastAccept
1785422768459,false,1785422768734,FastAccept
1785422768497,false,1785422768772,FastAccept
1785422768536,true,1785422768811,FastAccept
1785422768575,false,1785422768849,FastAccept
1785422768615,true,1785422768890,FastAccept
1785422768656,true,1785422768930,FastAccept
1785422768697,false,1785422768972,FastAccept
1785422768741,true,1785422769016,FastAccept
1785422768784,true,1785422769059,FastAccept
1785422768829,false,1785422769103,FastAccept
1785422768875,true,1785422769149,FastAccept
1785422768921,false,1785422769196,FastAccept
1785422768970,false,1785422769245,FastAccept
1785422769019,true,1785422769293,FastAccept
1785422769069,false,1785422769343,FastAccept
1785422769121,false,1785422769396,FastAccept
1785422769174,true,1785422769448,FastAccept
1785422769227,true,1785422769502,FastAccept
1785422769283,false,1785422769557,FastAccept
1785422769339,true,1785422769613,FastAccept
1785422769398,true,1785422769672,FastAccept
1785422769458,true,1785422769732,FastAccept
1785422769519,true,1785422769794,FastAccept
1785422769583,false,1785422769857,FastAccept
1785422769649,false,1785422769923,FastAccept
1785422769716,true,1785422769991,FastAccept
1785422769787,true,1785422770061,FastAccept
1785422769859,true,1785422770134,FastAccept
1785422769935,false,1785422770209,FastAccept
1785422770012,true,1785422770287,FastAccept
1785422770094,false,1785422770368,FastAccept
1785422770178,false,1785422770453,FastAccept
1785422770267,false,1785422770541,FastAccept
1785422770358,false,1785422770633,FastAccept
1785422770454,false,1785422770729,FastAccept
1785422770555,true,1785422770830,FastAccept
1785422770662,false,1785422770936,FastAccept
1785422770774,false,1785422771049,FastAccept
1785422770893,false,1785422771167,FastAccept
1785422771019,true,1785422771293,FastAccept
1785422771152,false,1785422771427,FastAccept
1785422771294,false,1785422771569,FastAccept
1785422771447,true,1785422771722,FastAccept
1785422771613,false,1785422771887,FastAccept
1785422771792,true,1785422772067,FastAccept
1785422771989,true,1785422772263,FastAccept
1785422772205,false,1785422772480,FastAccept
1785422772447,true,,
1785422772719,true,1785422772993,FastAccept
1785422773029,false,1785422773304,FastAccept
1785422773392,false,1785422773667,FastAccept
1785422773828,false,1785422774102,FastAccept
1785422774368,true,1785422774642,FastAccept
1785422775075,false,1785422775350,FastAccept
1785422776083,false,1785422776357,FastAccept
1785422777748,false,1785422778022,FastAccept
1785422781577,true,1785422781883,LeaderAccept
1785422791454,true,1785422791729,FastAccept
1785422791471,true,1785422791746,FastAccept
1785422791488,false,1785422791763,FastAccept
1785422791507,true,1785422791781,FastAccept
1785422791524,false,1785422791799,FastAccept
1785422791543,true,1785422791852,FastAccept
1785422791560,true,1785422791852,FastAccept
1785422791578,false,1785422792002,FastAccept
1785422791598,false,1785422792002,FastAccept
1785422791616,false,1785422792002,FastAccept
1785422791634,false,1785422792002,FastAccept
1785422791654,true,1785422792002,FastAccept
1785422791673,false,1785422792002,FastAccept
1785422791692,true,1785422792002,FastAccept
1785422791713,false,1785422792002,FastAccept
1785422791733,true,1785422792007,FastAccept
1785422791752,true,1785422792026,FastAccept
1785422791772,true,1785422792047,FastAccept
1785422791793,false,1785422792067,FastAccept
1785422791813,true,1785422792087,FastAccept
1785422791833,true,1785422792108,FastAccept
1785422791854,false,1785422792128,FastAccept
1785422791875,true,1785422792150,FastAccept
1785422791897,true,1785422792171,FastAccept
1785422791918,true,1785422792192,FastAccept
1785422791939,true,1785422792275,FastAccept
1785422791962,false,1785422792275,FastAccept
1785422791984,false,1785422792275,FastAccept
1785422792006,false,1785422792280,FastAccept
1785422792029,false,1785422792303,FastAccept
1785422792052,false,1785422792326,FastAccept
1785422792075,true,1785422792349,FastAccept
1785422792098,true,1785422792373,FastAccept
1785422792122,false,1785422792397,FastAccept
1785422792146,false,1785422792421,FastAccept
1785422792171,false,1785422792445,FastAccept
1785422792195,true,1785422792470,FastAccept
1785422792221,true,1785422792495,FastAccept
1785422792246,false,1785422792520,FastAccept
1785422792271,false,1785422792546,FastAccept
1785422792298,false,1785422792572,FastAccept
1785422792323,true,1785422792598,FastAccept
1785422792349,true,1785422792624,FastAccept
1785422792376,true,1785422792651,FastAccept
1785422792403,false,1785422792678,FastAccept
1785422792430,true,1785422792705,FastAccept
1785422792457,true,1785422792732,FastAccept
1785422792485,true,1785422792759,FastAccept
1785422792514,false,1785422792788,FastAccept
1785422792543,false,1785422792817,FastAccept
1785422792572,true,1785422792846,FastAccept
1785422792601,false,1785422792876,FastAccept
1785422792631,true,1785422792906,FastAccept
1785422792661,true,1785422792936,FastAccept
1785422792693,true,1785422792967,FastAccept
1785422792725,false,1785422792999,FastAccept
1785422792756,false,1785422793031,FastAccept
1785422792788,true,1785422793062,FastAccept
1785422792820,true,1785422793094,FastAccept
1785422792854,false,1785422793128,FastAccept
1785422792887,false,1785422793162,FastAccept
1785422792922,true,1785422793197,FastAccept
1785422792958,true,1785422793232,FastAccept
1785422792994,false,1785422793268,FastAccept
1785422793031,true,1785422793305,FastAccept
1785422793067,false,1785422793342,FastAccept
1785422793106,true,1785422793380,FastAccept
1785422793144,true,1785422793419,FastAccept
1785422793184,true,1785422793458,FastAccept
1785422793224,false,1785422793498,FastAccept
1785422793264,false,1785422793539,FastAccept
1785422793306,true,1785422793580,FastAccept
1785422793348,false,1785422793622,FastAccept
1785422793391,false,1785422793666,FastAccept
1785422793435,true,1785422793709,FastAccept
1785422793480,false,1785422793755,FastAccept
1785422793527,false,1785422793801,FastAccept
1785422793573,false,1785422793848,FastAccept
1785422793622,true,1785422793896,FastAccept
1785422793671,false,1785422793946,FastAccept
1785422793722,false,1785422793996,FastAccept
1785422793773,true,1785422794048,FastAccept
1785422793827,false,1785422794101,FastAccept
1785422793881,false,1785422794156,FastAccept
1785422793937,true,1785422794212,FastAccept
1785422793994,true,1785422794269,FastAccept
1785422794053,true,1785422794328,FastAccept
1785422794114,false,1785422794389,FastAccept
1785422794176,true,1785422794451,FastAccept
1785422794241,false,1785422794516,FastAccept
1785422794308,true,1785422794582,FastAccept
1785422794377,true,1785422794652,FastAccept
1785422794448,false,,
1785422794521,false,,
1785422794598,true,,
1785422794678,false,,
1785422794760,false,,
1785422794847,true,,
1785422794936,false,,
1785422795030,true,1785422795336,LeaderAccept
1785422795128,false,1785422795433,LeaderAccept
1785422795231,false,1785422795536,LeaderAccept
1785422795340,false,1785422795645,LeaderAccept
1785422795454,true,1785422795760,LeaderAccept
1785422795575,false,1785422795881,LeaderAccept
1785422795704,false,1785422796009,LeaderAccept
1785422795841,true,1785422796146,LeaderAccept
1785422795988,false,1785422796293,LeaderAccept
1785422796146,true,1785422796451,LeaderAccept
1785422796317,false,1785422796623,LeaderAccept
1785422796504,true,1785422796809,LeaderAccept
1785422796708,true,1785422797013,LeaderAccept
1785422796934,true,1785422797239,LeaderAccept
1785422797186,false,1785422797492,LeaderAccept
1785422797474,false,,
1785422797804,false,,
1785422798194,true,1785422798499,LeaderAccept
1785422798669,false,1785422798974,LeaderAccept
1785422799270,false,1785422799575,LeaderAccept
1785422800080,false,1785422800385,LeaderAccept
1785422801295,true,1785422801600,LeaderAccept
1785422803524,false,1785422803829,LeaderAccept
1785422807204,false,1785422807479,FastAccept
1785422807219,true,1785422807494,FastAccept
1785422807235,true,1785422807509,FastAccept
1785422807250,true,1785422807524,FastAccept
1785422807265,false,1785422807540,FastAccept
1785422807282,false,1785422807556,FastAccept
1785422807297,false,1785422807571,FastAccept
1785422807313,false,1785422807588,FastAccept
1785422807330,false,1785422807604,FastAccept
1785422807345,true,1785422807619,FastAccept
1785422807361,false,1785422807636,FastAccept
1785422807378,false,1785422807652,FastAccept
1785422807394,false,1785422807669,FastAccept
1785422807412,true,1785422807686,FastAccept
1785422807428,true,1785422807703,FastAccept
1785422807445,true,1785422807720,FastAccept
1785422807463,true,1785422807737,FastAccept
1785422807481,false,1785422807755,FastAccept
1785422807499,true,1785422807773,FastAccept
1785422807516,true,1785422807791,FastAccept
1785422807535,true,1785422807809,FastAccept
1785422807552,false,1785422807826,FastAccept
1785422807570,false,1785422807845,FastAccept
1785422807588,false,1785422807862,FastAccept
1785422807606,true,1785422807881,FastAccept
1785422807625,true,1785422807899,FastAccept
1785422807643,false,1785422807917,FastAccept
1785422807661,false,1785422807936,FastAccept
1785422807680,true,1785422807955,FastAccept
1785422807699,true,1785422807974,FastAccept
1785422807719,true,1785422807993,FastAccept
1785422807739,true,1785422808013,FastAccept
1785422807758,false,1785422808033,FastAccept
1785422807779,true,1785422808053,FastAccept
1785422807798,false,1785422808073,FastAccept
1785422807818,false,1785422808093,FastAccept
1785422807839,true,1785422808113,FastAccept
1785422807860,false,1785422808134,FastAccept
1785422807880,false,1785422808155,FastAccept
1785422807901,false,1785422808176,FastAccept
1785422807922,true,1785422808197,FastAccept
1785422807944,true,1785422808219,FastAccept
1785422807965,false,1785422808239,FastAccept
1785422807986,false,1785422808260,FastAccept
1785422808008,true,1785422808283,FastAccept
1785422808030,false,1785422808305,FastAccept
1785422808052,false,1785422808326,FastAccept
1785422808074,true,1785422808348,FastAccept
1785422808097,true,1785422808371,FastAccept
1785422808121,false,1785422808395,FastAccept
1785422808145,true,1785422808419,FastAccept
1785422808168,true,1785422808442,FastAccept
1785422808192,false,1785422808466,FastAccept
1785422808217,false,1785422808491,FastAccept
1785422808242,true,1785422808516,FastAccept
1785422808267,true,1785422808541,FastAccept
1785422808293,false,1785422808567,FastAccept
1785422808319,true,1785422808593,FastAccept
1785422808345,false,1785422808620,FastAccept
1785422808371,false,1785422808646,FastAccept
1785422808397,false,1785422808672,FastAccept
1785422808424,false,1785422808699,FastAccept
1785422808452,true,1785422808726,FastAccept
1785422808480,true,1785422808754,FastAccept
1785422808507,true,1785422808782,FastAccept
1785422808535,false,1785422808810,FastAccept
1785422808564,true,1785422808839,FastAccept
1785422808593,true,1785422808868,FastAccept
1785422808624,true,1785422808898,FastAccept
1785422808654,true,1785422808928,FastAccept
1785422808684,false,1785422808958,FastAccept
1785422808714,true,1785422808989,FastAccept
1785422808745,true,1785422809020,FastAccept
1785422808777,true,1785422809052,FastAccept
1785422808809,false,1785422809084,FastAccept
1785422808842,true,1785422809117,FastAccept
1785422808875,false,1785422809150,FastAccept
1785422808909,false,1785422809183,FastAccept
1785422808943,true,1785422809217,FastAccept
1785422808978,true,1785422809252,FastAccept
1785422809013,false,1785422809287,FastAccept
1785422809049,false,1785422809323,FastAccept
1785422809086,true,1785422809360,FastAccept
1785422809124,true,1785422809398,FastAccept
1785422809162,false,1785422809437,FastAccept
1785422809200,false,1785422809475,FastAccept
1785422809240,true,1785422809514,FastAccept
1785422809279,true,1785422809554,FastAccept
1785422809321,true,1785422809595,FastAccept
1785422809362,false,1785422809636,FastAccept
1785422809404,true,1785422809679,FastAccept
1785422809449,false,1785422809723,FastAccept
1785422809494,false,1785422809768,FastAccept
1785422809539,false,1785422809814,FastAccept
1785422809585,true,1785422809860,FastAccept
1785422809633,true,1785422809938,SlowAccept
1785422809681,true,,
1785422809731,true,,
1785422809782,false,,
1785422809833,true,,
1785422809886,true,,
1785422809941,true,,
1785422809998,true,1785422810303,LeaderAccept
1785422810055,false,1785422810360,LeaderAccept
1785422810114,false,1785422810420,LeaderAccept
1785422810177,false,1785422810482,LeaderAccept
1785422810240,false,1785422810546,LeaderAccept
1785422810305,false,1785422810610,LeaderAccept
1785422810373,true,1785422810679,LeaderAccept
1785422810444,true,1785422810749,LeaderAccept
1785422810517,true,1785422810822,LeaderAccept
1785422810591,true,1785422810896,LeaderAccept
1785422810669,false,1785422810974,LeaderAccept
1785422810749,true,1785422811054,LeaderAccept
1785422810834,false,1785422811140,LeaderAccept
1785422810922,false,1785422811227,LeaderAccept
1785422811013,true,1785422811318,LeaderAccept
1785422811109,true,1785422811415,LeaderAccept
1785422811211,false,1785422811516,LeaderAccept
1785422811316,false,1785422811622,LeaderAccept
1785422811428,false,1785422811734,LeaderAccept
1785422811545,false,1785422811851,LeaderAccept
1785422811670,true,1785422811976,LeaderAccept
1785422811803,true,1785422812108,LeaderAccept
1785422811944,true,1785422812249,LeaderAccept
1785422812096,false,1785422812402,LeaderAccept
1785422812260,true,1785422812566,LeaderAccept
1785422812439,false,1785422812744,LeaderAccept
1785422812633,false,1785422812939,LeaderAccept
1785422812848,true,1785422813153,LeaderAccept
1785422813085,false,1785422813391,LeaderAccept
1785422813353,true,1785422813659,LeaderAccept
1785422813659,false,1785422813965,LeaderAccept
1785422814015,true,1785422814321,LeaderAccept
1785422814441,false,1785422814716,FastAccept
1785422814967,true,1785422815242,FastAccept
1785422815652,true,,
1785422816615,true,,
1785422818174,true,1785422818479,LeaderAccept
1785422821064,true,1785422821369,LeaderAccept
1785422821093,true,1785422821397,LeaderAccept
1785422821121,false,1785422821425,LeaderAccept
1785422821149,true,1785422821453,LeaderAccept
1785422821178,true,1785422821483,LeaderAccept
1785422821209,false,1785422821514,LeaderAccept
1785422821238,true,1785422821543,LeaderAccept
1785422821268,true,1785422821573,LeaderAccept
1785422821300,false,1785422821605,LeaderAccept
1785422821331,false,1785422821636,LeaderAccept
1785422821362,false,1785422821667,LeaderAccept
1785422821395,true,1785422821700,LeaderAccept
1785422821428,true,1785422821739,LeaderAccept
1785422821461,false,1785422821765,LeaderAccept
1785422821494,false,1785422821799,LeaderAccept
1785422821528,true,1785422821833,LeaderAccept
1785422821563,true,1785422821868,LeaderAccept
1785422821598,false,1785422821904,LeaderAccept
1785422821635,false,1785422821940,LeaderAccept
1785422821671,true,1785422821976,LeaderAccept
1785422821710,false,1785422822015,LeaderAccept
1785422821749,false,1785422822054,LeaderAccept
1785422821788,false,1785422822093,LeaderAccept
1785422821828,true,1785422822133,LeaderAccept
1785422821868,false,1785422822173,LeaderAccept
1785422821910,false,1785422822215,LeaderAccept
1785422821951,false,1785422822256,LeaderAccept
1785422821994,true,1785422822299,LeaderAccept
1785422822038,false,1785422822343,LeaderAccept
1785422822082,false,1785422822388,LeaderAccept
1785422822128,false,1785422822433,LeaderAccept
1785422822174,false,1785422822479,LeaderAccept
1785422822221,true,1785422822526,LeaderAccept
1785422822270,false,1785422822575,LeaderAccept
1785422822320,false,1785422822625,LeaderAccept
1785422822371,false,1785422822676,LeaderAccept
1785422822423,true,1785422822728,LeaderAccept
1785422822476,true,1785422822782,LeaderAccept
1785422822532,true,1785422822837,LeaderAccept
1785422822588,true,1785422822894,LeaderAccept
1785422822647,false,1785422822951,LeaderAccept
1785422822706,true,1785422823012,LeaderAccept
1785422822768,false,1785422823073,LeaderAccept
1785422822832,false,1785422823137,LeaderAccept
1785422822897,true,1785422823202,LeaderAccept
1785422822965,false,1785422823269,LeaderAccept
1785422823035,true,1785422823340,LeaderAccept
1785422823107,false,1785422823413,LeaderAccept
1785422823182,false,1785422823487,LeaderAccept
1785422823260,true,1785422823566,LeaderAccept
1785422823341,false,1785422823646,LeaderAccept
1785422823426,false,1785422823731,LeaderAccept
1785422823515,true,1785422823820,LeaderAccept
1785422823606,true,1785422823911,LeaderAccept
1785422823703,true,1785422824008,LeaderAccept
1785422823803,false,1785422824109,LeaderAccept
1785422823909,false,1785422824215,LeaderAccept
1785422824021,true,1785422824326,LeaderAccept
1785422824140,false,1785422824445,LeaderAccept
1785422824266,true,1785422824571,LeaderAccept
1785422824400,true,1785422824704,LeaderAccept
1785422824542,false,1785422824848,LeaderAccept
1785422824696,true,1785422825001,LeaderAccept
1785422824861,false,1785422825167,LeaderAccept
1785422825041,false,1785422825346,LeaderAccept
1785422825236,true,1785422825541,LeaderAccept
1785422825452,true,1785422825758,LeaderAccept
1785422825693,false,1785422825998,LeaderAccept
1785422825964,true,1785422826270,LeaderAccept
1785422826276,false,1785422826581,LeaderAccept
1785422826638,false,,
1785422827073,false,1785422827348,FastAccept
1785422827613,false,1785422827919,SlowAccept
1785422828320,false,1785422828595,FastAccept
1785422829327,true,1785422829601,FastAccept
1785422830991,false,,
1785422834812,true,1785422835087,FastAccept
1785422848472,true,1785422848779,LeaderAccept
1785422848502,false,1785422848807,LeaderAccept
1785422848531,true,1785422848836,LeaderAccept
1785422848560,false,1785422848866,LeaderAccept
1785422848591,true,1785422848896,LeaderAccept
1785422848621,false,1785422848927,LeaderAccept
1785422848652,false,1785422848958,LeaderAccept
1785422848684,true,1785422848989,LeaderAccept
1785422848716,true,1785422849022,LeaderAccept
1785422848749,false,1785422849054,LeaderAccept
1785422848782,false,1785422849087,LeaderAccept
1785422848815,true,1785422849121,LeaderAccept
1785422848850,false,1785422849155,LeaderAccept
1785422848884,true,1785422849190,LeaderAccept
1785422848919,true,1785422849225,LeaderAccept
1785422848955,false,1785422849261,LeaderAccept
1785422848991,true,1785422849297,LeaderAccept
1785422849028,true,1785422849334,LeaderAccept
1785422849066,true,1785422849372,LeaderAccept
1785422849105,true,1785422849410,LeaderAccept
1785422849145,true,1785422849450,LeaderAccept
1785422849184,true,1785422849490,LeaderAccept
1785422849225,true,1785422849530,LeaderAccept
1785422849266,false,1785422849571,LeaderAccept
1785422849308,false,1785422849614,LeaderAccept
1785422849352,false,1785422849658,LeaderAccept
1785422849395,true,1785422849701,LeaderAccept
1785422849441,false,1785422849747,LeaderAccept
1785422849487,false,1785422849794,LeaderAccept
1785422849534,true,1785422849840,LeaderAccept
1785422849582,true,1785422849888,LeaderAccept
1785422849631,true,1785422849936,LeaderAccept
1785422849682,true,1785422849987,LeaderAccept
1785422849733,true,1785422850039,LeaderAccept
1785422849786,true,1785422850092,LeaderAccept
1785422849841,true,1785422850147,LeaderAccept
1785422849897,true,1785422850204,LeaderAccept
1785422849956,true,1785422850261,LeaderAccept
1785422850015,true,1785422850322,LeaderAccept
1785422850077,true,1785422850382,LeaderAccept
1785422850140,false,1785422850446,LeaderAccept
1785422850206,true,1785422850512,LeaderAccept
1785422850274,true,1785422850579,LeaderAccept
1785422850343,false,1785422850649,LeaderAccept
1785422850414,true,1785422850720,LeaderAccept
1785422850489,true,1785422850795,LeaderAccept
1785422850566,false,1785422850872,LeaderAccept
1785422850647,false,1785422850953,LeaderAccept
1785422850730,true,1785422851036,LeaderAccept
1785422850817,false,1785422851123,LeaderAccept
1785422850908,false,1785422851214,LeaderAccept
1785422851004,true,1785422851310,LeaderAccept
1785422851104,false,1785422851409,LeaderAccept
1785422851208,false,1785422851514,LeaderAccept
1785422851319,true,1785422851625,LeaderAccept
1785422851436,true,1785422851743,LeaderAccept
1785422851560,false,1785422851866,LeaderAccept
1785422851691,false,1785422851996,LeaderAccept
1785422851830,true,1785422852136,LeaderAccept
1785422851981,true,1785422852287,LeaderAccept
1785422852142,false,1785422852448,LeaderAccept
1785422852317,true,1785422852623,LeaderAccept
1785422852507,true,1785422852813,LeaderAccept
1785422852717,true,1785422853022,LeaderAccept
1785422852949,true,1785422853255,LeaderAccept
1785422853211,false,1785422853517,LeaderAccept
1785422853508,false,1785422853814,LeaderAccept
1785422853853,true,1785422854159,LeaderAccept
1785422854264,false,1785422854538,FastAccept
1785422854766,true,1785422855074,SlowAccept
1785422855412,true,1785422855687,FastAccept
1785422856304,true,1785422856609,LeaderAccept
1785422857695,true,1785422858001,LeaderAccept
1785422860486,false,1785422860761,FastAccept
1785422871744,false,1785422872050,LeaderAccept
1785422880548,false,1785422880853,LeaderAccept
1785422880572,false,1785422880877,LeaderAccept
1785422880597,true,1785422880903,LeaderAccept
1785422880623,true,1785422880928,LeaderAccept
1785422880648,true,1785422880953,LeaderAccept
1785422880674,false,1785422880979,LeaderAccept
1785422880699,true,1785422881004,LeaderAccept
1785422880725,false,1785422881032,LeaderAccept
1785422880753,true,1785422881058,LeaderAccept
1785422880780,true,1785422881085,LeaderAccept
1785422880807,false,1785422881112,LeaderAccept
1785422880835,true,1785422881140,LeaderAccept
1785422880863,false,1785422881169,LeaderAccept
1785422880892,true,1785422881197,LeaderAccept
1785422880920,true,1785422881226,LeaderAccept
1785422880950,true,1785422881255,LeaderAccept
1785422880979,false,1785422881284,LeaderAccept
1785422881010,true,1785422881315,LeaderAccept
1785422881041,true,1785422881346,LeaderAccept
1785422881072,false,1785422881377,LeaderAccept
1785422881103,true,1785422881408,LeaderAccept
1785422881136,true,1785422881440,LeaderAccept
1785422881169,true,1785422881474,LeaderAccept
1785422881201,true,1785422881506,LeaderAccept
1785422881235,false,1785422881540,LeaderAccept
1785422881268,true,1785422881574,LeaderAccept
1785422881302,false,1785422881608,LeaderAccept
1785422881337,false,1785422881643,LeaderAccept
1785422881374,false,1785422881680,LeaderAccept
1785422881410,true,1785422881716,LeaderAccept
1785422881447,false,1785422881753,LeaderAccept
1785422881485,true,1785422881790,LeaderAccept
1785422881523,false,1785422881829,LeaderAccept
1785422881563,true,1785422881869,LeaderAccept
1785422881603,true,1785422881909,LeaderAccept
1785422881643,false,1785422881949,LeaderAccept
1785422881684,false,1785422881990,LeaderAccept
1785422881726,true,1785422882032,LeaderAccept
1785422881769,true,1785422882075,LeaderAccept
1785422881813,false,1785422882119,LeaderAccept
1785422881858,true,1785422882164,LeaderAccept
1785422881904,false,1785422882209,LeaderAccept
1785422881951,false,1785422882256,LeaderAccept
1785422881999,false,1785422882304,LeaderAccept
1785422882048,true,1785422882354,LeaderAccept
1785422882098,true,1785422882404,LeaderAccept
1785422882151,false,1785422882456,LeaderAccept
1785422882205,true,1785422882510,LeaderAccept
1785422882260,true,1785422882565,LeaderAccept
1785422882316,false,1785422882621,LeaderAccept
1785422882374,true,1785422882679,LeaderAccept
1785422882433,true,1785422882738,LeaderAccept
1785422882494,false,1785422882799,LeaderAccept
1785422882557,false,1785422882862,LeaderAccept
1785422882622,true,1785422882928,LeaderAccept
1785422882689,false,1785422882995,LeaderAccept
1785422882759,true,1785422883064,LeaderAccept
1785422882831,false,1785422883136,LeaderAccept
1785422882906,false,1785422883212,LeaderAccept
1785422882982,true,1785422883287,LeaderAccept
1785422883062,true,1785422883368,LeaderAccept
1785422883145,false,1785422883451,LeaderAccept
1785422883232,true,1785422883538,LeaderAccept
1785422883322,false,1785422883628,LeaderAccept
1785422883418,true,1785422883724,LeaderAccept
1785422883517,true,1785422883823,LeaderAccept
1785422883621,false,1785422883927,LeaderAccept
1785422883731,true,1785422884036,LeaderAccept
1785422883847,false,1785422884153,LeaderAccept
1785422883969,true,1785422884275,LeaderAccept
1785422884099,false,1785422884405,LeaderAccept
1785422884238,true,1785422884544,LeaderAccept
1785422884387,true,1785422884693,LeaderAccept
1785422884548,false,1785422884854,LeaderAccept
1785422884722,true,1785422885027,LeaderAccept
1785422884911,false,1785422885217,LeaderAccept
1785422885119,false,1785422885424,LeaderAccept
1785422885349,false,1785422885655,LeaderAccept
1785422885608,false,1785422885913,LeaderAccept
1785422885902,true,1785422886208,LeaderAccept
1785422886242,true,1785422886548,LeaderAccept
1785422886645,false,1785422886950,LeaderAccept
1785422887138,false,1785422887443,LeaderAccept
1785422887768,true,1785422888074,LeaderAccept
1785422888631,false,1785422888906,FastAccept
1785422889960,true,,
1785422892542,true,1785422892817,FastAccept
1785422901928,true,1785422902234,LeaderAccept
1785422924839,true,1785422925113,FastAccept
1785422924867,true,1785422925141,FastAccept
1785422924896,true,1785422925171,FastAccept
1785422924927,true,1785422925201,FastAccept
1785422924956,false,1785422925230,FastAccept
1785422924986,false,1785422925387,FastAccept
1785422925018,false,1785422925387,FastAccept
1785422925049,true,1785422925387,FastAccept
1785422925082,false,1785422925387,FastAccept
1785422925114,false,1785422925388,FastAccept
1785422925147,true,1785422925422,FastAccept
1785422925180,true,1785422925454,FastAccept
1785422925214,true,1785422925488,FastAccept
1785422925249,false,1785422925523,FastAccept
1785422925283,false,1785422925557,FastAccept
1785422925318,false,1785422925593,FastAccept
1785422925355,false,1785422925629,FastAccept
1785422925392,true,1785422925666,FastAccept
1785422925429,false,1785422925704,FastAccept
1785422925468,false,1785422925742,FastAccept
1785422925506,false,1785422925781,FastAccept
1785422925546,true,1785422925821,FastAccept
1785422925587,true,1785422925861,FastAccept
1785422925628,false,1785422925903,FastAccept
1785422925670,false,1785422925944,FastAccept
1785422925713,true,1785422925987,FastAccept
1785422925757,false,1785422926032,FastAccept
1785422925802,false,1785422926077,FastAccept
1785422925848,false,1785422926123,FastAccept
1785422925895,false,1785422926170,FastAccept
1785422925943,true,1785422926218,FastAccept
1785422925992,true,1785422926267,FastAccept
1785422926042,false,1785422926317,FastAccept
1785422926094,false,1785422926369,FastAccept
1785422926146,true,1785422926421,FastAccept
1785422926200,false,1785422926475,FastAccept
1785422926256,false,1785422926530,FastAccept
1785422926313,true,1785422926588,FastAccept
1785422926373,true,1785422926647,FastAccept
1785422926433,true,1785422926708,FastAccept
1785422926495,true,1785422926770,FastAccept
1785422926560,true,1785422926834,FastAccept
1785422926626,false,1785422926901,FastAccept
1785422926694,true,1785422926969,FastAccept
1785422926765,false,1785422927040,FastAccept
1785422926839,true,1785422927113,FastAccept
1785422926914,true,1785422927189,FastAccept
1785422926993,false,1785422927267,FastAccept
1785422927075,false,1785422927350,FastAccept
1785422927161,false,1785422927435,FastAccept
1785422927249,false,1785422927524,FastAccept
1785422927343,false,1785422927617,FastAccept
1785422927440,true,1785422927715,FastAccept
1785422927542,true,1785422927817,FastAccept
1785422927650,true,1785422927924,FastAccept
1785422927763,true,1785422928037,FastAccept
1785422927883,false,1785422928158,FastAccept
1785422928011,true,1785422928285,FastAccept
1785422928147,false,1785422928421,FastAccept
1785422928293,false,1785422928567,FastAccept
1785422928449,true,1785422928724,FastAccept
1785422928618,false,1785422928892,FastAccept
1785422928801,true,1785422929076,FastAccept
1785422929003,true,1785422929277,FastAccept
1785422929224,true,1785422929499,FastAccept
1785422929473,true,1785422929747,FastAccept
1785422929754,false,1785422930028,FastAccept
1785422930077,false,1785422930351,FastAccept
1785422930457,true,1785422930731,FastAccept
1785422930916,false,1785422931190,FastAccept
1785422931493,true,1785422931767,FastAccept
1785422932261,false,1785422932536,FastAccept
1785422933390,false,,
1785422935372,false,1785422935678,LeaderAccept
1785422940711,true,1785422941016,LeaderAccept
1785422970071,true,1785422970346,FastAccept
1785422970091,true,1785422970367,FastAccept
1785422970112,true,1785422970387,FastAccept
1785422970132,false,1785422970407,FastAccept
1785422970152,false,1785422970427,FastAccept
1785422970174,true,1785422970449,FastAccept
1785422970194,true,1785422970469,FastAccept
1785422970216,false,1785422970490,FastAccept
1785422970236,true,1785422970511,FastAccept
1785422970257,false,1785422970620,FastAccept
1785422970280,false,1785422970620,FastAccept
1785422970301,false,1785422970620,FastAccept
1785422970323,false,1785422970620,FastAccept
1785422970346,true,1785422970620,FastAccept
1785422970369,true,1785422970644,FastAccept
1785422970391,true,1785422970666,FastAccept
1785422970414,false,1785422970689,FastAccept
1785422970438,true,1785422970713,FastAccept
1785422970461,true,1785422970736,FastAccept
1785422970485,false,1785422970760,FastAccept
1785422970510,false,1785422970785,FastAccept
1785422970534,false,1785422970809,FastAccept
1785422970558,false,1785422970833,FastAccept
1785422970584,false,1785422970859,FastAccept
1785422970609,true,1785422970884,FastAccept
1785422970634,false,1785422970909,FastAccept
1785422970660,true,1785422970936,FastAccept
1785422970686,false,1785422970961,FastAccept
1785422970712,true,1785422970987,FastAccept
1785422970739,true,1785422971014,FastAccept
1785422970766,true,1785422971041,FastAccept
1785422970794,true,1785422971069,FastAccept
1785422970822,true,1785422971097,FastAccept
1785422970851,true,1785422971126,FastAccept
1785422970880,true,1785422971155,FastAccept
1785422970909,false,1785422971184,FastAccept
1785422970939,false,1785422971214,FastAccept
1785422970968,true,1785422971243,FastAccept
1785422970999,false,1785422971273,FastAccept
1785422971029,false,1785422971304,FastAccept
1785422971060,true,1785422971335,FastAccept
1785422971091,false,1785422971366,FastAccept
1785422971123,false,1785422971398,FastAccept
1785422971156,true,1785422971431,FastAccept
1785422971189,false,1785422971464,FastAccept
1785422971222,true,1785422971497,FastAccept
1785422971257,false,1785422971532,FastAccept
1785422971292,false,1785422971567,FastAccept
1785422971327,false,1785422971602,FastAccept
1785422971363,true,1785422971638,FastAccept
1785422971401,true,1785422971675,FastAccept
1785422971439,false,1785422971714,FastAccept
1785422971477,false,1785422971752,FastAccept
1785422971516,false,1785422971822,SlowAccept
1785422971555,false,1785422971830,FastAccept
1785422971595,true,1785422971870,FastAccept
1785422971637,false,1785422971911,FastAccept
1785422971679,false,1785422971953,FastAccept
1785422971721,true,1785422971996,FastAccept
1785422971764,true,1785422972039,FastAccept
1785422971810,true,1785422972084,FastAccept
1785422971855,false,1785422972131,FastAccept
1785422971902,true,1785422972177,FastAccept
1785422971951,false,1785422972226,FastAccept
1785422971999,false,1785422972274,FastAccept
1785422972049,true,1785422972324,FastAccept
1785422972102,false,1785422972377,FastAccept
1785422972155,true,1785422972430,FastAccept
1785422972210,false,1785422972485,FastAccept
1785422972265,false,1785422972540,FastAccept
1785422972322,false,1785422972597,FastAccept
1785422972381,false,1785422972656,FastAccept
1785422972441,true,1785422972716,FastAccept
1785422972503,true,1785422972778,FastAccept
1785422972567,true,1785422972843,FastAccept
1785422972634,false,1785422972909,FastAccept
1785422972702,false,1785422972977,FastAccept
1785422972774,true,1785422973049,FastAccept
1785422972848,false,1785422973123,FastAccept
1785422972924,false,1785422973198,FastAccept
1785422973002,false,1785422973277,FastAccept
1785422973084,false,1785422973359,FastAccept
1785422973169,false,1785422973444,FastAccept
1785422973259,true,1785422973534,FastAccept
1785422973353,false,1785422973628,FastAccept
1785422973451,true,1785422973726,FastAccept
1785422973553,true,1785422973828,FastAccept
1785422973661,false,1785422973936,FastAccept
1785422973775,true,1785422974050,FastAccept
1785422973896,true,1785422974171,FastAccept
1785422974023,true,1785422974299,FastAccept
1785422974159,false,1785422974434,FastAccept
1785422974304,true,1785422974579,FastAccept
1785422974461,true,1785422974736,FastAccept
1785422974629,false,1785422974904,FastAccept
1785422974813,true,1785422975088,FastAccept
1785422975015,false,1785422975290,FastAccept
1785422975238,false,1785422975513,FastAccept
1785422975486,false,1785422975761,FastAccept
1785422975767,true,,
1785422976091,true,1785422976366,FastAccept
1785422976472,true,1785422976747,FastAccept
1785422976931,true,1785422977206,FastAccept
1785422977509,true,1785422977784,FastAccept
1785422978281,true,1785422978555,FastAccept
1785422979415,false,1785422979721,LeaderAccept
1785422981414,true,1785422981720,LeaderAccept
1785422986645,false,1785422986920,FastAccept
1785422986671,false,1785422986946,FastAccept
1785422986695,false,1785422986970,FastAccept
1785422986720,true,1785422986995,FastAccept
1785422986747,false,1785422987022,FastAccept
1785422986772,false,1785422987047,FastAccept
1785422986798,false,1785422987073,FastAccept
1785422986826,false,1785422987101,FastAccept
1785422986852,true,1785422987127,FastAccept
1785422986880,false,1785422987155,FastAccept
1785422986907,false,1785422987182,FastAccept
1785422986936,true,1785422987210,FastAccept
1785422986965,false,1785422987240,FastAccept
1785422986994,false,1785422987269,FastAccept
1785422987024,false,1785422987298,FastAccept
1785422987053,true,1785422987328,FastAccept
1785422987084,false,1785422987359,FastAccept
1785422987115,false,1785422987390,FastAccept
1785422987145,false,1785422987454,SlowAccept
1785422987177,false,1785422987454,FastAccept
1785422987208,false,1785422987483,FastAccept
1785422987241,true,1785422987515,FastAccept
1785422987273,true,1785422987548,FastAccept
1785422987307,false,1785422987581,FastAccept
1785422987340,false,1785422987615,FastAccept
1785422987375,false,1785422987650,FastAccept
1785422987409,true,1785422987684,FastAccept
1785422987445,true,1785422987719,FastAccept
1785422987481,true,1785422987755,FastAccept
1785422987518,true,1785422987792,FastAccept
1785422987555,true,1785422987830,FastAccept
1785422987594,false,1785422987869,FastAccept
1785422987632,false,1785422987908,FastAccept
1785422987672,false,1785422987947,FastAccept
1785422987712,false,1785422987987,FastAccept
1785422987754,false,1785422988029,FastAccept
1785422987796,false,1785422988071,FastAccept
1785422987839,false,1785422988114,FastAccept
1785422987884,false,1785422988159,FastAccept
1785422987928,false,1785422988203,FastAccept
1785422987973,false,1785422988248,FastAccept
1785422988020,true,1785422988295,FastAccept
1785422988068,true,1785422988343,FastAccept
1785422988117,false,1785422988392,FastAccept
1785422988167,false,1785422988442,FastAccept
1785422988218,false,1785422988493,FastAccept
1785422988271,true,1785422988546,FastAccept
1785422988326,false,1785422988600,FastAccept
1785422988382,true,1785422988682,FastAccept
1785422988440,true,1785422988746,SlowAccept
1785422988498,true,1785422988805,SlowAccept
1785422988559,true,,
1785422988622,true,,
1785422988686,false,,
1785422988753,false,1785422989059,LeaderAccept
1785422988822,true,1785422989128,LeaderAccept
1785422988893,true,1785422989200,LeaderAccept
1785422988968,true,1785422989273,LeaderAccept
1785422989044,true,1785422989350,LeaderAccept
1785422989123,false,1785422989429,LeaderAccept
1785422989206,true,1785422989511,LeaderAccept
1785422989291,false,1785422989597,LeaderAccept
1785422989380,false,1785422989687,LeaderAccept
1785422989475,true,1785422989781,LeaderAccept
1785422989573,false,1785422989879,LeaderAccept
1785422989675,false,1785422989981,LeaderAccept
1785422989783,true,1785422990089,LeaderAccept
1785422989897,false,1785422990203,LeaderAccept
1785422990017,false,1785422990323,LeaderAccept
1785422990145,false,1785422990452,LeaderAccept
1785422990281,false,1785422990586,LeaderAccept
1785422990427,true,1785422990733,LeaderAccept
1785422990584,false,1785422990890,LeaderAccept
1785422990753,false,1785422991060,LeaderAccept
1785422990938,false,1785422991245,LeaderAccept
1785422991140,false,1785422991446,LeaderAccept
1785422991363,true,1785422991669,LeaderAccept
1785422991613,true,1785422991919,LeaderAccept
1785422991896,false,1785422992201,LeaderAccept
1785422992222,true,1785422992528,LeaderAccept
1785422992605,false,1785422992911,LeaderAccept
1785422993068,true,1785422993374,LeaderAccept
1785422993652,true,1785422993958,LeaderAccept
1785422994434,true,1785422994740,LeaderAccept
1785422995589,true,1785422995895,LeaderAccept
1785422997646,true,1785422997952,LeaderAccept
1785423003399,false,1785423003674,FastAccept
1785423010030,false,1785423010303,FastAccept
1785423010047,true,1785423010320,FastAccept
1785423010066,true,1785423010339,FastAccept
1785423010083,false,1785423010356,FastAccept
1785423010102,true,1785423010375,FastAccept
1785423010120,true,1785423010575,FastAccept
1785423010138,true,1785423010575,FastAccept
1785423010156,false,1785423010575,FastAccept
1785423010176,false,1785423010575,FastAccept
1785423010194,false,1785423010575,FastAccept
1785423010214,true,1785423010575,FastAccept
1785423010232,false,1785423010575,FastAccept
1785423010251,true,1785423010575,FastAccept
1785423010271,false,1785423010575,FastAccept
1785423010290,true,1785423010575,FastAccept
1785423010310,false,1785423010592,FastAccept
1785423010330,true,1785423010603,FastAccept
1785423010350,false,1785423010623,FastAccept
1785423010371,true,1785423010644,FastAccept
1785423010391,true,1785423010664,FastAccept
1785423010412,true,1785423010685,FastAccept
1785423010434,true,1785423010707,FastAccept
1785423010455,false,1785423010728,FastAccept
1785423010477,true,1785423010750,FastAccept
1785423010498,true,1785423010847,FastAccept
1785423010519,true,1785423010847,FastAccept
1785423010542,false,1785423010847,FastAccept
1785423010564,true,1785423010847,FastAccept
1785423010587,false,1785423010860,FastAccept
1785423010609,true,1785423010882,FastAccept
1785423010633,false,1785423010906,FastAccept
1785423010656,false,1785423010929,FastAccept
1785423010680,false,1785423010954,FastAccept
1785423010705,true,1785423010978,FastAccept
1785423010728,true,1785423011001,FastAccept
1785423010752,false,1785423011025,FastAccept
1785423010776,true,1785423011050,FastAccept
1785423010802,false,1785423011075,FastAccept
1785423010827,false,1785423011100,FastAccept
1785423010853,true,1785423011126,FastAccept
1785423010878,true,1785423011151,FastAccept
1785423010905,true,1785423011178,FastAccept
1785423010932,false,1785423011205,FastAccept
1785423010959,true,1785423011232,FastAccept
1785423010986,false,1785423011259,FastAccept
1785423011013,false,1785423011287,FastAccept
1785423011041,false,1785423011314,FastAccept
1785423011069,false,1785423011373,SlowAccept
1785423011097,true,1785423011402,SlowAccept
1785423011126,false,1785423011429,LeaderAccept
1785423011155,true,1785423011459,LeaderAccept
1785423011185,false,1785423011489,LeaderAccept
1785423011215,false,1785423011519,LeaderAccept
1785423011246,true,1785423011550,LeaderAccept
1785423011278,true,1785423011582,LeaderAccept
1785423011310,true,1785423011614,LeaderAccept
1785423011342,false,1785423011647,LeaderAccept
1785423011375,false,1785423011680,LeaderAccept
1785423011409,false,1785423011713,LeaderAccept
1785423011442,true,1785423011747,LeaderAccept
1785423011477,true,1785423011781,LeaderAccept
1785423011512,false,1785423011816,LeaderAccept
1785423011548,false,1785423011852,LeaderAccept
1785423011583,false,1785423011886,LeaderAccept
1785423011620,false,1785423011924,LeaderAccept
1785423011658,false,1785423011962,LeaderAccept
1785423011696,false,1785423012001,LeaderAccept
1785423011735,true,1785423012039,LeaderAccept
1785423011775,true,1785423012079,LeaderAccept
1785423011815,false,1785423012120,LeaderAccept
1785423011856,true,1785423012160,LeaderAccept
1785423011899,false,1785423012203,LeaderAccept
1785423011941,false,1785423012246,LeaderAccept
1785423011985,false,1785423012290,LeaderAccept
1785423012030,true,1785423012335,LeaderAccept
1785423012076,true,1785423012381,LeaderAccept
1785423012123,true,1785423012427,LeaderAccept
1785423012170,false,1785423012474,LeaderAccept
1785423012219,true,1785423012524,LeaderAccept
1785423012270,true,1785423012574,LeaderAccept
1785423012321,false,1785423012625,LeaderAccept
1785423012374,false,1785423012679,LeaderAccept
1785423012427,true,1785423012731,LeaderAccept
1785423012482,true,1785423012787,LeaderAccept
1785423012539,false,1785423012843,LeaderAccept
1785423012597,false,1785423012901,LeaderAccept
1785423012658,true,1785423012961,LeaderAccept
1785423012719,false,1785423013023,LeaderAccept
1785423012782,false,1785423013086,LeaderAccept
1785423012848,false,1785423013152,LeaderAccept
1785423012916,false,1785423013220,LeaderAccept
1785423012987,true,1785423013291,LeaderAccept
1785423013060,false,1785423013364,LeaderAccept
1785423013135,true,1785423013439,LeaderAccept
1785423013213,true,1785423013517,LeaderAccept
1785423013294,true,1785423013599,LeaderAccept
1785423013380,true,1785423013685,LeaderAccept
1785423013468,false,1785423013772,LeaderAccept
1785423013561,false,1785423013865,LeaderAccept
1785423013657,false,1785423013961,LeaderAccept
1785423013759,true,1785423014063,LeaderAccept
1785423013865,false,1785423014170,LeaderAccept
1785423013978,true,1785423014282,LeaderAccept
1785423014096,false,1785423014400,LeaderAccept
1785423014222,true,1785423014527,LeaderAccept
1785423014356,true,1785423014661,LeaderAccept
1785423014501,false,1785423014805,LeaderAccept
1785423014656,true,1785423014960,LeaderAccept
1785423014822,false,1785423015127,LeaderAccept
1785423015003,true,1785423015308,LeaderAccept
1785423015202,true,1785423015507,LeaderAccept
1785423015420,false,1785423015725,LeaderAccept
1785423015663,false,1785423015967,LeaderAccept
1785423015937,false,1785423016242,LeaderAccept
1785423016252,false,1785423016557,LeaderAccept
1785423016620,false,1785423016925,LeaderAccept
1785423017062,true,1785423017367,LeaderAccept
1785423017613,true,1785423017917,LeaderAccept
1785423018339,false,1785423018643,SlowAccept
1785423019382,false,1785423019656,FastAccept
1785423021140,false,1785423021413,FastAccept
1785423025369,true,1785423025673,LeaderAccept
1785423057282,true,,
1785423057302,false,1785423057607,SlowAccept
1785423057323,false,1785423057607,FastAccept
1785423057343,true,1785423057616,FastAccept
1785423057363,false,1785423057637,FastAccept
1785423057385,true,1785423057658,FastAccept
1785423057405,false,,
1785423057426,true,1785423057700,FastAccept
1785423057448,true,1785423057721,FastAccept
1785423057469,false,1785423057742,FastAccept
1785423057492,true,1785423057765,FastAccept
1785423057513,true,1785423057786,FastAccept
1785423057535,false,1785423057809,FastAccept
1785423057558,false,1785423057831,FastAccept
1785423057580,false,1785423057853,FastAccept
1785423057603,true,1785423057876,FastAccept
1785423057627,true,1785423057900,FastAccept
1785423057650,false,1785423057924,FastAccept
1785423057675,true,1785423057948,FastAccept
1785423057698,true,1785423057971,FastAccept
1785423057722,false,1785423057996,FastAccept
1785423057748,true,1785423058021,FastAccept
1785423057773,true,1785423058047,FastAccept
1785423057798,true,1785423058072,FastAccept
1785423057824,true,1785423058097,FastAccept
1785423057850,true,1785423058124,FastAccept
1785423057876,true,1785423058180,LeaderAccept
1785423057902,false,1785423058175,FastAccept
1785423057930,false,1785423058234,LeaderAccept
1785423057957,true,1785423058261,LeaderAccept
1785423057985,true,1785423058289,LeaderAccept
1785423058012,false,1785423058316,LeaderAccept
1785423058040,false,1785423058344,LeaderAccept
1785423058068,false,1785423058372,LeaderAccept
1785423058097,true,1785423058401,LeaderAccept
1785423058127,false,1785423058431,LeaderAccept
1785423058156,true,1785423058461,LeaderAccept
1785423058187,true,1785423058491,LeaderAccept
1785423058217,false,1785423058521,LeaderAccept
1785423058248,false,1785423058552,LeaderAccept
1785423058279,false,1785423058584,LeaderAccept
1785423058311,true,1785423058615,LeaderAccept
1785423058344,false,1785423058648,LeaderAccept
1785423058376,false,1785423058680,LeaderAccept
1785423058409,false,1785423058713,LeaderAccept
1785423058443,true,1785423058747,LeaderAccept
1785423058477,true,1785423058781,LeaderAccept
1785423058512,false,1785423058817,LeaderAccept
1785423058548,false,1785423058852,LeaderAccept
1785423058584,true,1785423058888,LeaderAccept
1785423058622,true,1785423058926,LeaderAccept
1785423058659,false,1785423058963,LeaderAccept
1785423058697,false,1785423059002,LeaderAccept
1785423058737,true,1785423059041,LeaderAccept
1785423058777,false,1785423059081,LeaderAccept
1785423058818,true,1785423059122,LeaderAccept
1785423058859,false,1785423059163,LeaderAccept
1785423058901,true,1785423059204,LeaderAccept
1785423058944,true,1785423059248,LeaderAccept
1785423058988,false,1785423059292,LeaderAccept
1785423059033,true,1785423059337,LeaderAccept
1785423059079,false,1785423059383,LeaderAccept
1785423059127,false,1785423059431,LeaderAccept
1785423059175,true,1785423059479,LeaderAccept
1785423059225,true,1785423059528,LeaderAccept
1785423059275,false,1785423059579,LeaderAccept
1785423059327,true,1785423059631,LeaderAccept
1785423059380,true,1785423059685,LeaderAccept
1785423059435,false,1785423059739,LeaderAccept
1785423059491,false,1785423059796,LeaderAccept
1785423059550,false,1785423059854,LeaderAccept
1785423059609,false,1785423059913,LeaderAccept
1785423059670,true,1785423059975,LeaderAccept
1785423059733,false,1785423060037,LeaderAccept
1785423059799,false,1785423060103,LeaderAccept
1785423059866,true,1785423060170,LeaderAccept
1785423059935,false,1785423060240,LeaderAccept
1785423060008,true,1785423060313,LeaderAccept
1785423060083,false,1785423060387,LeaderAccept
1785423060160,false,1785423060465,LeaderAccept
1785423060241,false,1785423060545,LeaderAccept
1785423060324,false,1785423060629,LeaderAccept
1785423060411,false,1785423060716,LeaderAccept
1785423060503,false,1785423060807,LeaderAccept
1785423060598,false,1785423060902,LeaderAccept
1785423060698,false,1785423061003,LeaderAccept
1785423060803,true,1785423061107,LeaderAccept
1785423060914,true,1785423061218,LeaderAccept
1785423061030,false,1785423061334,LeaderAccept
1785423061154,false,1785423061458,LeaderAccept
1785423061285,true,1785423061589,LeaderAccept
1785423061424,true,1785423061729,LeaderAccept
1785423061574,false,1785423061879,LeaderAccept
1785423061736,false,1785423062041,LeaderAccept
1785423061911,true,,
1785423062102,false,1785423062376,FastAccept
1785423062312,false,,
1785423062545,true,1785423062818,FastAccept
1785423062806,false,,
1785423063104,true,1785423063377,FastAccept
1785423063451,false,1785423063724,FastAccept
1785423063863,true,,
1785423064369,false,1785423064642,FastAccept
1785423065019,true,1785423065323,SlowAccept
1785423065918,true,1785423066191,FastAccept
1785423067328,false,1785423067601,FastAccept
1785423070178,false,1785423070451,FastAccept
1785423080910,true,,
1785423080947,false,1785423081220,FastAccept
1785423080983,false,1785423081257,FastAccept
1785423081021,false,1785423081295,FastAccept
1785423081059,false,1785423081332,FastAccept
1785423081099,false,1785423081372,FastAccept
1785423081138,false,1785423081412,FastAccept
1785423081178,false,1785423081452,FastAccept
1785423081220,false,1785423081493,FastAccept
1785423081261,false,1785423081534,FastAccept
1785423081303,true,1785423081576,FastAccept
1785423081347,true,1785423081620,FastAccept
1785423081391,false,1785423081664,FastAccept
1785423081436,false,1785423081709,FastAccept
1785423081482,true,1785423081755,FastAccept
1785423081529,true,1785423081803,FastAccept
1785423081579,false,1785423081851,FastAccept
1785423081628,true,1785423081902,FastAccept
1785423081680,true,1785423081953,FastAccept
1785423081733,true,1785423082006,FastAccept
1785423081786,true,1785423082060,FastAccept
1785423081841,false,1785423082115,FastAccept
1785423081899,true,1785423082172,FastAccept
1785423081957,true,1785423082230,FastAccept
1785423082017,false,1785423082291,FastAccept
1785423082079,false,1785423082352,FastAccept
1785423082143,true,1785423082416,FastAccept
1785423082209,false,1785423082482,FastAccept
1785423082278,false,1785423082551,FastAccept
1785423082348,true,1785423082621,FastAccept
1785423082421,true,1785423082694,FastAccept
1785423082497,false,1785423082770,FastAccept
1785423082575,false,1785423082848,FastAccept
1785423082657,true,1785423082930,FastAccept
1785423082741,true,1785423083014,FastAccept
1785423082829,false,1785423083103,FastAccept
1785423082922,true,1785423083195,FastAccept
1785423083019,false,1785423083292,FastAccept
1785423083121,true,1785423083394,FastAccept
1785423083227,true,1785423083500,FastAccept
1785423083339,false,1785423083613,FastAccept
1785423083458,true,1785423083732,FastAccept
1785423083585,true,1785423083858,FastAccept
1785423083718,false,1785423083991,FastAccept
1785423083861,false,1785423084134,FastAccept
1785423084015,false,1785423084289,FastAccept
1785423084182,false,1785423084455,FastAccept
1785423084362,true,,
1785423084559,true,,
1785423084777,false,1785423085081,LeaderAccept
1785423085020,true,1785423085324,LeaderAccept
1785423085293,true,1785423085597,LeaderAccept
1785423085607,true,1785423085912,LeaderAccept
1785423085975,true,1785423086278,LeaderAccept
1785423086416,false,1785423086720,LeaderAccept
1785423086964,true,1785423087268,LeaderAccept
1785423087686,true,1785423087990,LeaderAccept
1785423088721,true,,
1785423090456,false,1785423090760,LeaderAccept
1785423094585,false,1785423094858,FastAccept
1785423112402,false,,
1785423112419,true,1785423112692,FastAccept
1785423112436,false,1785423112710,FastAccept
1785423112455,false,1785423112728,FastAccept
1785423112472,true,1785423112745,FastAccept
1785423112491,false,1785423112764,FastAccept
1785423112508,true,1785423112781,FastAccept
1785423112526,false,1785423112799,FastAccept
1785423112545,false,1785423112818,FastAccept
1785423112563,false,1785423112836,FastAccept
1785423112581,false,1785423112854,FastAccept
1785423112601,true,1785423112874,FastAccept
1785423112619,true,1785423112892,FastAccept
1785423112638,false,1785423112911,FastAccept
1785423112658,true,1785423112931,FastAccept
1785423112677,false,1785423112950,FastAccept
1785423112697,true,1785423112970,FastAccept
1785423112716,false,1785423112989,FastAccept
1785423112736,true,1785423113009,FastAccept
1785423112756,false,1785423113030,FastAccept
1785423112777,false,1785423113050,FastAccept
1785423112798,false,1785423113071,FastAccept
1785423112819,true,1785423113092,FastAccept
1785423112839,false,1785423113112,FastAccept
1785423112861,true,1785423113134,FastAccept
1785423112882,false,1785423113155,FastAccept
1785423112904,true,1785423113177,FastAccept
1785423112927,false,1785423113200,FastAccept
1785423112948,true,1785423113221,FastAccept
1785423112970,true,1785423113243,FastAccept
1785423112992,false,1785423113265,FastAccept
1785423113016,true,1785423113288,FastAccept
1785423113039,true,1785423113312,FastAccept
1785423113062,false,1785423113335,FastAccept
1785423113085,false,1785423113358,FastAccept
1785423113109,false,1785423113383,FastAccept
1785423113133,true,1785423113406,FastAccept
1785423113159,false,1785423113432,FastAccept
1785423113184,false,1785423113457,FastAccept
1785423113208,true,1785423113481,FastAccept
1785423113233,false,1785423113507,FastAccept
1785423113259,true,1785423113532,FastAccept
1785423113285,false,1785423113558,FastAccept
1785423113312,false,1785423113585,FastAccept
1785423113338,false,1785423113612,FastAccept
1785423113366,false,1785423113639,FastAccept
1785423113394,false,1785423113667,FastAccept
1785423113422,false,1785423113694,FastAccept
1785423113449,true,1785423113722,FastAccept
1785423113478,true,1785423113751,FastAccept
1785423113506,true,1785423113779,FastAccept
1785423113536,false,1785423113809,FastAccept
1785423113566,false,1785423113839,FastAccept
1785423113596,false,1785423113869,FastAccept
1785423113626,true,1785423113899,FastAccept
1785423113658,false,1785423113931,FastAccept
1785423113689,false,1785423113962,FastAccept
1785423113722,true,1785423113995,FastAccept
1785423113754,true,1785423114027,FastAccept
1785423113787,false,1785423114060,FastAccept
1785423113820,false,1785423114093,FastAccept
1785423113854,true,1785423114127,FastAccept
1785423113888,true,1785423114161,FastAccept
1785423113923,false,1785423114196,FastAccept
1785423113959,true,1785423114232,FastAccept
1785423113996,true,1785423114269,FastAccept
1785423114033,true,1785423114305,FastAccept
1785423114070,false,1785423114343,FastAccept
1785423114108,false,1785423114381,FastAccept
1785423114148,false,1785423114420,FastAccept
1785423114188,true,1785423114461,FastAccept
1785423114228,true,1785423114533,SlowAccept
1785423114269,false,1785423114573,SlowAccept
1785423114312,false,,
1785423114354,true,,
1785423114399,true,,
1785423114444,true,1785423114748,LeaderAccept
1785423114489,true,1785423114793,LeaderAccept
1785423114536,true,1785423114840,LeaderAccept
1785423114584,false,1785423114888,LeaderAccept
1785423114633,false,1785423114938,LeaderAccept
1785423114684,false,1785423114988,LeaderAccept
1785423114735,true,1785423115039,LeaderAccept
1785423114789,true,1785423115093,LeaderAccept
1785423114843,true,1785423115147,LeaderAccept
1785423114899,false,1785423115203,LeaderAccept
1785423114957,true,1785423115261,LeaderAccept
1785423115016,false,1785423115319,LeaderAccept
1785423115077,false,1785423115381,LeaderAccept
1785423115139,false,1785423115443,LeaderAccept
1785423115204,true,1785423115508,LeaderAccept
1785423115270,true,1785423115575,LeaderAccept
1785423115339,false,1785423115642,LeaderAccept
1785423115410,true,1785423115714,LeaderAccept
1785423115484,false,1785423115787,LeaderAccept
1785423115560,true,1785423115865,LeaderAccept
1785423115639,false,1785423115943,LeaderAccept
1785423115721,false,1785423116026,LeaderAccept
1785423115808,true,1785423116112,LeaderAccept
1785423115898,false,1785423116202,LeaderAccept
1785423115991,true,1785423116295,LeaderAccept
1785423116090,false,1785423116395,LeaderAccept
1785423116193,false,1785423116498,LeaderAccept
1785423116301,false,1785423116605,LeaderAccept
1785423116416,false,1785423116720,LeaderAccept
1785423116538,true,1785423116842,LeaderAccept
1785423116667,false,1785423116971,LeaderAccept
1785423116805,false,1785423117109,LeaderAccept
1785423116952,false,1785423117256,LeaderAccept
1785423117109,false,1785423117413,LeaderAccept
1785423117280,true,1785423117584,LeaderAccept
1785423117465,true,1785423117769,LeaderAccept
1785423117670,true,1785423117974,LeaderAccept
1785423117896,false,,
1785423118148,false,1785423118422,FastAccept
1785423118435,true,,
1785423118766,false,,
1785423119155,true,1785423119522,LeaderAccept
1785423119629,false,,
1785423120228,true,1785423120532,LeaderAccept
1785423121035,true,1785423121340,LeaderAccept
1785423122245,false,1785423122549,LeaderAccept
1785423124458,true,1785423124732,FastAccept
1785423131151,false,1785423131455,LeaderAccept
1785423161212,true,1785423161516,LeaderAccept
1785423161226,false,1785423161531,LeaderAccept
1785423161242,true,1785423161546,LeaderAccept
1785423161256,true,1785423161560,LeaderAccept
1785423161271,true,1785423161575,LeaderAccept
1785423161287,false,1785423161590,LeaderAccept
1785423161301,true,1785423161605,LeaderAccept
1785423161316,true,1785423161620,LeaderAccept
1785423161332,false,1785423161635,LeaderAccept
1785423161347,false,1785423161651,LeaderAccept
1785423161362,false,1785423161667,LeaderAccept
1785423161379,true,1785423161682,LeaderAccept
1785423161394,true,1785423161698,LeaderAccept
1785423161410,false,1785423161714,LeaderAccept
1785423161427,false,1785423161731,LeaderAccept
1785423161442,false,1785423161746,LeaderAccept
1785423161458,true,1785423161762,LeaderAccept
1785423161475,true,1785423161779,LeaderAccept
1785423161491,true,1785423161794,LeaderAccept
1785423161507,true,1785423161811,LeaderAccept
1785423161524,true,1785423161829,LeaderAccept
1785423161542,false,1785423161846,LeaderAccept
1785423161559,false,1785423161863,LeaderAccept
1785423161576,false,1785423161880,LeaderAccept
1785423161594,true,1785423161898,LeaderAccept
1785423161611,false,1785423161915,LeaderAccept
1785423161628,true,1785423161932,LeaderAccept
1785423161647,true,1785423161950,LeaderAccept
1785423161664,false,1785423161969,LeaderAccept
1785423161682,true,1785423161986,LeaderAccept
1785423161700,true,1785423162004,LeaderAccept
1785423161718,true,1785423162022,LeaderAccept
1785423161737,false,1785423162041,LeaderAccept
1785423161755,true,1785423162059,LeaderAccept
1785423161774,true,1785423162078,LeaderAccept
1785423161794,false,1785423162098,LeaderAccept
1785423161813,false,1785423162117,LeaderAccept
1785423161833,false,1785423162136,LeaderAccept
1785423161853,true,1785423162157,LeaderAccept
1785423161872,true,1785423162176,LeaderAccept
1785423161892,true,1785423162196,LeaderAccept
1785423161913,true,1785423162217,LeaderAccept
1785423161934,true,1785423162238,LeaderAccept
1785423161955,false,1785423162259,LeaderAccept
1785423161976,false,1785423162279,LeaderAccept
1785423161996,false,1785423162300,LeaderAccept
1785423162017,false,1785423162321,LeaderAccept
1785423162038,false,1785423162342,LeaderAccept
1785423162059,true,1785423162363,LeaderAccept
1785423162081,false,1785423162385,LeaderAccept
1785423162103,false,1785423162407,LeaderAccept
1785423162125,true,1785423162429,LeaderAccept
1785423162148,true,1785423162452,LeaderAccept
1785423162170,false,1785423162474,LeaderAccept
1785423162193,false,1785423162497,LeaderAccept
1785423162216,true,1785423162520,LeaderAccept
1785423162240,false,1785423162543,LeaderAccept
1785423162264,false,1785423162568,LeaderAccept
1785423162288,false,1785423162591,LeaderAccept
1785423162311,true,1785423162615,LeaderAccept
1785423162336,false,1785423162640,LeaderAccept
1785423162360,true,1785423162665,LeaderAccept
1785423162385,true,1785423162689,LeaderAccept
1785423162411,true,1785423162714,LeaderAccept
1785423162437,true,1785423162740,LeaderAccept
1785423162462,true,1785423162766,LeaderAccept
1785423162488,true,1785423162793,LeaderAccept
1785423162515,false,1785423162819,LeaderAccept
1785423162542,true,1785423162846,LeaderAccept
1785423162570,true,1785423162873,LeaderAccept
1785423162598,false,1785423162901,LeaderAccept
1785423162625,false,1785423162929,LeaderAccept
1785423162653,true,1785423162958,LeaderAccept
1785423162682,true,1785423162986,LeaderAccept
1785423162711,true,1785423163015,LeaderAccept
1785423162742,false,1785423163045,LeaderAccept
1785423162772,false,1785423163075,LeaderAccept
1785423162802,false,1785423163106,LeaderAccept
1785423162833,true,1785423163137,LeaderAccept
1785423162864,false,1785423163168,LeaderAccept
1785423162897,false,1785423163200,LeaderAccept
1785423162929,false,1785423163233,LeaderAccept
1785423162963,false,1785423163266,LeaderAccept
1785423162997,false,1785423163301,LeaderAccept
1785423163030,false,1785423163335,LeaderAccept
1785423163064,true,1785423163368,LeaderAccept
1785423163100,false,1785423163404,LeaderAccept
1785423163135,false,1785423163439,LeaderAccept
1785423163171,false,1785423163475,LeaderAccept
1785423163209,false,1785423163512,LeaderAccept
1785423163247,true,1785423163551,LeaderAccept
1785423163286,true,1785423163590,LeaderAccept
1785423163325,true,1785423163629,LeaderAccept
1785423163364,true,1785423163669,LeaderAccept
1785423163404,false,1785423163708,LeaderAccept
1785423163445,false,1785423163749,LeaderAccept
1785423163487,false,1785423163791,LeaderAccept
1785423163530,false,1785423163834,LeaderAccept
1785423163574,false,1785423163878,LeaderAccept
1785423163619,false,1785423163923,LeaderAccept
1785423163665,false,1785423163969,LeaderAccept
1785423163713,false,1785423164016,LeaderAccept
1785423163760,false,1785423164064,LeaderAccept
1785423163810,false,1785423164114,LeaderAccept
1785423163861,true,1785423164164,LeaderAccept
1785423163912,true,1785423164216,LeaderAccept
1785423163965,true,1785423164269,LeaderAccept
1785423164020,false,1785423164323,LeaderAccept
1785423164076,false,1785423164380,LeaderAccept
1785423164133,true,1785423164436,LeaderAccept
1785423164191,true,1785423164495,LeaderAccept
1785423164252,false,1785423164555,LeaderAccept
1785423164314,true,1785423164618,LeaderAccept
1785423164378,false,1785423164682,LeaderAccept
1785423164444,false,1785423164748,LeaderAccept
1785423164513,true,1785423164818,LeaderAccept
1785423164585,false,1785423164889,LeaderAccept
1785423164659,false,1785423164963,LeaderAccept
1785423164734,true,1785423165038,LeaderAccept
1785423164814,false,1785423165118,LeaderAccept
1785423164897,false,1785423165201,LeaderAccept
1785423164982,false,1785423165286,LeaderAccept
1785423165071,true,1785423165376,LeaderAccept
1785423165165,false,1785423165469,LeaderAccept
1785423165262,true,1785423165566,LeaderAccept
1785423165365,false,1785423165670,LeaderAccept
1785423165474,false,1785423165778,LeaderAccept
1785423165587,false,1785423165891,LeaderAccept
1785423165709,false,1785423166013,LeaderAccept
1785423165836,false,1785423166140,LeaderAccept
1785423165972,true,1785423166277,LeaderAccept
1785423166118,false,1785423166422,LeaderAccept
1785423166275,false,1785423166578,LeaderAccept
1785423166443,true,1785423166748,LeaderAccept
1785423166628,false,1785423166932,LeaderAccept
1785423166829,false,1785423167133,LeaderAccept
1785423167052,false,1785423167356,LeaderAccept
1785423167301,true,1785423167606,LeaderAccept
1785423167584,false,1785423167888,LeaderAccept
1785423167908,true,1785423168212,LeaderAccept
1785423168290,false,1785423168594,LeaderAccept
1785423168752,true,,
1785423169334,false,1785423169638,LeaderAccept
1785423170112,false,1785423170385,FastAccept
1785423171258,false,1785423171531,FastAccept
1785423173291,false,,
1785423178908,true,,
1785423208589,true,,
1785423208616,true,1785423208889,FastAccept
1785423208644,true,1785423208917,FastAccept
1785423208674,true,1785423208947,FastAccept
1785423208703,false,1785423208977,FastAccept
1785423208732,true,1785423209006,FastAccept
1785423208763,false,1785423209036,FastAccept
1785423208793,true,1785423209067,FastAccept
1785423208825,true,1785423209098,FastAccept
1785423208856,true,1785423209129,FastAccept
1785423208888,true,1785423209161,FastAccept
1785423208921,true,1785423209194,FastAccept
1785423208953,true,1785423209227,FastAccept
1785423208986,true,1785423209259,FastAccept
1785423209020,false,1785423209293,FastAccept
1785423209055,false,1785423209328,FastAccept
1785423209089,true,1785423209362,FastAccept
1785423209125,true,1785423209398,FastAccept
1785423209161,true,1785423209434,FastAccept
1785423209198,false,1785423209471,FastAccept
1785423209237,false,1785423209510,FastAccept
1785423209275,false,1785423209548,FastAccept
1785423209315,false,1785423209588,FastAccept
1785423209354,false,1785423209627,FastAccept
1785423209395,false,1785423209668,FastAccept
1785423209436,true,1785423209710,FastAccept
1785423209479,false,1785423209752,FastAccept
1785423209522,false,1785423209796,FastAccept
1785423209567,false,1785423209840,FastAccept
1785423209612,true,1785423209886,FastAccept
1785423209658,true,1785423209932,FastAccept
1785423209705,false,1785423209978,FastAccept
1785423209753,true,1785423210026,FastAccept
1785423209803,true,1785423210076,FastAccept
1785423209853,false,1785423210126,FastAccept
1785423209905,false,1785423210178,FastAccept
1785423209959,false,1785423210232,FastAccept
1785423210014,false,1785423210287,FastAccept
1785423210070,true,1785423210344,FastAccept
1785423210129,true,1785423210402,FastAccept
1785423210188,true,1785423210461,FastAccept
1785423210249,false,1785423210522,FastAccept
1785423210312,false,1785423210585,FastAccept
1785423210378,true,1785423210651,FastAccept
1785423210445,true,1785423210718,FastAccept
1785423210515,false,1785423210788,FastAccept
1785423210587,true,1785423210860,FastAccept
1785423210661,false,1785423210935,FastAccept
1785423210739,false,1785423211012,FastAccept
1785423210819,false,1785423211092,FastAccept
1785423210902,false,1785423211175,FastAccept
1785423210989,true,1785423211262,FastAccept
1785423211080,true,1785423211354,FastAccept
1785423211175,true,1785423211448,FastAccept
1785423211274,false,1785423211547,FastAccept
1785423211378,true,1785423211652,FastAccept
1785423211489,true,1785423211762,FastAccept
1785423211605,true,1785423211878,FastAccept
1785423211727,false,1785423212000,FastAccept
1785423211857,true,1785423212130,FastAccept
1785423211997,false,1785423212270,FastAccept
1785423212147,true,1785423212420,FastAccept
1785423212308,false,1785423212581,FastAccept
1785423212482,true,1785423212756,FastAccept
1785423212672,true,1785423212946,FastAccept
1785423212881,false,,
1785423213112,true,1785423213385,FastAccept
1785423213373,true,1785423213646,FastAccept
1785423213669,false,1785423213942,FastAccept
1785423214013,true,1785423214286,FastAccept
1785423214420,true,1785423214694,FastAccept
1785423214919,false,1785423215193,FastAccept
1785423215559,true,1785423215832,FastAccept
1785423216440,true,1785423216714,FastAccept
1785423217809,false,1785423218082,FastAccept
1785423220521,false,1785423220795,FastAccept
1785423227012,true,1785423227285,FastAccept
1785423227040,true,1785423227313,FastAccept
1785423227067,true,1785423227340,FastAccept
1785423227094,false,1785423227367,FastAccept
1785423227123,false,1785423227396,FastAccept
1785423227151,false,1785423227557,FastAccept
1785423227179,true,1785423227557,FastAccept
1785423227209,true,1785423227557,FastAccept
1785423227238,true,1785423227557,FastAccept
1785423227269,false,1785423227557,FastAccept
1785423227300,true,1785423227573,FastAccept
1785423227330,true,1785423227603,FastAccept
1785423227361,false,1785423227634,FastAccept
1785423227394,false,1785423227667,FastAccept
1785423227426,false,1785423227699,FastAccept
1785423227459,true,1785423227733,FastAccept
1785423227493,true,1785423227766,FastAccept
1785423227526,true,1785423227799,FastAccept
1785423227561,false,1785423227834,FastAccept
1785423227595,true,1785423227868,FastAccept
1785423227630,false,1785423227904,FastAccept
1785423227667,false,1785423227940,FastAccept
1785423227703,true,1785423227976,FastAccept
1785423227741,false,1785423228014,FastAccept
1785423227779,false,1785423228053,FastAccept
1785423227819,true,1785423228092,FastAccept
1785423227858,false,1785423228131,FastAccept
1785423227898,false,1785423228172,FastAccept
1785423227940,true,1785423228213,FastAccept
1785423227983,true,1785423228256,FastAccept
1785423228025,true,1785423228299,FastAccept
1785423228069,true,1785423228342,FastAccept
1785423228113,false,1785423228386,FastAccept
1785423228158,false,1785423228431,FastAccept
1785423228205,true,1785423228478,FastAccept
1785423228253,true,1785423228526,FastAccept
1785423228303,false,1785423228576,FastAccept
1785423228353,true,1785423228627,FastAccept
1785423228405,true,1785423228679,FastAccept
1785423228459,true,1785423228732,FastAccept
1785423228514,false,1785423228787,FastAccept
1785423228569,true,1785423228843,FastAccept
1785423228626,true,1785423228900,FastAccept
1785423228685,true,1785423228958,FastAccept
1785423228745,true,1785423229019,FastAccept
1785423228807,true,1785423229080,FastAccept
1785423228872,true,1785423229145,FastAccept
1785423228938,true,1785423229212,FastAccept
1785423229006,false,1785423229280,FastAccept
1785423229077,false,1785423229350,FastAccept
1785423229150,true,1785423229424,FastAccept
1785423229227,true,1785423229500,FastAccept
1785423229305,true,1785423229578,FastAccept
1785423229388,true,1785423229661,FastAccept
1785423229473,false,1785423229746,FastAccept
1785423229563,true,1785423229836,FastAccept
1785423229657,true,1785423229930,FastAccept
1785423229755,true,1785423230028,FastAccept
1785423229857,true,1785423230131,FastAccept
1785423229965,true,1785423230238,FastAccept
1785423230079,true,1785423230352,FastAccept
1785423230199,true,1785423230473,FastAccept
1785423230327,true,1785423230600,FastAccept
1785423230463,false,1785423230736,FastAccept
1785423230608,true,1785423230881,FastAccept
1785423230765,true,1785423231038,FastAccept
1785423230934,false,1785423231207,FastAccept
1785423231118,true,1785423231391,FastAccept
1785423231319,true,1785423231593,FastAccept
1785423231543,true,1785423231816,FastAccept
1785423231791,false,1785423232064,FastAccept
1785423232073,false,1785423232346,FastAccept
1785423232396,true,1785423232669,FastAccept
1785423232778,true,1785423233051,FastAccept
1785423233238,true,1785423233512,FastAccept
1785423233818,true,1785423234092,FastAccept
1785423234592,true,1785423234865,FastAccept
1785423235731,false,1785423236035,LeaderAccept
1785423237745,false,1785423238049,LeaderAccept
1785423243254,true,1785423243558,LeaderAccept
1785423268909,true,1785423269182,FastAccept
1785423268927,true,,
1785423268946,true,1785423269231,FastAccept
1785423268964,false,1785423269237,FastAccept
1785423268982,false,1785423269256,FastAccept
1785423269002,false,1785423269275,FastAccept
1785423269020,false,1785423269293,FastAccept
1785423269039,false,1785423269313,FastAccept
1785423269060,false,1785423269333,FastAccept
1785423269079,false,1785423269353,FastAccept
1785423269099,true,1785423269373,FastAccept
1785423269120,false,1785423269393,FastAccept
1785423269140,true,1785423269413,FastAccept
1785423269161,false,1785423269434,FastAccept
1785423269182,false,1785423269455,FastAccept
1785423269202,true,1785423269475,FastAccept
1785423269223,true,1785423269496,FastAccept
1785423269244,true,1785423269517,FastAccept
1785423269266,true,1785423269539,FastAccept
1785423269288,true,1785423269561,FastAccept
1785423269309,false,1785423269582,FastAccept
1785423269332,true,1785423269605,FastAccept
1785423269355,false,1785423269628,FastAccept
1785423269377,false,1785423269650,FastAccept
1785423269401,false,1785423269673,FastAccept
1785423269423,true,1785423269697,FastAccept
1785423269446,false,1785423269719,FastAccept
1785423269469,false,1785423269742,FastAccept
1785423269494,false,1785423269767,FastAccept
1785423269518,true,1785423269791,FastAccept
1785423269543,true,1785423269816,FastAccept
1785423269568,false,1785423269841,FastAccept
1785423269594,true,1785423269867,FastAccept
1785423269619,true,1785423269892,FastAccept
1785423269646,false,1785423269919,FastAccept
1785423269673,true,1785423269946,FastAccept
1785423269699,true,1785423269972,FastAccept
1785423269725,false,1785423269998,FastAccept
1785423269752,false,1785423270026,FastAccept
1785423269780,false,1785423270053,FastAccept
1785423269809,false,1785423270082,FastAccept
1785423269837,false,1785423270110,FastAccept
1785423269866,false,1785423270139,FastAccept
1785423269895,false,1785423270168,FastAccept
1785423269924,false,1785423270197,FastAccept
1785423269953,false,1785423270226,FastAccept
1785423269983,false,1785423270256,FastAccept
1785423270014,true,1785423270287,FastAccept
1785423270044,true,1785423270317,FastAccept
1785423270075,false,1785423270348,FastAccept
1785423270107,true,1785423270380,FastAccept
1785423270139,true,1785423270412,FastAccept
1785423270172,true,1785423270445,FastAccept
1785423270205,false,1785423270479,FastAccept
1785423270240,true,1785423270513,FastAccept
1785423270275,true,1785423270548,FastAccept
1785423270309,true,1785423270582,FastAccept
1785423270345,true,1785423270618,FastAccept
1785423270382,false,1785423270655,FastAccept
1785423270418,true,1785423270692,FastAccept
1785423270456,true,1785423270729,FastAccept
1785423270494,false,1785423270767,FastAccept
1785423270533,false,1785423270806,FastAccept
1785423270573,true,1785423270847,FastAccept
1785423270615,false,1785423270888,FastAccept
1785423270656,false,1785423270929,FastAccept
1785423270699,false,1785423270972,FastAccept
1785423270742,true,1785423271015,FastAccept
1785423270786,true,1785423271060,FastAccept
1785423270832,false,1785423271105,FastAccept
1785423270877,true,1785423271151,FastAccept
1785423270924,true,1785423271197,FastAccept
1785423270972,false,1785423271245,FastAccept
1785423271021,true,1785423271295,FastAccept
1785423271072,false,1785423271345,FastAccept
1785423271124,false,1785423271397,FastAccept
1785423271177,true,1785423271450,FastAccept
1785423271232,false,1785423271505,FastAccept
1785423271287,false,1785423271561,FastAccept
1785423271345,true,1785423271619,FastAccept
1785423271404,true,1785423271678,FastAccept
1785423271465,true,1785423271738,FastAccept
1785423271528,false,1785423271802,FastAccept
1785423271593,true,1785423271866,FastAccept
1785423271661,true,1785423271934,FastAccept
1785423271730,true,1785423272004,FastAccept
1785423271803,true,1785423272076,FastAccept
1785423271877,false,1785423272151,FastAccept
1785423271955,false,1785423272228,FastAccept
1785423272034,true,1785423272307,FastAccept
1785423272117,false,1785423272390,FastAccept
1785423272204,true,1785423272477,FastAccept
1785423272294,false,1785423272568,FastAccept
1785423272389,true,1785423272663,FastAccept
1785423272489,false,1785423272762,FastAccept
1785423272593,false,1785423272866,FastAccept
1785423272702,false,1785423272976,FastAccept
1785423272818,false,1785423273092,FastAccept
1785423272941,true,,
1785423273071,true,1785423273344,FastAccept
1785423273210,true,1785423273483,FastAccept
1785423273360,true,1785423273633,FastAccept
1785423273521,true,1785423273794,FastAccept
1785423273694,false,1785423273968,FastAccept
1785423273884,false,1785423274157,FastAccept
1785423274091,true,1785423274364,FastAccept
1785423274321,false,1785423274595,FastAccept
1785423274580,true,1785423274853,FastAccept
1785423274874,false,1785423275148,FastAccept
1785423275215,true,,
1785423275619,true,1785423275923,LeaderAccept
1785423276112,false,1785423276416,LeaderAccept
1785423276743,true,1785423277047,LeaderAccept
1785423277608,false,,
1785423278941,true,,
1785423281535,false,,
1785423291022,true,1785423291325,LeaderAccept
1785423324000,true,,
1785423324025,false,1785423324183,FastAccept
1785423324049,false,1785423324251,SlowAccept
1785423324075,false,1785423324251,FastAccept
1785423324099,true,1785423324258,FastAccept
1785423324124,false,1785423324283,FastAccept
1785423324151,true,1785423324309,FastAccept
1785423324176,true,1785423324334,FastAccept
1785423324203,false,1785423324362,FastAccept
1785423324230,false,1785423324446,SlowAccept
1785423324257,true,1785423324457,FastAccept
1785423324284,false,1785423324457,FastAccept
1785423324312,false,1785423324513,SlowAccept
1785423324341,false,,
1785423324370,false,,
1785423324398,true,,
1785423324428,false,,
1785423324457,true,,
1785423324487,false,,
1785423324518,true,,
1785423324550,false,,
1785423324581,false,,
1785423324613,true,,
1785423324647,false,,
1785423324679,true,1785423324861,LeaderAccept
1785423324712,true,1785423324895,LeaderAccept
1785423324747,false,1785423324929,LeaderAccept
1785423324781,false,1785423324963,LeaderAccept
1785423324816,true,1785423324999,LeaderAccept
1785423324853,true,1785423325035,LeaderAccept
1785423324889,true,1785423325071,LeaderAccept
1785423324927,false,1785423325109,LeaderAccept
1785423324964,true,1785423325147,LeaderAccept
1785423325003,false,1785423325185,LeaderAccept
1785423325042,false,1785423325224,LeaderAccept
1785423325083,false,1785423325265,LeaderAccept
1785423325123,true,1785423325306,LeaderAccept
1785423325164,false,1785423325346,LeaderAccept
1785423325207,false,1785423325388,LeaderAccept
1785423325250,true,1785423325433,LeaderAccept
1785423325294,true,1785423325477,LeaderAccept
1785423325339,false,1785423325522,LeaderAccept
1785423325385,false,1785423325568,LeaderAccept
1785423325433,false,1785423325615,LeaderAccept
1785423325481,true,1785423325664,LeaderAccept
1785423325531,false,1785423325714,LeaderAccept
1785423325583,true,1785423325765,LeaderAccept
1785423325635,true,1785423325817,LeaderAccept
1785423325688,false,1785423325870,LeaderAccept
1785423325743,true,1785423325925,LeaderAccept
1785423325798,false,1785423325980,LeaderAccept
1785423325856,true,1785423326039,LeaderAccept
1785423325917,false,1785423326099,LeaderAccept
1785423325978,true,1785423326161,LeaderAccept
1785423326041,false,1785423326223,LeaderAccept
1785423326107,true,1785423326289,LeaderAccept
1785423326173,true,1785423326355,LeaderAccept
1785423326243,false,1785423326424,LeaderAccept
1785423326314,false,1785423326497,LeaderAccept
1785423326389,true,1785423326571,LeaderAccept
1785423326467,false,1785423326649,LeaderAccept
1785423326548,false,1785423326730,LeaderAccept
1785423326632,true,1785423326814,LeaderAccept
1785423326718,true,1785423326902,LeaderAccept
1785423326809,true,1785423326992,LeaderAccept
1785423326905,false,1785423327087,LeaderAccept
1785423327004,true,1785423327187,LeaderAccept
1785423327110,false,1785423327292,LeaderAccept
1785423327220,false,1785423327403,LeaderAccept
1785423327337,true,1785423327520,LeaderAccept
1785423327461,true,1785423327644,LeaderAccept
1785423327592,false,1785423327775,LeaderAccept
1785423327732,false,1785423327914,LeaderAccept
1785423327883,false,1785423328065,LeaderAccept
1785423328045,true,1785423328227,LeaderAccept
1785423328221,true,1785423328404,LeaderAccept
1785423328412,false,1785423328595,LeaderAccept
1785423328623,false,,
1785423328856,false,,
1785423329119,false,,
1785423329419,true,1785423329577,FastAccept
1785423329766,false,1785423329924,FastAccept
1785423330179,false,,
1785423330687,false,1785423330845,FastAccept
1785423331340,true,,
1785423332247,false,,
1785423333672,true,1785423333854,LeaderAccept
1785423336577,true,,
1785423348990,true,1785423349172,LeaderAccept
1785423356455,true,,
1785423356488,true,1785423356647,FastAccept
1785423356522,true,,
1785423356556,false,1785423356715,FastAccept
1785423356592,true,1785423356750,FastAccept
1785423356627,false,1785423356786,FastAccept
1785423356663,false,1785423356822,FastAccept
1785423356699,false,1785423356858,FastAccept
1785423356737,true,,
1785423356775,false,1785423356934,FastAccept
1785423356815,false,1785423356973,FastAccept
1785423356855,false,1785423357013,FastAccept
1785423356895,true,1785423357053,FastAccept
1785423356936,false,1785423357094,FastAccept
1785423356978,false,1785423357136,FastAccept
1785423357021,true,1785423357179,FastAccept
1785423357064,false,1785423357266,SlowAccept
1785423357109,true,1785423357268,FastAccept
1785423357156,true,1785423357315,FastAccept
1785423357202,true,1785423357361,FastAccept
1785423357251,false,1785423357410,FastAccept
1785423357299,false,1785423357458,FastAccept
1785423357349,true,1785423357508,FastAccept
1785423357401,true,1785423357559,FastAccept
1785423357454,false,1785423357612,FastAccept
1785423357509,true,1785423357667,FastAccept
1785423357564,true,1785423357722,FastAccept
1785423357622,true,1785423357780,FastAccept
1785423357680,true,1785423357839,FastAccept
1785423357740,false,1785423357899,FastAccept
1785423357802,true,1785423357961,FastAccept
1785423357866,true,1785423358025,FastAccept
1785423357932,true,1785423358091,FastAccept
1785423358000,true,1785423358159,FastAccept
1785423358070,true,1785423358228,FastAccept
1785423358143,false,,
1785423358219,false,1785423358378,FastAccept
1785423358299,false,1785423358458,FastAccept
1785423358380,true,1785423358539,FastAccept
1785423358466,true,1785423358624,FastAccept
1785423358555,true,1785423358713,FastAccept
1785423358647,true,1785423358806,FastAccept
1785423358745,true,1785423358903,FastAccept
1785423358846,false,1785423359005,FastAccept
1785423358954,true,1785423359112,FastAccept
1785423359066,true,1785423359225,FastAccept
1785423359186,false,1785423359344,FastAccept
1785423359312,false,1785423359470,FastAccept
1785423359447,false,1785423359605,FastAccept
1785423359592,true,1785423359750,FastAccept
1785423359747,true,1785423359905,FastAccept
1785423359914,false,1785423360073,FastAccept
1785423360096,true,1785423360255,FastAccept
1785423360296,false,1785423360455,FastAccept
1785423360516,false,1785423360674,FastAccept
1785423360762,true,1785423360920,FastAccept
1785423361039,true,1785423361198,FastAccept
1785423361358,true,1785423361517,FastAccept
1785423361731,false,1785423361890,FastAccept
1785423362180,false,1785423362339,FastAccept
1785423362743,true,1785423362902,FastAccept
1785423363489,true,1785423363647,FastAccept
1785423364569,true,1785423364752,LeaderAccept
1785423366424,false,1785423366606,LeaderAccept
1785423371108,false,1785423371266,FastAccept
