Jul 30 14:46:13.138 INFO === Fast Path Statistics ===
Total Append Attempts:  228
Fast Path Attempts:     208 (Utilization: 91.23%)
  ├─ Successes:         199 (Total Rate: 87.28%, Path Success: 95.67%)
  └─ Errors:            8 (Total Rate: 3.51%, Path Error: 3.85%)
Jul 30 14:46:13.139 INFO Append performance over last minute - Count: 228, Avg Time: 9321 ns
Jul 30 14:46:13.139 INFO Current latencies: {2: Some(0.032807949999999995), 3: Some(0.00961735), 1: Some(0.03148955), 5: Some(0.13841355)}
Jul 30 14:47:13.138 INFO === Fast Path Statistics ===
Total Append Attempts:  344
Fast Path Attempts:     219 (Utilization: 63.66%)
  ├─ Successes:         199 (Total Rate: 57.85%, Path Success: 90.87%)
  └─ Errors:            21 (Total Rate: 6.10%, Path Error: 9.59%)
Jul 30 14:47:13.138 INFO Append performance over last minute - Count: 344, Avg Time: 7804 ns
Jul 30 14:47:13.138 INFO Current latencies: {2: Some(0.03276915), 1: Some(0.03252305), 3: Some(0.00959625), 5: Some(0.13701035)}
Jul 30 14:48:13.138 INFO === Fast Path Statistics ===
Total Append Attempts:  163
Fast Path Attempts:     8 (Utilization: 4.91%)
  ├─ Successes:         6 (Total Rate: 3.68%, Path Success: 75.00%)
  └─ Errors:            2 (Total Rate: 1.23%, Path Error: 25.00%)
Jul 30 14:48:13.138 INFO Append performance over last minute - Count: 163, Avg Time: 4687 ns
Jul 30 14:48:13.138 INFO Current latencies: {5: Some(0.13703059999999995), 3: Some(0.0096362), 2: Some(0.03286925), 1: Some(0.09734595)}
Jul 30 14:49:13.138 INFO === Fast Path Statistics ===
Total Append Attempts:  76
Fast Path Attempts:     73 (Utilization: 96.05%)
  ├─ Successes:         72 (Total Rate: 94.74%, Path Success: 98.63%)
  └─ Errors:            1 (Total Rate: 1.32%, Path Error: 1.37%)
Jul 30 14:49:13.138 INFO Append performance over last minute - Count: 76, Avg Time: 9419 ns
Jul 30 14:49:13.138 INFO Current latencies: {3: Some(0.00963325), 1: Some(0.09734595), 5: Some(0.13700505000000002), 2: Some(0.0328485)}
Jul 30 14:50:13.138 INFO === Fast Path Statistics ===
Total Append Attempts:  288
Fast Path Attempts:     209 (Utilization: 72.57%)
  ├─ Successes:         199 (Total Rate: 69.10%, Path Success: 95.22%)
  └─ Errors:            10 (Total Rate: 3.47%, Path Error: 4.78%)
Jul 30 14:50:13.138 INFO Append performance over last minute - Count: 288, Avg Time: 7887 ns
Jul 30 14:50:13.138 INFO Current latencies: {3: Some(0.00951415), 5: Some(0.13686395), 2: Some(0.03296144999999999), 1: Some(0.07033110000000001)}
Jul 30 14:51:13.138 INFO === Fast Path Statistics ===
Total Append Attempts:  135
Fast Path Attempts:     43 (Utilization: 31.85%)
  ├─ Successes:         34 (Total Rate: 25.19%, Path Success: 79.07%)
  └─ Errors:            9 (Total Rate: 6.67%, Path Error: 20.93%)
Jul 30 14:51:13.138 INFO Append performance over last minute - Count: 135, Avg Time: 6599 ns
Jul 30 14:51:13.138 INFO Current latencies: {5: Some(0.1363964), 2: Some(0.0329295), 3: Some(0.009347399999999999), 1: Some(0.02916665)}
Jul 30 14:52:13.138 INFO === Fast Path Statistics ===
Total Append Attempts:  184
Fast Path Attempts:     132 (Utilization: 71.74%)
  ├─ Successes:         119 (Total Rate: 64.67%, Path Success: 90.15%)
  └─ Errors:            13 (Total Rate: 7.07%, Path Error: 9.85%)
Jul 30 14:52:13.138 INFO Append performance over last minute - Count: 184, Avg Time: 8205 ns
Jul 30 14:52:13.138 INFO Current latencies: {2: Some(0.032692900000000004), 1: Some(0.028885749999999998), 3: Some(0.009321949999999999), 5: Some(0.13638555000000002)}
Jul 30 14:53:13.138 INFO === Fast Path Statistics ===
Total Append Attempts:  147
Fast Path Attempts:     4 (Utilization: 2.72%)
  ├─ Successes:         2 (Total Rate: 1.36%, Path Success: 50.00%)
  └─ Errors:            2 (Total Rate: 1.36%, Path Error: 50.00%)
Jul 30 14:53:13.138 INFO Append performance over last minute - Count: 147, Avg Time: 4318 ns
Jul 30 14:53:13.138 INFO Current latencies: {2: Some(0.032581900000000004), 1: Some(0.027076500000000003), 3: Some(0.009290099999999999), 5: Some(0.13632105)}
Jul 30 14:54:13.138 INFO === Fast Path Statistics ===
Total Append Attempts:  156
Fast Path Attempts:     153 (Utilization: 98.08%)
  ├─ Successes:         151 (Total Rate: 96.79%, Path Success: 98.69%)
  └─ Errors:            2 (Total Rate: 1.28%, Path Error: 1.31%)
Jul 30 14:54:13.138 INFO Append performance over last minute - Count: 156, Avg Time: 9557 ns
Jul 30 14:54:13.138 INFO Current latencies: {2: Some(0.03261635), 5: Some(0.13637325), 3: Some(0.00926005), 1: Some(0.02707465)}
Jul 30 14:55:13.138 INFO === Fast Path Statistics ===
Total Append Attempts:  117
Fast Path Attempts:     113 (Utilization: 96.58%)
  ├─ Successes:         107 (Total Rate: 91.45%, Path Success: 94.69%)
  └─ Errors:            6 (Total Rate: 5.13%, Path Error: 5.31%)
Jul 30 14:55:13.138 INFO Append performance over last minute - Count: 117, Avg Time: 9361 ns
Jul 30 14:55:13.138 INFO Current latencies: {1: Some(0.028988549999999995), 2: Some(0.0325985), 3: Some(0.009402949999999998), 5: Some(0.11201860000000001)}
Jul 30 14:56:13.138 INFO === Fast Path Statistics ===
Total Append Attempts:  154
Fast Path Attempts:     97 (Utilization: 62.99%)
  ├─ Successes:         70 (Total Rate: 45.45%, Path Success: 72.16%)
  └─ Errors:            27 (Total Rate: 17.53%, Path Error: 27.84%)
Jul 30 14:56:13.138 INFO Append performance over last minute - Count: 154, Avg Time: 7505 ns
Jul 30 14:56:13.138 INFO Current latencies: {3: Some(0.009492500000000001), 5: Some(0.0754583), 2: Some(0.032544500000000004), 1: Some(0.0309376)}
