request_time,write,response_time,accept_status
1785431111672,false,1785431111711,LeaderAccept
1785431112247,true,1785431112286,LeaderAccept
1785431112279,true,1785431112317,LeaderAccept
1785431112310,false,1785431112349,LeaderAccept
1785431112343,true,1785431112381,LeaderAccept
1785431112375,true,1785431112413,LeaderAccept
1785431112407,true,1785431112447,LeaderAccept
1785431112441,true,1785431112480,LeaderAccept
1785431112475,true,1785431112514,LeaderAccept
1785431112510,true,1785431112548,LeaderAccept
1785431112545,false,1785431112585,LeaderAccept
1785431112581,false,1785431112619,LeaderAccept
1785431112617,false,1785431112655,LeaderAccept
1785431112653,true,1785431112693,LeaderAccept
1785431112691,true,1785431112730,LeaderAccept
1785431112729,true,1785431112768,LeaderAccept
1785431112767,true,1785431112807,LeaderAccept
1785431112807,false,1785431112846,LeaderAccept
1785431112847,false,1785431112886,LeaderAccept
1785431112889,false,1785431112928,LeaderAccept
1785431112932,false,1785431112971,LeaderAccept
1785431112974,true,1785431113014,LeaderAccept
1785431113018,true,1785431113057,LeaderAccept
1785431113063,false,1785431113102,LeaderAccept
1785431113108,true,1785431113148,LeaderAccept
1785431113154,false,1785431113193,LeaderAccept
1785431113201,true,1785431113240,LeaderAccept
1785431113251,false,1785431113289,LeaderAccept
1785431113300,true,1785431113339,LeaderAccept
1785431113352,true,1785431113390,LeaderAccept
1785431113405,true,1785431113444,LeaderAccept
1785431113458,true,1785431113497,LeaderAccept
1785431113513,false,1785431113552,LeaderAccept
1785431113570,false,1785431113609,LeaderAccept
1785431113629,true,1785431113667,LeaderAccept
1785431113689,true,1785431113727,LeaderAccept
1785431113751,true,1785431113789,LeaderAccept
1785431113815,false,1785431113854,LeaderAccept
1785431113880,false,1785431113920,LeaderAccept
1785431113948,false,1785431113987,LeaderAccept
1785431114018,false,1785431114058,LeaderAccept
1785431114091,false,1785431114130,LeaderAccept
1785431114167,true,1785431114205,LeaderAccept
1785431114245,false,1785431114284,LeaderAccept
1785431114326,false,1785431114365,LeaderAccept
1785431114410,true,1785431114450,LeaderAccept
1785431114498,true,1785431114537,LeaderAccept
1785431114591,true,1785431114630,LeaderAccept
1785431114687,true,1785431114726,LeaderAccept
1785431114789,true,1785431114828,LeaderAccept
1785431114895,false,1785431114934,LeaderAccept
1785431115007,true,1785431115047,LeaderAccept
1785431115125,false,1785431115165,LeaderAccept
1785431115250,true,1785431115289,LeaderAccept
1785431115383,true,1785431115422,LeaderAccept
1785431115526,true,1785431115565,LeaderAccept
1785431115678,true,1785431115717,LeaderAccept
1785431115843,false,1785431115882,LeaderAccept
1785431116023,true,1785431116062,LeaderAccept
1785431116218,true,1785431116257,LeaderAccept
1785431116434,true,1785431116472,LeaderAccept
1785431116673,false,1785431116712,LeaderAccept
1785431116944,false,1785431116982,LeaderAccept
1785431117252,true,1785431117287,FastAccept
1785431117612,true,1785431117647,FastAccept
1785431118043,false,1785431118083,LeaderAccept
1785431118578,true,1785431118617,LeaderAccept
1785431119277,false,1785431119316,LeaderAccept
1785431120267,false,1785431120305,LeaderAccept
1785431121891,true,1785431121930,LeaderAccept
1785431125545,false,1785431125580,FastAccept
1785431128547,false,1785431128586,LeaderAccept
1785431128579,true,1785431128618,LeaderAccept
1785431128613,false,1785431128652,LeaderAccept
1785431128646,false,1785431128685,LeaderAccept
1785431128680,false,1785431128719,LeaderAccept
1785431128714,true,1785431128754,LeaderAccept
1785431128750,false,1785431128788,LeaderAccept
1785431128786,true,1785431128824,LeaderAccept
1785431128823,true,1785431128861,LeaderAccept
1785431128860,false,1785431128898,LeaderAccept
1785431128898,false,1785431128936,LeaderAccept
1785431128936,true,1785431128975,LeaderAccept
1785431128975,false,1785431129014,LeaderAccept
1785431129014,true,1785431129053,LeaderAccept
1785431129054,true,1785431129094,LeaderAccept
1785431129095,true,1785431129134,LeaderAccept
1785431129137,true,1785431129176,LeaderAccept
1785431129181,true,1785431129220,LeaderAccept
1785431129224,true,1785431129263,LeaderAccept
1785431129269,true,1785431129308,LeaderAccept
1785431129314,true,1785431129353,LeaderAccept
1785431129360,false,1785431129400,LeaderAccept
1785431129408,true,1785431129448,LeaderAccept
1785431129456,false,1785431129496,LeaderAccept
1785431129506,false,1785431129546,LeaderAccept
1785431129557,true,1785431129597,LeaderAccept
1785431129610,false,1785431129649,LeaderAccept
1785431129664,true,1785431129704,LeaderAccept
1785431129719,true,1785431129758,LeaderAccept
1785431129776,true,1785431129815,LeaderAccept
1785431129834,true,1785431129873,LeaderAccept
1785431129894,false,1785431129933,LeaderAccept
1785431129956,true,1785431129996,LeaderAccept
1785431130020,true,1785431130059,LeaderAccept
1785431130087,true,1785431130126,LeaderAccept
1785431130155,false,1785431130193,LeaderAccept
1785431130226,false,1785431130265,LeaderAccept
1785431130298,false,1785431130337,LeaderAccept
1785431130374,true,1785431130413,LeaderAccept
1785431130452,false,1785431130491,LeaderAccept
1785431130535,true,1785431130574,LeaderAccept
1785431130620,false,1785431130658,LeaderAccept
1785431130708,true,1785431130748,LeaderAccept
1785431130800,false,1785431130839,LeaderAccept
1785431130897,true,1785431130935,LeaderAccept
1785431130998,true,1785431131037,LeaderAccept
1785431131105,false,1785431131143,LeaderAccept
1785431131218,false,1785431131257,LeaderAccept
1785431131336,false,1785431131375,LeaderAccept
1785431131463,false,1785431131502,LeaderAccept
1785431131597,false,1785431131636,LeaderAccept
1785431131741,false,1785431131780,LeaderAccept
1785431131896,true,1785431131935,LeaderAccept
1785431132062,false,1785431132102,LeaderAccept
1785431132243,true,1785431132282,LeaderAccept
1785431132442,false,1785431132481,LeaderAccept
1785431132659,true,1785431132698,LeaderAccept
1785431132903,false,1785431132942,LeaderAccept
1785431133178,false,1785431133216,LeaderAccept
1785431133492,false,1785431133527,FastAccept
1785431133861,true,1785431133895,FastAccept
1785431134303,true,1785431134338,FastAccept
1785431134855,true,1785431134889,FastAccept
1785431135580,true,1785431135615,FastAccept
1785431136624,false,1785431136659,FastAccept
1785431138381,true,1785431138419,LeaderAccept
1785431142607,false,1785431142643,FastAccept
1785431177562,false,1785431177609,LeaderAccept
1785431192363,true,1785431192402,LeaderAccept
1785431192395,true,1785431192434,LeaderAccept
1785431192428,true,1785431192467,LeaderAccept
1785431192461,true,,
1785431192495,false,1785431192533,LeaderAccept
1785431192529,false,1785431192568,LeaderAccept
1785431192564,false,1785431192603,LeaderAccept
1785431192600,true,1785431192639,LeaderAccept
1785431192636,true,1785431192674,LeaderAccept
1785431192674,true,1785431192712,LeaderAccept
1785431192712,false,1785431192750,LeaderAccept
1785431192750,false,1785431192789,LeaderAccept
1785431192789,true,1785431192827,LeaderAccept
1785431192829,false,1785431192868,LeaderAccept
1785431192869,true,1785431192908,LeaderAccept
1785431192910,true,1785431192949,LeaderAccept
1785431192952,false,1785431192991,LeaderAccept
1785431192995,true,1785431193034,LeaderAccept
1785431193040,true,1785431193078,LeaderAccept
1785431193084,false,1785431193123,LeaderAccept
1785431193130,true,1785431193169,LeaderAccept
1785431193177,true,1785431193216,LeaderAccept
1785431193225,true,1785431193264,LeaderAccept
1785431193274,false,1785431193312,LeaderAccept
1785431193324,true,1785431193363,LeaderAccept
1785431193375,true,1785431193414,LeaderAccept
1785431193429,true,1785431193467,LeaderAccept
1785431193483,true,1785431193521,LeaderAccept
1785431193538,false,1785431193577,LeaderAccept
1785431193595,false,1785431193633,LeaderAccept
1785431193655,false,1785431193693,LeaderAccept
1785431193716,true,1785431193755,LeaderAccept
1785431193778,false,1785431193817,LeaderAccept
1785431193842,true,1785431193881,LeaderAccept
1785431193908,false,1785431193947,LeaderAccept
1785431193977,true,1785431194016,LeaderAccept
1785431194049,true,1785431194087,LeaderAccept
1785431194123,false,1785431194161,LeaderAccept
1785431194199,true,1785431194237,LeaderAccept
1785431194277,false,1785431194315,LeaderAccept
1785431194359,true,1785431194398,LeaderAccept
1785431194444,true,1785431194483,LeaderAccept
1785431194533,true,1785431194572,LeaderAccept
1785431194626,false,1785431194665,LeaderAccept
1785431194724,true,1785431194763,LeaderAccept
1785431194826,false,1785431194865,LeaderAccept
1785431194934,true,1785431194973,LeaderAccept
1785431195047,false,1785431195086,LeaderAccept
1785431195168,false,1785431195206,LeaderAccept
1785431195295,false,1785431195334,LeaderAccept
1785431195432,true,1785431195470,LeaderAccept
1785431195577,false,1785431195615,LeaderAccept
1785431195733,false,1785431195772,LeaderAccept
1785431195901,true,1785431195940,LeaderAccept
1785431196084,false,1785431196124,LeaderAccept
1785431196285,false,1785431196324,LeaderAccept
1785431196508,true,1785431196546,LeaderAccept
1785431196756,false,1785431196796,LeaderAccept
1785431197037,true,1785431197074,LeaderAccept
1785431197359,true,1785431197397,LeaderAccept
1785431197738,true,1785431197777,LeaderAccept
1785431198196,true,1785431198234,LeaderAccept
1785431198771,false,1785431198810,LeaderAccept
1785431199537,true,1785431199576,LeaderAccept
1785431200659,false,1785431200698,LeaderAccept
1785431202626,true,1785431202666,LeaderAccept
1785431207884,true,1785431207923,LeaderAccept
1785431236763,true,1785431236798,FastAccept
1785431236791,true,1785431236825,FastAccept
1785431236820,false,1785431236855,FastAccept
1785431236849,false,1785431236883,FastAccept
1785431236877,true,1785431236911,FastAccept
1785431236906,true,1785431236941,FastAccept
1785431236935,true,1785431236969,FastAccept
1785431236965,true,1785431236999,FastAccept
1785431236996,true,1785431237030,FastAccept
1785431237027,false,1785431237061,FastAccept
1785431237058,false,1785431237093,FastAccept
1785431237090,true,1785431237124,FastAccept
1785431237123,false,1785431237157,FastAccept
1785431237155,true,1785431237189,FastAccept
1785431237188,true,1785431237223,FastAccept
1785431237222,false,1785431237256,FastAccept
1785431237258,true,1785431237292,FastAccept
1785431237292,true,1785431237326,FastAccept
1785431237327,true,1785431237361,FastAccept
1785431237363,true,1785431237398,FastAccept
1785431237401,false,1785431237435,FastAccept
1785431237438,false,1785431237472,FastAccept
1785431237477,true,1785431237511,FastAccept
1785431237515,true,1785431237550,FastAccept
1785431237555,false,1785431237590,FastAccept
1785431237596,false,1785431237630,FastAccept
1785431237638,true,1785431237673,FastAccept
1785431237679,false,1785431237713,FastAccept
1785431237723,true,1785431237758,FastAccept
1785431237766,false,1785431237800,FastAccept
1785431237810,false,1785431237845,FastAccept
1785431237856,false,1785431237891,FastAccept
1785431237903,true,1785431237938,FastAccept
1785431237951,false,1785431237986,FastAccept
1785431238000,false,1785431238034,FastAccept
1785431238050,true,1785431238084,FastAccept
1785431238102,false,1785431238137,FastAccept
1785431238155,false,1785431238189,FastAccept
1785431238209,false,1785431238244,FastAccept
1785431238265,true,1785431238299,FastAccept
1785431238322,false,1785431238357,FastAccept
1785431238381,false,1785431238416,FastAccept
1785431238441,false,1785431238476,FastAccept
1785431238503,true,1785431238537,FastAccept
1785431238568,true,1785431238602,FastAccept
1785431238635,false,1785431238669,FastAccept
1785431238703,true,1785431238737,FastAccept
1785431238773,false,1785431238807,FastAccept
1785431238847,true,1785431238882,FastAccept
1785431238923,false,1785431238958,FastAccept
1785431239001,true,1785431239035,FastAccept
1785431239084,true,1785431239119,FastAccept
1785431239170,false,1785431239203,FastAccept
1785431239259,false,1785431239293,FastAccept
1785431239352,true,1785431239386,FastAccept
1785431239450,false,1785431239485,FastAccept
1785431239553,false,1785431239587,FastAccept
1785431239660,true,1785431239695,FastAccept
1785431239774,true,1785431239809,FastAccept
1785431239893,true,1785431239928,FastAccept
1785431240021,false,1785431240055,FastAccept
1785431240156,true,1785431240190,FastAccept
1785431240302,false,1785431240336,FastAccept
1785431240458,false,1785431240492,FastAccept
1785431240626,false,1785431240661,FastAccept
1785431240809,true,1785431240844,FastAccept
1785431241009,false,1785431241044,FastAccept
1785431241230,true,1785431241264,FastAccept
1785431241477,true,1785431241511,FastAccept
1785431241756,true,1785431241790,FastAccept
1785431242077,true,1785431242113,FastAccept
1785431242455,false,1785431242490,FastAccept
1785431242910,true,1785431242944,FastAccept
1785431243480,true,1785431243515,FastAccept
1785431244238,true,1785431244273,FastAccept
1785431245345,false,1785431245393,LeaderAccept
1785431247269,false,1785431247308,LeaderAccept
1785431252302,false,1785431252337,FastAccept
1785431280119,true,1785431280159,LeaderAccept
1785431280146,true,1785431280185,LeaderAccept
1785431280174,true,1785431280212,LeaderAccept
1785431280201,true,1785431280239,LeaderAccept
1785431280228,true,1785431280267,LeaderAccept
1785431280256,false,1785431280295,LeaderAccept
1785431280284,true,1785431280323,LeaderAccept
1785431280313,true,1785431280351,LeaderAccept
1785431280343,true,1785431280381,LeaderAccept
1785431280372,true,1785431280410,LeaderAccept
1785431280402,false,1785431280441,LeaderAccept
1785431280433,false,1785431280472,LeaderAccept
1785431280464,true,1785431280502,LeaderAccept
1785431280495,true,1785431280534,LeaderAccept
1785431280528,false,1785431280566,LeaderAccept
1785431280560,false,1785431280599,LeaderAccept
1785431280593,false,1785431280632,LeaderAccept
1785431280628,true,1785431280666,LeaderAccept
1785431280661,false,1785431280700,LeaderAccept
1785431280696,true,1785431280734,LeaderAccept
1785431280731,true,1785431280769,LeaderAccept
1785431280766,true,1785431280805,LeaderAccept
1785431280802,true,1785431280841,LeaderAccept
1785431280839,true,1785431280877,LeaderAccept
1785431280876,true,1785431280915,LeaderAccept
1785431280915,true,1785431280954,LeaderAccept
1785431280953,true,1785431280992,LeaderAccept
1785431280993,true,1785431281032,LeaderAccept
1785431281033,false,1785431281072,LeaderAccept
1785431281074,true,1785431281113,LeaderAccept
1785431281116,false,1785431281157,LeaderAccept
1785431281159,true,1785431281197,LeaderAccept
1785431281202,false,1785431281241,LeaderAccept
1785431281246,true,1785431281285,LeaderAccept
1785431281293,true,1785431281331,LeaderAccept
1785431281339,false,1785431281378,LeaderAccept
1785431281387,true,1785431281426,LeaderAccept
1785431281436,true,1785431281475,LeaderAccept
1785431281486,false,1785431281525,LeaderAccept
1785431281537,false,1785431281576,LeaderAccept
1785431281591,true,1785431281629,LeaderAccept
1785431281646,false,1785431281684,LeaderAccept
1785431281702,true,1785431281740,LeaderAccept
1785431281758,true,1785431281796,LeaderAccept
1785431281818,false,1785431281856,LeaderAccept
1785431281878,false,1785431281917,LeaderAccept
1785431281941,false,1785431281979,LeaderAccept
1785431282006,false,1785431282046,LeaderAccept
1785431282073,true,1785431282112,LeaderAccept
1785431282141,true,1785431282180,LeaderAccept
1785431282212,true,1785431282251,LeaderAccept
1785431282285,false,1785431282323,LeaderAccept
1785431282362,true,1785431282400,LeaderAccept
1785431282442,false,1785431282480,LeaderAccept
1785431282525,false,1785431282563,LeaderAccept
1785431282611,false,1785431282649,LeaderAccept
1785431282701,true,1785431282739,LeaderAccept
1785431282795,true,1785431282834,LeaderAccept
1785431282892,true,1785431282931,LeaderAccept
1785431282996,true,1785431283034,LeaderAccept
1785431283105,false,1785431283143,LeaderAccept
1785431283219,true,1785431283258,LeaderAccept
1785431283341,false,1785431283380,LeaderAccept
1785431283469,false,1785431283508,LeaderAccept
1785431283606,true,1785431283645,LeaderAccept
1785431283753,false,1785431283791,LeaderAccept
1785431283910,false,1785431283949,LeaderAccept
1785431284082,false,1785431284121,LeaderAccept
1785431284268,false,1785431284306,LeaderAccept
1785431284471,false,1785431284510,LeaderAccept
1785431284696,true,1785431284735,LeaderAccept
1785431284948,false,1785431284982,FastAccept
1785431285234,true,1785431285268,FastAccept
1785431285563,false,1785431285602,FastAccept
1785431285950,false,1785431285984,FastAccept
1785431286420,false,1785431286454,FastAccept
1785431287014,false,1785431287049,FastAccept
1785431287814,false,1785431287848,FastAccept
1785431289006,false,1785431289040,FastAccept
1785431291169,false,1785431291203,FastAccept
1785431297540,false,1785431297578,LeaderAccept
1785431303467,false,1785431303506,LeaderAccept
1785431303491,false,1785431303530,LeaderAccept
1785431303517,false,1785431303556,LeaderAccept
1785431303543,false,1785431303582,LeaderAccept
1785431303568,true,1785431303607,LeaderAccept
1785431303594,true,1785431303632,LeaderAccept
1785431303620,false,1785431303659,LeaderAccept
1785431303647,true,1785431303685,LeaderAccept
1785431303673,false,1785431303712,LeaderAccept
1785431303700,true,1785431303739,LeaderAccept
1785431303728,false,1785431303767,LeaderAccept
1785431303756,true,1785431303795,LeaderAccept
1785431303785,true,1785431303823,LeaderAccept
1785431303813,true,1785431303851,LeaderAccept
1785431303842,true,1785431303880,LeaderAccept
1785431303871,true,1785431303909,LeaderAccept
1785431303902,true,1785431303940,LeaderAccept
1785431303933,true,1785431303972,LeaderAccept
1785431303963,true,1785431304002,LeaderAccept
1785431303994,false,1785431304032,LeaderAccept
1785431304025,false,1785431304063,LeaderAccept
1785431304058,false,1785431304098,LeaderAccept
1785431304091,false,1785431304130,LeaderAccept
1785431304124,false,1785431304163,LeaderAccept
1785431304158,false,1785431304196,LeaderAccept
1785431304192,false,1785431304231,LeaderAccept
1785431304226,false,1785431304264,LeaderAccept
1785431304262,true,1785431304300,LeaderAccept
1785431304299,false,1785431304337,LeaderAccept
1785431304335,false,1785431304374,LeaderAccept
1785431304373,false,1785431304411,LeaderAccept
1785431304411,false,1785431304450,LeaderAccept
1785431304449,false,1785431304488,LeaderAccept
1785431304488,false,1785431304527,LeaderAccept
1785431304528,false,1785431304566,LeaderAccept
1785431304569,false,1785431304607,LeaderAccept
1785431304612,true,1785431304651,LeaderAccept
1785431304655,true,1785431304695,LeaderAccept
1785431304698,true,1785431304737,LeaderAccept
1785431304742,false,1785431304781,LeaderAccept
1785431304787,true,1785431304826,LeaderAccept
1785431304833,false,1785431304872,LeaderAccept
1785431304880,false,1785431304919,LeaderAccept
1785431304929,true,1785431304967,LeaderAccept
1785431304979,false,1785431305017,LeaderAccept
1785431305030,true,1785431305068,LeaderAccept
1785431305083,false,1785431305122,LeaderAccept
1785431305136,false,1785431305175,LeaderAccept
1785431305192,false,1785431305230,LeaderAccept
1785431305249,false,1785431305288,LeaderAccept
1785431305308,false,1785431305346,LeaderAccept
1785431305367,true,1785431305406,LeaderAccept
1785431305430,false,1785431305468,LeaderAccept
1785431305493,false,1785431305532,LeaderAccept
1785431305560,false,1785431305599,LeaderAccept
1785431305628,false,1785431305666,LeaderAccept
1785431305698,false,1785431305737,LeaderAccept
1785431305772,false,1785431305811,LeaderAccept
1785431305847,true,1785431305886,LeaderAccept
1785431305925,false,1785431305964,LeaderAccept
1785431306007,true,1785431306045,LeaderAccept
1785431306091,false,1785431306131,LeaderAccept
1785431306179,false,1785431306218,LeaderAccept
1785431306272,false,1785431306310,LeaderAccept
1785431306368,false,1785431306406,LeaderAccept
1785431306468,false,1785431306507,LeaderAccept
1785431306574,true,1785431306613,LeaderAccept
1785431306686,false,1785431306725,LeaderAccept
1785431306804,false,1785431306843,LeaderAccept
1785431306929,false,1785431306968,LeaderAccept
1785431307063,false,1785431307101,LeaderAccept
1785431307204,true,1785431307242,LeaderAccept
1785431307357,true,1785431307395,LeaderAccept
1785431307522,true,1785431307560,LeaderAccept
1785431307701,false,1785431307739,LeaderAccept
1785431307896,false,1785431307936,LeaderAccept
1785431308111,true,1785431308151,LeaderAccept
1785431308351,false,1785431308390,LeaderAccept
1785431308620,false,1785431308658,LeaderAccept
1785431308929,false,1785431308963,FastAccept
1785431309288,false,1785431309323,FastAccept
1785431309720,true,1785431309754,FastAccept
1785431310254,true,1785431310289,FastAccept
1785431310951,true,1785431310985,FastAccept
1785431311937,false,1785431311972,FastAccept
1785431313553,false,,
1785431317173,true,1785431317211,LeaderAccept
1785431339289,true,1785431339328,LeaderAccept
1785431344991,true,1785431345031,FastAccept
1785431345012,true,1785431345046,FastAccept
1785431345034,false,1785431345069,FastAccept
1785431345057,true,1785431345091,FastAccept
1785431345080,false,1785431345115,FastAccept
1785431345102,false,1785431345137,FastAccept
1785431345125,true,1785431345160,FastAccept
1785431345148,true,1785431345183,FastAccept
1785431345171,false,1785431345206,FastAccept
1785431345194,false,1785431345228,FastAccept
1785431345217,true,1785431345251,FastAccept
1785431345241,false,1785431345275,FastAccept
1785431345266,false,1785431345300,FastAccept
1785431345290,true,1785431345325,FastAccept
1785431345315,true,1785431345350,FastAccept
1785431345340,false,1785431345374,FastAccept
1785431345365,false,1785431345400,FastAccept
1785431345391,true,1785431345425,FastAccept
1785431345416,true,1785431345451,FastAccept
1785431345443,false,1785431345478,FastAccept
1785431345470,false,1785431345504,FastAccept
1785431345496,false,1785431345530,FastAccept
1785431345523,false,1785431345557,FastAccept
1785431345550,true,1785431345585,FastAccept
1785431345579,false,1785431345613,FastAccept
1785431345608,true,1785431345642,FastAccept
1785431345636,true,,
1785431345665,true,1785431345700,FastAccept
1785431345695,true,1785431345729,FastAccept
1785431345725,true,1785431345760,FastAccept
1785431345756,false,1785431345790,FastAccept
1785431345787,false,1785431345821,FastAccept
1785431345818,false,,
1785431345850,true,1785431345884,FastAccept
1785431345883,false,1785431345917,FastAccept
1785431345915,false,1785431345949,FastAccept
1785431345948,false,1785431345983,FastAccept
1785431345983,false,1785431346016,FastAccept
1785431346017,true,1785431346052,FastAccept
1785431346052,false,1785431346086,FastAccept
1785431346087,false,1785431346122,FastAccept
1785431346124,false,1785431346159,FastAccept
1785431346160,true,1785431346194,FastAccept
1785431346197,false,1785431346232,FastAccept
1785431346235,true,1785431346270,FastAccept
1785431346274,true,1785431346309,FastAccept
1785431346313,false,1785431346347,FastAccept
1785431346353,true,1785431346389,FastAccept
1785431346395,true,1785431346429,FastAccept
1785431346437,false,1785431346472,FastAccept
1785431346481,false,1785431346515,FastAccept
1785431346525,false,1785431346559,FastAccept
1785431346569,false,1785431346603,FastAccept
1785431346615,false,1785431346650,FastAccept
1785431346662,false,1785431346697,FastAccept
1785431346710,true,1785431346745,FastAccept
1785431346759,false,1785431346795,FastAccept
1785431346809,false,1785431346843,FastAccept
1785431346861,true,1785431346896,FastAccept
1785431346914,true,1785431346948,FastAccept
1785431346967,true,1785431347002,FastAccept
1785431347024,false,1785431347058,FastAccept
1785431347080,true,1785431347115,FastAccept
1785431347139,false,1785431347174,FastAccept
1785431347199,true,1785431347233,FastAccept
1785431347262,false,1785431347296,FastAccept
1785431347326,false,1785431347361,FastAccept
1785431347392,true,1785431347426,FastAccept
1785431347462,true,1785431347496,FastAccept
1785431347533,true,1785431347567,FastAccept
1785431347606,false,1785431347641,FastAccept
1785431347682,true,1785431347717,FastAccept
1785431347761,false,1785431347796,FastAccept
1785431347843,false,1785431347878,FastAccept
1785431347928,false,1785431347963,FastAccept
1785431348017,true,1785431348051,FastAccept
1785431348111,true,1785431348145,FastAccept
1785431348209,true,1785431348243,FastAccept
1785431348311,false,1785431348346,FastAccept
1785431348419,false,1785431348454,FastAccept
1785431348532,false,1785431348567,FastAccept
1785431348652,false,1785431348687,FastAccept
1785431348780,false,1785431348814,FastAccept
1785431348915,false,1785431348949,FastAccept
1785431349061,false,1785431349096,FastAccept
1785431349217,false,1785431349252,FastAccept
1785431349386,false,1785431349421,FastAccept
1785431349569,false,1785431349604,FastAccept
1785431349770,false,1785431349805,FastAccept
1785431349992,false,1785431350027,FastAccept
1785431350240,true,1785431350275,FastAccept
1785431350520,false,1785431350554,FastAccept
1785431350842,true,1785431350877,FastAccept
1785431351220,false,1785431351255,FastAccept
1785431351678,false,1785431351712,FastAccept
1785431352251,true,1785431352286,FastAccept
1785431353014,false,1785431353048,FastAccept
1785431354132,true,1785431354166,FastAccept
1785431356086,true,1785431356121,FastAccept
1785431361276,false,1785431361315,LeaderAccept
1785431390349,false,1785431390387,LeaderAccept
1785431390366,false,1785431390404,LeaderAccept
1785431390384,true,1785431390422,LeaderAccept
1785431390403,false,1785431390441,LeaderAccept
1785431390422,false,1785431390460,LeaderAccept
1785431390440,false,1785431390478,LeaderAccept
1785431390459,false,1785431390497,LeaderAccept
1785431390478,true,1785431390516,LeaderAccept
1785431390497,true,1785431390534,LeaderAccept
1785431390516,false,1785431390554,LeaderAccept
1785431390535,true,1785431390574,LeaderAccept
1785431390554,true,1785431390593,LeaderAccept
1785431390574,true,1785431390612,LeaderAccept
1785431390593,false,1785431390630,LeaderAccept
1785431390612,false,1785431390649,LeaderAccept
1785431390633,true,1785431390671,LeaderAccept
1785431390654,true,1785431390691,LeaderAccept
1785431390674,true,1785431390711,LeaderAccept
1785431390694,true,1785431390733,LeaderAccept
1785431390716,false,1785431390754,LeaderAccept
1785431390737,false,1785431390776,LeaderAccept
1785431390759,false,1785431390798,LeaderAccept
1785431390781,true,1785431390819,LeaderAccept
1785431390803,false,1785431390842,LeaderAccept
1785431390826,true,1785431390864,LeaderAccept
1785431390848,false,1785431390886,LeaderAccept
1785431390870,true,1785431390908,LeaderAccept
1785431390893,false,1785431390931,LeaderAccept
1785431390915,false,1785431390954,LeaderAccept
1785431390938,true,1785431390976,LeaderAccept
1785431390962,true,1785431391000,LeaderAccept
1785431390986,true,1785431391024,LeaderAccept
1785431391010,true,1785431391048,LeaderAccept
1785431391034,true,1785431391072,LeaderAccept
1785431391058,true,1785431391096,LeaderAccept
1785431391083,false,1785431391122,LeaderAccept
1785431391109,false,1785431391147,LeaderAccept
1785431391134,false,1785431391171,LeaderAccept
1785431391160,false,1785431391198,LeaderAccept
1785431391185,true,1785431391223,LeaderAccept
1785431391211,false,1785431391249,LeaderAccept
1785431391239,true,1785431391278,LeaderAccept
1785431391266,true,1785431391304,LeaderAccept
1785431391294,false,1785431391332,LeaderAccept
1785431391321,true,1785431391360,LeaderAccept
1785431391349,true,1785431391387,LeaderAccept
1785431391378,false,1785431391415,LeaderAccept
1785431391407,false,1785431391445,LeaderAccept
1785431391436,true,1785431391475,LeaderAccept
1785431391467,true,1785431391505,LeaderAccept
1785431391497,true,1785431391535,LeaderAccept
1785431391527,false,1785431391566,LeaderAccept
1785431391558,true,1785431391596,LeaderAccept
1785431391589,true,1785431391627,LeaderAccept
1785431391621,false,1785431391660,LeaderAccept
1785431391655,false,1785431391694,LeaderAccept
1785431391687,true,1785431391725,LeaderAccept
1785431391720,true,1785431391759,LeaderAccept
1785431391755,false,1785431391793,LeaderAccept
1785431391789,true,1785431391828,LeaderAccept
1785431391824,true,1785431391863,LeaderAccept
1785431391860,true,1785431391898,LeaderAccept
1785431391896,true,1785431391935,LeaderAccept
1785431391934,true,1785431391972,LeaderAccept
1785431391971,false,1785431392010,LeaderAccept
1785431392010,true,1785431392048,LeaderAccept
1785431392049,true,1785431392088,LeaderAccept
1785431392089,false,1785431392128,LeaderAccept
1785431392129,true,1785431392167,LeaderAccept
1785431392170,true,1785431392209,LeaderAccept
1785431392212,true,1785431392250,LeaderAccept
1785431392256,false,1785431392294,LeaderAccept
1785431392300,false,1785431392338,LeaderAccept
1785431392345,true,1785431392384,LeaderAccept
1785431392391,true,1785431392429,LeaderAccept
1785431392438,false,1785431392478,LeaderAccept
1785431392486,true,1785431392524,LeaderAccept
1785431392535,true,1785431392574,LeaderAccept
1785431392585,true,1785431392624,LeaderAccept
1785431392638,false,1785431392676,LeaderAccept
1785431392691,false,1785431392730,LeaderAccept
1785431392746,false,1785431392784,LeaderAccept
1785431392802,false,1785431392840,LeaderAccept
1785431392860,false,1785431392899,LeaderAccept
1785431392919,true,1785431392958,LeaderAccept
1785431392980,true,1785431393019,LeaderAccept
1785431393043,false,1785431393082,LeaderAccept
1785431393108,false,1785431393147,LeaderAccept
1785431393175,true,1785431393214,LeaderAccept
1785431393244,true,1785431393284,LeaderAccept
1785431393315,false,1785431393354,LeaderAccept
1785431393390,true,1785431393429,LeaderAccept
1785431393466,true,1785431393505,LeaderAccept
1785431393546,true,1785431393584,LeaderAccept
1785431393630,false,1785431393669,LeaderAccept
1785431393716,false,1785431393755,LeaderAccept
1785431393806,false,1785431393846,LeaderAccept
1785431393900,true,1785431393939,LeaderAccept
1785431393999,false,1785431394038,LeaderAccept
1785431394103,true,1785431394142,LeaderAccept
1785431394212,true,1785431394251,LeaderAccept
1785431394328,false,1785431394367,LeaderAccept
1785431394450,false,1785431394489,LeaderAccept
1785431394580,true,1785431394619,LeaderAccept
1785431394719,true,1785431394757,LeaderAccept
1785431394868,true,1785431394907,LeaderAccept
1785431395027,false,1785431395066,LeaderAccept
1785431395200,true,1785431395239,LeaderAccept
1785431395388,false,1785431395426,LeaderAccept
1785431395595,false,1785431395634,LeaderAccept
1785431395824,true,1785431395863,LeaderAccept
1785431396081,true,1785431396120,LeaderAccept
1785431396373,true,1785431396412,LeaderAccept
1785431396711,false,1785431396749,LeaderAccept
1785431397111,true,1785431397150,LeaderAccept
1785431397599,false,1785431397638,LeaderAccept
1785431398221,false,1785431398255,FastAccept
1785431399071,false,1785431399105,FastAccept
1785431400369,true,1785431400403,FastAccept
1785431402851,false,1785431402886,FastAccept
1785431411436,true,1785431411475,LeaderAccept
1785431431611,true,1785431431646,FastAccept
1785431431626,false,1785431431660,FastAccept
1785431431640,true,1785431431675,FastAccept
1785431431655,true,1785431431690,FastAccept
1785431431671,false,1785431431705,FastAccept
1785431431686,false,1785431431720,FastAccept
1785431431701,false,1785431431735,FastAccept
1785431431716,false,1785431431750,FastAccept
1785431431731,false,1785431431766,FastAccept
1785431431747,false,1785431431807,SlowAccept
1785431431762,false,1785431431807,FastAccept
1785431431778,false,1785431431812,FastAccept
1785431431795,true,1785431431829,FastAccept
1785431431812,true,1785431431846,FastAccept
1785431431829,true,1785431431862,FastAccept
1785431431845,true,1785431431880,FastAccept
1785431431861,false,1785431431895,FastAccept
1785431431878,false,1785431431913,FastAccept
1785431431895,false,1785431431929,FastAccept
1785431431912,false,1785431431946,FastAccept
1785431431929,true,1785431431963,FastAccept
1785431431946,false,1785431431981,FastAccept
1785431431963,false,1785431431997,FastAccept
1785431431980,true,1785431432015,FastAccept
1785431431998,false,1785431432033,FastAccept
1785431432017,false,1785431432051,FastAccept
1785431432034,true,1785431432068,FastAccept
1785431432051,true,1785431432085,FastAccept
1785431432070,true,1785431432104,FastAccept
1785431432088,true,1785431432123,FastAccept
1785431432106,false,1785431432140,FastAccept
1785431432125,false,1785431432160,FastAccept
1785431432144,false,1785431432178,FastAccept
1785431432162,false,1785431432197,FastAccept
1785431432181,true,1785431432216,FastAccept
1785431432200,true,1785431432235,FastAccept
1785431432219,false,1785431432254,FastAccept
1785431432239,true,1785431432274,FastAccept
1785431432259,true,1785431432294,FastAccept
1785431432279,false,1785431432313,FastAccept
1785431432300,true,1785431432334,FastAccept
1785431432321,true,1785431432355,FastAccept
1785431432341,true,1785431432376,FastAccept
1785431432362,false,1785431432396,FastAccept
1785431432383,true,1785431432417,FastAccept
1785431432405,false,1785431432439,FastAccept
1785431432426,false,1785431432461,FastAccept
1785431432448,true,1785431432483,FastAccept
1785431432470,true,1785431432505,FastAccept
1785431432492,true,1785431432527,FastAccept
1785431432514,true,1785431432548,FastAccept
1785431432536,true,1785431432571,FastAccept
1785431432559,true,1785431432594,FastAccept
1785431432582,false,1785431432616,FastAccept
1785431432605,false,1785431432640,FastAccept
1785431432630,true,1785431432664,FastAccept
1785431432653,true,1785431432687,FastAccept
1785431432677,true,1785431432712,FastAccept
1785431432701,true,1785431432735,FastAccept
1785431432725,true,1785431432760,FastAccept
1785431432751,false,1785431432785,FastAccept
1785431432777,false,1785431432811,FastAccept
1785431432803,true,1785431432837,FastAccept
1785431432828,true,1785431432863,FastAccept
1785431432854,false,1785431432889,FastAccept
1785431432880,false,,
1785431432908,false,1785431432942,FastAccept
1785431432936,false,1785431432971,FastAccept
1785431432963,true,1785431432998,FastAccept
1785431432991,false,1785431433026,FastAccept
1785431433019,true,1785431433053,FastAccept
1785431433047,false,1785431433081,FastAccept
1785431433076,true,1785431433111,FastAccept
1785431433106,false,1785431433141,FastAccept
1785431433137,true,1785431433171,FastAccept
1785431433167,true,1785431433201,FastAccept
1785431433198,false,1785431433232,FastAccept
1785431433230,true,1785431433264,FastAccept
1785431433262,false,1785431433296,FastAccept
1785431433294,false,1785431433328,FastAccept
1785431433327,false,1785431433361,FastAccept
1785431433360,true,1785431433395,FastAccept
1785431433394,false,1785431433428,FastAccept
1785431433428,true,1785431433462,FastAccept
1785431433462,true,1785431433496,FastAccept
1785431433497,false,1785431433532,FastAccept
1785431433533,false,1785431433567,FastAccept
1785431433569,false,1785431433604,FastAccept
1785431433606,false,1785431433640,FastAccept
1785431433645,false,1785431433679,FastAccept
1785431433683,true,1785431433717,FastAccept
1785431433722,true,1785431433757,FastAccept
1785431433763,false,1785431433797,FastAccept
1785431433803,false,1785431433837,FastAccept
1785431433844,false,1785431433879,FastAccept
1785431433887,true,1785431433927,FastAccept
1785431433931,false,1785431433966,FastAccept
1785431433975,false,1785431434009,FastAccept
1785431434021,true,1785431434055,FastAccept
1785431434067,true,1785431434102,FastAccept
1785431434114,true,1785431434150,FastAccept
1785431434163,false,1785431434197,FastAccept
1785431434212,false,1785431434246,FastAccept
1785431434264,true,1785431434298,FastAccept
1785431434316,false,1785431434351,FastAccept
1785431434370,true,1785431434405,FastAccept
1785431434425,true,1785431434459,FastAccept
1785431434483,true,1785431434518,FastAccept
1785431434541,true,1785431434576,FastAccept
1785431434602,true,1785431434636,FastAccept
1785431434664,true,1785431434699,FastAccept
1785431434727,true,1785431434762,FastAccept
1785431434793,false,1785431434828,FastAccept
1785431434861,true,1785431434896,FastAccept
1785431434931,true,1785431434966,FastAccept
1785431435004,true,1785431435039,FastAccept
1785431435080,false,1785431435114,FastAccept
1785431435157,true,1785431435191,FastAccept
1785431435238,true,1785431435273,FastAccept
1785431435323,true,1785431435358,FastAccept
1785431435411,false,1785431435451,FastAccept
1785431435503,true,1785431435537,FastAccept
1785431435599,false,1785431435634,FastAccept
1785431435700,false,1785431435734,FastAccept
1785431435807,true,1785431435841,FastAccept
1785431435919,true,1785431435953,FastAccept
1785431436037,false,1785431436072,FastAccept
1785431436162,true,1785431436196,FastAccept
1785431436295,false,1785431436329,FastAccept
1785431436438,false,1785431436472,FastAccept
1785431436591,true,1785431436626,FastAccept
1785431436755,false,1785431436790,FastAccept
1785431436934,false,1785431436969,FastAccept
1785431437130,false,1785431437165,FastAccept
1785431437346,true,1785431437380,FastAccept
1785431437586,false,,
1785431437856,true,1785431437902,LeaderAccept
1785431438166,false,1785431438204,LeaderAccept
1785431438526,true,1785431438565,LeaderAccept
1785431438959,true,1785431438997,LeaderAccept
1785431439495,true,1785431439534,LeaderAccept
1785431440196,false,1785431440241,LeaderAccept
1785431441189,false,1785431441236,LeaderAccept
1785431442822,false,1785431442856,FastAccept
1785431446510,false,1785431446549,LeaderAccept
1785431469833,true,1785431469869,FastAccept
1785431482330,false,1785431482369,LeaderAccept
1785431482352,false,1785431482389,LeaderAccept
1785431482374,true,1785431482412,LeaderAccept
1785431482396,false,1785431482434,LeaderAccept
1785431482418,true,1785431482455,LeaderAccept
1785431482440,false,1785431482478,LeaderAccept
1785431482463,true,1785431482501,LeaderAccept
1785431482486,true,1785431482524,LeaderAccept
1785431482508,false,1785431482547,LeaderAccept
1785431482532,true,1785431482572,LeaderAccept
1785431482555,false,1785431482595,LeaderAccept
1785431482579,false,1785431482618,LeaderAccept
1785431482603,true,1785431482641,LeaderAccept
1785431482627,false,1785431482666,LeaderAccept
1785431482652,true,1785431482690,LeaderAccept
1785431482677,false,1785431482716,LeaderAccept
1785431482703,false,1785431482742,LeaderAccept
1785431482729,false,1785431482768,LeaderAccept
1785431482754,true,1785431482793,LeaderAccept
1785431482780,true,1785431482818,LeaderAccept
1785431482806,true,1785431482845,LeaderAccept
1785431482833,true,1785431482872,LeaderAccept
1785431482860,true,1785431482899,LeaderAccept
1785431482887,false,1785431482926,LeaderAccept
1785431482914,false,1785431482953,LeaderAccept
1785431482942,true,1785431482981,LeaderAccept
1785431482971,false,1785431483009,LeaderAccept
1785431483000,true,1785431483038,LeaderAccept
1785431483029,false,1785431483068,LeaderAccept
1785431483059,true,1785431483099,LeaderAccept
1785431483089,true,1785431483129,LeaderAccept
1785431483120,false,1785431483159,LeaderAccept
1785431483151,true,1785431483189,LeaderAccept
1785431483182,true,1785431483221,LeaderAccept
1785431483214,true,1785431483254,LeaderAccept
1785431483247,true,1785431483286,LeaderAccept
1785431483281,true,1785431483320,LeaderAccept
1785431483314,false,1785431483352,LeaderAccept
1785431483349,false,1785431483387,LeaderAccept
1785431483384,false,1785431483422,LeaderAccept
1785431483419,false,1785431483457,LeaderAccept
1785431483454,true,1785431483492,LeaderAccept
1785431483490,false,1785431483529,LeaderAccept
1785431483528,false,1785431483566,LeaderAccept
1785431483565,false,1785431483604,LeaderAccept
1785431483604,false,1785431483642,LeaderAccept
1785431483644,true,1785431483682,LeaderAccept
1785431483684,true,1785431483723,LeaderAccept
1785431483724,true,1785431483762,LeaderAccept
1785431483765,true,1785431483804,LeaderAccept
1785431483807,false,1785431483846,LeaderAccept
1785431483850,false,1785431483889,LeaderAccept
1785431483895,true,1785431483933,LeaderAccept
1785431483940,false,1785431483979,LeaderAccept
1785431483986,false,1785431484026,LeaderAccept
1785431484033,true,1785431484071,LeaderAccept
1785431484082,false,1785431484120,LeaderAccept
1785431484131,true,1785431484170,LeaderAccept
1785431484182,false,1785431484220,LeaderAccept
1785431484233,true,1785431484273,LeaderAccept
1785431484286,true,1785431484325,LeaderAccept
1785431484340,true,1785431484378,LeaderAccept
1785431484397,false,1785431484435,LeaderAccept
1785431484455,false,1785431484493,LeaderAccept
1785431484514,true,1785431484552,LeaderAccept
1785431484576,false,1785431484615,LeaderAccept
1785431484638,true,1785431484676,LeaderAccept
1785431484704,false,1785431484742,LeaderAccept
1785431484771,false,1785431484809,LeaderAccept
1785431484839,true,1785431484877,LeaderAccept
1785431484911,false,1785431484950,LeaderAccept
1785431484985,true,1785431485024,LeaderAccept
1785431485063,true,1785431485101,LeaderAccept
1785431485142,false,1785431485181,LeaderAccept
1785431485226,true,1785431485265,LeaderAccept
1785431485312,false,1785431485351,LeaderAccept
1785431485402,true,1785431485440,LeaderAccept
1785431485496,true,1785431485534,LeaderAccept
1785431485595,false,1785431485634,LeaderAccept
1785431485698,true,1785431485737,LeaderAccept
1785431485807,true,1785431485846,LeaderAccept
1785431485922,false,1785431485961,LeaderAccept
1785431486044,false,1785431486083,LeaderAccept
1785431486175,false,1785431486213,LeaderAccept
1785431486313,true,1785431486352,LeaderAccept
1785431486462,false,1785431486500,LeaderAccept
1785431486622,false,1785431486660,LeaderAccept
1785431486794,true,1785431486832,LeaderAccept
1785431486982,false,1785431487021,LeaderAccept
1785431487188,true,1785431487227,LeaderAccept
1785431487418,true,1785431487456,LeaderAccept
1785431487675,false,1785431487714,LeaderAccept
1785431487967,true,1785431488006,LeaderAccept
1785431488304,true,1785431488340,FastAccept
1785431488702,true,1785431488738,FastAccept
1785431489188,false,1785431489225,FastAccept
1785431489808,false,,
1785431490652,true,1785431490691,LeaderAccept
1785431491940,false,1785431491986,LeaderAccept
1785431494388,false,1785431494427,LeaderAccept
1785431502714,false,1785431502761,LeaderAccept
1785431522823,true,1785431522870,LeaderAccept
1785431522839,false,1785431522877,LeaderAccept
1785431522856,false,1785431522894,LeaderAccept
1785431522871,false,1785431522910,LeaderAccept
1785431522888,true,1785431522926,LeaderAccept
1785431522905,true,1785431522947,LeaderAccept
1785431522921,true,1785431522959,LeaderAccept
1785431522937,true,1785431522976,LeaderAccept
1785431522954,true,1785431522994,LeaderAccept
1785431522972,true,1785431523010,LeaderAccept
1785431522988,true,1785431523027,LeaderAccept
1785431523006,false,1785431523044,LeaderAccept
1785431523024,true,1785431523062,LeaderAccept
1785431523041,true,1785431523079,LeaderAccept
1785431523059,true,1785431523098,LeaderAccept
1785431523077,true,1785431523116,LeaderAccept
1785431523095,false,1785431523132,LeaderAccept
1785431523112,false,1785431523151,LeaderAccept
1785431523131,true,1785431523169,LeaderAccept
1785431523150,true,1785431523188,LeaderAccept
1785431523168,true,1785431523206,LeaderAccept
1785431523187,true,1785431523225,LeaderAccept
1785431523205,false,1785431523244,LeaderAccept
1785431523225,true,1785431523263,LeaderAccept
1785431523244,false,1785431523282,LeaderAccept
1785431523263,false,1785431523302,LeaderAccept
1785431523282,true,1785431523320,LeaderAccept
1785431523301,true,1785431523339,LeaderAccept
1785431523321,true,1785431523360,LeaderAccept
1785431523341,false,1785431523379,LeaderAccept
1785431523361,true,1785431523400,LeaderAccept
1785431523382,true,1785431523420,LeaderAccept
1785431523402,true,1785431523440,LeaderAccept
1785431523422,false,1785431523461,LeaderAccept
1785431523444,false,1785431523482,LeaderAccept
1785431523466,false,1785431523504,LeaderAccept
1785431523487,false,1785431523526,LeaderAccept
1785431523509,true,1785431523548,LeaderAccept
1785431523531,false,1785431523569,LeaderAccept
1785431523553,false,1785431523592,LeaderAccept
1785431523576,true,1785431523615,LeaderAccept
1785431523599,true,1785431523637,LeaderAccept
1785431523622,false,1785431523661,LeaderAccept
1785431523645,false,1785431523685,LeaderAccept
1785431523668,false,1785431523707,LeaderAccept
1785431523693,true,1785431523732,LeaderAccept
1785431523717,true,1785431523756,LeaderAccept
1785431523741,true,1785431523781,LeaderAccept
1785431523765,false,1785431523804,LeaderAccept
1785431523790,false,1785431523829,LeaderAccept
1785431523815,false,1785431523854,LeaderAccept
1785431523840,false,1785431523879,LeaderAccept
1785431523866,false,1785431523904,LeaderAccept
1785431523892,false,1785431523931,LeaderAccept
1785431523918,false,1785431523958,LeaderAccept
1785431523945,true,1785431523984,LeaderAccept
1785431523973,true,1785431524011,LeaderAccept
1785431524000,false,1785431524039,LeaderAccept
1785431524028,false,1785431524067,LeaderAccept
1785431524056,true,1785431524095,LeaderAccept
1785431524084,false,1785431524124,LeaderAccept
1785431524113,true,1785431524151,LeaderAccept
1785431524142,false,1785431524180,LeaderAccept
1785431524171,true,1785431524209,LeaderAccept
1785431524201,false,1785431524240,LeaderAccept
1785431524231,true,1785431524269,LeaderAccept
1785431524263,true,1785431524300,LeaderAccept
1785431524294,true,1785431524333,LeaderAccept
1785431524327,true,1785431524366,LeaderAccept
1785431524359,true,1785431524398,LeaderAccept
1785431524392,false,1785431524432,LeaderAccept
1785431524426,true,1785431524464,LeaderAccept
1785431524460,true,1785431524498,LeaderAccept
1785431524494,false,1785431524533,LeaderAccept
1785431524530,true,1785431524568,LeaderAccept
1785431524566,false,1785431524604,LeaderAccept
1785431524602,true,1785431524641,LeaderAccept
1785431524638,false,1785431524677,LeaderAccept
1785431524676,false,1785431524715,LeaderAccept
1785431524714,false,1785431524752,LeaderAccept
1785431524754,true,1785431524792,LeaderAccept
1785431524793,false,1785431524832,LeaderAccept
1785431524835,false,1785431524873,LeaderAccept
1785431524877,true,1785431524916,LeaderAccept
1785431524919,true,1785431524958,LeaderAccept
1785431524963,true,1785431525001,LeaderAccept
1785431525006,false,1785431525046,LeaderAccept
1785431525052,true,1785431525091,LeaderAccept
1785431525097,false,1785431525136,LeaderAccept
1785431525143,true,1785431525182,LeaderAccept
1785431525191,false,1785431525229,LeaderAccept
1785431525241,true,1785431525279,LeaderAccept
1785431525291,false,1785431525331,LeaderAccept
1785431525343,false,1785431525382,LeaderAccept
1785431525397,true,1785431525436,LeaderAccept
1785431525451,false,1785431525490,LeaderAccept
1785431525507,false,1785431525545,LeaderAccept
1785431525564,false,1785431525604,LeaderAccept
1785431525623,true,1785431525661,LeaderAccept
1785431525683,false,1785431525722,LeaderAccept
1785431525746,false,1785431525785,LeaderAccept
1785431525810,false,1785431525849,LeaderAccept
1785431525878,false,1785431525917,LeaderAccept
1785431525946,false,1785431525985,LeaderAccept
1785431526017,false,1785431526056,LeaderAccept
1785431526091,false,1785431526129,LeaderAccept
1785431526168,false,1785431526206,LeaderAccept
1785431526246,false,1785431526285,LeaderAccept
1785431526329,false,1785431526368,LeaderAccept
1785431526414,false,1785431526453,LeaderAccept
1785431526503,false,1785431526541,LeaderAccept
1785431526597,false,1785431526636,LeaderAccept
1785431526695,true,1785431526734,LeaderAccept
1785431526799,false,1785431526837,LeaderAccept
1785431526907,false,1785431526946,LeaderAccept
1785431527021,false,1785431527060,LeaderAccept
1785431527141,false,1785431527180,LeaderAccept
1785431527270,false,1785431527309,LeaderAccept
1785431527407,false,1785431527445,LeaderAccept
1785431527553,true,1785431527591,LeaderAccept
1785431527710,false,1785431527748,LeaderAccept
1785431527880,true,1785431527919,LeaderAccept
1785431528064,false,1785431528104,LeaderAccept
1785431528266,false,1785431528305,LeaderAccept
1785431528490,true,1785431528529,LeaderAccept
1785431528741,false,1785431528779,LeaderAccept
1785431529024,false,1785431529064,LeaderAccept
1785431529350,false,1785431529390,LeaderAccept
1785431529735,false,1785431529774,LeaderAccept
1785431530199,false,1785431530238,LeaderAccept
1785431530786,true,1785431530825,LeaderAccept
1785431531572,true,1785431531612,LeaderAccept
1785431532736,false,1785431532772,FastAccept
1785431534818,false,1785431534854,FastAccept
1785431540711,false,1785431540747,FastAccept
1785431548288,true,1785431548327,LeaderAccept
1785431548305,false,1785431548343,LeaderAccept
1785431548321,false,1785431548360,LeaderAccept
1785431548339,false,1785431548378,LeaderAccept
1785431548356,false,1785431548394,LeaderAccept
1785431548373,false,1785431548411,LeaderAccept
1785431548390,true,1785431548429,LeaderAccept
1785431548407,false,1785431548447,LeaderAccept
1785431548425,false,1785431548463,LeaderAccept
1785431548442,false,1785431548481,LeaderAccept
1785431548460,false,1785431548499,LeaderAccept
1785431548478,false,1785431548517,LeaderAccept
1785431548496,true,1785431548534,LeaderAccept
1785431548514,false,1785431548552,LeaderAccept
1785431548532,true,1785431548570,LeaderAccept
1785431548550,false,1785431548588,LeaderAccept
1785431548568,true,1785431548606,LeaderAccept
1785431548587,true,1785431548625,LeaderAccept
1785431548606,false,1785431548644,LeaderAccept
1785431548625,false,1785431548663,LeaderAccept
1785431548643,true,1785431548681,LeaderAccept
1785431548662,false,1785431548700,LeaderAccept
1785431548681,false,1785431548720,LeaderAccept
1785431548702,false,1785431548740,LeaderAccept
1785431548721,true,1785431548760,LeaderAccept
1785431548741,true,1785431548780,LeaderAccept
1785431548761,false,1785431548799,LeaderAccept
1785431548782,false,1785431548820,LeaderAccept
1785431548803,true,1785431548841,LeaderAccept
1785431548824,false,1785431548862,LeaderAccept
1785431548844,true,1785431548883,LeaderAccept
1785431548865,true,1785431548903,LeaderAccept
1785431548886,false,1785431548925,LeaderAccept
1785431548908,false,1785431548946,LeaderAccept
1785431548929,true,1785431548967,LeaderAccept
1785431548952,false,1785431548991,LeaderAccept
1785431548975,false,1785431549013,LeaderAccept
1785431548997,true,1785431549036,LeaderAccept
1785431549019,false,1785431549058,LeaderAccept
1785431549042,false,1785431549080,LeaderAccept
1785431549065,true,1785431549104,LeaderAccept
1785431549089,false,1785431549127,LeaderAccept
1785431549112,false,1785431549151,LeaderAccept
1785431549136,false,1785431549175,LeaderAccept
1785431549160,true,1785431549199,LeaderAccept
1785431549184,true,1785431549223,LeaderAccept
1785431549210,true,1785431549248,LeaderAccept
1785431549235,true,1785431549273,LeaderAccept
1785431549261,false,1785431549300,LeaderAccept
1785431549287,false,1785431549326,LeaderAccept
1785431549313,false,1785431549353,LeaderAccept
1785431549339,false,1785431549378,LeaderAccept
1785431549366,false,1785431549405,LeaderAccept
1785431549392,true,1785431549430,LeaderAccept
1785431549419,false,1785431549458,LeaderAccept
1785431549448,true,1785431549487,LeaderAccept
1785431549476,true,1785431549515,LeaderAccept
1785431549504,true,1785431549543,LeaderAccept
1785431549532,false,1785431549571,LeaderAccept
1785431549561,true,1785431549600,LeaderAccept
1785431549590,true,1785431549629,LeaderAccept
1785431549620,false,1785431549659,LeaderAccept
1785431549651,false,1785431549689,LeaderAccept
1785431549681,true,1785431549719,LeaderAccept
1785431549712,false,1785431549751,LeaderAccept
1785431549745,false,1785431549784,LeaderAccept
1785431549778,true,1785431549817,LeaderAccept
1785431549810,true,1785431549849,LeaderAccept
1785431549843,false,1785431549882,LeaderAccept
1785431549876,true,1785431549914,LeaderAccept
1785431549910,false,1785431549949,LeaderAccept
1785431549945,true,1785431549983,LeaderAccept
1785431549980,true,1785431550019,LeaderAccept
1785431550017,true,1785431550056,LeaderAccept
1785431550054,true,1785431550092,LeaderAccept
1785431550092,false,1785431550131,LeaderAccept
1785431550131,true,1785431550169,LeaderAccept
1785431550169,true,1785431550207,LeaderAccept
1785431550208,false,1785431550248,LeaderAccept
1785431550249,true,1785431550288,LeaderAccept
1785431550290,false,1785431550329,LeaderAccept
1785431550332,true,1785431550371,LeaderAccept
1785431550375,false,1785431550415,LeaderAccept
1785431550419,true,1785431550458,LeaderAccept
1785431550464,true,1785431550502,LeaderAccept
1785431550509,false,1785431550548,LeaderAccept
1785431550557,true,1785431550595,LeaderAccept
1785431550605,true,1785431550644,LeaderAccept
1785431550653,true,1785431550692,LeaderAccept
1785431550703,true,1785431550743,LeaderAccept
1785431550754,false,1785431550793,LeaderAccept
1785431550806,false,1785431550845,LeaderAccept
1785431550860,true,1785431550900,LeaderAccept
1785431550915,true,1785431550954,LeaderAccept
1785431550972,false,1785431551010,LeaderAccept
1785431551030,false,1785431551070,LeaderAccept
1785431551090,true,1785431551130,LeaderAccept
1785431551152,true,1785431551191,LeaderAccept
1785431551217,true,1785431551256,LeaderAccept
1785431551283,false,1785431551322,LeaderAccept
1785431551350,false,1785431551389,LeaderAccept
1785431551421,true,1785431551460,LeaderAccept
1785431551493,false,1785431551532,LeaderAccept
1785431551569,true,1785431551608,LeaderAccept
1785431551648,false,1785431551687,LeaderAccept
1785431551729,true,1785431551769,LeaderAccept
1785431551814,false,1785431551853,LeaderAccept
1785431551903,true,1785431551942,LeaderAccept
1785431551995,true,1785431552033,LeaderAccept
1785431552093,true,1785431552131,LeaderAccept
1785431552194,true,1785431552233,LeaderAccept
1785431552300,true,1785431552339,LeaderAccept
1785431552413,false,1785431552451,LeaderAccept
1785431552532,true,1785431552570,LeaderAccept
1785431552657,true,1785431552695,LeaderAccept
1785431552791,true,1785431552829,LeaderAccept
1785431552935,false,1785431552973,LeaderAccept
1785431553089,false,1785431553127,LeaderAccept
1785431553254,false,1785431553296,LeaderAccept
1785431553435,true,1785431553473,LeaderAccept
1785431553633,false,1785431553672,LeaderAccept
1785431553850,false,1785431553888,LeaderAccept
1785431554092,true,1785431554130,LeaderAccept
1785431554365,false,1785431554403,LeaderAccept
1785431554678,true,1785431554717,LeaderAccept
1785431555044,false,1785431555083,LeaderAccept
1785431555484,false,1785431555523,LeaderAccept
1785431556032,false,1785431556070,LeaderAccept
1785431556751,false,1785431556790,LeaderAccept
1785431557783,false,1785431557821,LeaderAccept
1785431559508,false,1785431559547,LeaderAccept
1785431563596,false,1785431563642,LeaderAccept
1785431575474,false,1785431575513,LeaderAccept
1785431575507,false,1785431575545,LeaderAccept
1785431575539,false,1785431575577,LeaderAccept
1785431575573,true,1785431575611,LeaderAccept
1785431575607,true,1785431575646,LeaderAccept
1785431575642,false,1785431575680,LeaderAccept
1785431575677,true,1785431575715,LeaderAccept
1785431575712,false,1785431575751,LeaderAccept
1785431575748,true,1785431575787,LeaderAccept
1785431575785,true,1785431575824,LeaderAccept
1785431575822,false,1785431575861,LeaderAccept
1785431575859,false,1785431575898,LeaderAccept
1785431575897,false,1785431575936,LeaderAccept
1785431575936,false,1785431575974,LeaderAccept
1785431575976,true,1785431576014,LeaderAccept
1785431576016,false,1785431576055,LeaderAccept
1785431576058,false,1785431576098,LeaderAccept
1785431576101,true,1785431576140,LeaderAccept
1785431576144,false,1785431576183,LeaderAccept
1785431576188,false,1785431576228,LeaderAccept
1785431576234,false,1785431576272,LeaderAccept
1785431576280,false,1785431576319,LeaderAccept
1785431576327,false,1785431576367,LeaderAccept
1785431576375,true,1785431576415,LeaderAccept
1785431576424,true,1785431576464,LeaderAccept
1785431576476,true,1785431576515,LeaderAccept
1785431576528,true,1785431576567,LeaderAccept
1785431576581,true,1785431576620,LeaderAccept
1785431576635,true,1785431576674,LeaderAccept
1785431576691,false,1785431576731,LeaderAccept
1785431576749,false,1785431576788,LeaderAccept
1785431576808,true,1785431576847,LeaderAccept
1785431576869,false,1785431576908,LeaderAccept
1785431576932,true,1785431576972,LeaderAccept
1785431576997,false,1785431577036,LeaderAccept
1785431577065,true,1785431577103,LeaderAccept
1785431577135,false,1785431577173,LeaderAccept
1785431577206,false,1785431577245,LeaderAccept
1785431577280,false,1785431577319,LeaderAccept
1785431577357,true,1785431577396,LeaderAccept
1785431577438,false,1785431577476,LeaderAccept
1785431577521,false,1785431577560,LeaderAccept
1785431577607,false,1785431577645,LeaderAccept
1785431577697,true,1785431577736,LeaderAccept
1785431577792,true,1785431577830,LeaderAccept
1785431577891,true,1785431577930,LeaderAccept
1785431577994,true,1785431578033,LeaderAccept
1785431578104,false,1785431578143,LeaderAccept
1785431578219,true,1785431578259,LeaderAccept
1785431578341,false,1785431578380,LeaderAccept
1785431578471,false,1785431578509,LeaderAccept
1785431578609,true,1785431578648,LeaderAccept
1785431578758,false,1785431578797,LeaderAccept
1785431578917,false,1785431578956,LeaderAccept
1785431579091,false,1785431579129,LeaderAccept
1785431579280,true,1785431579319,LeaderAccept
1785431579488,false,1785431579527,LeaderAccept
1785431579717,false,1785431579755,LeaderAccept
1785431579975,false,1785431580013,LeaderAccept
1785431580268,true,1785431580307,LeaderAccept
1785431580607,false,1785431580645,LeaderAccept
1785431581007,true,1785431581046,LeaderAccept
1785431581496,false,1785431581535,LeaderAccept
1785431582120,true,1785431582158,LeaderAccept
1785431582972,false,1785431583012,LeaderAccept
1785431584277,true,1785431584317,LeaderAccept
1785431586781,true,1785431586821,FastAccept
1785431595535,true,1785431595571,FastAccept
1785431626706,false,1785431626742,FastAccept
1785431626742,false,1785431626777,FastAccept
1785431626777,true,1785431626813,FastAccept
1785431626813,true,1785431626850,FastAccept
1785431626851,false,1785431626887,FastAccept
1785431626888,true,1785431626924,FastAccept
1785431626926,false,1785431626963,FastAccept
1785431626966,true,1785431627002,FastAccept
1785431627005,true,1785431627041,FastAccept
1785431627045,false,1785431627083,LeaderAccept
1785431627086,false,1785431627124,LeaderAccept
1785431627129,true,1785431627167,LeaderAccept
1785431627172,true,1785431627210,LeaderAccept
1785431627215,true,1785431627253,LeaderAccept
1785431627260,false,1785431627299,LeaderAccept
1785431627306,false,1785431627344,LeaderAccept
1785431627352,false,1785431627391,LeaderAccept
1785431627400,true,1785431627438,LeaderAccept
1785431627448,false,1785431627486,LeaderAccept
1785431627498,true,1785431627537,LeaderAccept
1785431627550,false,1785431627588,LeaderAccept
1785431627602,true,1785431627640,LeaderAccept
1785431627656,true,1785431627695,LeaderAccept
1785431627711,true,1785431627750,LeaderAccept
1785431627768,false,1785431627807,LeaderAccept
1785431627828,false,1785431627866,LeaderAccept
1785431627887,false,1785431627926,LeaderAccept
1785431627950,true,1785431627988,LeaderAccept
1785431628014,false,1785431628052,LeaderAccept
1785431628079,true,1785431628117,LeaderAccept
1785431628147,true,1785431628186,LeaderAccept
1785431628217,true,1785431628256,LeaderAccept
1785431628291,true,1785431628329,LeaderAccept
1785431628366,false,1785431628405,LeaderAccept
1785431628444,false,1785431628482,LeaderAccept
1785431628525,true,1785431628564,LeaderAccept
1785431628611,true,1785431628649,LeaderAccept
1785431628699,true,1785431628738,LeaderAccept
1785431628791,false,1785431628830,LeaderAccept
1785431628887,true,1785431628926,LeaderAccept
1785431628988,true,1785431629027,LeaderAccept
1785431629094,true,1785431629133,LeaderAccept
1785431629207,false,1785431629245,LeaderAccept
1785431629325,false,1785431629364,LeaderAccept
1785431629451,false,1785431629489,LeaderAccept
1785431629585,true,1785431629623,LeaderAccept
1785431629728,false,1785431629767,LeaderAccept
1785431629882,false,1785431629921,LeaderAccept
1785431630047,true,1785431630086,LeaderAccept
1785431630228,true,1785431630266,LeaderAccept
1785431630424,false,1785431630462,LeaderAccept
1785431630642,false,1785431630680,LeaderAccept
1785431630883,false,1785431630921,LeaderAccept
1785431631155,true,1785431631192,LeaderAccept
1785431631467,true,1785431631506,LeaderAccept
1785431631832,true,1785431631870,LeaderAccept
1785431632269,false,1785431632308,LeaderAccept
1785431632813,true,1785431632852,LeaderAccept
1785431633526,false,1785431633562,FastAccept
1785431634544,true,1785431634580,FastAccept
1785431636238,true,,
1785431640184,false,,
1785431644147,false,1785431644183,FastAccept
1785431644170,true,1785431644206,FastAccept
1785431644195,true,1785431644231,FastAccept
1785431644219,false,1785431644255,FastAccept
1785431644245,false,1785431644281,FastAccept
1785431644270,false,,
1785431644295,true,1785431644334,LeaderAccept
1785431644321,false,1785431644359,LeaderAccept
1785431644346,false,1785431644385,LeaderAccept
1785431644372,false,1785431644410,LeaderAccept
1785431644398,false,1785431644437,LeaderAccept
1785431644425,false,1785431644464,LeaderAccept
1785431644452,true,1785431644490,LeaderAccept
1785431644479,true,1785431644517,LeaderAccept
1785431644507,true,1785431644545,LeaderAccept
1785431644536,true,1785431644573,LeaderAccept
1785431644564,false,1785431644602,LeaderAccept
1785431644593,false,1785431644630,LeaderAccept
1785431644623,true,1785431644661,LeaderAccept
1785431644652,true,1785431644691,LeaderAccept
1785431644682,true,1785431644720,LeaderAccept
1785431644713,false,1785431644752,LeaderAccept
1785431644744,true,1785431644782,LeaderAccept
1785431644776,false,1785431644815,LeaderAccept
1785431644809,true,1785431644847,LeaderAccept
1785431644841,false,1785431644879,LeaderAccept
1785431644874,true,1785431644913,LeaderAccept
1785431644909,true,1785431644947,LeaderAccept
1785431644943,true,1785431644981,LeaderAccept
1785431644978,false,1785431645017,LeaderAccept
1785431645015,false,1785431645053,LeaderAccept
1785431645050,true,1785431645088,LeaderAccept
1785431645087,false,1785431645125,LeaderAccept
1785431645124,false,1785431645163,LeaderAccept
1785431645163,false,1785431645200,LeaderAccept
1785431645201,false,1785431645240,LeaderAccept
1785431645241,true,1785431645279,LeaderAccept
1785431645281,true,1785431645320,LeaderAccept
1785431645322,false,1785431645360,LeaderAccept
1785431645364,false,1785431645403,LeaderAccept
1785431645407,true,1785431645446,LeaderAccept
1785431645451,false,1785431645490,LeaderAccept
1785431645495,false,1785431645533,LeaderAccept
1785431645540,false,1785431645579,LeaderAccept
1785431645587,false,1785431645626,LeaderAccept
1785431645635,true,1785431645673,LeaderAccept
1785431645683,false,1785431645722,LeaderAccept
1785431645733,false,1785431645772,LeaderAccept
1785431645784,true,1785431645823,LeaderAccept
1785431645836,true,1785431645874,LeaderAccept
1785431645891,false,1785431645929,LeaderAccept
1785431645947,false,1785431645986,LeaderAccept
1785431646004,false,1785431646042,LeaderAccept
1785431646062,false,1785431646100,LeaderAccept
1785431646122,true,1785431646161,LeaderAccept
1785431646184,false,1785431646223,LeaderAccept
1785431646248,true,1785431646287,LeaderAccept
1785431646314,false,1785431646353,LeaderAccept
1785431646382,false,1785431646420,LeaderAccept
1785431646453,false,1785431646490,LeaderAccept
1785431646525,true,1785431646564,LeaderAccept
1785431646601,false,1785431646639,LeaderAccept
1785431646679,false,1785431646718,LeaderAccept
1785431646760,true,1785431646799,LeaderAccept
1785431646844,false,1785431646883,LeaderAccept
1785431646932,false,1785431646970,LeaderAccept
1785431647024,false,1785431647062,LeaderAccept
1785431647120,false,1785431647158,LeaderAccept
1785431647221,false,1785431647260,LeaderAccept
1785431647327,false,1785431647366,LeaderAccept
1785431647439,true,1785431647478,LeaderAccept
1785431647557,false,1785431647595,LeaderAccept
1785431647683,false,1785431647721,LeaderAccept
1785431647817,false,1785431647855,LeaderAccept
1785431647959,true,1785431647998,LeaderAccept
1785431648112,true,1785431648151,LeaderAccept
1785431648277,false,1785431648316,LeaderAccept
1785431648457,false,1785431648496,LeaderAccept
1785431648653,true,1785431648691,LeaderAccept
1785431648869,true,1785431648908,LeaderAccept
1785431649109,true,1785431649148,LeaderAccept
1785431649380,false,1785431649419,LeaderAccept
1785431649692,false,1785431649730,LeaderAccept
1785431650054,true,1785431650093,LeaderAccept
1785431650489,true,1785431650528,LeaderAccept
1785431651029,true,1785431651068,LeaderAccept
1785431651735,true,1785431651773,LeaderAccept
1785431652739,false,1785431652778,LeaderAccept
1785431654399,false,1785431654437,LeaderAccept
1785431658202,true,1785431658240,LeaderAccept
1785431661556,true,1785431661596,LeaderAccept
1785431661573,true,1785431661612,LeaderAccept
1785431661590,true,1785431661629,LeaderAccept
1785431661606,true,1785431661645,LeaderAccept
1785431661624,true,1785431661662,LeaderAccept
1785431661641,true,1785431661680,LeaderAccept
1785431661659,false,1785431661697,LeaderAccept
1785431661677,true,1785431661715,LeaderAccept
1785431661694,false,1785431661733,LeaderAccept
1785431661712,false,1785431661752,LeaderAccept
1785431661729,false,1785431661772,LeaderAccept
1785431661747,true,1785431661786,LeaderAccept
1785431661765,true,1785431661809,LeaderAccept
1785431661783,true,1785431661830,LeaderAccept
1785431661801,true,1785431661842,LeaderAccept
1785431661820,false,1785431661862,LeaderAccept
1785431661838,false,1785431661877,LeaderAccept
1785431661857,true,1785431661898,LeaderAccept
1785431661877,true,1785431661916,LeaderAccept
1785431661897,false,1785431661936,LeaderAccept
1785431661916,true,1785431661956,LeaderAccept
1785431661936,false,1785431661977,LeaderAccept
1785431661955,false,1785431661996,LeaderAccept
1785431661975,false,1785431662023,LeaderAccept
1785431661995,true,1785431662043,LeaderAccept
1785431662015,false,1785431662054,LeaderAccept
1785431662035,true,1785431662075,LeaderAccept
1785431662056,false,1785431662104,LeaderAccept
1785431662077,true,1785431662132,LeaderAccept
1785431662097,true,1785431662136,LeaderAccept
1785431662118,true,1785431662179,LeaderAccept
1785431662139,false,1785431662179,LeaderAccept
1785431662161,true,1785431662206,LeaderAccept
1785431662183,true,1785431662255,LeaderAccept
1785431662204,true,1785431662255,LeaderAccept
1785431662227,true,1785431662273,LeaderAccept
1785431662249,false,1785431662298,LeaderAccept
1785431662272,false,1785431662312,LeaderAccept
1785431662296,true,1785431662334,LeaderAccept
1785431662319,true,1785431662359,LeaderAccept
1785431662342,true,1785431662382,LeaderAccept
1785431662367,false,1785431662407,LeaderAccept
1785431662391,false,1785431662430,LeaderAccept
1785431662416,true,1785431662457,LeaderAccept
1785431662440,true,1785431662480,LeaderAccept
1785431662465,false,1785431662504,LeaderAccept
1785431662491,true,1785431662530,LeaderAccept
1785431662516,false,1785431662556,LeaderAccept
1785431662543,true,1785431662582,LeaderAccept
1785431662568,false,1785431662607,LeaderAccept
1785431662594,false,1785431662634,LeaderAccept
1785431662622,true,1785431662661,LeaderAccept
1785431662650,false,1785431662689,LeaderAccept
1785431662677,true,1785431662715,LeaderAccept
1785431662706,true,1785431662745,LeaderAccept
1785431662735,true,1785431662773,LeaderAccept
1785431662764,true,1785431662803,LeaderAccept
1785431662794,true,1785431662833,LeaderAccept
1785431662824,false,1785431662863,LeaderAccept
1785431662853,false,1785431662892,LeaderAccept
1785431662883,true,1785431662923,LeaderAccept
1785431662914,false,1785431662957,LeaderAccept
1785431662945,true,1785431662983,LeaderAccept
1785431662977,false,1785431663015,LeaderAccept
1785431663009,false,1785431663048,LeaderAccept
1785431663043,true,1785431663081,LeaderAccept
1785431663077,true,1785431663116,LeaderAccept
1785431663111,false,1785431663150,LeaderAccept
1785431663146,true,1785431663184,LeaderAccept
1785431663180,false,1785431663219,LeaderAccept
1785431663216,false,1785431663254,LeaderAccept
1785431663252,false,1785431663291,LeaderAccept
1785431663290,true,1785431663328,LeaderAccept
1785431663327,true,1785431663366,LeaderAccept
1785431663365,false,1785431663404,LeaderAccept
1785431663404,true,1785431663443,LeaderAccept
1785431663443,true,1785431663481,LeaderAccept
1785431663484,false,1785431663523,LeaderAccept
1785431663525,false,1785431663564,LeaderAccept
1785431663568,true,1785431663610,LeaderAccept
1785431663611,true,1785431663650,LeaderAccept
1785431663654,false,1785431663693,LeaderAccept
1785431663698,false,1785431663737,LeaderAccept
1785431663744,true,1785431663784,LeaderAccept
1785431663791,false,1785431663830,LeaderAccept
1785431663839,true,1785431663878,LeaderAccept
1785431663887,false,1785431663926,LeaderAccept
1785431663937,true,1785431663977,LeaderAccept
1785431663989,false,1785431664028,LeaderAccept
1785431664043,false,1785431664083,LeaderAccept
1785431664098,false,1785431664136,LeaderAccept
1785431664153,true,1785431664192,LeaderAccept
1785431664211,false,1785431664249,LeaderAccept
1785431664269,true,1785431664308,LeaderAccept
1785431664330,false,1785431664369,LeaderAccept
1785431664393,true,1785431664432,LeaderAccept
1785431664458,false,1785431664497,LeaderAccept
1785431664524,false,1785431664563,LeaderAccept
1785431664593,false,1785431664631,LeaderAccept
1785431664664,false,1785431664703,LeaderAccept
1785431664738,true,1785431664776,LeaderAccept
1785431664815,false,1785431664854,LeaderAccept
1785431664894,true,1785431664933,LeaderAccept
1785431664976,false,1785431665016,LeaderAccept
1785431665058,true,1785431665096,LeaderAccept
1785431665080,false,1785431665119,LeaderAccept
1785431665104,true,1785431665142,LeaderAccept
1785431665128,true,1785431665167,LeaderAccept
1785431665151,false,1785431665189,LeaderAccept
1785431665175,true,1785431665214,LeaderAccept
1785431665200,true,1785431665238,LeaderAccept
1785431665225,true,1785431665264,LeaderAccept
1785431665251,true,1785431665290,LeaderAccept
1785431665276,true,1785431665315,LeaderAccept
1785431665301,false,1785431665340,LeaderAccept
1785431665327,true,1785431665366,LeaderAccept
1785431665353,false,1785431665392,LeaderAccept
1785431665381,false,1785431665420,LeaderAccept
1785431665407,true,1785431665446,LeaderAccept
1785431665434,false,1785431665473,LeaderAccept
1785431665462,false,1785431665501,LeaderAccept
1785431665490,false,1785431665529,LeaderAccept
1785431665519,false,1785431665558,LeaderAccept
1785431665549,true,1785431665588,LeaderAccept
1785431665578,true,1785431665617,LeaderAccept
1785431665607,true,1785431665646,LeaderAccept
1785431665637,true,1785431665676,LeaderAccept
1785431665668,true,1785431665707,LeaderAccept
1785431665699,false,1785431665738,LeaderAccept
1785431665730,false,1785431665769,LeaderAccept
1785431665762,true,1785431665801,LeaderAccept
1785431665794,true,1785431665832,LeaderAccept
1785431665827,true,1785431665866,LeaderAccept
1785431665861,false,1785431665900,LeaderAccept
1785431665894,false,1785431665934,LeaderAccept
1785431665929,false,1785431665968,LeaderAccept
1785431665964,true,1785431666003,LeaderAccept
1785431666000,false,1785431666039,LeaderAccept
1785431666036,true,1785431666075,LeaderAccept
1785431666074,false,1785431666112,LeaderAccept
1785431666112,true,1785431666150,LeaderAccept
1785431666150,false,1785431666188,LeaderAccept
1785431666189,false,1785431666228,LeaderAccept
1785431666229,true,1785431666268,LeaderAccept
1785431666269,true,1785431666308,LeaderAccept
1785431666311,false,1785431666350,LeaderAccept
1785431666352,true,1785431666391,LeaderAccept
1785431666396,true,1785431666434,LeaderAccept
1785431666440,true,1785431666479,LeaderAccept
1785431666484,true,1785431666522,LeaderAccept
1785431666529,false,1785431666567,LeaderAccept
1785431666576,false,1785431666614,LeaderAccept
1785431666623,false,1785431666663,LeaderAccept
1785431666672,true,1785431666711,LeaderAccept
1785431666722,false,1785431666761,LeaderAccept
1785431666774,true,1785431666813,LeaderAccept
1785431666827,false,1785431666866,LeaderAccept
1785431666881,true,1785431666920,LeaderAccept
1785431666938,true,1785431666976,LeaderAccept
1785431666995,false,1785431667034,LeaderAccept
1785431667054,false,1785431667093,LeaderAccept
1785431667116,true,1785431667154,LeaderAccept
1785431667179,true,1785431667217,LeaderAccept
1785431667244,true,1785431667283,LeaderAccept
1785431667310,false,1785431667349,LeaderAccept
1785431667380,false,1785431667419,LeaderAccept
1785431667450,true,1785431667488,LeaderAccept
1785431667524,false,1785431667563,LeaderAccept
1785431667600,true,1785431667639,LeaderAccept
1785431667680,false,1785431667718,LeaderAccept
1785431667763,false,1785431667802,LeaderAccept
1785431667848,false,1785431667888,LeaderAccept
1785431667938,false,1785431667977,LeaderAccept
1785431668031,true,1785431668070,LeaderAccept
1785431668130,true,1785431668169,LeaderAccept
1785431668232,true,1785431668271,LeaderAccept
1785431668340,true,1785431668379,LeaderAccept
1785431668454,true,1785431668493,LeaderAccept
1785431668576,true,1785431668614,LeaderAccept
1785431668705,false,1785431668744,LeaderAccept
1785431668841,false,1785431668880,LeaderAccept
1785431668987,false,1785431669027,LeaderAccept
1785431669144,false,1785431669182,LeaderAccept
1785431669314,false,1785431669353,LeaderAccept
1785431669499,true,1785431669538,LeaderAccept
1785431669701,true,1785431669740,LeaderAccept
1785431669926,true,1785431669965,LeaderAccept
1785431670176,true,1785431670213,FastAccept
1785431670461,true,1785431670497,FastAccept
1785431670787,true,1785431670824,FastAccept
1785431671172,true,1785431671208,FastAccept
1785431671639,true,1785431671676,FastAccept
1785431672228,true,1785431672264,FastAccept
1785431673018,true,1785431673054,FastAccept
1785431674190,false,1785431674228,LeaderAccept
1785431676294,false,1785431676333,LeaderAccept
1785431682320,false,1785431682359,LeaderAccept
1785431691866,false,1785431691905,LeaderAccept
1785431691888,false,1785431691926,LeaderAccept
1785431691909,true,1785431691947,LeaderAccept
1785431691930,true,1785431691968,LeaderAccept
1785431691952,false,1785431691990,LeaderAccept
1785431691973,true,1785431692011,LeaderAccept
1785431691995,false,1785431692034,LeaderAccept
1785431692018,false,1785431692056,LeaderAccept
1785431692041,false,1785431692079,LeaderAccept
1785431692063,true,1785431692101,LeaderAccept
1785431692086,false,1785431692124,LeaderAccept
1785431692109,false,1785431692148,LeaderAccept
1785431692133,true,1785431692171,LeaderAccept
1785431692156,true,1785431692195,LeaderAccept
1785431692181,true,1785431692219,LeaderAccept
1785431692206,true,1785431692244,LeaderAccept
1785431692230,false,1785431692270,LeaderAccept
1785431692255,true,1785431692294,LeaderAccept
1785431692280,true,1785431692318,LeaderAccept
1785431692305,false,1785431692344,LeaderAccept
1785431692331,true,1785431692369,LeaderAccept
1785431692357,false,1785431692395,LeaderAccept
1785431692384,false,1785431692422,LeaderAccept
1785431692411,true,1785431692449,LeaderAccept
1785431692438,false,1785431692476,LeaderAccept
1785431692465,true,1785431692503,LeaderAccept
1785431692492,true,1785431692531,LeaderAccept
1785431692520,true,1785431692558,LeaderAccept
1785431692549,true,1785431692587,LeaderAccept
1785431692577,true,1785431692615,LeaderAccept
1785431692606,true,1785431692644,LeaderAccept
1785431692636,true,1785431692673,LeaderAccept
1785431692666,true,1785431692705,LeaderAccept
1785431692697,false,1785431692735,LeaderAccept
1785431692727,false,1785431692765,LeaderAccept
1785431692758,false,1785431692797,LeaderAccept
1785431692790,true,1785431692829,LeaderAccept
1785431692822,true,1785431692861,LeaderAccept
1785431692854,false,1785431692892,LeaderAccept
1785431692887,false,1785431692925,LeaderAccept
1785431692921,true,1785431692960,LeaderAccept
1785431692956,false,1785431692994,LeaderAccept
1785431692990,false,1785431693029,LeaderAccept
1785431693025,false,1785431693064,LeaderAccept
1785431693061,false,1785431693099,LeaderAccept
1785431693097,false,1785431693135,LeaderAccept
1785431693134,true,1785431693172,LeaderAccept
1785431693172,true,1785431693210,LeaderAccept
1785431693211,false,1785431693250,LeaderAccept
1785431693251,true,1785431693289,LeaderAccept
1785431693292,false,1785431693330,LeaderAccept
1785431693333,true,1785431693372,LeaderAccept
1785431693376,false,1785431693414,LeaderAccept
1785431693418,true,1785431693456,LeaderAccept
1785431693462,true,1785431693500,LeaderAccept
1785431693507,true,1785431693545,LeaderAccept
1785431693553,false,1785431693592,LeaderAccept
1785431693599,false,1785431693637,LeaderAccept
1785431693647,true,1785431693685,LeaderAccept
1785431693696,false,1785431693734,LeaderAccept
1785431693746,false,1785431693785,LeaderAccept
1785431693796,false,1785431693836,LeaderAccept
1785431693848,false,1785431693887,LeaderAccept
1785431693903,false,1785431693941,LeaderAccept
1785431693959,false,1785431693998,LeaderAccept
1785431694016,true,1785431694054,LeaderAccept
1785431694075,false,1785431694113,LeaderAccept
1785431694134,true,1785431694173,LeaderAccept
1785431694196,false,1785431694235,LeaderAccept
1785431694260,true,1785431694299,LeaderAccept
1785431694327,false,1785431694366,LeaderAccept
1785431694394,false,1785431694432,LeaderAccept
1785431694465,true,1785431694503,LeaderAccept
1785431694537,true,1785431694576,LeaderAccept
1785431694612,false,1785431694652,LeaderAccept
1785431694690,false,1785431694728,LeaderAccept
1785431694771,false,1785431694810,LeaderAccept
1785431694856,false,1785431694894,LeaderAccept
1785431694944,true,1785431694982,LeaderAccept
1785431695036,true,1785431695075,LeaderAccept
1785431695132,true,1785431695171,LeaderAccept
1785431695233,true,1785431695272,LeaderAccept
1785431695340,false,1785431695377,LeaderAccept
1785431695451,false,1785431695489,LeaderAccept
1785431695569,false,1785431695608,LeaderAccept
1785431695695,true,1785431695733,LeaderAccept
1785431695829,false,1785431695867,LeaderAccept
1785431695972,false,1785431696011,LeaderAccept
1785431696124,true,1785431696163,LeaderAccept
1785431696290,true,1785431696329,LeaderAccept
1785431696469,true,1785431696508,LeaderAccept
1785431696666,false,1785431696705,LeaderAccept
1785431696881,false,1785431696920,LeaderAccept
1785431697122,true,1785431697162,LeaderAccept
1785431697393,false,,
1785431697703,true,1785431697739,FastAccept
1785431698065,true,1785431698101,FastAccept
1785431698499,true,1785431698535,FastAccept
1785431699038,true,1785431699074,FastAccept
1785431699743,false,1785431699779,FastAccept
1785431700745,false,1785431700781,FastAccept
1785431702399,true,1785431702435,FastAccept
1785431706176,true,1785431706212,FastAccept
1785431726841,false,1785431726877,FastAccept
1785431726864,true,1785431726900,FastAccept
1785431726887,false,1785431726923,FastAccept
1785431726909,false,1785431726946,FastAccept
1785431726932,false,1785431726968,FastAccept
1785431726955,true,1785431726992,FastAccept
1785431726979,true,1785431727015,FastAccept
1785431727002,false,1785431727038,FastAccept
1785431727026,true,1785431727062,FastAccept
1785431727051,true,1785431727087,FastAccept
1785431727076,false,1785431727112,FastAccept
1785431727100,false,1785431727136,FastAccept
1785431727125,false,1785431727164,FastAccept
1785431727151,true,1785431727187,FastAccept
1785431727178,true,1785431727214,FastAccept
1785431727205,true,1785431727240,FastAccept
1785431727232,true,1785431727268,FastAccept
1785431727259,false,1785431727296,FastAccept
1785431727286,true,1785431727322,FastAccept
1785431727314,true,1785431727350,FastAccept
1785431727342,false,1785431727378,FastAccept
1785431727370,false,1785431727406,FastAccept
1785431727398,false,1785431727434,FastAccept
1785431727427,true,1785431727465,FastAccept
1785431727458,true,1785431727493,FastAccept
1785431727488,false,1785431727524,FastAccept
1785431727518,false,1785431727554,FastAccept
1785431727550,true,1785431727586,FastAccept
1785431727581,false,1785431727617,FastAccept
1785431727613,false,1785431727649,FastAccept
1785431727646,true,1785431727681,FastAccept
1785431727678,true,1785431727714,FastAccept
1785431727712,false,1785431727748,FastAccept
1785431727745,true,1785431727781,FastAccept
1785431727780,false,1785431727815,FastAccept
1785431727814,true,1785431727851,FastAccept
1785431727851,true,1785431727887,FastAccept
1785431727888,true,1785431727928,FastAccept
1785431727924,false,1785431727964,FastAccept
1785431727962,false,1785431727998,FastAccept
1785431728001,true,1785431728037,FastAccept
1785431728039,true,1785431728075,FastAccept
1785431728080,false,1785431728116,FastAccept
1785431728121,false,1785431728157,FastAccept
1785431728163,true,1785431728199,FastAccept
1785431728206,false,1785431728246,FastAccept
1785431728249,false,1785431728289,FastAccept
1785431728292,true,1785431728333,FastAccept
1785431728337,false,1785431728378,FastAccept
1785431728383,true,1785431728419,FastAccept
1785431728430,false,1785431728466,FastAccept
1785431728479,false,1785431728515,FastAccept
1785431728528,false,1785431728564,FastAccept
1785431728579,true,1785431728614,FastAccept
1785431728631,false,1785431728667,FastAccept
1785431728684,false,1785431728720,FastAccept
1785431728738,true,1785431728774,FastAccept
1785431728793,false,1785431728829,FastAccept
1785431728850,true,1785431728886,FastAccept
1785431728909,false,1785431728946,FastAccept
1785431728970,true,1785431729007,FastAccept
1785431729033,false,1785431729069,FastAccept
1785431729098,true,1785431729134,FastAccept
1785431729165,false,1785431729201,FastAccept
1785431729233,true,1785431729269,FastAccept
1785431729305,true,1785431729342,FastAccept
1785431729379,false,1785431729415,FastAccept
1785431729456,false,1785431729492,FastAccept
1785431729536,false,1785431729572,FastAccept
1785431729619,true,1785431729655,FastAccept
1785431729705,false,1785431729741,FastAccept
1785431729795,false,1785431729830,FastAccept
1785431729888,false,1785431729924,FastAccept
1785431729987,true,1785431730023,FastAccept
1785431730089,true,1785431730125,FastAccept
1785431730197,false,1785431730233,FastAccept
1785431730311,true,1785431730348,FastAccept
1785431730432,true,1785431730469,FastAccept
1785431730561,true,1785431730598,FastAccept
1785431730698,false,1785431730734,FastAccept
1785431730846,true,1785431730882,FastAccept
1785431731003,false,1785431731040,FastAccept
1785431731175,true,1785431731210,FastAccept
1785431731360,true,1785431731396,FastAccept
1785431731564,true,1785431731600,FastAccept
1785431731789,true,1785431731825,FastAccept
1785431732041,true,1785431732078,FastAccept
1785431732328,false,1785431732364,FastAccept
1785431732658,true,1785431732694,FastAccept
1785431733046,true,1785431733082,FastAccept
1785431733519,true,1785431733574,SlowAccept
1785431734117,false,,
1785431734921,true,1785431734960,LeaderAccept
1785431736123,false,1785431736162,LeaderAccept
1785431737801,false,1785431737840,LeaderAccept
1785431737818,false,1785431737856,LeaderAccept
1785431737836,false,1785431737873,LeaderAccept
1785431737853,false,1785431737891,LeaderAccept
1785431737871,true,1785431737908,LeaderAccept
1785431737888,false,1785431737925,LeaderAccept
1785431737905,true,1785431737943,LeaderAccept
1785431737923,false,1785431737961,LeaderAccept
1785431737941,false,1785431737979,LeaderAccept
1785431737960,true,1785431737998,LeaderAccept
1785431737978,false,1785431738017,LeaderAccept
1785431737997,false,1785431738035,LeaderAccept
1785431738016,true,1785431738054,LeaderAccept
1785431738035,true,1785431738073,LeaderAccept
1785431738054,true,1785431738091,LeaderAccept
1785431738073,false,1785431738110,LeaderAccept
1785431738092,false,1785431738130,LeaderAccept
1785431738111,true,1785431738149,LeaderAccept
1785431738132,false,1785431738170,LeaderAccept
1785431738152,false,1785431738190,LeaderAccept
1785431738172,true,1785431738210,LeaderAccept
1785431738193,false,1785431738231,LeaderAccept
1785431738213,false,1785431738251,LeaderAccept
1785431738234,false,1785431738271,LeaderAccept
1785431738255,true,1785431738293,LeaderAccept
1785431738277,false,1785431738315,LeaderAccept
1785431738298,false,1785431738335,LeaderAccept
1785431738321,true,1785431738359,LeaderAccept
1785431738344,false,1785431738381,LeaderAccept
1785431738366,true,1785431738404,LeaderAccept
1785431738390,false,1785431738428,LeaderAccept
1785431738413,false,1785431738451,LeaderAccept
1785431738435,true,1785431738473,LeaderAccept
1785431738458,true,1785431738496,LeaderAccept
1785431738481,true,1785431738519,LeaderAccept
1785431738505,false,1785431738543,LeaderAccept
1785431738529,false,1785431738567,LeaderAccept
1785431738553,true,1785431738591,LeaderAccept
1785431738577,false,1785431738616,LeaderAccept
1785431738602,false,1785431738640,LeaderAccept
1785431738627,true,1785431738666,LeaderAccept
1785431738653,false,1785431738691,LeaderAccept
1785431738679,false,1785431738717,LeaderAccept
1785431738706,true,1785431738744,LeaderAccept
1785431738732,false,1785431738771,LeaderAccept
1785431738760,true,1785431738799,LeaderAccept
1785431738786,true,1785431738824,LeaderAccept
1785431738813,true,1785431738851,LeaderAccept
1785431738841,true,1785431738879,LeaderAccept
1785431738870,true,1785431738908,LeaderAccept
1785431738898,false,1785431738937,LeaderAccept
1785431738927,true,1785431738965,LeaderAccept
1785431738956,false,1785431738994,LeaderAccept
1785431738987,true,1785431739025,LeaderAccept
1785431739018,true,1785431739055,LeaderAccept
1785431739049,true,1785431739087,LeaderAccept
1785431739079,false,1785431739118,LeaderAccept
1785431739111,true,1785431739149,LeaderAccept
1785431739143,false,1785431739182,LeaderAccept
1785431739176,false,1785431739214,LeaderAccept
1785431739208,true,1785431739247,LeaderAccept
1785431739242,true,1785431739281,LeaderAccept
1785431739276,false,1785431739315,LeaderAccept
1785431739311,true,1785431739349,LeaderAccept
1785431739347,true,1785431739385,LeaderAccept
1785431739383,false,1785431739421,LeaderAccept
1785431739419,true,1785431739457,LeaderAccept
1785431739456,false,1785431739495,LeaderAccept
1785431739495,true,1785431739532,LeaderAccept
1785431739534,false,1785431739573,LeaderAccept
1785431739573,false,1785431739611,LeaderAccept
1785431739613,false,1785431739652,LeaderAccept
1785431739654,true,1785431739693,LeaderAccept
1785431739696,true,1785431739734,LeaderAccept
1785431739739,true,1785431739777,LeaderAccept
1785431739782,false,1785431739821,LeaderAccept
1785431739826,false,1785431739864,LeaderAccept
1785431739872,true,1785431739909,LeaderAccept
1785431739918,true,1785431739956,LeaderAccept
1785431739967,false,1785431740005,LeaderAccept
1785431740015,true,1785431740053,LeaderAccept
1785431740064,false,1785431740103,LeaderAccept
1785431740116,false,1785431740155,LeaderAccept
1785431740168,false,1785431740206,LeaderAccept
1785431740222,false,1785431740260,LeaderAccept
1785431740277,true,1785431740315,LeaderAccept
1785431740334,false,1785431740372,LeaderAccept
1785431740391,true,1785431740429,LeaderAccept
1785431740450,true,1785431740489,LeaderAccept
1785431740512,false,1785431740551,LeaderAccept
1785431740575,false,1785431740613,LeaderAccept
1785431740641,true,1785431740679,LeaderAccept
1785431740708,true,1785431740747,LeaderAccept
1785431740778,true,1785431740816,LeaderAccept
1785431740850,true,1785431740889,LeaderAccept
1785431740925,false,1785431740963,LeaderAccept
1785431741002,false,1785431741042,LeaderAccept
1785431741083,true,1785431741122,LeaderAccept
1785431741167,true,1785431741205,LeaderAccept
1785431741255,true,1785431741293,LeaderAccept
1785431741346,true,1785431741385,LeaderAccept
1785431741442,false,1785431741481,LeaderAccept
1785431741542,false,1785431741581,LeaderAccept
1785431741647,true,1785431741685,LeaderAccept
1785431741758,false,1785431741797,LeaderAccept
1785431741875,false,1785431741914,LeaderAccept
1785431741999,true,1785431742038,LeaderAccept
1785431742131,false,1785431742170,LeaderAccept
1785431742273,true,1785431742312,LeaderAccept
1785431742423,true,1785431742462,LeaderAccept
1785431742586,false,1785431742624,LeaderAccept
1785431742763,true,1785431742801,LeaderAccept
1785431742955,true,1785431742993,LeaderAccept
1785431743167,false,1785431743206,LeaderAccept
1785431743403,true,1785431743442,LeaderAccept
1785431743668,false,1785431743707,LeaderAccept
1785431743970,false,1785431744008,LeaderAccept
1785431744321,true,1785431744360,LeaderAccept
1785431744741,false,1785431744779,LeaderAccept
1785431745257,true,1785431745295,LeaderAccept
1785431745924,false,1785431745960,FastAccept
1785431746857,false,1785431746893,FastAccept
1785431748342,true,1785431748378,FastAccept
1785431751460,false,1785431751496,FastAccept
1785431766278,true,1785431766316,LeaderAccept
