Jul 30 17:06:11.159 INFO === Fast Path Statistics ===
Total Append Attempts:  228
Fast Path Attempts:     88 (Utilization: 38.60%)
  ├─ Successes:         85 (Total Rate: 37.28%, Path Success: 96.59%)
  └─ Errors:            3 (Total Rate: 1.32%, Path Error: 3.41%)
Jul 30 17:06:11.159 INFO Append performance over last minute - Count: 228, Avg Time: 5293 ns
Jul 30 17:06:11.159 INFO Current latencies: {4: Some(0.013763800000000001), 3: Some(0.0175447), 5: Some(0.014532600000000001), 2: Some(0.02445955)}
Jul 30 17:07:11.159 INFO === Fast Path Statistics ===
Total Append Attempts:  361
Fast Path Attempts:     165 (Utilization: 45.71%)
  ├─ Successes:         161 (Total Rate: 44.60%, Path Success: 97.58%)
  └─ Errors:            4 (Total Rate: 1.11%, Path Error: 2.42%)
Jul 30 17:07:11.159 INFO Append performance over last minute - Count: 361, Avg Time: 5343 ns
Jul 30 17:07:11.159 INFO Current latencies: {3: Some(0.0174957), 5: Some(0.014493150000000002), 4: Some(0.01378675), 2: Some(0.02448985)}
Jul 30 17:08:11.159 INFO === Fast Path Statistics ===
Total Append Attempts:  73
Fast Path Attempts:     43 (Utilization: 58.90%)
  ├─ Successes:         42 (Total Rate: 57.53%, Path Success: 97.67%)
  └─ Errors:            1 (Total Rate: 1.37%, Path Error: 2.33%)
Jul 30 17:08:11.159 INFO Append performance over last minute - Count: 73, Avg Time: 5794 ns
Jul 30 17:08:11.159 INFO Current latencies: {4: Some(0.01378115), 5: Some(0.0145793), 2: Some(0.024543950000000002), 3: Some(0.017511900000000004)}
Jul 30 17:09:11.159 INFO === Fast Path Statistics ===
Total Append Attempts:  205
Fast Path Attempts:     87 (Utilization: 42.44%)
  ├─ Successes:         86 (Total Rate: 41.95%, Path Success: 98.85%)
  └─ Errors:            1 (Total Rate: 0.49%, Path Error: 1.15%)
Jul 30 17:09:11.159 INFO Append performance over last minute - Count: 205, Avg Time: 5160 ns
Jul 30 17:09:11.159 INFO Current latencies: {4: Some(0.01377495), 5: Some(0.01451035), 2: Some(0.024470899999999997), 3: Some(0.01753735)}
Jul 30 17:10:11.159 INFO === Fast Path Statistics ===
Total Append Attempts:  350
Fast Path Attempts:     211 (Utilization: 60.29%)
  ├─ Successes:         205 (Total Rate: 58.57%, Path Success: 97.16%)
  └─ Errors:            6 (Total Rate: 1.71%, Path Error: 2.84%)
Jul 30 17:10:11.159 INFO Append performance over last minute - Count: 350, Avg Time: 5784 ns
Jul 30 17:10:11.159 INFO Current latencies: {5: Some(0.01455525), 2: Some(0.0244949), 4: Some(0.0139384), 3: Some(0.017528999999999996)}
Jul 30 17:11:11.160 INFO === Fast Path Statistics ===
Total Append Attempts:  130
Fast Path Attempts:     6 (Utilization: 4.62%)
  ├─ Successes:         6 (Total Rate: 4.62%, Path Success: 100.00%)
  └─ Errors:            0 (Total Rate: 0.00%, Path Error: 0.00%)
Jul 30 17:11:11.160 INFO Append performance over last minute - Count: 130, Avg Time: 3563 ns
Jul 30 17:11:11.160 INFO Current latencies: {2: Some(0.02452275), 3: Some(0.01756935), 4: Some(0.0139901), 5: Some(0.014558199999999999)}
Jul 30 17:12:11.160 INFO === Fast Path Statistics ===
Total Append Attempts:  305
Fast Path Attempts:     50 (Utilization: 16.39%)
  ├─ Successes:         45 (Total Rate: 14.75%, Path Success: 90.00%)
  └─ Errors:            5 (Total Rate: 1.64%, Path Error: 10.00%)
Jul 30 17:12:11.160 INFO Append performance over last minute - Count: 305, Avg Time: 4062 ns
Jul 30 17:12:11.160 INFO Current latencies: {3: Some(0.01749235), 4: Some(0.013890350000000001), 5: Some(0.014469000000000001), 2: Some(0.02447775)}
Jul 30 17:13:11.159 INFO === Fast Path Statistics ===
Total Append Attempts:  223
Fast Path Attempts:     6 (Utilization: 2.69%)
  ├─ Successes:         6 (Total Rate: 2.69%, Path Success: 100.00%)
  └─ Errors:            0 (Total Rate: 0.00%, Path Error: 0.00%)
Jul 30 17:13:11.159 INFO Append performance over last minute - Count: 223, Avg Time: 3769 ns
Jul 30 17:13:11.159 INFO Current latencies: {5: Some(0.0145016), 3: Some(0.017534499999999998), 2: Some(0.025036350000000002), 4: Some(0.0139193)}
Jul 30 17:14:11.160 INFO === Fast Path Statistics ===
Total Append Attempts:  266
Fast Path Attempts:     1 (Utilization: 0.38%)
  ├─ Successes:         1 (Total Rate: 0.38%, Path Success: 100.00%)
  └─ Errors:            0 (Total Rate: 0.00%, Path Error: 0.00%)
Jul 30 17:14:11.160 INFO Append performance over last minute - Count: 266, Avg Time: 3557 ns
Jul 30 17:14:11.160 INFO Current latencies: {2: Some(0.0249987), 3: Some(0.017524500000000002), 4: Some(0.01374765), 5: Some(0.014482900000000002)}
Jul 30 17:15:11.159 INFO === Fast Path Statistics ===
Total Append Attempts:  226
Fast Path Attempts:     0 (Utilization: 0.00%)
  ├─ Successes:         0 (Total Rate: 0.00%, Path Success: N/A)
  └─ Errors:            0 (Total Rate: 0.00%, Path Error: N/A)
Jul 30 17:15:11.159 INFO Append performance over last minute - Count: 226, Avg Time: 3336 ns
Jul 30 17:15:11.159 INFO Current latencies: {3: Some(0.017444499999999998), 2: Some(0.024975000000000004), 5: Some(0.014492499999999997), 4: Some(0.01373045)}
Jul 30 17:16:11.159 INFO === Fast Path Statistics ===
Total Append Attempts:  188
Fast Path Attempts:     4 (Utilization: 2.13%)
  ├─ Successes:         4 (Total Rate: 2.13%, Path Success: 100.00%)
  └─ Errors:            0 (Total Rate: 0.00%, Path Error: 0.00%)
Jul 30 17:16:11.159 INFO Append performance over last minute - Count: 188, Avg Time: 3469 ns
Jul 30 17:16:11.159 INFO Current latencies: {4: Some(0.013709949999999999), 2: Some(0.024955150000000002), 3: Some(0.0174636), 5: Some(0.014513300000000002)}
