Jul 30 17:06:11.159 INFO === Fast Path Statistics ===
Total Append Attempts:  138
Fast Path Attempts:     10 (Utilization: 7.25%)
  ├─ Successes:         10 (Total Rate: 7.25%, Path Success: 100.00%)
  └─ Errors:            0 (Total Rate: 0.00%, Path Error: 0.00%)
Jul 30 17:06:11.159 INFO Append performance over last minute - Count: 138, Avg Time: 8937 ns
Jul 30 17:06:11.159 INFO Current latencies: {2: Some(0.01372515), 5: Some(0.008648050000000001), 1: Some(0.01745265), 4: Some(0.015945900000000002)}
Jul 30 17:07:11.159 INFO === Fast Path Statistics ===
Total Append Attempts:  68
Fast Path Attempts:     0 (Utilization: 0.00%)
  ├─ Successes:         0 (Total Rate: 0.00%, Path Success: N/A)
  └─ Errors:            0 (Total Rate: 0.00%, Path Error: N/A)
Jul 30 17:07:11.159 INFO Append performance over last minute - Count: 68, Avg Time: 5946 ns
Jul 30 17:07:11.159 INFO Current latencies: {5: Some(0.00860145), 2: Some(0.013696749999999999), 1: Some(0.017392), 4: Some(0.01588315)}
Jul 30 17:08:11.159 INFO === Fast Path Statistics ===
Total Append Attempts:  157
Fast Path Attempts:     84 (Utilization: 53.50%)
  ├─ Successes:         84 (Total Rate: 53.50%, Path Success: 100.00%)
  └─ Errors:            0 (Total Rate: 0.00%, Path Error: 0.00%)
Jul 30 17:08:11.160 INFO Append performance over last minute - Count: 157, Avg Time: 10257 ns
Jul 30 17:08:11.160 INFO Current latencies: {4: Some(0.015912799999999998), 2: Some(0.0137264), 1: Some(0.01738185), 5: Some(0.008824750000000001)}
Jul 30 17:09:11.159 INFO === Fast Path Statistics ===
Total Append Attempts:  183
Fast Path Attempts:     100 (Utilization: 54.64%)
  ├─ Successes:         98 (Total Rate: 53.55%, Path Success: 98.00%)
  └─ Errors:            2 (Total Rate: 1.09%, Path Error: 2.00%)
Jul 30 17:09:11.159 INFO Append performance over last minute - Count: 183, Avg Time: 9759 ns
Jul 30 17:09:11.159 INFO Current latencies: {5: Some(0.00858965), 4: Some(0.0160703), 2: Some(0.013786499999999998), 1: Some(0.01753285)}
Jul 30 17:10:11.160 INFO === Fast Path Statistics ===
Total Append Attempts:  127
Fast Path Attempts:     10 (Utilization: 7.87%)
  ├─ Successes:         10 (Total Rate: 7.87%, Path Success: 100.00%)
  └─ Errors:            0 (Total Rate: 0.00%, Path Error: 0.00%)
Jul 30 17:10:11.160 INFO Append performance over last minute - Count: 127, Avg Time: 7223 ns
Jul 30 17:10:11.160 INFO Current latencies: {4: Some(0.016145200000000002), 1: Some(0.017464849999999997), 2: Some(0.01370665), 5: Some(0.0085761)}
Jul 30 17:11:11.159 INFO === Fast Path Statistics ===
Total Append Attempts:  147
Fast Path Attempts:     138 (Utilization: 93.88%)
  ├─ Successes:         135 (Total Rate: 91.84%, Path Success: 97.83%)
  └─ Errors:            3 (Total Rate: 2.04%, Path Error: 2.17%)
Jul 30 17:11:11.160 INFO Append performance over last minute - Count: 147, Avg Time: 11863 ns
Jul 30 17:11:11.160 INFO Current latencies: {1: Some(0.01751855), 2: Some(0.01409965), 4: Some(0.016057599999999998), 5: Some(0.00860335)}
Jul 30 17:12:11.159 INFO === Fast Path Statistics ===
Total Append Attempts:  232
Fast Path Attempts:     4 (Utilization: 1.72%)
  ├─ Successes:         3 (Total Rate: 1.29%, Path Success: 75.00%)
  └─ Errors:            1 (Total Rate: 0.43%, Path Error: 25.00%)
Jul 30 17:12:11.159 INFO Append performance over last minute - Count: 232, Avg Time: 6506 ns
Jul 30 17:12:11.159 INFO Current latencies: {2: Some(0.014876700000000001), 5: Some(0.00850925), 4: Some(0.016063150000000005), 1: Some(0.017421700000000002)}
Jul 30 17:13:11.159 INFO === Fast Path Statistics ===
Total Append Attempts:  203
Fast Path Attempts:     4 (Utilization: 1.97%)
  ├─ Successes:         4 (Total Rate: 1.97%, Path Success: 100.00%)
  └─ Errors:            0 (Total Rate: 0.00%, Path Error: 0.00%)
Jul 30 17:13:11.159 INFO Append performance over last minute - Count: 203, Avg Time: 5973 ns
Jul 30 17:13:11.159 INFO Current latencies: {5: Some(0.0085187), 2: Some(0.014831800000000001), 1: Some(0.0174317), 4: Some(0.01598425)}
Jul 30 17:14:11.159 INFO === Fast Path Statistics ===
Total Append Attempts:  149
Fast Path Attempts:     19 (Utilization: 12.75%)
  ├─ Successes:         17 (Total Rate: 11.41%, Path Success: 89.47%)
  └─ Errors:            2 (Total Rate: 1.34%, Path Error: 10.53%)
Jul 30 17:14:11.159 INFO Append performance over last minute - Count: 149, Avg Time: 7278 ns
Jul 30 17:14:11.159 INFO Current latencies: {1: Some(0.0174957), 4: Some(0.0159002), 2: Some(0.01482965), 5: Some(0.00859635)}
Jul 30 17:15:11.159 INFO === Fast Path Statistics ===
Total Append Attempts:  304
Fast Path Attempts:     16 (Utilization: 5.26%)
  ├─ Successes:         15 (Total Rate: 4.93%, Path Success: 93.75%)
  └─ Errors:            1 (Total Rate: 0.33%, Path Error: 6.25%)
Jul 30 17:15:11.159 INFO Append performance over last minute - Count: 304, Avg Time: 5743 ns
Jul 30 17:15:11.159 INFO Current latencies: {4: Some(0.016051), 5: Some(0.008605100000000001), 1: Some(0.0174613), 2: Some(0.0149258)}
Jul 30 17:16:11.159 INFO === Fast Path Statistics ===
Total Append Attempts:  219
Fast Path Attempts:     95 (Utilization: 43.38%)
  ├─ Successes:         94 (Total Rate: 42.92%, Path Success: 98.95%)
  └─ Errors:            1 (Total Rate: 0.46%, Path Error: 1.05%)
Jul 30 17:16:11.159 INFO Append performance over last minute - Count: 219, Avg Time: 9632 ns
Jul 30 17:16:11.159 INFO Current latencies: {2: Some(0.014879350000000003), 4: Some(0.01597995), 1: Some(0.017467599999999996), 5: Some(0.008615649999999999)}
