Jul 28 14:19:06.107 INFO === Fast Path Statistics ===
Total Append Attempts:  139
Fast Path Attempts:     10 (Utilization: 7.19%)
  ├─ Successes:         9 (Total Rate: 6.47%, Path Success: 90.00%)
  └─ Errors:            1 (Total Rate: 0.72%, Path Error: 10.00%)
Jul 28 14:19:06.107 INFO Append performance over last minute - Count: 139, Avg Time: 5734 ns
Jul 28 14:19:06.107 INFO Current latencies: {4: Some(0.015882649999999998), 1: Some(0.017322949999999997), 2: Some(0.012637699999999998), 5: Some(0.0088134)}
Jul 28 14:19:06.119 INFO start_calibration execution time: 66ns
Jul 28 14:20:06.107 INFO === Fast Path Statistics ===
Total Append Attempts:  67
Fast Path Attempts:     1 (Utilization: 1.49%)
  ├─ Successes:         1 (Total Rate: 1.49%, Path Success: 100.00%)
  └─ Errors:            0 (Total Rate: 0.00%, Path Error: 0.00%)
Jul 28 14:20:06.107 INFO Append performance over last minute - Count: 67, Avg Time: 12219 ns
Jul 28 14:20:06.107 INFO Current latencies: {2: Some(0.013752499999999997), 4: Some(0.0159047), 1: Some(0.0173571), 5: Some(0.00893265)}
Jul 28 14:21:06.107 INFO === Fast Path Statistics ===
Total Append Attempts:  158
Fast Path Attempts:     41 (Utilization: 25.95%)
  ├─ Successes:         41 (Total Rate: 25.95%, Path Success: 100.00%)
  └─ Errors:            0 (Total Rate: 0.00%, Path Error: 0.00%)
Jul 28 14:21:06.107 INFO Append performance over last minute - Count: 158, Avg Time: 10797 ns
Jul 28 14:21:06.107 INFO Current latencies: {2: Some(0.01377245), 4: Some(0.0158909), 5: Some(0.00884715), 1: Some(0.017374900000000002)}
Jul 28 14:22:06.107 INFO === Fast Path Statistics ===
Total Append Attempts:  182
Fast Path Attempts:     96 (Utilization: 52.75%)
  ├─ Successes:         93 (Total Rate: 51.10%, Path Success: 96.88%)
  └─ Errors:            3 (Total Rate: 1.65%, Path Error: 3.12%)
Jul 28 14:22:06.107 INFO Append performance over last minute - Count: 182, Avg Time: 13749 ns
Jul 28 14:22:06.107 INFO Current latencies: {2: Some(0.0137212), 1: Some(0.0176591), 5: Some(0.008820450000000002), 4: Some(0.0158985)}
Jul 28 14:23:06.107 INFO === Fast Path Statistics ===
Total Append Attempts:  127
Fast Path Attempts:     6 (Utilization: 4.72%)
  ├─ Successes:         6 (Total Rate: 4.72%, Path Success: 100.00%)
  └─ Errors:            0 (Total Rate: 0.00%, Path Error: 0.00%)
Jul 28 14:23:06.107 INFO Append performance over last minute - Count: 127, Avg Time: 11725 ns
Jul 28 14:23:06.107 INFO Current latencies: {1: Some(0.0176581), 5: Some(0.008847750000000001), 4: Some(0.01586185), 2: Some(0.013731200000000002)}
Jul 28 14:24:06.107 INFO === Fast Path Statistics ===
Total Append Attempts:  147
Fast Path Attempts:     10 (Utilization: 6.80%)
  ├─ Successes:         7 (Total Rate: 4.76%, Path Success: 70.00%)
  └─ Errors:            3 (Total Rate: 2.04%, Path Error: 30.00%)
Jul 28 14:24:06.107 INFO Append performance over last minute - Count: 147, Avg Time: 10141 ns
Jul 28 14:24:06.107 INFO Current latencies: {2: Some(0.01373955), 5: Some(0.0088796), 1: Some(0.01763095), 4: Some(0.0159099)}
Jul 28 14:24:06.124 INFO end_calibration execution time: 4.393649ms
Jul 28 14:25:06.107 INFO === Fast Path Statistics ===
Total Append Attempts:  232
Fast Path Attempts:     188 (Utilization: 81.03%)
  ├─ Successes:         163 (Total Rate: 70.26%, Path Success: 86.70%)
  └─ Errors:            25 (Total Rate: 10.78%, Path Error: 13.30%)
Jul 28 14:25:06.107 INFO Append performance over last minute - Count: 232, Avg Time: 11535 ns
Jul 28 14:25:06.107 INFO Current latencies: {1: Some(0.017662149999999998), 4: Some(0.015872749999999998), 5: Some(0.00880005), 2: Some(0.012674699999999997)}
Jul 28 14:26:06.107 INFO === Fast Path Statistics ===
Total Append Attempts:  194
Fast Path Attempts:     101 (Utilization: 52.06%)
  ├─ Successes:         78 (Total Rate: 40.21%, Path Success: 77.23%)
  └─ Errors:            23 (Total Rate: 11.86%, Path Error: 22.77%)
Jul 28 14:26:06.107 INFO Append performance over last minute - Count: 194, Avg Time: 8418 ns
Jul 28 14:26:06.107 INFO Current latencies: {1: Some(0.01766325), 4: Some(0.015939349999999998), 2: Some(0.012643350000000001), 5: Some(0.008886000000000002)}
Jul 28 14:27:06.106 INFO === Fast Path Statistics ===
Total Append Attempts:  133
Fast Path Attempts:     133 (Utilization: 100.00%)
  ├─ Successes:         132 (Total Rate: 99.25%, Path Success: 99.25%)
  └─ Errors:            1 (Total Rate: 0.75%, Path Error: 0.75%)
Jul 28 14:27:06.107 INFO Append performance over last minute - Count: 133, Avg Time: 13492 ns
Jul 28 14:27:06.107 INFO Current latencies: {4: Some(0.015890900000000003), 1: Some(0.017335800000000002), 5: Some(0.0087982), 2: Some(0.012708150000000001)}
Jul 28 14:28:06.106 INFO === Fast Path Statistics ===
Total Append Attempts:  232
Fast Path Attempts:     117 (Utilization: 50.43%)
  ├─ Successes:         88 (Total Rate: 37.93%, Path Success: 75.21%)
  └─ Errors:            29 (Total Rate: 12.50%, Path Error: 24.79%)
Jul 28 14:28:06.106 INFO Append performance over last minute - Count: 232, Avg Time: 10111 ns
Jul 28 14:28:06.106 INFO Current latencies: {4: Some(0.015931849999999997), 1: Some(0.01735215), 5: Some(0.00886495), 2: Some(0.012619)}
Jul 28 14:29:06.107 INFO === Fast Path Statistics ===
Total Append Attempts:  86
Fast Path Attempts:     36 (Utilization: 41.86%)
  ├─ Successes:         26 (Total Rate: 30.23%, Path Success: 72.22%)
  └─ Errors:            10 (Total Rate: 11.63%, Path Error: 27.78%)
Jul 28 14:29:06.107 INFO Append performance over last minute - Count: 86, Avg Time: 7520 ns
Jul 28 14:29:06.107 INFO Current latencies: {2: Some(0.012635400000000001), 5: Some(0.00883155), 1: Some(0.0172911), 4: Some(0.0158768)}
Jul 28 14:30:06.107 INFO === Fast Path Statistics ===
Total Append Attempts:  159
Fast Path Attempts:     103 (Utilization: 64.78%)
  ├─ Successes:         85 (Total Rate: 53.46%, Path Success: 82.52%)
  └─ Errors:            18 (Total Rate: 11.32%, Path Error: 17.48%)
Jul 28 14:30:06.107 INFO Append performance over last minute - Count: 159, Avg Time: 9886 ns
Jul 28 14:30:06.107 INFO Current latencies: {4: Some(0.0159643), 1: Some(0.01733815), 2: Some(0.012659399999999998), 5: Some(0.0090034)}
Jul 28 14:31:06.107 INFO === Fast Path Statistics ===
Total Append Attempts:  97
Fast Path Attempts:     94 (Utilization: 96.91%)
  ├─ Successes:         92 (Total Rate: 94.85%, Path Success: 97.87%)
  └─ Errors:            2 (Total Rate: 2.06%, Path Error: 2.13%)
Jul 28 14:31:06.107 INFO Append performance over last minute - Count: 97, Avg Time: 12034 ns
Jul 28 14:31:06.107 INFO Current latencies: {1: Some(0.01751135), 2: Some(0.012744), 4: Some(0.0159458), 5: Some(0.008960699999999999)}
Jul 28 14:32:06.107 INFO === Fast Path Statistics ===
Total Append Attempts:  164
Fast Path Attempts:     106 (Utilization: 64.63%)
  ├─ Successes:         85 (Total Rate: 51.83%, Path Success: 80.19%)
  └─ Errors:            21 (Total Rate: 12.80%, Path Error: 19.81%)
Jul 28 14:32:06.107 INFO Append performance over last minute - Count: 164, Avg Time: 9383 ns
Jul 28 14:32:06.107 INFO Current latencies: {1: Some(0.01731535), 2: Some(0.012699450000000001), 5: Some(0.0089104), 4: Some(0.0159483)}
Jul 28 14:33:06.106 INFO === Fast Path Statistics ===
Total Append Attempts:  234
Fast Path Attempts:     207 (Utilization: 88.46%)
  ├─ Successes:         176 (Total Rate: 75.21%, Path Success: 85.02%)
  └─ Errors:            31 (Total Rate: 13.25%, Path Error: 14.98%)
Jul 28 14:33:06.106 INFO Append performance over last minute - Count: 234, Avg Time: 11081 ns
Jul 28 14:33:06.107 INFO Current latencies: {2: Some(0.01263755), 5: Some(0.0088415), 1: Some(0.017282750000000003), 4: Some(0.0159141)}
Jul 28 14:34:06.107 INFO === Fast Path Statistics ===
Total Append Attempts:  253
Fast Path Attempts:     73 (Utilization: 28.85%)
  ├─ Successes:         48 (Total Rate: 18.97%, Path Success: 65.75%)
  └─ Errors:            25 (Total Rate: 9.88%, Path Error: 34.25%)
Jul 28 14:34:06.107 INFO Append performance over last minute - Count: 253, Avg Time: 7434 ns
Jul 28 14:34:06.107 INFO Current latencies: {1: Some(0.017354550000000003), 4: Some(0.015942699999999997), 2: Some(0.01274025), 5: Some(0.008845750000000001)}
