request_time,write,response_time,accept_status
1785243536075,true,1785243536122,LeaderAccept
1785243536092,true,1785243536142,LeaderAccept
1785243536108,false,1785243536161,LeaderAccept
1785243536126,false,1785243536173,LeaderAccept
1785243536144,false,1785243536191,LeaderAccept
1785243536162,false,1785243536209,LeaderAccept
1785243536180,false,1785243536227,LeaderAccept
1785243536198,false,1785243536244,LeaderAccept
1785243536216,true,1785243536263,LeaderAccept
1785243536234,false,1785243536281,LeaderAccept
1785243536252,true,1785243536299,LeaderAccept
1785243536270,true,1785243536317,LeaderAccept
1785243536289,true,1785243536336,LeaderAccept
1785243536308,false,1785243536355,LeaderAccept
1785243536327,false,1785243536374,LeaderAccept
1785243536346,false,1785243536393,LeaderAccept
1785243536366,false,1785243536413,LeaderAccept
1785243536386,true,1785243536433,LeaderAccept
1785243536406,true,1785243536453,LeaderAccept
1785243536426,true,1785243536472,LeaderAccept
1785243536446,true,1785243536493,LeaderAccept
1785243536466,true,1785243536513,LeaderAccept
1785243536487,false,1785243536533,LeaderAccept
1785243536507,false,1785243536554,LeaderAccept
1785243536528,false,1785243536575,LeaderAccept
1785243536550,true,1785243536596,LeaderAccept
1785243536571,true,1785243536617,LeaderAccept
1785243536592,false,1785243536638,LeaderAccept
1785243536614,false,1785243536661,LeaderAccept
1785243536636,true,1785243536683,LeaderAccept
1785243536659,false,1785243536705,LeaderAccept
1785243536681,false,1785243536728,LeaderAccept
1785243536704,true,1785243536751,LeaderAccept
1785243536727,false,1785243536774,LeaderAccept
1785243536750,true,1785243536797,LeaderAccept
1785243536774,false,1785243536821,LeaderAccept
1785243536798,true,1785243536845,LeaderAccept
1785243536822,true,1785243536868,LeaderAccept
1785243536846,false,1785243536893,LeaderAccept
1785243536870,true,1785243536916,LeaderAccept
1785243536894,false,1785243536941,LeaderAccept
1785243536919,true,1785243536965,LeaderAccept
1785243536944,true,1785243536991,LeaderAccept
1785243536970,false,1785243537017,LeaderAccept
1785243536996,true,1785243537043,LeaderAccept
1785243537022,false,1785243537070,LeaderAccept
1785243537048,true,1785243537095,LeaderAccept
1785243537075,true,1785243537121,LeaderAccept
1785243537101,true,1785243537148,LeaderAccept
1785243537129,false,1785243537176,LeaderAccept
1785243537157,true,1785243537204,LeaderAccept
1785243537186,false,1785243537233,LeaderAccept
1785243537214,false,1785243537261,LeaderAccept
1785243537244,true,1785243537291,LeaderAccept
1785243537274,false,1785243537321,LeaderAccept
1785243537304,true,1785243537351,LeaderAccept
1785243537335,false,1785243537381,LeaderAccept
1785243537365,true,1785243537412,LeaderAccept
1785243537397,true,1785243537444,LeaderAccept
1785243537428,true,1785243537476,LeaderAccept
1785243537461,false,1785243537508,LeaderAccept
1785243537493,false,1785243537540,LeaderAccept
1785243537527,false,1785243537574,LeaderAccept
1785243537561,false,1785243537608,LeaderAccept
1785243537596,false,1785243537643,LeaderAccept
1785243537631,false,1785243537678,LeaderAccept
1785243537666,true,1785243537713,LeaderAccept
1785243537703,true,1785243537750,LeaderAccept
1785243537740,false,1785243537787,LeaderAccept
1785243537778,true,1785243537825,LeaderAccept
1785243537816,false,1785243537863,LeaderAccept
1785243537855,true,1785243537902,LeaderAccept
1785243537895,false,1785243537942,LeaderAccept
1785243537935,true,1785243537983,LeaderAccept
1785243537976,true,1785243538023,LeaderAccept
1785243538019,true,1785243538067,LeaderAccept
1785243538061,false,1785243538108,LeaderAccept
1785243538105,false,1785243538151,LeaderAccept
1785243538149,true,1785243538196,LeaderAccept
1785243538195,true,1785243538241,LeaderAccept
1785243538242,false,1785243538289,LeaderAccept
1785243538290,false,1785243538336,LeaderAccept
1785243538338,false,1785243538385,LeaderAccept
1785243538388,true,1785243538435,LeaderAccept
1785243538440,true,1785243538487,LeaderAccept
1785243538493,false,1785243538540,LeaderAccept
1785243538547,false,1785243538594,LeaderAccept
1785243538602,false,1785243538649,LeaderAccept
1785243538659,true,1785243538705,LeaderAccept
1785243538718,true,1785243538765,LeaderAccept
1785243538778,false,1785243538825,LeaderAccept
1785243538840,false,1785243538887,LeaderAccept
1785243538904,false,1785243538951,LeaderAccept
1785243538970,true,1785243539016,LeaderAccept
1785243539039,false,1785243539085,LeaderAccept
1785243539108,true,1785243539155,LeaderAccept
1785243539182,false,1785243539229,LeaderAccept
1785243539258,false,1785243539305,LeaderAccept
1785243539337,true,1785243539383,LeaderAccept
1785243539418,false,1785243539464,LeaderAccept
1785243539503,true,1785243539549,LeaderAccept
1785243539591,true,1785243539638,LeaderAccept
1785243539684,true,1785243539731,LeaderAccept
1785243539781,false,1785243539827,LeaderAccept
1785243539883,false,1785243539930,LeaderAccept
1785243539990,true,1785243540036,LeaderAccept
1785243540103,true,1785243540150,LeaderAccept
1785243540222,true,1785243540269,LeaderAccept
1785243540349,false,1785243540396,LeaderAccept
1785243540484,true,1785243540531,LeaderAccept
1785243540627,false,1785243540674,LeaderAccept
1785243540782,true,1785243540828,LeaderAccept
1785243540949,false,1785243540995,LeaderAccept
1785243541129,false,1785243541176,LeaderAccept
1785243541328,true,1785243541375,LeaderAccept
1785243541547,false,1785243541594,LeaderAccept
1785243541791,true,1785243541838,LeaderAccept
1785243542067,true,1785243542114,LeaderAccept
1785243542383,true,1785243542430,LeaderAccept
1785243542753,false,1785243542800,LeaderAccept
1785243543199,true,1785243543246,LeaderAccept
1785243543756,true,1785243543803,LeaderAccept
1785243544490,true,1785243544536,LeaderAccept
1785243545549,true,1785243545596,LeaderAccept
1785243547347,false,1785243547394,LeaderAccept
1785243551765,true,1785243551812,LeaderAccept
1785243564845,true,1785243564892,LeaderAccept
1785243564868,false,1785243564915,LeaderAccept
1785243564890,false,1785243564937,LeaderAccept
1785243564912,false,1785243564959,LeaderAccept
1785243564936,true,1785243564983,LeaderAccept
1785243564959,true,1785243565005,LeaderAccept
1785243564982,true,1785243565029,LeaderAccept
1785243565005,false,1785243565052,LeaderAccept
1785243565030,true,1785243565077,LeaderAccept
1785243565055,true,1785243565102,LeaderAccept
1785243565080,true,1785243565127,LeaderAccept
1785243565105,true,1785243565151,LeaderAccept
1785243565130,true,1785243565177,LeaderAccept
1785243565156,true,1785243565203,LeaderAccept
1785243565182,true,1785243565228,LeaderAccept
1785243565208,false,1785243565254,LeaderAccept
1785243565234,false,1785243565280,LeaderAccept
1785243565261,true,1785243565308,LeaderAccept
1785243565287,true,1785243565334,LeaderAccept
1785243565315,false,1785243565362,LeaderAccept
1785243565343,true,1785243565389,LeaderAccept
1785243565371,true,1785243565418,LeaderAccept
1785243565400,false,1785243565447,LeaderAccept
1785243565428,true,1785243565475,LeaderAccept
1785243565458,false,1785243565504,LeaderAccept
1785243565488,false,1785243565536,LeaderAccept
1785243565519,true,1785243565565,LeaderAccept
1785243565550,false,1785243565597,LeaderAccept
1785243565581,false,1785243565627,LeaderAccept
1785243565612,true,1785243565659,LeaderAccept
1785243565643,true,1785243565690,LeaderAccept
1785243565676,false,1785243565723,LeaderAccept
1785243565708,false,1785243565755,LeaderAccept
1785243565742,false,1785243565788,LeaderAccept
1785243565776,false,1785243565823,LeaderAccept
1785243565811,true,1785243565858,LeaderAccept
1785243565846,false,1785243565893,LeaderAccept
1785243565882,true,1785243565928,LeaderAccept
1785243565919,false,1785243565966,LeaderAccept
1785243565957,false,1785243566004,LeaderAccept
1785243565995,true,1785243566042,LeaderAccept
1785243566034,false,1785243566081,LeaderAccept
1785243566073,true,1785243566121,LeaderAccept
1785243566114,true,1785243566161,LeaderAccept
1785243566155,true,1785243566202,LeaderAccept
1785243566197,false,1785243566244,LeaderAccept
1785243566240,false,1785243566287,LeaderAccept
1785243566284,true,1785243566331,LeaderAccept
1785243566329,true,1785243566376,LeaderAccept
1785243566375,true,1785243566422,LeaderAccept
1785243566422,true,1785243566469,LeaderAccept
1785243566470,false,1785243566517,LeaderAccept
1785243566519,true,1785243566566,LeaderAccept
1785243566569,true,1785243566616,LeaderAccept
1785243566620,true,1785243566667,LeaderAccept
1785243566673,true,1785243566720,LeaderAccept
1785243566727,true,1785243566773,LeaderAccept
1785243566781,true,1785243566828,LeaderAccept
1785243566837,false,1785243566885,LeaderAccept
1785243566896,false,1785243566943,LeaderAccept
1785243566956,true,1785243567003,LeaderAccept
1785243567018,true,1785243567065,LeaderAccept
1785243567081,false,1785243567128,LeaderAccept
1785243567147,false,1785243567194,LeaderAccept
1785243567215,true,1785243567263,LeaderAccept
1785243567285,true,1785243567332,LeaderAccept
1785243567357,false,1785243567404,LeaderAccept
1785243567432,true,1785243567479,LeaderAccept
1785243567510,true,1785243567557,LeaderAccept
1785243567591,true,1785243567638,LeaderAccept
1785243567676,false,1785243567723,LeaderAccept
1785243567764,true,1785243567812,LeaderAccept
1785243567856,true,1785243567903,LeaderAccept
1785243567952,true,1785243567999,LeaderAccept
1785243568053,true,1785243568100,LeaderAccept
1785243568159,false,1785243568206,LeaderAccept
1785243568271,true,1785243568318,LeaderAccept
1785243568389,true,1785243568437,LeaderAccept
1785243568515,false,1785243568562,LeaderAccept
1785243568648,true,1785243568696,LeaderAccept
1785243568791,true,1785243568838,LeaderAccept
1785243568944,true,1785243568991,LeaderAccept
1785243569109,false,1785243569156,LeaderAccept
1785243569288,false,1785243569336,LeaderAccept
1785243569483,true,1785243569531,LeaderAccept
1785243569699,false,1785243569746,LeaderAccept
1785243569939,false,1785243569986,LeaderAccept
1785243570210,true,1785243570257,LeaderAccept
1785243570520,true,1785243570567,LeaderAccept
1785243570881,true,1785243570927,FastAccept
1785243571312,false,1785243571359,FastAccept
1785243571848,false,1785243571895,FastAccept
1785243572549,false,1785243572595,FastAccept
1785243573542,false,1785243573588,FastAccept
1785243575173,true,1785243575219,FastAccept
1785243578859,true,1785243578905,FastAccept
1785243579663,true,1785243579709,FastAccept
1785243579682,false,1785243579728,FastAccept
1785243579701,false,1785243579747,FastAccept
1785243579721,true,1785243579767,FastAccept
1785243579741,true,1785243579787,FastAccept
1785243579761,false,1785243579807,FastAccept
1785243579781,false,1785243579827,FastAccept
1785243579801,true,1785243579847,FastAccept
1785243579821,false,1785243579867,FastAccept
1785243579842,false,1785243579888,FastAccept
1785243579862,false,1785243579908,FastAccept
1785243579884,true,1785243579930,FastAccept
1785243579905,true,1785243579951,FastAccept
1785243579927,false,1785243579973,FastAccept
1785243579949,true,1785243579995,FastAccept
1785243579970,false,1785243580017,FastAccept
1785243579993,true,1785243580039,FastAccept
1785243580015,false,1785243580060,FastAccept
1785243580037,false,1785243580083,FastAccept
1785243580060,true,1785243580106,FastAccept
1785243580083,false,1785243580128,FastAccept
1785243580106,true,1785243580152,FastAccept
1785243580128,true,1785243580174,FastAccept
1785243580151,false,1785243580198,FastAccept
1785243580176,true,1785243580222,FastAccept
1785243580200,true,1785243580246,FastAccept
1785243580225,true,1785243580271,FastAccept
1785243580250,true,1785243580296,FastAccept
1785243580275,true,1785243580321,FastAccept
1785243580300,true,1785243580346,FastAccept
1785243580326,true,1785243580372,FastAccept
1785243580352,false,1785243580398,FastAccept
1785243580379,true,1785243580425,FastAccept
1785243580406,false,1785243580453,FastAccept
1785243580434,true,1785243580480,FastAccept
1785243580462,false,1785243580508,FastAccept
1785243580490,true,1785243580536,FastAccept
1785243580518,true,1785243580565,FastAccept
1785243580547,true,1785243580593,FastAccept
1785243580576,false,1785243580622,FastAccept
1785243580605,true,1785243580651,FastAccept
1785243580635,true,1785243580681,FastAccept
1785243580665,false,1785243580711,FastAccept
1785243580696,true,1785243580742,FastAccept
1785243580727,true,1785243580773,FastAccept
1785243580759,false,1785243580806,FastAccept
1785243580791,false,1785243580837,FastAccept
1785243580824,true,1785243580870,FastAccept
1785243580857,true,1785243580903,FastAccept
1785243580890,true,1785243580936,FastAccept
1785243580924,true,1785243580970,FastAccept
1785243580959,false,1785243581006,FastAccept
1785243580995,true,1785243581041,FastAccept
1785243581031,true,1785243581077,FastAccept
1785243581067,false,1785243581114,FastAccept
1785243581105,true,1785243581152,FastAccept
1785243581143,false,1785243581189,FastAccept
1785243581182,false,1785243581228,FastAccept
1785243581220,false,1785243581266,FastAccept
1785243581261,true,1785243581307,FastAccept
1785243581302,true,1785243581348,FastAccept
1785243581343,true,1785243581388,FastAccept
1785243581385,true,1785243581431,FastAccept
1785243581428,false,1785243581475,LeaderAccept
1785243581472,true,1785243581519,FastAccept
1785243581518,false,1785243581564,FastAccept
1785243581564,false,1785243581610,FastAccept
1785243581611,false,1785243581657,FastAccept
1785243581659,false,1785243581705,FastAccept
1785243581709,false,1785243581755,FastAccept
1785243581760,false,1785243581806,FastAccept
1785243581812,false,1785243581858,FastAccept
1785243581866,true,1785243581912,FastAccept
1785243581920,false,1785243581966,FastAccept
1785243581977,true,1785243582024,FastAccept
1785243582035,true,1785243582081,FastAccept
1785243582094,true,1785243582141,FastAccept
1785243582156,true,1785243582202,FastAccept
1785243582220,true,1785243582266,FastAccept
1785243582285,true,1785243582331,FastAccept
1785243582353,true,1785243582399,FastAccept
1785243582423,true,1785243582469,FastAccept
1785243582495,false,1785243582541,FastAccept
1785243582569,false,1785243582616,FastAccept
1785243582647,true,1785243582694,FastAccept
1785243582728,false,1785243582774,FastAccept
1785243582812,false,1785243582858,FastAccept
1785243582900,true,1785243582945,FastAccept
1785243582991,true,1785243583037,FastAccept
1785243583085,false,1785243583133,LeaderAccept
1785243583186,true,1785243583232,LeaderAccept
1785243583290,false,1785243583337,LeaderAccept
1785243583401,true,1785243583447,LeaderAccept
1785243583518,true,1785243583565,LeaderAccept
1785243583642,true,1785243583688,LeaderAccept
1785243583774,true,1785243583821,LeaderAccept
1785243583915,false,1785243583962,LeaderAccept
1785243584066,true,1785243584111,LeaderAccept
1785243584228,false,1785243584275,LeaderAccept
1785243584403,false,1785243584451,LeaderAccept
1785243584596,false,1785243584643,LeaderAccept
1785243584808,false,1785243584854,LeaderAccept
1785243585043,true,1785243585090,LeaderAccept
1785243585307,false,1785243585354,LeaderAccept
1785243585608,true,1785243585655,LeaderAccept
1785243585958,true,1785243586005,LeaderAccept
1785243586375,true,1785243586422,LeaderAccept
1785243586889,true,1785243586936,LeaderAccept
1785243587552,false,1785243587599,LeaderAccept
1785243588476,false,1785243588523,LeaderAccept
1785243589942,true,1785243589989,FastAccept
1785243592989,false,1785243593035,FastAccept
1785243606964,false,1785243607010,FastAccept
1785243614030,false,1785243614077,LeaderAccept
1785243614049,true,1785243614095,LeaderAccept
1785243614068,false,1785243614115,LeaderAccept
1785243614087,false,1785243614134,LeaderAccept
1785243614107,true,1785243614153,LeaderAccept
1785243614126,true,1785243614173,LeaderAccept
1785243614147,true,1785243614193,LeaderAccept
1785243614167,false,1785243614213,LeaderAccept
1785243614188,false,1785243614235,LeaderAccept
1785243614209,false,1785243614255,LeaderAccept
1785243614230,true,1785243614276,LeaderAccept
1785243614251,false,1785243614298,LeaderAccept
1785243614272,true,1785243614319,LeaderAccept
1785243614293,true,1785243614341,LeaderAccept
1785243614315,true,1785243614361,LeaderAccept
1785243614337,true,1785243614383,LeaderAccept
1785243614359,true,1785243614406,LeaderAccept
1785243614380,false,1785243614427,LeaderAccept
1785243614403,false,1785243614449,LeaderAccept
1785243614426,true,1785243614473,LeaderAccept
1785243614449,true,1785243614496,LeaderAccept
1785243614473,true,1785243614519,LeaderAccept
1785243614496,true,1785243614542,LeaderAccept
1785243614519,false,1785243614566,LeaderAccept
1785243614544,false,1785243614591,LeaderAccept
1785243614569,false,1785243614616,LeaderAccept
1785243614594,false,1785243614642,LeaderAccept
1785243614619,false,1785243614666,LeaderAccept
1785243614644,false,1785243614691,LeaderAccept
1785243614670,false,1785243614716,LeaderAccept
1785243614696,false,1785243614743,LeaderAccept
1785243614721,false,1785243614770,LeaderAccept
1785243614747,false,1785243614795,LeaderAccept
1785243614774,true,1785243614821,LeaderAccept
1785243614801,false,1785243614847,LeaderAccept
1785243614829,true,1785243614876,LeaderAccept
1785243614857,false,1785243614905,LeaderAccept
1785243614886,true,1785243614934,LeaderAccept
1785243614915,true,1785243614962,LeaderAccept
1785243614944,false,1785243614991,LeaderAccept
1785243614973,false,1785243615020,LeaderAccept
1785243615003,false,1785243615051,LeaderAccept
1785243615034,false,1785243615080,LeaderAccept
1785243615064,true,1785243615111,LeaderAccept
1785243615095,false,1785243615142,LeaderAccept
1785243615126,true,1785243615174,LeaderAccept
1785243615159,false,1785243615206,LeaderAccept
1785243615192,false,1785243615241,LeaderAccept
1785243615225,false,1785243615273,LeaderAccept
1785243615259,true,1785243615305,LeaderAccept
1785243615293,true,1785243615340,LeaderAccept
1785243615327,true,1785243615375,LeaderAccept
1785243615362,true,1785243615410,LeaderAccept
1785243615399,true,1785243615447,LeaderAccept
1785243615436,true,1785243615483,LeaderAccept
1785243615474,true,1785243615521,LeaderAccept
1785243615512,true,1785243615559,LeaderAccept
1785243615551,true,1785243615598,LeaderAccept
1785243615591,true,1785243615637,LeaderAccept
1785243615631,false,1785243615678,LeaderAccept
1785243615672,true,1785243615719,LeaderAccept
1785243615714,false,1785243615761,LeaderAccept
1785243615757,true,1785243615804,LeaderAccept
1785243615801,false,1785243615848,LeaderAccept
1785243615846,true,1785243615893,LeaderAccept
1785243615892,false,1785243615938,LeaderAccept
1785243615938,false,1785243615985,LeaderAccept
1785243615986,true,1785243616033,LeaderAccept
1785243616035,false,1785243616081,LeaderAccept
1785243616085,true,1785243616131,LeaderAccept
1785243616135,false,1785243616182,LeaderAccept
1785243616188,true,1785243616234,LeaderAccept
1785243616242,true,1785243616291,LeaderAccept
1785243616298,false,1785243616345,LeaderAccept
1785243616355,false,1785243616402,LeaderAccept
1785243616413,false,1785243616460,LeaderAccept
1785243616473,false,1785243616520,LeaderAccept
1785243616535,false,1785243616581,LeaderAccept
1785243616599,false,1785243616645,LeaderAccept
1785243616665,true,1785243616712,LeaderAccept
1785243616733,true,1785243616780,LeaderAccept
1785243616803,false,1785243616850,LeaderAccept
1785243616875,false,1785243616923,LeaderAccept
1785243616951,false,1785243616997,LeaderAccept
1785243617029,true,1785243617076,LeaderAccept
1785243617111,true,1785243617158,LeaderAccept
1785243617196,false,1785243617243,LeaderAccept
1785243617284,true,1785243617331,LeaderAccept
1785243617375,true,1785243617423,LeaderAccept
1785243617472,true,1785243617519,LeaderAccept
1785243617573,false,1785243617621,LeaderAccept
1785243617680,false,1785243617727,LeaderAccept
1785243617793,true,1785243617840,LeaderAccept
1785243617912,false,1785243617959,LeaderAccept
1785243618037,false,1785243618085,LeaderAccept
1785243618172,false,1785243618219,LeaderAccept
1785243618314,false,1785243618361,LeaderAccept
1785243618468,true,1785243618515,LeaderAccept
1785243618634,false,1785243618682,LeaderAccept
1785243618814,true,1785243618861,LeaderAccept
1785243619011,false,1785243619058,LeaderAccept
1785243619228,true,1785243619275,LeaderAccept
1785243619470,false,1785243619516,LeaderAccept
1785243619743,true,1785243619790,LeaderAccept
1785243620055,true,1785243620102,LeaderAccept
1785243620420,false,1785243620467,LeaderAccept
1785243620857,true,1785243620904,LeaderAccept
1785243621401,false,1785243621449,LeaderAccept
1785243622115,false,1785243622161,FastAccept
1785243623135,true,1785243623181,FastAccept
1785243624832,true,1785243624880,LeaderAccept
1785243628798,false,1785243628846,LeaderAccept
1785243632757,false,1785243632804,LeaderAccept
1785243632775,true,1785243632822,LeaderAccept
1785243632793,true,1785243632840,LeaderAccept
1785243632812,false,1785243632858,LeaderAccept
1785243632831,false,1785243632877,LeaderAccept
1785243632850,true,1785243632897,LeaderAccept
1785243632868,false,1785243632915,LeaderAccept
1785243632888,true,1785243632935,LeaderAccept
1785243632908,false,1785243632954,LeaderAccept
1785243632927,false,1785243632974,LeaderAccept
1785243632947,true,1785243632993,LeaderAccept
1785243632966,true,1785243633012,LeaderAccept
1785243632987,false,1785243633032,LeaderAccept
1785243633006,false,1785243633053,LeaderAccept
1785243633027,false,1785243633073,LeaderAccept
1785243633048,true,1785243633094,LeaderAccept
1785243633069,false,1785243633116,LeaderAccept
1785243633090,false,1785243633137,LeaderAccept
1785243633112,false,1785243633158,LeaderAccept
1785243633133,true,1785243633179,LeaderAccept
1785243633155,true,1785243633202,LeaderAccept
1785243633177,true,1785243633224,LeaderAccept
1785243633199,true,1785243633247,LeaderAccept
1785243633222,true,1785243633268,LeaderAccept
1785243633245,false,1785243633291,LeaderAccept
1785243633267,false,1785243633314,LeaderAccept
1785243633291,false,1785243633338,LeaderAccept
1785243633315,false,1785243633362,LeaderAccept
1785243633339,false,1785243633386,LeaderAccept
1785243633363,false,1785243633409,LeaderAccept
1785243633387,false,1785243633434,LeaderAccept
1785243633412,true,1785243633459,LeaderAccept
1785243633437,true,1785243633483,LeaderAccept
1785243633462,true,1785243633509,LeaderAccept
1785243633487,false,1785243633534,LeaderAccept
1785243633513,true,1785243633560,LeaderAccept
1785243633538,false,1785243633586,LeaderAccept
1785243633565,true,1785243633612,LeaderAccept
1785243633592,true,1785243633638,LeaderAccept
1785243633619,true,1785243633666,LeaderAccept
1785243633646,false,1785243633693,LeaderAccept
1785243633674,true,1785243633721,LeaderAccept
1785243633703,true,1785243633750,LeaderAccept
1785243633732,false,1785243633779,LeaderAccept
1785243633761,false,1785243633808,LeaderAccept
1785243633790,false,1785243633837,LeaderAccept
1785243633820,false,1785243633867,LeaderAccept
1785243633850,false,1785243633897,LeaderAccept
1785243633881,true,1785243633928,LeaderAccept
1785243633911,true,1785243633958,LeaderAccept
1785243633943,false,1785243633990,LeaderAccept
1785243633975,true,1785243634022,LeaderAccept
1785243634008,true,1785243634055,LeaderAccept
1785243634042,true,1785243634089,LeaderAccept
1785243634076,true,1785243634123,LeaderAccept
1785243634111,false,1785243634158,LeaderAccept
1785243634146,false,1785243634192,LeaderAccept
1785243634182,true,1785243634229,LeaderAccept
1785243634218,false,1785243634264,LeaderAccept
1785243634254,false,1785243634301,LeaderAccept
1785243634292,true,1785243634339,LeaderAccept
1785243634330,false,1785243634377,LeaderAccept
1785243634368,false,1785243634415,LeaderAccept
1785243634407,false,1785243634454,LeaderAccept
1785243634448,false,1785243634495,LeaderAccept
1785243634488,true,1785243634536,LeaderAccept
1785243634530,false,1785243634577,LeaderAccept
1785243634573,false,1785243634619,LeaderAccept
1785243634617,true,1785243634664,LeaderAccept
1785243634662,true,1785243634709,LeaderAccept
1785243634706,true,1785243634754,LeaderAccept
1785243634753,true,1785243634800,LeaderAccept
1785243634800,false,1785243634847,LeaderAccept
1785243634849,false,1785243634896,LeaderAccept
1785243634899,true,1785243634946,LeaderAccept
1785243634950,true,1785243634997,LeaderAccept
1785243635002,false,1785243635049,LeaderAccept
1785243635055,true,1785243635102,LeaderAccept
1785243635111,true,1785243635159,LeaderAccept
1785243635168,true,1785243635215,LeaderAccept
1785243635226,false,1785243635274,LeaderAccept
1785243635286,true,1785243635333,LeaderAccept
1785243635347,true,1785243635395,LeaderAccept
1785243635411,true,1785243635458,LeaderAccept
1785243635477,true,1785243635524,LeaderAccept
1785243635545,true,1785243635591,LeaderAccept
1785243635615,true,1785243635662,LeaderAccept
1785243635687,false,1785243635735,LeaderAccept
1785243635763,false,1785243635811,LeaderAccept
1785243635841,false,1785243635888,LeaderAccept
1785243635922,false,1785243635970,LeaderAccept
1785243636007,false,1785243636054,LeaderAccept
1785243636095,true,1785243636142,LeaderAccept
1785243636187,false,1785243636234,LeaderAccept
1785243636282,true,1785243636329,LeaderAccept
1785243636382,false,1785243636429,LeaderAccept
1785243636489,false,1785243636537,LeaderAccept
1785243636601,true,1785243636648,LeaderAccept
1785243636719,false,1785243636766,LeaderAccept
1785243636845,true,1785243636891,LeaderAccept
1785243636978,false,1785243637024,LeaderAccept
1785243637119,true,1785243637167,LeaderAccept
1785243637272,false,1785243637319,LeaderAccept
1785243637437,true,1785243637484,LeaderAccept
1785243637615,true,1785243637661,LeaderAccept
1785243637810,false,1785243637857,LeaderAccept
1785243638025,false,1785243638071,LeaderAccept
1785243638264,false,1785243638311,LeaderAccept
1785243638533,false,1785243638580,LeaderAccept
1785243638841,false,1785243638888,LeaderAccept
1785243639200,false,1785243639246,LeaderAccept
1785243639629,true,1785243639676,LeaderAccept
1785243640161,true,1785243640208,LeaderAccept
1785243640853,true,1785243640900,LeaderAccept
1785243641833,true,1785243641880,LeaderAccept
1785243643432,false,1785243643479,LeaderAccept
1785243646986,true,1785243647033,LeaderAccept
1785243662590,true,1785243662636,FastAccept
1785243662621,true,1785243662667,FastAccept
1785243662653,true,1785243662700,FastAccept
1785243662686,true,1785243662732,FastAccept
1785243662719,false,1785243662765,FastAccept
1785243662752,true,1785243662797,FastAccept
1785243662786,false,1785243662832,FastAccept
1785243662821,false,1785243662867,FastAccept
1785243662855,true,1785243662902,FastAccept
1785243662891,false,1785243662938,FastAccept
1785243662928,true,1785243662974,FastAccept
1785243662965,false,1785243663011,FastAccept
1785243663002,false,1785243663048,FastAccept
1785243663040,true,1785243663086,FastAccept
1785243663079,true,1785243663125,FastAccept
1785243663119,false,1785243663166,FastAccept
1785243663159,true,1785243663206,FastAccept
1785243663201,false,1785243663247,FastAccept
1785243663243,false,1785243663289,FastAccept
1785243663286,true,1785243663359,SlowAccept
1785243663330,false,1785243663379,LeaderAccept
1785243663375,false,1785243663422,LeaderAccept
1785243663420,false,1785243663467,LeaderAccept
1785243663467,true,1785243663514,LeaderAccept
1785243663515,true,1785243663562,LeaderAccept
1785243663564,true,1785243663610,LeaderAccept
1785243663613,false,1785243663660,LeaderAccept
1785243663665,false,1785243663712,LeaderAccept
1785243663718,false,1785243663765,LeaderAccept
1785243663772,false,1785243663819,LeaderAccept
1785243663828,true,1785243663874,LeaderAccept
1785243663885,false,1785243663931,LeaderAccept
1785243663944,true,1785243663991,LeaderAccept
1785243664004,false,1785243664051,LeaderAccept
1785243664066,false,1785243664113,LeaderAccept
1785243664130,true,1785243664177,LeaderAccept
1785243664197,false,1785243664244,LeaderAccept
1785243664265,false,1785243664312,LeaderAccept
1785243664336,true,1785243664383,LeaderAccept
1785243664409,true,1785243664456,LeaderAccept
1785243664485,false,1785243664532,LeaderAccept
1785243664563,true,1785243664610,LeaderAccept
1785243664646,false,1785243664693,LeaderAccept
1785243664732,false,1785243664779,LeaderAccept
1785243664822,false,1785243664869,LeaderAccept
1785243664915,true,1785243664961,LeaderAccept
1785243665013,true,1785243665059,LeaderAccept
1785243665114,true,1785243665161,LeaderAccept
1785243665222,false,1785243665269,LeaderAccept
1785243665336,false,1785243665383,LeaderAccept
1785243665456,true,1785243665503,LeaderAccept
1785243665584,false,1785243665630,LeaderAccept
1785243665720,true,1785243665767,LeaderAccept
1785243665864,true,1785243665911,LeaderAccept
1785243666020,false,1785243666068,LeaderAccept
1785243666189,false,1785243666236,LeaderAccept
1785243666373,false,1785243666420,LeaderAccept
1785243666573,false,1785243666621,LeaderAccept
1785243666796,true,1785243666842,LeaderAccept
1785243667044,true,1785243667090,LeaderAccept
1785243667325,true,1785243667372,LeaderAccept
1785243667648,false,1785243667695,LeaderAccept
1785243668028,false,1785243668075,LeaderAccept
1785243668485,false,1785243668532,LeaderAccept
1785243669061,true,1785243669108,LeaderAccept
1785243669829,true,1785243669876,LeaderAccept
1785243670955,false,1785243671001,FastAccept
1785243672931,true,1785243672978,LeaderAccept
1785243678240,false,1785243678285,FastAccept
1785243694222,true,1785243694269,LeaderAccept
1785243694239,true,1785243694286,LeaderAccept
1785243694255,true,1785243694302,LeaderAccept
1785243694272,false,1785243694320,LeaderAccept
1785243694289,true,1785243694335,LeaderAccept
1785243694306,false,1785243694353,LeaderAccept
1785243694323,false,1785243694370,LeaderAccept
1785243694340,true,1785243694386,LeaderAccept
1785243694357,true,1785243694404,LeaderAccept
1785243694375,false,1785243694421,LeaderAccept
1785243694393,false,1785243694439,LeaderAccept
1785243694411,true,1785243694458,LeaderAccept
1785243694429,true,1785243694476,LeaderAccept
1785243694447,true,1785243694494,LeaderAccept
1785243694466,true,1785243694512,LeaderAccept
1785243694485,true,1785243694531,LeaderAccept
1785243694504,true,1785243694551,LeaderAccept
1785243694523,true,1785243694570,LeaderAccept
1785243694542,true,1785243694590,LeaderAccept
1785243694562,false,1785243694609,LeaderAccept
1785243694582,true,1785243694630,LeaderAccept
1785243694601,false,1785243694648,LeaderAccept
1785243694621,true,1785243694668,LeaderAccept
1785243694641,false,1785243694688,LeaderAccept
1785243694660,false,1785243694707,LeaderAccept
1785243694681,false,1785243694727,LeaderAccept
1785243694701,false,1785243694748,LeaderAccept
1785243694722,false,1785243694768,LeaderAccept
1785243694742,false,1785243694789,LeaderAccept
1785243694764,false,1785243694810,LeaderAccept
1785243694786,false,1785243694832,LeaderAccept
1785243694806,false,1785243694853,LeaderAccept
1785243694829,true,1785243694875,LeaderAccept
1785243694851,true,1785243694898,LeaderAccept
1785243694873,false,1785243694920,LeaderAccept
1785243694895,true,1785243694942,LeaderAccept
1785243694918,true,1785243694965,LeaderAccept
1785243694941,true,1785243694987,LeaderAccept
1785243694964,false,1785243695010,LeaderAccept
1785243694987,true,1785243695034,LeaderAccept
1785243695010,true,1785243695058,LeaderAccept
1785243695035,true,1785243695082,LeaderAccept
1785243695060,false,1785243695106,LeaderAccept
1785243695085,true,1785243695131,LeaderAccept
1785243695110,true,1785243695157,LeaderAccept
1785243695135,true,1785243695181,LeaderAccept
1785243695160,true,1785243695206,LeaderAccept
1785243695186,true,1785243695232,LeaderAccept
1785243695212,false,1785243695259,LeaderAccept
1785243695238,true,1785243695285,LeaderAccept
1785243695265,true,1785243695311,LeaderAccept
1785243695292,false,1785243695339,LeaderAccept
1785243695319,true,1785243695365,LeaderAccept
1785243695347,false,1785243695394,LeaderAccept
1785243695375,false,1785243695422,LeaderAccept
1785243695403,true,1785243695449,LeaderAccept
1785243695432,true,1785243695479,LeaderAccept
1785243695461,false,1785243695508,LeaderAccept
1785243695490,true,1785243695537,LeaderAccept
1785243695521,true,1785243695568,LeaderAccept
1785243695552,true,1785243695600,LeaderAccept
1785243695584,true,1785243695631,LeaderAccept
1785243695616,false,1785243695662,LeaderAccept
1785243695648,false,1785243695694,LeaderAccept
1785243695681,true,1785243695728,LeaderAccept
1785243695715,true,1785243695762,LeaderAccept
1785243695749,true,1785243695797,LeaderAccept
1785243695783,false,1785243695831,LeaderAccept
1785243695818,true,1785243695864,LeaderAccept
1785243695854,false,1785243695901,LeaderAccept
1785243695890,true,1785243695937,LeaderAccept
1785243695927,false,1785243695974,LeaderAccept
1785243695964,true,1785243696010,LeaderAccept
1785243696002,true,1785243696049,LeaderAccept
1785243696041,true,1785243696088,LeaderAccept
1785243696080,true,1785243696126,LeaderAccept
1785243696120,true,1785243696167,LeaderAccept
1785243696161,true,1785243696208,LeaderAccept
1785243696203,false,1785243696250,LeaderAccept
1785243696246,true,1785243696294,LeaderAccept
1785243696290,true,1785243696337,LeaderAccept
1785243696334,false,1785243696381,LeaderAccept
1785243696380,true,1785243696427,LeaderAccept
1785243696426,true,1785243696472,LeaderAccept
1785243696473,true,1785243696520,LeaderAccept
1785243696522,false,1785243696569,LeaderAccept
1785243696572,false,1785243696622,LeaderAccept
1785243696623,false,1785243696670,LeaderAccept
1785243696676,true,1785243696722,LeaderAccept
1785243696730,false,1785243696777,LeaderAccept
1785243696785,true,1785243696832,LeaderAccept
1785243696841,false,1785243696888,LeaderAccept
1785243696899,false,1785243696946,LeaderAccept
1785243696960,true,1785243697008,LeaderAccept
1785243697022,false,1785243697070,LeaderAccept
1785243697086,false,1785243697133,LeaderAccept
1785243697152,true,1785243697199,LeaderAccept
1785243697220,true,1785243697267,LeaderAccept
1785243697290,false,1785243697338,LeaderAccept
1785243697363,true,1785243697410,LeaderAccept
1785243697438,false,1785243697485,LeaderAccept
1785243697517,false,1785243697565,LeaderAccept
1785243697599,true,1785243697646,LeaderAccept
1785243697684,true,1785243697731,LeaderAccept
1785243697773,false,1785243697821,LeaderAccept
1785243697866,false,1785243697914,LeaderAccept
1785243697963,false,1785243698009,LeaderAccept
1785243698064,false,1785243698111,LeaderAccept
1785243698171,false,1785243698219,LeaderAccept
1785243698284,true,1785243698331,LeaderAccept
1785243698403,true,1785243698451,LeaderAccept
1785243698529,false,1785243698576,LeaderAccept
1785243698662,true,1785243698710,LeaderAccept
1785243698806,false,1785243698854,LeaderAccept
1785243698960,true,1785243699007,LeaderAccept
1785243699126,false,1785243699173,LeaderAccept
1785243699305,true,1785243699353,LeaderAccept
1785243699503,false,1785243699550,LeaderAccept
1785243699720,false,1785243699768,LeaderAccept
1785243699963,true,1785243700010,LeaderAccept
1785243700237,false,1785243700283,LeaderAccept
1785243700550,true,1785243700597,LeaderAccept
1785243700917,false,1785243700964,LeaderAccept
1785243701358,true,1785243701405,LeaderAccept
1785243701907,true,1785243701954,LeaderAccept
1785243702629,true,1785243702676,LeaderAccept
1785243703663,true,1785243703710,LeaderAccept
1785243705397,false,1785243705443,LeaderAccept
1785243709521,true,1785243709569,LeaderAccept
1785243715379,false,1785243715425,FastAccept
1785243715404,false,1785243715451,FastAccept
1785243715428,false,1785243715474,FastAccept
1785243715454,false,1785243715500,FastAccept
1785243715480,false,1785243715526,FastAccept
1785243715506,true,1785243715552,FastAccept
1785243715532,true,1785243715579,FastAccept
1785243715558,false,1785243715605,FastAccept
1785243715584,false,1785243715631,FastAccept
1785243715612,false,1785243715660,FastAccept
1785243715640,true,1785243715686,FastAccept
1785243715668,false,1785243715716,LeaderAccept
1785243715696,true,1785243715743,FastAccept
1785243715724,true,1785243715771,FastAccept
1785243715754,true,1785243715800,FastAccept
1785243715784,false,1785243715830,FastAccept
1785243715813,false,1785243715860,FastAccept
1785243715843,false,1785243715891,FastAccept
1785243715875,false,1785243715922,FastAccept
1785243715907,false,1785243715954,FastAccept
1785243715939,true,1785243715985,FastAccept
1785243715972,true,1785243716018,FastAccept
1785243716005,false,1785243716051,FastAccept
1785243716038,false,1785243716084,FastAccept
1785243716072,true,1785243716119,FastAccept
1785243716107,true,1785243716153,FastAccept
1785243716142,false,1785243716188,FastAccept
1785243716178,true,1785243716225,FastAccept
1785243716214,true,1785243716260,FastAccept
1785243716251,true,1785243716297,FastAccept
1785243716289,false,1785243716336,FastAccept
1785243716328,true,1785243716375,FastAccept
1785243716367,false,1785243716413,FastAccept
1785243716407,true,1785243716453,FastAccept
1785243716448,true,1785243716495,FastAccept
1785243716490,false,1785243716536,FastAccept
1785243716532,false,1785243716579,FastAccept
1785243716574,true,1785243716621,FastAccept
1785243716619,false,1785243716665,FastAccept
1785243716664,true,1785243716710,FastAccept
1785243716710,false,1785243716757,FastAccept
1785243716758,true,1785243716804,FastAccept
1785243716806,false,1785243716852,FastAccept
1785243716856,false,1785243716902,FastAccept
1785243716906,false,1785243716952,FastAccept
1785243716958,true,1785243717004,FastAccept
1785243717011,false,1785243717058,FastAccept
1785243717065,false,1785243717112,FastAccept
1785243717121,true,1785243717168,FastAccept
1785243717179,false,1785243717226,FastAccept
1785243717238,true,1785243717285,FastAccept
1785243717299,true,1785243717345,FastAccept
1785243717362,false,1785243717408,FastAccept
1785243717427,true,1785243717473,FastAccept
1785243717494,false,1785243717540,FastAccept
1785243717563,false,1785243717609,FastAccept
1785243717634,false,1785243717680,FastAccept
1785243717708,true,1785243717754,FastAccept
1785243717784,false,1785243717831,FastAccept
1785243717864,false,1785243717910,FastAccept
1785243717947,false,1785243717994,FastAccept
1785243718034,false,1785243718080,FastAccept
1785243718123,false,1785243718171,FastAccept
1785243718218,false,1785243718288,LeaderAccept
1785243718317,true,1785243718364,LeaderAccept
1785243718421,false,1785243718468,LeaderAccept
1785243718530,false,1785243718577,LeaderAccept
1785243718645,true,1785243718692,LeaderAccept
1785243718767,true,1785243718814,LeaderAccept
1785243718896,false,1785243718943,LeaderAccept
1785243719034,true,1785243719081,LeaderAccept
1785243719182,false,1785243719229,LeaderAccept
1785243719341,true,1785243719388,LeaderAccept
1785243719513,false,1785243719559,LeaderAccept
1785243719700,true,1785243719746,LeaderAccept
1785243719904,false,1785243719951,LeaderAccept
1785243720132,false,1785243720179,LeaderAccept
1785243720386,true,1785243720434,LeaderAccept
1785243720676,false,1785243720723,LeaderAccept
1785243721010,false,1785243721057,LeaderAccept
1785243721405,false,1785243721452,LeaderAccept
1785243721886,true,1785243721935,LeaderAccept
1785243722497,false,1785243722544,LeaderAccept
1785243723327,true,1785243723374,LeaderAccept
1785243724582,false,1785243724628,LeaderAccept
1785243726930,false,1785243726977,LeaderAccept
1785243734525,true,1785243734571,FastAccept
1785243755119,true,1785243755166,LeaderAccept
1785243755135,false,1785243755182,LeaderAccept
1785243755151,false,1785243755197,LeaderAccept
1785243755167,true,1785243755214,LeaderAccept
1785243755183,false,1785243755230,LeaderAccept
1785243755198,false,1785243755245,LeaderAccept
1785243755215,true,1785243755262,LeaderAccept
1785243755231,false,1785243755278,LeaderAccept
1785243755247,true,1785243755295,LeaderAccept
1785243755262,true,1785243755310,LeaderAccept
1785243755279,false,1785243755326,LeaderAccept
1785243755295,false,1785243755343,LeaderAccept
1785243755312,true,1785243755359,LeaderAccept
1785243755329,false,1785243755376,LeaderAccept
1785243755346,true,1785243755392,LeaderAccept
1785243755363,false,1785243755410,LeaderAccept
1785243755380,false,1785243755427,LeaderAccept
1785243755398,true,1785243755444,LeaderAccept
1785243755415,false,1785243755463,LeaderAccept
1785243755432,true,1785243755480,LeaderAccept
1785243755451,true,1785243755498,LeaderAccept
1785243755469,true,1785243755516,LeaderAccept
1785243755487,false,1785243755534,LeaderAccept
1785243755505,false,1785243755552,LeaderAccept
1785243755523,true,1785243755570,LeaderAccept
1785243755542,false,1785243755589,LeaderAccept
1785243755561,true,1785243755609,LeaderAccept
1785243755580,false,1785243755627,LeaderAccept
1785243755599,true,1785243755645,LeaderAccept
1785243755618,true,1785243755665,LeaderAccept
1785243755637,false,1785243755684,LeaderAccept
1785243755657,true,1785243755703,LeaderAccept
1785243755676,true,1785243755723,LeaderAccept
1785243755696,false,1785243755744,LeaderAccept
1785243755716,false,1785243755764,LeaderAccept
1785243755737,true,1785243755785,LeaderAccept
1785243755758,false,1785243755806,LeaderAccept
1785243755779,true,1785243755826,LeaderAccept
1785243755800,false,1785243755848,LeaderAccept
1785243755822,true,1785243755868,LeaderAccept
1785243755843,true,1785243755890,LeaderAccept
1785243755865,true,1785243755912,LeaderAccept
1785243755887,true,1785243755934,LeaderAccept
1785243755909,true,1785243755956,LeaderAccept
1785243755932,false,1785243755979,LeaderAccept
1785243755954,false,1785243756002,LeaderAccept
1785243755977,true,1785243756023,LeaderAccept
1785243756000,true,1785243756047,LeaderAccept
1785243756023,true,1785243756071,LeaderAccept
1785243756047,false,1785243756094,LeaderAccept
1785243756071,false,1785243756118,LeaderAccept
1785243756094,true,1785243756141,LeaderAccept
1785243756119,true,1785243756167,LeaderAccept
1785243756143,true,1785243756191,LeaderAccept
1785243756169,true,1785243756216,LeaderAccept
1785243756195,false,1785243756243,LeaderAccept
1785243756221,true,1785243756268,LeaderAccept
1785243756247,false,1785243756295,LeaderAccept
1785243756274,false,1785243756321,LeaderAccept
1785243756301,true,1785243756349,LeaderAccept
1785243756328,false,1785243756376,LeaderAccept
1785243756355,true,1785243756402,LeaderAccept
1785243756383,false,1785243756431,LeaderAccept
1785243756411,true,1785243756457,LeaderAccept
1785243756439,true,1785243756488,LeaderAccept
1785243756467,true,1785243756515,LeaderAccept
1785243756497,false,1785243756545,LeaderAccept
1785243756527,false,1785243756574,LeaderAccept
1785243756557,false,1785243756604,LeaderAccept
1785243756588,false,1785243756636,LeaderAccept
1785243756619,true,1785243756666,LeaderAccept
1785243756650,true,1785243756697,LeaderAccept
1785243756683,false,1785243756731,LeaderAccept
1785243756715,true,1785243756762,LeaderAccept
1785243756749,true,1785243756796,LeaderAccept
1785243756782,true,1785243756829,LeaderAccept
1785243756815,true,1785243756863,LeaderAccept
1785243756849,false,1785243756896,LeaderAccept
1785243756885,true,1785243756932,LeaderAccept
1785243756921,true,1785243756967,LeaderAccept
1785243756957,true,1785243757005,LeaderAccept
1785243756993,false,1785243757040,LeaderAccept
1785243757031,false,1785243757078,LeaderAccept
1785243757070,true,1785243757117,LeaderAccept
1785243757109,true,1785243757155,LeaderAccept
1785243757149,true,1785243757196,LeaderAccept
1785243757189,false,1785243757237,LeaderAccept
1785243757231,false,1785243757278,LeaderAccept
1785243757274,true,1785243757321,LeaderAccept
1785243757317,true,1785243757364,LeaderAccept
1785243757361,true,1785243757408,LeaderAccept
1785243757406,true,1785243757452,LeaderAccept
1785243757452,false,1785243757499,LeaderAccept
1785243757498,false,1785243757546,LeaderAccept
1785243757547,true,1785243757594,LeaderAccept
1785243757596,true,1785243757643,LeaderAccept
1785243757647,false,1785243757694,LeaderAccept
1785243757699,false,1785243757745,LeaderAccept
1785243757752,false,1785243757799,LeaderAccept
1785243757806,true,1785243757852,LeaderAccept
1785243757862,false,1785243757909,LeaderAccept
1785243757919,true,1785243757966,LeaderAccept
1785243757978,false,1785243758026,LeaderAccept
1785243758039,true,1785243758086,LeaderAccept
1785243758102,true,1785243758150,LeaderAccept
1785243758167,false,1785243758215,LeaderAccept
1785243758234,true,1785243758281,LeaderAccept
1785243758302,false,1785243758349,LeaderAccept
1785243758374,true,1785243758421,LeaderAccept
1785243758448,false,1785243758498,LeaderAccept
1785243758525,false,1785243758572,LeaderAccept
1785243758605,true,1785243758652,LeaderAccept
1785243758687,false,1785243758734,LeaderAccept
1785243758774,false,1785243758821,LeaderAccept
1785243758863,false,1785243758911,LeaderAccept
1785243758958,true,1785243759005,LeaderAccept
1785243759056,false,1785243759103,LeaderAccept
1785243759160,false,1785243759207,LeaderAccept
1785243759269,true,1785243759316,LeaderAccept
1785243759384,false,1785243759432,LeaderAccept
1785243759506,true,1785243759554,LeaderAccept
1785243759636,true,1785243759683,LeaderAccept
1785243759774,true,1785243759822,LeaderAccept
1785243759922,false,1785243759968,LeaderAccept
1785243760081,false,1785243760128,LeaderAccept
1785243760252,false,1785243760299,LeaderAccept
1785243760440,true,1785243760487,LeaderAccept
1785243760645,false,1785243760692,LeaderAccept
1785243760871,true,1785243760919,LeaderAccept
1785243761125,true,1785243761173,LeaderAccept
1785243761415,false,1785243761462,LeaderAccept
1785243761749,false,1785243761795,LeaderAccept
1785243762143,true,1785243762190,LeaderAccept
1785243762623,true,1785243762669,FastAccept
1785243763232,true,1785243763296,LeaderAccept
1785243764058,false,1785243764104,LeaderAccept
1785243765304,true,1785243765351,LeaderAccept
1785243767630,false,1785243767677,LeaderAccept
1785243775065,false,1785243775112,LeaderAccept
1785243794924,false,1785243794971,LeaderAccept
1785243794943,true,1785243794989,LeaderAccept
1785243794962,true,1785243795009,LeaderAccept
1785243794982,false,1785243795029,LeaderAccept
1785243795002,true,1785243795049,LeaderAccept
1785243795022,false,1785243795069,LeaderAccept
1785243795042,false,1785243795089,LeaderAccept
1785243795062,true,1785243795109,LeaderAccept
1785243795082,true,1785243795129,LeaderAccept
1785243795103,true,1785243795151,LeaderAccept
1785243795124,false,1785243795171,LeaderAccept
1785243795145,false,1785243795192,LeaderAccept
1785243795167,true,1785243795214,LeaderAccept
1785243795189,true,1785243795236,LeaderAccept
1785243795211,false,1785243795258,LeaderAccept
1785243795232,false,1785243795279,LeaderAccept
1785243795255,false,1785243795302,LeaderAccept
1785243795278,true,1785243795325,LeaderAccept
1785243795301,false,1785243795348,LeaderAccept
1785243795323,true,1785243795371,LeaderAccept
1785243795347,false,1785243795394,LeaderAccept
1785243795371,false,1785243795418,LeaderAccept
1785243795395,false,1785243795443,LeaderAccept
1785243795419,true,1785243795466,LeaderAccept
1785243795443,true,1785243795490,LeaderAccept
1785243795467,true,1785243795514,LeaderAccept
1785243795492,true,1785243795539,LeaderAccept
1785243795518,false,1785243795565,LeaderAccept
1785243795544,true,1785243795591,LeaderAccept
1785243795570,true,1785243795618,LeaderAccept
1785243795596,false,1785243795643,LeaderAccept
1785243795623,false,1785243795669,LeaderAccept
1785243795650,true,1785243795696,LeaderAccept
1785243795676,false,1785243795723,LeaderAccept
1785243795704,true,1785243795750,LeaderAccept
1785243795730,true,1785243795777,LeaderAccept
1785243795759,true,1785243795806,LeaderAccept
1785243795788,false,1785243795835,LeaderAccept
1785243795816,true,1785243795864,LeaderAccept
1785243795846,true,1785243795893,LeaderAccept
1785243795875,false,1785243795921,LeaderAccept
1785243795905,false,1785243795952,LeaderAccept
1785243795936,false,1785243795982,LeaderAccept
1785243795967,false,1785243796014,LeaderAccept
1785243795999,true,1785243796047,LeaderAccept
1785243796032,true,1785243796079,LeaderAccept
1785243796065,true,1785243796111,LeaderAccept
1785243796098,true,1785243796145,LeaderAccept
1785243796132,false,1785243796178,LeaderAccept
1785243796166,false,1785243796213,LeaderAccept
1785243796201,true,1785243796247,LeaderAccept
1785243796236,true,1785243796283,LeaderAccept
1785243796271,false,1785243796318,LeaderAccept
1785243796307,true,1785243796355,LeaderAccept
1785243796345,false,1785243796392,LeaderAccept
1785243796383,false,1785243796430,LeaderAccept
1785243796422,false,1785243796468,LeaderAccept
1785243796461,true,1785243796507,LeaderAccept
1785243796501,true,1785243796547,LeaderAccept
1785243796542,true,1785243796588,LeaderAccept
1785243796582,true,1785243796629,LeaderAccept
1785243796625,false,1785243796671,LeaderAccept
1785243796668,false,1785243796715,LeaderAccept
1785243796713,true,1785243796759,LeaderAccept
1785243796758,false,1785243796805,LeaderAccept
1785243796805,false,1785243796852,LeaderAccept
1785243796852,true,1785243796898,LeaderAccept
1785243796899,true,1785243796946,LeaderAccept
1785243796948,false,1785243796995,LeaderAccept
1785243796999,true,1785243797045,LeaderAccept
1785243797050,false,1785243797097,LeaderAccept
1785243797104,false,1785243797151,LeaderAccept
1785243797159,false,1785243797206,LeaderAccept
1785243797216,false,1785243797263,LeaderAccept
1785243797273,true,1785243797320,LeaderAccept
1785243797333,true,1785243797380,LeaderAccept
1785243797394,false,1785243797441,LeaderAccept
1785243797457,false,1785243797504,LeaderAccept
1785243797522,false,1785243797569,LeaderAccept
1785243797589,false,1785243797635,LeaderAccept
1785243797658,false,1785243797705,LeaderAccept
1785243797730,false,1785243797777,LeaderAccept
1785243797804,true,1785243797850,LeaderAccept
1785243797881,false,1785243797927,LeaderAccept
1785243797961,true,1785243798008,LeaderAccept
1785243798043,true,1785243798090,LeaderAccept
1785243798129,true,1785243798178,LeaderAccept
1785243798220,true,1785243798267,LeaderAccept
1785243798315,false,1785243798362,LeaderAccept
1785243798414,true,1785243798461,LeaderAccept
1785243798518,false,1785243798564,LeaderAccept
1785243798628,true,1785243798674,LeaderAccept
1785243798743,true,1785243798790,LeaderAccept
1785243798866,false,1785243798912,LeaderAccept
1785243798995,false,1785243799042,LeaderAccept
1785243799134,false,1785243799181,LeaderAccept
1785243799282,true,1785243799328,LeaderAccept
1785243799442,true,1785243799489,LeaderAccept
1785243799615,false,1785243799661,LeaderAccept
1785243799804,true,1785243799850,LeaderAccept
1785243800010,true,1785243800057,LeaderAccept
1785243800240,true,1785243800287,LeaderAccept
1785243800497,false,1785243800544,LeaderAccept
1785243800789,false,1785243800836,LeaderAccept
1785243801127,false,1785243801174,LeaderAccept
1785243801528,true,1785243801575,LeaderAccept
1785243802017,true,1785243802065,LeaderAccept
1785243802641,true,1785243802688,LeaderAccept
1785243803494,true,1785243803540,LeaderAccept
1785243804799,true,1785243804845,LeaderAccept
1785243807306,true,1785243807353,LeaderAccept
1785243816081,true,1785243816127,LeaderAccept
1785243827082,false,1785243827129,FastAccept
1785243827098,false,1785243827143,FastAccept
1785243827113,true,1785243827159,FastAccept
1785243827128,true,1785243827174,FastAccept
1785243827143,false,1785243827190,FastAccept
1785243827159,false,1785243827205,FastAccept
1785243827174,false,1785243827221,FastAccept
1785243827190,false,1785243827236,FastAccept
1785243827206,true,1785243827252,FastAccept
1785243827222,true,1785243827268,FastAccept
1785243827238,false,1785243827284,FastAccept
1785243827253,false,1785243827300,FastAccept
1785243827269,false,1785243827316,FastAccept
1785243827286,true,1785243827332,FastAccept
1785243827303,true,1785243827349,FastAccept
1785243827320,false,1785243827366,FastAccept
1785243827337,true,1785243827383,FastAccept
1785243827354,false,1785243827400,FastAccept
1785243827371,false,1785243827417,FastAccept
1785243827388,false,1785243827434,FastAccept
1785243827406,false,1785243827453,FastAccept
1785243827424,true,1785243827470,FastAccept
1785243827442,true,1785243827488,FastAccept
1785243827460,true,1785243827506,FastAccept
1785243827478,true,1785243827524,FastAccept
1785243827496,true,1785243827542,FastAccept
1785243827515,false,1785243827561,FastAccept
1785243827533,false,1785243827579,FastAccept
1785243827551,false,1785243827597,FastAccept
1785243827570,false,1785243827616,FastAccept
1785243827589,false,1785243827634,FastAccept
1785243827608,true,1785243827654,FastAccept
1785243827627,false,1785243827673,FastAccept
1785243827647,false,1785243827693,FastAccept
1785243827666,false,1785243827712,FastAccept
1785243827686,true,1785243827732,FastAccept
1785243827706,true,1785243827752,FastAccept
1785243827726,true,1785243827772,FastAccept
1785243827745,false,1785243827791,FastAccept
1785243827766,false,1785243827812,FastAccept
1785243827787,true,1785243827833,FastAccept
1785243827808,false,1785243827854,FastAccept
1785243827829,false,1785243827875,FastAccept
1785243827851,true,1785243827897,FastAccept
1785243827872,false,1785243827918,FastAccept
1785243827894,false,1785243827942,FastAccept
1785243827916,true,1785243827962,FastAccept
1785243827938,true,1785243827984,FastAccept
1785243827961,false,1785243828007,FastAccept
1785243827983,false,1785243828053,LeaderAccept
1785243828006,true,1785243828072,LeaderAccept
1785243828030,false,1785243828078,LeaderAccept
1785243828053,true,1785243828100,LeaderAccept
1785243828076,false,1785243828123,LeaderAccept
1785243828101,true,1785243828147,LeaderAccept
1785243828125,true,1785243828172,LeaderAccept
1785243828150,false,1785243828196,LeaderAccept
1785243828175,false,1785243828222,LeaderAccept
1785243828199,true,1785243828246,LeaderAccept
1785243828225,true,1785243828272,LeaderAccept
1785243828251,false,1785243828298,LeaderAccept
1785243828276,true,1785243828323,LeaderAccept
1785243828303,true,1785243828350,LeaderAccept
1785243828328,false,1785243828377,LeaderAccept
1785243828355,true,1785243828402,LeaderAccept
1785243828382,false,1785243828428,LeaderAccept
1785243828410,false,1785243828457,LeaderAccept
1785243828437,false,1785243828484,LeaderAccept
1785243828466,false,1785243828513,LeaderAccept
1785243828495,true,1785243828542,LeaderAccept
1785243828524,true,1785243828571,LeaderAccept
1785243828554,false,1785243828600,LeaderAccept
1785243828584,false,1785243828631,LeaderAccept
1785243828614,false,1785243828660,LeaderAccept
1785243828645,false,1785243828691,LeaderAccept
1785243828677,true,1785243828724,LeaderAccept
1785243828708,true,1785243828755,LeaderAccept
1785243828741,false,1785243828789,LeaderAccept
1785243828774,true,1785243828822,LeaderAccept
1785243828808,true,1785243828855,LeaderAccept
1785243828842,false,1785243828889,LeaderAccept
1785243828876,true,1785243828924,LeaderAccept
1785243828911,false,1785243828958,LeaderAccept
1785243828947,false,1785243828993,LeaderAccept
1785243828983,false,1785243829030,LeaderAccept
1785243829020,true,1785243829066,LeaderAccept
1785243829058,false,1785243829105,LeaderAccept
1785243829097,true,1785243829144,LeaderAccept
1785243829136,false,1785243829183,LeaderAccept
1785243829176,false,1785243829223,LeaderAccept
1785243829216,true,1785243829263,LeaderAccept
1785243829257,true,1785243829305,LeaderAccept
1785243829300,true,1785243829347,LeaderAccept
1785243829343,false,1785243829389,LeaderAccept
1785243829386,true,1785243829433,LeaderAccept
1785243829431,true,1785243829477,LeaderAccept
1785243829477,true,1785243829524,LeaderAccept
1785243829523,false,1785243829570,LeaderAccept
1785243829572,false,1785243829618,LeaderAccept
1785243829620,false,1785243829667,LeaderAccept
1785243829670,true,1785243829718,LeaderAccept
1785243829722,false,1785243829768,LeaderAccept
1785243829775,true,1785243829821,LeaderAccept
1785243829829,true,1785243829876,LeaderAccept
1785243829884,false,1785243829931,LeaderAccept
1785243829940,false,1785243829987,LeaderAccept
1785243829999,false,1785243830047,LeaderAccept
1785243830060,false,1785243830107,LeaderAccept
1785243830122,true,1785243830169,LeaderAccept
1785243830187,true,1785243830234,LeaderAccept
1785243830254,true,1785243830301,LeaderAccept
1785243830322,false,1785243830370,LeaderAccept
1785243830394,false,1785243830442,LeaderAccept
1785243830467,true,1785243830514,LeaderAccept
1785243830544,true,1785243830591,LeaderAccept
1785243830623,false,1785243830670,LeaderAccept
1785243830706,true,1785243830754,LeaderAccept
1785243830792,true,1785243830838,LeaderAccept
1785243830881,false,1785243830928,LeaderAccept
1785243830974,false,1785243831021,LeaderAccept
1785243831072,true,1785243831119,LeaderAccept
1785243831175,true,1785243831222,LeaderAccept
1785243831283,false,1785243831330,LeaderAccept
1785243831397,false,1785243831444,LeaderAccept
1785243831518,true,1785243831566,LeaderAccept
1785243831646,false,1785243831693,LeaderAccept
1785243831783,false,1785243831831,LeaderAccept
1785243831929,false,1785243831975,LeaderAccept
1785243832086,true,1785243832133,LeaderAccept
1785243832255,false,1785243832302,LeaderAccept
1785243832440,false,1785243832487,LeaderAccept
1785243832642,true,1785243832689,LeaderAccept
1785243832866,true,1785243832913,LeaderAccept
1785243833116,true,1785243833163,LeaderAccept
1785243833400,true,1785243833446,LeaderAccept
1785243833726,true,1785243833773,LeaderAccept
1785243834109,false,1785243834156,LeaderAccept
1785243834574,true,1785243834621,LeaderAccept
1785243835160,false,1785243835207,LeaderAccept
1785243835945,false,1785243835991,FastAccept
1785243837106,true,1785243837152,FastAccept
1785243839180,false,1785243839226,FastAccept
1785243845027,false,1785243845074,LeaderAccept
1785243868886,false,1785243868932,FastAccept
1785243868903,true,1785243868949,FastAccept
1785243868920,true,1785243868965,FastAccept
1785243868937,true,1785243868983,FastAccept
1785243868954,false,1785243869000,FastAccept
1785243868971,true,1785243869018,FastAccept
1785243868988,false,1785243869034,FastAccept
1785243869006,true,1785243869052,FastAccept
1785243869024,false,1785243869069,FastAccept
1785243869042,false,1785243869087,FastAccept
1785243869060,true,1785243869106,FastAccept
1785243869079,true,1785243869124,FastAccept
1785243869097,true,1785243869142,FastAccept
1785243869115,false,1785243869161,FastAccept
1785243869133,false,1785243869179,FastAccept
1785243869152,false,1785243869199,FastAccept
1785243869172,false,1785243869218,FastAccept
1785243869191,true,1785243869237,FastAccept
1785243869211,false,1785243869257,FastAccept
1785243869231,true,1785243869277,FastAccept
1785243869250,true,1785243869297,FastAccept
1785243869271,false,1785243869317,FastAccept
1785243869291,false,1785243869337,FastAccept
1785243869311,false,1785243869357,FastAccept
1785243869332,true,1785243869378,FastAccept
1785243869353,false,1785243869399,FastAccept
1785243869374,false,1785243869420,FastAccept
1785243869395,true,1785243869441,FastAccept
1785243869417,false,1785243869462,FastAccept
1785243869439,true,1785243869484,FastAccept
1785243869461,true,1785243869507,FastAccept
1785243869483,true,1785243869529,FastAccept
1785243869505,false,1785243869550,FastAccept
1785243869527,true,1785243869573,FastAccept
1785243869550,false,1785243869596,FastAccept
1785243869572,true,1785243869618,FastAccept
1785243869596,false,1785243869642,FastAccept
1785243869619,true,1785243869665,FastAccept
1785243869643,false,1785243869689,FastAccept
1785243869667,false,1785243869713,FastAccept
1785243869692,true,1785243869738,FastAccept
1785243869716,false,1785243869762,FastAccept
1785243869742,true,1785243869788,FastAccept
1785243869766,false,1785243869812,FastAccept
1785243869792,false,1785243869838,FastAccept
1785243869817,true,1785243869863,FastAccept
1785243869844,true,1785243869890,FastAccept
1785243869870,true,1785243869917,FastAccept
1785243869897,true,1785243869943,FastAccept
1785243869925,true,1785243869971,FastAccept
1785243869952,true,1785243869998,FastAccept
1785243869981,false,1785243870027,FastAccept
1785243870008,false,1785243870054,FastAccept
1785243870037,false,1785243870083,FastAccept
1785243870067,false,1785243870113,FastAccept
1785243870096,true,1785243870143,FastAccept
1785243870127,true,1785243870174,FastAccept
1785243870158,false,1785243870204,FastAccept
1785243870189,true,1785243870235,FastAccept
1785243870220,true,1785243870265,FastAccept
1785243870252,false,1785243870298,FastAccept
1785243870284,true,1785243870330,FastAccept
1785243870318,true,1785243870364,FastAccept
1785243870351,false,1785243870398,FastAccept
1785243870386,true,1785243870432,FastAccept
1785243870420,true,1785243870466,FastAccept
1785243870456,false,1785243870502,FastAccept
1785243870492,false,1785243870538,FastAccept
1785243870527,false,1785243870573,FastAccept
1785243870565,false,1785243870611,FastAccept
1785243870603,false,1785243870648,FastAccept
1785243870640,false,1785243870687,FastAccept
1785243870680,true,1785243870726,FastAccept
1785243870720,false,1785243870766,FastAccept
1785243870761,false,1785243870807,FastAccept
1785243870803,false,1785243870849,FastAccept
1785243870846,true,1785243870892,FastAccept
1785243870888,false,1785243870934,FastAccept
1785243870932,false,1785243870978,FastAccept
1785243870978,false,1785243871024,FastAccept
1785243871024,false,1785243871069,FastAccept
1785243871071,true,1785243871117,FastAccept
1785243871119,true,1785243871165,FastAccept
1785243871168,false,1785243871214,FastAccept
1785243871219,true,1785243871265,FastAccept
1785243871271,true,1785243871317,FastAccept
1785243871323,true,1785243871369,FastAccept
1785243871378,false,1785243871424,FastAccept
1785243871433,true,1785243871480,FastAccept
1785243871491,false,1785243871537,FastAccept
1785243871550,false,1785243871596,FastAccept
1785243871611,true,1785243871657,FastAccept
1785243871674,true,1785243871720,FastAccept
1785243871739,false,1785243871785,FastAccept
1785243871806,false,1785243871852,FastAccept
1785243871875,false,1785243871921,FastAccept
1785243871946,true,1785243871992,FastAccept
1785243872020,false,1785243872066,FastAccept
1785243872097,true,1785243872143,FastAccept
1785243872177,false,1785243872222,FastAccept
1785243872259,false,1785243872305,FastAccept
1785243872345,false,1785243872391,FastAccept
1785243872434,true,1785243872481,FastAccept
1785243872529,true,1785243872575,FastAccept
1785243872627,false,1785243872674,FastAccept
1785243872731,true,1785243872777,FastAccept
1785243872840,true,1785243872886,FastAccept
1785243872955,false,1785243873000,FastAccept
1785243873076,true,1785243873122,FastAccept
1785243873204,false,1785243873251,FastAccept
1785243873341,true,1785243873387,FastAccept
1785243873489,true,1785243873535,FastAccept
1785243873647,true,1785243873694,FastAccept
1785243873819,false,1785243873865,FastAccept
1785243874006,false,1785243874051,FastAccept
1785243874211,true,1785243874257,FastAccept
1785243874438,false,1785243874484,FastAccept
1785243874692,true,1785243874738,FastAccept
1785243874980,false,1785243875027,FastAccept
1785243875313,false,1785243875360,FastAccept
1785243875706,false,1785243875753,FastAccept
1785243876183,false,1785243876229,FastAccept
1785243876790,false,1785243876836,FastAccept
1785243877611,false,1785243877657,FastAccept
1785243878848,false,1785243878894,FastAccept
1785243881141,false,1785243881187,FastAccept
1785243888353,true,1785243888400,LeaderAccept
1785243911660,false,1785243911706,FastAccept
1785243911676,false,1785243911722,FastAccept
1785243911691,true,1785243911768,LeaderAccept
1785243911706,false,1785243911771,LeaderAccept
1785243911722,true,1785243911788,LeaderAccept
1785243911738,false,1785243911791,LeaderAccept
1785243911754,true,1785243911809,LeaderAccept
1785243911770,false,1785243911816,LeaderAccept
1785243911786,false,1785243911833,LeaderAccept
1785243911802,true,1785243911849,LeaderAccept
1785243911819,true,1785243911865,LeaderAccept
1785243911835,false,1785243911882,LeaderAccept
1785243911852,true,1785243911899,LeaderAccept
1785243911869,false,1785243911916,LeaderAccept
1785243911886,false,1785243911932,LeaderAccept
1785243911903,true,1785243911949,LeaderAccept
1785243911920,false,1785243911967,LeaderAccept
1785243911938,true,1785243911984,LeaderAccept
1785243911954,false,1785243912001,LeaderAccept
1785243911972,true,1785243912019,LeaderAccept
1785243911990,false,1785243912036,LeaderAccept
1785243912008,true,1785243912054,LeaderAccept
1785243912026,false,1785243912073,LeaderAccept
1785243912044,false,1785243912091,LeaderAccept
1785243912063,true,1785243912110,LeaderAccept
1785243912081,true,1785243912128,LeaderAccept
1785243912100,false,1785243912146,LeaderAccept
1785243912119,true,1785243912165,LeaderAccept
1785243912138,false,1785243912185,LeaderAccept
1785243912158,true,1785243912205,LeaderAccept
1785243912178,true,1785243912225,LeaderAccept
1785243912198,true,1785243912244,LeaderAccept
1785243912218,false,1785243912264,LeaderAccept
1785243912238,false,1785243912285,LeaderAccept
1785243912258,true,1785243912304,LeaderAccept
1785243912278,false,1785243912324,LeaderAccept
1785243912298,false,1785243912344,LeaderAccept
1785243912319,false,1785243912366,LeaderAccept
1785243912339,true,1785243912386,LeaderAccept
1785243912360,false,1785243912406,LeaderAccept
1785243912382,false,1785243912428,LeaderAccept
1785243912404,true,1785243912450,LeaderAccept
1785243912426,true,1785243912472,LeaderAccept
1785243912448,true,1785243912494,LeaderAccept
1785243912471,false,1785243912517,LeaderAccept
1785243912493,false,1785243912539,LeaderAccept
1785243912516,true,1785243912562,LeaderAccept
1785243912539,false,1785243912586,LeaderAccept
1785243912562,true,1785243912608,LeaderAccept
1785243912586,false,1785243912632,LeaderAccept
1785243912610,false,1785243912656,LeaderAccept
1785243912634,true,1785243912680,LeaderAccept
1785243912659,true,1785243912706,LeaderAccept
1785243912684,true,1785243912731,LeaderAccept
1785243912709,true,1785243912756,LeaderAccept
1785243912734,true,1785243912780,LeaderAccept
1785243912760,false,1785243912806,LeaderAccept
1785243912785,true,1785243912831,LeaderAccept
1785243912812,false,1785243912858,LeaderAccept
1785243912838,false,1785243912885,LeaderAccept
1785243912864,false,1785243912911,LeaderAccept
1785243912892,true,1785243912939,LeaderAccept
1785243912920,true,1785243912966,LeaderAccept
1785243912948,false,1785243912995,LeaderAccept
1785243912976,false,1785243913023,LeaderAccept
1785243913005,true,1785243913051,LeaderAccept
1785243913033,false,1785243913080,LeaderAccept
1785243913063,true,1785243913110,LeaderAccept
1785243913093,true,1785243913140,LeaderAccept
1785243913124,false,1785243913171,LeaderAccept
1785243913155,true,1785243913202,LeaderAccept
1785243913187,false,1785243913234,LeaderAccept
1785243913219,true,1785243913265,LeaderAccept
1785243913251,false,1785243913298,LeaderAccept
1785243913284,true,1785243913331,LeaderAccept
1785243913317,true,1785243913364,LeaderAccept
1785243913351,false,1785243913398,LeaderAccept
1785243913386,false,1785243913432,LeaderAccept
1785243913421,true,1785243913468,LeaderAccept
1785243913457,true,1785243913503,LeaderAccept
1785243913493,false,1785243913540,LeaderAccept
1785243913530,false,1785243913578,LeaderAccept
1785243913567,false,1785243913614,LeaderAccept
1785243913606,true,1785243913652,LeaderAccept
1785243913645,false,1785243913691,LeaderAccept
1785243913685,false,1785243913731,LeaderAccept
1785243913725,true,1785243913771,LeaderAccept
1785243913766,true,1785243913812,LeaderAccept
1785243913808,false,1785243913855,LeaderAccept
1785243913851,true,1785243913898,LeaderAccept
1785243913895,false,1785243913941,LeaderAccept
1785243913940,true,1785243913987,LeaderAccept
1785243913986,false,1785243914033,LeaderAccept
1785243914033,false,1785243914080,LeaderAccept
1785243914081,true,1785243914127,LeaderAccept
1785243914129,true,1785243914177,LeaderAccept
1785243914180,false,1785243914227,LeaderAccept
1785243914231,false,1785243914278,LeaderAccept
1785243914284,true,1785243914331,LeaderAccept
1785243914338,false,1785243914385,LeaderAccept
1785243914394,true,1785243914441,LeaderAccept
1785243914451,false,1785243914497,LeaderAccept
1785243914510,false,1785243914556,LeaderAccept
1785243914570,false,1785243914616,LeaderAccept
1785243914632,false,1785243914679,LeaderAccept
1785243914696,false,1785243914743,LeaderAccept
1785243914763,false,1785243914810,LeaderAccept
1785243914832,false,1785243914879,LeaderAccept
1785243914903,true,1785243914950,LeaderAccept
1785243914977,true,1785243915024,LeaderAccept
1785243915053,true,1785243915100,LeaderAccept
1785243915132,true,1785243915179,LeaderAccept
1785243915215,false,1785243915267,LeaderAccept
1785243915300,true,1785243915374,LeaderAccept
1785243915390,false,1785243915436,LeaderAccept
1785243915483,false,1785243915530,LeaderAccept
1785243915580,true,1785243915626,LeaderAccept
1785243915682,true,1785243915728,LeaderAccept
1785243915789,true,1785243915836,LeaderAccept
1785243915902,false,1785243915949,LeaderAccept
1785243916022,false,1785243916069,LeaderAccept
1785243916148,false,1785243916201,LeaderAccept
1785243916284,true,1785243916357,LeaderAccept
1785243916429,false,1785243916482,LeaderAccept
1785243916585,false,1785243916632,FastAccept
1785243916754,false,1785243916800,FastAccept
1785243916936,true,1785243916983,FastAccept
1785243917137,false,1785243917183,FastAccept
1785243917359,false,1785243917405,FastAccept
1785243917606,true,1785243917652,FastAccept
1785243917885,false,1785243917931,FastAccept
1785243918206,true,1785243918260,SlowAccept
1785243918583,true,1785243918629,FastAccept
1785243919038,true,1785243919084,FastAccept
1785243919609,true,1785243919655,FastAccept
1785243920367,false,1785243920413,FastAccept
1785243921474,false,1785243921520,FastAccept
1785243923400,true,1785243923446,FastAccept
1785243928443,true,1785243928488,FastAccept
1785243936094,false,1785243936140,FastAccept
1785243936120,true,1785243936166,FastAccept
1785243936145,true,1785243936191,FastAccept
1785243936170,false,1785243936216,FastAccept
1785243936196,false,1785243936430,LeaderAccept
1785243936222,false,1785243936296,SlowAccept
1785243936249,false,1785243936323,SlowAccept
1785243936276,false,1785243936328,FastAccept
1785243936303,false,1785243936376,SlowAccept
1785243936329,false,1785243936382,FastAccept
1785243936357,true,1785243936430,SlowAccept
1785243936385,false,1785243936438,LeaderAccept
1785243936414,true,1785243936461,LeaderAccept
1785243936443,true,1785243936489,FastAccept
1785243936472,false,1785243936518,FastAccept
1785243936502,true,1785243936548,FastAccept
1785243936532,true,1785243936578,FastAccept
1785243936563,true,1785243936609,FastAccept
1785243936594,true,1785243936641,LeaderAccept
1785243936625,false,1785243936672,FastAccept
1785243936658,false,1785243936705,FastAccept
1785243936691,false,1785243936737,FastAccept
1785243936724,true,1785243936770,FastAccept
1785243936757,true,1785243936804,FastAccept
1785243936791,true,1785243936865,SlowAccept
1785243936826,false,1785243936894,LeaderAccept
1785243936862,true,1785243936908,LeaderAccept
1785243936898,false,1785243936944,LeaderAccept
1785243936934,true,1785243936981,LeaderAccept
1785243936972,true,1785243937018,LeaderAccept
1785243937009,false,1785243937056,LeaderAccept
1785243937048,true,1785243937095,LeaderAccept
1785243937087,false,1785243937134,LeaderAccept
1785243937128,false,1785243937175,LeaderAccept
1785243937169,false,1785243937216,LeaderAccept
1785243937211,false,1785243937258,LeaderAccept
1785243937253,false,1785243937300,LeaderAccept
1785243937297,false,1785243937344,LeaderAccept
1785243937342,false,1785243937388,LeaderAccept
1785243937387,false,1785243937434,LeaderAccept
1785243937433,true,1785243937481,LeaderAccept
1785243937480,true,1785243937528,LeaderAccept
1785243937529,true,1785243937576,LeaderAccept
1785243937579,true,1785243937626,LeaderAccept
1785243937630,false,1785243937677,LeaderAccept
1785243937682,false,1785243937729,LeaderAccept
1785243937735,true,1785243937782,LeaderAccept
1785243937790,true,1785243937838,LeaderAccept
1785243937847,false,1785243937895,LeaderAccept
1785243937905,true,1785243937952,LeaderAccept
1785243937965,false,1785243938012,LeaderAccept
1785243938027,true,1785243938073,LeaderAccept
1785243938090,false,1785243938136,LeaderAccept
1785243938155,true,1785243938202,LeaderAccept
1785243938222,true,1785243938268,LeaderAccept
1785243938292,false,1785243938338,FastAccept
1785243938364,false,1785243938410,FastAccept
1785243938439,true,1785243938485,FastAccept
1785243938517,false,1785243938563,FastAccept
1785243938597,false,1785243938643,FastAccept
1785243938681,true,1785243938727,FastAccept
1785243938768,true,1785243938814,FastAccept
1785243938860,false,1785243938906,FastAccept
1785243938956,true,1785243939002,FastAccept
1785243939055,false,1785243939127,LeaderAccept
1785243939161,false,1785243939207,LeaderAccept
1785243939272,false,1785243939319,LeaderAccept
1785243939389,false,1785243939436,LeaderAccept
1785243939513,false,1785243939559,LeaderAccept
1785243939645,false,1785243939692,LeaderAccept
1785243939786,false,1785243939832,LeaderAccept
1785243939936,false,1785243939983,LeaderAccept
1785243940099,true,1785243940146,LeaderAccept
1785243940275,false,1785243940322,LeaderAccept
1785243940468,true,1785243940515,LeaderAccept
1785243940680,false,1785243940727,LeaderAccept
1785243940916,true,1785243940963,LeaderAccept
1785243941181,false,1785243941228,LeaderAccept
1785243941484,true,1785243941531,LeaderAccept
1785243941835,true,1785243941882,LeaderAccept
1785243942253,true,1785243942300,LeaderAccept
1785243942769,true,1785243942816,LeaderAccept
1785243943437,true,1785243943484,LeaderAccept
1785243944369,true,1785243944416,LeaderAccept
1785243945853,true,1785243945901,LeaderAccept
1785243948968,true,1785243949014,FastAccept
