request_time,write,response_time,accept_status
1785243529407,true,1785243529447,FastAccept
1785243529482,false,1785243529522,FastAccept
1785243529560,false,1785243529600,FastAccept
1785243529641,false,1785243529681,FastAccept
1785243529726,true,1785243529766,FastAccept
1785243529814,true,1785243529855,FastAccept
1785243529906,false,1785243529947,FastAccept
1785243530002,true,1785243530053,LeaderAccept
1785243530103,true,1785243530153,LeaderAccept
1785243530209,true,1785243530260,LeaderAccept
1785243530321,true,1785243530372,LeaderAccept
1785243530439,true,1785243530489,LeaderAccept
1785243530564,false,1785243530614,LeaderAccept
1785243530697,true,1785243530748,LeaderAccept
1785243530840,false,1785243530891,LeaderAccept
1785243530993,false,1785243531044,LeaderAccept
1785243531158,true,1785243531209,LeaderAccept
1785243531337,false,1785243531388,LeaderAccept
1785243531533,true,1785243531584,LeaderAccept
1785243531749,true,1785243531800,LeaderAccept
1785243531989,true,1785243532039,LeaderAccept
1785243532260,false,1785243532310,LeaderAccept
1785243532570,true,1785243532621,LeaderAccept
1785243532931,false,1785243532981,LeaderAccept
1785243533364,false,1785243533415,LeaderAccept
1785243533901,false,1785243533952,LeaderAccept
1785243534603,false,1785243534653,LeaderAccept
1785243535599,false,1785243535650,LeaderAccept
1785243537239,false,1785243537289,LeaderAccept
1785243540960,false,1785243541010,LeaderAccept
1785243556172,false,1785243556212,FastAccept
1785243556197,false,1785243556237,FastAccept
1785243556223,false,1785243556282,LeaderAccept
1785243556249,true,1785243556303,LeaderAccept
1785243556276,true,1785243556326,LeaderAccept
1785243556302,true,1785243556352,LeaderAccept
1785243556329,false,1785243556380,LeaderAccept
1785243556357,false,1785243556407,LeaderAccept
1785243556385,false,1785243556435,LeaderAccept
1785243556413,false,1785243556464,LeaderAccept
1785243556442,true,1785243556493,LeaderAccept
1785243556471,true,1785243556522,LeaderAccept
1785243556501,true,1785243556551,LeaderAccept
1785243556531,false,1785243556581,LeaderAccept
1785243556561,false,1785243556611,LeaderAccept
1785243556592,true,1785243556643,LeaderAccept
1785243556624,true,1785243556674,LeaderAccept
1785243556656,true,1785243556706,LeaderAccept
1785243556688,true,1785243556739,LeaderAccept
1785243556721,true,1785243556771,LeaderAccept
1785243556754,true,1785243556804,LeaderAccept
1785243556788,true,1785243556838,LeaderAccept
1785243556822,true,1785243556873,LeaderAccept
1785243556857,true,1785243556908,LeaderAccept
1785243556893,true,1785243556944,LeaderAccept
1785243556929,false,1785243556980,LeaderAccept
1785243556966,true,1785243557016,LeaderAccept
1785243557003,false,1785243557053,LeaderAccept
1785243557041,false,1785243557092,LeaderAccept
1785243557080,false,1785243557131,LeaderAccept
1785243557120,false,1785243557171,LeaderAccept
1785243557160,true,1785243557210,LeaderAccept
1785243557201,false,1785243557251,LeaderAccept
1785243557243,true,1785243557293,LeaderAccept
1785243557286,true,1785243557336,LeaderAccept
1785243557329,false,1785243557379,LeaderAccept
1785243557373,true,1785243557423,LeaderAccept
1785243557419,true,1785243557469,LeaderAccept
1785243557465,false,1785243557515,LeaderAccept
1785243557512,true,1785243557563,LeaderAccept
1785243557561,true,1785243557612,LeaderAccept
1785243557611,false,1785243557661,LeaderAccept
1785243557661,true,1785243557712,LeaderAccept
1785243557714,true,1785243557764,LeaderAccept
1785243557768,false,1785243557819,LeaderAccept
1785243557824,true,1785243557875,LeaderAccept
1785243557881,true,1785243557932,LeaderAccept
1785243557940,false,1785243557990,LeaderAccept
1785243558000,false,1785243558050,LeaderAccept
1785243558061,false,1785243558111,LeaderAccept
1785243558125,true,1785243558175,LeaderAccept
1785243558190,true,1785243558241,LeaderAccept
1785243558258,true,1785243558308,LeaderAccept
1785243558329,false,1785243558379,LeaderAccept
1785243558401,true,1785243558452,LeaderAccept
1785243558476,false,1785243558526,LeaderAccept
1785243558554,false,1785243558605,LeaderAccept
1785243558635,false,1785243558685,LeaderAccept
1785243558719,false,1785243558770,LeaderAccept
1785243558807,true,1785243558858,LeaderAccept
1785243558899,true,1785243558949,LeaderAccept
1785243558995,false,1785243559046,LeaderAccept
1785243559096,true,1785243559146,LeaderAccept
1785243559202,true,1785243559252,LeaderAccept
1785243559313,false,1785243559363,LeaderAccept
1785243559431,true,1785243559482,LeaderAccept
1785243559556,false,1785243559606,LeaderAccept
1785243559689,true,1785243559739,LeaderAccept
1785243559832,false,1785243559882,LeaderAccept
1785243559984,true,1785243560034,LeaderAccept
1785243560148,true,1785243560199,LeaderAccept
1785243560326,true,1785243560376,LeaderAccept
1785243560521,false,1785243560571,LeaderAccept
1785243560736,true,1785243560787,LeaderAccept
1785243560976,true,1785243561026,LeaderAccept
1785243561245,true,1785243561285,FastAccept
1785243561553,true,1785243561593,FastAccept
1785243561912,true,1785243561951,FastAccept
1785243562342,false,1785243562382,FastAccept
1785243562875,false,1785243562925,LeaderAccept
1785243563570,true,1785243563620,LeaderAccept
1785243564553,false,1785243564605,LeaderAccept
1785243566161,false,1785243566212,LeaderAccept
1785243569751,true,1785243569802,LeaderAccept
1785243583049,true,1785243583099,LeaderAccept
1785243583066,false,1785243583116,LeaderAccept
1785243583084,false,1785243583134,LeaderAccept
1785243583102,true,1785243583152,LeaderAccept
1785243583120,true,1785243583170,LeaderAccept
1785243583138,true,1785243583189,LeaderAccept
1785243583157,false,1785243583207,LeaderAccept
1785243583176,false,1785243583226,LeaderAccept
1785243583194,false,1785243583244,LeaderAccept
1785243583213,true,1785243583264,LeaderAccept
1785243583233,true,1785243583283,LeaderAccept
1785243583252,false,1785243583303,LeaderAccept
1785243583272,false,1785243583322,LeaderAccept
1785243583291,false,1785243583341,LeaderAccept
1785243583311,true,1785243583361,LeaderAccept
1785243583331,true,1785243583381,LeaderAccept
1785243583352,false,1785243583402,LeaderAccept
1785243583373,true,1785243583423,LeaderAccept
1785243583395,false,1785243583444,LeaderAccept
1785243583415,true,1785243583465,LeaderAccept
1785243583436,false,1785243583487,LeaderAccept
1785243583457,true,1785243583507,LeaderAccept
1785243583479,false,1785243583529,LeaderAccept
1785243583501,false,1785243583551,LeaderAccept
1785243583523,true,1785243583573,LeaderAccept
1785243583545,true,1785243583596,LeaderAccept
1785243583567,true,1785243583617,LeaderAccept
1785243583590,true,1785243583641,LeaderAccept
1785243583613,false,1785243583663,LeaderAccept
1785243583636,true,1785243583687,LeaderAccept
1785243583660,false,1785243583710,LeaderAccept
1785243583683,true,1785243583733,LeaderAccept
1785243583707,true,1785243583757,LeaderAccept
1785243583731,true,1785243583781,LeaderAccept
1785243583755,true,1785243583806,LeaderAccept
1785243583779,false,1785243583830,LeaderAccept
1785243583804,false,1785243583855,LeaderAccept
1785243583830,true,1785243583881,LeaderAccept
1785243583855,false,1785243583905,LeaderAccept
1785243583881,true,1785243583931,LeaderAccept
1785243583906,true,1785243583957,LeaderAccept
1785243583933,true,1785243583983,LeaderAccept
1785243583960,false,1785243584011,LeaderAccept
1785243583987,false,1785243584038,LeaderAccept
1785243584015,true,1785243584065,LeaderAccept
1785243584043,true,1785243584094,LeaderAccept
1785243584072,true,1785243584122,LeaderAccept
1785243584100,false,1785243584151,LeaderAccept
1785243584129,true,1785243584180,LeaderAccept
1785243584159,false,1785243584210,LeaderAccept
1785243584189,false,1785243584239,LeaderAccept
1785243584220,false,1785243584270,LeaderAccept
1785243584251,true,1785243584302,LeaderAccept
1785243584282,true,1785243584334,LeaderAccept
1785243584314,false,1785243584365,LeaderAccept
1785243584346,false,1785243584396,LeaderAccept
1785243584378,true,1785243584428,LeaderAccept
1785243584411,false,1785243584461,LeaderAccept
1785243584444,true,1785243584494,LeaderAccept
1785243584478,true,1785243584529,LeaderAccept
1785243584513,false,1785243584563,LeaderAccept
1785243584549,true,1785243584599,LeaderAccept
1785243584585,false,1785243584638,LeaderAccept
1785243584622,true,1785243584673,LeaderAccept
1785243584660,false,1785243584711,LeaderAccept
1785243584698,false,1785243584749,LeaderAccept
1785243584737,true,1785243584789,LeaderAccept
1785243584777,false,1785243584828,LeaderAccept
1785243584818,true,1785243584868,LeaderAccept
1785243584859,true,1785243584910,LeaderAccept
1785243584901,false,1785243584951,LeaderAccept
1785243584944,true,1785243584995,LeaderAccept
1785243584989,true,1785243585039,LeaderAccept
1785243585033,false,1785243585084,LeaderAccept
1785243585079,true,1785243585129,LeaderAccept
1785243585125,false,1785243585176,LeaderAccept
1785243585173,false,1785243585224,LeaderAccept
1785243585222,true,1785243585273,LeaderAccept
1785243585272,false,1785243585323,LeaderAccept
1785243585324,false,1785243585373,LeaderAccept
1785243585376,true,1785243585427,LeaderAccept
1785243585430,true,1785243585480,LeaderAccept
1785243585485,false,1785243585536,LeaderAccept
1785243585542,true,1785243585592,LeaderAccept
1785243585600,true,1785243585650,LeaderAccept
1785243585660,true,1785243585711,LeaderAccept
1785243585722,true,1785243585773,LeaderAccept
1785243585786,false,1785243585837,LeaderAccept
1785243585852,false,1785243585902,LeaderAccept
1785243585920,true,1785243585970,LeaderAccept
1785243585990,true,1785243586041,LeaderAccept
1785243586063,true,1785243586113,LeaderAccept
1785243586140,false,1785243586190,LeaderAccept
1785243586218,true,1785243586269,LeaderAccept
1785243586300,false,1785243586351,LeaderAccept
1785243586385,false,1785243586436,LeaderAccept
1785243586473,false,1785243586524,LeaderAccept
1785243586566,false,1785243586617,LeaderAccept
1785243586663,false,1785243586713,LeaderAccept
1785243586764,true,1785243586814,LeaderAccept
1785243586871,false,1785243586922,LeaderAccept
1785243586985,false,1785243587035,LeaderAccept
1785243587104,false,1785243587155,LeaderAccept
1785243587231,true,1785243587282,LeaderAccept
1785243587366,false,1785243587417,LeaderAccept
1785243587510,false,1785243587561,LeaderAccept
1785243587665,true,1785243587716,LeaderAccept
1785243587832,false,1785243587883,LeaderAccept
1785243588014,true,1785243588064,LeaderAccept
1785243588213,true,1785243588264,LeaderAccept
1785243588432,false,1785243588487,LeaderAccept
1785243588677,true,1785243588728,LeaderAccept
1785243588953,true,1785243589005,LeaderAccept
1785243589270,false,1785243589310,FastAccept
1785243589641,false,1785243589681,FastAccept
1785243590087,false,1785243590127,FastAccept
1785243590645,true,1785243590686,FastAccept
1785243591381,false,1785243591421,FastAccept
1785243592444,false,1785243592484,FastAccept
1785243594253,false,1785243594294,FastAccept
1785243598723,true,1785243598772,LeaderAccept
1785243607650,true,1785243607691,FastAccept
1785243607668,true,1785243607708,FastAccept
1785243607685,false,1785243607726,FastAccept
1785243607703,true,1785243607743,FastAccept
1785243607721,false,1785243607761,FastAccept
1785243607739,true,1785243607779,FastAccept
1785243607757,true,1785243607798,FastAccept
1785243607775,false,1785243607816,FastAccept
1785243607794,false,1785243607834,FastAccept
1785243607812,false,1785243607852,FastAccept
1785243607831,false,1785243607872,FastAccept
1785243607850,true,1785243607891,FastAccept
1785243607869,false,1785243607910,FastAccept
1785243607888,true,1785243607928,FastAccept
1785243607907,false,1785243607948,FastAccept
1785243607926,true,1785243607966,FastAccept
1785243607946,true,1785243607986,FastAccept
1785243607966,true,1785243608006,FastAccept
1785243607986,false,1785243608026,FastAccept
1785243608006,true,1785243608047,FastAccept
1785243608027,true,1785243608067,FastAccept
1785243608048,false,1785243608088,FastAccept
1785243608069,true,1785243608110,FastAccept
1785243608091,true,1785243608132,FastAccept
1785243608113,true,1785243608153,FastAccept
1785243608135,true,1785243608175,FastAccept
1785243608157,false,1785243608198,FastAccept
1785243608179,false,1785243608220,FastAccept
1785243608202,false,1785243608242,FastAccept
1785243608224,false,1785243608264,FastAccept
1785243608247,false,1785243608288,FastAccept
1785243608270,true,1785243608310,FastAccept
1785243608293,true,1785243608333,FastAccept
1785243608316,false,1785243608357,FastAccept
1785243608340,false,1785243608381,FastAccept
1785243608365,false,1785243608406,FastAccept
1785243608389,true,1785243608430,FastAccept
1785243608414,true,1785243608454,FastAccept
1785243608439,false,1785243608480,FastAccept
1785243608465,false,1785243608505,FastAccept
1785243608491,false,1785243608532,FastAccept
1785243608517,true,1785243608567,LeaderAccept
1785243608543,true,1785243608594,LeaderAccept
1785243608569,true,1785243608620,LeaderAccept
1785243608596,false,1785243608647,LeaderAccept
1785243608623,true,1785243608674,LeaderAccept
1785243608651,true,1785243608703,LeaderAccept
1785243608679,true,1785243608731,LeaderAccept
1785243608708,false,1785243608760,LeaderAccept
1785243608737,false,1785243608788,LeaderAccept
1785243608766,true,1785243608817,LeaderAccept
1785243608795,false,1785243608846,LeaderAccept
1785243608825,true,1785243608875,LeaderAccept
1785243608855,true,1785243608907,LeaderAccept
1785243608886,true,1785243608938,LeaderAccept
1785243608918,false,1785243608969,LeaderAccept
1785243608950,false,1785243609001,LeaderAccept
1785243608982,true,1785243609033,LeaderAccept
1785243609015,true,1785243609066,LeaderAccept
1785243609049,false,1785243609101,LeaderAccept
1785243609083,false,1785243609135,LeaderAccept
1785243609117,true,1785243609169,LeaderAccept
1785243609152,true,1785243609204,LeaderAccept
1785243609187,false,1785243609239,LeaderAccept
1785243609223,true,1785243609274,LeaderAccept
1785243609260,false,1785243609311,LeaderAccept
1785243609298,true,1785243609349,LeaderAccept
1785243609336,true,1785243609388,LeaderAccept
1785243609375,true,1785243609426,LeaderAccept
1785243609414,false,1785243609465,LeaderAccept
1785243609454,false,1785243609505,LeaderAccept
1785243609495,true,1785243609546,LeaderAccept
1785243609537,false,1785243609589,LeaderAccept
1785243609580,false,1785243609632,LeaderAccept
1785243609624,true,1785243609674,LeaderAccept
1785243609669,false,1785243609721,LeaderAccept
1785243609715,false,1785243609766,LeaderAccept
1785243609762,false,1785243609814,LeaderAccept
1785243609810,true,1785243609861,LeaderAccept
1785243609859,false,1785243609910,LeaderAccept
1785243609909,false,1785243609960,LeaderAccept
1785243609960,true,1785243610010,LeaderAccept
1785243610012,false,1785243610063,LeaderAccept
1785243610066,false,1785243610117,LeaderAccept
1785243610122,true,1785243610172,LeaderAccept
1785243610179,true,1785243610230,LeaderAccept
1785243610237,true,1785243610288,LeaderAccept
1785243610297,false,1785243610348,LeaderAccept
1785243610360,true,1785243610411,LeaderAccept
1785243610425,false,1785243610476,LeaderAccept
1785243610491,true,1785243610542,LeaderAccept
1785243610559,true,1785243610610,LeaderAccept
1785243610630,false,1785243610681,LeaderAccept
1785243610703,false,1785243610757,LeaderAccept
1785243610779,true,1785243610830,LeaderAccept
1785243610858,false,1785243610908,LeaderAccept
1785243610940,false,1785243610991,LeaderAccept
1785243611026,true,1785243611078,LeaderAccept
1785243611116,false,1785243611167,LeaderAccept
1785243611209,true,1785243611260,LeaderAccept
1785243611307,false,1785243611359,LeaderAccept
1785243611410,false,1785243611461,LeaderAccept
1785243611518,false,1785243611570,LeaderAccept
1785243611631,true,1785243611682,LeaderAccept
1785243611751,false,1785243611802,LeaderAccept
1785243611880,false,1785243611930,LeaderAccept
1785243612015,true,1785243612066,LeaderAccept
1785243612161,false,1785243612212,LeaderAccept
1785243612317,true,1785243612369,LeaderAccept
1785243612485,false,1785243612536,LeaderAccept
1785243612669,true,1785243612721,LeaderAccept
1785243612870,true,1785243612921,LeaderAccept
1785243613092,true,1785243613143,LeaderAccept
1785243613340,false,1785243613390,LeaderAccept
1785243613621,false,1785243613672,LeaderAccept
1785243613943,false,1785243613995,LeaderAccept
1785243614323,true,1785243614373,LeaderAccept
1785243614782,false,1785243614832,LeaderAccept
1785243615358,false,1785243615409,LeaderAccept
1785243616126,false,1785243616177,LeaderAccept
1785243617253,true,1785243617303,LeaderAccept
1785243619232,false,1785243619282,LeaderAccept
1785243623401,false,1785243623441,FastAccept
1785243623416,true,1785243623457,FastAccept
1785243623432,true,1785243623472,FastAccept
1785243623447,true,1785243623488,FastAccept
1785243623463,false,1785243623504,FastAccept
1785243623479,false,1785243623519,FastAccept
1785243623495,false,1785243623535,FastAccept
1785243623511,false,1785243623551,FastAccept
1785243623527,false,1785243623567,FastAccept
1785243623543,true,1785243623583,FastAccept
1785243623560,false,1785243623600,FastAccept
1785243623577,false,1785243623617,FastAccept
1785243623593,false,1785243623633,FastAccept
1785243623609,true,1785243623649,FastAccept
1785243623626,true,1785243623666,FastAccept
1785243623643,true,1785243623751,LeaderAccept
1785243623660,true,1785243623729,SlowAccept
1785243623677,false,1785243623731,FastAccept
1785243623695,true,1785243623749,LeaderAccept
1785243623712,true,1785243623762,LeaderAccept
1785243623730,true,1785243623780,LeaderAccept
1785243623748,false,1785243623798,LeaderAccept
1785243623766,false,1785243623816,LeaderAccept
1785243623784,false,1785243623835,LeaderAccept
1785243623803,true,1785243623854,LeaderAccept
1785243623821,true,1785243623872,LeaderAccept
1785243623840,false,1785243623891,LeaderAccept
1785243623859,false,1785243623909,LeaderAccept
1785243623878,true,1785243623929,LeaderAccept
1785243623897,true,1785243623948,LeaderAccept
1785243623916,true,1785243623966,LeaderAccept
1785243623935,true,1785243623985,LeaderAccept
1785243623954,false,1785243624004,LeaderAccept
1785243623973,true,1785243624024,LeaderAccept
1785243623993,false,1785243624044,LeaderAccept
1785243624013,false,1785243624063,LeaderAccept
1785243624033,true,1785243624083,LeaderAccept
1785243624054,false,1785243624104,LeaderAccept
1785243624074,false,1785243624125,LeaderAccept
1785243624096,false,1785243624146,LeaderAccept
1785243624117,true,1785243624167,LeaderAccept
1785243624138,true,1785243624188,LeaderAccept
1785243624159,false,1785243624209,LeaderAccept
1785243624181,false,1785243624231,LeaderAccept
1785243624203,true,1785243624253,LeaderAccept
1785243624226,false,1785243624276,LeaderAccept
1785243624248,false,1785243624298,LeaderAccept
1785243624270,true,1785243624321,LeaderAccept
1785243624293,true,1785243624344,LeaderAccept
1785243624317,false,1785243624367,LeaderAccept
1785243624341,true,1785243624391,LeaderAccept
1785243624365,true,1785243624416,LeaderAccept
1785243624389,false,1785243624439,LeaderAccept
1785243624413,false,1785243624463,LeaderAccept
1785243624437,true,1785243624487,LeaderAccept
1785243624462,true,1785243624512,LeaderAccept
1785243624487,false,1785243624537,LeaderAccept
1785243624512,true,1785243624562,LeaderAccept
1785243624537,false,1785243624588,LeaderAccept
1785243624563,false,1785243624614,LeaderAccept
1785243624589,false,1785243624639,LeaderAccept
1785243624615,false,1785243624665,LeaderAccept
1785243624642,true,1785243624692,LeaderAccept
1785243624670,true,1785243624721,LeaderAccept
1785243624698,true,1785243624747,LeaderAccept
1785243624726,false,1785243624776,LeaderAccept
1785243624754,true,1785243624804,LeaderAccept
1785243624782,true,1785243624833,LeaderAccept
1785243624811,true,1785243624862,LeaderAccept
1785243624841,true,1785243624891,LeaderAccept
1785243624871,false,1785243624921,LeaderAccept
1785243624901,true,1785243624951,LeaderAccept
1785243624932,true,1785243624982,LeaderAccept
1785243624964,true,1785243625015,LeaderAccept
1785243624996,false,1785243625046,LeaderAccept
1785243625028,true,1785243625079,LeaderAccept
1785243625061,false,1785243625112,LeaderAccept
1785243625095,false,1785243625146,LeaderAccept
1785243625129,true,1785243625180,LeaderAccept
1785243625164,true,1785243625215,LeaderAccept
1785243625200,false,1785243625250,LeaderAccept
1785243625236,false,1785243625287,LeaderAccept
1785243625273,true,1785243625324,LeaderAccept
1785243625310,true,1785243625360,LeaderAccept
1785243625348,false,1785243625399,LeaderAccept
1785243625387,false,1785243625437,LeaderAccept
1785243625426,true,1785243625477,LeaderAccept
1785243625466,true,1785243625517,LeaderAccept
1785243625507,true,1785243625558,LeaderAccept
1785243625549,false,1785243625600,LeaderAccept
1785243625591,true,1785243625642,LeaderAccept
1785243625634,false,1785243625685,LeaderAccept
1785243625678,false,1785243625728,LeaderAccept
1785243625723,false,1785243625774,LeaderAccept
1785243625769,true,1785243625820,LeaderAccept
1785243625817,true,1785243625868,LeaderAccept
1785243625865,true,1785243625916,LeaderAccept
1785243625915,true,1785243625965,LeaderAccept
1785243625965,false,1785243626016,LeaderAccept
1785243626017,true,1785243626068,LeaderAccept
1785243626070,true,1785243626121,LeaderAccept
1785243626124,true,1785243626174,LeaderAccept
1785243626180,true,1785243626231,LeaderAccept
1785243626238,false,1785243626289,LeaderAccept
1785243626298,false,1785243626349,LeaderAccept
1785243626359,false,1785243626409,LeaderAccept
1785243626422,false,1785243626472,LeaderAccept
1785243626487,false,1785243626538,LeaderAccept
1785243626554,true,1785243626605,LeaderAccept
1785243626623,true,1785243626674,LeaderAccept
1785243626695,true,1785243626746,LeaderAccept
1785243626770,true,1785243626820,LeaderAccept
1785243626847,false,1785243626898,LeaderAccept
1785243626928,true,1785243626978,LeaderAccept
1785243627011,false,1785243627061,LeaderAccept
1785243627099,false,1785243627150,LeaderAccept
1785243627189,true,1785243627240,LeaderAccept
1785243627284,true,1785243627335,LeaderAccept
1785243627383,false,1785243627434,LeaderAccept
1785243627487,false,1785243627538,LeaderAccept
1785243627597,false,1785243627648,LeaderAccept
1785243627713,false,1785243627764,LeaderAccept
1785243627836,true,1785243627887,LeaderAccept
1785243627967,true,1785243628017,LeaderAccept
1785243628107,true,1785243628157,LeaderAccept
1785243628256,false,1785243628307,LeaderAccept
1785243628417,true,1785243628468,LeaderAccept
1785243628591,false,1785243628641,LeaderAccept
1785243628782,false,1785243628832,LeaderAccept
1785243628990,true,1785243629040,LeaderAccept
1785243629221,false,1785243629271,LeaderAccept
1785243629480,true,1785243629530,LeaderAccept
1785243629776,false,1785243629826,LeaderAccept
1785243630118,true,1785243630169,LeaderAccept
1785243630526,false,1785243630576,LeaderAccept
1785243631024,true,1785243631074,LeaderAccept
1785243631662,true,1785243631713,LeaderAccept
1785243632540,true,1785243632591,LeaderAccept
1785243633901,true,1785243633951,LeaderAccept
1785243636587,true,1785243636638,LeaderAccept
1785243637261,true,1785243637311,LeaderAccept
1785243637281,false,1785243637331,LeaderAccept
1785243637302,true,1785243637352,LeaderAccept
1785243637323,true,1785243637372,LeaderAccept
1785243637344,false,1785243637394,LeaderAccept
1785243637365,true,1785243637416,LeaderAccept
1785243637387,true,1785243637436,LeaderAccept
1785243637408,false,1785243637458,LeaderAccept
1785243637430,false,1785243637480,LeaderAccept
1785243637452,false,1785243637501,LeaderAccept
1785243637474,true,1785243637524,LeaderAccept
1785243637497,true,1785243637547,LeaderAccept
1785243637520,false,1785243637570,LeaderAccept
1785243637543,false,1785243637594,LeaderAccept
1785243637567,true,1785243637618,LeaderAccept
1785243637591,true,1785243637641,LeaderAccept
1785243637615,false,1785243637664,LeaderAccept
1785243637639,false,1785243637689,LeaderAccept
1785243637663,true,1785243637714,LeaderAccept
1785243637689,false,1785243637739,LeaderAccept
1785243637714,false,1785243637764,LeaderAccept
1785243637739,false,1785243637789,LeaderAccept
1785243637764,true,1785243637815,LeaderAccept
1785243637789,false,1785243637840,LeaderAccept
1785243637816,false,1785243637865,LeaderAccept
1785243637842,false,1785243637893,LeaderAccept
1785243637869,true,1785243637920,LeaderAccept
1785243637897,false,1785243637947,LeaderAccept
1785243637925,false,1785243637975,LeaderAccept
1785243637953,false,1785243638003,LeaderAccept
1785243637981,false,1785243638031,LeaderAccept
1785243638009,true,1785243638060,LeaderAccept
1785243638039,false,1785243638089,LeaderAccept
1785243638069,false,1785243638119,LeaderAccept
1785243638098,false,1785243638148,LeaderAccept
1785243638129,true,1785243638180,LeaderAccept
1785243638160,true,1785243638211,LeaderAccept
1785243638192,true,1785243638243,LeaderAccept
1785243638224,true,1785243638274,LeaderAccept
1785243638256,false,1785243638306,LeaderAccept
1785243638289,true,1785243638340,LeaderAccept
1785243638323,false,1785243638373,LeaderAccept
1785243638357,false,1785243638407,LeaderAccept
1785243638391,true,1785243638442,LeaderAccept
1785243638426,false,1785243638476,LeaderAccept
1785243638461,true,1785243638511,LeaderAccept
1785243638497,false,1785243638547,LeaderAccept
1785243638534,false,1785243638585,LeaderAccept
1785243638572,true,1785243638622,LeaderAccept
1785243638610,false,1785243638660,LeaderAccept
1785243638649,false,1785243638700,LeaderAccept
1785243638689,true,1785243638740,LeaderAccept
1785243638730,true,1785243638781,LeaderAccept
1785243638771,true,1785243638821,LeaderAccept
1785243638813,false,1785243638863,LeaderAccept
1785243638856,false,1785243638906,LeaderAccept
1785243638900,true,1785243638950,LeaderAccept
1785243638944,false,1785243638995,LeaderAccept
1785243638989,true,1785243639041,LeaderAccept
1785243639036,true,1785243639086,LeaderAccept
1785243639084,false,1785243639134,LeaderAccept
1785243639133,true,1785243639183,LeaderAccept
1785243639183,false,1785243639234,LeaderAccept
1785243639235,false,1785243639286,LeaderAccept
1785243639287,true,1785243639338,LeaderAccept
1785243639341,true,1785243639392,LeaderAccept
1785243639397,false,1785243639448,LeaderAccept
1785243639454,true,1785243639505,LeaderAccept
1785243639513,false,1785243639564,LeaderAccept
1785243639573,false,1785243639624,LeaderAccept
1785243639635,false,1785243639685,LeaderAccept
1785243639700,false,1785243639751,LeaderAccept
1785243639766,false,1785243639817,LeaderAccept
1785243639834,true,1785243639885,LeaderAccept
1785243639905,false,1785243639956,LeaderAccept
1785243639979,true,1785243640029,LeaderAccept
1785243640055,true,1785243640107,LeaderAccept
1785243640134,true,1785243640186,LeaderAccept
1785243640216,false,1785243640267,LeaderAccept
1785243640301,false,1785243640353,LeaderAccept
1785243640391,false,1785243640442,LeaderAccept
1785243640484,true,1785243640535,LeaderAccept
1785243640582,false,1785243640633,LeaderAccept
1785243640685,true,1785243640735,LeaderAccept
1785243640793,false,1785243640843,LeaderAccept
1785243640906,false,1785243640957,LeaderAccept
1785243641026,true,1785243641077,LeaderAccept
1785243641154,true,1785243641205,LeaderAccept
1785243641290,false,1785243641341,LeaderAccept
1785243641436,false,1785243641486,LeaderAccept
1785243641592,true,1785243641642,LeaderAccept
1785243641760,false,1785243641810,LeaderAccept
1785243641943,true,1785243641994,LeaderAccept
1785243642144,true,1785243642195,LeaderAccept
1785243642366,false,1785243642416,LeaderAccept
1785243642614,true,1785243642664,LeaderAccept
1785243642895,true,1785243642946,LeaderAccept
1785243643219,true,1785243643269,LeaderAccept
1785243643598,true,1785243643648,LeaderAccept
1785243644056,true,1785243644106,LeaderAccept
1785243644633,true,1785243644685,LeaderAccept
1785243645402,true,1785243645453,LeaderAccept
1785243646531,false,1785243646592,SlowAccept
1785243648514,false,1785243648554,FastAccept
1785243651629,false,1785243651669,FastAccept
1785243651651,true,1785243651691,FastAccept
1785243651673,true,1785243651713,FastAccept
1785243651695,true,1785243651735,FastAccept
1785243651718,true,1785243651758,FastAccept
1785243651741,true,1785243651781,FastAccept
1785243651765,true,1785243651805,FastAccept
1785243651788,true,1785243651828,FastAccept
1785243651812,true,1785243651852,FastAccept
1785243651836,true,1785243651877,FastAccept
1785243651861,true,1785243651901,FastAccept
1785243651886,true,1785243651926,FastAccept
1785243651911,false,1785243651951,FastAccept
1785243651936,true,1785243651977,FastAccept
1785243651962,true,1785243652002,FastAccept
1785243651988,false,1785243652028,FastAccept
1785243652014,true,1785243652054,FastAccept
1785243652040,true,1785243652081,FastAccept
1785243652067,false,1785243652107,FastAccept
1785243652095,false,1785243652135,FastAccept
1785243652122,true,1785243652162,FastAccept
1785243652150,false,1785243652190,FastAccept
1785243652178,false,1785243652218,FastAccept
1785243652207,true,1785243652247,FastAccept
1785243652236,false,1785243652276,FastAccept
1785243652265,false,1785243652306,FastAccept
1785243652295,true,1785243652336,FastAccept
1785243652326,true,1785243652366,FastAccept
1785243652357,false,1785243652397,FastAccept
1785243652388,false,1785243652429,FastAccept
1785243652420,true,1785243652460,FastAccept
1785243652452,true,1785243652492,FastAccept
1785243652485,false,1785243652526,FastAccept
1785243652520,true,1785243652560,FastAccept
1785243652553,true,1785243652593,FastAccept
1785243652588,true,1785243652628,FastAccept
1785243652623,true,1785243652664,FastAccept
1785243652659,false,1785243652699,FastAccept
1785243652695,false,1785243652735,FastAccept
1785243652732,true,1785243652772,FastAccept
1785243652770,false,1785243652810,FastAccept
1785243652809,true,1785243652849,FastAccept
1785243652848,true,1785243652889,FastAccept
1785243652888,true,1785243652929,FastAccept
1785243652929,true,1785243652969,FastAccept
1785243652969,false,1785243653010,FastAccept
1785243653012,false,1785243653053,FastAccept
1785243653055,false,1785243653095,FastAccept
1785243653099,true,1785243653140,FastAccept
1785243653144,false,1785243653185,FastAccept
1785243653190,true,1785243653230,FastAccept
1785243653237,false,1785243653278,FastAccept
1785243653285,true,1785243653326,FastAccept
1785243653335,true,1785243653376,FastAccept
1785243653386,true,1785243653427,FastAccept
1785243653437,false,1785243653477,FastAccept
1785243653490,true,1785243653530,FastAccept
1785243653545,false,1785243653585,FastAccept
1785243653600,true,1785243653641,FastAccept
1785243653658,true,1785243653698,FastAccept
1785243653717,false,1785243653757,FastAccept
1785243653778,true,1785243653819,FastAccept
1785243653841,false,1785243653881,FastAccept
1785243653907,true,1785243653947,FastAccept
1785243653973,true,1785243654013,FastAccept
1785243654043,true,1785243654082,FastAccept
1785243654114,false,1785243654154,FastAccept
1785243654188,true,1785243654229,FastAccept
1785243654265,true,1785243654306,FastAccept
1785243654345,false,1785243654385,FastAccept
1785243654428,true,1785243654468,FastAccept
1785243654514,true,1785243654555,FastAccept
1785243654604,true,1785243654644,FastAccept
1785243654698,true,1785243654738,FastAccept
1785243654796,false,1785243654836,FastAccept
1785243654900,true,1785243654941,FastAccept
1785243655009,false,1785243655060,LeaderAccept
1785243655124,false,1785243655175,LeaderAccept
1785243655246,false,1785243655297,LeaderAccept
1785243655375,true,1785243655426,LeaderAccept
1785243655513,false,1785243655563,LeaderAccept
1785243655661,true,1785243655712,LeaderAccept
1785243655820,false,1785243655870,LeaderAccept
1785243655992,true,1785243656042,LeaderAccept
1785243656179,true,1785243656230,LeaderAccept
1785243656385,false,1785243656435,LeaderAccept
1785243656612,false,1785243656662,LeaderAccept
1785243656866,true,1785243656918,LeaderAccept
1785243657155,true,1785243657205,LeaderAccept
1785243657489,false,1785243657539,LeaderAccept
1785243657883,true,1785243657934,LeaderAccept
1785243658363,false,1785243658414,LeaderAccept
1785243658973,false,1785243659024,LeaderAccept
1785243659800,false,1785243659851,LeaderAccept
1785243661049,true,1785243661089,FastAccept
1785243663380,true,1785243663430,LeaderAccept
1785243670855,false,1785243670896,FastAccept
1785243671261,true,1785243671302,FastAccept
1785243671287,true,1785243671327,FastAccept
1785243671312,false,1785243671352,FastAccept
1785243671338,false,1785243671377,FastAccept
1785243671364,true,1785243671404,FastAccept
1785243671391,false,1785243671431,FastAccept
1785243671417,true,1785243671457,FastAccept
1785243671444,false,1785243671484,FastAccept
1785243671472,false,1785243671512,FastAccept
1785243671501,true,1785243671541,FastAccept
1785243671529,true,1785243671569,FastAccept
1785243671558,false,1785243671598,FastAccept
1785243671587,true,1785243671627,FastAccept
1785243671617,false,1785243671657,FastAccept
1785243671646,true,1785243671685,FastAccept
1785243671676,true,1785243671716,FastAccept
1785243671706,false,1785243671745,FastAccept
1785243671737,true,1785243671777,FastAccept
1785243671769,false,1785243671809,FastAccept
1785243671801,true,1785243671842,FastAccept
1785243671834,false,1785243671874,FastAccept
1785243671867,true,1785243671907,FastAccept
1785243671900,true,1785243671941,FastAccept
1785243671935,false,1785243671975,FastAccept
1785243671970,true,1785243672042,SlowAccept
1785243672005,false,1785243672062,LeaderAccept
1785243672041,false,1785243672091,LeaderAccept
1785243672079,false,1785243672129,LeaderAccept
1785243672116,false,1785243672166,LeaderAccept
1785243672155,true,1785243672205,LeaderAccept
1785243672193,true,1785243672243,LeaderAccept
1785243672232,false,1785243672282,LeaderAccept
1785243672272,false,1785243672323,LeaderAccept
1785243672315,true,1785243672365,LeaderAccept
1785243672356,false,1785243672406,LeaderAccept
1785243672399,true,1785243672450,LeaderAccept
1785243672443,true,1785243672494,LeaderAccept
1785243672488,true,1785243672538,LeaderAccept
1785243672534,true,1785243672585,LeaderAccept
1785243672581,true,1785243672631,LeaderAccept
1785243672628,true,1785243672679,LeaderAccept
1785243672677,true,1785243672728,LeaderAccept
1785243672727,true,1785243672777,LeaderAccept
1785243672778,true,1785243672829,LeaderAccept
1785243672831,true,1785243672881,LeaderAccept
1785243672885,false,1785243672936,LeaderAccept
1785243672941,false,1785243672992,LeaderAccept
1785243672998,false,1785243673048,LeaderAccept
1785243673056,true,1785243673107,LeaderAccept
1785243673117,false,1785243673168,LeaderAccept
1785243673179,false,1785243673230,LeaderAccept
1785243673243,true,1785243673294,LeaderAccept
1785243673309,true,1785243673360,LeaderAccept
1785243673377,true,1785243673428,LeaderAccept
1785243673447,false,1785243673498,LeaderAccept
1785243673520,false,1785243673570,LeaderAccept
1785243673595,false,1785243673646,LeaderAccept
1785243673674,false,1785243673725,LeaderAccept
1785243673756,true,1785243673807,LeaderAccept
1785243673842,false,1785243673893,LeaderAccept
1785243673930,false,1785243673981,LeaderAccept
1785243674023,false,1785243674073,LeaderAccept
1785243674120,true,1785243674170,LeaderAccept
1785243674221,true,1785243674272,LeaderAccept
1785243674328,false,1785243674379,LeaderAccept
1785243674441,false,1785243674492,LeaderAccept
1785243674562,true,1785243674612,LeaderAccept
1785243674688,false,1785243674739,LeaderAccept
1785243674822,false,1785243674873,LeaderAccept
1785243674966,false,1785243675016,LeaderAccept
1785243675120,false,1785243675170,LeaderAccept
1785243675287,true,1785243675338,LeaderAccept
1785243675469,true,1785243675519,LeaderAccept
1785243675667,false,1785243675717,LeaderAccept
1785243675886,false,1785243675936,LeaderAccept
1785243676130,true,1785243676180,LeaderAccept
1785243676405,false,1785243676455,LeaderAccept
1785243676721,false,1785243676761,FastAccept
1785243677091,true,1785243677131,FastAccept
1785243677536,true,1785243677576,FastAccept
1785243678092,true,1785243678132,FastAccept
1785243678826,true,1785243678867,FastAccept
1785243679884,true,1785243679925,FastAccept
1785243681679,false,1785243681719,FastAccept
1785243686081,true,1785243686162,LeaderAccept
1785243694136,false,1785243694177,FastAccept
1785243694177,false,1785243694217,FastAccept
1785243694217,false,1785243694257,FastAccept
1785243694259,false,1785243694310,LeaderAccept
1785243694302,false,1785243694352,LeaderAccept
1785243694345,true,1785243694396,LeaderAccept
1785243694389,true,1785243694440,LeaderAccept
1785243694435,true,1785243694485,LeaderAccept
1785243694481,true,1785243694533,LeaderAccept
1785243694529,false,1785243694581,LeaderAccept
1785243694578,true,1785243694629,LeaderAccept
1785243694628,false,1785243694679,LeaderAccept
1785243694679,false,1785243694729,LeaderAccept
1785243694731,true,1785243694781,LeaderAccept
1785243694784,false,1785243694834,LeaderAccept
1785243694839,true,1785243694891,LeaderAccept
1785243694896,true,1785243694947,LeaderAccept
1785243694954,true,1785243695004,LeaderAccept
1785243695013,true,1785243695063,LeaderAccept
1785243695074,false,1785243695124,LeaderAccept
1785243695138,false,1785243695188,LeaderAccept
1785243695203,true,1785243695254,LeaderAccept
1785243695271,false,1785243695321,LeaderAccept
1785243695340,true,1785243695391,LeaderAccept
1785243695412,false,1785243695463,LeaderAccept
1785243695487,false,1785243695538,LeaderAccept
1785243695566,false,1785243695617,LeaderAccept
1785243695646,true,1785243695697,LeaderAccept
1785243695730,true,1785243695781,LeaderAccept
1785243695817,false,1785243695867,LeaderAccept
1785243695908,true,1785243695960,LeaderAccept
1785243696003,false,1785243696054,LeaderAccept
1785243696103,true,1785243696153,LeaderAccept
1785243696208,true,1785243696258,LeaderAccept
1785243696318,false,1785243696369,LeaderAccept
1785243696435,false,1785243696487,LeaderAccept
1785243696559,true,1785243696610,LeaderAccept
1785243696690,true,1785243696742,LeaderAccept
1785243696831,false,1785243696882,LeaderAccept
1785243696982,true,1785243697033,LeaderAccept
1785243697145,false,1785243697196,LeaderAccept
1785243697321,false,1785243697372,LeaderAccept
1785243697513,false,1785243697564,LeaderAccept
1785243697724,false,1785243697775,LeaderAccept
1785243697958,true,1785243698009,LeaderAccept
1785243698222,true,1785243698273,LeaderAccept
1785243698523,true,1785243698573,LeaderAccept
1785243698872,false,1785243698923,LeaderAccept
1785243699287,true,1785243699338,LeaderAccept
1785243699799,true,1785243699849,LeaderAccept
1785243700460,false,1785243700510,LeaderAccept
1785243701379,false,1785243701429,LeaderAccept
1785243702832,false,1785243702884,LeaderAccept
1785243705838,false,1785243705888,LeaderAccept
1785243719342,false,1785243719394,LeaderAccept
1785243723129,true,1785243723180,LeaderAccept
1785243723148,true,1785243723198,LeaderAccept
1785243723167,true,1785243723217,LeaderAccept
1785243723186,true,1785243723237,LeaderAccept
1785243723205,true,1785243723256,LeaderAccept
1785243723224,true,1785243723274,LeaderAccept
1785243723244,true,1785243723295,LeaderAccept
1785243723264,true,1785243723315,LeaderAccept
1785243723285,false,1785243723335,LeaderAccept
1785243723305,false,1785243723355,LeaderAccept
1785243723325,true,1785243723376,LeaderAccept
1785243723347,false,1785243723397,LeaderAccept
1785243723367,false,1785243723418,LeaderAccept
1785243723388,true,1785243723438,LeaderAccept
1785243723409,false,1785243723459,LeaderAccept
1785243723431,false,1785243723481,LeaderAccept
1785243723452,true,1785243723502,LeaderAccept
1785243723474,false,1785243723523,LeaderAccept
1785243723496,true,1785243723547,LeaderAccept
1785243723519,false,1785243723570,LeaderAccept
1785243723542,false,1785243723592,LeaderAccept
1785243723564,false,1785243723613,LeaderAccept
1785243723587,true,1785243723638,LeaderAccept
1785243723611,true,1785243723660,LeaderAccept
1785243723634,false,1785243723685,LeaderAccept
1785243723658,false,1785243723708,LeaderAccept
1785243723682,false,1785243723733,LeaderAccept
1785243723707,false,1785243723757,LeaderAccept
1785243723732,true,1785243723782,LeaderAccept
1785243723757,false,1785243723807,LeaderAccept
1785243723782,false,1785243723832,LeaderAccept
1785243723808,true,1785243723859,LeaderAccept
1785243723834,true,1785243723884,LeaderAccept
1785243723860,true,1785243723911,LeaderAccept
1785243723886,false,1785243723937,LeaderAccept
1785243723913,true,1785243723964,LeaderAccept
1785243723940,false,1785243723991,LeaderAccept
1785243723968,false,1785243724018,LeaderAccept
1785243723996,true,1785243724046,LeaderAccept
1785243724024,false,1785243724075,LeaderAccept
1785243724053,true,1785243724104,LeaderAccept
1785243724082,false,1785243724133,LeaderAccept
1785243724112,false,1785243724162,LeaderAccept
1785243724142,false,1785243724193,LeaderAccept
1785243724173,false,1785243724223,LeaderAccept
1785243724203,true,1785243724254,LeaderAccept
1785243724234,true,1785243724285,LeaderAccept
1785243724266,true,1785243724316,LeaderAccept
1785243724298,false,1785243724349,LeaderAccept
1785243724330,false,1785243724381,LeaderAccept
1785243724335,true,1785243724385,LeaderAccept
1785243724353,false,1785243724404,LeaderAccept
1785243724371,false,1785243724421,LeaderAccept
1785243724389,true,1785243724440,LeaderAccept
1785243724408,false,1785243724459,LeaderAccept
1785243724427,true,1785243724477,LeaderAccept
1785243724445,true,1785243724496,LeaderAccept
1785243724464,false,1785243724514,LeaderAccept
1785243724484,true,1785243724534,LeaderAccept
1785243724503,true,1785243724554,LeaderAccept
1785243724523,true,1785243724574,LeaderAccept
1785243724543,false,1785243724594,LeaderAccept
1785243724562,true,1785243724612,LeaderAccept
1785243724582,true,1785243724632,LeaderAccept
1785243724602,false,1785243724653,LeaderAccept
1785243724623,true,1785243724673,LeaderAccept
1785243724643,false,1785243724694,LeaderAccept
1785243724664,false,1785243724715,LeaderAccept
1785243724686,false,1785243724736,LeaderAccept
1785243724707,true,1785243724757,LeaderAccept
1785243724728,true,1785243724777,LeaderAccept
1785243724749,true,1785243724799,LeaderAccept
1785243724771,true,1785243724822,LeaderAccept
1785243724793,true,1785243724843,LeaderAccept
1785243724816,true,1785243724866,LeaderAccept
1785243724838,false,1785243724889,LeaderAccept
1785243724861,true,1785243724911,LeaderAccept
1785243724884,false,1785243724935,LeaderAccept
1785243724907,true,1785243724957,LeaderAccept
1785243724930,false,1785243724981,LeaderAccept
1785243724954,false,1785243725005,LeaderAccept
1785243724978,false,1785243725029,LeaderAccept
1785243725003,false,1785243725054,LeaderAccept
1785243725028,true,1785243725078,LeaderAccept
1785243725053,false,1785243725104,LeaderAccept
1785243725078,false,1785243725129,LeaderAccept
1785243725104,false,1785243725154,LeaderAccept
1785243725129,false,1785243725179,LeaderAccept
1785243725154,true,1785243725205,LeaderAccept
1785243725181,false,1785243725232,LeaderAccept
1785243725207,false,1785243725258,LeaderAccept
1785243725234,true,1785243725285,LeaderAccept
1785243725261,false,1785243725312,LeaderAccept
1785243725289,false,1785243725340,LeaderAccept
1785243725317,false,1785243725369,LeaderAccept
1785243725346,true,1785243725397,LeaderAccept
1785243725375,false,1785243725426,LeaderAccept
1785243725404,false,1785243725454,LeaderAccept
1785243725434,false,1785243725485,LeaderAccept
1785243725464,false,1785243725516,LeaderAccept
1785243725495,false,1785243725546,LeaderAccept
1785243725526,true,1785243725577,LeaderAccept
1785243725558,true,1785243725609,LeaderAccept
1785243725590,false,1785243725641,LeaderAccept
1785243725623,false,1785243725674,LeaderAccept
1785243725656,false,1785243725707,LeaderAccept
1785243725690,true,1785243725741,LeaderAccept
1785243725725,true,1785243725775,LeaderAccept
1785243725759,true,1785243725811,LeaderAccept
1785243725794,true,1785243725845,LeaderAccept
1785243725829,true,1785243725881,LeaderAccept
1785243725866,false,1785243725917,LeaderAccept
1785243725903,false,1785243725955,LeaderAccept
1785243725941,false,1785243725992,LeaderAccept
1785243725979,false,1785243726029,LeaderAccept
1785243726018,false,1785243726069,LeaderAccept
1785243726058,false,1785243726107,LeaderAccept
1785243726098,false,1785243726149,LeaderAccept
1785243726140,false,1785243726191,LeaderAccept
1785243726183,false,1785243726234,LeaderAccept
1785243726226,false,1785243726278,LeaderAccept
1785243726271,true,1785243726323,LeaderAccept
1785243726316,true,1785243726367,LeaderAccept
1785243726362,false,1785243726412,LeaderAccept
1785243726409,false,1785243726460,LeaderAccept
1785243726458,false,1785243726510,LeaderAccept
1785243726508,true,1785243726559,LeaderAccept
1785243726559,false,1785243726610,LeaderAccept
1785243726611,true,1785243726662,LeaderAccept
1785243726664,true,1785243726715,LeaderAccept
1785243726719,true,1785243726770,LeaderAccept
1785243726775,true,1785243726826,LeaderAccept
1785243726832,true,1785243726883,LeaderAccept
1785243726891,false,1785243726942,LeaderAccept
1785243726952,false,1785243727002,LeaderAccept
1785243727015,true,1785243727065,LeaderAccept
1785243727080,true,1785243727131,LeaderAccept
1785243727147,true,1785243727198,LeaderAccept
1785243727217,true,1785243727268,LeaderAccept
1785243727288,false,1785243727339,LeaderAccept
1785243727362,true,1785243727413,LeaderAccept
1785243727440,false,1785243727490,LeaderAccept
1785243727521,false,1785243727571,LeaderAccept
1785243727604,true,1785243727656,LeaderAccept
1785243727691,false,1785243727742,LeaderAccept
1785243727781,false,1785243727831,LeaderAccept
1785243727876,true,1785243727927,LeaderAccept
1785243727975,false,1785243728026,LeaderAccept
1785243728079,false,1785243728132,LeaderAccept
1785243728189,false,1785243728240,LeaderAccept
1785243728305,false,1785243728356,LeaderAccept
1785243728428,true,1785243728479,LeaderAccept
1785243728558,false,1785243728609,LeaderAccept
1785243728697,false,1785243728748,LeaderAccept
1785243728846,false,1785243728898,LeaderAccept
1785243729007,false,1785243729058,LeaderAccept
1785243729181,true,1785243729234,LeaderAccept
1785243729371,true,1785243729422,LeaderAccept
1785243729579,false,1785243729630,LeaderAccept
1785243729811,true,1785243729861,LeaderAccept
1785243730070,false,1785243730121,LeaderAccept
1785243730365,true,1785243730416,LeaderAccept
1785243730707,true,1785243730758,LeaderAccept
1785243731112,true,1785243731163,LeaderAccept
1785243731609,true,1785243731660,LeaderAccept
1785243732245,true,1785243732296,LeaderAccept
1785243733119,false,1785243733170,LeaderAccept
1785243734471,false,1785243734512,FastAccept
1785243737129,false,1785243737170,FastAccept
1785243747155,false,1785243747195,FastAccept
1785243751398,true,1785243751449,LeaderAccept
1785243751438,true,1785243751489,LeaderAccept
1785243751479,true,1785243751529,LeaderAccept
1785243751521,true,1785243751572,LeaderAccept
1785243751564,false,1785243751615,LeaderAccept
1785243751608,false,1785243751659,LeaderAccept
1785243751653,false,1785243751704,LeaderAccept
1785243751699,true,1785243751750,LeaderAccept
1785243751746,false,1785243751796,LeaderAccept
1785243751794,true,1785243751844,LeaderAccept
1785243751844,false,1785243751894,LeaderAccept
1785243751894,true,1785243751944,LeaderAccept
1785243751945,false,1785243751995,LeaderAccept
1785243751997,true,1785243752048,LeaderAccept
1785243752052,false,1785243752102,LeaderAccept
1785243752107,true,1785243752159,LeaderAccept
1785243752164,true,1785243752214,LeaderAccept
1785243752222,true,1785243752273,LeaderAccept
1785243752282,true,1785243752332,LeaderAccept
1785243752344,false,1785243752395,LeaderAccept
1785243752408,true,1785243752459,LeaderAccept
1785243752474,true,1785243752525,LeaderAccept
1785243752542,true,1785243752593,LeaderAccept
1785243752612,false,1785243752662,LeaderAccept
1785243752685,true,1785243752736,LeaderAccept
1785243752761,false,1785243752812,LeaderAccept
1785243752840,true,1785243752891,LeaderAccept
1785243752922,false,1785243752973,LeaderAccept
1785243753008,false,1785243753059,LeaderAccept
1785243753097,false,1785243753147,LeaderAccept
1785243753189,true,1785243753240,LeaderAccept
1785243753287,true,1785243753338,LeaderAccept
1785243753389,false,1785243753440,LeaderAccept
1785243753496,true,1785243753547,LeaderAccept
1785243753610,false,1785243753661,LeaderAccept
1785243753729,false,1785243753779,LeaderAccept
1785243753857,true,1785243753907,LeaderAccept
1785243753992,true,1785243754043,LeaderAccept
1785243754138,true,1785243754189,LeaderAccept
1785243754293,false,1785243754344,LeaderAccept
1785243754461,true,1785243754512,LeaderAccept
1785243754644,false,1785243754695,LeaderAccept
1785243754844,false,1785243754896,LeaderAccept
1785243755065,false,1785243755115,LeaderAccept
1785243755311,false,1785243755362,LeaderAccept
1785243755589,true,1785243755640,LeaderAccept
1785243755909,false,1785243755961,LeaderAccept
1785243756284,true,1785243756336,LeaderAccept
1785243756737,false,1785243756789,LeaderAccept
1785243757304,false,1785243757355,LeaderAccept
1785243758056,true,1785243758108,LeaderAccept
1785243759151,true,1785243759202,LeaderAccept
1785243761043,true,1785243761094,LeaderAccept
1785243765913,false,1785243765964,LeaderAccept
1785243772875,false,1785243772925,LeaderAccept
1785243772895,false,1785243772946,LeaderAccept
1785243772915,false,1785243772971,LeaderAccept
1785243772935,false,1785243772985,LeaderAccept
1785243772955,false,1785243773004,LeaderAccept
1785243772976,false,1785243773026,LeaderAccept
1785243772997,false,1785243773047,LeaderAccept
1785243773019,true,1785243773069,LeaderAccept
1785243773040,true,1785243773090,LeaderAccept
1785243773062,false,1785243773113,LeaderAccept
1785243773084,true,1785243773134,LeaderAccept
1785243773106,false,1785243773157,LeaderAccept
1785243773129,false,1785243773179,LeaderAccept
1785243773152,false,1785243773202,LeaderAccept
1785243773175,true,1785243773225,LeaderAccept
1785243773198,true,1785243773248,LeaderAccept
1785243773222,true,1785243773273,LeaderAccept
1785243773246,false,1785243773296,LeaderAccept
1785243773270,true,1785243773321,LeaderAccept
1785243773295,true,1785243773346,LeaderAccept
1785243773320,false,1785243773370,LeaderAccept
1785243773345,false,1785243773395,LeaderAccept
1785243773370,true,1785243773420,LeaderAccept
1785243773395,true,1785243773445,LeaderAccept
1785243773421,false,1785243773472,LeaderAccept
1785243773447,false,1785243773497,LeaderAccept
1785243773474,true,1785243773524,LeaderAccept
1785243773502,false,1785243773552,LeaderAccept
1785243773529,false,1785243773579,LeaderAccept
1785243773556,false,1785243773606,LeaderAccept
1785243773584,false,1785243773635,LeaderAccept
1785243773613,true,1785243773664,LeaderAccept
1785243773642,false,1785243773693,LeaderAccept
1785243773672,true,1785243773722,LeaderAccept
1785243773701,true,1785243773751,LeaderAccept
1785243773730,true,1785243773780,LeaderAccept
1785243773761,true,1785243773811,LeaderAccept
1785243773791,false,1785243773842,LeaderAccept
1785243773823,false,1785243773873,LeaderAccept
1785243773854,false,1785243773904,LeaderAccept
1785243773886,true,1785243773936,LeaderAccept
1785243773919,false,1785243773968,LeaderAccept
1785243773952,true,1785243774003,LeaderAccept
1785243773985,false,1785243774036,LeaderAccept
1785243774020,true,1785243774071,LeaderAccept
1785243774055,true,1785243774106,LeaderAccept
1785243774091,false,1785243774142,LeaderAccept
1785243774127,true,1785243774178,LeaderAccept
1785243774164,false,1785243774214,LeaderAccept
1785243774201,true,1785243774252,LeaderAccept
1785243774239,true,1785243774290,LeaderAccept
1785243774278,false,1785243774330,LeaderAccept
1785243774318,false,1785243774367,LeaderAccept
1785243774358,false,1785243774408,LeaderAccept
1785243774399,false,1785243774450,LeaderAccept
1785243774440,false,1785243774491,LeaderAccept
1785243774483,true,1785243774533,LeaderAccept
1785243774527,true,1785243774578,LeaderAccept
1785243774572,false,1785243774622,LeaderAccept
1785243774617,false,1785243774667,LeaderAccept
1785243774664,false,1785243774714,LeaderAccept
1785243774711,true,1785243774761,LeaderAccept
1785243774759,true,1785243774810,LeaderAccept
1785243774809,false,1785243774859,LeaderAccept
1785243774859,true,1785243774910,LeaderAccept
1785243774912,false,1785243774963,LeaderAccept
1785243774966,false,1785243775016,LeaderAccept
1785243775021,false,1785243775072,LeaderAccept
1785243775078,true,1785243775128,LeaderAccept
1785243775136,false,1785243775187,LeaderAccept
1785243775196,true,1785243775246,LeaderAccept
1785243775259,false,1785243775309,LeaderAccept
1785243775322,true,1785243775372,LeaderAccept
1785243775387,true,1785243775437,LeaderAccept
1785243775455,false,1785243775506,LeaderAccept
1785243775526,true,1785243775576,LeaderAccept
1785243775599,true,1785243775650,LeaderAccept
1785243775675,false,1785243775725,LeaderAccept
1785243775753,false,1785243775804,LeaderAccept
1785243775835,false,1785243775886,LeaderAccept
1785243775920,true,1785243775970,LeaderAccept
1785243776008,true,1785243776059,LeaderAccept
1785243776101,false,1785243776152,LeaderAccept
1785243776198,true,1785243776248,LeaderAccept
1785243776299,true,1785243776350,LeaderAccept
1785243776406,false,1785243776456,LeaderAccept
1785243776518,true,1785243776568,LeaderAccept
1785243776636,true,1785243776686,LeaderAccept
1785243776762,true,1785243776812,LeaderAccept
1785243776896,true,1785243776946,LeaderAccept
1785243777039,true,1785243777090,LeaderAccept
1785243777193,true,1785243777244,LeaderAccept
1785243777359,false,1785243777409,LeaderAccept
1785243777540,false,1785243777591,LeaderAccept
1785243777737,true,1785243777787,LeaderAccept
1785243777954,true,1785243778004,LeaderAccept
1785243778196,false,1785243778246,LeaderAccept
1785243778470,false,1785243778520,LeaderAccept
1785243778783,false,1785243778824,FastAccept
1785243779149,true,1785243779189,FastAccept
1785243779588,false,1785243779628,FastAccept
1785243780134,true,1785243780174,FastAccept
1785243780852,true,1785243780893,FastAccept
1785243781880,false,1785243781920,FastAccept
1785243783598,false,1785243783638,FastAccept
1785243786725,false,1785243786765,FastAccept
1785243786749,false,1785243786789,FastAccept
1785243786773,true,1785243786813,FastAccept
1785243786798,true,1785243786838,FastAccept
1785243786823,false,1785243786863,FastAccept
1785243786849,false,1785243786889,FastAccept
1785243786875,true,1785243786915,FastAccept
1785243786901,true,1785243786942,FastAccept
1785243786929,false,1785243786969,FastAccept
1785243786955,false,1785243786995,FastAccept
1785243786982,true,1785243787022,FastAccept
1785243787010,false,1785243787049,FastAccept
1785243787037,true,1785243787077,FastAccept
1785243787065,false,1785243787105,FastAccept
1785243787093,true,1785243787134,FastAccept
1785243787122,true,1785243787163,FastAccept
1785243787152,false,1785243787192,FastAccept
1785243787181,true,1785243787221,FastAccept
1785243787211,false,1785243787251,FastAccept
1785243787241,false,1785243787281,FastAccept
1785243787272,true,1785243787312,FastAccept
1785243787304,true,1785243787345,FastAccept
1785243787336,false,1785243787376,FastAccept
1785243787368,true,1785243787409,FastAccept
1785243787401,true,1785243787441,FastAccept
1785243787434,false,1785243787474,FastAccept
1785243787468,false,1785243787508,FastAccept
1785243787503,false,1785243787543,FastAccept
1785243787538,false,1785243787578,FastAccept
1785243787573,true,1785243787613,FastAccept
1785243787609,false,1785243787649,FastAccept
1785243787646,false,1785243787686,FastAccept
1785243787684,true,1785243787724,FastAccept
1785243787722,false,1785243787762,FastAccept
1785243787761,true,1785243787802,FastAccept
1785243787801,false,1785243787841,FastAccept
1785243787842,false,1785243787882,FastAccept
1785243787885,false,1785243787925,FastAccept
1785243787927,false,1785243787967,FastAccept
1785243787971,false,1785243788011,FastAccept
1785243788015,false,1785243788073,LeaderAccept
1785243788060,false,1785243788119,LeaderAccept
1785243788106,false,1785243788156,LeaderAccept
1785243788153,true,1785243788204,LeaderAccept
1785243788201,true,1785243788251,LeaderAccept
1785243788250,false,1785243788300,LeaderAccept
1785243788300,false,1785243788350,LeaderAccept
1785243788352,true,1785243788402,LeaderAccept
1785243788406,true,1785243788456,LeaderAccept
1785243788460,false,1785243788510,LeaderAccept
1785243788516,false,1785243788567,LeaderAccept
1785243788574,true,1785243788624,LeaderAccept
1785243788633,false,1785243788684,LeaderAccept
1785243788694,false,1785243788744,LeaderAccept
1785243788757,true,1785243788808,LeaderAccept
1785243788822,false,1785243788872,LeaderAccept
1785243788888,true,1785243788939,LeaderAccept
1785243788957,false,1785243789007,LeaderAccept
1785243789028,true,1785243789078,LeaderAccept
1785243789102,false,1785243789153,LeaderAccept
1785243789179,true,1785243789230,LeaderAccept
1785243789259,true,1785243789310,LeaderAccept
1785243789342,false,1785243789392,LeaderAccept
1785243789428,false,1785243789479,LeaderAccept
1785243789519,true,1785243789570,LeaderAccept
1785243789614,true,1785243789664,LeaderAccept
1785243789713,false,1785243789763,LeaderAccept
1785243789816,true,1785243789867,LeaderAccept
1785243789926,false,1785243789978,LeaderAccept
1785243790042,false,1785243790093,LeaderAccept
1785243790164,false,1785243790214,LeaderAccept
1785243790294,false,1785243790345,LeaderAccept
1785243790432,false,1785243790483,LeaderAccept
1785243790581,false,1785243790631,LeaderAccept
1785243790740,false,1785243790791,LeaderAccept
1785243790912,false,1785243790963,LeaderAccept
1785243791100,false,1785243791150,LeaderAccept
1785243791306,true,1785243791357,LeaderAccept
1785243791534,true,1785243791585,LeaderAccept
1785243791790,false,1785243791840,LeaderAccept
1785243792081,false,1785243792132,LeaderAccept
1785243792418,true,1785243792468,LeaderAccept
1785243792815,true,1785243792865,LeaderAccept
1785243793300,false,1785243793350,LeaderAccept
1785243793918,true,1785243793959,FastAccept
1785243794759,true,1785243794799,FastAccept
1785243796039,true,1785243796089,LeaderAccept
1785243798465,true,1785243798515,LeaderAccept
1785243806624,false,1785243806675,LeaderAccept
1785243818167,true,1785243818217,LeaderAccept
1785243818188,true,1785243818238,LeaderAccept
1785243818210,false,1785243818261,LeaderAccept
1785243818232,false,1785243818281,LeaderAccept
1785243818254,true,1785243818305,LeaderAccept
1785243818277,true,1785243818328,LeaderAccept
1785243818300,false,1785243818352,LeaderAccept
1785243818323,false,1785243818373,LeaderAccept
1785243818346,true,1785243818396,LeaderAccept
1785243818369,true,1785243818420,LeaderAccept
1785243818392,false,1785243818443,LeaderAccept
1785243818416,true,1785243818468,LeaderAccept
1785243818440,false,1785243818490,LeaderAccept
1785243818464,true,1785243818514,LeaderAccept
1785243818488,true,1785243818538,LeaderAccept
1785243818514,false,1785243818564,LeaderAccept
1785243818539,true,1785243818589,LeaderAccept
1785243818564,true,1785243818615,LeaderAccept
1785243818590,false,1785243818641,LeaderAccept
1785243818616,false,1785243818666,LeaderAccept
1785243818642,false,1785243818692,LeaderAccept
1785243818669,false,1785243818719,LeaderAccept
1785243818696,true,1785243818747,LeaderAccept
1785243818724,true,1785243818775,LeaderAccept
1785243818752,false,1785243818802,LeaderAccept
1785243818780,true,1785243818830,LeaderAccept
1785243818809,true,1785243818859,LeaderAccept
1785243818837,true,1785243818888,LeaderAccept
1785243818867,true,1785243818917,LeaderAccept
1785243818897,false,1785243818947,LeaderAccept
1785243818927,true,1785243818978,LeaderAccept
1785243818958,true,1785243819009,LeaderAccept
1785243818989,true,1785243819040,LeaderAccept
1785243819020,false,1785243819070,LeaderAccept
1785243819052,false,1785243819103,LeaderAccept
1785243819085,false,1785243819136,LeaderAccept
1785243819118,false,1785243819169,LeaderAccept
1785243819152,true,1785243819203,LeaderAccept
1785243819186,true,1785243819237,LeaderAccept
1785243819221,true,1785243819272,LeaderAccept
1785243819257,false,1785243819307,LeaderAccept
1785243819293,false,1785243819344,LeaderAccept
1785243819330,true,1785243819381,LeaderAccept
1785243819368,false,1785243819418,LeaderAccept
1785243819406,true,1785243819457,LeaderAccept
1785243819445,false,1785243819495,LeaderAccept
1785243819485,false,1785243819536,LeaderAccept
1785243819525,false,1785243819575,LeaderAccept
1785243819565,false,1785243819616,LeaderAccept
1785243819607,true,1785243819658,LeaderAccept
1785243819650,true,1785243819701,LeaderAccept
1785243819694,false,1785243819744,LeaderAccept
1785243819738,true,1785243819788,LeaderAccept
1785243819784,false,1785243819834,LeaderAccept
1785243819830,true,1785243819880,LeaderAccept
1785243819877,false,1785243819928,LeaderAccept
1785243819925,true,1785243819975,LeaderAccept
1785243819974,false,1785243820024,LeaderAccept
1785243820025,false,1785243820075,LeaderAccept
1785243820078,false,1785243820128,LeaderAccept
1785243820131,true,1785243820182,LeaderAccept
1785243820186,false,1785243820237,LeaderAccept
1785243820243,true,1785243820293,LeaderAccept
1785243820301,false,1785243820352,LeaderAccept
1785243820360,true,1785243820411,LeaderAccept
1785243820422,false,1785243820472,LeaderAccept
1785243820486,true,1785243820537,LeaderAccept
1785243820552,true,1785243820602,LeaderAccept
1785243820619,false,1785243820669,LeaderAccept
1785243820689,true,1785243820739,LeaderAccept
1785243820761,true,1785243820811,LeaderAccept
1785243820836,false,1785243820886,LeaderAccept
1785243820915,false,1785243820965,LeaderAccept
1785243820995,false,1785243821046,LeaderAccept
1785243821080,true,1785243821131,LeaderAccept
1785243821168,false,1785243821218,LeaderAccept
1785243821260,false,1785243821311,LeaderAccept
1785243821356,true,1785243821407,LeaderAccept
1785243821457,false,1785243821507,LeaderAccept
1785243821563,true,1785243821614,LeaderAccept
1785243821675,false,1785243821727,LeaderAccept
1785243821793,false,1785243821844,LeaderAccept
1785243821918,false,1785243821968,LeaderAccept
1785243822050,false,1785243822101,LeaderAccept
1785243822192,false,1785243822243,LeaderAccept
1785243822344,false,1785243822395,LeaderAccept
1785243822508,true,1785243822559,LeaderAccept
1785243822686,true,1785243822737,LeaderAccept
1785243822880,true,1785243822931,LeaderAccept
1785243823095,false,1785243823145,LeaderAccept
1785243823333,false,1785243823384,LeaderAccept
1785243823602,false,1785243823653,LeaderAccept
1785243823909,true,1785243823959,LeaderAccept
1785243824266,false,1785243824307,FastAccept
1785243824693,false,1785243824734,FastAccept
1785243825222,true,1785243825262,FastAccept
1785243825910,true,1785243825951,FastAccept
1785243826881,false,1785243826922,FastAccept
1785243828458,false,1785243828509,LeaderAccept
1785243831924,true,1785243831974,LeaderAccept
1785243850411,true,1785243850461,LeaderAccept
1785243850425,true,1785243850476,LeaderAccept
1785243850439,false,1785243850490,LeaderAccept
1785243850454,false,1785243850504,LeaderAccept
1785243850469,false,1785243850519,LeaderAccept
1785243850484,true,1785243850533,LeaderAccept
1785243850499,true,1785243850549,LeaderAccept
1785243850514,false,1785243850564,LeaderAccept
1785243850530,false,1785243850580,LeaderAccept
1785243850545,true,1785243850594,LeaderAccept
1785243850560,true,1785243850610,LeaderAccept
1785243850576,true,1785243850626,LeaderAccept
1785243850591,true,1785243850641,LeaderAccept
1785243850607,true,1785243850658,LeaderAccept
1785243850623,false,1785243850672,LeaderAccept
1785243850639,false,1785243850689,LeaderAccept
1785243850655,false,1785243850705,LeaderAccept
1785243850671,true,1785243850721,LeaderAccept
1785243850687,true,1785243850737,LeaderAccept
1785243850703,true,1785243850753,LeaderAccept
1785243850720,false,1785243850770,LeaderAccept
1785243850737,true,1785243850787,LeaderAccept
1785243850754,false,1785243850805,LeaderAccept
1785243850771,false,1785243850821,LeaderAccept
1785243850788,false,1785243850838,LeaderAccept
1785243850805,true,1785243850855,LeaderAccept
1785243850822,true,1785243850872,LeaderAccept
1785243850839,false,1785243850889,LeaderAccept
1785243850856,true,1785243850906,LeaderAccept
1785243850874,false,1785243850926,LeaderAccept
1785243850892,true,1785243850942,LeaderAccept
1785243850910,false,1785243850960,LeaderAccept
1785243850928,false,1785243850979,LeaderAccept
1785243850947,true,1785243850999,LeaderAccept
1785243850966,false,1785243851016,LeaderAccept
1785243850985,true,1785243851035,LeaderAccept
1785243851004,false,1785243851054,LeaderAccept
1785243851023,false,1785243851074,LeaderAccept
1785243851043,false,1785243851093,LeaderAccept
1785243851063,false,1785243851113,LeaderAccept
1785243851083,true,1785243851133,LeaderAccept
1785243851103,false,1785243851153,LeaderAccept
1785243851123,false,1785243851173,LeaderAccept
1785243851143,false,1785243851193,LeaderAccept
1785243851164,false,1785243851213,LeaderAccept
1785243851184,true,1785243851234,LeaderAccept
1785243851205,true,1785243851255,LeaderAccept
1785243851226,true,1785243851276,LeaderAccept
1785243851247,false,1785243851297,LeaderAccept
1785243851268,false,1785243851318,LeaderAccept
1785243851290,true,1785243851341,LeaderAccept
1785243851312,false,1785243851363,LeaderAccept
1785243851334,true,1785243851385,LeaderAccept
1785243851357,false,1785243851406,LeaderAccept
1785243851379,true,1785243851429,LeaderAccept
1785243851402,true,1785243851452,LeaderAccept
1785243851425,false,1785243851476,LeaderAccept
1785243851449,true,1785243851499,LeaderAccept
1785243851473,false,1785243851523,LeaderAccept
1785243851497,true,1785243851547,LeaderAccept
1785243851521,false,1785243851571,LeaderAccept
1785243851546,true,1785243851596,LeaderAccept
1785243851571,false,1785243851621,LeaderAccept
1785243851596,false,1785243851646,LeaderAccept
1785243851621,true,1785243851671,LeaderAccept
1785243851646,true,1785243851696,LeaderAccept
1785243851672,true,1785243851722,LeaderAccept
1785243851698,false,1785243851748,LeaderAccept
1785243851724,true,1785243851774,LeaderAccept
1785243851751,true,1785243851800,LeaderAccept
1785243851778,false,1785243851828,LeaderAccept
1785243851805,false,1785243851855,LeaderAccept
1785243851833,false,1785243851883,LeaderAccept
1785243851861,true,1785243851911,LeaderAccept
1785243851889,true,1785243851939,LeaderAccept
1785243851918,false,1785243851968,LeaderAccept
1785243851948,false,1785243851998,LeaderAccept
1785243851978,false,1785243852028,LeaderAccept
1785243852009,true,1785243852059,LeaderAccept
1785243852040,true,1785243852091,LeaderAccept
1785243852072,true,1785243852123,LeaderAccept
1785243852104,true,1785243852154,LeaderAccept
1785243852136,true,1785243852185,LeaderAccept
1785243852169,false,1785243852219,LeaderAccept
1785243852203,false,1785243852253,LeaderAccept
1785243852237,false,1785243852287,LeaderAccept
1785243852272,true,1785243852322,LeaderAccept
1785243852307,false,1785243852357,LeaderAccept
1785243852343,true,1785243852393,LeaderAccept
1785243852380,true,1785243852431,LeaderAccept
1785243852417,false,1785243852467,LeaderAccept
1785243852454,true,1785243852504,LeaderAccept
1785243852493,true,1785243852543,LeaderAccept
1785243852532,true,1785243852583,LeaderAccept
1785243852572,false,1785243852623,LeaderAccept
1785243852613,true,1785243852663,LeaderAccept
1785243852654,true,1785243852704,LeaderAccept
1785243852696,false,1785243852746,LeaderAccept
1785243852739,false,1785243852789,LeaderAccept
1785243852783,false,1785243852833,LeaderAccept
1785243852828,true,1785243852878,LeaderAccept
1785243852874,true,1785243852925,LeaderAccept
1785243852921,true,1785243852971,LeaderAccept
1785243852969,true,1785243853020,LeaderAccept
1785243853018,true,1785243853068,LeaderAccept
1785243853068,false,1785243853118,LeaderAccept
1785243853119,false,1785243853170,LeaderAccept
1785243853172,false,1785243853222,LeaderAccept
1785243853226,false,1785243853277,LeaderAccept
1785243853282,false,1785243853332,LeaderAccept
1785243853339,true,1785243853389,LeaderAccept
1785243853398,false,1785243853448,LeaderAccept
1785243853459,false,1785243853509,LeaderAccept
1785243853522,true,1785243853573,LeaderAccept
1785243853587,true,1785243853637,LeaderAccept
1785243853653,false,1785243853704,LeaderAccept
1785243853722,false,1785243853773,LeaderAccept
1785243853794,true,1785243853844,LeaderAccept
1785243853868,false,1785243853919,LeaderAccept
1785243853945,false,1785243853995,LeaderAccept
1785243854024,false,1785243854074,LeaderAccept
1785243854106,true,1785243854157,LeaderAccept
1785243854192,false,1785243854242,LeaderAccept
1785243854281,true,1785243854331,LeaderAccept
1785243854374,true,1785243854425,LeaderAccept
1785243854472,true,1785243854522,LeaderAccept
1785243854575,true,1785243854625,LeaderAccept
1785243854683,true,1785243854735,LeaderAccept
1785243854798,true,1785243854849,LeaderAccept
1785243854919,false,1785243854970,LeaderAccept
1785243855047,true,1785243855098,LeaderAccept
1785243855184,true,1785243855234,LeaderAccept
1785243855330,false,1785243855381,LeaderAccept
1785243855487,false,1785243855537,LeaderAccept
1785243855645,true,1785243855695,LeaderAccept
1785243855686,false,1785243855736,LeaderAccept
1785243855728,false,1785243855778,LeaderAccept
1785243855772,true,1785243855822,LeaderAccept
1785243855815,false,1785243855865,LeaderAccept
1785243855859,false,1785243855909,LeaderAccept
1785243855904,false,1785243855954,LeaderAccept
1785243855950,false,1785243856001,LeaderAccept
1785243855998,false,1785243856048,LeaderAccept
1785243856046,false,1785243856096,LeaderAccept
1785243856095,true,1785243856146,LeaderAccept
1785243856146,false,1785243856196,LeaderAccept
1785243856198,false,1785243856249,LeaderAccept
1785243856251,false,1785243856301,LeaderAccept
1785243856305,false,1785243856356,LeaderAccept
1785243856361,true,1785243856412,LeaderAccept
1785243856419,true,1785243856470,LeaderAccept
1785243856478,true,1785243856528,LeaderAccept
1785243856539,true,1785243856590,LeaderAccept
1785243856602,false,1785243856652,LeaderAccept
1785243856667,false,1785243856718,LeaderAccept
1785243856735,false,1785243856785,LeaderAccept
1785243856805,false,1785243856855,LeaderAccept
1785243856876,false,1785243856927,LeaderAccept
1785243856951,false,1785243857002,LeaderAccept
1785243857028,false,1785243857078,LeaderAccept
1785243857108,false,1785243857158,LeaderAccept
1785243857191,false,1785243857242,LeaderAccept
1785243857278,false,1785243857329,LeaderAccept
1785243857369,true,1785243857420,LeaderAccept
1785243857464,true,1785243857515,LeaderAccept
1785243857563,true,1785243857614,LeaderAccept
1785243857668,false,1785243857719,LeaderAccept
1785243857778,false,1785243857828,LeaderAccept
1785243857894,true,1785243857945,LeaderAccept
1785243858017,true,1785243858068,LeaderAccept
1785243858148,false,1785243858198,LeaderAccept
1785243858288,true,1785243858340,LeaderAccept
1785243858438,false,1785243858488,LeaderAccept
1785243858599,false,1785243858649,LeaderAccept
1785243858773,true,1785243858824,LeaderAccept
1785243858964,false,1785243859014,LeaderAccept
1785243859174,false,1785243859224,LeaderAccept
1785243859406,true,1785243859456,LeaderAccept
1785243859667,false,1785243859717,LeaderAccept
1785243859964,false,1785243860015,LeaderAccept
1785243860309,false,1785243860349,FastAccept
1785243860718,true,1785243860758,FastAccept
1785243861220,false,1785243861260,FastAccept
1785243861864,true,1785243861904,FastAccept
1785243862752,false,1785243862792,FastAccept
1785243864137,false,1785243864177,FastAccept
1785243866904,false,1785243866945,FastAccept
1785243877940,false,1785243877981,FastAccept
1785243905685,false,1785243905725,FastAccept
1785243905708,true,1785243905748,FastAccept
1785243905732,false,1785243905772,FastAccept
1785243905756,false,1785243905797,FastAccept
1785243905782,false,1785243905822,FastAccept
1785243905806,true,1785243905846,FastAccept
1785243905831,false,1785243905871,FastAccept
1785243905857,true,1785243905898,FastAccept
1785243905883,false,1785243905954,SlowAccept
1785243905909,true,1785243905981,SlowAccept
1785243905935,false,1785243906007,SlowAccept
1785243905962,false,1785243906033,SlowAccept
1785243905988,false,1785243906059,SlowAccept
1785243906015,false,1785243906085,SlowAccept
1785243906043,true,1785243906111,SlowAccept
1785243906071,true,1785243906138,LeaderAccept
1785243906099,true,1785243906158,LeaderAccept
1785243906128,false,1785243906178,LeaderAccept
1785243906157,false,1785243906208,LeaderAccept
1785243906186,true,1785243906237,LeaderAccept
1785243906216,true,1785243906266,LeaderAccept
1785243906246,true,1785243906297,LeaderAccept
1785243906276,false,1785243906328,LeaderAccept
1785243906308,true,1785243906359,LeaderAccept
1785243906340,false,1785243906389,LeaderAccept
1785243906372,true,1785243906424,LeaderAccept
1785243906405,true,1785243906456,LeaderAccept
1785243906438,true,1785243906489,LeaderAccept
1785243906472,true,1785243906522,LeaderAccept
1785243906506,true,1785243906557,LeaderAccept
1785243906541,true,1785243906593,LeaderAccept
1785243906577,true,1785243906627,LeaderAccept
1785243906613,false,1785243906663,LeaderAccept
1785243906650,false,1785243906700,LeaderAccept
1785243906687,true,1785243906738,LeaderAccept
1785243906725,true,1785243906775,LeaderAccept
1785243906763,true,1785243906813,LeaderAccept
1785243906803,false,1785243906854,LeaderAccept
1785243906844,false,1785243906894,LeaderAccept
1785243906885,false,1785243906937,LeaderAccept
1785243906927,false,1785243906978,LeaderAccept
1785243906970,false,1785243907021,LeaderAccept
1785243907014,false,1785243907064,LeaderAccept
1785243907058,true,1785243907109,LeaderAccept
1785243907104,false,1785243907155,LeaderAccept
1785243907151,false,1785243907202,LeaderAccept
1785243907199,false,1785243907250,LeaderAccept
1785243907248,true,1785243907299,LeaderAccept
1785243907298,true,1785243907349,LeaderAccept
1785243907349,false,1785243907399,LeaderAccept
1785243907402,true,1785243907453,LeaderAccept
1785243907456,true,1785243907506,LeaderAccept
1785243907511,false,1785243907561,LeaderAccept
1785243907568,false,1785243907619,LeaderAccept
1785243907627,false,1785243907677,LeaderAccept
1785243907687,false,1785243907727,FastAccept
1785243907749,true,1785243907789,FastAccept
1785243907814,true,1785243907854,FastAccept
1785243907880,true,1785243907920,FastAccept
1785243907948,false,1785243907988,FastAccept
1785243908019,false,1785243908059,FastAccept
1785243908092,true,1785243908146,FastAccept
1785243908168,true,1785243908219,LeaderAccept
1785243908247,false,1785243908297,LeaderAccept
1785243908329,true,1785243908388,LeaderAccept
1785243908414,false,1785243908465,LeaderAccept
1785243908503,false,1785243908553,LeaderAccept
1785243908596,false,1785243908646,LeaderAccept
1785243908693,false,1785243908744,LeaderAccept
1785243908795,true,1785243908846,LeaderAccept
1785243908903,true,1785243908954,LeaderAccept
1785243909016,true,1785243909067,LeaderAccept
1785243909136,false,1785243909187,LeaderAccept
1785243909263,true,1785243909314,LeaderAccept
1785243909399,true,1785243909450,LeaderAccept
1785243909544,true,1785243909594,LeaderAccept
1785243909699,false,1785243909749,LeaderAccept
1785243909868,true,1785243909918,LeaderAccept
1785243910050,false,1785243910100,LeaderAccept
1785243910250,true,1785243910300,LeaderAccept
1785243910471,false,1785243910521,LeaderAccept
1785243910717,true,1785243910771,LeaderAccept
1785243910995,true,1785243911035,FastAccept
1785243911315,false,1785243911355,FastAccept
1785243911690,true,1785243911754,LeaderAccept
1785243912142,true,1785243912192,LeaderAccept
1785243912710,false,1785243912760,LeaderAccept
1785243913463,true,1785243913513,LeaderAccept
1785243914560,true,1785243914611,LeaderAccept
1785243916458,false,1785243916508,LeaderAccept
1785243921357,true,1785243921398,FastAccept
1785243939026,true,1785243939083,LeaderAccept
1785243939044,true,1785243939130,LeaderAccept
1785243939063,false,1785243939130,SlowAccept
1785243939081,true,1785243939131,LeaderAccept
1785243939100,true,1785243939150,LeaderAccept
1785243939119,true,1785243939171,LeaderAccept
1785243939138,false,1785243939189,LeaderAccept
1785243939157,false,1785243939208,LeaderAccept
1785243939177,false,1785243939228,LeaderAccept
1785243939197,true,1785243939248,LeaderAccept
1785243939217,true,1785243939267,LeaderAccept
1785243939237,true,1785243939287,LeaderAccept
1785243939257,false,1785243939308,LeaderAccept
1785243939277,true,1785243939328,LeaderAccept
1785243939298,true,1785243939348,LeaderAccept
1785243939319,false,1785243939370,LeaderAccept
1785243939340,false,1785243939390,LeaderAccept
1785243939361,false,1785243939410,LeaderAccept
1785243939382,true,1785243939432,LeaderAccept
1785243939403,true,1785243939454,LeaderAccept
1785243939425,true,1785243939474,LeaderAccept
1785243939447,false,1785243939497,LeaderAccept
1785243939469,true,1785243939519,LeaderAccept
1785243939491,false,1785243939542,LeaderAccept
1785243939514,false,1785243939564,LeaderAccept
1785243939537,true,1785243939587,LeaderAccept
1785243939560,false,1785243939610,LeaderAccept
1785243939583,false,1785243939633,LeaderAccept
1785243939606,true,1785243939656,LeaderAccept
1785243939630,false,1785243939680,LeaderAccept
1785243939654,false,1785243939705,LeaderAccept
1785243939679,true,1785243939729,LeaderAccept
1785243939704,true,1785243939754,LeaderAccept
1785243939729,true,1785243939779,LeaderAccept
1785243939755,true,1785243939805,LeaderAccept
1785243939781,false,1785243939832,LeaderAccept
1785243939808,false,1785243939858,LeaderAccept
1785243939835,true,1785243939885,LeaderAccept
1785243939862,true,1785243939913,LeaderAccept
1785243939890,false,1785243939942,LeaderAccept
1785243939918,true,1785243939968,LeaderAccept
1785243939946,true,1785243939996,LeaderAccept
1785243939974,true,1785243940025,LeaderAccept
1785243940003,false,1785243940053,LeaderAccept
1785243940032,true,1785243940082,LeaderAccept
1785243940061,true,1785243940112,LeaderAccept
1785243940092,true,1785243940141,LeaderAccept
1785243940122,true,1785243940172,LeaderAccept
1785243940153,true,1785243940203,LeaderAccept
1785243940184,true,1785243940234,LeaderAccept
1785243940215,true,1785243940266,LeaderAccept
1785243940247,false,1785243940297,LeaderAccept
1785243940280,false,1785243940331,LeaderAccept
1785243940314,true,1785243940364,LeaderAccept
1785243940347,true,1785243940398,LeaderAccept
1785243940382,true,1785243940433,LeaderAccept
1785243940417,true,1785243940468,LeaderAccept
1785243940453,false,1785243940504,LeaderAccept
1785243940489,true,1785243940539,LeaderAccept
1785243940525,true,1785243940576,LeaderAccept
1785243940563,true,1785243940613,LeaderAccept
1785243940601,true,1785243940652,LeaderAccept
1785243940640,true,1785243940690,LeaderAccept
1785243940679,true,1785243940729,LeaderAccept
1785243940719,true,1785243940769,LeaderAccept
1785243940760,true,1785243940810,LeaderAccept
1785243940802,false,1785243940852,LeaderAccept
1785243940844,true,1785243940895,LeaderAccept
1785243940888,true,1785243940939,LeaderAccept
1785243940933,false,1785243940984,LeaderAccept
1785243940979,true,1785243941030,LeaderAccept
1785243941026,true,1785243941077,LeaderAccept
1785243941074,true,1785243941125,LeaderAccept
1785243941123,false,1785243941173,LeaderAccept
1785243941173,false,1785243941223,LeaderAccept
1785243941224,true,1785243941274,LeaderAccept
1785243941277,true,1785243941328,LeaderAccept
1785243941331,true,1785243941381,LeaderAccept
1785243941386,true,1785243941437,LeaderAccept
1785243941443,true,1785243941494,LeaderAccept
1785243941502,false,1785243941552,LeaderAccept
1785243941562,false,1785243941613,LeaderAccept
1785243941625,true,1785243941676,LeaderAccept
1785243941689,true,1785243941739,LeaderAccept
1785243941755,false,1785243941804,LeaderAccept
1785243941823,true,1785243941873,LeaderAccept
1785243941893,false,1785243941944,LeaderAccept
1785243941966,true,1785243942016,LeaderAccept
1785243942041,true,1785243942092,LeaderAccept
1785243942120,false,1785243942170,LeaderAccept
1785243942203,false,1785243942253,LeaderAccept
1785243942288,false,1785243942339,LeaderAccept
1785243942377,false,1785243942427,LeaderAccept
1785243942470,false,1785243942520,LeaderAccept
1785243942567,false,1785243942618,LeaderAccept
1785243942669,false,1785243942719,LeaderAccept
1785243942776,true,1785243942827,LeaderAccept
1785243942889,false,1785243942940,LeaderAccept
1785243943009,true,1785243943059,LeaderAccept
1785243943136,false,1785243943186,LeaderAccept
1785243943271,false,1785243943322,LeaderAccept
1785243943416,true,1785243943466,LeaderAccept
1785243943571,true,1785243943621,LeaderAccept
1785243943739,true,1785243943790,LeaderAccept
1785243943921,true,1785243943977,LeaderAccept
1785243944120,true,1785243944170,LeaderAccept
1785243944340,false,1785243944390,LeaderAccept
1785243944585,true,1785243944635,LeaderAccept
1785243944862,false,1785243944912,LeaderAccept
1785243945180,false,1785243945230,LeaderAccept
1785243945553,false,1785243945603,LeaderAccept
1785243946002,true,1785243946072,LeaderAccept
1785243946563,false,1785243946614,LeaderAccept
1785243947307,false,1785243947361,LeaderAccept
1785243948384,false,1785243948425,FastAccept
