request_time,write,response_time,accept_status
1785243529768,true,1785243529810,LeaderAccept
1785243530309,true,1785243530351,LeaderAccept
1785243531017,false,1785243531058,LeaderAccept
1785243532025,false,1785243532067,LeaderAccept
1785243533691,true,1785243533733,LeaderAccept
1785243537525,true,1785243537567,LeaderAccept
1785243537904,true,1785243537945,LeaderAccept
1785243537941,true,1785243537982,LeaderAccept
1785243537979,true,1785243538020,LeaderAccept
1785243538017,false,1785243538057,LeaderAccept
1785243538056,true,1785243538098,LeaderAccept
1785243538096,true,1785243538136,LeaderAccept
1785243538136,true,1785243538177,LeaderAccept
1785243538177,true,1785243538218,LeaderAccept
1785243538219,true,1785243538260,LeaderAccept
1785243538261,true,1785243538303,LeaderAccept
1785243538305,true,1785243538345,LeaderAccept
1785243538349,true,1785243538389,LeaderAccept
1785243538394,true,1785243538434,LeaderAccept
1785243538439,true,1785243538481,LeaderAccept
1785243538486,false,1785243538528,LeaderAccept
1785243538535,false,1785243538576,LeaderAccept
1785243538585,true,1785243538626,LeaderAccept
1785243538636,true,1785243538677,LeaderAccept
1785243538688,true,1785243538729,LeaderAccept
1785243538742,true,1785243538783,LeaderAccept
1785243538797,false,1785243538839,LeaderAccept
1785243538854,false,1785243538896,LeaderAccept
1785243538912,true,1785243538953,LeaderAccept
1785243538972,false,1785243539013,LeaderAccept
1785243539033,true,1785243539074,LeaderAccept
1785243539097,false,1785243539138,LeaderAccept
1785243539163,true,1785243539204,LeaderAccept
1785243539230,false,1785243539271,LeaderAccept
1785243539300,true,1785243539342,LeaderAccept
1785243539372,true,1785243539413,LeaderAccept
1785243539447,true,1785243539489,LeaderAccept
1785243539525,true,1785243539566,LeaderAccept
1785243539605,true,1785243539647,LeaderAccept
1785243539690,true,1785243539731,LeaderAccept
1785243539777,true,1785243539819,LeaderAccept
1785243539869,true,1785243539911,LeaderAccept
1785243539965,true,1785243540007,LeaderAccept
1785243540066,false,1785243540108,LeaderAccept
1785243540172,false,1785243540213,LeaderAccept
1785243540283,false,1785243540324,LeaderAccept
1785243540400,true,1785243540441,LeaderAccept
1785243540525,true,1785243540567,LeaderAccept
1785243540657,false,1785243540699,LeaderAccept
1785243540799,false,1785243540841,LeaderAccept
1785243540951,true,1785243540992,LeaderAccept
1785243541113,true,1785243541155,LeaderAccept
1785243541291,false,1785243541333,LeaderAccept
1785243541485,false,1785243541527,LeaderAccept
1785243541698,false,1785243541739,LeaderAccept
1785243541935,true,1785243541976,LeaderAccept
1785243542201,true,1785243542243,LeaderAccept
1785243542505,false,1785243542547,LeaderAccept
1785243542860,false,1785243542901,LeaderAccept
1785243543283,true,1785243543324,LeaderAccept
1785243543803,true,1785243543842,FastAccept
1785243544480,false,1785243544520,LeaderAccept
1785243545427,false,1785243545469,LeaderAccept
1785243546949,false,1785243546991,LeaderAccept
1785243550207,true,1785243550247,LeaderAccept
1785243566801,false,1785243566842,LeaderAccept
1785243594419,false,1785243594458,FastAccept
1785243594437,false,1785243594475,FastAccept
1785243594454,false,1785243594493,FastAccept
1785243594472,false,1785243594510,FastAccept
1785243594489,false,1785243594528,FastAccept
1785243594507,true,1785243594545,FastAccept
1785243594525,false,1785243594563,FastAccept
1785243594543,true,1785243594581,FastAccept
1785243594561,true,1785243594599,FastAccept
1785243594578,false,1785243594617,FastAccept
1785243594597,false,1785243594635,FastAccept
1785243594615,false,1785243594654,FastAccept
1785243594634,true,1785243594672,FastAccept
1785243594653,false,1785243594692,FastAccept
1785243594672,false,1785243594711,FastAccept
1785243594691,false,1785243594730,FastAccept
1785243594711,true,1785243594749,FastAccept
1785243594730,false,1785243594769,FastAccept
1785243594749,false,1785243594788,FastAccept
1785243594768,false,1785243594807,FastAccept
1785243594789,true,1785243594828,FastAccept
1785243594809,true,1785243594848,FastAccept
1785243594830,false,1785243594869,FastAccept
1785243594851,false,1785243594890,FastAccept
1785243594872,false,1785243594911,FastAccept
1785243594893,true,1785243594932,FastAccept
1785243594915,true,1785243594954,FastAccept
1785243594937,false,1785243594976,FastAccept
1785243594959,false,1785243594997,FastAccept
1785243594980,true,1785243595019,FastAccept
1785243595003,true,1785243595041,FastAccept
1785243595025,false,1785243595064,FastAccept
1785243595047,true,1785243595086,FastAccept
1785243595071,true,1785243595110,FastAccept
1785243595093,false,1785243595133,FastAccept
1785243595117,false,1785243595156,FastAccept
1785243595141,true,1785243595179,FastAccept
1785243595164,true,1785243595204,FastAccept
1785243595189,true,1785243595228,FastAccept
1785243595213,true,1785243595252,FastAccept
1785243595238,true,1785243595277,FastAccept
1785243595263,true,1785243595302,FastAccept
1785243595288,false,1785243595327,FastAccept
1785243595314,false,1785243595353,FastAccept
1785243595339,false,1785243595379,FastAccept
1785243595365,false,1785243595404,FastAccept
1785243595392,false,1785243595431,FastAccept
1785243595419,false,1785243595458,FastAccept
1785243595446,false,1785243595485,FastAccept
1785243595474,false,1785243595513,FastAccept
1785243595502,true,1785243595541,FastAccept
1785243595531,true,1785243595570,FastAccept
1785243595560,false,1785243595599,FastAccept
1785243595590,true,1785243595629,FastAccept
1785243595620,true,1785243595659,FastAccept
1785243595650,true,1785243595688,FastAccept
1785243595681,false,1785243595720,FastAccept
1785243595712,true,1785243595751,FastAccept
1785243595743,false,1785243595782,FastAccept
1785243595775,false,1785243595813,FastAccept
1785243595808,false,1785243595846,FastAccept
1785243595841,true,1785243595879,FastAccept
1785243595874,true,1785243595912,FastAccept
1785243595907,false,1785243595946,FastAccept
1785243595941,true,1785243595980,FastAccept
1785243595977,false,1785243596017,FastAccept
1785243596013,true,1785243596052,FastAccept
1785243596050,false,1785243596089,FastAccept
1785243596087,true,1785243596125,FastAccept
1785243596125,true,1785243596164,FastAccept
1785243596164,false,1785243596202,FastAccept
1785243596202,true,1785243596241,FastAccept
1785243596242,false,1785243596281,FastAccept
1785243596283,false,1785243596322,FastAccept
1785243596325,false,1785243596363,FastAccept
1785243596366,true,1785243596405,FastAccept
1785243596410,false,1785243596449,FastAccept
1785243596454,false,1785243596493,FastAccept
1785243596499,false,1785243596538,FastAccept
1785243596545,true,1785243596584,FastAccept
1785243596593,true,1785243596632,FastAccept
1785243596641,true,1785243596680,FastAccept
1785243596690,false,1785243596729,FastAccept
1785243596740,true,1785243596779,FastAccept
1785243596792,true,1785243596831,FastAccept
1785243596845,true,1785243596884,FastAccept
1785243596900,true,1785243596938,FastAccept
1785243596955,true,1785243596995,FastAccept
1785243597013,true,1785243597052,FastAccept
1785243597072,true,1785243597111,FastAccept
1785243597132,false,1785243597171,FastAccept
1785243597195,false,1785243597234,FastAccept
1785243597260,false,1785243597312,LeaderAccept
1785243597327,true,1785243597368,LeaderAccept
1785243597395,true,1785243597437,LeaderAccept
1785243597466,false,1785243597508,LeaderAccept
1785243597540,true,1785243597582,LeaderAccept
1785243597617,true,1785243597659,LeaderAccept
1785243597697,true,1785243597738,LeaderAccept
1785243597779,false,1785243597820,LeaderAccept
1785243597866,true,1785243597908,LeaderAccept
1785243597956,false,1785243597997,LeaderAccept
1785243598049,false,1785243598090,LeaderAccept
1785243598148,true,1785243598190,LeaderAccept
1785243598250,false,1785243598292,LeaderAccept
1785243598359,false,1785243598401,LeaderAccept
1785243598474,false,1785243598516,LeaderAccept
1785243598595,false,1785243598637,LeaderAccept
1785243598725,true,1785243598766,LeaderAccept
1785243598863,true,1785243598905,LeaderAccept
1785243599010,true,1785243599052,LeaderAccept
1785243599168,true,1785243599209,LeaderAccept
1785243599340,true,1785243599382,LeaderAccept
1785243599527,true,1785243599569,LeaderAccept
1785243599732,false,1785243599774,LeaderAccept
1785243599959,true,1785243600001,LeaderAccept
1785243600214,false,1785243600256,LeaderAccept
1785243600502,false,1785243600544,LeaderAccept
1785243600836,true,1785243600877,LeaderAccept
1785243601229,false,1785243601271,LeaderAccept
1785243601708,false,1785243601750,LeaderAccept
1785243602316,false,1785243602358,LeaderAccept
1785243603138,false,1785243603177,FastAccept
1785243604379,false,1785243604418,FastAccept
1785243606685,false,1785243606724,FastAccept
1785243613989,false,1785243614031,LeaderAccept
1785243615000,true,1785243615043,LeaderAccept
1785243615033,false,1785243615075,LeaderAccept
1785243615066,true,1785243615108,LeaderAccept
1785243615099,true,1785243615139,LeaderAccept
1785243615132,true,1785243615175,LeaderAccept
1785243615166,false,1785243615209,LeaderAccept
1785243615202,true,1785243615244,LeaderAccept
1785243615238,true,1785243615280,LeaderAccept
1785243615274,true,1785243615316,LeaderAccept
1785243615312,true,1785243615355,LeaderAccept
1785243615350,false,1785243615392,LeaderAccept
1785243615388,false,1785243615429,LeaderAccept
1785243615427,false,1785243615469,LeaderAccept
1785243615467,false,1785243615508,LeaderAccept
1785243615507,true,1785243615548,LeaderAccept
1785243615549,true,1785243615591,LeaderAccept
1785243615592,false,1785243615633,LeaderAccept
1785243615635,true,1785243615675,LeaderAccept
1785243615678,false,1785243615720,LeaderAccept
1785243615723,true,1785243615764,LeaderAccept
1785243615770,false,1785243615812,LeaderAccept
1785243615816,true,1785243615858,LeaderAccept
1785243615864,false,1785243615906,LeaderAccept
1785243615913,true,1785243615955,LeaderAccept
1785243615964,false,1785243616005,LeaderAccept
1785243616015,true,1785243616057,LeaderAccept
1785243616069,false,1785243616110,LeaderAccept
1785243616124,true,1785243616166,LeaderAccept
1785243616180,true,1785243616221,LeaderAccept
1785243616237,true,1785243616279,LeaderAccept
1785243616297,true,1785243616339,LeaderAccept
1785243616358,true,1785243616399,LeaderAccept
1785243616420,false,1785243616461,LeaderAccept
1785243616485,false,1785243616526,LeaderAccept
1785243616551,false,1785243616593,LeaderAccept
1785243616621,false,1785243616662,LeaderAccept
1785243616693,false,1785243616734,LeaderAccept
1785243616766,false,1785243616807,LeaderAccept
1785243616843,false,1785243616885,LeaderAccept
1785243616923,true,1785243616964,LeaderAccept
1785243617006,true,1785243617048,LeaderAccept
1785243617092,false,1785243617134,LeaderAccept
1785243617182,false,1785243617223,LeaderAccept
1785243617276,false,1785243617318,LeaderAccept
1785243617375,false,1785243617417,LeaderAccept
1785243617478,true,1785243617520,LeaderAccept
1785243617586,true,1785243617628,LeaderAccept
1785243617701,true,1785243617743,LeaderAccept
1785243617823,true,1785243617865,LeaderAccept
1785243617953,false,1785243617995,LeaderAccept
1785243618091,true,1785243618133,LeaderAccept
1785243618239,true,1785243618281,LeaderAccept
1785243618398,false,1785243618440,LeaderAccept
1785243618569,false,1785243618611,LeaderAccept
1785243618757,false,1785243618798,LeaderAccept
1785243618963,false,1785243619004,LeaderAccept
1785243619190,false,1785243619231,LeaderAccept
1785243619445,true,1785243619486,LeaderAccept
1785243619734,true,1785243619775,LeaderAccept
1785243620068,true,1785243620109,LeaderAccept
1785243620463,false,1785243620504,LeaderAccept
1785243620944,true,1785243621008,SlowAccept
1785243621555,true,1785243621594,FastAccept
1785243622382,true,1785243622422,FastAccept
1785243623634,true,1785243623676,LeaderAccept
1785243625975,true,1785243626016,LeaderAccept
1785243629193,true,1785243629235,LeaderAccept
1785243629215,true,1785243629257,LeaderAccept
1785243629238,false,1785243629279,LeaderAccept
1785243629261,true,1785243629302,LeaderAccept
1785243629284,true,1785243629325,LeaderAccept
1785243629307,false,1785243629349,LeaderAccept
1785243629331,false,1785243629372,LeaderAccept
1785243629354,false,1785243629396,LeaderAccept
1785243629378,false,1785243629419,LeaderAccept
1785243629402,false,1785243629443,LeaderAccept
1785243629427,false,1785243629467,LeaderAccept
1785243629452,false,1785243629492,LeaderAccept
1785243629477,false,1785243629518,LeaderAccept
1785243629503,false,1785243629544,LeaderAccept
1785243629529,true,1785243629571,LeaderAccept
1785243629556,true,1785243629598,LeaderAccept
1785243629583,false,1785243629624,LeaderAccept
1785243629610,true,1785243629652,LeaderAccept
1785243629638,true,1785243629678,LeaderAccept
1785243629666,true,1785243629707,LeaderAccept
1785243629694,true,1785243629735,LeaderAccept
1785243629721,true,1785243629762,LeaderAccept
1785243629751,false,1785243629792,LeaderAccept
1785243629779,false,1785243629820,LeaderAccept
1785243629808,true,1785243629850,LeaderAccept
1785243629839,false,1785243629879,LeaderAccept
1785243629869,true,1785243629910,LeaderAccept
1785243629901,true,1785243629942,LeaderAccept
1785243629932,false,1785243629973,LeaderAccept
1785243629964,true,1785243630005,LeaderAccept
1785243629997,false,1785243630038,LeaderAccept
1785243630030,false,1785243630072,LeaderAccept
1785243630064,false,1785243630105,LeaderAccept
1785243630098,true,1785243630139,LeaderAccept
1785243630132,false,1785243630174,LeaderAccept
1785243630168,false,1785243630209,LeaderAccept
1785243630204,true,1785243630245,LeaderAccept
1785243630241,true,1785243630282,LeaderAccept
1785243630278,false,1785243630319,LeaderAccept
1785243630315,true,1785243630357,LeaderAccept
1785243630353,false,1785243630394,LeaderAccept
1785243630393,false,1785243630434,LeaderAccept
1785243630433,false,1785243630474,LeaderAccept
1785243630474,true,1785243630516,LeaderAccept
1785243630516,false,1785243630557,LeaderAccept
1785243630558,false,1785243630599,LeaderAccept
1785243630601,false,1785243630643,LeaderAccept
1785243630646,false,1785243630687,LeaderAccept
1785243630691,false,1785243630732,LeaderAccept
1785243630736,false,1785243630778,LeaderAccept
1785243630784,true,1785243630826,LeaderAccept
1785243630832,false,1785243630874,LeaderAccept
1785243630881,false,1785243630923,LeaderAccept
1785243630932,true,1785243630973,LeaderAccept
1785243630983,true,1785243631026,LeaderAccept
1785243631037,true,1785243631080,LeaderAccept
1785243631092,false,1785243631134,LeaderAccept
1785243631149,false,1785243631192,LeaderAccept
1785243631207,false,1785243631252,LeaderAccept
1785243631266,true,1785243631309,LeaderAccept
1785243631328,true,1785243631369,LeaderAccept
1785243631390,false,1785243631432,LeaderAccept
1785243631456,true,1785243631498,LeaderAccept
1785243631524,true,1785243631566,LeaderAccept
1785243631594,true,1785243631635,LeaderAccept
1785243631666,false,1785243631708,LeaderAccept
1785243631741,true,1785243631783,LeaderAccept
1785243631819,false,1785243631860,LeaderAccept
1785243631900,false,1785243631941,LeaderAccept
1785243631984,false,1785243632025,LeaderAccept
1785243632071,true,1785243632113,LeaderAccept
1785243632162,false,1785243632203,LeaderAccept
1785243632257,true,1785243632298,LeaderAccept
1785243632356,true,1785243632398,LeaderAccept
1785243632462,false,1785243632504,LeaderAccept
1785243632573,true,1785243632614,LeaderAccept
1785243632690,true,1785243632732,LeaderAccept
1785243632814,false,1785243632855,LeaderAccept
1785243632946,true,1785243632988,LeaderAccept
1785243633086,true,1785243633127,LeaderAccept
1785243633237,true,1785243633279,LeaderAccept
1785243633400,true,1785243633441,LeaderAccept
1785243633576,false,1785243633617,LeaderAccept
1785243633768,false,1785243633809,LeaderAccept
1785243633980,false,1785243634020,LeaderAccept
1785243634215,true,1785243634256,LeaderAccept
1785243634478,true,1785243634520,LeaderAccept
1785243634778,false,1785243634819,LeaderAccept
1785243635128,false,1785243635170,LeaderAccept
1785243635544,true,1785243635586,LeaderAccept
1785243636055,true,1785243636097,LeaderAccept
1785243636716,false,1785243636757,LeaderAccept
1785243637633,false,1785243637675,LeaderAccept
1785243639085,true,1785243639126,LeaderAccept
1785243640516,true,1785243640558,LeaderAccept
1785243640545,true,1785243640585,LeaderAccept
1785243640574,true,1785243640616,LeaderAccept
1785243640603,false,1785243640645,LeaderAccept
1785243640633,false,1785243640674,LeaderAccept
1785243640663,true,1785243640704,LeaderAccept
1785243640693,false,1785243640735,LeaderAccept
1785243640724,false,1785243640766,LeaderAccept
1785243640756,true,1785243640798,LeaderAccept
1785243640788,false,1785243640829,LeaderAccept
1785243640820,false,1785243640861,LeaderAccept
1785243640853,true,1785243640894,LeaderAccept
1785243640886,true,1785243640927,LeaderAccept
1785243640920,true,1785243640962,LeaderAccept
1785243640954,false,1785243640996,LeaderAccept
1785243640989,false,1785243641031,LeaderAccept
1785243641025,false,1785243641066,LeaderAccept
1785243641060,true,1785243641101,LeaderAccept
1785243641096,true,1785243641138,LeaderAccept
1785243641134,false,1785243641176,LeaderAccept
1785243641172,false,1785243641213,LeaderAccept
1785243641211,true,1785243641252,LeaderAccept
1785243641250,false,1785243641292,LeaderAccept
1785243641291,false,1785243641332,LeaderAccept
1785243641332,true,1785243641373,LeaderAccept
1785243641374,false,1785243641415,LeaderAccept
1785243641416,false,1785243641457,LeaderAccept
1785243641459,true,1785243641501,LeaderAccept
1785243641504,false,1785243641545,LeaderAccept
1785243641550,false,1785243641592,LeaderAccept
1785243641597,true,1785243641638,LeaderAccept
1785243641645,false,1785243641687,LeaderAccept
1785243641693,false,1785243641735,LeaderAccept
1785243641744,true,1785243641785,LeaderAccept
1785243641795,true,1785243641836,LeaderAccept
1785243641848,false,1785243641889,LeaderAccept
1785243641902,true,1785243641944,LeaderAccept
1785243641957,true,1785243641998,LeaderAccept
1785243642013,false,1785243642055,LeaderAccept
1785243642072,true,1785243642113,LeaderAccept
1785243642132,true,1785243642174,LeaderAccept
1785243642194,false,1785243642235,LeaderAccept
1785243642258,false,1785243642299,LeaderAccept
1785243642323,true,1785243642364,LeaderAccept
1785243642392,false,1785243642433,LeaderAccept
1785243642462,true,1785243642503,LeaderAccept
1785243642535,true,1785243642576,LeaderAccept
1785243642611,false,1785243642652,LeaderAccept
1785243642690,false,1785243642732,LeaderAccept
1785243642772,false,1785243642813,LeaderAccept
1785243642857,true,1785243642898,LeaderAccept
1785243642946,true,1785243642987,LeaderAccept
1785243643037,true,1785243643079,LeaderAccept
1785243643134,false,1785243643175,LeaderAccept
1785243643235,true,1785243643277,LeaderAccept
1785243643342,false,1785243643383,LeaderAccept
1785243643455,false,1785243643496,LeaderAccept
1785243643574,false,1785243643616,LeaderAccept
1785243643700,false,1785243643742,LeaderAccept
1785243643835,false,1785243643876,LeaderAccept
1785243643979,false,1785243644020,LeaderAccept
1785243644132,true,1785243644174,LeaderAccept
1785243644299,true,1785243644340,LeaderAccept
1785243644478,false,1785243644520,LeaderAccept
1785243644675,false,1785243644717,LeaderAccept
1785243644893,false,1785243644935,LeaderAccept
1785243645136,true,1785243645177,LeaderAccept
1785243645410,true,1785243645451,LeaderAccept
1785243645723,false,1785243645762,FastAccept
1785243646091,false,1785243646130,FastAccept
1785243646532,false,1785243646598,LeaderAccept
1785243647081,true,1785243647122,LeaderAccept
1785243647802,true,1785243647841,FastAccept
1785243648839,false,1785243648877,FastAccept
1785243650576,false,1785243650615,FastAccept
1785243654719,false,1785243654760,LeaderAccept
1785243664612,false,1785243664654,LeaderAccept
1785243664646,false,1785243664687,LeaderAccept
1785243664680,true,1785243664721,LeaderAccept
1785243664715,false,1785243664755,LeaderAccept
1785243664750,false,1785243664791,LeaderAccept
1785243664785,false,1785243664827,LeaderAccept
1785243664822,false,1785243664863,LeaderAccept
1785243664859,true,1785243664900,LeaderAccept
1785243664896,false,1785243664937,LeaderAccept
1785243664935,false,1785243664976,LeaderAccept
1785243664975,false,1785243665015,LeaderAccept
1785243665014,false,1785243665055,LeaderAccept
1785243665054,false,1785243665096,LeaderAccept
1785243665096,true,1785243665136,LeaderAccept
1785243665137,false,1785243665178,LeaderAccept
1785243665180,false,1785243665221,LeaderAccept
1785243665225,false,1785243665266,LeaderAccept
1785243665270,true,1785243665312,LeaderAccept
1785243665315,true,1785243665357,LeaderAccept
1785243665362,false,1785243665404,LeaderAccept
1785243665411,true,1785243665453,LeaderAccept
1785243665461,false,1785243665502,LeaderAccept
1785243665511,false,1785243665554,LeaderAccept
1785243665563,false,1785243665604,LeaderAccept
1785243665616,false,1785243665657,LeaderAccept
1785243665670,false,1785243665712,LeaderAccept
1785243665726,false,1785243665767,LeaderAccept
1785243665783,false,1785243665825,LeaderAccept
1785243665843,true,1785243665885,LeaderAccept
1785243665904,false,1785243665946,LeaderAccept
1785243665967,true,1785243666009,LeaderAccept
1785243666032,false,1785243666074,LeaderAccept
1785243666099,true,1785243666140,LeaderAccept
1785243666167,true,1785243666209,LeaderAccept
1785243666239,false,1785243666280,LeaderAccept
1785243666313,false,1785243666355,LeaderAccept
1785243666390,false,1785243666432,LeaderAccept
1785243666470,false,1785243666511,LeaderAccept
1785243666553,false,1785243666594,LeaderAccept
1785243666640,true,1785243666681,LeaderAccept
1785243666730,true,1785243666771,LeaderAccept
1785243666824,false,1785243666865,LeaderAccept
1785243666923,true,1785243666964,LeaderAccept
1785243667027,false,1785243667068,LeaderAccept
1785243667136,true,1785243667177,LeaderAccept
1785243667251,false,1785243667292,LeaderAccept
1785243667373,true,1785243667414,LeaderAccept
1785243667501,false,1785243667543,LeaderAccept
1785243667640,false,1785243667682,LeaderAccept
1785243667788,true,1785243667830,LeaderAccept
1785243667948,true,1785243667989,LeaderAccept
1785243668121,true,1785243668163,LeaderAccept
1785243668308,false,1785243668350,LeaderAccept
1785243668514,false,1785243668556,LeaderAccept
1785243668743,true,1785243668785,LeaderAccept
1785243668999,true,1785243669041,LeaderAccept
1785243669290,false,1785243669332,LeaderAccept
1785243669627,false,1785243669665,FastAccept
1785243670025,true,1785243670064,FastAccept
1785243670510,false,1785243670549,FastAccept
1785243671127,true,1785243671166,FastAccept
1785243671969,false,1785243672037,LeaderAccept
1785243673250,false,1785243673291,LeaderAccept
1785243675677,false,1785243675718,LeaderAccept
1785243683847,true,1785243683886,FastAccept
1785243684051,false,1785243684090,FastAccept
1785243684068,true,1785243684106,FastAccept
1785243684085,false,1785243684123,FastAccept
1785243684102,false,1785243684141,FastAccept
1785243684119,true,1785243684158,FastAccept
1785243684136,false,1785243684174,FastAccept
1785243684153,false,1785243684191,FastAccept
1785243684171,false,1785243684209,FastAccept
1785243684188,false,1785243684226,FastAccept
1785243684206,false,1785243684244,FastAccept
1785243684224,true,1785243684262,FastAccept
1785243684242,true,1785243684280,FastAccept
1785243684259,true,1785243684299,FastAccept
1785243684277,false,1785243684316,FastAccept
1785243684295,false,1785243684334,FastAccept
1785243684314,false,1785243684353,FastAccept
1785243684332,true,1785243684371,FastAccept
1785243684350,true,1785243684389,FastAccept
1785243684369,false,1785243684407,FastAccept
1785243684388,true,1785243684427,FastAccept
1785243684407,true,1785243684446,FastAccept
1785243684427,true,1785243684465,FastAccept
1785243684446,true,1785243684484,FastAccept
1785243684465,true,1785243684504,FastAccept
1785243684484,false,1785243684523,FastAccept
1785243684505,false,1785243684543,FastAccept
1785243684525,false,1785243684563,FastAccept
1785243684545,false,1785243684583,FastAccept
1785243684565,true,1785243684604,FastAccept
1785243684585,true,1785243684624,FastAccept
1785243684607,false,1785243684645,FastAccept
1785243684628,false,1785243684667,FastAccept
1785243684650,false,1785243684689,FastAccept
1785243684672,true,1785243684711,FastAccept
1785243684694,true,1785243684733,FastAccept
1785243684716,false,1785243684754,FastAccept
1785243684738,true,1785243684777,FastAccept
1785243684760,true,1785243684799,FastAccept
1785243684784,false,1785243684823,FastAccept
1785243684807,true,1785243684846,FastAccept
1785243684830,true,1785243684869,FastAccept
1785243684854,false,1785243684893,FastAccept
1785243684878,false,1785243684917,FastAccept
1785243684903,false,1785243684942,FastAccept
1785243684928,true,1785243684967,FastAccept
1785243684953,false,1785243684992,FastAccept
1785243684978,true,1785243685017,FastAccept
1785243685004,true,1785243685043,FastAccept
1785243685030,true,1785243685069,FastAccept
1785243685056,true,1785243685095,FastAccept
1785243685083,false,1785243685122,FastAccept
1785243685110,false,1785243685149,FastAccept
1785243685137,true,1785243685176,FastAccept
1785243685165,true,1785243685205,FastAccept
1785243685192,false,1785243685231,FastAccept
1785243685221,false,1785243685260,FastAccept
1785243685249,true,1785243685288,FastAccept
1785243685279,true,1785243685318,FastAccept
1785243685309,true,1785243685348,FastAccept
1785243685339,true,1785243685378,FastAccept
1785243685370,false,1785243685408,FastAccept
1785243685401,true,1785243685439,FastAccept
1785243685431,false,1785243685470,FastAccept
1785243685463,false,1785243685501,FastAccept
1785243685494,true,1785243685533,FastAccept
1785243685527,false,1785243685565,FastAccept
1785243685560,false,1785243685598,FastAccept
1785243685592,false,1785243685631,FastAccept
1785243685626,false,1785243685665,FastAccept
1785243685660,true,1785243685699,FastAccept
1785243685695,false,1785243685734,FastAccept
1785243685731,false,1785243685770,FastAccept
1785243685767,true,1785243685806,FastAccept
1785243685805,false,1785243685844,FastAccept
1785243685843,true,1785243685882,FastAccept
1785243685882,false,1785243685920,FastAccept
1785243685920,true,1785243685959,FastAccept
1785243685960,true,1785243685999,FastAccept
1785243686001,true,1785243686040,FastAccept
1785243686043,true,1785243686081,FastAccept
1785243686085,true,1785243686130,FastAccept
1785243686128,true,1785243686176,LeaderAccept
1785243686173,true,1785243686212,FastAccept
1785243686218,true,1785243686257,FastAccept
1785243686264,true,1785243686303,FastAccept
1785243686311,true,1785243686350,FastAccept
1785243686359,true,1785243686398,FastAccept
1785243686409,false,1785243686448,FastAccept
1785243686460,true,1785243686513,LeaderAccept
1785243686512,false,1785243686553,LeaderAccept
1785243686564,false,1785243686606,LeaderAccept
1785243686619,false,1785243686660,LeaderAccept
1785243686675,false,1785243686717,LeaderAccept
1785243686733,false,1785243686775,LeaderAccept
1785243686791,false,1785243686832,LeaderAccept
1785243686853,false,1785243686896,LeaderAccept
1785243686916,true,1785243686956,LeaderAccept
1785243686981,true,1785243687022,LeaderAccept
1785243687048,true,1785243687090,LeaderAccept
1785243687118,false,1785243687159,LeaderAccept
1785243687190,false,1785243687232,LeaderAccept
1785243687265,false,1785243687306,LeaderAccept
1785243687341,true,1785243687383,LeaderAccept
1785243687422,false,1785243687464,LeaderAccept
1785243687505,false,1785243687547,LeaderAccept
1785243687592,false,1785243687634,LeaderAccept
1785243687682,false,1785243687724,LeaderAccept
1785243687777,false,1785243687819,LeaderAccept
1785243687875,true,1785243687917,LeaderAccept
1785243687980,true,1785243688021,LeaderAccept
1785243688090,false,1785243688131,LeaderAccept
1785243688206,true,1785243688247,LeaderAccept
1785243688328,false,1785243688371,LeaderAccept
1785243688459,true,1785243688501,LeaderAccept
1785243688599,true,1785243688640,LeaderAccept
1785243688747,true,1785243688789,LeaderAccept
1785243688908,false,1785243688950,LeaderAccept
1785243689082,false,1785243689125,LeaderAccept
1785243689272,true,1785243689314,LeaderAccept
1785243689481,true,1785243689522,LeaderAccept
1785243689712,true,1785243689754,LeaderAccept
1785243689971,false,1785243690012,LeaderAccept
1785243690266,false,1785243690308,LeaderAccept
1785243690607,false,1785243690649,LeaderAccept
1785243691013,false,1785243691055,LeaderAccept
1785243691509,true,1785243691551,LeaderAccept
1785243692144,false,1785243692186,LeaderAccept
1785243693016,true,1785243693056,FastAccept
1785243694364,true,1785243694407,LeaderAccept
1785243697006,false,1785243697048,LeaderAccept
1785243704908,false,1785243704946,FastAccept
1785243704924,true,1785243704963,FastAccept
1785243704941,true,1785243704979,FastAccept
1785243704957,false,1785243704996,FastAccept
1785243704975,false,1785243705013,FastAccept
1785243704992,false,1785243705031,FastAccept
1785243705010,false,1785243705049,FastAccept
1785243705028,true,1785243705066,FastAccept
1785243705044,false,1785243705083,FastAccept
1785243705062,false,1785243705100,FastAccept
1785243705080,false,1785243705119,FastAccept
1785243705097,false,1785243705136,FastAccept
1785243705116,true,1785243705154,FastAccept
1785243705134,false,1785243705172,FastAccept
1785243705152,false,1785243705191,FastAccept
1785243705171,false,1785243705209,FastAccept
1785243705190,true,1785243705229,FastAccept
1785243705209,false,1785243705257,FastAccept
1785243705227,true,1785243705266,FastAccept
1785243705247,false,1785243705335,LeaderAccept
1785243705267,false,1785243705330,SlowAccept
1785243705286,false,1785243705331,FastAccept
1785243705306,true,1785243705356,LeaderAccept
1785243705326,false,1785243705368,LeaderAccept
1785243705346,false,1785243705387,LeaderAccept
1785243705366,false,1785243705407,LeaderAccept
1785243705387,true,1785243705428,LeaderAccept
1785243705407,false,1785243705448,LeaderAccept
1785243705427,true,1785243705469,LeaderAccept
1785243705448,true,1785243705489,LeaderAccept
1785243705470,false,1785243705511,LeaderAccept
1785243705491,false,1785243705533,LeaderAccept
1785243705513,true,1785243705554,LeaderAccept
1785243705535,false,1785243705576,LeaderAccept
1785243705557,false,1785243705598,LeaderAccept
1785243705580,false,1785243705621,LeaderAccept
1785243705602,false,1785243705645,LeaderAccept
1785243705626,false,1785243705667,LeaderAccept
1785243705649,false,1785243705690,LeaderAccept
1785243705673,false,1785243705715,LeaderAccept
1785243705697,true,1785243705738,LeaderAccept
1785243705721,false,1785243705762,LeaderAccept
1785243705745,false,1785243705786,LeaderAccept
1785243705769,false,1785243705811,LeaderAccept
1785243705793,true,1785243705834,LeaderAccept
1785243705819,true,1785243705860,LeaderAccept
1785243705845,true,1785243705886,LeaderAccept
1785243705870,true,1785243705912,LeaderAccept
1785243705896,true,1785243705938,LeaderAccept
1785243705923,true,1785243705963,LeaderAccept
1785243705949,true,1785243705990,LeaderAccept
1785243705977,true,1785243706018,LeaderAccept
1785243706003,true,1785243706045,LeaderAccept
1785243706032,false,1785243706074,LeaderAccept
1785243706059,true,1785243706101,LeaderAccept
1785243706088,false,1785243706129,LeaderAccept
1785243706116,true,1785243706157,LeaderAccept
1785243706145,true,1785243706187,LeaderAccept
1785243706175,false,1785243706217,LeaderAccept
1785243706206,false,1785243706248,LeaderAccept
1785243706237,true,1785243706279,LeaderAccept
1785243706267,false,1785243706310,LeaderAccept
1785243706299,false,1785243706341,LeaderAccept
1785243706331,true,1785243706374,LeaderAccept
1785243706364,false,1785243706405,LeaderAccept
1785243706397,false,1785243706439,LeaderAccept
1785243706431,false,1785243706473,LeaderAccept
1785243706465,true,1785243706507,LeaderAccept
1785243706500,true,1785243706541,LeaderAccept
1785243706535,true,1785243706577,LeaderAccept
1785243706572,true,1785243706613,LeaderAccept
1785243706608,false,1785243706650,LeaderAccept
1785243706646,true,1785243706687,LeaderAccept
1785243706684,true,1785243706726,LeaderAccept
1785243706722,true,1785243706764,LeaderAccept
1785243706761,false,1785243706803,LeaderAccept
1785243706801,false,1785243706843,LeaderAccept
1785243706842,true,1785243706884,LeaderAccept
1785243706884,false,1785243706925,LeaderAccept
1785243706926,true,1785243706969,LeaderAccept
1785243706970,false,1785243707011,LeaderAccept
1785243707015,false,1785243707056,LeaderAccept
1785243707060,false,1785243707101,LeaderAccept
1785243707107,false,1785243707149,LeaderAccept
1785243707154,true,1785243707196,LeaderAccept
1785243707203,true,1785243707244,LeaderAccept
1785243707252,false,1785243707295,LeaderAccept
1785243707303,true,1785243707345,LeaderAccept
1785243707356,true,1785243707398,LeaderAccept
1785243707410,false,1785243707452,LeaderAccept
1785243707465,false,1785243707506,LeaderAccept
1785243707522,true,1785243707564,LeaderAccept
1785243707579,false,1785243707621,LeaderAccept
1785243707639,true,1785243707681,LeaderAccept
1785243707701,false,1785243707743,LeaderAccept
1785243707765,false,1785243707807,LeaderAccept
1785243707831,true,1785243707873,LeaderAccept
1785243707899,true,1785243707941,LeaderAccept
1785243707968,true,1785243708011,LeaderAccept
1785243708041,true,1785243708083,LeaderAccept
1785243708116,false,1785243708158,LeaderAccept
1785243708193,true,1785243708235,LeaderAccept
1785243708274,false,1785243708316,LeaderAccept
1785243708358,false,1785243708401,LeaderAccept
1785243708446,true,1785243708488,LeaderAccept
1785243708537,true,1785243708581,LeaderAccept
1785243708633,false,1785243708675,LeaderAccept
1785243708733,false,1785243708776,LeaderAccept
1785243708839,true,1785243708881,LeaderAccept
1785243708950,false,1785243708992,LeaderAccept
1785243709068,true,1785243709110,LeaderAccept
1785243709193,false,1785243709235,LeaderAccept
1785243709325,false,1785243709367,LeaderAccept
1785243709467,false,1785243709509,LeaderAccept
1785243709619,false,1785243709661,LeaderAccept
1785243709783,false,1785243709824,LeaderAccept
1785243709959,true,1785243710002,LeaderAccept
1785243710153,false,1785243710194,LeaderAccept
1785243710365,true,1785243710407,LeaderAccept
1785243710603,false,1785243710642,FastAccept
1785243710869,false,1785243710909,FastAccept
1785243711175,true,1785243711214,FastAccept
1785243711530,false,1785243711569,FastAccept
1785243711954,true,1785243711993,FastAccept
1785243712477,false,1785243712516,FastAccept
1785243713156,true,1785243713195,FastAccept
1785243714109,true,1785243714148,FastAccept
1785243715644,true,1785243715687,LeaderAccept
1785243718950,true,1785243718991,LeaderAccept
1785243728234,true,1785243728276,LeaderAccept
1785243728273,false,1785243728315,LeaderAccept
1785243728314,false,1785243728357,LeaderAccept
1785243728355,false,1785243728398,LeaderAccept
1785243728397,true,1785243728440,LeaderAccept
1785243728440,false,1785243728481,LeaderAccept
1785243728483,true,1785243728525,LeaderAccept
1785243728527,true,1785243728569,LeaderAccept
1785243728573,true,1785243728615,LeaderAccept
1785243728620,false,1785243728662,LeaderAccept
1785243728666,true,1785243728708,LeaderAccept
1785243728715,false,1785243728757,LeaderAccept
1785243728765,false,1785243728806,LeaderAccept
1785243728816,false,1785243728858,LeaderAccept
1785243728867,false,1785243728910,LeaderAccept
1785243728921,false,1785243728963,LeaderAccept
1785243728976,true,1785243729019,LeaderAccept
1785243729033,false,1785243729075,LeaderAccept
1785243729091,false,1785243729133,LeaderAccept
1785243729150,false,1785243729192,LeaderAccept
1785243729211,false,1785243729254,LeaderAccept
1785243729275,true,1785243729317,LeaderAccept
1785243729340,false,1785243729382,LeaderAccept
1785243729408,false,1785243729451,LeaderAccept
1785243729478,true,1785243729520,LeaderAccept
1785243729550,false,1785243729593,LeaderAccept
1785243729625,true,1785243729667,LeaderAccept
1785243729702,true,1785243729745,LeaderAccept
1785243729783,true,1785243729825,LeaderAccept
1785243729867,true,1785243729908,LeaderAccept
1785243729954,true,1785243729996,LeaderAccept
1785243730045,true,1785243730088,LeaderAccept
1785243730141,false,1785243730183,LeaderAccept
1785243730241,false,1785243730283,LeaderAccept
1785243730346,true,1785243730388,LeaderAccept
1785243730456,false,1785243730498,LeaderAccept
1785243730573,true,1785243730615,LeaderAccept
1785243730697,true,1785243730739,LeaderAccept
1785243730829,false,1785243730871,LeaderAccept
1785243730970,true,1785243731012,LeaderAccept
1785243731121,false,1785243731163,LeaderAccept
1785243731282,true,1785243731325,LeaderAccept
1785243731459,true,1785243731501,LeaderAccept
1785243731650,false,1785243731693,LeaderAccept
1785243731862,false,1785243731904,LeaderAccept
1785243732097,true,1785243732139,LeaderAccept
1785243732361,false,1785243732403,LeaderAccept
1785243732663,true,1785243732706,LeaderAccept
1785243733013,true,1785243733052,FastAccept
1785243733430,true,1785243733469,FastAccept
1785243733943,false,1785243733982,FastAccept
1785243734606,true,1785243734645,FastAccept
1785243735528,true,1785243735567,FastAccept
1785243736991,true,1785243737030,FastAccept
1785243740028,true,1785243740067,FastAccept
1785243753886,false,1785243753927,LeaderAccept
1785243771609,false,1785243771648,FastAccept
1785243771648,false,1785243771686,FastAccept
1785243771686,false,1785243771725,FastAccept
1785243771726,true,1785243771765,FastAccept
1785243771766,true,1785243771804,FastAccept
1785243771806,false,1785243771845,FastAccept
1785243771848,true,1785243771887,FastAccept
1785243771891,false,1785243771930,FastAccept
1785243771935,false,1785243771974,FastAccept
1785243771980,false,1785243772019,FastAccept
1785243772026,true,1785243772064,FastAccept
1785243772071,false,1785243772110,FastAccept
1785243772118,true,1785243772157,FastAccept
1785243772167,false,1785243772206,FastAccept
1785243772217,false,1785243772256,FastAccept
1785243772268,false,1785243772307,FastAccept
1785243772320,false,1785243772359,FastAccept
1785243772373,true,1785243772412,FastAccept
1785243772429,false,1785243772468,FastAccept
1785243772485,true,1785243772524,FastAccept
1785243772544,false,1785243772583,FastAccept
1785243772604,false,1785243772643,FastAccept
1785243772666,true,1785243772705,FastAccept
1785243772730,false,1785243772769,FastAccept
1785243772796,true,1785243772835,FastAccept
1785243772864,true,1785243772902,FastAccept
1785243772934,false,1785243772986,LeaderAccept
1785243773007,true,1785243773048,LeaderAccept
1785243773082,false,1785243773123,LeaderAccept
1785243773160,false,1785243773201,LeaderAccept
1785243773241,true,1785243773282,LeaderAccept
1785243773325,true,1785243773366,LeaderAccept
1785243773413,true,1785243773455,LeaderAccept
1785243773505,true,1785243773546,LeaderAccept
1785243773601,false,1785243773642,LeaderAccept
1785243773701,true,1785243773743,LeaderAccept
1785243773807,false,1785243773848,LeaderAccept
1785243773919,false,1785243773960,LeaderAccept
1785243774036,true,1785243774078,LeaderAccept
1785243774161,false,1785243774202,LeaderAccept
1785243774294,false,1785243774336,LeaderAccept
1785243774436,false,1785243774477,LeaderAccept
1785243774587,true,1785243774629,LeaderAccept
1785243774752,true,1785243774793,LeaderAccept
1785243774930,true,1785243774971,LeaderAccept
1785243775124,true,1785243775165,LeaderAccept
1785243775337,true,1785243775378,LeaderAccept
1785243775576,true,1785243775617,LeaderAccept
1785243775844,false,1785243775885,LeaderAccept
1785243776149,false,1785243776191,LeaderAccept
1785243776505,true,1785243776547,LeaderAccept
1785243776932,true,1785243776973,LeaderAccept
1785243777459,true,1785243777500,LeaderAccept
1785243778144,false,1785243778185,LeaderAccept
1785243779108,false,1785243779147,FastAccept
1785243780671,true,1785243780710,FastAccept
1785243784082,false,1785243784120,FastAccept
1785243788006,true,1785243788047,LeaderAccept
1785243788029,true,1785243788070,LeaderAccept
1785243788051,false,1785243788093,LeaderAccept
1785243788075,true,1785243788116,LeaderAccept
1785243788099,false,1785243788140,LeaderAccept
1785243788122,true,1785243788163,LeaderAccept
1785243788147,true,1785243788187,LeaderAccept
1785243788171,false,1785243788212,LeaderAccept
1785243788195,true,1785243788236,LeaderAccept
1785243788220,true,1785243788261,LeaderAccept
1785243788245,true,1785243788286,LeaderAccept
1785243788271,true,1785243788312,LeaderAccept
1785243788297,false,1785243788338,LeaderAccept
1785243788322,false,1785243788363,LeaderAccept
1785243788349,false,1785243788390,LeaderAccept
1785243788376,true,1785243788417,LeaderAccept
1785243788403,true,1785243788444,LeaderAccept
1785243788431,true,1785243788471,LeaderAccept
1785243788459,true,1785243788500,LeaderAccept
1785243788487,false,1785243788528,LeaderAccept
1785243788515,false,1785243788556,LeaderAccept
1785243788544,true,1785243788585,LeaderAccept
1785243788572,true,1785243788614,LeaderAccept
1785243788602,true,1785243788643,LeaderAccept
1785243788633,true,1785243788674,LeaderAccept
1785243788664,true,1785243788705,LeaderAccept
1785243788695,true,1785243788736,LeaderAccept
1785243788727,true,1785243788767,LeaderAccept
1785243788758,false,1785243788799,LeaderAccept
1785243788791,false,1785243788831,LeaderAccept
1785243788824,false,1785243788865,LeaderAccept
1785243788858,false,1785243788899,LeaderAccept
1785243788892,true,1785243788933,LeaderAccept
1785243788927,false,1785243788968,LeaderAccept
1785243788962,false,1785243789003,LeaderAccept
1785243788998,true,1785243789040,LeaderAccept
1785243789035,false,1785243789075,LeaderAccept
1785243789072,false,1785243789113,LeaderAccept
1785243789110,false,1785243789151,LeaderAccept
1785243789149,false,1785243789190,LeaderAccept
1785243789188,false,1785243789229,LeaderAccept
1785243789228,false,1785243789269,LeaderAccept
1785243789269,true,1785243789310,LeaderAccept
1785243789310,true,1785243789351,LeaderAccept
1785243789352,true,1785243789393,LeaderAccept
1785243789396,false,1785243789437,LeaderAccept
1785243789441,true,1785243789482,LeaderAccept
1785243789485,false,1785243789526,LeaderAccept
1785243789531,false,1785243789573,LeaderAccept
1785243789578,true,1785243789619,LeaderAccept
1785243789627,true,1785243789668,LeaderAccept
1785243789676,false,1785243789718,LeaderAccept
1785243789727,false,1785243789769,LeaderAccept
1785243789779,false,1785243789820,LeaderAccept
1785243789833,false,1785243789874,LeaderAccept
1785243789887,false,1785243789929,LeaderAccept
1785243789944,true,1785243789986,LeaderAccept
1785243790002,true,1785243790044,LeaderAccept
1785243790062,false,1785243790104,LeaderAccept
1785243790124,false,1785243790166,LeaderAccept
1785243790188,true,1785243790229,LeaderAccept
1785243790254,false,1785243790295,LeaderAccept
1785243790321,false,1785243790362,LeaderAccept
1785243790390,false,1785243790432,LeaderAccept
1785243790462,true,1785243790503,LeaderAccept
1785243790537,false,1785243790579,LeaderAccept
1785243790615,false,1785243790656,LeaderAccept
1785243790695,true,1785243790737,LeaderAccept
1785243790779,false,1785243790821,LeaderAccept
1785243790867,true,1785243790909,LeaderAccept
1785243790958,true,1785243791000,LeaderAccept
1785243791054,true,1785243791096,LeaderAccept
1785243791154,true,1785243791196,LeaderAccept
1785243791259,true,1785243791301,LeaderAccept
1785243791370,false,1785243791412,LeaderAccept
1785243791488,false,1785243791530,LeaderAccept
1785243791613,false,1785243791654,LeaderAccept
1785243791746,false,1785243791787,LeaderAccept
1785243791886,false,1785243791928,LeaderAccept
1785243792037,true,1785243792079,LeaderAccept
1785243792201,true,1785243792243,LeaderAccept
1785243792378,false,1785243792420,LeaderAccept
1785243792571,true,1785243792613,LeaderAccept
1785243792784,true,1785243792826,LeaderAccept
1785243793021,true,1785243793062,LeaderAccept
1785243793287,false,1785243793328,LeaderAccept
1785243793591,true,1785243793632,LeaderAccept
1785243793944,false,1785243793982,FastAccept
1785243794365,true,1785243794404,FastAccept
1785243794884,true,1785243794923,FastAccept
1785243795558,false,1785243795600,LeaderAccept
1785243796501,true,1785243796542,LeaderAccept
1785243798010,true,1785243798052,LeaderAccept
1785243798200,false,1785243798241,LeaderAccept
1785243798221,true,1785243798262,LeaderAccept
1785243798243,true,1785243798283,LeaderAccept
1785243798265,true,1785243798306,LeaderAccept
1785243798287,false,1785243798327,LeaderAccept
1785243798308,false,1785243798349,LeaderAccept
1785243798330,false,1785243798371,LeaderAccept
1785243798352,false,1785243798394,LeaderAccept
1785243798375,true,1785243798416,LeaderAccept
1785243798399,true,1785243798440,LeaderAccept
1785243798421,false,1785243798462,LeaderAccept
1785243798445,true,1785243798486,LeaderAccept
1785243798469,false,1785243798510,LeaderAccept
1785243798494,true,1785243798534,LeaderAccept
1785243798519,false,1785243798560,LeaderAccept
1785243798544,false,1785243798585,LeaderAccept
1785243798569,true,1785243798611,LeaderAccept
1785243798595,true,1785243798636,LeaderAccept
1785243798621,false,1785243798662,LeaderAccept
1785243798647,true,1785243798688,LeaderAccept
1785243798674,true,1785243798715,LeaderAccept
1785243798701,true,1785243798742,LeaderAccept
1785243798729,false,1785243798770,LeaderAccept
1785243798756,true,1785243798797,LeaderAccept
1785243798784,false,1785243798825,LeaderAccept
1785243798812,true,1785243798853,LeaderAccept
1785243798841,false,1785243798882,LeaderAccept
1785243798870,true,1785243798910,LeaderAccept
1785243798900,false,1785243798941,LeaderAccept
1785243798930,false,1785243798971,LeaderAccept
1785243798960,true,1785243799001,LeaderAccept
1785243798991,true,1785243799033,LeaderAccept
1785243799022,false,1785243799063,LeaderAccept
1785243799054,true,1785243799095,LeaderAccept
1785243799086,false,1785243799127,LeaderAccept
1785243799119,false,1785243799160,LeaderAccept
1785243799152,true,1785243799193,LeaderAccept
1785243799186,true,1785243799227,LeaderAccept
1785243799220,true,1785243799261,LeaderAccept
1785243799254,true,1785243799296,LeaderAccept
1785243799290,true,1785243799331,LeaderAccept
1785243799326,false,1785243799366,LeaderAccept
1785243799363,true,1785243799404,LeaderAccept
1785243799401,false,1785243799442,LeaderAccept
1785243799438,true,1785243799480,LeaderAccept
1785243799477,false,1785243799518,LeaderAccept
1785243799517,true,1785243799558,LeaderAccept
1785243799556,false,1785243799597,LeaderAccept
1785243799597,false,1785243799638,LeaderAccept
1785243799638,false,1785243799679,LeaderAccept
1785243799681,false,1785243799723,LeaderAccept
1785243799725,true,1785243799766,LeaderAccept
1785243799769,false,1785243799811,LeaderAccept
1785243799815,true,1785243799856,LeaderAccept
1785243799861,true,1785243799903,LeaderAccept
1785243799909,false,1785243799950,LeaderAccept
1785243799958,true,1785243799999,LeaderAccept
1785243800008,false,1785243800049,LeaderAccept
1785243800059,true,1785243800100,LeaderAccept
1785243800111,false,1785243800153,LeaderAccept
1785243800165,true,1785243800206,LeaderAccept
1785243800219,true,1785243800261,LeaderAccept
1785243800276,false,1785243800317,LeaderAccept
1785243800333,true,1785243800375,LeaderAccept
1785243800393,false,1785243800435,LeaderAccept
1785243800455,false,1785243800496,LeaderAccept
1785243800517,true,1785243800559,LeaderAccept
1785243800583,false,1785243800625,LeaderAccept
1785243800651,false,1785243800692,LeaderAccept
1785243800720,false,1785243800762,LeaderAccept
1785243800793,true,1785243800834,LeaderAccept
1785243800867,false,1785243800909,LeaderAccept
1785243800944,true,1785243800985,LeaderAccept
1785243801025,false,1785243801066,LeaderAccept
1785243801108,false,1785243801150,LeaderAccept
1785243801195,true,1785243801237,LeaderAccept
1785243801287,false,1785243801329,LeaderAccept
1785243801383,true,1785243801424,LeaderAccept
1785243801483,true,1785243801524,LeaderAccept
1785243801588,true,1785243801630,LeaderAccept
1785243801699,false,1785243801741,LeaderAccept
1785243801816,true,1785243801858,LeaderAccept
1785243801940,true,1785243801982,LeaderAccept
1785243802072,false,1785243802114,LeaderAccept
1785243802213,true,1785243802254,LeaderAccept
1785243802364,true,1785243802405,LeaderAccept
1785243802527,true,1785243802569,LeaderAccept
1785243802703,true,1785243802745,LeaderAccept
1785243802896,true,1785243802937,LeaderAccept
1785243803108,true,1785243803149,LeaderAccept
1785243803344,false,1785243803385,LeaderAccept
1785243803609,true,1785243803651,LeaderAccept
1785243803912,true,1785243803951,FastAccept
1785243804263,true,1785243804302,FastAccept
1785243804683,false,1785243804722,FastAccept
1785243805199,true,1785243805240,LeaderAccept
1785243805868,false,1785243805909,LeaderAccept
1785243806801,false,1785243806842,LeaderAccept
1785243808289,true,1785243808330,LeaderAccept
1785243811418,true,1785243811459,LeaderAccept
1785243814444,true,1785243814483,FastAccept
1785243814459,true,1785243814497,FastAccept
1785243814474,true,1785243814512,FastAccept
1785243814488,true,1785243814527,FastAccept
1785243814504,false,1785243814542,FastAccept
1785243814519,true,1785243814558,FastAccept
1785243814533,false,1785243814572,FastAccept
1785243814548,false,1785243814587,FastAccept
1785243814564,false,1785243814602,FastAccept
1785243814579,true,1785243814641,LeaderAccept
1785243814594,true,1785243814641,LeaderAccept
1785243814609,true,1785243814661,LeaderAccept
1785243814626,true,1785243814667,LeaderAccept
1785243814642,true,1785243814683,LeaderAccept
1785243814658,true,1785243814699,LeaderAccept
1785243814674,false,1785243814715,LeaderAccept
1785243814690,true,1785243814731,LeaderAccept
1785243814707,false,1785243814751,LeaderAccept
1785243814724,false,1785243814765,LeaderAccept
1785243814740,true,1785243814782,LeaderAccept
1785243814758,true,1785243814799,LeaderAccept
1785243814774,true,1785243814815,LeaderAccept
1785243814792,false,1785243814833,LeaderAccept
1785243814809,true,1785243814850,LeaderAccept
1785243814827,true,1785243814868,LeaderAccept
1785243814843,false,1785243814885,LeaderAccept
1785243814861,true,1785243814902,LeaderAccept
1785243814878,false,1785243814919,LeaderAccept
1785243814897,true,1785243814938,LeaderAccept
1785243814915,false,1785243814956,LeaderAccept
1785243814934,false,1785243814975,LeaderAccept
1785243814951,false,1785243814993,LeaderAccept
1785243814970,false,1785243815011,LeaderAccept
1785243814989,true,1785243815031,LeaderAccept
1785243815008,false,1785243815048,LeaderAccept
1785243815026,false,1785243815067,LeaderAccept
1785243815046,true,1785243815087,LeaderAccept
1785243815066,false,1785243815107,LeaderAccept
1785243815086,false,1785243815126,LeaderAccept
1785243815106,true,1785243815147,LeaderAccept
1785243815126,true,1785243815167,LeaderAccept
1785243815146,false,1785243815187,LeaderAccept
1785243815167,false,1785243815207,LeaderAccept
1785243815187,false,1785243815227,LeaderAccept
1785243815207,true,1785243815247,LeaderAccept
1785243815227,false,1785243815268,LeaderAccept
1785243815249,true,1785243815290,LeaderAccept
1785243815270,false,1785243815311,LeaderAccept
1785243815292,true,1785243815333,LeaderAccept
1785243815313,true,1785243815354,LeaderAccept
1785243815335,false,1785243815376,LeaderAccept
1785243815357,false,1785243815399,LeaderAccept
1785243815380,true,1785243815421,LeaderAccept
1785243815402,false,1785243815444,LeaderAccept
1785243815425,true,1785243815467,LeaderAccept
1785243815449,true,1785243815490,LeaderAccept
1785243815473,true,1785243815515,LeaderAccept
1785243815496,false,1785243815538,LeaderAccept
1785243815521,false,1785243815563,LeaderAccept
1785243815544,false,1785243815585,LeaderAccept
1785243815569,true,1785243815610,LeaderAccept
1785243815593,true,1785243815634,LeaderAccept
1785243815619,false,1785243815660,LeaderAccept
1785243815645,true,1785243815686,LeaderAccept
1785243815671,true,1785243815712,LeaderAccept
1785243815697,false,1785243815738,LeaderAccept
1785243815724,true,1785243815765,LeaderAccept
1785243815751,false,1785243815792,LeaderAccept
1785243815777,true,1785243815818,LeaderAccept
1785243815804,false,1785243815845,LeaderAccept
1785243815832,true,1785243815873,LeaderAccept
1785243815860,false,1785243815902,LeaderAccept
1785243815889,true,1785243815929,LeaderAccept
1785243815918,true,1785243815960,LeaderAccept
1785243815947,false,1785243815989,LeaderAccept
1785243815978,false,1785243816019,LeaderAccept
1785243816009,false,1785243816050,LeaderAccept
1785243816040,false,1785243816081,LeaderAccept
1785243816071,false,1785243816113,LeaderAccept
1785243816103,true,1785243816144,LeaderAccept
1785243816136,true,1785243816177,LeaderAccept
1785243816169,false,1785243816210,LeaderAccept
1785243816201,true,1785243816243,LeaderAccept
1785243816236,true,1785243816277,LeaderAccept
1785243816271,true,1785243816312,LeaderAccept
1785243816306,true,1785243816347,LeaderAccept
1785243816341,true,1785243816382,LeaderAccept
1785243816378,false,1785243816419,LeaderAccept
1785243816415,true,1785243816456,LeaderAccept
1785243816452,true,1785243816493,LeaderAccept
1785243816490,true,1785243816531,LeaderAccept
1785243816529,false,1785243816571,LeaderAccept
1785243816569,true,1785243816610,LeaderAccept
1785243816610,false,1785243816651,LeaderAccept
1785243816650,false,1785243816692,LeaderAccept
1785243816693,false,1785243816734,LeaderAccept
1785243816736,false,1785243816777,LeaderAccept
1785243816780,false,1785243816821,LeaderAccept
1785243816824,true,1785243816866,LeaderAccept
1785243816870,true,1785243816911,LeaderAccept
1785243816917,true,1785243816958,LeaderAccept
1785243816964,false,1785243817006,LeaderAccept
1785243817014,false,1785243817055,LeaderAccept
1785243817064,false,1785243817105,LeaderAccept
1785243817115,false,1785243817157,LeaderAccept
1785243817168,false,1785243817210,LeaderAccept
1785243817222,true,1785243817264,LeaderAccept
1785243817278,true,1785243817320,LeaderAccept
1785243817335,true,1785243817377,LeaderAccept
1785243817394,false,1785243817435,LeaderAccept
1785243817453,false,1785243817495,LeaderAccept
1785243817516,false,1785243817558,LeaderAccept
1785243817580,false,1785243817622,LeaderAccept
1785243817647,true,1785243817689,LeaderAccept
1785243817716,false,1785243817758,LeaderAccept
1785243817787,true,1785243817828,LeaderAccept
1785243817859,false,1785243817901,LeaderAccept
1785243817936,true,1785243817978,LeaderAccept
1785243818015,true,1785243818056,LeaderAccept
1785243818096,true,1785243818138,LeaderAccept
1785243818181,true,1785243818223,LeaderAccept
1785243818270,false,1785243818312,LeaderAccept
1785243818363,true,1785243818404,LeaderAccept
1785243818461,false,1785243818502,LeaderAccept
1785243818562,false,1785243818604,LeaderAccept
1785243818670,false,1785243818711,LeaderAccept
1785243818784,true,1785243818824,LeaderAccept
1785243818904,true,1785243818945,LeaderAccept
1785243819030,false,1785243819072,LeaderAccept
1785243819165,false,1785243819206,LeaderAccept
1785243819310,true,1785243819351,LeaderAccept
1785243819464,false,1785243819506,LeaderAccept
1785243819632,false,1785243819673,LeaderAccept
1785243819815,true,1785243819856,LeaderAccept
1785243820014,false,1785243820056,LeaderAccept
1785243820235,false,1785243820277,LeaderAccept
1785243820481,false,1785243820522,LeaderAccept
1785243820759,false,1785243820800,LeaderAccept
1785243821078,true,1785243821120,LeaderAccept
1785243821453,true,1785243821494,LeaderAccept
1785243821903,false,1785243821945,LeaderAccept
1785243822468,true,1785243822510,LeaderAccept
1785243823217,false,1785243823259,LeaderAccept
1785243824307,false,1785243824345,FastAccept
1785243826184,false,1785243826223,FastAccept
1785243827979,false,1785243828030,LeaderAccept
1785243827998,true,1785243828049,LeaderAccept
1785243828016,true,1785243828057,LeaderAccept
1785243828036,false,1785243828077,LeaderAccept
1785243828054,true,1785243828095,LeaderAccept
1785243828074,true,1785243828115,LeaderAccept
1785243828093,false,1785243828134,LeaderAccept
1785243828112,true,1785243828153,LeaderAccept
1785243828132,false,1785243828173,LeaderAccept
1785243828152,false,1785243828193,LeaderAccept
1785243828172,true,1785243828213,LeaderAccept
1785243828192,false,1785243828233,LeaderAccept
1785243828212,false,1785243828253,LeaderAccept
1785243828233,true,1785243828274,LeaderAccept
1785243828253,true,1785243828295,LeaderAccept
1785243828273,true,1785243828315,LeaderAccept
1785243828295,false,1785243828336,LeaderAccept
1785243828315,true,1785243828356,LeaderAccept
1785243828337,true,1785243828378,LeaderAccept
1785243828359,false,1785243828400,LeaderAccept
1785243828382,false,1785243828423,LeaderAccept
1785243828404,false,1785243828445,LeaderAccept
1785243828426,false,1785243828467,LeaderAccept
1785243828449,false,1785243828490,LeaderAccept
1785243828471,true,1785243828512,LeaderAccept
1785243828495,true,1785243828536,LeaderAccept
1785243828519,false,1785243828560,LeaderAccept
1785243828543,true,1785243828584,LeaderAccept
1785243828566,false,1785243828608,LeaderAccept
1785243828591,true,1785243828633,LeaderAccept
1785243828616,false,1785243828657,LeaderAccept
1785243828641,false,1785243828682,LeaderAccept
1785243828666,false,1785243828707,LeaderAccept
1785243828691,false,1785243828732,LeaderAccept
1785243828718,true,1785243828760,LeaderAccept
1785243828744,false,1785243828786,LeaderAccept
1785243828771,false,1785243828813,LeaderAccept
1785243828798,false,1785243828839,LeaderAccept
1785243828825,true,1785243828866,LeaderAccept
1785243828853,true,1785243828894,LeaderAccept
1785243828881,true,1785243828922,LeaderAccept
1785243828910,false,1785243828951,LeaderAccept
1785243828938,false,1785243828980,LeaderAccept
1785243828968,true,1785243829009,LeaderAccept
1785243828998,false,1785243829039,LeaderAccept
1785243829028,true,1785243829069,LeaderAccept
1785243829059,true,1785243829100,LeaderAccept
1785243829090,false,1785243829131,LeaderAccept
1785243829121,true,1785243829162,LeaderAccept
1785243829153,true,1785243829194,LeaderAccept
1785243829186,false,1785243829227,LeaderAccept
1785243829218,true,1785243829260,LeaderAccept
1785243829252,true,1785243829293,LeaderAccept
1785243829286,true,1785243829328,LeaderAccept
1785243829320,false,1785243829362,LeaderAccept
1785243829355,false,1785243829398,LeaderAccept
1785243829391,true,1785243829432,LeaderAccept
1785243829428,true,1785243829470,LeaderAccept
1785243829464,false,1785243829506,LeaderAccept
1785243829502,true,1785243829543,LeaderAccept
1785243829541,false,1785243829583,LeaderAccept
1785243829579,false,1785243829621,LeaderAccept
1785243829618,true,1785243829660,LeaderAccept
1785243829658,false,1785243829700,LeaderAccept
1785243829699,true,1785243829741,LeaderAccept
1785243829742,false,1785243829784,LeaderAccept
1785243829785,true,1785243829826,LeaderAccept
1785243829829,true,1785243829870,LeaderAccept
1785243829873,false,1785243829915,LeaderAccept
1785243829918,true,1785243829960,LeaderAccept
1785243829965,true,1785243830006,LeaderAccept
1785243830013,true,1785243830054,LeaderAccept
1785243830061,true,1785243830103,LeaderAccept
1785243830111,false,1785243830153,LeaderAccept
1785243830163,true,1785243830205,LeaderAccept
1785243830216,true,1785243830258,LeaderAccept
1785243830271,false,1785243830313,LeaderAccept
1785243830327,false,1785243830368,LeaderAccept
1785243830384,false,1785243830426,LeaderAccept
1785243830443,true,1785243830485,LeaderAccept
1785243830504,true,1785243830546,LeaderAccept
1785243830567,false,1785243830608,LeaderAccept
1785243830630,false,1785243830672,LeaderAccept
1785243830696,false,1785243830738,LeaderAccept
1785243830765,true,1785243830806,LeaderAccept
1785243830835,true,1785243830877,LeaderAccept
1785243830908,false,1785243830950,LeaderAccept
1785243830985,true,1785243831026,LeaderAccept
1785243831063,true,1785243831105,LeaderAccept
1785243831146,true,1785243831187,LeaderAccept
1785243831230,true,1785243831272,LeaderAccept
1785243831320,true,1785243831361,LeaderAccept
1785243831413,true,1785243831455,LeaderAccept
1785243831510,false,1785243831551,LeaderAccept
1785243831613,true,1785243831654,LeaderAccept
1785243831719,true,1785243831761,LeaderAccept
1785243831833,true,1785243831875,LeaderAccept
1785243831953,false,1785243831993,LeaderAccept
1785243832081,false,1785243832122,LeaderAccept
1785243832216,true,1785243832258,LeaderAccept
1785243832361,false,1785243832403,LeaderAccept
1785243832517,false,1785243832559,LeaderAccept
1785243832686,false,1785243832728,LeaderAccept
1785243832870,true,1785243832911,LeaderAccept
1785243833070,true,1785243833112,LeaderAccept
1785243833291,true,1785243833333,LeaderAccept
1785243833539,true,1785243833581,LeaderAccept
1785243833818,true,1785243833860,LeaderAccept
1785243834139,true,1785243834181,LeaderAccept
1785243834516,false,1785243834556,FastAccept
1785243834972,false,1785243835011,FastAccept
1785243835544,false,1785243835583,FastAccept
1785243836304,false,1785243836343,FastAccept
1785243837416,false,1785243837455,FastAccept
1785243839355,false,1785243839393,FastAccept
1785243843998,false,1785243844040,LeaderAccept
1785243844020,true,1785243844061,LeaderAccept
1785243844042,true,1785243844083,LeaderAccept
1785243844064,true,1785243844105,LeaderAccept
1785243844087,true,1785243844129,LeaderAccept
1785243844109,false,1785243844150,LeaderAccept
1785243844132,false,1785243844173,LeaderAccept
1785243844156,true,1785243844197,LeaderAccept
1785243844180,true,1785243844220,LeaderAccept
1785243844204,true,1785243844245,LeaderAccept
1785243844228,false,1785243844269,LeaderAccept
1785243844252,true,1785243844294,LeaderAccept
1785243844277,false,1785243844318,LeaderAccept
1785243844302,true,1785243844344,LeaderAccept
1785243844328,false,1785243844369,LeaderAccept
1785243844354,true,1785243844395,LeaderAccept
1785243844380,false,1785243844421,LeaderAccept
1785243844407,true,1785243844448,LeaderAccept
1785243844434,true,1785243844475,LeaderAccept
1785243844461,true,1785243844502,LeaderAccept
1785243844488,true,1785243844530,LeaderAccept
1785243844516,true,1785243844557,LeaderAccept
1785243844544,true,1785243844584,LeaderAccept
1785243844572,false,1785243844612,LeaderAccept
1785243844601,false,1785243844641,LeaderAccept
1785243844630,true,1785243844670,LeaderAccept
1785243844659,false,1785243844700,LeaderAccept
1785243844688,true,1785243844730,LeaderAccept
1785243844719,true,1785243844759,LeaderAccept
1785243844750,false,1785243844791,LeaderAccept
1785243844781,true,1785243844822,LeaderAccept
1785243844813,true,1785243844853,LeaderAccept
1785243844845,true,1785243844886,LeaderAccept
1785243844878,false,1785243844919,LeaderAccept
1785243844911,true,1785243844951,LeaderAccept
1785243844944,true,1785243844986,LeaderAccept
1785243844978,false,1785243845020,LeaderAccept
1785243845014,true,1785243845055,LeaderAccept
1785243845050,false,1785243845091,LeaderAccept
1785243845086,true,1785243845127,LeaderAccept
1785243845123,true,1785243845164,LeaderAccept
1785243845161,false,1785243845202,LeaderAccept
1785243845199,true,1785243845241,LeaderAccept
1785243845239,false,1785243845280,LeaderAccept
1785243845279,true,1785243845320,LeaderAccept
1785243845320,false,1785243845362,LeaderAccept
1785243845361,false,1785243845403,LeaderAccept
1785243845404,false,1785243845445,LeaderAccept
1785243845446,false,1785243845488,LeaderAccept
1785243845491,true,1785243845531,LeaderAccept
1785243845536,false,1785243845577,LeaderAccept
1785243845581,false,1785243845623,LeaderAccept
1785243845629,true,1785243845670,LeaderAccept
1785243845677,false,1785243845718,LeaderAccept
1785243845726,true,1785243845768,LeaderAccept
1785243845777,false,1785243845818,LeaderAccept
1785243845829,true,1785243845870,LeaderAccept
1785243845882,false,1785243845923,LeaderAccept
1785243845935,true,1785243845976,LeaderAccept
1785243845991,true,1785243846031,LeaderAccept
1785243846047,true,1785243846089,LeaderAccept
1785243846107,true,1785243846148,LeaderAccept
1785243846168,false,1785243846210,LeaderAccept
1785243846231,true,1785243846272,LeaderAccept
1785243846296,false,1785243846337,LeaderAccept
1785243846362,false,1785243846403,LeaderAccept
1785243846430,true,1785243846473,LeaderAccept
1785243846502,false,1785243846544,LeaderAccept
1785243846576,false,1785243846617,LeaderAccept
1785243846652,false,1785243846694,LeaderAccept
1785243846732,true,1785243846773,LeaderAccept
1785243846815,true,1785243846856,LeaderAccept
1785243846901,false,1785243846942,LeaderAccept
1785243846991,false,1785243847033,LeaderAccept
1785243847085,true,1785243847127,LeaderAccept
1785243847184,false,1785243847226,LeaderAccept
1785243847288,true,1785243847330,LeaderAccept
1785243847397,true,1785243847439,LeaderAccept
1785243847512,true,1785243847554,LeaderAccept
1785243847634,true,1785243847676,LeaderAccept
1785243847763,false,1785243847805,LeaderAccept
1785243847901,true,1785243847942,LeaderAccept
1785243848047,false,1785243848089,LeaderAccept
1785243848206,true,1785243848248,LeaderAccept
1785243848378,false,1785243848419,LeaderAccept
1785243848565,false,1785243848606,LeaderAccept
1785243848768,false,1785243848810,LeaderAccept
1785243848995,true,1785243849036,LeaderAccept
1785243849247,true,1785243849287,FastAccept
1785243849535,true,1785243849574,FastAccept
1785243849866,false,1785243849943,LeaderAccept
1785243850258,false,1785243850299,LeaderAccept
1785243850734,true,1785243850775,LeaderAccept
1785243851336,false,1785243851378,LeaderAccept
1785243852150,false,1785243852192,LeaderAccept
1785243853373,true,1785243853415,LeaderAccept
1785243855627,false,1785243855668,LeaderAccept
1785243862577,true,1785243862616,FastAccept
1785243912249,false,1785243912291,LeaderAccept
1785243912268,false,1785243912309,LeaderAccept
1785243912286,true,1785243912327,LeaderAccept
1785243912305,true,1785243912346,LeaderAccept
1785243912324,false,1785243912365,LeaderAccept
1785243912343,true,1785243912384,LeaderAccept
1785243912362,false,1785243912402,LeaderAccept
1785243912382,false,1785243912422,LeaderAccept
1785243912401,false,1785243912442,LeaderAccept
1785243912421,false,1785243912462,LeaderAccept
1785243912440,false,1785243912481,LeaderAccept
1785243912461,false,1785243912502,LeaderAccept
1785243912481,false,1785243912522,LeaderAccept
1785243912502,false,1785243912542,LeaderAccept
1785243912522,false,1785243912563,LeaderAccept
1785243912542,true,1785243912583,LeaderAccept
1785243912562,false,1785243912603,LeaderAccept
1785243912584,false,1785243912625,LeaderAccept
1785243912605,false,1785243912646,LeaderAccept
1785243912626,true,1785243912667,LeaderAccept
1785243912648,false,1785243912689,LeaderAccept
1785243912670,false,1785243912711,LeaderAccept
1785243912693,false,1785243912733,LeaderAccept
1785243912714,true,1785243912755,LeaderAccept
1785243912737,true,1785243912777,LeaderAccept
1785243912760,true,1785243912801,LeaderAccept
1785243912783,true,1785243912823,LeaderAccept
1785243912806,false,1785243912847,LeaderAccept
1785243912829,true,1785243912870,LeaderAccept
1785243912852,true,1785243912893,LeaderAccept
1785243912876,true,1785243912917,LeaderAccept
1785243912900,false,1785243912941,LeaderAccept
1785243912925,false,1785243912966,LeaderAccept
1785243912950,false,1785243912992,LeaderAccept
1785243912976,false,1785243913017,LeaderAccept
1785243913002,false,1785243913043,LeaderAccept
1785243913027,true,1785243913068,LeaderAccept
1785243913054,true,1785243913095,LeaderAccept
1785243913081,false,1785243913122,LeaderAccept
1785243913108,true,1785243913149,LeaderAccept
1785243913136,false,1785243913177,LeaderAccept
1785243913164,false,1785243913205,LeaderAccept
1785243913192,false,1785243913232,LeaderAccept
1785243913219,true,1785243913261,LeaderAccept
1785243913249,true,1785243913290,LeaderAccept
1785243913278,false,1785243913319,LeaderAccept
1785243913308,true,1785243913349,LeaderAccept
1785243913337,false,1785243913378,LeaderAccept
1785243913368,false,1785243913409,LeaderAccept
1785243913398,false,1785243913440,LeaderAccept
1785243913430,false,1785243913471,LeaderAccept
1785243913462,false,1785243913503,LeaderAccept
1785243913495,true,1785243913536,LeaderAccept
1785243913528,false,1785243913569,LeaderAccept
1785243913562,true,1785243913603,LeaderAccept
1785243913596,true,1785243913637,LeaderAccept
1785243913631,false,1785243913671,LeaderAccept
1785243913666,true,1785243913708,LeaderAccept
1785243913702,true,1785243913743,LeaderAccept
1785243913739,true,1785243913780,LeaderAccept
1785243913776,false,1785243913817,LeaderAccept
1785243913813,true,1785243913854,LeaderAccept
1785243913852,false,1785243913893,LeaderAccept
1785243913892,false,1785243913933,LeaderAccept
1785243913932,true,1785243913973,LeaderAccept
1785243913973,true,1785243914014,LeaderAccept
1785243914015,true,1785243914056,LeaderAccept
1785243914056,true,1785243914097,LeaderAccept
1785243914100,true,1785243914141,LeaderAccept
1785243914144,false,1785243914185,LeaderAccept
1785243914189,true,1785243914230,LeaderAccept
1785243914234,true,1785243914275,LeaderAccept
1785243914282,true,1785243914323,LeaderAccept
1785243914329,true,1785243914370,LeaderAccept
1785243914379,false,1785243914420,LeaderAccept
1785243914429,false,1785243914470,LeaderAccept
1785243914480,false,1785243914521,LeaderAccept
1785243914533,false,1785243914574,LeaderAccept
1785243914587,true,1785243914628,LeaderAccept
1785243914643,false,1785243914685,LeaderAccept
1785243914701,true,1785243914743,LeaderAccept
1785243914760,true,1785243914801,LeaderAccept
1785243914820,true,1785243914862,LeaderAccept
1785243914884,false,1785243914925,LeaderAccept
1785243914949,false,1785243914990,LeaderAccept
1785243915015,false,1785243915057,LeaderAccept
1785243915085,false,1785243915126,LeaderAccept
1785243915157,false,1785243915198,LeaderAccept
1785243915231,false,1785243915285,LeaderAccept
1785243915308,false,1785243915371,SlowAccept
1785243915388,false,1785243915433,FastAccept
1785243915471,true,1785243915509,FastAccept
1785243915557,true,1785243915595,FastAccept
1785243915647,true,1785243915685,FastAccept
1785243915740,true,1785243915779,FastAccept
1785243915839,true,1785243915877,FastAccept
1785243915942,false,1785243915981,FastAccept
1785243916052,false,1785243916091,FastAccept
1785243916167,false,1785243916219,LeaderAccept
1785243916290,true,1785243916354,SlowAccept
1785243916420,false,1785243916459,FastAccept
1785243916557,true,1785243916596,FastAccept
1785243916706,false,1785243916745,FastAccept
1785243916864,false,1785243916903,FastAccept
1785243917037,false,1785243917075,FastAccept
1785243917225,true,1785243917264,FastAccept
1785243917430,true,1785243917492,SlowAccept
1785243917659,true,1785243917698,FastAccept
1785243917914,true,1785243917953,FastAccept
1785243918205,false,1785243918264,LeaderAccept
1785243918541,false,1785243918580,FastAccept
1785243918937,false,1785243918976,FastAccept
1785243919421,true,1785243919460,FastAccept
1785243920037,false,1785243920075,FastAccept
1785243920873,true,1785243920912,FastAccept
1785243922146,false,1785243922184,FastAccept
1785243924547,false,1785243924586,FastAccept
1785243932520,false,1785243932562,LeaderAccept
1785243943890,true,1785243943936,FastAccept
1785243943914,false,1785243943952,FastAccept
1785243943937,false,1785243944025,LeaderAccept
1785243943960,true,1785243944019,SlowAccept
1785243943985,false,1785243944071,LeaderAccept
1785243944009,false,1785243944071,SlowAccept
1785243944033,true,1785243944074,LeaderAccept
1785243944058,false,1785243944098,LeaderAccept
1785243944082,true,1785243944123,LeaderAccept
1785243944108,true,1785243944149,LeaderAccept
1785243944133,true,1785243944174,LeaderAccept
1785243944160,true,1785243944201,LeaderAccept
1785243944187,true,1785243944228,LeaderAccept
1785243944213,false,1785243944254,LeaderAccept
1785243944240,false,1785243944281,LeaderAccept
1785243944267,false,1785243944308,LeaderAccept
1785243944295,true,1785243944337,LeaderAccept
1785243944323,true,1785243944364,LeaderAccept
1785243944351,true,1785243944392,LeaderAccept
1785243944380,false,1785243944422,LeaderAccept
1785243944410,true,1785243944451,LeaderAccept
1785243944439,true,1785243944480,LeaderAccept
1785243944469,false,1785243944510,LeaderAccept
1785243944499,false,1785243944541,LeaderAccept
1785243944530,true,1785243944572,LeaderAccept
1785243944562,false,1785243944603,LeaderAccept
1785243944594,true,1785243944635,LeaderAccept
1785243944626,true,1785243944667,LeaderAccept
1785243944659,false,1785243944700,LeaderAccept
1785243944691,true,1785243944733,LeaderAccept
1785243944725,true,1785243944766,LeaderAccept
1785243944760,true,1785243944801,LeaderAccept
1785243944795,true,1785243944835,LeaderAccept
1785243944829,false,1785243944871,LeaderAccept
1785243944866,true,1785243944906,LeaderAccept
1785243944903,true,1785243944944,LeaderAccept
1785243944941,false,1785243944982,LeaderAccept
1785243944978,false,1785243945019,LeaderAccept
1785243945018,false,1785243945059,LeaderAccept
1785243945057,true,1785243945098,LeaderAccept
1785243945097,true,1785243945139,LeaderAccept
1785243945139,true,1785243945180,LeaderAccept
1785243945181,false,1785243945222,LeaderAccept
1785243945223,false,1785243945265,LeaderAccept
1785243945267,true,1785243945308,LeaderAccept
1785243945312,true,1785243945353,LeaderAccept
1785243945357,false,1785243945399,LeaderAccept
1785243945405,true,1785243945447,LeaderAccept
1785243945453,false,1785243945494,LeaderAccept
1785243945502,false,1785243945543,LeaderAccept
1785243945552,false,1785243945593,LeaderAccept
1785243945604,false,1785243945645,LeaderAccept
1785243945657,true,1785243945699,LeaderAccept
1785243945712,true,1785243945751,FastAccept
1785243945768,true,1785243945807,FastAccept
1785243945825,false,1785243945864,FastAccept
1785243945884,false,1785243945922,FastAccept
1785243945945,true,1785243945983,FastAccept
1785243946007,false,1785243946066,SlowAccept
1785243946070,true,1785243946109,FastAccept
1785243946136,false,1785243946175,FastAccept
1785243946204,true,1785243946263,LeaderAccept
1785243946275,true,1785243946314,FastAccept
1785243946348,false,1785243946387,FastAccept
1785243946425,true,1785243946464,FastAccept
1785243946505,true,1785243946544,FastAccept
1785243946588,false,1785243946626,FastAccept
1785243946674,true,1785243946712,FastAccept
1785243946763,true,1785243946802,FastAccept
1785243946856,true,1785243946916,LeaderAccept
1785243946954,true,1785243946993,FastAccept
1785243947057,true,1785243947095,FastAccept
1785243947165,false,1785243947203,FastAccept
1785243947278,false,1785243947317,FastAccept
1785243947398,true,1785243947437,FastAccept
1785243947525,false,1785243947564,FastAccept
1785243947661,false,1785243947701,FastAccept
1785243947807,false,1785243947846,FastAccept
1785243947964,true,1785243948003,FastAccept
1785243948133,false,1785243948172,FastAccept
1785243948318,false,1785243948356,FastAccept
1785243948520,false,1785243948559,FastAccept
1785243948743,true,1785243948782,FastAccept
1785243948992,true,1785243949031,FastAccept
1785243949274,true,1785243949313,FastAccept
