request_time,write,response_time,accept_status
1785243529840,false,1785243529881,LeaderAccept
1785243530416,true,1785243530457,LeaderAccept
1785243530446,true,1785243530486,LeaderAccept
1785243530477,false,1785243530517,LeaderAccept
1785243530508,true,1785243530548,LeaderAccept
1785243530540,true,1785243530581,LeaderAccept
1785243530572,true,1785243530612,LeaderAccept
1785243530605,true,1785243530646,LeaderAccept
1785243530639,true,1785243530679,LeaderAccept
1785243530673,true,1785243530714,LeaderAccept
1785243530708,false,1785243530748,LeaderAccept
1785243530743,false,1785243530785,LeaderAccept
1785243530780,false,1785243530821,LeaderAccept
1785243530816,true,1785243530858,LeaderAccept
1785243530853,true,1785243530894,LeaderAccept
1785243530891,true,1785243530933,LeaderAccept
1785243530930,true,1785243530971,LeaderAccept
1785243530970,false,1785243531011,LeaderAccept
1785243531010,false,1785243531051,LeaderAccept
1785243531051,false,1785243531092,LeaderAccept
1785243531093,false,1785243531135,LeaderAccept
1785243531136,true,1785243531177,LeaderAccept
1785243531179,true,1785243531221,LeaderAccept
1785243531224,false,1785243531265,LeaderAccept
1785243531269,true,1785243531309,LeaderAccept
1785243531315,false,1785243531356,LeaderAccept
1785243531362,true,1785243531403,LeaderAccept
1785243531411,false,1785243531451,LeaderAccept
1785243531460,true,1785243531501,LeaderAccept
1785243531511,true,1785243531552,LeaderAccept
1785243531563,true,1785243531604,LeaderAccept
1785243531617,true,1785243531658,LeaderAccept
1785243531671,false,1785243531712,LeaderAccept
1785243531728,false,1785243531769,LeaderAccept
1785243531787,true,1785243531827,LeaderAccept
1785243531846,true,1785243531887,LeaderAccept
1785243531907,true,1785243531948,LeaderAccept
1785243531969,false,1785243532011,LeaderAccept
1785243532035,false,1785243532076,LeaderAccept
1785243532103,false,1785243532144,LeaderAccept
1785243532173,false,1785243532213,LeaderAccept
1785243532245,false,1785243532286,LeaderAccept
1785243532319,true,1785243532360,LeaderAccept
1785243532398,false,1785243532439,LeaderAccept
1785243532478,false,1785243532519,LeaderAccept
1785243532562,true,1785243532603,LeaderAccept
1785243532649,true,1785243532690,LeaderAccept
1785243532740,true,1785243532781,LeaderAccept
1785243532836,true,1785243532877,LeaderAccept
1785243532936,true,1785243532977,LeaderAccept
1785243533041,false,1785243533083,LeaderAccept
1785243533152,true,1785243533193,LeaderAccept
1785243533269,false,1785243533311,LeaderAccept
1785243533393,true,1785243533434,LeaderAccept
1785243533525,true,1785243533566,LeaderAccept
1785243533665,true,1785243533707,LeaderAccept
1785243533816,true,1785243533858,LeaderAccept
1785243533979,false,1785243534020,LeaderAccept
1785243534155,true,1785243534196,LeaderAccept
1785243534347,true,1785243534387,LeaderAccept
1785243534559,true,1785243534600,LeaderAccept
1785243534794,false,1785243534835,LeaderAccept
1785243535058,false,1785243535100,LeaderAccept
1785243535359,true,1785243535401,LeaderAccept
1785243535709,true,1785243535748,FastAccept
1785243536125,false,1785243536180,LeaderAccept
1785243536638,true,1785243536679,LeaderAccept
1785243537299,false,1785243537340,LeaderAccept
1785243538219,false,1785243538260,LeaderAccept
1785243539676,true,1785243539717,LeaderAccept
1785243542694,false,1785243542735,LeaderAccept
1785243546714,false,1785243546755,LeaderAccept
1785243546746,true,1785243546787,LeaderAccept
1785243546778,false,1785243546819,LeaderAccept
1785243546812,false,1785243546853,LeaderAccept
1785243546846,false,1785243546887,LeaderAccept
1785243546881,true,1785243546922,LeaderAccept
1785243546916,false,1785243546957,LeaderAccept
1785243546952,true,1785243546993,LeaderAccept
1785243546988,true,1785243547028,LeaderAccept
1785243547024,false,1785243547065,LeaderAccept
1785243547062,false,1785243547103,LeaderAccept
1785243547100,true,1785243547141,LeaderAccept
1785243547139,false,1785243547179,LeaderAccept
1785243547178,true,1785243547219,LeaderAccept
1785243547218,true,1785243547258,LeaderAccept
1785243547258,true,1785243547298,LeaderAccept
1785243547300,true,1785243547341,LeaderAccept
1785243547342,true,1785243547383,LeaderAccept
1785243547385,true,1785243547425,LeaderAccept
1785243547429,true,1785243547470,LeaderAccept
1785243547474,true,1785243547515,LeaderAccept
1785243547521,false,1785243547562,LeaderAccept
1785243547569,true,1785243547610,LeaderAccept
1785243547618,false,1785243547659,LeaderAccept
1785243547668,false,1785243547709,LeaderAccept
1785243547720,true,1785243547761,LeaderAccept
1785243547773,false,1785243547814,LeaderAccept
1785243547827,true,1785243547868,LeaderAccept
1785243547882,true,1785243547922,LeaderAccept
1785243547938,true,1785243547978,LeaderAccept
1785243547996,true,1785243548037,LeaderAccept
1785243548056,false,1785243548097,LeaderAccept
1785243548117,true,1785243548158,LeaderAccept
1785243548181,true,1785243548222,LeaderAccept
1785243548247,true,1785243548289,LeaderAccept
1785243548315,false,1785243548356,LeaderAccept
1785243548385,false,1785243548427,LeaderAccept
1785243548458,false,1785243548499,LeaderAccept
1785243548533,true,1785243548575,LeaderAccept
1785243548611,false,1785243548652,LeaderAccept
1785243548692,true,1785243548733,LeaderAccept
1785243548776,false,1785243548817,LeaderAccept
1785243548864,true,1785243548905,LeaderAccept
1785243548956,false,1785243548998,LeaderAccept
1785243549053,true,1785243549094,LeaderAccept
1785243549154,true,1785243549196,LeaderAccept
1785243549260,false,1785243549301,LeaderAccept
1785243549372,false,1785243549413,LeaderAccept
1785243549490,false,1785243549531,LeaderAccept
1785243549615,false,1785243549656,LeaderAccept
1785243549748,false,1785243549789,LeaderAccept
1785243549890,false,1785243549931,LeaderAccept
1785243550042,true,1785243550083,LeaderAccept
1785243550207,false,1785243550248,LeaderAccept
1785243550386,true,1785243550427,LeaderAccept
1785243550581,false,1785243550623,LeaderAccept
1785243550796,true,1785243550837,LeaderAccept
1785243551036,false,1785243551077,LeaderAccept
1785243551306,false,1785243551347,LeaderAccept
1785243551614,false,1785243551652,FastAccept
1785243551973,true,1785243552012,FastAccept
1785243552403,true,1785243552442,FastAccept
1785243552936,true,1785243552974,FastAccept
1785243553631,true,1785243553671,FastAccept
1785243554615,false,1785243554654,FastAccept
1785243556222,true,1785243556278,SlowAccept
1785243559812,false,1785243559853,LeaderAccept
1785243581412,false,1785243581453,LeaderAccept
1785243610532,true,1785243610574,LeaderAccept
1785243610564,true,1785243610605,LeaderAccept
1785243610596,true,1785243610637,LeaderAccept
1785243610630,true,1785243610671,LeaderAccept
1785243610663,false,1785243610705,LeaderAccept
1785243610698,false,1785243610739,LeaderAccept
1785243610732,false,1785243610774,LeaderAccept
1785243610768,true,1785243610810,LeaderAccept
1785243610805,true,1785243610846,LeaderAccept
1785243610842,true,1785243610884,LeaderAccept
1785243610879,false,1785243610921,LeaderAccept
1785243610918,false,1785243610960,LeaderAccept
1785243610957,true,1785243610999,LeaderAccept
1785243610997,false,1785243611039,LeaderAccept
1785243611038,true,1785243611080,LeaderAccept
1785243611080,true,1785243611121,LeaderAccept
1785243611122,false,1785243611163,LeaderAccept
1785243611165,true,1785243611208,LeaderAccept
1785243611209,true,1785243611252,LeaderAccept
1785243611254,false,1785243611295,LeaderAccept
1785243611300,true,1785243611341,LeaderAccept
1785243611347,true,1785243611388,LeaderAccept
1785243611395,true,1785243611437,LeaderAccept
1785243611444,false,1785243611485,LeaderAccept
1785243611494,true,1785243611536,LeaderAccept
1785243611546,true,1785243611588,LeaderAccept
1785243611599,true,1785243611641,LeaderAccept
1785243611653,true,1785243611695,LeaderAccept
1785243611709,false,1785243611751,LeaderAccept
1785243611767,false,1785243611807,LeaderAccept
1785243611826,false,1785243611867,LeaderAccept
1785243611886,true,1785243611927,LeaderAccept
1785243611949,false,1785243611991,LeaderAccept
1785243612014,true,1785243612055,LeaderAccept
1785243612080,false,1785243612122,LeaderAccept
1785243612149,true,1785243612190,LeaderAccept
1785243612220,true,1785243612261,LeaderAccept
1785243612294,false,1785243612335,LeaderAccept
1785243612370,true,1785243612412,LeaderAccept
1785243612450,false,1785243612491,LeaderAccept
1785243612533,true,1785243612573,LeaderAccept
1785243612618,true,1785243612661,LeaderAccept
1785243612708,true,1785243612749,LeaderAccept
1785243612800,false,1785243612841,LeaderAccept
1785243612898,true,1785243612939,LeaderAccept
1785243613000,false,1785243613041,LeaderAccept
1785243613109,true,1785243613150,LeaderAccept
1785243613222,false,1785243613264,LeaderAccept
1785243613343,false,1785243613384,LeaderAccept
1785243613471,false,1785243613512,LeaderAccept
1785243613607,true,1785243613648,LeaderAccept
1785243613753,false,1785243613794,LeaderAccept
1785243613910,false,1785243613951,LeaderAccept
1785243614079,true,1785243614120,LeaderAccept
1785243614263,false,1785243614306,LeaderAccept
1785243614465,false,1785243614506,LeaderAccept
1785243614689,true,1785243614730,LeaderAccept
1785243614939,false,1785243614980,LeaderAccept
1785243615222,true,1785243615263,LeaderAccept
1785243615547,true,1785243615587,LeaderAccept
1785243615929,true,1785243615970,LeaderAccept
1785243616392,true,1785243616433,LeaderAccept
1785243616975,false,1785243617016,LeaderAccept
1785243617754,true,1785243617795,LeaderAccept
1785243618905,false,1785243618946,LeaderAccept
1785243620950,true,1785243621010,LeaderAccept
1785243626633,true,1785243626674,LeaderAccept
1785243654931,true,1785243654973,LeaderAccept
1785243654959,true,1785243655000,LeaderAccept
1785243654987,false,1785243655028,LeaderAccept
1785243655015,false,1785243655056,LeaderAccept
1785243655044,true,1785243655085,LeaderAccept
1785243655073,true,1785243655114,LeaderAccept
1785243655103,true,1785243655144,LeaderAccept
1785243655133,true,1785243655174,LeaderAccept
1785243655163,true,1785243655204,LeaderAccept
1785243655194,false,1785243655235,LeaderAccept
1785243655227,false,1785243655268,LeaderAccept
1785243655258,true,1785243655300,LeaderAccept
1785243655291,false,1785243655332,LeaderAccept
1785243655324,true,1785243655365,LeaderAccept
1785243655357,true,1785243655397,LeaderAccept
1785243655390,false,1785243655431,LeaderAccept
1785243655424,true,1785243655465,LeaderAccept
1785243655459,true,1785243655500,LeaderAccept
1785243655495,true,1785243655535,LeaderAccept
1785243655531,true,1785243655571,LeaderAccept
1785243655567,false,1785243655607,LeaderAccept
1785243655604,false,1785243655644,LeaderAccept
1785243655642,true,1785243655683,LeaderAccept
1785243655681,true,1785243655721,LeaderAccept
1785243655720,false,1785243655761,LeaderAccept
1785243655760,false,1785243655801,LeaderAccept
1785243655801,true,1785243655841,LeaderAccept
1785243655844,false,1785243655885,LeaderAccept
1785243655886,true,1785243655926,LeaderAccept
1785243655929,false,1785243655970,LeaderAccept
1785243655973,false,1785243656014,LeaderAccept
1785243656018,false,1785243656059,LeaderAccept
1785243656065,true,1785243656106,LeaderAccept
1785243656113,false,1785243656154,LeaderAccept
1785243656162,false,1785243656204,LeaderAccept
1785243656212,true,1785243656253,LeaderAccept
1785243656263,false,1785243656304,LeaderAccept
1785243656316,false,1785243656357,LeaderAccept
1785243656370,false,1785243656411,LeaderAccept
1785243656426,true,1785243656467,LeaderAccept
1785243656482,false,1785243656523,LeaderAccept
1785243656540,false,1785243656582,LeaderAccept
1785243656600,false,1785243656641,LeaderAccept
1785243656662,true,1785243656703,LeaderAccept
1785243656727,true,1785243656767,LeaderAccept
1785243656792,false,1785243656832,LeaderAccept
1785243656860,true,1785243656901,LeaderAccept
1785243656930,false,1785243656971,LeaderAccept
1785243657003,true,1785243657044,LeaderAccept
1785243657079,false,1785243657121,LeaderAccept
1785243657159,true,1785243657200,LeaderAccept
1785243657240,true,1785243657281,LeaderAccept
1785243657325,false,1785243657366,LeaderAccept
1785243657413,false,1785243657454,LeaderAccept
1785243657506,true,1785243657546,LeaderAccept
1785243657602,false,1785243657644,LeaderAccept
1785243657703,false,1785243657744,LeaderAccept
1785243657810,true,1785243657851,LeaderAccept
1785243657923,true,1785243657965,LeaderAccept
1785243658042,true,1785243658083,LeaderAccept
1785243658168,false,1785243658209,LeaderAccept
1785243658302,true,1785243658343,LeaderAccept
1785243658445,false,1785243658486,LeaderAccept
1785243658598,false,1785243658639,LeaderAccept
1785243658764,false,1785243658805,LeaderAccept
1785243658944,true,1785243658986,LeaderAccept
1785243659142,false,1785243659184,LeaderAccept
1785243659360,true,1785243659401,LeaderAccept
1785243659602,true,1785243659643,LeaderAccept
1785243659875,true,1785243659916,LeaderAccept
1785243660188,true,1785243660228,FastAccept
1785243660554,false,1785243660594,FastAccept
1785243660994,true,1785243661033,FastAccept
1785243661540,true,1785243661580,FastAccept
1785243662259,true,1785243662299,FastAccept
1785243663287,false,1785243663358,LeaderAccept
1785243665006,false,1785243665047,LeaderAccept
1785243669064,false,1785243669105,LeaderAccept
1785243698287,true,1785243698329,LeaderAccept
1785243698314,true,1785243698355,LeaderAccept
1785243698340,true,1785243698382,LeaderAccept
1785243698368,true,1785243698409,LeaderAccept
1785243698395,true,1785243698436,LeaderAccept
1785243698423,false,1785243698465,LeaderAccept
1785243698451,true,1785243698493,LeaderAccept
1785243698480,true,1785243698522,LeaderAccept
1785243698509,true,1785243698550,LeaderAccept
1785243698538,true,1785243698579,LeaderAccept
1785243698568,false,1785243698609,LeaderAccept
1785243698599,false,1785243698640,LeaderAccept
1785243698629,true,1785243698670,LeaderAccept
1785243698660,true,1785243698701,LeaderAccept
1785243698692,false,1785243698733,LeaderAccept
1785243698725,false,1785243698767,LeaderAccept
1785243698758,false,1785243698800,LeaderAccept
1785243698792,true,1785243698833,LeaderAccept
1785243698826,false,1785243698868,LeaderAccept
1785243698861,true,1785243698903,LeaderAccept
1785243698896,true,1785243698937,LeaderAccept
1785243698932,true,1785243698974,LeaderAccept
1785243698969,true,1785243699010,LeaderAccept
1785243699006,true,1785243699049,LeaderAccept
1785243699044,true,1785243699086,LeaderAccept
1785243699083,true,1785243699128,LeaderAccept
1785243699122,true,1785243699163,LeaderAccept
1785243699162,true,1785243699203,LeaderAccept
1785243699202,false,1785243699244,LeaderAccept
1785243699244,true,1785243699286,LeaderAccept
1785243699286,false,1785243699327,LeaderAccept
1785243699329,true,1785243699371,LeaderAccept
1785243699373,false,1785243699415,LeaderAccept
1785243699418,true,1785243699459,LeaderAccept
1785243699464,true,1785243699506,LeaderAccept
1785243699511,false,1785243699552,LeaderAccept
1785243699559,true,1785243699601,LeaderAccept
1785243699608,true,1785243699649,LeaderAccept
1785243699659,false,1785243699700,LeaderAccept
1785243699710,false,1785243699751,LeaderAccept
1785243699763,true,1785243699804,LeaderAccept
1785243699817,false,1785243699858,LeaderAccept
1785243699873,true,1785243699914,LeaderAccept
1785243699931,true,1785243699972,LeaderAccept
1785243699990,false,1785243700031,LeaderAccept
1785243700051,false,1785243700092,LeaderAccept
1785243700114,false,1785243700155,LeaderAccept
1785243700178,false,1785243700220,LeaderAccept
1785243700245,true,1785243700286,LeaderAccept
1785243700314,true,1785243700355,LeaderAccept
1785243700385,true,1785243700426,LeaderAccept
1785243700460,false,1785243700501,LeaderAccept
1785243700536,true,1785243700577,LeaderAccept
1785243700616,false,1785243700657,LeaderAccept
1785243700700,false,1785243700740,LeaderAccept
1785243700786,false,1785243700827,LeaderAccept
1785243700876,true,1785243700917,LeaderAccept
1785243700970,true,1785243701011,LeaderAccept
1785243701068,true,1785243701109,LeaderAccept
1785243701171,true,1785243701212,LeaderAccept
1785243701279,false,1785243701320,LeaderAccept
1785243701394,true,1785243701436,LeaderAccept
1785243701516,false,1785243701557,LeaderAccept
1785243701644,false,1785243701685,LeaderAccept
1785243701781,true,1785243701822,LeaderAccept
1785243701928,false,1785243701970,LeaderAccept
1785243702086,false,1785243702129,LeaderAccept
1785243702257,false,1785243702299,LeaderAccept
1785243702443,false,1785243702485,LeaderAccept
1785243702648,false,1785243702689,LeaderAccept
1785243702874,true,1785243702915,LeaderAccept
1785243703127,false,1785243703168,LeaderAccept
1785243703414,true,1785243703455,LeaderAccept
1785243703745,false,1785243703784,FastAccept
1785243704135,false,1785243704174,FastAccept
1785243704609,false,1785243704649,FastAccept
1785243705211,false,1785243705285,LeaderAccept
1785243706021,false,1785243706062,LeaderAccept
1785243707236,false,1785243707277,LeaderAccept
1785243709467,false,1785243709508,LeaderAccept
1785243716265,false,1785243716306,LeaderAccept
1785243721636,false,1785243721678,LeaderAccept
1785243721661,false,1785243721702,LeaderAccept
1785243721686,false,1785243721727,LeaderAccept
1785243721711,false,1785243721752,LeaderAccept
1785243721737,true,1785243721779,LeaderAccept
1785243721763,true,1785243721805,LeaderAccept
1785243721789,false,1785243721830,LeaderAccept
1785243721815,true,1785243721856,LeaderAccept
1785243721841,false,1785243721883,LeaderAccept
1785243721869,true,1785243721912,LeaderAccept
1785243721897,false,1785243721939,LeaderAccept
1785243721925,true,1785243721967,LeaderAccept
1785243721953,true,1785243721994,LeaderAccept
1785243721982,true,1785243722023,LeaderAccept
1785243722011,true,1785243722053,LeaderAccept
1785243722041,true,1785243722084,LeaderAccept
1785243722071,true,1785243722112,LeaderAccept
1785243722101,true,1785243722142,LeaderAccept
1785243722132,true,1785243722174,LeaderAccept
1785243722163,false,1785243722205,LeaderAccept
1785243722195,false,1785243722236,LeaderAccept
1785243722227,false,1785243722269,LeaderAccept
1785243722260,false,1785243722301,LeaderAccept
1785243722293,false,1785243722334,LeaderAccept
1785243722327,false,1785243722368,LeaderAccept
1785243722361,false,1785243722403,LeaderAccept
1785243722396,false,1785243722438,LeaderAccept
1785243722432,true,1785243722474,LeaderAccept
1785243722468,false,1785243722510,LeaderAccept
1785243722505,false,1785243722546,LeaderAccept
1785243722542,false,1785243722583,LeaderAccept
1785243722580,false,1785243722622,LeaderAccept
1785243722619,false,1785243722660,LeaderAccept
1785243722658,false,1785243722699,LeaderAccept
1785243722699,false,1785243722740,LeaderAccept
1785243722740,false,1785243722781,LeaderAccept
1785243722781,true,1785243722822,LeaderAccept
1785243722824,true,1785243722865,LeaderAccept
1785243722867,true,1785243722908,LeaderAccept
1785243722911,false,1785243722952,LeaderAccept
1785243722958,true,1785243722998,LeaderAccept
1785243723004,false,1785243723046,LeaderAccept
1785243723051,false,1785243723092,LeaderAccept
1785243723099,true,1785243723141,LeaderAccept
1785243723150,false,1785243723191,LeaderAccept
1785243723201,true,1785243723242,LeaderAccept
1785243723254,false,1785243723295,LeaderAccept
1785243723309,false,1785243723350,LeaderAccept
1785243723364,false,1785243723405,LeaderAccept
1785243723420,false,1785243723460,LeaderAccept
1785243723478,false,1785243723519,LeaderAccept
1785243723538,true,1785243723579,LeaderAccept
1785243723600,false,1785243723641,LeaderAccept
1785243723664,false,1785243723705,LeaderAccept
1785243723730,false,1785243723770,LeaderAccept
1785243723797,false,1785243723838,LeaderAccept
1785243723867,false,1785243723908,LeaderAccept
1785243723941,false,1785243723982,LeaderAccept
1785243724016,true,1785243724057,LeaderAccept
1785243724094,false,1785243724135,LeaderAccept
1785243724175,true,1785243724216,LeaderAccept
1785243724259,false,1785243724300,LeaderAccept
1785243724346,false,1785243724388,LeaderAccept
1785243724438,false,1785243724479,LeaderAccept
1785243724534,false,1785243724576,LeaderAccept
1785243724635,false,1785243724677,LeaderAccept
1785243724741,true,1785243724782,LeaderAccept
1785243724853,false,1785243724894,LeaderAccept
1785243724971,false,1785243725012,LeaderAccept
1785243725096,false,1785243725137,LeaderAccept
1785243725229,false,1785243725271,LeaderAccept
1785243725371,true,1785243725413,LeaderAccept
1785243725524,true,1785243725565,LeaderAccept
1785243725688,true,1785243725729,LeaderAccept
1785243725867,false,1785243725908,LeaderAccept
1785243726062,false,1785243726104,LeaderAccept
1785243726277,true,1785243726320,LeaderAccept
1785243726516,false,1785243726556,LeaderAccept
1785243726786,false,1785243726827,LeaderAccept
1785243727094,false,1785243727136,LeaderAccept
1785243727453,false,1785243727495,LeaderAccept
1785243727883,true,1785243727924,LeaderAccept
1785243728416,true,1785243728458,LeaderAccept
1785243729110,true,1785243729151,LeaderAccept
1785243730092,false,1785243730133,LeaderAccept
1785243731696,false,1785243731738,LeaderAccept
1785243735273,true,1785243735312,FastAccept
1785243756650,true,1785243756692,LeaderAccept
1785243763158,true,1785243763197,FastAccept
1785243763179,true,1785243763219,FastAccept
1785243763201,false,1785243763240,FastAccept
1785243763223,true,1785243763269,FastAccept
1785243763245,false,1785243763285,FastAccept
1785243763268,false,1785243763322,LeaderAccept
1785243763291,true,1785243763348,LeaderAccept
1785243763314,true,1785243763374,LeaderAccept
1785243763337,false,1785243763394,LeaderAccept
1785243763361,false,1785243763402,LeaderAccept
1785243763384,true,1785243763425,LeaderAccept
1785243763408,false,1785243763449,LeaderAccept
1785243763432,false,1785243763473,LeaderAccept
1785243763456,true,1785243763496,LeaderAccept
1785243763480,true,1785243763521,LeaderAccept
1785243763506,false,1785243763547,LeaderAccept
1785243763531,false,1785243763572,LeaderAccept
1785243763557,true,1785243763600,LeaderAccept
1785243763583,true,1785243763623,LeaderAccept
1785243763609,false,1785243763650,LeaderAccept
1785243763635,false,1785243763675,LeaderAccept
1785243763662,false,1785243763703,LeaderAccept
1785243763689,false,1785243763730,LeaderAccept
1785243763717,true,1785243763758,LeaderAccept
1785243763745,false,1785243763786,LeaderAccept
1785243763774,true,1785243763815,LeaderAccept
1785243763803,true,1785243763844,LeaderAccept
1785243763832,true,1785243763873,LeaderAccept
1785243763862,true,1785243763903,LeaderAccept
1785243763892,true,1785243763933,LeaderAccept
1785243763922,false,1785243763963,LeaderAccept
1785243763953,false,1785243763994,LeaderAccept
1785243763984,false,1785243764025,LeaderAccept
1785243764016,true,1785243764057,LeaderAccept
1785243764048,false,1785243764089,LeaderAccept
1785243764081,false,1785243764123,LeaderAccept
1785243764115,false,1785243764156,LeaderAccept
1785243764149,false,1785243764189,LeaderAccept
1785243764183,true,1785243764224,LeaderAccept
1785243764219,false,1785243764261,LeaderAccept
1785243764254,false,1785243764295,LeaderAccept
1785243764290,false,1785243764332,LeaderAccept
1785243764327,true,1785243764368,LeaderAccept
1785243764364,false,1785243764406,LeaderAccept
1785243764402,true,1785243764444,LeaderAccept
1785243764441,true,1785243764482,LeaderAccept
1785243764481,false,1785243764522,LeaderAccept
1785243764522,true,1785243764563,LeaderAccept
1785243764563,true,1785243764603,LeaderAccept
1785243764605,false,1785243764646,LeaderAccept
1785243764648,false,1785243764689,LeaderAccept
1785243764692,false,1785243764733,LeaderAccept
1785243764736,false,1785243764777,LeaderAccept
1785243764782,false,1785243764823,LeaderAccept
1785243764829,false,1785243764870,LeaderAccept
1785243764877,true,1785243764918,LeaderAccept
1785243764926,false,1785243764967,LeaderAccept
1785243764977,false,1785243765017,LeaderAccept
1785243765029,true,1785243765071,LeaderAccept
1785243765081,true,1785243765122,LeaderAccept
1785243765135,true,1785243765177,LeaderAccept
1785243765191,false,1785243765232,LeaderAccept
1785243765248,true,1785243765289,LeaderAccept
1785243765306,false,1785243765347,LeaderAccept
1785243765366,true,1785243765407,LeaderAccept
1785243765429,false,1785243765470,LeaderAccept
1785243765493,false,1785243765534,LeaderAccept
1785243765560,true,1785243765602,LeaderAccept
1785243765629,true,1785243765670,LeaderAccept
1785243765700,true,1785243765741,LeaderAccept
1785243765773,false,1785243765814,LeaderAccept
1785243765850,true,1785243765891,LeaderAccept
1785243765928,false,1785243765969,LeaderAccept
1785243766010,false,1785243766051,LeaderAccept
1785243766095,false,1785243766136,LeaderAccept
1785243766184,true,1785243766226,LeaderAccept
1785243766277,true,1785243766318,LeaderAccept
1785243766374,true,1785243766415,LeaderAccept
1785243766477,false,1785243766518,LeaderAccept
1785243766586,false,1785243766626,LeaderAccept
1785243766699,false,1785243766740,LeaderAccept
1785243766819,false,1785243766860,LeaderAccept
1785243766946,false,1785243766987,LeaderAccept
1785243767082,false,1785243767123,LeaderAccept
1785243767227,false,1785243767268,LeaderAccept
1785243767383,false,1785243767424,LeaderAccept
1785243767552,false,1785243767592,LeaderAccept
1785243767735,false,1785243767776,LeaderAccept
1785243767935,false,1785243767976,LeaderAccept
1785243768157,false,1785243768197,LeaderAccept
1785243768404,true,1785243768443,FastAccept
1785243768684,false,1785243768723,FastAccept
1785243769005,true,1785243769045,FastAccept
1785243769384,false,1785243769423,FastAccept
1785243769840,false,1785243769879,FastAccept
1785243770411,true,1785243770450,FastAccept
1785243771171,false,1785243771211,FastAccept
1785243772282,true,1785243772323,LeaderAccept
1785243774218,true,1785243774259,LeaderAccept
1785243779315,false,1785243779354,FastAccept
1785243808516,false,1785243808557,LeaderAccept
1785243808534,false,1785243808575,LeaderAccept
1785243808552,true,1785243808592,LeaderAccept
1785243808570,false,1785243808611,LeaderAccept
1785243808588,false,1785243808628,LeaderAccept
1785243808606,false,1785243808646,LeaderAccept
1785243808624,false,1785243808664,LeaderAccept
1785243808643,true,1785243808684,LeaderAccept
1785243808662,true,1785243808703,LeaderAccept
1785243808682,false,1785243808722,LeaderAccept
1785243808701,true,1785243808741,LeaderAccept
1785243808720,true,1785243808760,LeaderAccept
1785243808739,true,1785243808780,LeaderAccept
1785243808758,false,1785243808798,LeaderAccept
1785243808778,false,1785243808818,LeaderAccept
1785243808798,true,1785243808838,LeaderAccept
1785243808818,true,1785243808858,LeaderAccept
1785243808839,true,1785243808880,LeaderAccept
1785243808860,true,1785243808900,LeaderAccept
1785243808881,false,1785243808922,LeaderAccept
1785243808902,false,1785243808942,LeaderAccept
1785243808923,false,1785243808964,LeaderAccept
1785243808946,true,1785243808986,LeaderAccept
1785243808967,false,1785243809007,LeaderAccept
1785243808989,true,1785243809029,LeaderAccept
1785243809011,false,1785243809052,LeaderAccept
1785243809034,true,1785243809075,LeaderAccept
1785243809056,false,1785243809097,LeaderAccept
1785243809079,false,1785243809119,LeaderAccept
1785243809102,true,1785243809143,LeaderAccept
1785243809126,true,1785243809167,LeaderAccept
1785243809150,true,1785243809191,LeaderAccept
1785243809174,true,1785243809215,LeaderAccept
1785243809198,true,1785243809238,LeaderAccept
1785243809222,true,1785243809262,LeaderAccept
1785243809246,false,1785243809288,LeaderAccept
1785243809272,false,1785243809313,LeaderAccept
1785243809297,false,1785243809338,LeaderAccept
1785243809323,false,1785243809364,LeaderAccept
1785243809349,true,1785243809391,LeaderAccept
1785243809377,false,1785243809418,LeaderAccept
1785243809403,true,1785243809443,LeaderAccept
1785243809430,true,1785243809471,LeaderAccept
1785243809458,false,1785243809498,LeaderAccept
1785243809485,true,1785243809526,LeaderAccept
1785243809513,true,1785243809554,LeaderAccept
1785243809543,false,1785243809583,LeaderAccept
1785243809571,false,1785243809612,LeaderAccept
1785243809600,true,1785243809641,LeaderAccept
1785243809630,true,1785243809670,LeaderAccept
1785243809660,true,1785243809702,LeaderAccept
1785243809691,false,1785243809732,LeaderAccept
1785243809722,true,1785243809762,LeaderAccept
1785243809753,true,1785243809793,LeaderAccept
1785243809785,false,1785243809826,LeaderAccept
1785243809819,false,1785243809859,LeaderAccept
1785243809852,true,1785243809893,LeaderAccept
1785243809886,true,1785243809927,LeaderAccept
1785243809920,false,1785243809961,LeaderAccept
1785243809955,true,1785243809996,LeaderAccept
1785243809991,true,1785243810032,LeaderAccept
1785243810027,true,1785243810068,LeaderAccept
1785243810064,true,1785243810105,LeaderAccept
1785243810101,true,1785243810142,LeaderAccept
1785243810139,false,1785243810180,LeaderAccept
1785243810178,true,1785243810218,LeaderAccept
1785243810217,true,1785243810258,LeaderAccept
1785243810257,false,1785243810298,LeaderAccept
1785243810298,true,1785243810339,LeaderAccept
1785243810340,true,1785243810381,LeaderAccept
1785243810383,true,1785243810423,LeaderAccept
1785243810426,false,1785243810467,LeaderAccept
1785243810470,false,1785243810512,LeaderAccept
1785243810515,true,1785243810556,LeaderAccept
1785243810561,true,1785243810602,LeaderAccept
1785243810609,false,1785243810650,LeaderAccept
1785243810657,true,1785243810698,LeaderAccept
1785243810707,true,1785243810748,LeaderAccept
1785243810758,true,1785243810799,LeaderAccept
1785243810810,false,1785243810851,LeaderAccept
1785243810864,false,1785243810905,LeaderAccept
1785243810919,false,1785243810960,LeaderAccept
1785243810975,false,1785243811016,LeaderAccept
1785243811032,false,1785243811073,LeaderAccept
1785243811091,true,1785243811132,LeaderAccept
1785243811152,true,1785243811193,LeaderAccept
1785243811215,false,1785243811256,LeaderAccept
1785243811280,false,1785243811321,LeaderAccept
1785243811347,true,1785243811387,LeaderAccept
1785243811416,true,1785243811457,LeaderAccept
1785243811489,false,1785243811529,LeaderAccept
1785243811563,true,1785243811604,LeaderAccept
1785243811640,true,1785243811681,LeaderAccept
1785243811720,true,1785243811760,LeaderAccept
1785243811803,false,1785243811844,LeaderAccept
1785243811890,false,1785243811932,LeaderAccept
1785243811981,false,1785243812022,LeaderAccept
1785243812076,true,1785243812118,LeaderAccept
1785243812176,false,1785243812217,LeaderAccept
1785243812281,true,1785243812322,LeaderAccept
1785243812391,true,1785243812434,LeaderAccept
1785243812507,false,1785243812548,LeaderAccept
1785243812630,false,1785243812671,LeaderAccept
1785243812760,true,1785243812802,LeaderAccept
1785243812900,true,1785243812943,LeaderAccept
1785243813050,true,1785243813092,LeaderAccept
1785243813212,false,1785243813254,LeaderAccept
1785243813386,true,1785243813426,LeaderAccept
1785243813576,false,1785243813618,LeaderAccept
1785243813786,false,1785243813827,LeaderAccept
1785243814018,true,1785243814059,LeaderAccept
1785243814278,true,1785243814318,FastAccept
1785243814574,true,1785243814621,LeaderAccept
1785243814918,false,1785243814958,LeaderAccept
1785243815325,true,1785243815366,LeaderAccept
1785243815824,false,1785243815865,LeaderAccept
1785243816464,false,1785243816505,LeaderAccept
1785243817346,false,1785243817387,LeaderAccept
1785243818716,true,1785243818759,LeaderAccept
1785243821431,false,1785243821472,LeaderAccept
1785243831975,true,1785243832016,LeaderAccept
1785243849779,true,1785243849818,FastAccept
1785243849794,false,1785243849834,FastAccept
1785243849809,true,1785243849848,FastAccept
1785243849824,true,1785243849863,FastAccept
1785243849839,false,1785243849878,FastAccept
1785243849854,false,1785243849893,FastAccept
1785243849870,false,1785243849916,FastAccept
1785243849887,false,1785243849926,FastAccept
1785243849902,false,1785243849966,LeaderAccept
1785243849917,false,1785243849957,LeaderAccept
1785243849933,false,1785243849974,LeaderAccept
1785243849949,false,1785243849989,LeaderAccept
1785243849965,true,1785243850006,LeaderAccept
1785243849982,true,1785243850022,LeaderAccept
1785243849998,true,1785243850038,LeaderAccept
1785243850014,true,1785243850055,LeaderAccept
1785243850031,false,1785243850071,LeaderAccept
1785243850047,false,1785243850088,LeaderAccept
1785243850064,false,1785243850105,LeaderAccept
1785243850081,false,1785243850122,LeaderAccept
1785243850098,true,1785243850138,LeaderAccept
1785243850115,false,1785243850155,LeaderAccept
1785243850132,false,1785243850173,LeaderAccept
1785243850149,true,1785243850190,LeaderAccept
1785243850167,false,1785243850207,LeaderAccept
1785243850184,false,1785243850225,LeaderAccept
1785243850202,true,1785243850243,LeaderAccept
1785243850220,true,1785243850260,LeaderAccept
1785243850238,true,1785243850279,LeaderAccept
1785243850256,true,1785243850297,LeaderAccept
1785243850275,false,1785243850316,LeaderAccept
1785243850293,false,1785243850334,LeaderAccept
1785243850312,false,1785243850354,LeaderAccept
1785243850331,false,1785243850372,LeaderAccept
1785243850350,true,1785243850390,LeaderAccept
1785243850369,true,1785243850409,LeaderAccept
1785243850388,false,1785243850429,LeaderAccept
1785243850408,true,1785243850449,LeaderAccept
1785243850428,true,1785243850468,LeaderAccept
1785243850448,false,1785243850488,LeaderAccept
1785243850468,true,1785243850509,LeaderAccept
1785243850488,true,1785243850529,LeaderAccept
1785243850509,true,1785243850549,LeaderAccept
1785243850529,false,1785243850569,LeaderAccept
1785243850549,true,1785243850590,LeaderAccept
1785243850571,false,1785243850612,LeaderAccept
1785243850593,false,1785243850634,LeaderAccept
1785243850615,true,1785243850657,LeaderAccept
1785243850637,true,1785243850677,LeaderAccept
1785243850659,true,1785243850698,LeaderAccept
1785243850681,true,1785243850721,LeaderAccept
1785243850704,true,1785243850744,LeaderAccept
1785243850727,true,1785243850767,LeaderAccept
1785243850750,false,1785243850791,LeaderAccept
1785243850773,false,1785243850813,LeaderAccept
1785243850796,true,1785243850837,LeaderAccept
1785243850820,true,1785243850860,LeaderAccept
1785243850844,true,1785243850885,LeaderAccept
1785243850870,true,1785243850911,LeaderAccept
1785243850895,true,1785243850936,LeaderAccept
1785243850919,false,1785243850959,LeaderAccept
1785243850944,false,1785243850986,LeaderAccept
1785243850970,true,1785243851012,LeaderAccept
1785243850996,true,1785243851036,LeaderAccept
1785243851022,false,1785243851063,LeaderAccept
1785243851048,false,1785243851089,LeaderAccept
1785243851074,false,1785243851115,LeaderAccept
1785243851101,false,1785243851141,LeaderAccept
1785243851128,true,1785243851169,LeaderAccept
1785243851156,false,1785243851197,LeaderAccept
1785243851184,true,1785243851225,LeaderAccept
1785243851213,false,1785243851252,LeaderAccept
1785243851242,true,1785243851282,LeaderAccept
1785243851271,false,1785243851312,LeaderAccept
1785243851301,true,1785243851342,LeaderAccept
1785243851331,true,1785243851372,LeaderAccept
1785243851362,false,1785243851403,LeaderAccept
1785243851393,true,1785243851434,LeaderAccept
1785243851425,false,1785243851466,LeaderAccept
1785243851457,false,1785243851498,LeaderAccept
1785243851490,false,1785243851531,LeaderAccept
1785243851523,true,1785243851564,LeaderAccept
1785243851557,false,1785243851598,LeaderAccept
1785243851591,true,1785243851632,LeaderAccept
1785243851626,true,1785243851667,LeaderAccept
1785243851661,false,1785243851701,LeaderAccept
1785243851697,false,1785243851738,LeaderAccept
1785243851734,false,1785243851774,LeaderAccept
1785243851771,false,1785243851811,LeaderAccept
1785243851809,false,1785243851850,LeaderAccept
1785243851848,true,1785243851888,LeaderAccept
1785243851887,true,1785243851928,LeaderAccept
1785243851927,false,1785243851967,LeaderAccept
1785243851968,false,1785243852009,LeaderAccept
1785243852010,false,1785243852051,LeaderAccept
1785243852053,true,1785243852094,LeaderAccept
1785243852096,false,1785243852137,LeaderAccept
1785243852141,false,1785243852182,LeaderAccept
1785243852186,true,1785243852227,LeaderAccept
1785243852232,true,1785243852273,LeaderAccept
1785243852280,true,1785243852320,LeaderAccept
1785243852329,false,1785243852370,LeaderAccept
1785243852378,false,1785243852419,LeaderAccept
1785243852429,true,1785243852470,LeaderAccept
1785243852482,false,1785243852522,LeaderAccept
1785243852535,true,1785243852576,LeaderAccept
1785243852590,true,1785243852631,LeaderAccept
1785243852647,true,1785243852688,LeaderAccept
1785243852705,true,1785243852746,LeaderAccept
1785243852765,true,1785243852806,LeaderAccept
1785243852827,true,1785243852868,LeaderAccept
1785243852891,true,1785243852932,LeaderAccept
1785243852957,false,1785243852998,LeaderAccept
1785243853026,true,1785243853066,LeaderAccept
1785243853097,true,1785243853137,LeaderAccept
1785243853169,true,1785243853211,LeaderAccept
1785243853244,false,1785243853285,LeaderAccept
1785243853322,true,1785243853363,LeaderAccept
1785243853404,true,1785243853444,LeaderAccept
1785243853488,true,1785243853529,LeaderAccept
1785243853576,false,1785243853617,LeaderAccept
1785243853668,true,1785243853709,LeaderAccept
1785243853765,false,1785243853806,LeaderAccept
1785243853867,false,1785243853908,LeaderAccept
1785243853973,true,1785243854014,LeaderAccept
1785243854085,true,1785243854126,LeaderAccept
1785243854203,false,1785243854244,LeaderAccept
1785243854329,true,1785243854370,LeaderAccept
1785243854462,false,1785243854503,LeaderAccept
1785243854604,false,1785243854645,LeaderAccept
1785243854758,true,1785243854798,LeaderAccept
1785243854922,false,1785243854963,LeaderAccept
1785243855100,false,1785243855142,LeaderAccept
1785243855295,false,1785243855336,LeaderAccept
1785243855510,true,1785243855551,LeaderAccept
1785243855749,false,1785243855789,LeaderAccept
1785243856018,true,1785243856060,LeaderAccept
1785243856327,false,1785243856368,LeaderAccept
1785243856686,true,1785243856727,LeaderAccept
1785243857116,true,1785243857156,LeaderAccept
1785243857648,true,1785243857689,LeaderAccept
1785243858343,false,1785243858384,LeaderAccept
1785243859326,false,1785243859367,LeaderAccept
1785243860933,false,1785243860972,FastAccept
1785243864518,false,1785243864557,FastAccept
1785243886041,true,1785243886082,LeaderAccept
1785243900499,false,1785243900538,FastAccept
1785243900520,false,1785243900559,FastAccept
1785243900542,true,1785243900581,FastAccept
1785243900564,false,1785243900602,FastAccept
1785243900586,true,1785243900625,FastAccept
1785243900608,false,1785243900647,FastAccept
1785243900630,true,1785243900669,FastAccept
1785243900653,true,1785243900694,FastAccept
1785243900676,false,1785243900715,FastAccept
1785243900699,true,1785243900738,FastAccept
1785243900722,false,1785243900762,FastAccept
1785243900746,false,1785243900786,FastAccept
1785243900770,true,1785243900810,FastAccept
1785243900794,false,1785243900833,FastAccept
1785243900818,true,1785243900858,FastAccept
1785243900843,false,1785243900883,FastAccept
1785243900869,false,1785243900909,FastAccept
1785243900895,false,1785243900934,FastAccept
1785243900922,true,1785243900962,FastAccept
1785243900948,true,1785243900987,FastAccept
1785243900974,true,1785243901013,FastAccept
1785243901001,true,1785243901040,FastAccept
1785243901028,true,1785243901067,FastAccept
1785243901055,false,1785243901094,FastAccept
1785243901083,false,1785243901122,FastAccept
1785243901111,true,1785243901150,FastAccept
1785243901139,false,1785243901178,FastAccept
1785243901168,true,1785243901207,FastAccept
1785243901197,false,1785243901236,FastAccept
1785243901227,true,1785243901266,FastAccept
1785243901257,true,1785243901296,FastAccept
1785243901288,false,1785243901327,FastAccept
1785243901319,true,1785243901359,FastAccept
1785243901352,true,1785243901391,FastAccept
1785243901384,true,1785243901424,FastAccept
1785243901417,true,1785243901457,FastAccept
1785243901450,true,1785243901490,FastAccept
1785243901484,false,1785243901523,FastAccept
1785243901518,false,1785243901558,FastAccept
1785243901553,false,1785243901593,FastAccept
1785243901588,false,1785243901628,FastAccept
1785243901624,true,1785243901663,FastAccept
1785243901661,false,1785243901701,FastAccept
1785243901698,false,1785243901737,FastAccept
1785243901736,false,1785243901775,FastAccept
1785243901775,false,1785243901815,FastAccept
1785243901815,true,1785243901854,FastAccept
1785243901855,true,1785243901894,FastAccept
1785243901896,true,1785243901935,FastAccept
1785243901937,true,1785243901977,FastAccept
1785243901980,false,1785243902020,FastAccept
1785243902023,false,1785243902063,FastAccept
1785243902068,true,1785243902108,FastAccept
1785243902114,false,1785243902154,FastAccept
1785243902160,false,1785243902199,FastAccept
1785243902207,true,1785243902247,FastAccept
1785243902256,false,1785243902295,FastAccept
1785243902307,true,1785243902346,FastAccept
1785243902357,false,1785243902397,FastAccept
1785243902410,true,1785243902450,FastAccept
1785243902464,true,1785243902504,FastAccept
1785243902519,true,1785243902558,FastAccept
1785243902575,false,1785243902614,FastAccept
1785243902633,false,1785243902671,FastAccept
1785243902692,true,1785243902731,FastAccept
1785243902753,false,1785243902793,FastAccept
1785243902816,true,1785243902855,FastAccept
1785243902881,false,1785243902921,FastAccept
1785243902949,false,1785243902988,FastAccept
1785243903018,true,1785243903058,FastAccept
1785243903091,false,1785243903130,FastAccept
1785243903165,true,1785243903205,FastAccept
1785243903242,true,1785243903282,FastAccept
1785243903322,false,1785243903362,FastAccept
1785243903406,true,1785243903445,FastAccept
1785243903493,false,1785243903532,FastAccept
1785243903584,true,1785243903623,FastAccept
1785243903679,true,1785243903719,FastAccept
1785243903779,false,1785243903819,FastAccept
1785243903884,true,1785243903924,FastAccept
1785243903995,true,1785243904035,FastAccept
1785243904112,false,1785243904152,FastAccept
1785243904236,false,1785243904276,FastAccept
1785243904368,false,1785243904409,FastAccept
1785243904508,true,1785243904548,FastAccept
1785243904658,false,1785243904698,FastAccept
1785243904820,false,1785243904860,FastAccept
1785243904995,true,1785243905034,FastAccept
1785243905186,false,1785243905225,FastAccept
1785243905396,true,1785243905435,FastAccept
1785243905629,true,1785243905668,FastAccept
1785243905891,false,1785243906114,LeaderAccept
1785243906190,true,1785243906231,LeaderAccept
1785243906537,true,1785243906578,LeaderAccept
1785243906948,true,1785243906989,LeaderAccept
1785243907454,false,1785243907493,FastAccept
1785243908104,false,1785243908163,LeaderAccept
1785243909003,true,1785243909044,LeaderAccept
1785243910413,false,1785243910452,FastAccept
1785243913265,false,1785243913306,LeaderAccept
1785243925134,false,1785243925174,FastAccept
1785243940994,true,1785243941036,LeaderAccept
1785243941010,false,1785243941051,LeaderAccept
1785243941026,false,1785243941067,LeaderAccept
1785243941042,false,1785243941082,LeaderAccept
1785243941058,true,1785243941099,LeaderAccept
1785243941074,true,1785243941116,LeaderAccept
1785243941091,true,1785243941131,LeaderAccept
1785243941107,true,1785243941148,LeaderAccept
1785243941124,true,1785243941165,LeaderAccept
1785243941141,true,1785243941182,LeaderAccept
1785243941158,true,1785243941198,LeaderAccept
1785243941175,false,1785243941216,LeaderAccept
1785243941192,true,1785243941233,LeaderAccept
1785243941210,true,1785243941250,LeaderAccept
1785243941227,true,1785243941267,LeaderAccept
1785243941245,true,1785243941287,LeaderAccept
1785243941263,false,1785243941305,LeaderAccept
1785243941281,false,1785243941322,LeaderAccept
1785243941299,true,1785243941340,LeaderAccept
1785243941318,true,1785243941359,LeaderAccept
1785243941337,true,1785243941378,LeaderAccept
1785243941356,true,1785243941397,LeaderAccept
1785243941375,false,1785243941415,LeaderAccept
1785243941394,true,1785243941435,LeaderAccept
1785243941413,false,1785243941453,LeaderAccept
1785243941432,false,1785243941473,LeaderAccept
1785243941451,true,1785243941492,LeaderAccept
1785243941471,true,1785243941511,LeaderAccept
1785243941491,true,1785243941531,LeaderAccept
1785243941511,false,1785243941551,LeaderAccept
1785243941531,true,1785243941571,LeaderAccept
1785243941551,true,1785243941592,LeaderAccept
1785243941572,true,1785243941613,LeaderAccept
1785243941593,false,1785243941633,LeaderAccept
1785243941614,false,1785243941654,LeaderAccept
1785243941635,false,1785243941675,LeaderAccept
1785243941657,false,1785243941698,LeaderAccept
1785243941679,true,1785243941719,LeaderAccept
1785243941701,false,1785243941742,LeaderAccept
1785243941723,false,1785243941764,LeaderAccept
1785243941746,true,1785243941786,LeaderAccept
1785243941768,true,1785243941808,LeaderAccept
1785243941791,false,1785243941832,LeaderAccept
1785243941814,false,1785243941855,LeaderAccept
1785243941838,false,1785243941878,LeaderAccept
1785243941861,true,1785243941901,LeaderAccept
1785243941885,true,1785243941926,LeaderAccept
1785243941908,true,1785243941949,LeaderAccept
1785243941933,false,1785243941973,LeaderAccept
1785243941958,false,1785243941998,LeaderAccept
1785243941984,false,1785243942025,LeaderAccept
1785243942009,false,1785243942050,LeaderAccept
1785243942035,false,1785243942076,LeaderAccept
1785243942061,false,1785243942102,LeaderAccept
1785243942087,false,1785243942128,LeaderAccept
1785243942115,true,1785243942156,LeaderAccept
1785243942142,true,1785243942183,LeaderAccept
1785243942170,false,1785243942211,LeaderAccept
1785243942198,false,1785243942239,LeaderAccept
1785243942226,true,1785243942266,LeaderAccept
1785243942253,false,1785243942294,LeaderAccept
1785243942282,true,1785243942323,LeaderAccept
1785243942311,false,1785243942352,LeaderAccept
1785243942340,true,1785243942381,LeaderAccept
1785243942370,false,1785243942411,LeaderAccept
1785243942400,true,1785243942441,LeaderAccept
1785243942431,true,1785243942472,LeaderAccept
1785243942463,true,1785243942503,LeaderAccept
1785243942496,true,1785243942537,LeaderAccept
1785243942528,true,1785243942568,LeaderAccept
1785243942560,false,1785243942601,LeaderAccept
1785243942593,true,1785243942634,LeaderAccept
1785243942627,true,1785243942668,LeaderAccept
1785243942661,false,1785243942702,LeaderAccept
1785243942696,true,1785243942736,LeaderAccept
1785243942732,false,1785243942773,LeaderAccept
1785243942768,true,1785243942809,LeaderAccept
1785243942805,false,1785243942846,LeaderAccept
1785243942842,false,1785243942883,LeaderAccept
1785243942881,false,1785243942922,LeaderAccept
1785243942920,true,1785243942960,LeaderAccept
1785243942959,false,1785243943000,LeaderAccept
1785243942999,false,1785243943040,LeaderAccept
1785243943041,true,1785243943082,LeaderAccept
1785243943083,true,1785243943124,LeaderAccept
1785243943126,true,1785243943167,LeaderAccept
1785243943169,false,1785243943210,LeaderAccept
1785243943213,true,1785243943254,LeaderAccept
1785243943259,false,1785243943299,LeaderAccept
1785243943305,true,1785243943347,LeaderAccept
1785243943353,false,1785243943394,LeaderAccept
1785243943402,true,1785243943443,LeaderAccept
1785243943452,false,1785243943493,LeaderAccept
1785243943503,false,1785243943544,LeaderAccept
1785243943556,true,1785243943597,LeaderAccept
1785243943610,false,1785243943651,LeaderAccept
1785243943665,false,1785243943706,LeaderAccept
1785243943722,false,1785243943763,LeaderAccept
1785243943781,true,1785243943822,LeaderAccept
1785243943841,false,1785243943880,FastAccept
1785243943903,false,1785243943958,LeaderAccept
1785243943967,false,1785243944027,LeaderAccept
1785243944033,false,1785243944073,LeaderAccept
1785243944101,false,1785243944142,LeaderAccept
1785243944172,false,1785243944212,LeaderAccept
1785243944245,false,1785243944286,LeaderAccept
1785243944320,false,1785243944361,LeaderAccept
1785243944399,false,1785243944440,LeaderAccept
1785243944481,false,1785243944522,LeaderAccept
1785243944566,false,1785243944607,LeaderAccept
1785243944655,false,1785243944696,LeaderAccept
1785243944748,false,1785243944788,LeaderAccept
1785243944845,true,1785243944886,LeaderAccept
1785243944946,false,1785243944987,LeaderAccept
1785243945053,false,1785243945094,LeaderAccept
1785243945166,false,1785243945208,LeaderAccept
1785243945286,false,1785243945327,LeaderAccept
1785243945413,false,1785243945455,LeaderAccept
1785243945548,false,1785243945589,LeaderAccept
1785243945692,true,1785243945733,LeaderAccept
1785243945847,false,1785243945887,LeaderAccept
1785243946014,true,1785243946073,LeaderAccept
1785243946196,false,1785243946242,LeaderAccept
1785243946394,false,1785243946433,FastAccept
1785243946613,true,1785243946652,FastAccept
1785243946858,false,1785243946918,SlowAccept
1785243947134,false,1785243947173,FastAccept
1785243947451,false,1785243947490,FastAccept
1785243947823,false,1785243947862,FastAccept
1785243948270,false,1785243948309,FastAccept
1785243948829,true,1785243948869,FastAccept
