request_time,write,response_time,accept_status
1785419613150,true,1785419613178,LeaderAccept
1785419613363,false,1785419613391,LeaderAccept
1785419613600,false,1785419613627,LeaderAccept
1785419613866,false,1785419613893,LeaderAccept
1785419614170,true,1785419614197,LeaderAccept
1785419614524,true,1785419614552,LeaderAccept
1785419614947,true,1785419614975,LeaderAccept
1785419615469,false,1785419615497,LeaderAccept
1785419616147,false,1785419616175,LeaderAccept
1785419617098,false,1785419617126,LeaderAccept
1785419618626,true,1785419618654,LeaderAccept
1785419621906,false,1785419621934,LeaderAccept
1785419627664,true,1785419627692,LeaderAccept
1785419627680,true,1785419627708,LeaderAccept
1785419627696,true,1785419627723,LeaderAccept
1785419627712,true,1785419627740,LeaderAccept
1785419627728,false,1785419627755,LeaderAccept
1785419627744,false,1785419627771,LeaderAccept
1785419627760,true,1785419627788,LeaderAccept
1785419627777,false,1785419627804,LeaderAccept
1785419627793,false,1785419627821,LeaderAccept
1785419627810,false,1785419627838,LeaderAccept
1785419627827,false,1785419627855,LeaderAccept
1785419627844,false,1785419627871,LeaderAccept
1785419627861,false,1785419627889,LeaderAccept
1785419627878,false,1785419627905,LeaderAccept
1785419627895,true,1785419627922,LeaderAccept
1785419627911,false,1785419627939,LeaderAccept
1785419627929,true,1785419627956,LeaderAccept
1785419627946,false,1785419627974,LeaderAccept
1785419627964,true,1785419627991,LeaderAccept
1785419627982,true,1785419628010,LeaderAccept
1785419628000,false,1785419628028,LeaderAccept
1785419628018,false,1785419628045,LeaderAccept
1785419628036,true,1785419628064,LeaderAccept
1785419628055,false,1785419628082,LeaderAccept
1785419628074,true,1785419628102,LeaderAccept
1785419628093,false,1785419628120,LeaderAccept
1785419628112,false,1785419628139,LeaderAccept
1785419628131,true,1785419628159,LeaderAccept
1785419628151,true,1785419628178,LeaderAccept
1785419628170,true,1785419628197,LeaderAccept
1785419628190,true,1785419628218,LeaderAccept
1785419628209,false,1785419628237,LeaderAccept
1785419628229,true,1785419628257,LeaderAccept
1785419628249,false,1785419628277,LeaderAccept
1785419628270,false,1785419628298,LeaderAccept
1785419628291,false,1785419628319,LeaderAccept
1785419628312,true,1785419628340,LeaderAccept
1785419628333,false,1785419628361,LeaderAccept
1785419628354,false,1785419628382,LeaderAccept
1785419628375,false,1785419628402,LeaderAccept
1785419628397,true,1785419628424,LeaderAccept
1785419628418,false,1785419628446,LeaderAccept
1785419628441,true,1785419628468,LeaderAccept
1785419628463,true,1785419628491,LeaderAccept
1785419628486,true,1785419628513,LeaderAccept
1785419628509,true,1785419628536,LeaderAccept
1785419628532,false,1785419628559,LeaderAccept
1785419628555,true,1785419628583,LeaderAccept
1785419628579,true,1785419628607,LeaderAccept
1785419628603,false,1785419628631,LeaderAccept
1785419628627,false,1785419628655,LeaderAccept
1785419628652,false,1785419628679,LeaderAccept
1785419628677,false,1785419628704,LeaderAccept
1785419628702,true,1785419628729,LeaderAccept
1785419628727,true,1785419628755,LeaderAccept
1785419628753,false,1785419628781,LeaderAccept
1785419628779,false,1785419628806,LeaderAccept
1785419628805,true,1785419628833,LeaderAccept
1785419628832,false,1785419628859,LeaderAccept
1785419628859,false,1785419628886,LeaderAccept
1785419628886,true,1785419628913,LeaderAccept
1785419628913,false,1785419628940,LeaderAccept
1785419628940,true,1785419628967,LeaderAccept
1785419628969,true,1785419628997,LeaderAccept
1785419628998,false,1785419629025,LeaderAccept
1785419629027,true,1785419629054,LeaderAccept
1785419629056,true,1785419629083,LeaderAccept
1785419629086,true,1785419629113,LeaderAccept
1785419629116,false,1785419629144,LeaderAccept
1785419629147,false,1785419629175,LeaderAccept
1785419629178,true,1785419629205,LeaderAccept
1785419629210,false,1785419629237,LeaderAccept
1785419629242,false,1785419629270,LeaderAccept
1785419629275,false,1785419629303,LeaderAccept
1785419629309,false,1785419629337,LeaderAccept
1785419629343,false,1785419629371,LeaderAccept
1785419629378,false,1785419629406,LeaderAccept
1785419629413,true,1785419629441,LeaderAccept
1785419629448,true,1785419629475,LeaderAccept
1785419629483,true,1785419629511,LeaderAccept
1785419629520,false,1785419629547,LeaderAccept
1785419629557,true,1785419629585,LeaderAccept
1785419629595,true,1785419629622,LeaderAccept
1785419629634,true,1785419629661,LeaderAccept
1785419629673,false,1785419629701,LeaderAccept
1785419629714,false,1785419629742,LeaderAccept
1785419629755,false,1785419629783,LeaderAccept
1785419629797,false,1785419629825,LeaderAccept
1785419629840,true,1785419629867,LeaderAccept
1785419629882,false,1785419629910,LeaderAccept
1785419629927,true,1785419629955,LeaderAccept
1785419629973,true,1785419630001,LeaderAccept
1785419630020,true,1785419630048,LeaderAccept
1785419630068,true,1785419630095,LeaderAccept
1785419630116,true,1785419630143,LeaderAccept
1785419630166,true,1785419630194,LeaderAccept
1785419630217,false,1785419630244,LeaderAccept
1785419630268,false,1785419630296,LeaderAccept
1785419630322,false,1785419630350,LeaderAccept
1785419630377,true,1785419630405,LeaderAccept
1785419630434,false,1785419630461,LeaderAccept
1785419630492,false,1785419630519,LeaderAccept
1785419630552,true,1785419630579,LeaderAccept
1785419630612,true,1785419630640,LeaderAccept
1785419630676,true,1785419630704,LeaderAccept
1785419630742,false,1785419630769,LeaderAccept
1785419630810,false,1785419630838,LeaderAccept
1785419630880,false,1785419630908,LeaderAccept
1785419630953,false,1785419630981,LeaderAccept
1785419631029,false,1785419631057,LeaderAccept
1785419631107,false,1785419631135,LeaderAccept
1785419631188,false,1785419631216,LeaderAccept
1785419631272,false,1785419631300,LeaderAccept
1785419631360,true,1785419631388,LeaderAccept
1785419631452,false,1785419631479,LeaderAccept
1785419631548,true,1785419631575,LeaderAccept
1785419631649,true,1785419631676,LeaderAccept
1785419631755,true,1785419631782,LeaderAccept
1785419631866,true,1785419631893,LeaderAccept
1785419631984,false,1785419632011,LeaderAccept
1785419632109,true,1785419632137,LeaderAccept
1785419632242,true,1785419632270,LeaderAccept
1785419632385,false,1785419632413,LeaderAccept
1785419632537,true,1785419632565,LeaderAccept
1785419632702,false,1785419632730,LeaderAccept
1785419632881,true,1785419632909,LeaderAccept
1785419633077,false,1785419633104,LeaderAccept
1785419633292,true,1785419633320,LeaderAccept
1785419633531,false,1785419633559,LeaderAccept
1785419633801,true,1785419633828,LeaderAccept
1785419634109,true,1785419634137,LeaderAccept
1785419634468,true,1785419634496,LeaderAccept
1785419634899,true,1785419634927,LeaderAccept
1785419635432,true,1785419635459,LeaderAccept
1785419636127,false,1785419636155,LeaderAccept
1785419637112,true,1785419637140,LeaderAccept
1785419638722,true,1785419638750,LeaderAccept
1785419642321,false,1785419642349,LeaderAccept
1785419646320,true,1785419646348,LeaderAccept
1785419646353,false,1785419646381,LeaderAccept
1785419646386,true,1785419646414,LeaderAccept
1785419646420,true,1785419646448,LeaderAccept
1785419646455,false,1785419646483,LeaderAccept
1785419646490,false,1785419646517,LeaderAccept
1785419646525,true,1785419646553,LeaderAccept
1785419646562,false,1785419646590,LeaderAccept
1785419646599,false,1785419646626,LeaderAccept
1785419646637,true,1785419646665,LeaderAccept
1785419646675,true,1785419646702,LeaderAccept
1785419646714,false,1785419646742,LeaderAccept
1785419646754,true,1785419646782,LeaderAccept
1785419646794,false,1785419646822,LeaderAccept
1785419646835,true,1785419646863,LeaderAccept
1785419646877,false,1785419646904,LeaderAccept
1785419646920,true,1785419646947,LeaderAccept
1785419646964,false,1785419646992,LeaderAccept
1785419647009,true,1785419647037,LeaderAccept
1785419647055,false,1785419647083,LeaderAccept
1785419647102,true,1785419647130,LeaderAccept
1785419647150,false,1785419647178,LeaderAccept
1785419647199,false,1785419647227,LeaderAccept
1785419647250,false,1785419647278,LeaderAccept
1785419647302,true,1785419647330,LeaderAccept
1785419647355,false,1785419647383,LeaderAccept
1785419647409,false,1785419647437,LeaderAccept
1785419647465,true,1785419647493,LeaderAccept
1785419647522,false,1785419647549,LeaderAccept
1785419647580,false,1785419647607,LeaderAccept
1785419647640,true,1785419647667,LeaderAccept
1785419647702,false,1785419647729,LeaderAccept
1785419647766,true,1785419647793,LeaderAccept
1785419647832,true,1785419647860,LeaderAccept
1785419647900,false,1785419647928,LeaderAccept
1785419647971,false,1785419647999,LeaderAccept
1785419648044,true,1785419648072,LeaderAccept
1785419648120,false,1785419648147,LeaderAccept
1785419648198,false,1785419648226,LeaderAccept
1785419648280,false,1785419648308,LeaderAccept
1785419648365,true,1785419648393,LeaderAccept
1785419648454,false,1785419648482,LeaderAccept
1785419648547,false,1785419648575,LeaderAccept
1785419648644,false,1785419648672,LeaderAccept
1785419648746,false,1785419648773,LeaderAccept
1785419648853,true,1785419648881,LeaderAccept
1785419648966,true,1785419648994,LeaderAccept
1785419649086,false,1785419649113,LeaderAccept
1785419649213,false,1785419649240,LeaderAccept
1785419649348,false,1785419649376,LeaderAccept
1785419649493,true,1785419649521,LeaderAccept
1785419649649,true,1785419649677,LeaderAccept
1785419649818,true,1785419649845,LeaderAccept
1785419650001,false,1785419650029,LeaderAccept
1785419650201,true,1785419650229,LeaderAccept
1785419650422,false,1785419650449,LeaderAccept
1785419650668,true,1785419650695,LeaderAccept
1785419650947,true,1785419650975,LeaderAccept
1785419651267,true,1785419651295,LeaderAccept
1785419651642,true,1785419651670,LeaderAccept
1785419652094,true,1785419652122,LeaderAccept
1785419652662,true,1785419652690,LeaderAccept
1785419653416,true,1785419653444,LeaderAccept
1785419654514,true,1785419654542,LeaderAccept
1785419656415,false,1785419656443,LeaderAccept
1785419661332,false,1785419661360,LeaderAccept
1785419680835,true,1785419680863,LeaderAccept
1785419680856,true,1785419680883,LeaderAccept
1785419680877,true,1785419680905,LeaderAccept
1785419680899,false,1785419680926,LeaderAccept
1785419680921,false,1785419680948,LeaderAccept
1785419680942,false,1785419680969,LeaderAccept
1785419680965,true,1785419680993,LeaderAccept
1785419680987,true,1785419681014,LeaderAccept
1785419681010,false,1785419681037,LeaderAccept
1785419681033,false,1785419681061,LeaderAccept
1785419681057,true,1785419681085,LeaderAccept
1785419681081,true,1785419681109,LeaderAccept
1785419681105,false,1785419681133,LeaderAccept
1785419681129,true,1785419681156,LeaderAccept
1785419681153,false,1785419681180,LeaderAccept
1785419681178,true,1785419681206,LeaderAccept
1785419681203,true,1785419681231,LeaderAccept
1785419681229,false,1785419681256,LeaderAccept
1785419681255,false,1785419681283,LeaderAccept
1785419681281,false,1785419681308,LeaderAccept
1785419681307,true,1785419681334,LeaderAccept
1785419681333,true,1785419681361,LeaderAccept
1785419681360,false,1785419681388,LeaderAccept
1785419681388,false,1785419681415,LeaderAccept
1785419681416,false,1785419681444,LeaderAccept
1785419681444,true,1785419681471,LeaderAccept
1785419681472,false,1785419681500,LeaderAccept
1785419681501,true,1785419681529,LeaderAccept
1785419681531,true,1785419681559,LeaderAccept
1785419681561,true,1785419681588,LeaderAccept
1785419681590,true,1785419681618,LeaderAccept
1785419681621,false,1785419681649,LeaderAccept
1785419681652,true,1785419681680,LeaderAccept
1785419681683,false,1785419681711,LeaderAccept
1785419681715,false,1785419681742,LeaderAccept
1785419681747,false,1785419681774,LeaderAccept
1785419681780,true,1785419681807,LeaderAccept
1785419681813,true,1785419681840,LeaderAccept
1785419681846,false,1785419681874,LeaderAccept
1785419681881,true,1785419681908,LeaderAccept
1785419681915,false,1785419681943,LeaderAccept
1785419681951,false,1785419681979,LeaderAccept
1785419681988,true,1785419682016,LeaderAccept
1785419682025,true,1785419682053,LeaderAccept
1785419682063,true,1785419682091,LeaderAccept
1785419682102,true,1785419682129,LeaderAccept
1785419682141,true,1785419682169,LeaderAccept
1785419682181,false,1785419682209,LeaderAccept
1785419682222,true,1785419682249,LeaderAccept
1785419682263,true,1785419682291,LeaderAccept
1785419682306,false,1785419682334,LeaderAccept
1785419682349,false,1785419682377,LeaderAccept
1785419682393,true,1785419682420,LeaderAccept
1785419682438,false,1785419682465,LeaderAccept
1785419682484,true,1785419682512,LeaderAccept
1785419682531,true,1785419682559,LeaderAccept
1785419682579,true,1785419682607,LeaderAccept
1785419682629,true,1785419682656,LeaderAccept
1785419682679,false,1785419682707,LeaderAccept
1785419682730,true,1785419682758,LeaderAccept
1785419682783,true,1785419682810,LeaderAccept
1785419682837,false,1785419682865,LeaderAccept
1785419682893,false,1785419682921,LeaderAccept
1785419682950,true,1785419682978,LeaderAccept
1785419683009,false,1785419683037,LeaderAccept
1785419683070,true,1785419683097,LeaderAccept
1785419683132,true,1785419683159,LeaderAccept
1785419683196,false,1785419683223,LeaderAccept
1785419683262,false,1785419683290,LeaderAccept
1785419683330,false,1785419683358,LeaderAccept
1785419683401,true,1785419683428,LeaderAccept
1785419683474,true,1785419683502,LeaderAccept
1785419683550,false,1785419683578,LeaderAccept
1785419683629,true,1785419683657,LeaderAccept
1785419683711,true,1785419683739,LeaderAccept
1785419683797,false,1785419683825,LeaderAccept
1785419683886,false,1785419683914,LeaderAccept
1785419683979,true,1785419684007,LeaderAccept
1785419684077,false,1785419684105,LeaderAccept
1785419684180,false,1785419684208,LeaderAccept
1785419684288,false,1785419684316,LeaderAccept
1785419684402,false,1785419684430,LeaderAccept
1785419684523,true,1785419684550,LeaderAccept
1785419684650,false,1785419684677,LeaderAccept
1785419684786,true,1785419684813,LeaderAccept
1785419684931,true,1785419684959,LeaderAccept
1785419685087,true,1785419685114,LeaderAccept
1785419685256,true,1785419685284,LeaderAccept
1785419685440,true,1785419685468,LeaderAccept
1785419685641,true,1785419685669,LeaderAccept
1785419685863,false,1785419685891,LeaderAccept
1785419686112,false,1785419686140,LeaderAccept
1785419686393,false,1785419686421,LeaderAccept
1785419686717,false,1785419686744,LeaderAccept
1785419687097,true,1785419687125,LeaderAccept
1785419687557,false,1785419687585,LeaderAccept
1785419688135,false,1785419688162,LeaderAccept
1785419688906,true,1785419688933,LeaderAccept
1785419690039,false,1785419690067,LeaderAccept
1785419692035,false,,
1785419697449,true,1785419697477,LeaderAccept
1785419720405,false,,
1785419720421,false,,
1785419720437,false,,
1785419720453,false,1785419720491,LeaderAccept
1785419720469,true,1785419720496,LeaderAccept
1785419720485,false,1785419720513,LeaderAccept
1785419720501,true,1785419720528,LeaderAccept
1785419720518,false,1785419720545,LeaderAccept
1785419720533,true,1785419720561,LeaderAccept
1785419720550,true,1785419720578,LeaderAccept
1785419720567,false,1785419720594,LeaderAccept
1785419720584,true,1785419720612,LeaderAccept
1785419720601,false,1785419720628,LeaderAccept
1785419720618,false,1785419720645,LeaderAccept
1785419720635,true,1785419720663,LeaderAccept
1785419720653,false,1785419720681,LeaderAccept
1785419720671,true,1785419720698,LeaderAccept
1785419720689,false,1785419720716,LeaderAccept
1785419720707,false,1785419720734,LeaderAccept
1785419720725,false,1785419720752,LeaderAccept
1785419720743,true,1785419720770,LeaderAccept
1785419720762,false,1785419720789,LeaderAccept
1785419720780,false,1785419720807,LeaderAccept
1785419720799,false,1785419720827,LeaderAccept
1785419720818,false,1785419720846,LeaderAccept
1785419720837,false,1785419720864,LeaderAccept
1785419720856,true,1785419720883,LeaderAccept
1785419720875,false,1785419720902,LeaderAccept
1785419720894,true,1785419720922,LeaderAccept
1785419720913,true,1785419720941,LeaderAccept
1785419720933,true,1785419720960,LeaderAccept
1785419720953,true,1785419720981,LeaderAccept
1785419720973,false,1785419721000,LeaderAccept
1785419720993,false,1785419721020,LeaderAccept
1785419721013,false,1785419721041,LeaderAccept
1785419721034,true,1785419721062,LeaderAccept
1785419721055,true,1785419721082,LeaderAccept
1785419721076,false,1785419721103,LeaderAccept
1785419721097,true,1785419721125,LeaderAccept
1785419721119,true,1785419721146,LeaderAccept
1785419721141,true,1785419721169,LeaderAccept
1785419721162,false,1785419721190,LeaderAccept
1785419721185,false,1785419721212,LeaderAccept
1785419721208,true,1785419721235,LeaderAccept
1785419721231,false,1785419721259,LeaderAccept
1785419721254,false,1785419721282,LeaderAccept
1785419721278,true,1785419721305,LeaderAccept
1785419721301,false,1785419721328,LeaderAccept
1785419721324,true,1785419721352,LeaderAccept
1785419721349,true,1785419721377,LeaderAccept
1785419721374,true,1785419721402,LeaderAccept
1785419721399,true,1785419721427,LeaderAccept
1785419721424,false,1785419721451,LeaderAccept
1785419721449,false,1785419721476,LeaderAccept
1785419721474,false,1785419721502,LeaderAccept
1785419721500,true,1785419721528,LeaderAccept
1785419721527,false,1785419721555,LeaderAccept
1785419721554,true,1785419721581,LeaderAccept
1785419721581,false,1785419721608,LeaderAccept
1785419721608,false,1785419721635,LeaderAccept
1785419721634,false,1785419721662,LeaderAccept
1785419721662,false,1785419721689,LeaderAccept
1785419721691,true,1785419721719,LeaderAccept
1785419721720,true,1785419721748,LeaderAccept
1785419721749,false,1785419721776,LeaderAccept
1785419721778,false,1785419721806,LeaderAccept
1785419721808,false,1785419721835,LeaderAccept
1785419721838,true,1785419721865,LeaderAccept
1785419721869,true,1785419721897,LeaderAccept
1785419721901,true,1785419721928,LeaderAccept
1785419721933,false,1785419721960,LeaderAccept
1785419721965,false,1785419721992,LeaderAccept
1785419721998,true,1785419722026,LeaderAccept
1785419722032,false,1785419722059,LeaderAccept
1785419722066,true,1785419722094,LeaderAccept
1785419722101,false,1785419722128,LeaderAccept
1785419722136,true,1785419722163,LeaderAccept
1785419722171,true,1785419722199,LeaderAccept
1785419722208,true,1785419722236,LeaderAccept
1785419722245,true,1785419722272,LeaderAccept
1785419722282,true,1785419722309,LeaderAccept
1785419722320,true,1785419722347,LeaderAccept
1785419722359,false,1785419722386,LeaderAccept
1785419722399,false,1785419722426,LeaderAccept
1785419722440,true,1785419722467,LeaderAccept
1785419722481,false,1785419722508,LeaderAccept
1785419722523,true,1785419722551,LeaderAccept
1785419722566,false,1785419722594,LeaderAccept
1785419722610,true,1785419722637,LeaderAccept
1785419722655,true,1785419722683,LeaderAccept
1785419722701,false,1785419722729,LeaderAccept
1785419722748,false,1785419722776,LeaderAccept
1785419722796,true,1785419722823,LeaderAccept
1785419722845,true,1785419722873,LeaderAccept
1785419722895,true,1785419722922,LeaderAccept
1785419722946,true,1785419722974,LeaderAccept
1785419722998,false,1785419723026,LeaderAccept
1785419723053,true,1785419723081,LeaderAccept
1785419723109,false,1785419723137,LeaderAccept
1785419723166,false,1785419723194,LeaderAccept
1785419723225,true,1785419723253,LeaderAccept
1785419723286,true,1785419723313,LeaderAccept
1785419723349,true,1785419723376,LeaderAccept
1785419723413,false,1785419723441,LeaderAccept
1785419723480,true,1785419723508,LeaderAccept
1785419723549,true,1785419723577,LeaderAccept
1785419723620,false,1785419723648,LeaderAccept
1785419723694,false,1785419723721,LeaderAccept
1785419723770,false,1785419723797,LeaderAccept
1785419723849,false,1785419723877,LeaderAccept
1785419723932,false,1785419723959,LeaderAccept
1785419724018,true,1785419724046,LeaderAccept
1785419724107,true,1785419724135,LeaderAccept
1785419724201,true,1785419724229,LeaderAccept
1785419724299,false,1785419724327,LeaderAccept
1785419724402,true,1785419724429,LeaderAccept
1785419724509,false,1785419724537,LeaderAccept
1785419724624,true,1785419724651,LeaderAccept
1785419724744,false,1785419724771,LeaderAccept
1785419724872,true,1785419724899,LeaderAccept
1785419725008,true,1785419725035,LeaderAccept
1785419725154,false,1785419725181,LeaderAccept
1785419725311,false,1785419725338,LeaderAccept
1785419725480,false,1785419725508,LeaderAccept
1785419725664,true,1785419725692,LeaderAccept
1785419725866,true,1785419725894,LeaderAccept
1785419726090,false,1785419726118,LeaderAccept
1785419726340,false,1785419726368,LeaderAccept
1785419726623,true,1785419726651,LeaderAccept
1785419726949,false,1785419726976,LeaderAccept
1785419727332,true,1785419727359,LeaderAccept
1785419727796,false,1785419727824,LeaderAccept
1785419728381,true,1785419728408,LeaderAccept
1785419729164,false,1785419729191,LeaderAccept
1785419730320,true,1785419730348,LeaderAccept
1785419732381,true,1785419732409,LeaderAccept
1785419738154,true,1785419738181,LeaderAccept
1785419770046,false,1785419770074,LeaderAccept
1785419770061,true,1785419770089,LeaderAccept
1785419770077,false,1785419770105,LeaderAccept
1785419770093,false,1785419770121,LeaderAccept
1785419770109,false,1785419770137,LeaderAccept
1785419770125,false,1785419770152,LeaderAccept
1785419770141,true,1785419770168,LeaderAccept
1785419770157,false,1785419770184,LeaderAccept
1785419770173,true,1785419770200,LeaderAccept
1785419770188,true,1785419770216,LeaderAccept
1785419770205,false,1785419770233,LeaderAccept
1785419770222,false,1785419770249,LeaderAccept
1785419770238,false,1785419770265,LeaderAccept
1785419770255,false,1785419770283,LeaderAccept
1785419770271,false,1785419770299,LeaderAccept
1785419770289,false,1785419770316,LeaderAccept
1785419770305,true,1785419770333,LeaderAccept
1785419770323,false,1785419770351,LeaderAccept
1785419770341,false,1785419770369,LeaderAccept
1785419770359,false,1785419770387,LeaderAccept
1785419770377,false,1785419770404,LeaderAccept
1785419770395,false,1785419770423,LeaderAccept
1785419770413,false,1785419770441,LeaderAccept
1785419770432,false,1785419770460,LeaderAccept
1785419770450,true,1785419770478,LeaderAccept
1785419770469,false,1785419770496,LeaderAccept
1785419770488,true,1785419770516,LeaderAccept
1785419770507,true,1785419770535,LeaderAccept
1785419770526,true,1785419770553,LeaderAccept
1785419770545,true,1785419770573,LeaderAccept
1785419770564,false,1785419770591,LeaderAccept
1785419770583,true,1785419770611,LeaderAccept
1785419770602,false,1785419770630,LeaderAccept
1785419770622,false,1785419770650,LeaderAccept
1785419770642,true,1785419770670,LeaderAccept
1785419770663,false,1785419770691,LeaderAccept
1785419770684,false,1785419770712,LeaderAccept
1785419770705,true,1785419770733,LeaderAccept
1785419770726,true,1785419770754,LeaderAccept
1785419770747,true,1785419770775,LeaderAccept
1785419770769,true,1785419770796,LeaderAccept
1785419770791,false,1785419770819,LeaderAccept
1785419770812,true,1785419770840,LeaderAccept
1785419770834,true,1785419770862,LeaderAccept
1785419770856,false,1785419770884,LeaderAccept
1785419770879,true,1785419770907,LeaderAccept
1785419770902,false,1785419770929,LeaderAccept
1785419770925,true,1785419770953,LeaderAccept
1785419770948,true,1785419770975,LeaderAccept
1785419770971,false,1785419770998,LeaderAccept
1785419770995,true,1785419771023,LeaderAccept
1785419771019,false,1785419771046,LeaderAccept
1785419771043,false,1785419771070,LeaderAccept
1785419771067,false,1785419771095,LeaderAccept
1785419771092,false,1785419771120,LeaderAccept
1785419771117,false,1785419771145,LeaderAccept
1785419771142,false,1785419771170,LeaderAccept
1785419771168,true,1785419771196,LeaderAccept
1785419771194,true,1785419771222,LeaderAccept
1785419771220,true,1785419771247,LeaderAccept
1785419771247,false,1785419771275,LeaderAccept
1785419771274,false,1785419771301,LeaderAccept
1785419771301,true,1785419771329,LeaderAccept
1785419771329,false,1785419771356,LeaderAccept
1785419771357,true,1785419771385,LeaderAccept
1785419771386,false,1785419771414,LeaderAccept
1785419771415,true,1785419771442,LeaderAccept
1785419771443,false,1785419771471,LeaderAccept
1785419771473,true,1785419771501,LeaderAccept
1785419771503,true,1785419771531,LeaderAccept
1785419771534,false,1785419771562,LeaderAccept
1785419771565,true,1785419771592,LeaderAccept
1785419771596,false,1785419771624,LeaderAccept
1785419771628,false,1785419771656,LeaderAccept
1785419771661,true,1785419771689,LeaderAccept
1785419771694,false,1785419771721,LeaderAccept
1785419771728,true,1785419771756,LeaderAccept
1785419771762,true,1785419771790,LeaderAccept
1785419771797,false,1785419771825,LeaderAccept
1785419771832,false,1785419771860,LeaderAccept
1785419771868,false,1785419771896,LeaderAccept
1785419771904,true,1785419771932,LeaderAccept
1785419771941,true,1785419771969,LeaderAccept
1785419771979,false,1785419772007,LeaderAccept
1785419772018,false,1785419772046,LeaderAccept
1785419772057,false,1785419772085,LeaderAccept
1785419772097,true,1785419772125,LeaderAccept
1785419772138,false,1785419772166,LeaderAccept
1785419772180,true,1785419772208,LeaderAccept
1785419772222,false,1785419772250,LeaderAccept
1785419772265,true,1785419772293,LeaderAccept
1785419772309,false,1785419772337,LeaderAccept
1785419772354,true,1785419772383,LeaderAccept
1785419772400,true,1785419772428,LeaderAccept
1785419772447,false,1785419772474,LeaderAccept
1785419772495,true,1785419772523,LeaderAccept
1785419772544,false,1785419772571,LeaderAccept
1785419772594,true,1785419772621,LeaderAccept
1785419772645,true,1785419772673,LeaderAccept
1785419772698,true,1785419772726,LeaderAccept
1785419772752,false,1785419772780,LeaderAccept
1785419772808,false,1785419772836,LeaderAccept
1785419772865,true,1785419772893,LeaderAccept
1785419772924,true,1785419772952,LeaderAccept
1785419772985,true,1785419773013,LeaderAccept
1785419773048,false,1785419773076,LeaderAccept
1785419773113,true,1785419773141,LeaderAccept
1785419773180,true,1785419773208,LeaderAccept
1785419773249,true,1785419773277,LeaderAccept
1785419773321,false,1785419773349,LeaderAccept
1785419773395,true,1785419773423,LeaderAccept
1785419773472,true,1785419773500,LeaderAccept
1785419773552,false,1785419773580,LeaderAccept
1785419773635,false,1785419773663,LeaderAccept
1785419773722,false,1785419773750,LeaderAccept
1785419773812,true,1785419773840,LeaderAccept
1785419773906,true,1785419773934,LeaderAccept
1785419774005,true,1785419774032,LeaderAccept
1785419774109,false,1785419774137,LeaderAccept
1785419774218,true,1785419774246,LeaderAccept
1785419774333,true,1785419774361,LeaderAccept
1785419774455,false,1785419774483,LeaderAccept
1785419774584,true,1785419774611,LeaderAccept
1785419774722,true,1785419774750,LeaderAccept
1785419774870,true,1785419774898,LeaderAccept
1785419775029,true,1785419775057,LeaderAccept
1785419775201,true,1785419775229,LeaderAccept
1785419775389,false,1785419775417,LeaderAccept
1785419775595,false,1785419775622,LeaderAccept
1785419775822,true,1785419775849,LeaderAccept
1785419776077,false,1785419776104,LeaderAccept
1785419776366,true,1785419776394,LeaderAccept
1785419776700,true,1785419776728,LeaderAccept
1785419777095,false,1785419777123,LeaderAccept
1785419777576,false,1785419777603,LeaderAccept
1785419778187,true,1785419778215,LeaderAccept
1785419779018,false,1785419779046,LeaderAccept
1785419780274,true,1785419780302,LeaderAccept
1785419782627,true,1785419782655,LeaderAccept
1785419790253,true,1785419790281,LeaderAccept
1785419801798,false,1785419801825,LeaderAccept
1785419801822,false,1785419801850,LeaderAccept
1785419801847,false,1785419801874,LeaderAccept
1785419801871,true,1785419801899,LeaderAccept
1785419801896,false,1785419801924,LeaderAccept
1785419801922,true,1785419801950,LeaderAccept
1785419801947,true,1785419801975,LeaderAccept
1785419801973,false,1785419802000,LeaderAccept
1785419801999,true,1785419802026,LeaderAccept
1785419802025,false,1785419802053,LeaderAccept
1785419802051,false,1785419802079,LeaderAccept
1785419802079,true,1785419802106,LeaderAccept
1785419802106,false,1785419802133,LeaderAccept
1785419802134,false,1785419802162,LeaderAccept
1785419802162,true,1785419802189,LeaderAccept
1785419802190,true,1785419802218,LeaderAccept
1785419802219,false,1785419802246,LeaderAccept
1785419802248,false,1785419802275,LeaderAccept
1785419802277,false,1785419802305,LeaderAccept
1785419802307,true,1785419802335,LeaderAccept
1785419802338,true,1785419802365,LeaderAccept
1785419802369,false,1785419802396,LeaderAccept
1785419802400,true,1785419802428,LeaderAccept
1785419802432,false,1785419802459,LeaderAccept
1785419802464,true,1785419802491,LeaderAccept
1785419802495,false,1785419802523,LeaderAccept
1785419802529,false,1785419802557,LeaderAccept
1785419802563,true,1785419802590,LeaderAccept
1785419802597,true,1785419802624,LeaderAccept
1785419802632,false,1785419802660,LeaderAccept
1785419802668,true,1785419802696,LeaderAccept
1785419802705,true,1785419802733,LeaderAccept
1785419802742,false,1785419802770,LeaderAccept
1785419802780,true,1785419802807,LeaderAccept
1785419802818,true,1785419802845,LeaderAccept
1785419802857,false,1785419802884,LeaderAccept
1785419802897,true,1785419802924,LeaderAccept
1785419802937,false,1785419802964,LeaderAccept
1785419802978,true,1785419803005,LeaderAccept
1785419803020,false,1785419803047,LeaderAccept
1785419803063,false,1785419803090,LeaderAccept
1785419803107,false,1785419803135,LeaderAccept
1785419803152,true,1785419803180,LeaderAccept
1785419803198,true,1785419803226,LeaderAccept
1785419803245,true,1785419803272,LeaderAccept
1785419803293,true,1785419803320,LeaderAccept
1785419803342,false,1785419803369,LeaderAccept
1785419803392,false,1785419803420,LeaderAccept
1785419803444,true,1785419803472,LeaderAccept
1785419803497,true,1785419803525,LeaderAccept
1785419803551,false,1785419803579,LeaderAccept
1785419803607,false,1785419803634,LeaderAccept
1785419803664,false,1785419803691,LeaderAccept
1785419803723,true,1785419803750,LeaderAccept
1785419803783,true,1785419803810,LeaderAccept
1785419803845,true,1785419803872,LeaderAccept
1785419803909,true,1785419803937,LeaderAccept
1785419803976,false,1785419804004,LeaderAccept
1785419804045,true,1785419804072,LeaderAccept
1785419804116,true,1785419804143,LeaderAccept
1785419804189,true,1785419804216,LeaderAccept
1785419804265,false,1785419804292,LeaderAccept
1785419804344,false,1785419804371,LeaderAccept
1785419804426,true,1785419804453,LeaderAccept
1785419804511,false,1785419804539,LeaderAccept
1785419804600,false,1785419804627,LeaderAccept
1785419804693,false,1785419804720,LeaderAccept
1785419804790,true,1785419804817,LeaderAccept
1785419804892,false,1785419804920,LeaderAccept
1785419805000,false,1785419805027,LeaderAccept
1785419805114,true,1785419805141,LeaderAccept
1785419805234,false,1785419805262,LeaderAccept
1785419805362,false,1785419805390,LeaderAccept
1785419805498,false,1785419805526,LeaderAccept
1785419805644,false,1785419805671,LeaderAccept
1785419805801,false,1785419805829,LeaderAccept
1785419805970,true,1785419805998,LeaderAccept
1785419806153,false,1785419806181,LeaderAccept
1785419806355,true,1785419806382,LeaderAccept
1785419806577,true,1785419806605,LeaderAccept
1785419806826,false,1785419806854,LeaderAccept
1785419807108,false,1785419807136,LeaderAccept
1785419807432,true,1785419807460,LeaderAccept
1785419807813,true,1785419807841,LeaderAccept
1785419808272,true,1785419808300,LeaderAccept
1785419808851,true,1785419808878,LeaderAccept
1785419809623,true,1785419809652,LeaderAccept
1785419810760,true,1785419810788,LeaderAccept
1785419812765,false,1785419812793,LeaderAccept
1785419818227,true,1785419818255,LeaderAccept
1785419833019,true,1785419833047,LeaderAccept
1785419833036,false,1785419833063,LeaderAccept
1785419833053,false,1785419833081,LeaderAccept
1785419833070,false,1785419833098,LeaderAccept
1785419833088,false,1785419833115,LeaderAccept
1785419833105,false,1785419833133,LeaderAccept
1785419833123,false,1785419833150,LeaderAccept
1785419833140,true,1785419833167,LeaderAccept
1785419833158,false,1785419833185,LeaderAccept
1785419833175,true,1785419833203,LeaderAccept
1785419833194,false,1785419833221,LeaderAccept
1785419833212,false,1785419833239,LeaderAccept
1785419833230,true,1785419833258,LeaderAccept
1785419833249,true,1785419833276,LeaderAccept
1785419833268,false,1785419833296,LeaderAccept
1785419833287,true,1785419833314,LeaderAccept
1785419833306,true,1785419833333,LeaderAccept
1785419833325,false,1785419833353,LeaderAccept
1785419833345,true,1785419833373,LeaderAccept
1785419833365,true,1785419833393,LeaderAccept
1785419833384,true,1785419833412,LeaderAccept
1785419833404,true,1785419833431,LeaderAccept
1785419833424,true,1785419833451,LeaderAccept
1785419833444,false,1785419833471,LeaderAccept
1785419833463,false,1785419833491,LeaderAccept
1785419833484,false,1785419833511,LeaderAccept
1785419833505,false,1785419833533,LeaderAccept
1785419833527,false,1785419833554,LeaderAccept
1785419833548,true,1785419833576,LeaderAccept
1785419833570,true,1785419833597,LeaderAccept
1785419833592,false,1785419833621,LeaderAccept
1785419833614,false,1785419833642,LeaderAccept
1785419833637,true,1785419833665,LeaderAccept
1785419833660,true,1785419833688,LeaderAccept
1785419833683,false,1785419833711,LeaderAccept
1785419833706,true,1785419833734,LeaderAccept
1785419833729,true,1785419833757,LeaderAccept
1785419833752,false,1785419833780,LeaderAccept
1785419833776,true,1785419833804,LeaderAccept
1785419833800,false,1785419833828,LeaderAccept
1785419833824,true,1785419833852,LeaderAccept
1785419833849,true,1785419833877,LeaderAccept
1785419833874,false,1785419833902,LeaderAccept
1785419833900,true,1785419833928,LeaderAccept
1785419833926,true,1785419833954,LeaderAccept
1785419833952,true,1785419833979,LeaderAccept
1785419833978,true,1785419834006,LeaderAccept
1785419834005,false,1785419834032,LeaderAccept
1785419834032,true,1785419834059,LeaderAccept
1785419834059,true,1785419834086,LeaderAccept
1785419834086,true,1785419834113,LeaderAccept
1785419834113,false,1785419834141,LeaderAccept
1785419834142,false,1785419834170,LeaderAccept
1785419834171,false,1785419834198,LeaderAccept
1785419834199,false,1785419834227,LeaderAccept
1785419834229,true,1785419834257,LeaderAccept
1785419834259,false,1785419834286,LeaderAccept
1785419834289,false,1785419834317,LeaderAccept
1785419834320,true,1785419834347,LeaderAccept
1785419834351,true,1785419834378,LeaderAccept
1785419834382,false,1785419834409,LeaderAccept
1785419834414,true,1785419834442,LeaderAccept
1785419834447,true,1785419834475,LeaderAccept
1785419834480,true,1785419834508,LeaderAccept
1785419834514,false,1785419834541,LeaderAccept
1785419834548,true,1785419834575,LeaderAccept
1785419834583,true,1785419834611,LeaderAccept
1785419834619,false,1785419834646,LeaderAccept
1785419834655,false,1785419834682,LeaderAccept
1785419834691,true,1785419834719,LeaderAccept
1785419834729,false,1785419834757,LeaderAccept
1785419834767,true,1785419834795,LeaderAccept
1785419834806,false,1785419834833,LeaderAccept
1785419834845,true,1785419834872,LeaderAccept
1785419834886,false,1785419834913,LeaderAccept
1785419834927,false,1785419834954,LeaderAccept
1785419834968,false,1785419834996,LeaderAccept
1785419835011,false,1785419835038,LeaderAccept
1785419835055,true,1785419835082,LeaderAccept
1785419835099,true,1785419835126,LeaderAccept
1785419835144,false,1785419835172,LeaderAccept
1785419835191,true,1785419835219,LeaderAccept
1785419835239,true,1785419835266,LeaderAccept
1785419835286,false,1785419835314,LeaderAccept
1785419835336,true,1785419835364,LeaderAccept
1785419835388,false,1785419835416,LeaderAccept
1785419835440,true,1785419835467,LeaderAccept
1785419835494,false,1785419835522,LeaderAccept
1785419835549,false,1785419835577,LeaderAccept
1785419835606,false,1785419835634,LeaderAccept
1785419835664,true,1785419835691,LeaderAccept
1785419835724,true,1785419835752,LeaderAccept
1785419835786,false,1785419835813,LeaderAccept
1785419835849,true,1785419835877,LeaderAccept
1785419835915,false,1785419835943,LeaderAccept
1785419835983,true,1785419836010,LeaderAccept
1785419836053,true,1785419836080,LeaderAccept
1785419836125,true,1785419836152,LeaderAccept
1785419836200,false,1785419836227,LeaderAccept
1785419836277,false,1785419836304,LeaderAccept
1785419836358,false,1785419836385,LeaderAccept
1785419836442,true,1785419836469,LeaderAccept
1785419836528,true,1785419836556,LeaderAccept
1785419836620,false,1785419836647,LeaderAccept
1785419836715,false,1785419836742,LeaderAccept
1785419836815,true,1785419836842,LeaderAccept
1785419836921,true,1785419836948,LeaderAccept
1785419837032,true,1785419837059,LeaderAccept
1785419837149,false,1785419837176,LeaderAccept
1785419837273,false,1785419837301,LeaderAccept
1785419837405,true,1785419837433,LeaderAccept
1785419837546,true,1785419837574,LeaderAccept
1785419837698,false,1785419837726,LeaderAccept
1785419837862,true,1785419837890,LeaderAccept
1785419838039,false,1785419838067,LeaderAccept
1785419838232,true,1785419838259,LeaderAccept
1785419838444,true,1785419838472,LeaderAccept
1785419838681,false,1785419838708,LeaderAccept
1785419838947,true,1785419838975,LeaderAccept
1785419839251,true,1785419839279,LeaderAccept
1785419839605,false,1785419839632,LeaderAccept
1785419840027,false,1785419840055,LeaderAccept
1785419840548,false,1785419840575,LeaderAccept
1785419841223,true,1785419841251,LeaderAccept
1785419842169,true,1785419842197,LeaderAccept
1785419843688,false,1785419843715,LeaderAccept
1785419846928,false,1785419846956,LeaderAccept
1785419863302,false,1785419863330,LeaderAccept
1785419888350,false,1785419888377,LeaderAccept
1785419888370,true,1785419888398,LeaderAccept
1785419888391,false,1785419888418,LeaderAccept
1785419888412,false,1785419888440,LeaderAccept
1785419888433,true,1785419888461,LeaderAccept
1785419888455,true,1785419888483,LeaderAccept
1785419888477,true,1785419888504,LeaderAccept
1785419888499,false,1785419888527,LeaderAccept
1785419888521,true,1785419888548,LeaderAccept
1785419888543,false,1785419888571,LeaderAccept
1785419888566,true,1785419888594,LeaderAccept
1785419888589,true,1785419888616,LeaderAccept
1785419888612,true,1785419888640,LeaderAccept
1785419888635,false,1785419888663,LeaderAccept
1785419888658,false,1785419888685,LeaderAccept
1785419888682,true,1785419888710,LeaderAccept
1785419888706,true,1785419888733,LeaderAccept
1785419888730,true,1785419888758,LeaderAccept
1785419888755,true,1785419888783,LeaderAccept
1785419888780,true,1785419888808,LeaderAccept
1785419888805,false,1785419888832,LeaderAccept
1785419888830,false,1785419888857,LeaderAccept
1785419888856,false,1785419888884,LeaderAccept
1785419888883,false,1785419888911,LeaderAccept
1785419888910,true,1785419888938,LeaderAccept
1785419888937,false,1785419888964,LeaderAccept
1785419888964,true,1785419888991,LeaderAccept
1785419888991,false,1785419889018,LeaderAccept
1785419889018,false,1785419889046,LeaderAccept
1785419889047,false,1785419889075,LeaderAccept
1785419889076,true,1785419889104,LeaderAccept
1785419889105,true,1785419889132,LeaderAccept
1785419889134,false,1785419889161,LeaderAccept
1785419889164,false,1785419889192,LeaderAccept
1785419889195,true,1785419889223,LeaderAccept
1785419889226,true,1785419889254,LeaderAccept
1785419889257,false,1785419889284,LeaderAccept
1785419889289,true,1785419889317,LeaderAccept
1785419889322,true,1785419889350,LeaderAccept
1785419889355,true,1785419889383,LeaderAccept
1785419889388,false,1785419889415,LeaderAccept
1785419889422,true,1785419889449,LeaderAccept
1785419889456,true,1785419889483,LeaderAccept
1785419889491,true,1785419889519,LeaderAccept
1785419889526,true,1785419889554,LeaderAccept
1785419889562,false,1785419889590,LeaderAccept
1785419889599,true,1785419889627,LeaderAccept
1785419889636,true,1785419889664,LeaderAccept
1785419889674,false,1785419889702,LeaderAccept
1785419889713,true,1785419889741,LeaderAccept
1785419889753,true,1785419889781,LeaderAccept
1785419889793,false,1785419889821,LeaderAccept
1785419889835,false,1785419889863,LeaderAccept
1785419889877,true,1785419889905,LeaderAccept
1785419889920,true,1785419889948,LeaderAccept
1785419889964,true,1785419889992,LeaderAccept
1785419890009,true,1785419890036,LeaderAccept
1785419890055,true,1785419890082,LeaderAccept
1785419890101,false,1785419890129,LeaderAccept
1785419890149,false,1785419890177,LeaderAccept
1785419890198,true,1785419890226,LeaderAccept
1785419890248,true,1785419890276,LeaderAccept
1785419890299,false,1785419890327,LeaderAccept
1785419890352,false,1785419890380,LeaderAccept
1785419890406,true,1785419890434,LeaderAccept
1785419890462,true,1785419890489,LeaderAccept
1785419890519,false,1785419890546,LeaderAccept
1785419890577,false,1785419890605,LeaderAccept
1785419890637,true,1785419890665,LeaderAccept
1785419890699,true,1785419890727,LeaderAccept
1785419890763,true,1785419890791,LeaderAccept
1785419890829,false,1785419890857,LeaderAccept
1785419890898,false,1785419890925,LeaderAccept
1785419890968,false,1785419890995,LeaderAccept
1785419891041,false,1785419891069,LeaderAccept
1785419891117,false,1785419891144,LeaderAccept
1785419891196,false,1785419891224,LeaderAccept
1785419891277,true,1785419891305,LeaderAccept
1785419891362,true,1785419891390,LeaderAccept
1785419891451,false,1785419891479,LeaderAccept
1785419891544,true,1785419891572,LeaderAccept
1785419891641,true,1785419891670,LeaderAccept
1785419891743,true,1785419891771,LeaderAccept
1785419891850,false,1785419891878,LeaderAccept
1785419891963,true,1785419891991,LeaderAccept
1785419892083,false,1785419892112,LeaderAccept
1785419892210,false,1785419892238,LeaderAccept
1785419892345,true,1785419892373,LeaderAccept
1785419892490,false,1785419892518,LeaderAccept
1785419892645,false,1785419892673,LeaderAccept
1785419892812,true,1785419892840,LeaderAccept
1785419892994,true,1785419893022,LeaderAccept
1785419893193,true,1785419893221,LeaderAccept
1785419893413,true,1785419893440,LeaderAccept
1785419893658,true,1785419893685,LeaderAccept
1785419893934,true,1785419893961,LeaderAccept
1785419894252,false,1785419894280,LeaderAccept
1785419894624,false,1785419894652,LeaderAccept
1785419895072,true,1785419895100,LeaderAccept
1785419895632,false,1785419895660,LeaderAccept
1785419896373,false,1785419896401,LeaderAccept
1785419897446,true,1785419897474,LeaderAccept
1785419899279,true,1785419899307,LeaderAccept
1785419903862,false,1785419903890,LeaderAccept
1785419923531,true,1785419923558,LeaderAccept
1785419923555,true,1785419923583,LeaderAccept
1785419923580,false,1785419923607,LeaderAccept
1785419923605,true,1785419923632,LeaderAccept
1785419923631,false,1785419923659,LeaderAccept
1785419923657,false,1785419923684,LeaderAccept
1785419923682,false,1785419923709,LeaderAccept
1785419923708,true,1785419923735,LeaderAccept
1785419923734,false,1785419923761,LeaderAccept
1785419923761,true,1785419923788,LeaderAccept
1785419923788,false,1785419923815,LeaderAccept
1785419923816,false,1785419923844,LeaderAccept
1785419923844,false,1785419923871,LeaderAccept
1785419923872,true,1785419923900,LeaderAccept
1785419923901,true,1785419923928,LeaderAccept
1785419923930,true,1785419923957,LeaderAccept
1785419923959,true,1785419923986,LeaderAccept
1785419923989,false,1785419924016,LeaderAccept
1785419924020,false,1785419924047,LeaderAccept
1785419924050,false,1785419924078,LeaderAccept
1785419924082,false,1785419924109,LeaderAccept
1785419924112,true,1785419924140,LeaderAccept
1785419924145,false,1785419924173,LeaderAccept
1785419924178,true,1785419924205,LeaderAccept
1785419924211,false,1785419924238,LeaderAccept
1785419924244,false,1785419924272,LeaderAccept
1785419924279,false,1785419924307,LeaderAccept
1785419924314,false,1785419924342,LeaderAccept
1785419924350,false,1785419924377,LeaderAccept
1785419924385,false,1785419924413,LeaderAccept
1785419924422,false,1785419924450,LeaderAccept
1785419924459,true,1785419924487,LeaderAccept
1785419924498,true,1785419924526,LeaderAccept
1785419924536,true,1785419924564,LeaderAccept
1785419924575,true,1785419924602,LeaderAccept
1785419924614,true,1785419924642,LeaderAccept
1785419924656,true,1785419924684,LeaderAccept
1785419924698,true,1785419924725,LeaderAccept
1785419924741,false,1785419924768,LeaderAccept
1785419924784,false,1785419924811,LeaderAccept
1785419924827,true,1785419924855,LeaderAccept
1785419924873,false,1785419924901,LeaderAccept
1785419924920,false,1785419924947,LeaderAccept
1785419924968,false,1785419924995,LeaderAccept
1785419925016,false,1785419925044,LeaderAccept
1785419925066,false,1785419925093,LeaderAccept
1785419925117,false,1785419925144,LeaderAccept
1785419925169,true,1785419925197,LeaderAccept
1785419925223,true,1785419925251,LeaderAccept
1785419925278,false,1785419925305,LeaderAccept
1785419925335,false,1785419925362,LeaderAccept
1785419925393,true,1785419925421,LeaderAccept
1785419925454,false,1785419925482,LeaderAccept
1785419925516,true,1785419925543,LeaderAccept
1785419925580,true,1785419925607,LeaderAccept
1785419925645,true,1785419925673,LeaderAccept
1785419925713,true,1785419925740,LeaderAccept
1785419925783,false,1785419925810,LeaderAccept
1785419925856,true,1785419925883,LeaderAccept
1785419925931,false,1785419925958,LeaderAccept
1785419926008,true,1785419926036,LeaderAccept
1785419926090,false,1785419926118,LeaderAccept
1785419926175,true,1785419926203,LeaderAccept
1785419926263,true,1785419926290,LeaderAccept
1785419926355,false,1785419926382,LeaderAccept
1785419926451,true,1785419926478,LeaderAccept
1785419926552,true,1785419926579,LeaderAccept
1785419926658,true,1785419926686,LeaderAccept
1785419926770,false,1785419926798,LeaderAccept
1785419926889,false,1785419926916,LeaderAccept
1785419927015,true,1785419927042,LeaderAccept
1785419927148,true,1785419927176,LeaderAccept
1785419927290,false,1785419927317,LeaderAccept
1785419927443,true,1785419927470,LeaderAccept
1785419927608,true,1785419927635,LeaderAccept
1785419927787,false,1785419927814,LeaderAccept
1785419927983,true,1785419928010,LeaderAccept
1785419928199,false,1785419928226,LeaderAccept
1785419928439,false,1785419928467,LeaderAccept
1785419928710,true,1785419928738,LeaderAccept
1785419929020,true,1785419929048,LeaderAccept
1785419929382,true,1785419929410,LeaderAccept
1785419929816,false,1785419929844,LeaderAccept
1785419930355,false,1785419930383,LeaderAccept
1785419931059,true,1785419931086,LeaderAccept
1785419932060,false,1785419932087,LeaderAccept
1785419933710,false,1785419933738,LeaderAccept
1785419937474,false,1785419937502,LeaderAccept
1785419957343,false,1785419957371,LeaderAccept
1785419957379,false,1785419957407,LeaderAccept
1785419957416,true,1785419957444,LeaderAccept
1785419957454,false,1785419957482,LeaderAccept
1785419957492,false,1785419957519,LeaderAccept
1785419957531,false,1785419957559,LeaderAccept
1785419957570,true,1785419957597,LeaderAccept
1785419957610,false,1785419957637,LeaderAccept
1785419957651,false,1785419957679,LeaderAccept
1785419957693,false,1785419957721,LeaderAccept
1785419957736,false,1785419957764,LeaderAccept
1785419957780,true,1785419957808,LeaderAccept
1785419957825,false,1785419957852,LeaderAccept
1785419957871,false,1785419957898,LeaderAccept
1785419957918,true,1785419957945,LeaderAccept
1785419957966,true,1785419957994,LeaderAccept
1785419958015,false,1785419958043,LeaderAccept
1785419958065,true,1785419958093,LeaderAccept
1785419958117,true,1785419958145,LeaderAccept
1785419958169,true,1785419958197,LeaderAccept
1785419958223,false,1785419958251,LeaderAccept
1785419958279,false,1785419958306,LeaderAccept
1785419958336,false,1785419958363,LeaderAccept
1785419958394,false,1785419958423,LeaderAccept
1785419958455,true,1785419958483,LeaderAccept
1785419958517,true,1785419958545,LeaderAccept
1785419958582,true,1785419958609,LeaderAccept
1785419958648,false,1785419958676,LeaderAccept
1785419958716,true,1785419958744,LeaderAccept
1785419958787,false,1785419958815,LeaderAccept
1785419958860,false,1785419958888,LeaderAccept
1785419958936,false,1785419958964,LeaderAccept
1785419959016,true,1785419959043,LeaderAccept
1785419959098,true,1785419959126,LeaderAccept
1785419959183,false,1785419959211,LeaderAccept
1785419959272,true,1785419959300,LeaderAccept
1785419959365,true,1785419959393,LeaderAccept
1785419959463,false,1785419959491,LeaderAccept
1785419959565,true,1785419959593,LeaderAccept
1785419959673,false,1785419959701,LeaderAccept
1785419959787,true,1785419959815,LeaderAccept
1785419959907,true,1785419959935,LeaderAccept
1785419960034,true,1785419960062,LeaderAccept
1785419960170,false,1785419960198,LeaderAccept
1785419960316,true,1785419960344,LeaderAccept
1785419960472,true,1785419960500,LeaderAccept
1785419960640,false,1785419960669,LeaderAccept
1785419960824,false,1785419960852,LeaderAccept
1785419961025,false,1785419961053,LeaderAccept
1785419961247,false,1785419961274,LeaderAccept
1785419961495,true,1785419961523,LeaderAccept
1785419961776,true,1785419961803,LeaderAccept
1785419962099,true,1785419962126,LeaderAccept
1785419962478,true,1785419962505,LeaderAccept
1785419962936,false,1785419962963,LeaderAccept
1785419963512,false,1785419963540,LeaderAccept
1785419964280,true,1785419964307,LeaderAccept
1785419965406,true,1785419965433,LeaderAccept
1785419967382,false,1785419967409,LeaderAccept
1785419972687,true,1785419972714,LeaderAccept
1785419974942,true,1785419974970,LeaderAccept
1785419974957,false,1785419974985,LeaderAccept
1785419974972,true,1785419974999,LeaderAccept
1785419974987,false,1785419975014,LeaderAccept
1785419975002,true,1785419975029,LeaderAccept
1785419975016,false,1785419975044,LeaderAccept
1785419975032,true,1785419975060,LeaderAccept
1785419975048,true,1785419975075,LeaderAccept
1785419975064,false,1785419975091,LeaderAccept
1785419975080,false,1785419975107,LeaderAccept
1785419975096,true,1785419975123,LeaderAccept
1785419975112,true,1785419975140,LeaderAccept
1785419975129,false,1785419975156,LeaderAccept
1785419975145,false,1785419975172,LeaderAccept
1785419975161,true,1785419975189,LeaderAccept
1785419975178,true,1785419975205,LeaderAccept
1785419975194,false,1785419975222,LeaderAccept
1785419975211,true,1785419975239,LeaderAccept
1785419975228,false,1785419975256,LeaderAccept
1785419975245,false,1785419975272,LeaderAccept
1785419975262,true,1785419975289,LeaderAccept
1785419975280,true,1785419975308,LeaderAccept
1785419975298,false,1785419975325,LeaderAccept
1785419975315,true,1785419975343,LeaderAccept
1785419975333,true,1785419975360,LeaderAccept
1785419975351,true,1785419975378,LeaderAccept
1785419975369,false,1785419975396,LeaderAccept
1785419975387,true,1785419975414,LeaderAccept
1785419975405,false,1785419975433,LeaderAccept
1785419975424,true,1785419975452,LeaderAccept
1785419975443,false,1785419975471,LeaderAccept
1785419975462,true,1785419975490,LeaderAccept
1785419975481,false,1785419975509,LeaderAccept
1785419975500,true,1785419975528,LeaderAccept
1785419975519,false,1785419975546,LeaderAccept
1785419975538,true,1785419975565,LeaderAccept
1785419975558,false,1785419975586,LeaderAccept
1785419975577,false,1785419975605,LeaderAccept
1785419975598,false,1785419975626,LeaderAccept
1785419975618,true,1785419975645,LeaderAccept
1785419975639,false,1785419975666,LeaderAccept
1785419975660,true,1785419975687,LeaderAccept
1785419975681,true,1785419975709,LeaderAccept
1785419975703,false,1785419975731,LeaderAccept
1785419975725,false,1785419975753,LeaderAccept
1785419975747,true,1785419975774,LeaderAccept
1785419975769,false,1785419975797,LeaderAccept
1785419975791,false,1785419975818,LeaderAccept
1785419975813,false,1785419975840,LeaderAccept
1785419975835,false,1785419975862,LeaderAccept
1785419975856,true,1785419975884,LeaderAccept
1785419975879,true,1785419975907,LeaderAccept
1785419975903,true,1785419975930,LeaderAccept
1785419975926,false,1785419975953,LeaderAccept
1785419975950,true,1785419975977,LeaderAccept
1785419975974,true,1785419976001,LeaderAccept
1785419975997,false,1785419976025,LeaderAccept
1785419976022,false,1785419976049,LeaderAccept
1785419976046,true,1785419976074,LeaderAccept
1785419976071,true,1785419976098,LeaderAccept
1785419976096,true,1785419976124,LeaderAccept
1785419976122,true,1785419976149,LeaderAccept
1785419976148,false,1785419976175,LeaderAccept
1785419976174,true,1785419976201,LeaderAccept
1785419976200,false,1785419976227,LeaderAccept
1785419976227,true,1785419976254,LeaderAccept
1785419976254,false,1785419976282,LeaderAccept
1785419976282,false,1785419976309,LeaderAccept
1785419976310,true,1785419976337,LeaderAccept
1785419976338,true,1785419976366,LeaderAccept
1785419976367,true,1785419976395,LeaderAccept
1785419976396,true,1785419976423,LeaderAccept
1785419976426,false,1785419976454,LeaderAccept
1785419976456,true,1785419976484,LeaderAccept
1785419976487,false,1785419976515,LeaderAccept
1785419976518,false,1785419976546,LeaderAccept
1785419976550,false,1785419976578,LeaderAccept
1785419976582,true,1785419976609,LeaderAccept
1785419976614,true,1785419976642,LeaderAccept
1785419976647,true,1785419976674,LeaderAccept
1785419976679,true,1785419976707,LeaderAccept
1785419976713,false,1785419976741,LeaderAccept
1785419976748,false,1785419976776,LeaderAccept
1785419976783,true,1785419976810,LeaderAccept
1785419976818,false,1785419976846,LeaderAccept
1785419976855,false,1785419976883,LeaderAccept
1785419976892,true,1785419976919,LeaderAccept
1785419976930,true,1785419976957,LeaderAccept
1785419976968,true,1785419976996,LeaderAccept
1785419977007,true,1785419977035,LeaderAccept
1785419977047,false,1785419977074,LeaderAccept
1785419977087,false,1785419977114,LeaderAccept
1785419977128,false,1785419977156,LeaderAccept
1785419977171,true,1785419977198,LeaderAccept
1785419977214,false,1785419977241,LeaderAccept
1785419977258,true,1785419977286,LeaderAccept
1785419977303,true,1785419977331,LeaderAccept
1785419977349,false,1785419977377,LeaderAccept
1785419977396,true,1785419977423,LeaderAccept
1785419977444,true,1785419977472,LeaderAccept
1785419977493,true,1785419977521,LeaderAccept
1785419977544,false,1785419977571,LeaderAccept
1785419977596,true,1785419977623,LeaderAccept
1785419977649,false,1785419977677,LeaderAccept
1785419977704,true,1785419977732,LeaderAccept
1785419977760,false,1785419977788,LeaderAccept
1785419977817,true,1785419977845,LeaderAccept
1785419977876,false,1785419977904,LeaderAccept
1785419977937,true,1785419977965,LeaderAccept
1785419978000,false,1785419978028,LeaderAccept
1785419978065,false,1785419978093,LeaderAccept
1785419978132,false,1785419978159,LeaderAccept
1785419978200,false,1785419978227,LeaderAccept
1785419978271,true,1785419978298,LeaderAccept
1785419978344,false,1785419978372,LeaderAccept
1785419978421,false,1785419978449,LeaderAccept
1785419978501,false,1785419978529,LeaderAccept
1785419978584,false,1785419978612,LeaderAccept
1785419978670,true,1785419978697,LeaderAccept
1785419978760,true,1785419978788,LeaderAccept
1785419978854,false,1785419978881,LeaderAccept
1785419978952,true,1785419978979,LeaderAccept
1785419979055,false,1785419979082,LeaderAccept
1785419979163,false,1785419979191,LeaderAccept
1785419979277,false,1785419979304,LeaderAccept
1785419979398,true,1785419979425,LeaderAccept
1785419979526,true,1785419979553,LeaderAccept
1785419979662,true,1785419979689,LeaderAccept
1785419979808,false,1785419979835,LeaderAccept
1785419979965,false,1785419979992,LeaderAccept
1785419980135,true,1785419980163,LeaderAccept
1785419980320,true,1785419980348,LeaderAccept
1785419980523,false,1785419980550,LeaderAccept
1785419980747,true,1785419980774,LeaderAccept
1785419980997,false,1785419981024,LeaderAccept
1785419981281,false,1785419981308,LeaderAccept
1785419981608,true,1785419981635,LeaderAccept
1785419981993,true,1785419982021,LeaderAccept
1785419982459,true,1785419982486,LeaderAccept
1785419983047,true,1785419983075,LeaderAccept
1785419983836,true,1785419983863,LeaderAccept
1785419985006,false,1785419985033,LeaderAccept
1785419987105,true,1785419987133,LeaderAccept
1785419993102,false,1785419993130,LeaderAccept
1785420004718,true,1785420004742,LeaderAccept
1785420004738,false,1785420004761,LeaderAccept
1785420004757,false,1785420004781,LeaderAccept
1785420004777,false,1785420004801,LeaderAccept
1785420004797,false,1785420004821,LeaderAccept
1785420004818,true,1785420004842,LeaderAccept
1785420004837,true,1785420004861,LeaderAccept
1785420004858,true,1785420004881,LeaderAccept
1785420004879,false,1785420004903,LeaderAccept
1785420004900,true,1785420004924,LeaderAccept
1785420004921,true,1785420004944,LeaderAccept
1785420004942,true,1785420004966,LeaderAccept
1785420004964,false,1785420004987,LeaderAccept
1785420004985,false,1785420005008,LeaderAccept
1785420005007,true,1785420005031,LeaderAccept
1785420005030,false,1785420005053,LeaderAccept
1785420005052,false,1785420005076,LeaderAccept
1785420005075,false,1785420005098,LeaderAccept
1785420005098,true,1785420005122,LeaderAccept
1785420005121,true,1785420005145,LeaderAccept
1785420005144,false,1785420005168,LeaderAccept
1785420005168,false,1785420005191,LeaderAccept
1785420005192,true,1785420005216,LeaderAccept
1785420005215,false,1785420005239,LeaderAccept
1785420005240,false,1785420005263,LeaderAccept
1785420005264,false,1785420005288,LeaderAccept
1785420005290,false,1785420005313,LeaderAccept
1785420005315,false,1785420005338,LeaderAccept
1785420005340,true,1785420005364,LeaderAccept
1785420005366,false,1785420005389,LeaderAccept
1785420005392,true,1785420005415,LeaderAccept
1785420005418,true,1785420005441,LeaderAccept
1785420005445,false,1785420005468,LeaderAccept
1785420005472,false,1785420005496,LeaderAccept
1785420005500,true,1785420005524,LeaderAccept
1785420005528,false,1785420005552,LeaderAccept
1785420005557,true,1785420005581,LeaderAccept
1785420005585,false,1785420005609,LeaderAccept
1785420005615,false,1785420005640,LeaderAccept
1785420005645,false,1785420005668,LeaderAccept
1785420005675,false,1785420005698,LeaderAccept
1785420005705,false,1785420005729,LeaderAccept
1785420005736,true,1785420005760,LeaderAccept
1785420005767,false,1785420005790,LeaderAccept
1785420005799,false,1785420005822,LeaderAccept
1785420005831,false,1785420005855,LeaderAccept
1785420005864,true,1785420005887,LeaderAccept
1785420005896,false,1785420005920,LeaderAccept
1785420005930,true,1785420005953,LeaderAccept
1785420005964,true,1785420005987,LeaderAccept
1785420005999,true,1785420006022,LeaderAccept
1785420006034,false,1785420006057,LeaderAccept
1785420006069,true,1785420006094,LeaderAccept
1785420006106,false,1785420006130,LeaderAccept
1785420006143,true,1785420006167,LeaderAccept
1785420006181,true,1785420006204,LeaderAccept
1785420006220,false,1785420006244,LeaderAccept
1785420006260,false,1785420006283,LeaderAccept
1785420006300,false,1785420006324,LeaderAccept
1785420006341,true,1785420006365,LeaderAccept
1785420006384,false,1785420006408,LeaderAccept
1785420006427,false,1785420006451,LeaderAccept
1785420006471,true,1785420006495,LeaderAccept
1785420006516,true,1785420006540,LeaderAccept
1785420006562,true,1785420006586,LeaderAccept
1785420006609,true,1785420006633,LeaderAccept
1785420006657,false,1785420006681,LeaderAccept
1785420006706,false,1785420006729,LeaderAccept
1785420006756,false,1785420006779,LeaderAccept
1785420006807,false,1785420006830,LeaderAccept
1785420006859,true,1785420006882,LeaderAccept
1785420006913,false,1785420006936,LeaderAccept
1785420006968,false,1785420006992,LeaderAccept
1785420007025,false,1785420007048,LeaderAccept
1785420007083,false,1785420007106,LeaderAccept
1785420007143,true,1785420007167,LeaderAccept
1785420007206,true,1785420007231,LeaderAccept
1785420007270,false,1785420007293,LeaderAccept
1785420007336,true,1785420007359,LeaderAccept
1785420007403,true,1785420007427,LeaderAccept
1785420007474,false,1785420007498,LeaderAccept
1785420007547,false,1785420007570,LeaderAccept
1785420007623,true,1785420007646,LeaderAccept
1785420007700,false,1785420007724,LeaderAccept
1785420007782,true,1785420007806,LeaderAccept
1785420007867,false,1785420007890,LeaderAccept
1785420007954,false,1785420007978,LeaderAccept
1785420008047,false,1785420008071,LeaderAccept
1785420008144,true,1785420008167,LeaderAccept
1785420008246,false,1785420008269,LeaderAccept
1785420008353,true,1785420008376,LeaderAccept
1785420008465,false,1785420008488,LeaderAccept
1785420008584,true,1785420008607,LeaderAccept
1785420008710,true,1785420008733,LeaderAccept
1785420008844,true,1785420008867,LeaderAccept
1785420008987,true,1785420009010,LeaderAccept
1785420009141,false,1785420009164,LeaderAccept
1785420009308,true,1785420009332,LeaderAccept
1785420009489,true,1785420009512,LeaderAccept
1785420009687,true,1785420009711,LeaderAccept
1785420009905,true,1785420009929,LeaderAccept
1785420010149,false,1785420010172,LeaderAccept
1785420010424,false,1785420010448,LeaderAccept
1785420010739,false,1785420010763,LeaderAccept
1785420011108,false,1785420011132,LeaderAccept
1785420011552,true,1785420011575,LeaderAccept
1785420012105,true,1785420012129,LeaderAccept
1785420012835,true,1785420012858,LeaderAccept
1785420013885,false,1785420013909,LeaderAccept
1785420015658,false,1785420015681,LeaderAccept
1785420019960,true,1785420019984,LeaderAccept
1785420028211,true,1785420028235,LeaderAccept
1785420028227,false,1785420028251,LeaderAccept
1785420028245,false,1785420028269,LeaderAccept
1785420028262,true,1785420028285,LeaderAccept
1785420028279,true,1785420028302,LeaderAccept
1785420028297,true,1785420028321,LeaderAccept
1785420028315,true,1785420028339,LeaderAccept
1785420028333,false,1785420028357,LeaderAccept
1785420028351,false,1785420028374,LeaderAccept
1785420028369,true,1785420028392,LeaderAccept
1785420028387,false,1785420028411,LeaderAccept
1785420028405,false,1785420028429,LeaderAccept
1785420028424,true,1785420028448,LeaderAccept
1785420028443,false,1785420028469,LeaderAccept
1785420028462,true,1785420028486,LeaderAccept
1785420028481,false,1785420028505,LeaderAccept
1785420028500,true,1785420028524,LeaderAccept
1785420028520,true,1785420028544,LeaderAccept
1785420028540,true,1785420028564,LeaderAccept
1785420028560,true,1785420028584,LeaderAccept
1785420028580,true,1785420028604,LeaderAccept
1785420028601,false,1785420028625,LeaderAccept
1785420028622,true,1785420028645,LeaderAccept
1785420028642,false,1785420028666,LeaderAccept
1785420028663,false,1785420028686,LeaderAccept
1785420028684,false,1785420028708,LeaderAccept
1785420028705,true,1785420028728,LeaderAccept
1785420028726,true,1785420028750,LeaderAccept
1785420028748,false,1785420028772,LeaderAccept
1785420028770,false,1785420028794,LeaderAccept
1785420028793,false,1785420028817,LeaderAccept
1785420028816,true,1785420028840,LeaderAccept
1785420028839,true,1785420028862,LeaderAccept
1785420028862,true,1785420028885,LeaderAccept
1785420028885,true,1785420028908,LeaderAccept
1785420028908,true,1785420028931,LeaderAccept
1785420028931,false,1785420028955,LeaderAccept
1785420028955,true,1785420028978,LeaderAccept
1785420028979,false,1785420029002,LeaderAccept
1785420029003,false,1785420029027,LeaderAccept
1785420029028,true,1785420029051,LeaderAccept
1785420029053,false,1785420029076,LeaderAccept
1785420029078,false,1785420029102,LeaderAccept
1785420029104,false,1785420029127,LeaderAccept
1785420029130,false,1785420029153,LeaderAccept
1785420029156,false,1785420029179,LeaderAccept
1785420029182,true,1785420029205,LeaderAccept
1785420029209,false,1785420029233,LeaderAccept
1785420029237,false,1785420029261,LeaderAccept
1785420029265,false,1785420029288,LeaderAccept
1785420029293,false,1785420029317,LeaderAccept
1785420029322,false,1785420029346,LeaderAccept
1785420029351,true,1785420029375,LeaderAccept
1785420029380,false,1785420029404,LeaderAccept
1785420029409,false,1785420029432,LeaderAccept
1785420029439,true,1785420029463,LeaderAccept
1785420029469,false,1785420029492,LeaderAccept
1785420029500,false,1785420029523,LeaderAccept
1785420029531,false,1785420029554,LeaderAccept
1785420029562,false,1785420029586,LeaderAccept
1785420029595,true,1785420029619,LeaderAccept
1785420029628,true,1785420029652,LeaderAccept
1785420029661,true,1785420029685,LeaderAccept
1785420029695,true,1785420029719,LeaderAccept
1785420029729,false,1785420029753,LeaderAccept
1785420029764,false,1785420029788,LeaderAccept
1785420029799,true,1785420029822,LeaderAccept
1785420029835,true,1785420029858,LeaderAccept
1785420029871,false,1785420029894,LeaderAccept
1785420029908,true,1785420029931,LeaderAccept
1785420029946,false,1785420029969,LeaderAccept
1785420029984,true,1785420030008,LeaderAccept
1785420030024,true,1785420030048,LeaderAccept
1785420030064,true,1785420030088,LeaderAccept
1785420030105,false,1785420030128,LeaderAccept
1785420030146,false,1785420030170,LeaderAccept
1785420030189,false,1785420030213,LeaderAccept
1785420030233,false,1785420030256,LeaderAccept
1785420030277,true,1785420030301,LeaderAccept
1785420030322,true,1785420030345,LeaderAccept
1785420030368,true,1785420030392,LeaderAccept
1785420030415,false,1785420030439,LeaderAccept
1785420030464,false,1785420030488,LeaderAccept
1785420030514,true,1785420030537,LeaderAccept
1785420030565,false,1785420030588,LeaderAccept
1785420030617,false,1785420030640,LeaderAccept
1785420030670,true,1785420030694,LeaderAccept
1785420030724,false,1785420030748,LeaderAccept
1785420030781,true,1785420030805,LeaderAccept
1785420030839,true,1785420030863,LeaderAccept
1785420030899,false,1785420030922,LeaderAccept
1785420030961,false,1785420030984,LeaderAccept
1785420031024,false,1785420031048,LeaderAccept
1785420031090,true,1785420031114,LeaderAccept
1785420031158,true,1785420031182,LeaderAccept
1785420031228,true,1785420031251,LeaderAccept
1785420031300,false,1785420031323,LeaderAccept
1785420031375,false,1785420031398,LeaderAccept
1785420031453,false,1785420031476,LeaderAccept
1785420031534,true,1785420031558,LeaderAccept
1785420031618,true,1785420031642,LeaderAccept
1785420031706,true,1785420031730,LeaderAccept
1785420031798,false,1785420031822,LeaderAccept
1785420031894,true,1785420031917,LeaderAccept
1785420031994,false,1785420032017,LeaderAccept
1785420032099,false,1785420032123,LeaderAccept
1785420032210,true,1785420032234,LeaderAccept
1785420032328,true,1785420032352,LeaderAccept
1785420032453,true,1785420032476,LeaderAccept
1785420032585,false,1785420032608,LeaderAccept
1785420032726,false,1785420032750,LeaderAccept
1785420032878,false,1785420032902,LeaderAccept
1785420033042,true,1785420033066,LeaderAccept
1785420033219,false,1785420033243,LeaderAccept
1785420033413,false,1785420033437,LeaderAccept
1785420033626,false,1785420033650,LeaderAccept
1785420033864,true,1785420033887,LeaderAccept
1785420034131,true,1785420034155,LeaderAccept
1785420034436,false,1785420034459,LeaderAccept
1785420034791,false,1785420034815,LeaderAccept
1785420035215,false,1785420035239,LeaderAccept
1785420035739,false,1785420035763,LeaderAccept
1785420036420,true,1785420036444,LeaderAccept
1785420037376,true,1785420037400,LeaderAccept
1785420038918,true,1785420038942,LeaderAccept
1785420042251,true,1785420042275,LeaderAccept
1785420059883,false,1785420059907,LeaderAccept
1785420076492,true,1785420076516,LeaderAccept
1785420076531,false,1785420076555,LeaderAccept
1785420076571,false,1785420076595,LeaderAccept
1785420076611,true,1785420076635,LeaderAccept
1785420076652,false,1785420076676,LeaderAccept
1785420076694,false,1785420076718,LeaderAccept
1785420076736,false,1785420076760,LeaderAccept
1785420076779,true,1785420076803,LeaderAccept
1785420076823,false,1785420076847,LeaderAccept
1785420076868,true,1785420076892,LeaderAccept
1785420076914,false,1785420076937,LeaderAccept
1785420076961,true,1785420076985,LeaderAccept
1785420077009,false,1785420077033,LeaderAccept
1785420077059,false,1785420077083,LeaderAccept
1785420077110,false,1785420077134,LeaderAccept
1785420077162,true,1785420077186,LeaderAccept
1785420077216,false,1785420077239,LeaderAccept
1785420077271,false,1785420077294,LeaderAccept
1785420077327,false,1785420077350,LeaderAccept
1785420077385,true,1785420077408,LeaderAccept
1785420077444,true,1785420077467,LeaderAccept
1785420077505,false,1785420077528,LeaderAccept
1785420077568,false,1785420077591,LeaderAccept
1785420077632,true,1785420077656,LeaderAccept
1785420077700,false,1785420077723,LeaderAccept
1785420077769,true,1785420077792,LeaderAccept
1785420077841,false,1785420077865,LeaderAccept
1785420077916,true,1785420077940,LeaderAccept
1785420077993,false,1785420078017,LeaderAccept
1785420078073,true,1785420078097,LeaderAccept
1785420078157,false,1785420078181,LeaderAccept
1785420078244,true,1785420078268,LeaderAccept
1785420078335,true,1785420078359,LeaderAccept
1785420078430,false,1785420078455,LeaderAccept
1785420078530,false,1785420078554,LeaderAccept
1785420078635,true,1785420078658,LeaderAccept
1785420078745,true,1785420078769,LeaderAccept
1785420078862,false,1785420078886,LeaderAccept
1785420078986,false,1785420079010,LeaderAccept
1785420079117,true,1785420079141,LeaderAccept
1785420079257,false,1785420079281,LeaderAccept
1785420079407,false,1785420079431,LeaderAccept
1785420079569,true,1785420079592,LeaderAccept
1785420079744,false,1785420079767,LeaderAccept
1785420079935,false,1785420079958,LeaderAccept
1785420080145,false,1785420080169,LeaderAccept
1785420080378,true,1785420080402,LeaderAccept
1785420080640,false,1785420080664,LeaderAccept
1785420080939,true,1785420080963,LeaderAccept
1785420081286,false,1785420081310,LeaderAccept
1785420081697,true,1785420081721,LeaderAccept
1785420082204,true,1785420082228,LeaderAccept
1785420082856,false,1785420082880,LeaderAccept
1785420083758,true,1785420083782,LeaderAccept
1785420085173,true,1785420085197,LeaderAccept
1785420088045,true,1785420088069,LeaderAccept
1785420100111,false,1785420100135,LeaderAccept
1785420135847,true,1785420135871,LeaderAccept
1785420135863,true,1785420135887,LeaderAccept
1785420135879,true,1785420135903,LeaderAccept
1785420135895,true,1785420135918,LeaderAccept
1785420135911,false,1785420135935,LeaderAccept
1785420135928,true,1785420135951,LeaderAccept
1785420135944,false,1785420135967,LeaderAccept
1785420135961,true,1785420135985,LeaderAccept
1785420135978,true,1785420136001,LeaderAccept
1785420135995,true,1785420136019,LeaderAccept
1785420136012,true,1785420136035,LeaderAccept
1785420136029,false,1785420136052,LeaderAccept
1785420136045,true,1785420136069,LeaderAccept
1785420136063,false,1785420136086,LeaderAccept
1785420136080,true,1785420136104,LeaderAccept
1785420136098,false,1785420136122,LeaderAccept
1785420136116,false,1785420136139,LeaderAccept
1785420136134,true,1785420136157,LeaderAccept
1785420136152,true,1785420136176,LeaderAccept
1785420136171,false,1785420136194,LeaderAccept
1785420136189,true,1785420136212,LeaderAccept
1785420136207,false,1785420136231,LeaderAccept
1785420136227,true,1785420136251,LeaderAccept
1785420136247,false,1785420136271,LeaderAccept
1785420136267,true,1785420136291,LeaderAccept
1785420136287,true,1785420136310,LeaderAccept
1785420136307,false,1785420136330,LeaderAccept
1785420136327,true,1785420136351,LeaderAccept
1785420136348,false,1785420136372,LeaderAccept
1785420136369,true,1785420136392,LeaderAccept
1785420136390,true,1785420136414,LeaderAccept
1785420136411,true,1785420136434,LeaderAccept
1785420136432,true,1785420136455,LeaderAccept
1785420136453,true,1785420136477,LeaderAccept
1785420136475,false,1785420136498,LeaderAccept
1785420136496,false,1785420136520,LeaderAccept
1785420136518,false,1785420136542,LeaderAccept
1785420136541,false,1785420136564,LeaderAccept
1785420136563,false,1785420136586,LeaderAccept
1785420136586,true,1785420136609,LeaderAccept
1785420136609,true,1785420136632,LeaderAccept
1785420136632,false,1785420136655,LeaderAccept
1785420136655,true,1785420136678,LeaderAccept
1785420136679,true,1785420136702,LeaderAccept
1785420136702,false,1785420136725,LeaderAccept
1785420136727,true,1785420136750,LeaderAccept
1785420136751,true,1785420136774,LeaderAccept
1785420136776,true,1785420136800,LeaderAccept
1785420136801,true,1785420136824,LeaderAccept
1785420136826,false,1785420136850,LeaderAccept
1785420136852,false,1785420136875,LeaderAccept
1785420136878,true,1785420136901,LeaderAccept
1785420136904,false,1785420136927,LeaderAccept
1785420136930,false,1785420136954,LeaderAccept
1785420136957,false,1785420136980,LeaderAccept
1785420136984,false,1785420137007,LeaderAccept
1785420137012,false,1785420137036,LeaderAccept
1785420137040,true,1785420137064,LeaderAccept
1785420137068,false,1785420137091,LeaderAccept
1785420137096,true,1785420137119,LeaderAccept
1785420137125,false,1785420137149,LeaderAccept
1785420137155,true,1785420137180,LeaderAccept
1785420137185,false,1785420137208,LeaderAccept
1785420137215,true,1785420137238,LeaderAccept
1785420137245,true,1785420137268,LeaderAccept
1785420137276,true,1785420137299,LeaderAccept
1785420137308,true,1785420137331,LeaderAccept
1785420137340,true,1785420137364,LeaderAccept
1785420137373,true,1785420137396,LeaderAccept
1785420137406,true,1785420137429,LeaderAccept
1785420137440,false,1785420137463,LeaderAccept
1785420137474,true,1785420137497,LeaderAccept
1785420137509,true,1785420137532,LeaderAccept
1785420137544,true,1785420137568,LeaderAccept
1785420137581,true,1785420137605,LeaderAccept
1785420137618,false,1785420137641,LeaderAccept
1785420137656,false,1785420137679,LeaderAccept
1785420137694,true,1785420137718,LeaderAccept
1785420137733,true,1785420137756,LeaderAccept
1785420137773,false,1785420137796,LeaderAccept
1785420137813,false,1785420137836,LeaderAccept
1785420137854,false,1785420137878,LeaderAccept
1785420137896,true,1785420137919,LeaderAccept
1785420137939,false,1785420137963,LeaderAccept
1785420137983,false,1785420138006,LeaderAccept
1785420138028,false,1785420138051,LeaderAccept
1785420138072,false,1785420138095,LeaderAccept
1785420138118,false,1785420138141,LeaderAccept
1785420138166,false,1785420138189,LeaderAccept
1785420138214,false,1785420138237,LeaderAccept
1785420138264,false,1785420138287,LeaderAccept
1785420138314,true,1785420138338,LeaderAccept
1785420138367,false,1785420138391,LeaderAccept
1785420138421,true,1785420138445,LeaderAccept
1785420138477,false,1785420138501,LeaderAccept
1785420138534,false,1785420138558,LeaderAccept
1785420138593,true,1785420138616,LeaderAccept
1785420138653,true,1785420138677,LeaderAccept
1785420138715,false,1785420138738,LeaderAccept
1785420138779,false,1785420138802,LeaderAccept
1785420138845,false,1785420138869,LeaderAccept
1785420138913,false,1785420138936,LeaderAccept
1785420138984,true,1785420139007,LeaderAccept
1785420139057,false,1785420139081,LeaderAccept
1785420139132,false,1785420139155,LeaderAccept
1785420139210,false,1785420139233,LeaderAccept
1785420139291,false,1785420139315,LeaderAccept
1785420139376,false,1785420139400,LeaderAccept
1785420139465,true,1785420139488,LeaderAccept
1785420139557,false,1785420139580,LeaderAccept
1785420139654,false,1785420139677,LeaderAccept
1785420139755,false,1785420139778,LeaderAccept
1785420139861,false,1785420139885,LeaderAccept
1785420139973,false,1785420139997,LeaderAccept
1785420140092,true,1785420140116,LeaderAccept
1785420140218,false,1785420140242,LeaderAccept
1785420140351,false,1785420140375,LeaderAccept
1785420140495,false,1785420140518,LeaderAccept
1785420140648,true,1785420140672,LeaderAccept
1785420140814,false,1785420140838,LeaderAccept
1785420140994,false,1785420141018,LeaderAccept
1785420141191,true,1785420141214,LeaderAccept
1785420141408,false,1785420141432,LeaderAccept
1785420141650,false,1785420141674,LeaderAccept
1785420141923,false,1785420141946,LeaderAccept
1785420142235,false,1785420142259,LeaderAccept
1785420142600,false,1785420142624,LeaderAccept
1785420143039,false,1785420143063,LeaderAccept
1785420143583,true,1785420143607,LeaderAccept
1785420144299,true,1785420144323,LeaderAccept
1785420145322,false,1785420145350,LeaderAccept
1785420147027,true,1785420147054,LeaderAccept
1785420151024,false,1785420151051,LeaderAccept
1785420180508,false,1785420180536,LeaderAccept
1785420188434,true,1785420188461,LeaderAccept
1785420188458,true,1785420188486,LeaderAccept
1785420188483,false,1785420188510,LeaderAccept
1785420188507,false,1785420188535,LeaderAccept
1785420188532,false,1785420188559,LeaderAccept
1785420188557,true,1785420188585,LeaderAccept
1785420188582,false,1785420188610,LeaderAccept
1785420188608,true,1785420188635,LeaderAccept
1785420188634,true,1785420188662,LeaderAccept
1785420188661,false,1785420188688,LeaderAccept
1785420188687,false,1785420188715,LeaderAccept
1785420188714,false,1785420188742,LeaderAccept
1785420188742,false,1785420188769,LeaderAccept
1785420188769,false,1785420188796,LeaderAccept
1785420188796,true,1785420188824,LeaderAccept
1785420188825,false,1785420188853,LeaderAccept
1785420188854,true,1785420188881,LeaderAccept
1785420188883,false,1785420188911,LeaderAccept
1785420188913,true,1785420188940,LeaderAccept
1785420188943,true,1785420188971,LeaderAccept
1785420188974,true,1785420189002,LeaderAccept
1785420189005,true,1785420189032,LeaderAccept
1785420189036,true,1785420189064,LeaderAccept
1785420189068,false,1785420189096,LeaderAccept
1785420189101,false,1785420189129,LeaderAccept
1785420189134,false,1785420189161,LeaderAccept
1785420189167,true,1785420189194,LeaderAccept
1785420189201,false,1785420189229,LeaderAccept
1785420189236,false,1785420189264,LeaderAccept
1785420189271,false,1785420189299,LeaderAccept
1785420189307,false,1785420189335,LeaderAccept
1785420189344,false,1785420189372,LeaderAccept
1785420189381,true,1785420189409,LeaderAccept
1785420189419,true,1785420189446,LeaderAccept
1785420189457,true,1785420189484,LeaderAccept
1785420189496,false,1785420189524,LeaderAccept
1785420189536,true,1785420189564,LeaderAccept
1785420189577,true,1785420189605,LeaderAccept
1785420189619,true,1785420189647,LeaderAccept
1785420189661,false,1785420189688,LeaderAccept
1785420189704,false,1785420189732,LeaderAccept
1785420189748,true,1785420189776,LeaderAccept
1785420189794,false,1785420189821,LeaderAccept
1785420189840,false,1785420189868,LeaderAccept
1785420189887,true,1785420189915,LeaderAccept
1785420189935,false,1785420189964,LeaderAccept
1785420189985,false,1785420190012,LeaderAccept
1785420190035,false,1785420190063,LeaderAccept
1785420190087,false,1785420190115,LeaderAccept
1785420190140,false,1785420190168,LeaderAccept
1785420190195,true,1785420190223,LeaderAccept
1785420190251,false,1785420190279,LeaderAccept
1785420190309,false,1785420190337,LeaderAccept
1785420190368,true,1785420190396,LeaderAccept
1785420190429,true,1785420190456,LeaderAccept
1785420190491,true,1785420190519,LeaderAccept
1785420190555,false,1785420190583,LeaderAccept
1785420190622,false,1785420190650,LeaderAccept
1785420190691,true,1785420190719,LeaderAccept
1785420190762,true,1785420190789,LeaderAccept
1785420190836,false,1785420190864,LeaderAccept
1785420190912,true,1785420190940,LeaderAccept
1785420190991,false,1785420191019,LeaderAccept
1785420191073,true,1785420191101,LeaderAccept
1785420191160,true,1785420191187,LeaderAccept
1785420191250,true,1785420191278,LeaderAccept
1785420191343,false,1785420191371,LeaderAccept
1785420191442,false,1785420191470,LeaderAccept
1785420191545,true,1785420191573,LeaderAccept
1785420191654,false,1785420191682,LeaderAccept
1785420191768,true,1785420191796,LeaderAccept
1785420191890,false,1785420191917,LeaderAccept
1785420192019,false,1785420192047,LeaderAccept
1785420192156,true,1785420192184,LeaderAccept
1785420192303,true,1785420192331,LeaderAccept
1785420192461,false,1785420192489,LeaderAccept
1785420192633,false,1785420192661,LeaderAccept
1785420192819,false,1785420192847,LeaderAccept
1785420193024,true,1785420193051,LeaderAccept
1785420193250,true,1785420193277,LeaderAccept
1785420193503,true,1785420193531,LeaderAccept
1785420193790,false,1785420193818,LeaderAccept
1785420194122,false,1785420194150,LeaderAccept
1785420194513,true,1785420194540,LeaderAccept
1785420194988,false,1785420195016,LeaderAccept
1785420195590,false,1785420195617,LeaderAccept
1785420196403,true,1785420196431,LeaderAccept
1785420197622,false,1785420197650,LeaderAccept
1785420199865,false,1785420199893,LeaderAccept
1785420206749,false,1785420206776,LeaderAccept
1785420229568,false,1785420229595,LeaderAccept
1785420229586,true,1785420229614,LeaderAccept
1785420229604,false,1785420229631,LeaderAccept
1785420229622,true,1785420229650,LeaderAccept
1785420229640,false,1785420229667,LeaderAccept
1785420229658,true,1785420229686,LeaderAccept
1785420229676,false,1785420229704,LeaderAccept
1785420229695,true,1785420229723,LeaderAccept
1785420229714,true,1785420229741,LeaderAccept
1785420229733,true,1785420229760,LeaderAccept
1785420229752,false,1785420229780,LeaderAccept
1785420229772,false,1785420229800,LeaderAccept
1785420229792,true,1785420229819,LeaderAccept
1785420229812,false,1785420229839,LeaderAccept
1785420229831,true,1785420229859,LeaderAccept
1785420229851,true,1785420229879,LeaderAccept
1785420229872,false,1785420229900,LeaderAccept
1785420229893,true,1785420229921,LeaderAccept
1785420229914,false,1785420229941,LeaderAccept
1785420229935,false,1785420229963,LeaderAccept
1785420229956,true,1785420229983,LeaderAccept
1785420229977,true,1785420230005,LeaderAccept
1785420229999,true,1785420230027,LeaderAccept
1785420230021,false,1785420230048,LeaderAccept
1785420230043,false,1785420230071,LeaderAccept
1785420230065,false,1785420230093,LeaderAccept
1785420230088,false,1785420230116,LeaderAccept
1785420230111,false,1785420230139,LeaderAccept
1785420230134,false,1785420230161,LeaderAccept
1785420230157,true,1785420230184,LeaderAccept
1785420230180,true,1785420230207,LeaderAccept
1785420230203,false,1785420230230,LeaderAccept
1785420230227,true,1785420230254,LeaderAccept
1785420230251,true,1785420230279,LeaderAccept
1785420230276,false,1785420230304,LeaderAccept
1785420230301,true,1785420230329,LeaderAccept
1785420230326,true,1785420230353,LeaderAccept
1785420230351,true,1785420230378,LeaderAccept
1785420230377,false,1785420230405,LeaderAccept
1785420230403,false,1785420230431,LeaderAccept
1785420230430,false,1785420230458,LeaderAccept
1785420230457,true,1785420230484,LeaderAccept
1785420230484,true,1785420230511,LeaderAccept
1785420230511,true,1785420230538,LeaderAccept
1785420230537,false,1785420230565,LeaderAccept
1785420230565,true,1785420230592,LeaderAccept
1785420230593,true,1785420230620,LeaderAccept
1785420230622,true,1785420230649,LeaderAccept
1785420230651,true,1785420230678,LeaderAccept
1785420230680,false,1785420230708,LeaderAccept
1785420230710,false,1785420230737,LeaderAccept
1785420230739,true,1785420230767,LeaderAccept
1785420230770,true,1785420230797,LeaderAccept
1785420230801,false,1785420230829,LeaderAccept
1785420230833,false,1785420230860,LeaderAccept
1785420230865,true,1785420230892,LeaderAccept
1785420230897,true,1785420230925,LeaderAccept
1785420230931,false,1785420230958,LeaderAccept
1785420230964,true,1785420230992,LeaderAccept
1785420230999,false,1785420231027,LeaderAccept
1785420231034,false,1785420231061,LeaderAccept
1785420231070,true,1785420231098,LeaderAccept
1785420231107,false,1785420231135,LeaderAccept
1785420231144,false,1785420231171,LeaderAccept
1785420231181,true,1785420231208,LeaderAccept
1785420231219,true,1785420231247,LeaderAccept
1785420231258,true,1785420231286,LeaderAccept
1785420231298,true,1785420231326,LeaderAccept
1785420231338,true,1785420231366,LeaderAccept
1785420231379,true,1785420231406,LeaderAccept
1785420231421,false,1785420231448,LeaderAccept
1785420231463,false,1785420231491,LeaderAccept
1785420231507,true,1785420231535,LeaderAccept
1785420231552,false,1785420231580,LeaderAccept
1785420231598,false,1785420231626,LeaderAccept
1785420231645,false,1785420231673,LeaderAccept
1785420231693,false,1785420231720,LeaderAccept
1785420231742,false,1785420231770,LeaderAccept
1785420231792,true,1785420231820,LeaderAccept
1785420231844,true,1785420231872,LeaderAccept
1785420231897,false,1785420231925,LeaderAccept
1785420231951,true,1785420231979,LeaderAccept
1785420232007,false,1785420232035,LeaderAccept
1785420232064,true,1785420232091,LeaderAccept
1785420232123,false,1785420232151,LeaderAccept
1785420232184,false,1785420232212,LeaderAccept
1785420232246,true,1785420232273,LeaderAccept
1785420232310,false,1785420232337,LeaderAccept
1785420232376,false,1785420232404,LeaderAccept
1785420232445,true,1785420232473,LeaderAccept
1785420232516,true,1785420232543,LeaderAccept
1785420232589,false,1785420232616,LeaderAccept
1785420232664,true,1785420232691,LeaderAccept
1785420232742,true,1785420232770,LeaderAccept
1785420232824,false,1785420232852,LeaderAccept
1785420232909,true,1785420232937,LeaderAccept
1785420232998,false,1785420233025,LeaderAccept
1785420233090,true,1785420233117,LeaderAccept
1785420233187,true,1785420233214,LeaderAccept
1785420233288,false,1785420233315,LeaderAccept
1785420233394,true,1785420233422,LeaderAccept
1785420233506,true,1785420233534,LeaderAccept
1785420233625,false,1785420233653,LeaderAccept
1785420233752,true,1785420233780,LeaderAccept
1785420233887,false,1785420233915,LeaderAccept
1785420234031,false,1785420234058,LeaderAccept
1785420234185,true,1785420234212,LeaderAccept
1785420234351,false,1785420234378,LeaderAccept
1785420234532,false,1785420234560,LeaderAccept
1785420234730,false,1785420234757,LeaderAccept
1785420234948,true,1785420234976,LeaderAccept
1785420235191,false,1785420235219,LeaderAccept
1785420235465,false,1785420235493,LeaderAccept
1785420235780,true,1785420235807,LeaderAccept
1785420236148,true,1785420236176,LeaderAccept
1785420236591,true,1785420236618,LeaderAccept
1785420237143,true,1785420237170,LeaderAccept
1785420237869,false,1785420237897,LeaderAccept
1785420238914,false,1785420238941,LeaderAccept
1785420240674,true,1785420240702,LeaderAccept
1785420244918,true,1785420244946,LeaderAccept
1785420256702,false,1785420256730,LeaderAccept
1785420256738,true,1785420256765,LeaderAccept
1785420256774,true,1785420256801,LeaderAccept
1785420256812,true,1785420256839,LeaderAccept
1785420256850,true,1785420256877,LeaderAccept
1785420256888,false,1785420256916,LeaderAccept
1785420256928,true,1785420256955,LeaderAccept
1785420256967,false,1785420256995,LeaderAccept
1785420257008,true,1785420257035,LeaderAccept
1785420257049,false,1785420257077,LeaderAccept
1785420257092,false,1785420257120,LeaderAccept
1785420257136,false,1785420257164,LeaderAccept
1785420257180,true,1785420257207,LeaderAccept
1785420257225,true,1785420257252,LeaderAccept
1785420257271,false,1785420257298,LeaderAccept
1785420257318,false,1785420257345,LeaderAccept
1785420257366,false,1785420257394,LeaderAccept
1785420257416,true,1785420257444,LeaderAccept
1785420257467,true,1785420257495,LeaderAccept
1785420257520,true,1785420257547,LeaderAccept
1785420257572,false,1785420257600,LeaderAccept
1785420257627,false,1785420257654,LeaderAccept
1785420257683,false,1785420257710,LeaderAccept
1785420257740,false,1785420257767,LeaderAccept
1785420257800,false,1785420257827,LeaderAccept
1785420257861,false,1785420257888,LeaderAccept
1785420257924,false,1785420257952,LeaderAccept
1785420257989,false,1785420258016,LeaderAccept
1785420258056,true,1785420258083,LeaderAccept
1785420258125,true,1785420258152,LeaderAccept
1785420258197,false,1785420258224,LeaderAccept
1785420258271,false,1785420258299,LeaderAccept
1785420258348,false,1785420258375,LeaderAccept
1785420258428,true,1785420258456,LeaderAccept
1785420258511,false,1785420258538,LeaderAccept
1785420258598,true,1785420258626,LeaderAccept
1785420258689,false,1785420258717,LeaderAccept
1785420258784,true,1785420258812,LeaderAccept
1785420258884,true,1785420258911,LeaderAccept
1785420258988,true,1785420259015,LeaderAccept
1785420259098,false,1785420259125,LeaderAccept
1785420259213,false,1785420259240,LeaderAccept
1785420259336,true,1785420259363,LeaderAccept
1785420259465,true,1785420259493,LeaderAccept
1785420259605,true,1785420259632,LeaderAccept
1785420259754,true,1785420259781,LeaderAccept
1785420259914,false,1785420259941,LeaderAccept
1785420260088,true,1785420260116,LeaderAccept
1785420260278,true,1785420260306,LeaderAccept
1785420260487,false,1785420260515,LeaderAccept
1785420260718,false,1785420260746,LeaderAccept
1785420260977,false,1785420261005,LeaderAccept
1785420261273,true,1785420261301,LeaderAccept
1785420261615,false,1785420261643,LeaderAccept
1785420262021,true,1785420262048,LeaderAccept
1785420262517,false,1785420262544,LeaderAccept
1785420263152,false,1785420263180,LeaderAccept
1785420264025,false,1785420264053,LeaderAccept
1785420265375,true,1785420265403,LeaderAccept
1785420268026,true,1785420268054,LeaderAccept
