request_time,write,response_time,accept_status
1785419613392,true,1785419613471,LeaderAccept
1785419613932,true,1785419614010,LeaderAccept
1785419614640,false,1785419614718,LeaderAccept
1785419615648,false,1785419615727,LeaderAccept
1785419617314,true,1785419617393,LeaderAccept
1785419621146,true,1785419621225,LeaderAccept
1785419621526,true,1785419621605,LeaderAccept
1785419621563,true,1785419621642,LeaderAccept
1785419621601,true,1785419621679,LeaderAccept
1785419621638,false,1785419621717,LeaderAccept
1785419621676,true,1785419621755,LeaderAccept
1785419621715,true,1785419621794,LeaderAccept
1785419621755,true,1785419621833,LeaderAccept
1785419621796,true,1785419621875,LeaderAccept
1785419621838,true,1785419621917,LeaderAccept
1785419621881,true,1785419621959,LeaderAccept
1785419621924,true,1785419622004,LeaderAccept
1785419621970,true,1785419622048,LeaderAccept
1785419622015,true,1785419622094,LeaderAccept
1785419622062,true,1785419622141,LeaderAccept
1785419622110,false,1785419622188,LeaderAccept
1785419622158,false,1785419622238,LeaderAccept
1785419622209,true,1785419622288,LeaderAccept
1785419622260,true,1785419622339,LeaderAccept
1785419622311,true,1785419622390,LeaderAccept
1785419622364,true,1785419622443,LeaderAccept
1785419622420,false,1785419622499,LeaderAccept
1785419622477,false,1785419622555,LeaderAccept
1785419622535,true,1785419622613,LeaderAccept
1785419622595,false,1785419622674,LeaderAccept
1785419622657,true,1785419622736,LeaderAccept
1785419622721,false,1785419622800,LeaderAccept
1785419622787,true,1785419622865,LeaderAccept
1785419622855,false,1785419622934,LeaderAccept
1785419622924,true,1785419623003,LeaderAccept
1785419622996,true,1785419623075,LeaderAccept
1785419623072,true,1785419623151,LeaderAccept
1785419623150,true,1785419623229,LeaderAccept
1785419623230,true,1785419623309,LeaderAccept
1785419623315,true,1785419623394,LeaderAccept
1785419623403,true,1785419623482,LeaderAccept
1785419623495,true,1785419623575,LeaderAccept
1785419623591,true,1785419623670,LeaderAccept
1785419623691,false,1785419623770,LeaderAccept
1785419623797,false,1785419623876,LeaderAccept
1785419623908,false,1785419623987,LeaderAccept
1785419624026,true,1785419624104,LeaderAccept
1785419624151,true,1785419624230,LeaderAccept
1785419624283,false,1785419624363,LeaderAccept
1785419624424,false,1785419624503,LeaderAccept
1785419624577,true,1785419624656,LeaderAccept
1785419624741,true,1785419624820,LeaderAccept
1785419624918,false,1785419624997,LeaderAccept
1785419625111,false,1785419625191,LeaderAccept
1785419625325,false,1785419625403,LeaderAccept
1785419625562,true,1785419625641,LeaderAccept
1785419625830,true,1785419625909,LeaderAccept
1785419626134,false,1785419626214,LeaderAccept
1785419626490,false,1785419626569,LeaderAccept
1785419626914,true,1785419626992,LeaderAccept
1785419627437,true,1785419627516,LeaderAccept
1785419628118,false,1785419628198,LeaderAccept
1785419629074,false,1785419629154,LeaderAccept
1785419630615,false,1785419630693,LeaderAccept
1785419633941,true,1785419634020,LeaderAccept
1785419651485,false,1785419651564,LeaderAccept
1785419678044,false,1785419678123,LeaderAccept
1785419678060,false,1785419678140,LeaderAccept
1785419678078,false,1785419678157,LeaderAccept
1785419678096,false,1785419678175,LeaderAccept
1785419678113,false,1785419678192,LeaderAccept
1785419678130,true,1785419678208,LeaderAccept
1785419678148,false,1785419678227,LeaderAccept
1785419678166,true,1785419678244,LeaderAccept
1785419678184,true,1785419678263,LeaderAccept
1785419678203,false,1785419678282,LeaderAccept
1785419678222,false,1785419678300,LeaderAccept
1785419678241,false,1785419678320,LeaderAccept
1785419678260,true,1785419678338,LeaderAccept
1785419678279,false,1785419678357,LeaderAccept
1785419678298,false,1785419678377,LeaderAccept
1785419678317,false,1785419678396,LeaderAccept
1785419678337,true,1785419678415,LeaderAccept
1785419678357,false,1785419678434,LeaderAccept
1785419678377,false,1785419678455,LeaderAccept
1785419678397,false,1785419678476,LeaderAccept
1785419678417,true,1785419678495,LeaderAccept
1785419678437,true,1785419678516,LeaderAccept
1785419678458,false,1785419678536,LeaderAccept
1785419678479,false,1785419678557,LeaderAccept
1785419678499,false,1785419678578,LeaderAccept
1785419678521,true,1785419678599,LeaderAccept
1785419678543,true,1785419678622,LeaderAccept
1785419678565,false,1785419678643,LeaderAccept
1785419678587,false,1785419678666,LeaderAccept
1785419678609,true,1785419678689,LeaderAccept
1785419678631,true,1785419678710,LeaderAccept
1785419678654,false,1785419678733,LeaderAccept
1785419678677,true,1785419678755,LeaderAccept
1785419678700,true,1785419678779,LeaderAccept
1785419678723,false,1785419678802,LeaderAccept
1785419678747,false,1785419678825,LeaderAccept
1785419678771,true,1785419678850,LeaderAccept
1785419678796,true,1785419678874,LeaderAccept
1785419678821,true,1785419678900,LeaderAccept
1785419678846,true,1785419678925,LeaderAccept
1785419678871,true,1785419678950,LeaderAccept
1785419678895,true,1785419678975,LeaderAccept
1785419678921,false,1785419678999,LeaderAccept
1785419678947,false,1785419679026,LeaderAccept
1785419678974,false,1785419679052,LeaderAccept
1785419679000,false,1785419679079,LeaderAccept
1785419679028,false,1785419679106,LeaderAccept
1785419679055,false,1785419679132,LeaderAccept
1785419679082,false,1785419679160,LeaderAccept
1785419679110,false,1785419679188,LeaderAccept
1785419679139,true,1785419679217,LeaderAccept
1785419679168,true,1785419679246,LeaderAccept
1785419679198,false,1785419679277,LeaderAccept
1785419679228,true,1785419679305,LeaderAccept
1785419679257,true,1785419679336,LeaderAccept
1785419679288,true,1785419679367,LeaderAccept
1785419679319,false,1785419679397,LeaderAccept
1785419679349,true,1785419679428,LeaderAccept
1785419679381,false,1785419679460,LeaderAccept
1785419679413,false,1785419679492,LeaderAccept
1785419679446,false,1785419679524,LeaderAccept
1785419679479,true,1785419679558,LeaderAccept
1785419679512,true,1785419679592,LeaderAccept
1785419679547,false,1785419679625,LeaderAccept
1785419679582,true,1785419679660,LeaderAccept
1785419679617,false,1785419679696,LeaderAccept
1785419679654,true,1785419679733,LeaderAccept
1785419679691,false,1785419679770,LeaderAccept
1785419679729,true,1785419679808,LeaderAccept
1785419679767,true,1785419679846,LeaderAccept
1785419679806,false,1785419679884,LeaderAccept
1785419679845,true,1785419679924,LeaderAccept
1785419679886,false,1785419679965,LeaderAccept
1785419679926,false,1785419680005,LeaderAccept
1785419679968,false,1785419680048,LeaderAccept
1785419680010,true,1785419680090,LeaderAccept
1785419680054,false,1785419680134,LeaderAccept
1785419680098,false,1785419680178,LeaderAccept
1785419680144,false,1785419680223,LeaderAccept
1785419680190,true,1785419680262,LeaderAccept
1785419680238,true,1785419680311,LeaderAccept
1785419680286,true,1785419680357,LeaderAccept
1785419680337,false,1785419680408,LeaderAccept
1785419680389,true,1785419680460,LeaderAccept
1785419680442,true,1785419680513,LeaderAccept
1785419680496,true,1785419680569,LeaderAccept
1785419680551,true,1785419680622,LeaderAccept
1785419680609,true,1785419680680,LeaderAccept
1785419680668,true,1785419680739,LeaderAccept
1785419680728,true,1785419680799,LeaderAccept
1785419680790,false,1785419680861,LeaderAccept
1785419680854,false,1785419680925,LeaderAccept
1785419680919,false,1785419680991,LeaderAccept
1785419680988,true,1785419681058,LeaderAccept
1785419681058,true,1785419681129,LeaderAccept
1785419681130,false,1785419681201,LeaderAccept
1785419681206,true,1785419681278,LeaderAccept
1785419681284,true,1785419681355,LeaderAccept
1785419681366,true,1785419681437,LeaderAccept
1785419681451,false,1785419681521,LeaderAccept
1785419681540,true,1785419681610,LeaderAccept
1785419681632,false,1785419681702,LeaderAccept
1785419681728,false,1785419681799,LeaderAccept
1785419681830,true,1785419681901,LeaderAccept
1785419681937,false,1785419682007,LeaderAccept
1785419682049,false,1785419682120,LeaderAccept
1785419682168,false,1785419682239,LeaderAccept
1785419682294,false,1785419682365,LeaderAccept
1785419682428,true,1785419682499,LeaderAccept
1785419682571,true,1785419682642,LeaderAccept
1785419682724,true,1785419682796,LeaderAccept
1785419682890,true,1785419682962,LeaderAccept
1785419683071,true,1785419683142,LeaderAccept
1785419683268,true,1785419683338,LeaderAccept
1785419683485,false,1785419683556,LeaderAccept
1785419683727,true,1785419683798,LeaderAccept
1785419684000,false,1785419684071,LeaderAccept
1785419684312,false,1785419684384,LeaderAccept
1785419684677,true,1785419684749,LeaderAccept
1785419685115,false,1785419685186,LeaderAccept
1785419685660,false,1785419685732,LeaderAccept
1785419686377,false,1785419686448,LeaderAccept
1785419687401,false,1785419687472,LeaderAccept
1785419689109,false,1785419689173,FastAccept
1785419693119,false,,
1785419698624,false,1785419698695,LeaderAccept
1785419698655,true,1785419698727,LeaderAccept
1785419698686,false,1785419698758,LeaderAccept
1785419698718,true,1785419698789,LeaderAccept
1785419698750,true,1785419698821,LeaderAccept
1785419698783,true,1785419698854,LeaderAccept
1785419698817,false,1785419698887,LeaderAccept
1785419698851,true,1785419698924,LeaderAccept
1785419698886,true,1785419698957,LeaderAccept
1785419698921,true,1785419698991,LeaderAccept
1785419698956,true,1785419699028,LeaderAccept
1785419698992,false,1785419699064,LeaderAccept
1785419699028,false,1785419699100,LeaderAccept
1785419699065,false,1785419699137,LeaderAccept
1785419699103,false,1785419699175,LeaderAccept
1785419699143,true,1785419699214,LeaderAccept
1785419699183,true,1785419699255,LeaderAccept
1785419699223,false,1785419699295,LeaderAccept
1785419699264,true,1785419699335,LeaderAccept
1785419699306,false,1785419699377,LeaderAccept
1785419699349,true,1785419699421,LeaderAccept
1785419699393,false,1785419699464,LeaderAccept
1785419699438,true,1785419699509,LeaderAccept
1785419699483,false,1785419699554,LeaderAccept
1785419699530,true,1785419699602,LeaderAccept
1785419699578,false,1785419699649,LeaderAccept
1785419699626,true,1785419699699,LeaderAccept
1785419699676,false,1785419699748,LeaderAccept
1785419699728,true,1785419699799,LeaderAccept
1785419699780,true,1785419699851,LeaderAccept
1785419699834,true,1785419699905,LeaderAccept
1785419699888,true,1785419699959,LeaderAccept
1785419699945,true,1785419700017,LeaderAccept
1785419700003,false,1785419700076,LeaderAccept
1785419700063,false,1785419700134,LeaderAccept
1785419700124,false,1785419700196,LeaderAccept
1785419700188,false,1785419700259,LeaderAccept
1785419700254,false,1785419700325,LeaderAccept
1785419700322,false,1785419700393,LeaderAccept
1785419700392,false,1785419700463,LeaderAccept
1785419700465,true,1785419700536,LeaderAccept
1785419700540,true,1785419700612,LeaderAccept
1785419700618,false,1785419700691,LeaderAccept
1785419700700,false,1785419700772,LeaderAccept
1785419700785,false,1785419700857,LeaderAccept
1785419700873,false,1785419700945,LeaderAccept
1785419700965,true,1785419701037,LeaderAccept
1785419701044,true,1785419701116,LeaderAccept
1785419701082,true,1785419701154,LeaderAccept
1785419701122,true,1785419701193,LeaderAccept
1785419701163,false,1785419701234,LeaderAccept
1785419701204,false,1785419701276,LeaderAccept
1785419701246,false,1785419701317,LeaderAccept
1785419701289,false,1785419701360,LeaderAccept
1785419701333,false,1785419701404,LeaderAccept
1785419701378,true,1785419701450,LeaderAccept
1785419701422,true,1785419701494,LeaderAccept
1785419701469,true,1785419701542,LeaderAccept
1785419701517,false,1785419701589,LeaderAccept
1785419701565,true,1785419701637,LeaderAccept
1785419701615,true,1785419701686,LeaderAccept
1785419701666,true,1785419701737,LeaderAccept
1785419701717,true,1785419701789,LeaderAccept
1785419701771,true,1785419701842,LeaderAccept
1785419701826,true,1785419701898,LeaderAccept
1785419701883,true,1785419701955,LeaderAccept
1785419701941,true,1785419702012,LeaderAccept
1785419702001,true,1785419702072,LeaderAccept
1785419702063,true,1785419702134,LeaderAccept
1785419702126,false,1785419702198,LeaderAccept
1785419702191,true,1785419702264,LeaderAccept
1785419702259,true,1785419702330,LeaderAccept
1785419702328,false,1785419702400,LeaderAccept
1785419702400,false,1785419702472,LeaderAccept
1785419702475,false,1785419702547,LeaderAccept
1785419702552,false,1785419702623,LeaderAccept
1785419702633,false,1785419702704,LeaderAccept
1785419702716,false,1785419702788,LeaderAccept
1785419702804,false,1785419702877,LeaderAccept
1785419702895,false,1785419702967,LeaderAccept
1785419702991,false,1785419703064,LeaderAccept
1785419703091,true,1785419703163,LeaderAccept
1785419703196,true,1785419703267,LeaderAccept
1785419703307,false,1785419703379,LeaderAccept
1785419703423,true,1785419703495,LeaderAccept
1785419703548,true,1785419703619,LeaderAccept
1785419703680,true,1785419703751,LeaderAccept
1785419703821,true,1785419703893,LeaderAccept
1785419703972,true,1785419704043,LeaderAccept
1785419704135,false,1785419704206,LeaderAccept
1785419704312,false,1785419704384,LeaderAccept
1785419704505,true,1785419704576,LeaderAccept
1785419704716,false,1785419704789,LeaderAccept
1785419704952,true,1785419705023,LeaderAccept
1785419705217,true,1785419705289,LeaderAccept
1785419705520,false,1785419705592,LeaderAccept
1785419705872,true,1785419705935,FastAccept
1785419706292,false,1785419706355,FastAccept
1785419706807,false,1785419706872,FastAccept
1785419707474,false,,
1785419708406,true,1785419708476,LeaderAccept
1785419709389,false,1785419709460,LeaderAccept
1785419709405,false,1785419709476,LeaderAccept
1785419709421,true,1785419709493,LeaderAccept
1785419709437,false,1785419709507,LeaderAccept
1785419709453,false,1785419709523,LeaderAccept
1785419709469,false,1785419709540,LeaderAccept
1785419709486,true,1785419709557,LeaderAccept
1785419709503,false,1785419709574,LeaderAccept
1785419709520,false,1785419709591,LeaderAccept
1785419709537,false,1785419709608,LeaderAccept
1785419709554,false,1785419709624,LeaderAccept
1785419709571,false,1785419709642,LeaderAccept
1785419709588,false,1785419709659,LeaderAccept
1785419709605,true,1785419709676,LeaderAccept
1785419709621,false,1785419709692,LeaderAccept
1785419709638,false,1785419709709,LeaderAccept
1785419709656,true,1785419709727,LeaderAccept
1785419709674,true,1785419709745,LeaderAccept
1785419709692,true,1785419709763,LeaderAccept
1785419709710,false,1785419709781,LeaderAccept
1785419709728,false,1785419709799,LeaderAccept
1785419709746,false,1785419709817,LeaderAccept
1785419709765,true,1785419709836,LeaderAccept
1785419709783,true,1785419709854,LeaderAccept
1785419709801,false,1785419709872,LeaderAccept
1785419709821,true,1785419709893,LeaderAccept
1785419709839,true,1785419709910,LeaderAccept
1785419709859,true,1785419709929,LeaderAccept
1785419709878,false,1785419709950,LeaderAccept
1785419709898,true,1785419709969,LeaderAccept
1785419709918,false,1785419709988,LeaderAccept
1785419709937,false,1785419710009,LeaderAccept
1785419709958,false,1785419710029,LeaderAccept
1785419709978,true,1785419710048,LeaderAccept
1785419709998,false,1785419710070,LeaderAccept
1785419710019,true,1785419710090,LeaderAccept
1785419710040,true,1785419710111,LeaderAccept
1785419710062,false,1785419710133,LeaderAccept
1785419710084,true,1785419710156,LeaderAccept
1785419710105,true,1785419710176,LeaderAccept
1785419710127,false,1785419710199,LeaderAccept
1785419710150,true,1785419710222,LeaderAccept
1785419710172,true,1785419710244,LeaderAccept
1785419710195,true,1785419710266,LeaderAccept
1785419710218,true,1785419710289,LeaderAccept
1785419710240,false,1785419710310,LeaderAccept
1785419710263,false,1785419710334,LeaderAccept
1785419710287,false,1785419710357,LeaderAccept
1785419710310,true,1785419710381,LeaderAccept
1785419710334,true,1785419710406,LeaderAccept
1785419710359,false,1785419710430,LeaderAccept
1785419710382,false,1785419710454,LeaderAccept
1785419710408,true,1785419710478,LeaderAccept
1785419710433,true,1785419710503,LeaderAccept
1785419710458,false,1785419710529,LeaderAccept
1785419710483,false,1785419710555,LeaderAccept
1785419710510,true,1785419710580,LeaderAccept
1785419710536,true,1785419710607,LeaderAccept
1785419710563,true,1785419710632,LeaderAccept
1785419710589,false,1785419710659,LeaderAccept
1785419710617,false,1785419710688,LeaderAccept
1785419710645,true,1785419710717,LeaderAccept
1785419710674,true,1785419710745,LeaderAccept
1785419710703,false,1785419710774,LeaderAccept
1785419710733,false,1785419710805,LeaderAccept
1785419710763,true,1785419710833,LeaderAccept
1785419710793,false,1785419710863,LeaderAccept
1785419710822,false,1785419710894,LeaderAccept
1785419710853,true,1785419710924,LeaderAccept
1785419710884,false,1785419710955,LeaderAccept
1785419710916,false,1785419710987,LeaderAccept
1785419710949,true,1785419711021,LeaderAccept
1785419710981,true,1785419711052,LeaderAccept
1785419711015,true,1785419711085,LeaderAccept
1785419711049,false,1785419711120,LeaderAccept
1785419711083,false,1785419711154,LeaderAccept
1785419711118,false,1785419711189,LeaderAccept
1785419711153,true,1785419711223,LeaderAccept
1785419711189,true,1785419711260,LeaderAccept
1785419711226,false,1785419711297,LeaderAccept
1785419711263,false,1785419711334,LeaderAccept
1785419711301,true,1785419711371,LeaderAccept
1785419711340,false,1785419711411,LeaderAccept
1785419711378,false,1785419711449,LeaderAccept
1785419711419,true,1785419711491,LeaderAccept
1785419711459,false,1785419711530,LeaderAccept
1785419711500,false,1785419711571,LeaderAccept
1785419711543,true,1785419711613,LeaderAccept
1785419711586,false,1785419711657,LeaderAccept
1785419711630,false,1785419711701,LeaderAccept
1785419711675,true,1785419711746,LeaderAccept
1785419711722,false,1785419711793,LeaderAccept
1785419711768,false,1785419711839,LeaderAccept
1785419711816,true,1785419711888,LeaderAccept
1785419711866,true,1785419711937,LeaderAccept
1785419711916,false,1785419711987,LeaderAccept
1785419711968,true,1785419712040,LeaderAccept
1785419712022,true,1785419712093,LeaderAccept
1785419712077,false,1785419712149,LeaderAccept
1785419712134,true,1785419712205,LeaderAccept
1785419712192,true,1785419712264,LeaderAccept
1785419712252,false,1785419712323,LeaderAccept
1785419712313,false,1785419712385,LeaderAccept
1785419712376,true,1785419712447,LeaderAccept
1785419712441,false,1785419712512,LeaderAccept
1785419712507,true,1785419712580,LeaderAccept
1785419712577,true,1785419712648,LeaderAccept
1785419712648,false,1785419712719,LeaderAccept
1785419712723,false,1785419712795,LeaderAccept
1785419712801,false,1785419712872,LeaderAccept
1785419712881,true,1785419712952,LeaderAccept
1785419712964,true,1785419713036,LeaderAccept
1785419713052,true,1785419713123,LeaderAccept
1785419713143,false,1785419713216,LeaderAccept
1785419713238,true,1785419713310,LeaderAccept
1785419713337,false,1785419713409,LeaderAccept
1785419713441,false,1785419713512,LeaderAccept
1785419713552,false,1785419713623,LeaderAccept
1785419713668,false,1785419713740,LeaderAccept
1785419713792,false,1785419713864,LeaderAccept
1785419713922,false,1785419713994,LeaderAccept
1785419714061,true,1785419714133,LeaderAccept
1785419714212,true,1785419714283,LeaderAccept
1785419714373,false,1785419714445,LeaderAccept
1785419714547,false,1785419714619,LeaderAccept
1785419714738,false,1785419714809,LeaderAccept
1785419714948,true,1785419715020,LeaderAccept
1785419715181,true,1785419715252,LeaderAccept
1785419715443,false,1785419715514,LeaderAccept
1785419715741,false,1785419715812,LeaderAccept
1785419716087,false,1785419716158,LeaderAccept
1785419716498,true,1785419716570,LeaderAccept
1785419717002,true,1785419717073,LeaderAccept
1785419717648,false,1785419717720,LeaderAccept
1785419718541,false,1785419718603,FastAccept
1785419719881,false,1785419719942,FastAccept
1785419719897,false,1785419719958,FastAccept
1785419719911,false,1785419719973,FastAccept
1785419719927,true,1785419719988,FastAccept
1785419719942,false,1785419720004,FastAccept
1785419719958,false,1785419720019,FastAccept
1785419719974,false,1785419720035,FastAccept
1785419719989,false,1785419720050,FastAccept
1785419720005,true,1785419720066,FastAccept
1785419720020,false,1785419720082,FastAccept
1785419720036,false,1785419720098,FastAccept
1785419720053,false,1785419720114,FastAccept
1785419720069,false,1785419720130,FastAccept
1785419720085,false,1785419720147,FastAccept
1785419720101,true,1785419720163,FastAccept
1785419720117,false,1785419720179,FastAccept
1785419720133,false,1785419720195,FastAccept
1785419720150,false,1785419720211,FastAccept
1785419720167,true,1785419720228,FastAccept
1785419720184,true,1785419720246,FastAccept
1785419720202,false,1785419720264,FastAccept
1785419720220,true,1785419720281,FastAccept
1785419720238,false,1785419720300,FastAccept
1785419720256,false,1785419720317,FastAccept
1785419720274,false,1785419720335,FastAccept
1785419720292,false,1785419720353,FastAccept
1785419720310,false,1785419720371,FastAccept
1785419720327,false,1785419720389,FastAccept
1785419720346,false,1785419720407,FastAccept
1785419720364,true,1785419720426,FastAccept
1785419720383,false,1785419720475,SlowAccept
1785419720402,true,1785419720494,SlowAccept
1785419720421,false,1785419720512,SlowAccept
1785419720439,true,,
1785419720459,true,1785419720530,LeaderAccept
1785419720478,false,1785419720549,LeaderAccept
1785419720498,false,1785419720569,LeaderAccept
1785419720517,false,1785419720589,LeaderAccept
1785419720538,false,1785419720610,LeaderAccept
1785419720559,false,1785419720630,LeaderAccept
1785419720580,true,1785419720651,LeaderAccept
1785419720601,true,1785419720673,LeaderAccept
1785419720622,false,1785419720693,LeaderAccept
1785419720643,true,1785419720714,LeaderAccept
1785419720665,false,1785419720735,LeaderAccept
1785419720686,true,1785419720756,LeaderAccept
1785419720708,false,1785419720778,LeaderAccept
1785419720729,true,1785419720800,LeaderAccept
1785419720752,false,1785419720823,LeaderAccept
1785419720774,false,1785419720844,LeaderAccept
1785419720796,true,1785419720867,LeaderAccept
1785419720819,true,1785419720891,LeaderAccept
1785419720843,true,1785419720913,LeaderAccept
1785419720865,false,1785419720937,LeaderAccept
1785419720889,false,1785419720960,LeaderAccept
1785419720912,true,1785419720983,LeaderAccept
1785419720937,true,1785419721007,LeaderAccept
1785419720962,false,1785419721032,LeaderAccept
1785419720987,false,1785419721058,LeaderAccept
1785419721012,true,1785419721083,LeaderAccept
1785419721038,false,1785419721108,LeaderAccept
1785419721064,true,1785419721135,LeaderAccept
1785419721090,false,1785419721161,LeaderAccept
1785419721116,false,1785419721186,LeaderAccept
1785419721143,false,1785419721213,LeaderAccept
1785419721169,true,1785419721239,LeaderAccept
1785419721196,false,1785419721268,LeaderAccept
1785419721224,false,1785419721295,LeaderAccept
1785419721252,false,1785419721323,LeaderAccept
1785419721280,true,1785419721350,LeaderAccept
1785419721309,true,1785419721380,LeaderAccept
1785419721338,false,1785419721410,LeaderAccept
1785419721368,false,1785419721438,LeaderAccept
1785419721397,true,1785419721469,LeaderAccept
1785419721428,false,1785419721498,LeaderAccept
1785419721459,false,1785419721529,LeaderAccept
1785419721490,false,1785419721561,LeaderAccept
1785419721521,false,1785419721593,LeaderAccept
1785419721554,false,1785419721624,LeaderAccept
1785419721587,true,1785419721657,LeaderAccept
1785419721620,true,1785419721692,LeaderAccept
1785419721653,true,1785419721725,LeaderAccept
1785419721688,false,1785419721759,LeaderAccept
1785419721723,false,1785419721794,LeaderAccept
1785419721759,false,1785419721830,LeaderAccept
1785419721794,true,1785419721866,LeaderAccept
1785419721831,true,1785419721902,LeaderAccept
1785419721868,false,1785419721938,LeaderAccept
1785419721906,true,1785419721979,LeaderAccept
1785419721945,true,1785419722016,LeaderAccept
1785419721985,true,1785419722056,LeaderAccept
1785419722025,true,1785419722096,LeaderAccept
1785419722067,true,1785419722138,LeaderAccept
1785419722109,false,1785419722180,LeaderAccept
1785419722151,false,1785419722221,LeaderAccept
1785419722195,false,1785419722265,LeaderAccept
1785419722240,false,1785419722311,LeaderAccept
1785419722286,true,1785419722357,LeaderAccept
1785419722333,true,1785419722405,LeaderAccept
1785419722381,false,1785419722451,LeaderAccept
1785419722430,false,1785419722501,LeaderAccept
1785419722480,false,1785419722551,LeaderAccept
1785419722532,true,1785419722603,LeaderAccept
1785419722584,true,1785419722656,LeaderAccept
1785419722639,false,1785419722710,LeaderAccept
1785419722694,true,1785419722766,LeaderAccept
1785419722751,true,1785419722822,LeaderAccept
1785419722809,false,1785419722881,LeaderAccept
1785419722870,true,1785419722942,LeaderAccept
1785419722932,true,1785419723004,LeaderAccept
1785419722996,false,1785419723067,LeaderAccept
1785419723062,false,1785419723132,LeaderAccept
1785419723130,false,1785419723200,LeaderAccept
1785419723200,true,1785419723272,LeaderAccept
1785419723273,false,1785419723344,LeaderAccept
1785419723349,true,1785419723420,LeaderAccept
1785419723427,true,1785419723498,LeaderAccept
1785419723509,true,1785419723579,LeaderAccept
1785419723593,true,1785419723664,LeaderAccept
1785419723681,false,1785419723752,LeaderAccept
1785419723774,false,1785419723846,LeaderAccept
1785419723871,true,1785419723941,LeaderAccept
1785419723973,true,1785419724044,LeaderAccept
1785419724079,false,1785419724151,LeaderAccept
1785419724191,false,1785419724263,LeaderAccept
1785419724309,true,1785419724380,LeaderAccept
1785419724436,true,1785419724507,LeaderAccept
1785419724570,true,1785419724642,LeaderAccept
1785419724714,true,1785419724784,LeaderAccept
1785419724868,false,1785419724939,LeaderAccept
1785419725033,true,1785419725104,LeaderAccept
1785419725214,false,1785419725285,LeaderAccept
1785419725412,false,1785419725483,LeaderAccept
1785419725630,true,1785419725700,LeaderAccept
1785419725872,false,1785419725942,LeaderAccept
1785419726145,false,1785419726217,LeaderAccept
1785419726458,false,1785419726529,LeaderAccept
1785419726825,false,1785419726896,LeaderAccept
1785419727265,true,1785419727337,LeaderAccept
1785419727813,false,1785419727883,LeaderAccept
1785419728531,false,1785419728602,LeaderAccept
1785419729562,true,1785419729624,FastAccept
1785419731286,false,1785419731348,FastAccept
1785419735365,true,,
1785419755876,false,1785419755948,LeaderAccept
1785419755916,true,1785419755988,LeaderAccept
1785419755956,true,1785419756027,LeaderAccept
1785419755997,true,1785419756069,LeaderAccept
1785419756039,true,1785419756110,LeaderAccept
1785419756082,true,1785419756153,LeaderAccept
1785419756126,true,1785419756197,LeaderAccept
1785419756169,true,1785419756241,LeaderAccept
1785419756214,true,1785419756285,LeaderAccept
1785419756261,false,1785419756332,LeaderAccept
1785419756309,true,1785419756380,LeaderAccept
1785419756357,false,1785419756428,LeaderAccept
1785419756406,false,1785419756478,LeaderAccept
1785419756457,false,1785419756529,LeaderAccept
1785419756509,false,1785419756580,LeaderAccept
1785419756561,false,1785419756633,LeaderAccept
1785419756616,false,1785419756686,LeaderAccept
1785419756672,false,1785419756744,LeaderAccept
1785419756730,true,1785419756802,LeaderAccept
1785419756790,true,1785419756862,LeaderAccept
1785419756851,true,1785419756923,LeaderAccept
1785419756914,false,1785419756985,LeaderAccept
1785419756978,false,1785419757050,LeaderAccept
1785419757045,false,1785419757117,LeaderAccept
1785419757114,true,1785419757185,LeaderAccept
1785419757184,false,1785419757256,LeaderAccept
1785419757259,false,1785419757330,LeaderAccept
1785419757336,false,1785419757407,LeaderAccept
1785419757415,false,1785419757486,LeaderAccept
1785419757498,false,1785419757570,LeaderAccept
1785419757585,true,1785419757656,LeaderAccept
1785419757674,true,1785419757746,LeaderAccept
1785419757769,false,1785419757840,LeaderAccept
1785419757866,true,1785419757938,LeaderAccept
1785419757970,false,1785419758041,LeaderAccept
1785419758079,true,1785419758151,LeaderAccept
1785419758193,true,1785419758264,LeaderAccept
1785419758315,true,1785419758385,LeaderAccept
1785419758443,false,1785419758515,LeaderAccept
1785419758580,false,1785419758651,LeaderAccept
1785419758728,true,1785419758799,LeaderAccept
1785419758887,true,1785419758957,LeaderAccept
1785419759057,true,1785419759128,LeaderAccept
1785419759244,false,1785419759314,LeaderAccept
1785419759449,false,1785419759520,LeaderAccept
1785419759676,false,1785419759746,LeaderAccept
1785419759930,false,1785419760000,LeaderAccept
1785419760218,true,1785419760288,LeaderAccept
1785419760551,false,1785419760622,LeaderAccept
1785419760944,true,1785419761014,LeaderAccept
1785419761421,true,1785419761492,LeaderAccept
1785419762026,false,1785419762097,LeaderAccept
1785419762845,false,1785419762915,LeaderAccept
1785419764077,false,1785419764148,LeaderAccept
1785419766357,false,1785419766419,FastAccept
1785419773488,true,1785419773559,LeaderAccept
1785419810196,true,1785419810267,LeaderAccept
1785419810226,false,1785419810297,LeaderAccept
1785419810258,false,1785419810329,LeaderAccept
1785419810290,true,1785419810361,LeaderAccept
1785419810323,false,1785419810394,LeaderAccept
1785419810357,false,1785419810428,LeaderAccept
1785419810391,false,1785419810461,LeaderAccept
1785419810425,false,1785419810496,LeaderAccept
1785419810459,true,1785419810530,LeaderAccept
1785419810495,false,1785419810565,LeaderAccept
1785419810530,false,1785419810601,LeaderAccept
1785419810566,false,1785419810637,LeaderAccept
1785419810604,true,1785419810675,LeaderAccept
1785419810642,false,1785419810713,LeaderAccept
1785419810681,true,1785419810752,LeaderAccept
1785419810721,false,1785419810793,LeaderAccept
1785419810762,false,1785419810833,LeaderAccept
1785419810803,false,1785419810874,LeaderAccept
1785419810845,true,1785419810916,LeaderAccept
1785419810888,false,1785419810959,LeaderAccept
1785419810932,false,1785419811002,LeaderAccept
1785419810976,false,1785419811047,LeaderAccept
1785419811022,true,1785419811093,LeaderAccept
1785419811068,false,1785419811139,LeaderAccept
1785419811115,true,1785419811185,LeaderAccept
1785419811163,true,1785419811234,LeaderAccept
1785419811213,false,1785419811283,LeaderAccept
1785419811263,false,1785419811335,LeaderAccept
1785419811316,true,1785419811387,LeaderAccept
1785419811368,false,1785419811439,LeaderAccept
1785419811423,false,1785419811493,LeaderAccept
1785419811479,false,1785419811550,LeaderAccept
1785419811537,false,1785419811608,LeaderAccept
1785419811597,false,1785419811667,LeaderAccept
1785419811658,false,1785419811729,LeaderAccept
1785419811722,false,1785419811793,LeaderAccept
1785419811787,true,1785419811858,LeaderAccept
1785419811853,false,1785419811925,LeaderAccept
1785419811922,false,1785419811993,LeaderAccept
1785419811995,false,1785419812066,LeaderAccept
1785419812069,true,1785419812140,LeaderAccept
1785419812146,true,1785419812217,LeaderAccept
1785419812226,true,1785419812297,LeaderAccept
1785419812310,true,1785419812381,LeaderAccept
1785419812397,true,1785419812468,LeaderAccept
1785419812488,true,1785419812560,LeaderAccept
1785419812584,true,1785419812655,LeaderAccept
1785419812684,true,1785419812755,LeaderAccept
1785419812788,true,1785419812858,LeaderAccept
1785419812898,false,1785419812969,LeaderAccept
1785419813014,true,1785419813085,LeaderAccept
1785419813136,false,1785419813208,LeaderAccept
1785419813268,true,1785419813338,LeaderAccept
1785419813408,true,1785419813479,LeaderAccept
1785419813557,false,1785419813628,LeaderAccept
1785419813719,false,1785419813791,LeaderAccept
1785419813894,true,1785419813965,LeaderAccept
1785419814085,false,1785419814156,LeaderAccept
1785419814294,false,1785419814365,LeaderAccept
1785419814527,true,1785419814598,LeaderAccept
1785419814787,false,1785419814859,LeaderAccept
1785419815085,false,1785419815158,LeaderAccept
1785419815429,false,1785419815500,LeaderAccept
1785419815839,true,1785419815901,FastAccept
1785419816341,true,1785419816403,FastAccept
1785419816986,true,,
1785419817875,true,1785419817946,LeaderAccept
1785419819262,false,1785419819333,LeaderAccept
1785419822034,true,,
1785419833116,true,1785419833187,LeaderAccept
1785419834276,true,1785419834347,LeaderAccept
1785419834292,false,1785419834364,LeaderAccept
1785419834307,true,1785419834378,LeaderAccept
1785419834323,false,1785419834394,LeaderAccept
1785419834339,false,1785419834409,LeaderAccept
1785419834355,false,1785419834425,LeaderAccept
1785419834371,false,1785419834442,LeaderAccept
1785419834387,true,1785419834458,LeaderAccept
1785419834403,true,1785419834474,LeaderAccept
1785419834420,false,1785419834490,LeaderAccept
1785419834437,true,1785419834507,LeaderAccept
1785419834453,true,1785419834524,LeaderAccept
1785419834470,false,1785419834540,LeaderAccept
1785419834486,false,1785419834557,LeaderAccept
1785419834504,true,1785419834574,LeaderAccept
1785419834520,false,1785419834591,LeaderAccept
1785419834538,true,1785419834609,LeaderAccept
1785419834556,false,1785419834627,LeaderAccept
1785419834574,false,1785419834645,LeaderAccept
1785419834591,true,1785419834662,LeaderAccept
1785419834609,true,1785419834680,LeaderAccept
1785419834626,true,1785419834696,LeaderAccept
1785419834645,true,1785419834715,LeaderAccept
1785419834663,false,1785419834734,LeaderAccept
1785419834682,true,1785419834753,LeaderAccept
1785419834701,false,1785419834771,LeaderAccept
1785419834719,false,1785419834790,LeaderAccept
1785419834738,true,1785419834809,LeaderAccept
1785419834757,true,1785419834828,LeaderAccept
1785419834776,false,1785419834847,LeaderAccept
1785419834796,false,1785419834867,LeaderAccept
1785419834815,true,1785419834886,LeaderAccept
1785419834834,false,1785419834906,LeaderAccept
1785419834854,true,1785419834925,LeaderAccept
1785419834874,false,1785419834945,LeaderAccept
1785419834895,false,1785419834966,LeaderAccept
1785419834916,false,1785419834987,LeaderAccept
1785419834937,false,1785419835007,LeaderAccept
1785419834958,false,1785419835029,LeaderAccept
1785419834979,true,1785419835049,LeaderAccept
1785419835000,false,1785419835070,LeaderAccept
1785419835021,true,1785419835092,LeaderAccept
1785419835043,false,1785419835115,LeaderAccept
1785419835065,false,1785419835135,LeaderAccept
1785419835087,true,1785419835158,LeaderAccept
1785419835108,false,1785419835178,LeaderAccept
1785419835131,true,1785419835201,LeaderAccept
1785419835154,false,1785419835225,LeaderAccept
1785419835177,true,1785419835247,LeaderAccept
1785419835200,true,1785419835270,LeaderAccept
1785419835224,true,1785419835295,LeaderAccept
1785419835248,true,1785419835319,LeaderAccept
1785419835272,true,1785419835342,LeaderAccept
1785419835296,true,1785419835366,LeaderAccept
1785419835321,false,1785419835392,LeaderAccept
1785419835346,false,1785419835417,LeaderAccept
1785419835372,false,1785419835442,LeaderAccept
1785419835397,false,1785419835468,LeaderAccept
1785419835423,false,1785419835494,LeaderAccept
1785419835449,true,1785419835519,LeaderAccept
1785419835475,false,1785419835547,LeaderAccept
1785419835502,true,1785419835573,LeaderAccept
1785419835530,true,1785419835601,LeaderAccept
1785419835558,true,1785419835628,LeaderAccept
1785419835586,false,1785419835656,LeaderAccept
1785419835615,true,1785419835686,LeaderAccept
1785419835643,false,1785419835714,LeaderAccept
1785419835673,false,1785419835744,LeaderAccept
1785419835703,false,1785419835773,LeaderAccept
1785419835733,false,1785419835804,LeaderAccept
1785419835764,false,1785419835835,LeaderAccept
1785419835795,true,1785419835866,LeaderAccept
1785419835826,false,1785419835897,LeaderAccept
1785419835857,false,1785419835928,LeaderAccept
1785419835890,false,1785419835961,LeaderAccept
1785419835923,false,1785419835994,LeaderAccept
1785419835956,true,1785419836027,LeaderAccept
1785419835990,false,1785419836061,LeaderAccept
1785419836024,false,1785419836095,LeaderAccept
1785419836060,true,1785419836130,LeaderAccept
1785419836095,false,1785419836166,LeaderAccept
1785419836131,true,1785419836202,LeaderAccept
1785419836168,true,1785419836239,LeaderAccept
1785419836206,true,1785419836277,LeaderAccept
1785419836244,true,1785419836314,LeaderAccept
1785419836283,true,1785419836354,LeaderAccept
1785419836323,true,1785419836394,LeaderAccept
1785419836362,false,1785419836433,LeaderAccept
1785419836404,false,1785419836475,LeaderAccept
1785419836447,true,1785419836517,LeaderAccept
1785419836490,false,1785419836561,LeaderAccept
1785419836534,true,1785419836605,LeaderAccept
1785419836579,true,1785419836649,LeaderAccept
1785419836625,false,1785419836696,LeaderAccept
1785419836672,true,1785419836742,LeaderAccept
1785419836720,false,1785419836791,LeaderAccept
1785419836769,true,1785419836839,LeaderAccept
1785419836819,true,1785419836890,LeaderAccept
1785419836870,false,1785419836941,LeaderAccept
1785419836922,false,1785419836993,LeaderAccept
1785419836977,true,1785419837048,LeaderAccept
1785419837032,false,1785419837103,LeaderAccept
1785419837088,true,1785419837160,LeaderAccept
1785419837146,true,1785419837218,LeaderAccept
1785419837207,true,1785419837278,LeaderAccept
1785419837268,false,1785419837340,LeaderAccept
1785419837333,true,1785419837405,LeaderAccept
1785419837399,true,1785419837470,LeaderAccept
1785419837467,true,1785419837538,LeaderAccept
1785419837538,true,1785419837608,LeaderAccept
1785419837611,false,1785419837682,LeaderAccept
1785419837686,false,1785419837758,LeaderAccept
1785419837764,true,1785419837835,LeaderAccept
1785419837846,false,1785419837917,LeaderAccept
1785419837930,false,1785419838001,LeaderAccept
1785419838019,false,1785419838089,LeaderAccept
1785419838111,false,1785419838182,LeaderAccept
1785419838208,true,1785419838278,LeaderAccept
1785419838309,true,1785419838380,LeaderAccept
1785419838415,false,1785419838487,LeaderAccept
1785419838528,true,1785419838599,LeaderAccept
1785419838647,false,1785419838718,LeaderAccept
1785419838773,false,1785419838844,LeaderAccept
1785419838907,false,1785419838977,LeaderAccept
1785419839050,true,1785419839121,LeaderAccept
1785419839203,false,1785419839275,LeaderAccept
1785419839370,true,1785419839441,LeaderAccept
1785419839551,false,1785419839622,LeaderAccept
1785419839749,false,1785419839819,LeaderAccept
1785419839967,false,1785419840038,LeaderAccept
1785419840209,false,1785419840281,LeaderAccept
1785419840484,true,1785419840556,LeaderAccept
1785419840798,false,1785419840869,LeaderAccept
1785419841165,true,1785419841236,LeaderAccept
1785419841606,false,1785419841677,LeaderAccept
1785419842154,false,1785419842225,LeaderAccept
1785419842877,true,1785419842949,LeaderAccept
1785419843913,false,1785419843984,LeaderAccept
1785419845651,true,1785419845722,LeaderAccept
1785419849792,true,1785419849864,LeaderAccept
1785419876268,false,1785419876330,FastAccept
1785419876295,true,1785419876356,FastAccept
1785419876322,true,1785419876383,FastAccept
1785419876350,true,1785419876412,FastAccept
1785419876378,true,1785419876440,FastAccept
1785419876407,false,1785419876469,FastAccept
1785419876436,true,1785419876497,FastAccept
1785419876465,false,1785419876526,FastAccept
1785419876495,false,1785419876557,FastAccept
1785419876525,true,1785419876586,FastAccept
1785419876556,false,1785419876617,FastAccept
1785419876586,false,1785419876647,FastAccept
1785419876617,false,1785419876678,FastAccept
1785419876649,true,1785419876710,FastAccept
1785419876682,true,1785419876743,FastAccept
1785419876715,true,1785419876776,FastAccept
1785419876747,true,1785419876808,FastAccept
1785419876781,true,1785419876843,FastAccept
1785419876816,true,1785419876877,FastAccept
1785419876851,false,1785419876912,FastAccept
1785419876886,false,1785419876948,FastAccept
1785419876923,true,1785419876984,FastAccept
1785419876960,true,1785419877021,FastAccept
1785419876998,true,1785419877059,FastAccept
1785419877036,false,1785419877097,FastAccept
1785419877076,false,1785419877137,FastAccept
1785419877116,true,1785419877177,FastAccept
1785419877157,false,1785419877218,FastAccept
1785419877198,true,1785419877260,FastAccept
1785419877241,true,1785419877302,FastAccept
1785419877284,true,1785419877345,FastAccept
1785419877327,true,1785419877389,FastAccept
1785419877373,true,1785419877434,FastAccept
1785419877419,false,1785419877480,FastAccept
1785419877466,true,1785419877528,FastAccept
1785419877515,false,1785419877576,FastAccept
1785419877563,true,1785419877625,FastAccept
1785419877614,true,1785419877675,FastAccept
1785419877666,false,1785419877727,FastAccept
1785419877718,true,1785419877780,FastAccept
1785419877773,true,1785419877834,FastAccept
1785419877828,true,1785419877890,FastAccept
1785419877886,true,1785419877947,FastAccept
1785419877944,false,1785419878006,FastAccept
1785419878005,false,1785419878067,FastAccept
1785419878068,false,1785419878129,FastAccept
1785419878133,true,1785419878194,FastAccept
1785419878199,true,1785419878261,FastAccept
1785419878269,true,1785419878330,FastAccept
1785419878339,true,1785419878401,FastAccept
1785419878414,false,1785419878476,FastAccept
1785419878491,false,1785419878552,FastAccept
1785419878571,true,1785419878632,FastAccept
1785419878654,true,1785419878716,FastAccept
1785419878741,true,1785419878803,FastAccept
1785419878832,true,1785419878894,FastAccept
1785419878927,true,1785419878988,FastAccept
1785419879026,true,1785419879086,FastAccept
1785419879130,true,1785419879192,FastAccept
1785419879239,false,1785419879301,FastAccept
1785419879354,false,1785419879415,FastAccept
1785419879476,false,1785419879538,FastAccept
1785419879605,false,1785419879666,FastAccept
1785419879743,true,1785419879804,FastAccept
1785419879890,false,1785419879951,FastAccept
1785419880050,false,1785419880111,FastAccept
1785419880222,true,1785419880283,FastAccept
1785419880408,false,1785419880470,FastAccept
1785419880613,false,1785419880674,FastAccept
1785419880841,false,1785419880902,FastAccept
1785419881096,false,1785419881157,FastAccept
1785419881386,false,1785419881447,FastAccept
1785419881720,false,1785419881781,FastAccept
1785419882115,true,1785419882176,FastAccept
1785419882595,true,1785419882657,FastAccept
1785419883207,true,1785419883268,FastAccept
1785419884035,false,1785419884110,LeaderAccept
1785419885288,true,1785419885364,LeaderAccept
1785419887633,false,1785419887707,LeaderAccept
1785419895201,false,1785419895276,LeaderAccept
1785419900191,true,1785419900252,FastAccept
1785419900219,false,1785419900279,FastAccept
1785419900247,false,,
1785419900276,false,1785419900337,FastAccept
1785419900305,true,1785419900366,FastAccept
1785419900334,true,1785419900395,FastAccept
1785419900364,false,1785419900426,FastAccept
1785419900395,false,1785419900456,FastAccept
1785419900426,true,1785419900487,FastAccept
1785419900456,false,1785419900518,FastAccept
1785419900488,false,1785419900550,FastAccept
1785419900521,false,1785419900582,FastAccept
1785419900554,true,1785419900615,FastAccept
1785419900586,false,1785419900648,FastAccept
1785419900619,false,1785419900681,FastAccept
1785419900654,true,1785419900715,FastAccept
1785419900688,false,1785419900750,FastAccept
1785419900724,true,1785419900785,FastAccept
1785419900760,true,1785419900821,FastAccept
1785419900797,true,1785419900858,FastAccept
1785419900835,true,1785419900896,FastAccept
1785419900872,true,1785419900934,FastAccept
1785419900910,false,1785419900972,FastAccept
1785419900950,false,1785419901011,FastAccept
1785419900991,false,1785419901052,FastAccept
1785419901033,false,1785419901094,FastAccept
1785419901075,false,1785419901137,FastAccept
1785419901118,true,1785419901180,FastAccept
1785419901162,true,,
1785419901207,false,1785419901268,FastAccept
1785419901252,true,,
1785419901299,true,1785419901360,FastAccept
1785419901347,true,1785419901408,FastAccept
1785419901396,false,1785419901457,FastAccept
1785419901446,true,1785419901508,FastAccept
1785419901498,false,1785419901559,FastAccept
1785419901551,true,1785419901613,FastAccept
1785419901604,true,1785419901666,FastAccept
1785419901660,false,1785419901721,FastAccept
1785419901717,true,1785419901778,FastAccept
1785419901776,true,1785419901837,FastAccept
1785419901836,false,1785419901897,FastAccept
1785419901898,true,1785419901959,FastAccept
1785419901962,true,1785419902023,FastAccept
1785419902028,true,1785419902089,FastAccept
1785419902096,true,1785419902157,FastAccept
1785419902166,true,1785419902228,FastAccept
1785419902239,true,1785419902301,FastAccept
1785419902314,false,1785419902376,FastAccept
1785419902393,false,1785419902454,FastAccept
1785419902475,false,1785419902537,FastAccept
1785419902560,false,1785419902621,FastAccept
1785419902648,true,1785419902710,FastAccept
1785419902741,true,1785419902802,FastAccept
1785419902838,false,1785419902899,FastAccept
1785419902940,true,,
1785419903047,false,1785419903108,FastAccept
1785419903158,true,1785419903220,FastAccept
1785419903278,false,1785419903340,FastAccept
1785419903404,false,1785419903465,FastAccept
1785419903538,true,1785419903600,FastAccept
1785419903681,true,1785419903743,FastAccept
1785419903835,false,1785419903897,FastAccept
1785419904001,true,1785419904062,FastAccept
1785419904182,true,1785419904244,FastAccept
1785419904379,true,1785419904440,FastAccept
1785419904597,false,1785419904658,FastAccept
1785419904840,true,1785419904901,FastAccept
1785419905113,false,1785419905175,FastAccept
1785419905427,true,1785419905489,FastAccept
1785419905794,false,1785419905856,FastAccept
1785419906235,true,1785419906296,FastAccept
1785419906784,false,1785419906845,FastAccept
1785419907506,false,1785419907567,FastAccept
1785419908541,true,1785419908602,FastAccept
1785419910277,true,1785419910339,FastAccept
1785419914411,false,1785419914473,FastAccept
1785419919976,true,1785419920038,FastAccept
1785419919991,true,1785419920053,FastAccept
1785419920007,true,1785419920068,FastAccept
1785419920023,true,1785419920084,FastAccept
1785419920039,true,1785419920100,FastAccept
1785419920054,false,1785419920116,FastAccept
1785419920071,true,1785419920132,FastAccept
1785419920086,false,1785419920148,FastAccept
1785419920102,true,1785419920164,FastAccept
1785419920118,false,1785419920186,FastAccept
1785419920135,true,1785419920197,FastAccept
1785419920152,false,1785419920213,FastAccept
1785419920169,false,1785419920230,FastAccept
1785419920186,false,1785419920247,FastAccept
1785419920203,false,1785419920265,FastAccept
1785419920220,true,1785419920281,FastAccept
1785419920238,false,1785419920299,FastAccept
1785419920255,true,1785419920316,FastAccept
1785419920273,true,1785419920335,FastAccept
1785419920290,false,1785419920352,FastAccept
1785419920307,true,1785419920369,FastAccept
1785419920325,false,1785419920387,FastAccept
1785419920343,true,1785419920405,FastAccept
1785419920361,false,1785419920422,FastAccept
1785419920380,true,1785419920441,FastAccept
1785419920398,true,1785419920460,FastAccept
1785419920417,false,1785419920478,FastAccept
1785419920436,true,1785419920497,FastAccept
1785419920455,false,1785419920516,FastAccept
1785419920475,false,1785419920536,FastAccept
1785419920493,true,1785419920554,FastAccept
1785419920513,false,1785419920574,FastAccept
1785419920532,false,1785419920594,FastAccept
1785419920552,false,1785419920613,FastAccept
1785419920572,true,1785419920633,FastAccept
1785419920592,false,1785419920653,FastAccept
1785419920613,true,1785419920674,FastAccept
1785419920633,false,1785419920694,FastAccept
1785419920654,false,1785419920715,FastAccept
1785419920674,true,1785419920735,FastAccept
1785419920694,false,1785419920755,FastAccept
1785419920715,true,1785419920777,FastAccept
1785419920736,true,1785419920798,FastAccept
1785419920758,true,1785419920819,FastAccept
1785419920780,false,1785419920841,FastAccept
1785419920801,true,1785419920863,FastAccept
1785419920823,true,1785419920885,FastAccept
1785419920846,false,1785419920907,FastAccept
1785419920869,true,1785419920932,FastAccept
1785419920892,true,1785419920954,FastAccept
1785419920915,true,1785419920978,FastAccept
1785419920939,true,1785419921001,FastAccept
1785419920963,true,1785419921025,FastAccept
1785419920986,true,1785419921048,FastAccept
1785419921011,false,1785419921073,FastAccept
1785419921035,true,1785419921097,FastAccept
1785419921061,true,1785419921123,FastAccept
1785419921087,true,1785419921149,FastAccept
1785419921112,false,1785419921173,FastAccept
1785419921139,true,1785419921200,FastAccept
1785419921166,false,1785419921227,FastAccept
1785419921193,false,1785419921254,FastAccept
1785419921219,true,1785419921281,FastAccept
1785419921247,true,1785419921308,FastAccept
1785419921275,true,1785419921337,FastAccept
1785419921303,false,1785419921364,FastAccept
1785419921332,true,1785419921393,FastAccept
1785419921360,true,1785419921422,FastAccept
1785419921390,true,1785419921451,FastAccept
1785419921420,true,1785419921482,FastAccept
1785419921450,true,1785419921512,FastAccept
1785419921481,false,1785419921542,FastAccept
1785419921511,true,1785419921572,FastAccept
1785419921542,false,1785419921604,FastAccept
1785419921574,false,1785419921635,FastAccept
1785419921606,false,1785419921668,FastAccept
1785419921640,true,1785419921701,FastAccept
1785419921672,true,1785419921734,FastAccept
1785419921706,true,1785419921768,FastAccept
1785419921741,true,1785419921802,FastAccept
1785419921775,true,1785419921837,FastAccept
1785419921811,true,1785419921873,FastAccept
1785419921847,false,1785419921909,FastAccept
1785419921884,true,1785419921946,FastAccept
1785419921922,false,1785419921984,FastAccept
1785419921961,false,1785419922022,FastAccept
1785419922000,true,1785419922061,FastAccept
1785419922040,true,1785419922101,FastAccept
1785419922080,true,1785419922142,FastAccept
1785419922122,false,1785419922183,FastAccept
1785419922164,true,1785419922225,FastAccept
1785419922207,true,1785419922269,FastAccept
1785419922250,false,1785419922313,FastAccept
1785419922296,true,1785419922357,FastAccept
1785419922342,false,1785419922405,FastAccept
1785419922388,true,1785419922450,FastAccept
1785419922437,false,1785419922498,FastAccept
1785419922486,false,1785419922548,FastAccept
1785419922536,false,1785419922598,FastAccept
1785419922588,false,1785419922650,FastAccept
1785419922641,true,1785419922703,FastAccept
1785419922695,false,1785419922756,FastAccept
1785419922751,false,1785419922814,FastAccept
1785419922809,true,1785419922871,FastAccept
1785419922867,false,1785419922929,FastAccept
1785419922928,false,1785419922989,FastAccept
1785419922991,true,1785419923052,FastAccept
1785419923056,true,1785419923118,FastAccept
1785419923123,false,1785419923185,FastAccept
1785419923192,false,1785419923254,FastAccept
1785419923264,false,1785419923327,FastAccept
1785419923338,true,1785419923400,FastAccept
1785419923415,false,1785419923476,FastAccept
1785419923493,true,1785419923554,FastAccept
1785419923576,false,,
1785419923661,true,1785419923735,LeaderAccept
1785419923750,true,1785419923825,LeaderAccept
1785419923844,false,1785419923918,LeaderAccept
1785419923942,false,1785419924016,LeaderAccept
1785419924045,true,1785419924119,LeaderAccept
1785419924154,false,1785419924228,LeaderAccept
1785419924269,true,1785419924344,LeaderAccept
1785419924390,true,1785419924465,LeaderAccept
1785419924518,true,1785419924593,LeaderAccept
1785419924656,false,1785419924730,LeaderAccept
1785419924803,false,1785419924876,LeaderAccept
1785419924961,false,1785419925035,LeaderAccept
1785419925130,true,1785419925204,LeaderAccept
1785419925315,true,1785419925389,LeaderAccept
1785419925519,false,1785419925594,LeaderAccept
1785419925744,true,1785419925818,LeaderAccept
1785419925996,true,1785419926069,LeaderAccept
1785419926281,false,1785419926356,LeaderAccept
1785419926610,true,1785419926684,LeaderAccept
1785419926996,false,1785419927071,LeaderAccept
1785419927466,true,1785419927541,LeaderAccept
1785419928059,false,1785419928134,LeaderAccept
1785419928856,true,1785419928931,LeaderAccept
1785419930043,false,1785419930118,LeaderAccept
1785419932190,true,1785419932265,LeaderAccept
1785419938470,true,1785419938532,FastAccept
1785419950529,false,1785419950585,FastAccept
1785419950548,false,1785419950604,FastAccept
1785419950567,true,1785419950624,FastAccept
1785419950588,true,1785419950644,FastAccept
1785419950609,false,1785419950664,FastAccept
1785419950629,true,1785419950685,FastAccept
1785419950649,true,1785419950706,FastAccept
1785419950670,true,1785419950725,FastAccept
1785419950690,true,1785419950746,FastAccept
1785419950712,true,1785419950768,FastAccept
1785419950734,false,1785419950789,FastAccept
1785419950754,true,1785419950810,FastAccept
1785419950775,true,1785419950831,FastAccept
1785419950798,true,1785419950853,FastAccept
1785419950819,false,1785419950876,FastAccept
1785419950842,true,1785419950898,FastAccept
1785419950864,false,1785419950921,FastAccept
1785419950888,false,1785419950945,FastAccept
1785419950910,false,1785419950967,FastAccept
1785419950934,false,1785419950990,FastAccept
1785419950957,false,1785419951013,FastAccept
1785419950981,true,1785419951038,FastAccept
1785419951005,true,1785419951061,FastAccept
1785419951030,true,,
1785419951055,false,,
1785419951080,false,,
1785419951106,false,,
1785419951132,false,1785419951206,LeaderAccept
1785419951158,false,1785419951231,LeaderAccept
1785419951184,true,1785419951258,LeaderAccept
1785419951211,true,1785419951284,LeaderAccept
1785419951237,true,1785419951311,LeaderAccept
1785419951265,false,1785419951339,LeaderAccept
1785419951293,false,1785419951367,LeaderAccept
1785419951320,false,1785419951394,LeaderAccept
1785419951348,false,1785419951422,LeaderAccept
1785419951378,true,1785419951452,LeaderAccept
1785419951407,false,1785419951481,LeaderAccept
1785419951436,true,1785419951511,LeaderAccept
1785419951467,false,1785419951541,LeaderAccept
1785419951496,true,1785419951570,LeaderAccept
1785419951528,true,1785419951602,LeaderAccept
1785419951559,true,1785419951633,LeaderAccept
1785419951592,true,1785419951665,LeaderAccept
1785419951623,false,1785419951697,LeaderAccept
1785419951656,true,1785419951731,LeaderAccept
1785419951689,false,1785419951764,LeaderAccept
1785419951724,false,1785419951798,LeaderAccept
1785419951759,false,1785419951832,LeaderAccept
1785419951794,true,1785419951868,LeaderAccept
1785419951830,true,1785419951904,LeaderAccept
1785419951866,false,1785419951941,LeaderAccept
1785419951903,false,1785419951977,LeaderAccept
1785419951941,true,1785419952015,LeaderAccept
1785419951979,false,1785419952052,LeaderAccept
1785419952017,false,1785419952091,LeaderAccept
1785419952056,true,1785419952130,LeaderAccept
1785419952096,false,1785419952170,LeaderAccept
1785419952137,false,1785419952212,LeaderAccept
1785419952180,false,1785419952253,LeaderAccept
1785419952223,false,1785419952297,LeaderAccept
1785419952266,true,1785419952341,LeaderAccept
1785419952312,true,1785419952385,LeaderAccept
1785419952358,false,1785419952432,LeaderAccept
1785419952405,true,1785419952478,LeaderAccept
1785419952453,false,1785419952527,LeaderAccept
1785419952503,false,1785419952577,LeaderAccept
1785419952553,false,1785419952627,LeaderAccept
1785419952604,false,1785419952679,LeaderAccept
1785419952657,false,1785419952731,LeaderAccept
1785419952712,true,1785419952786,LeaderAccept
1785419952767,false,1785419952842,LeaderAccept
1785419952825,true,1785419952899,LeaderAccept
1785419952884,true,1785419952958,LeaderAccept
1785419952944,false,1785419953018,LeaderAccept
1785419953006,true,1785419953081,LeaderAccept
1785419953071,true,1785419953145,LeaderAccept
1785419953137,false,1785419953211,LeaderAccept
1785419953206,true,1785419953280,LeaderAccept
1785419953276,false,1785419953350,LeaderAccept
1785419953350,false,1785419953424,LeaderAccept
1785419953427,true,1785419953501,LeaderAccept
1785419953507,false,1785419953581,LeaderAccept
1785419953590,false,1785419953665,LeaderAccept
1785419953676,true,1785419953750,LeaderAccept
1785419953766,true,1785419953840,LeaderAccept
1785419953860,true,1785419953934,LeaderAccept
1785419953957,false,1785419954031,LeaderAccept
1785419954061,true,1785419954135,LeaderAccept
1785419954169,true,1785419954243,LeaderAccept
1785419954283,false,1785419954357,LeaderAccept
1785419954404,false,1785419954477,LeaderAccept
1785419954532,false,1785419954606,LeaderAccept
1785419954668,false,1785419954742,LeaderAccept
1785419954815,false,1785419954889,LeaderAccept
1785419954971,true,1785419955045,LeaderAccept
1785419955142,true,1785419955217,LeaderAccept
1785419955327,false,1785419955402,LeaderAccept
1785419955529,true,1785419955604,LeaderAccept
1785419955753,false,1785419955828,LeaderAccept
1785419956003,true,1785419956077,LeaderAccept
1785419956287,false,1785419956361,LeaderAccept
1785419956614,false,1785419956688,LeaderAccept
1785419956999,false,1785419957072,LeaderAccept
1785419957466,false,1785419957540,LeaderAccept
1785419958053,true,1785419958127,LeaderAccept
1785419958841,false,1785419958915,LeaderAccept
1785419960010,false,1785419960084,LeaderAccept
1785419962105,false,1785419962179,LeaderAccept
1785419968076,true,1785419968151,LeaderAccept
1785419991213,true,1785419991269,FastAccept
1785419991240,true,1785419991296,FastAccept
1785419991266,false,1785419991322,FastAccept
1785419991294,true,1785419991349,FastAccept
1785419991320,true,1785419991376,FastAccept
1785419991347,false,1785419991403,FastAccept
1785419991376,true,1785419991432,FastAccept
1785419991404,true,1785419991460,FastAccept
1785419991434,false,1785419991490,FastAccept
1785419991462,true,1785419991519,FastAccept
1785419991492,true,1785419991548,FastAccept
1785419991522,true,1785419991578,FastAccept
1785419991552,false,1785419991609,FastAccept
1785419991583,false,1785419991640,FastAccept
1785419991615,true,1785419991671,FastAccept
1785419991647,true,1785419991703,FastAccept
1785419991678,false,1785419991734,FastAccept
1785419991710,true,1785419991766,FastAccept
1785419991743,false,1785419991799,FastAccept
1785419991777,false,1785419991833,FastAccept
1785419991812,true,1785419991900,SlowAccept
1785419991847,false,1785419991903,FastAccept
1785419991882,true,1785419991939,FastAccept
1785419991919,false,1785419991976,FastAccept
1785419991956,true,1785419992012,FastAccept
1785419991994,true,1785419992050,FastAccept
1785419992033,false,1785419992089,FastAccept
1785419992071,true,1785419992128,FastAccept
1785419992111,true,1785419992167,FastAccept
1785419992152,true,1785419992208,FastAccept
1785419992193,true,1785419992249,FastAccept
1785419992234,false,1785419992291,FastAccept
1785419992278,true,1785419992334,FastAccept
1785419992321,true,1785419992377,FastAccept
1785419992365,false,1785419992422,FastAccept
1785419992411,false,1785419992466,FastAccept
1785419992457,false,1785419992513,FastAccept
1785419992505,true,1785419992561,FastAccept
1785419992554,true,1785419992610,FastAccept
1785419992604,false,1785419992661,FastAccept
1785419992655,false,1785419992712,FastAccept
1785419992708,false,1785419992764,FastAccept
1785419992762,true,1785419992818,FastAccept
1785419992818,true,1785419992874,FastAccept
1785419992875,false,1785419992931,FastAccept
1785419992933,true,1785419992989,FastAccept
1785419992994,true,1785419993049,FastAccept
1785419993056,true,1785419993112,FastAccept
1785419993119,true,,
1785419993186,true,1785419993242,FastAccept
1785419993254,true,1785419993310,FastAccept
1785419993324,false,1785419993381,FastAccept
1785419993398,true,1785419993454,FastAccept
1785419993473,true,1785419993530,FastAccept
1785419993552,true,1785419993608,FastAccept
1785419993633,false,1785419993689,FastAccept
1785419993719,false,1785419993775,FastAccept
1785419993808,true,1785419993864,FastAccept
1785419993900,false,1785419993956,FastAccept
1785419993997,false,1785419994053,FastAccept
1785419994098,false,1785419994154,FastAccept
1785419994206,true,1785419994262,FastAccept
1785419994318,true,1785419994374,FastAccept
1785419994438,true,1785419994494,FastAccept
1785419994564,true,1785419994621,FastAccept
1785419994698,true,1785419994754,FastAccept
1785419994843,true,1785419994899,FastAccept
1785419994997,false,1785419995054,FastAccept
1785419995165,false,1785419995221,FastAccept
1785419995347,false,1785419995403,FastAccept
1785419995546,false,1785419995602,FastAccept
1785419995765,false,1785419995821,FastAccept
1785419996009,false,1785419996065,FastAccept
1785419996285,false,1785419996341,FastAccept
1785419996602,true,1785419996658,FastAccept
1785419996973,true,1785419997029,FastAccept
1785419997419,true,1785419997475,FastAccept
1785419997976,true,1785419998032,FastAccept
1785419998711,true,1785419998768,FastAccept
1785419999773,true,1785419999829,FastAccept
1785420001579,true,1785420001635,FastAccept
1785420006029,false,1785420006099,LeaderAccept
1785420034617,false,1785420034686,LeaderAccept
1785420034655,false,,
1785420034694,true,1785420034764,LeaderAccept
1785420034735,false,1785420034805,LeaderAccept
1785420034776,true,1785420034846,LeaderAccept
1785420034819,false,1785420034888,LeaderAccept
1785420034862,true,1785420034932,LeaderAccept
1785420034906,false,1785420034976,LeaderAccept
1785420034950,true,1785420035020,LeaderAccept
1785420034996,true,1785420035065,LeaderAccept
1785420035043,true,1785420035112,LeaderAccept
1785420035091,true,1785420035160,LeaderAccept
1785420035140,true,1785420035210,LeaderAccept
1785420035190,true,1785420035259,LeaderAccept
1785420035242,false,1785420035313,LeaderAccept
1785420035295,false,1785420035365,LeaderAccept
1785420035349,true,1785420035418,LeaderAccept
1785420035405,false,1785420035475,LeaderAccept
1785420035462,true,1785420035532,LeaderAccept
1785420035521,true,1785420035591,LeaderAccept
1785420035582,false,1785420035652,LeaderAccept
1785420035645,true,1785420035715,LeaderAccept
1785420035709,true,1785420035779,LeaderAccept
1785420035776,true,1785420035846,LeaderAccept
1785420035845,false,1785420035915,LeaderAccept
1785420035915,true,1785420035984,LeaderAccept
1785420035989,true,1785420036058,LeaderAccept
1785420036065,false,1785420036134,LeaderAccept
1785420036144,true,1785420036213,LeaderAccept
1785420036226,false,1785420036296,LeaderAccept
1785420036311,true,1785420036381,LeaderAccept
1785420036401,true,1785420036471,LeaderAccept
1785420036494,false,1785420036563,LeaderAccept
1785420036591,true,1785420036661,LeaderAccept
1785420036693,false,1785420036763,LeaderAccept
1785420036801,true,1785420036871,LeaderAccept
1785420036914,false,1785420036984,LeaderAccept
1785420037035,false,1785420037105,LeaderAccept
1785420037162,false,1785420037232,LeaderAccept
1785420037297,false,1785420037367,LeaderAccept
1785420037443,true,1785420037513,LeaderAccept
1785420037599,false,1785420037669,LeaderAccept
1785420037768,false,1785420037837,LeaderAccept
1785420037951,true,1785420038021,LeaderAccept
1785420038151,false,1785420038221,LeaderAccept
1785420038373,true,1785420038442,LeaderAccept
1785420038619,false,1785420038689,LeaderAccept
1785420038898,true,1785420038968,LeaderAccept
1785420039220,false,1785420039289,LeaderAccept
1785420039597,true,1785420039666,LeaderAccept
1785420040051,true,1785420040121,LeaderAccept
1785420040622,true,1785420040691,LeaderAccept
1785420041380,true,1785420041450,LeaderAccept
1785420042486,false,1785420042555,LeaderAccept
1785420044410,true,1785420044480,LeaderAccept
1785420049444,false,1785420049514,LeaderAccept
1785420070112,false,1785420070181,LeaderAccept
1785420070133,false,1785420070203,LeaderAccept
1785420070155,true,1785420070224,LeaderAccept
1785420070176,true,1785420070246,LeaderAccept
1785420070199,false,1785420070267,LeaderAccept
1785420070221,false,1785420070290,LeaderAccept
1785420070244,true,1785420070313,LeaderAccept
1785420070266,false,1785420070336,LeaderAccept
1785420070290,true,1785420070358,LeaderAccept
1785420070312,true,1785420070381,LeaderAccept
1785420070335,true,1785420070404,LeaderAccept
1785420070358,true,1785420070428,LeaderAccept
1785420070383,false,1785420070452,LeaderAccept
1785420070406,true,1785420070476,LeaderAccept
1785420070431,false,1785420070500,LeaderAccept
1785420070456,true,1785420070524,LeaderAccept
1785420070481,false,1785420070549,LeaderAccept
1785420070507,false,1785420070576,LeaderAccept
1785420070532,false,1785420070602,LeaderAccept
1785420070559,true,1785420070628,LeaderAccept
1785420070586,true,1785420070656,LeaderAccept
1785420070613,true,1785420070683,LeaderAccept
1785420070640,false,1785420070710,LeaderAccept
1785420070668,false,1785420070739,LeaderAccept
1785420070697,true,1785420070766,LeaderAccept
1785420070726,false,1785420070796,LeaderAccept
1785420070755,false,1785420070825,LeaderAccept
1785420070784,true,1785420070853,LeaderAccept
1785420070814,false,1785420070885,LeaderAccept
1785420070843,true,1785420070913,LeaderAccept
1785420070873,false,1785420070943,LeaderAccept
1785420070904,false,1785420070974,LeaderAccept
1785420070935,false,1785420071004,LeaderAccept
1785420070966,false,1785420071035,LeaderAccept
1785420070999,false,1785420071068,LeaderAccept
1785420071032,true,1785420071101,LeaderAccept
1785420071065,true,1785420071135,LeaderAccept
1785420071099,false,1785420071169,LeaderAccept
1785420071134,true,1785420071203,LeaderAccept
1785420071169,false,1785420071238,LeaderAccept
1785420071205,false,1785420071274,LeaderAccept
1785420071241,false,1785420071311,LeaderAccept
1785420071278,false,1785420071347,LeaderAccept
1785420071316,false,1785420071385,LeaderAccept
1785420071353,false,1785420071423,LeaderAccept
1785420071392,false,1785420071461,LeaderAccept
1785420071432,false,1785420071502,LeaderAccept
1785420071473,false,1785420071543,LeaderAccept
1785420071514,true,1785420071584,LeaderAccept
1785420071556,false,1785420071625,LeaderAccept
1785420071599,false,1785420071668,LeaderAccept
1785420071642,false,1785420071712,LeaderAccept
1785420071687,true,1785420071756,LeaderAccept
1785420071733,false,1785420071802,LeaderAccept
1785420071779,false,1785420071849,LeaderAccept
1785420071827,false,1785420071896,LeaderAccept
1785420071876,true,1785420071945,LeaderAccept
1785420071926,true,1785420071995,LeaderAccept
1785420071977,true,1785420072046,LeaderAccept
1785420072030,true,1785420072099,LeaderAccept
1785420072084,false,1785420072153,LeaderAccept
1785420072139,true,1785420072208,LeaderAccept
1785420072195,true,1785420072265,LeaderAccept
1785420072253,true,1785420072322,LeaderAccept
1785420072314,false,1785420072383,LeaderAccept
1785420072376,false,1785420072445,LeaderAccept
1785420072439,false,1785420072508,LeaderAccept
1785420072506,false,1785420072575,LeaderAccept
1785420072575,false,1785420072644,LeaderAccept
1785420072645,true,1785420072714,LeaderAccept
1785420072718,true,1785420072787,LeaderAccept
1785420072794,false,1785420072863,LeaderAccept
1785420072872,true,1785420072942,LeaderAccept
1785420072953,false,1785420073023,LeaderAccept
1785420073038,false,1785420073107,LeaderAccept
1785420073127,false,1785420073196,LeaderAccept
1785420073220,true,1785420073289,LeaderAccept
1785420073317,true,1785420073387,LeaderAccept
1785420073418,false,1785420073488,LeaderAccept
1785420073526,true,1785420073594,LeaderAccept
1785420073638,false,1785420073707,LeaderAccept
1785420073757,false,1785420073826,LeaderAccept
1785420073883,false,1785420073953,LeaderAccept
1785420074018,false,1785420074088,LeaderAccept
1785420074162,false,1785420074231,LeaderAccept
1785420074317,true,1785420074386,LeaderAccept
1785420074482,false,1785420074552,LeaderAccept
1785420074664,true,1785420074733,LeaderAccept
1785420074862,true,1785420074932,LeaderAccept
1785420075080,false,1785420075150,LeaderAccept
1785420075323,true,1785420075392,LeaderAccept
1785420075598,true,1785420075667,LeaderAccept
1785420075913,true,1785420075982,LeaderAccept
1785420076280,false,1785420076349,LeaderAccept
1785420076722,true,1785420076791,LeaderAccept
1785420077274,false,1785420077343,LeaderAccept
1785420078000,false,1785420078069,LeaderAccept
1785420079043,true,1785420079112,LeaderAccept
1785420080800,true,1785420080869,LeaderAccept
1785420085029,true,1785420085080,FastAccept
1785420088097,true,1785420088166,LeaderAccept
1785420088123,true,1785420088192,LeaderAccept
1785420088149,true,1785420088218,LeaderAccept
1785420088175,true,1785420088245,LeaderAccept
1785420088203,false,1785420088272,LeaderAccept
1785420088229,false,1785420088299,LeaderAccept
1785420088257,false,1785420088326,LeaderAccept
1785420088285,false,1785420088354,LeaderAccept
1785420088314,true,1785420088384,LeaderAccept
1785420088342,false,1785420088411,LeaderAccept
1785420088371,true,1785420088441,LeaderAccept
1785420088401,true,1785420088470,LeaderAccept
1785420088431,true,1785420088500,LeaderAccept
1785420088460,false,1785420088529,LeaderAccept
1785420088491,false,1785420088560,LeaderAccept
1785420088521,false,1785420088590,LeaderAccept
1785420088552,false,1785420088621,LeaderAccept
1785420088585,false,1785420088655,LeaderAccept
1785420088617,false,1785420088687,LeaderAccept
1785420088651,false,1785420088720,LeaderAccept
1785420088685,false,1785420088755,LeaderAccept
1785420088720,true,1785420088788,LeaderAccept
1785420088755,true,1785420088824,LeaderAccept
1785420088790,true,1785420088859,LeaderAccept
1785420088826,true,1785420088895,LeaderAccept
1785420088863,true,1785420088932,LeaderAccept
1785420088901,false,1785420088971,LeaderAccept
1785420088939,false,1785420089008,LeaderAccept
1785420088978,false,1785420089047,LeaderAccept
1785420089017,true,1785420089086,LeaderAccept
1785420089058,false,1785420089127,LeaderAccept
1785420089098,true,1785420089168,LeaderAccept
1785420089141,false,1785420089210,LeaderAccept
1785420089184,false,1785420089253,LeaderAccept
1785420089227,false,1785420089296,LeaderAccept
1785420089272,true,1785420089341,LeaderAccept
1785420089317,true,1785420089386,LeaderAccept
1785420089363,true,1785420089432,LeaderAccept
1785420089410,true,1785420089479,LeaderAccept
1785420089458,false,1785420089528,LeaderAccept
1785420089508,false,1785420089577,LeaderAccept
1785420089559,false,1785420089628,LeaderAccept
1785420089611,true,1785420089680,LeaderAccept
1785420089665,false,1785420089734,LeaderAccept
1785420089719,true,1785420089789,LeaderAccept
1785420089776,false,1785420089845,LeaderAccept
1785420089834,false,1785420089903,LeaderAccept
1785420089894,false,1785420089963,LeaderAccept
1785420089954,true,1785420090024,LeaderAccept
1785420090017,true,1785420090086,LeaderAccept
1785420090082,true,1785420090151,LeaderAccept
1785420090150,false,1785420090219,LeaderAccept
1785420090219,false,1785420090289,LeaderAccept
1785420090291,false,1785420090360,LeaderAccept
1785420090366,true,1785420090435,LeaderAccept
1785420090443,false,1785420090513,LeaderAccept
1785420090524,false,1785420090593,LeaderAccept
1785420090608,true,1785420090678,LeaderAccept
1785420090695,false,1785420090765,LeaderAccept
1785420090787,true,1785420090856,LeaderAccept
1785420090882,true,1785420090952,LeaderAccept
1785420090982,true,1785420091051,LeaderAccept
1785420091088,true,1785420091157,LeaderAccept
1785420091199,true,1785420091268,LeaderAccept
1785420091316,false,1785420091385,LeaderAccept
1785420091440,false,1785420091509,LeaderAccept
1785420091572,false,1785420091641,LeaderAccept
1785420091712,true,1785420091781,LeaderAccept
1785420091863,true,1785420091932,LeaderAccept
1785420092026,true,1785420092095,LeaderAccept
1785420092202,false,1785420092271,LeaderAccept
1785420092395,true,1785420092464,LeaderAccept
1785420092607,true,1785420092676,LeaderAccept
1785420092841,false,1785420092911,LeaderAccept
1785420093105,false,1785420093174,LeaderAccept
1785420093407,true,1785420093477,LeaderAccept
1785420093757,false,1785420093827,LeaderAccept
1785420094175,true,1785420094258,SlowAccept
1785420094689,true,1785420094740,FastAccept
1785420095353,false,,
1785420096278,true,1785420096329,FastAccept
1785420097746,true,1785420097798,FastAccept
1785420100804,true,1785420100855,FastAccept
1785420114900,true,1785420114969,LeaderAccept
1785420122662,false,1785420122714,FastAccept
1785420122688,false,1785420122739,FastAccept
1785420122713,false,1785420122764,FastAccept
1785420122739,true,1785420122791,FastAccept
1785420122766,true,1785420122817,FastAccept
1785420122794,true,1785420122845,FastAccept
1785420122822,false,1785420122873,FastAccept
1785420122850,false,1785420122901,FastAccept
1785420122879,true,1785420122930,FastAccept
1785420122908,true,1785420122991,SlowAccept
1785420122937,false,1785420122991,FastAccept
1785420122967,true,1785420123018,FastAccept
1785420122997,false,1785420123048,FastAccept
1785420123028,false,1785420123079,FastAccept
1785420123058,false,1785420123109,FastAccept
1785420123090,false,1785420123142,FastAccept
1785420123122,true,1785420123173,FastAccept
1785420123154,true,1785420123205,FastAccept
1785420123187,true,1785420123238,FastAccept
1785420123219,false,1785420123271,FastAccept
1785420123253,false,1785420123305,FastAccept
1785420123288,true,1785420123339,FastAccept
1785420123323,false,1785420123374,FastAccept
1785420123359,true,1785420123410,FastAccept
1785420123394,false,1785420123446,FastAccept
1785420123432,true,1785420123483,FastAccept
1785420123470,true,1785420123521,FastAccept
1785420123508,false,1785420123559,FastAccept
1785420123547,true,1785420123598,FastAccept
1785420123587,true,1785420123638,FastAccept
1785420123626,false,1785420123677,FastAccept
1785420123668,true,1785420123719,FastAccept
1785420123710,true,1785420123761,FastAccept
1785420123752,true,1785420123804,FastAccept
1785420123796,true,1785420123847,FastAccept
1785420123840,true,1785420123891,FastAccept
1785420123885,false,1785420123937,FastAccept
1785420123932,false,1785420123982,FastAccept
1785420123980,true,1785420124031,FastAccept
1785420124029,false,1785420124080,FastAccept
1785420124079,false,1785420124130,FastAccept
1785420124130,false,1785420124181,FastAccept
1785420124183,true,1785420124266,SlowAccept
1785420124236,false,1785420124288,FastAccept
1785420124291,false,1785420124342,FastAccept
1785420124348,false,1785420124399,FastAccept
1785420124405,true,1785420124457,FastAccept
1785420124465,true,1785420124517,FastAccept
1785420124528,true,1785420124579,FastAccept
1785420124591,true,1785420124642,FastAccept
1785420124657,true,1785420124708,FastAccept
1785420124724,true,1785420124807,SlowAccept
1785420124795,true,1785420124846,FastAccept
1785420124868,false,1785420124919,FastAccept
1785420124943,true,1785420124994,FastAccept
1785420125022,true,1785420125073,FastAccept
1785420125103,false,1785420125154,FastAccept
1785420125188,true,1785420125240,FastAccept
1785420125276,true,1785420125327,FastAccept
1785420125368,true,1785420125419,FastAccept
1785420125464,true,1785420125516,FastAccept
1785420125566,false,1785420125617,FastAccept
1785420125672,true,1785420125723,FastAccept
1785420125783,false,1785420125834,FastAccept
1785420125902,true,1785420125954,FastAccept
1785420126028,true,1785420126079,FastAccept
1785420126161,true,1785420126213,FastAccept
1785420126303,true,1785420126354,FastAccept
1785420126457,false,1785420126508,FastAccept
1785420126623,true,,
1785420126801,true,1785420126853,FastAccept
1785420126997,true,1785420127048,FastAccept
1785420127214,false,1785420127265,FastAccept
1785420127455,false,1785420127506,FastAccept
1785420127726,false,1785420127778,FastAccept
1785420128036,true,1785420128087,FastAccept
1785420128399,false,1785420128450,FastAccept
1785420128834,false,1785420128885,FastAccept
1785420129373,false,1785420129425,FastAccept
1785420130080,false,1785420130131,FastAccept
1785420131085,true,1785420131136,FastAccept
1785420132745,true,1785420132814,LeaderAccept
1785420136550,true,1785420136618,LeaderAccept
1785420162048,false,1785420162121,LeaderAccept
1785420183613,true,1785420183684,FastAccept
1785420183631,true,1785420183703,FastAccept
1785420183650,false,1785420183721,FastAccept
1785420183668,false,1785420183740,FastAccept
1785420183687,true,1785420183759,FastAccept
1785420183705,false,1785420183777,FastAccept
1785420183723,false,1785420183796,FastAccept
1785420183742,false,1785420183815,FastAccept
1785420183762,true,1785420183834,FastAccept
1785420183782,true,1785420183854,FastAccept
1785420183802,true,1785420183906,SlowAccept
1785420183822,false,1785420183906,FastAccept
1785420183842,false,1785420183914,FastAccept
1785420183862,false,1785420183934,FastAccept
1785420183882,true,1785420183954,FastAccept
1785420183903,false,1785420183975,FastAccept
1785420183924,true,1785420183995,FastAccept
1785420183945,false,1785420184017,FastAccept
1785420183966,true,1785420184038,FastAccept
1785420183986,false,1785420184058,FastAccept
1785420184007,false,1785420184079,FastAccept
1785420184029,true,1785420184101,FastAccept
1785420184051,false,1785420184123,FastAccept
1785420184074,true,1785420184146,FastAccept
1785420184097,false,1785420184169,FastAccept
1785420184119,true,1785420184192,FastAccept
1785420184142,true,1785420184213,FastAccept
1785420184165,false,1785420184237,FastAccept
1785420184189,true,1785420184260,FastAccept
1785420184212,true,1785420184284,FastAccept
1785420184236,false,1785420184307,FastAccept
1785420184259,true,1785420184336,FastAccept
1785420184284,true,1785420184355,FastAccept
1785420184309,true,1785420184381,FastAccept
1785420184334,false,1785420184406,FastAccept
1785420184359,true,1785420184430,FastAccept
1785420184384,false,1785420184456,FastAccept
1785420184410,true,1785420184482,FastAccept
1785420184437,true,1785420184509,FastAccept
1785420184464,false,1785420184536,FastAccept
1785420184491,false,1785420184563,FastAccept
1785420184518,false,1785420184590,FastAccept
1785420184546,true,1785420184618,FastAccept
1785420184573,false,1785420184646,FastAccept
1785420184602,true,1785420184673,FastAccept
1785420184631,true,1785420184703,FastAccept
1785420184660,false,1785420184732,FastAccept
1785420184690,false,1785420184763,FastAccept
1785420184719,true,1785420184791,FastAccept
1785420184749,true,1785420184821,FastAccept
1785420184781,false,1785420184853,FastAccept
1785420184813,false,1785420184885,FastAccept
1785420184845,false,1785420184917,FastAccept
1785420184877,false,,
1785420184910,false,1785420184982,FastAccept
1785420184944,true,1785420185016,FastAccept
1785420184978,true,1785420185051,FastAccept
1785420185013,true,1785420185084,FastAccept
1785420185048,true,1785420185120,FastAccept
1785420185084,false,1785420185156,FastAccept
1785420185121,true,1785420185193,FastAccept
1785420185157,false,1785420185229,FastAccept
1785420185195,true,1785420185267,FastAccept
1785420185232,false,1785420185305,FastAccept
1785420185271,true,1785420185343,FastAccept
1785420185311,true,1785420185383,FastAccept
1785420185351,false,1785420185423,FastAccept
1785420185392,false,1785420185464,FastAccept
1785420185435,true,1785420185508,FastAccept
1785420185478,false,1785420185549,FastAccept
1785420185521,true,1785420185594,FastAccept
1785420185566,true,1785420185637,FastAccept
1785420185612,true,1785420185684,FastAccept
1785420185659,false,1785420185763,SlowAccept
1785420185707,true,1785420185779,FastAccept
1785420185756,true,1785420185828,FastAccept
1785420185806,false,1785420185878,FastAccept
1785420185858,false,1785420185930,FastAccept
1785420185911,false,1785420185983,FastAccept
1785420185965,true,1785420186037,FastAccept
1785420186021,false,1785420186093,FastAccept
1785420186078,true,1785420186150,FastAccept
1785420186136,true,,
1785420186197,true,1785420186269,FastAccept
1785420186260,true,1785420186332,FastAccept
1785420186323,false,1785420186396,FastAccept
1785420186389,false,1785420186461,FastAccept
1785420186458,false,1785420186530,FastAccept
1785420186529,true,1785420186601,FastAccept
1785420186602,false,1785420186674,FastAccept
1785420186679,false,1785420186751,FastAccept
1785420186757,false,1785420186829,FastAccept
1785420186839,true,1785420186911,FastAccept
1785420186924,true,1785420186996,FastAccept
1785420187013,false,1785420187085,FastAccept
1785420187105,false,1785420187177,FastAccept
1785420187203,true,1785420187275,FastAccept
1785420187305,false,1785420187377,FastAccept
1785420187412,false,1785420187484,FastAccept
1785420187526,true,1785420187598,FastAccept
1785420187645,false,1785420187717,FastAccept
1785420187772,false,1785420187845,FastAccept
1785420187907,true,1785420187979,FastAccept
1785420188052,false,1785420188124,FastAccept
1785420188207,false,1785420188279,FastAccept
1785420188374,false,1785420188446,FastAccept
1785420188557,true,1785420188647,LeaderAccept
1785420188756,true,1785420188847,LeaderAccept
1785420188976,true,1785420189067,LeaderAccept
1785420189221,true,1785420189312,LeaderAccept
1785420189499,false,1785420189588,LeaderAccept
1785420189817,true,1785420189907,LeaderAccept
1785420190191,true,1785420190282,LeaderAccept
1785420190641,true,1785420190731,LeaderAccept
1785420191203,false,1785420191294,LeaderAccept
1785420191949,true,1785420192039,LeaderAccept
1785420193029,true,1785420193120,LeaderAccept
1785420194884,false,1785420194956,FastAccept
1785420199569,false,1785420199641,FastAccept
1785420211391,true,1785420211481,LeaderAccept
1785420211421,false,1785420211512,LeaderAccept
1785420211453,true,1785420211544,LeaderAccept
1785420211485,true,1785420211575,LeaderAccept
1785420211517,false,1785420211606,LeaderAccept
1785420211549,false,1785420211639,LeaderAccept
1785420211581,true,1785420211671,LeaderAccept
1785420211615,true,1785420211705,LeaderAccept
1785420211649,true,1785420211740,LeaderAccept
1785420211684,false,1785420211775,LeaderAccept
1785420211718,false,1785420211809,LeaderAccept
1785420211755,true,1785420211846,LeaderAccept
1785420211791,false,1785420211882,LeaderAccept
1785420211829,true,1785420211919,LeaderAccept
1785420211867,true,1785420211958,LeaderAccept
1785420211906,true,1785420211996,LeaderAccept
1785420211945,false,1785420212035,LeaderAccept
1785420211985,false,1785420212076,LeaderAccept
1785420212026,true,1785420212116,LeaderAccept
1785420212067,false,1785420212158,LeaderAccept
1785420212109,false,1785420212200,LeaderAccept
1785420212153,false,1785420212244,LeaderAccept
1785420212197,true,1785420212288,LeaderAccept
1785420212242,false,1785420212332,LeaderAccept
1785420212288,true,1785420212380,LeaderAccept
1785420212336,false,1785420212426,LeaderAccept
1785420212383,false,1785420212474,LeaderAccept
1785420212433,false,1785420212524,LeaderAccept
1785420212484,false,1785420212574,LeaderAccept
1785420212536,false,1785420212626,LeaderAccept
1785420212590,true,1785420212679,LeaderAccept
1785420212645,false,1785420212735,LeaderAccept
1785420212701,true,1785420212792,LeaderAccept
1785420212759,true,1785420212849,LeaderAccept
1785420212819,false,1785420212910,LeaderAccept
1785420212881,false,1785420212971,LeaderAccept
1785420212944,true,1785420213035,LeaderAccept
1785420213009,false,1785420213100,LeaderAccept
1785420213075,true,1785420213165,LeaderAccept
1785420213145,true,1785420213236,LeaderAccept
1785420213217,false,1785420213308,LeaderAccept
1785420213291,true,1785420213383,LeaderAccept
1785420213369,false,1785420213460,LeaderAccept
1785420213449,false,1785420213540,LeaderAccept
1785420213533,true,1785420213623,LeaderAccept
1785420213620,true,1785420213711,LeaderAccept
1785420213710,true,1785420213801,LeaderAccept
1785420213806,false,1785420213896,LeaderAccept
1785420213906,false,1785420213996,LeaderAccept
1785420214011,false,1785420214100,LeaderAccept
1785420214121,false,1785420214210,LeaderAccept
1785420214237,true,1785420214329,LeaderAccept
1785420214360,true,1785420214450,LeaderAccept
1785420214490,true,1785420214581,LeaderAccept
1785420214630,true,1785420214721,LeaderAccept
1785420214780,true,1785420214871,LeaderAccept
1785420214942,true,1785420215033,LeaderAccept
1785420215116,false,1785420215207,LeaderAccept
1785420215307,false,1785420215398,LeaderAccept
1785420215516,true,1785420215607,LeaderAccept
1785420215749,true,1785420215840,LeaderAccept
1785420216009,true,1785420216100,LeaderAccept
1785420216307,false,1785420216398,LeaderAccept
1785420216651,false,1785420216743,LeaderAccept
1785420217060,true,1785420217151,LeaderAccept
1785420217562,true,1785420217653,LeaderAccept
1785420218206,true,1785420218278,FastAccept
1785420219094,true,1785420219165,FastAccept
1785420220477,false,1785420220549,FastAccept
1785420223238,true,1785420223310,FastAccept
1785420234213,true,1785420234304,LeaderAccept
1785420243661,false,1785420243735,FastAccept
1785420243682,true,1785420243754,FastAccept
1785420243703,true,1785420243775,FastAccept
1785420243723,true,1785420243796,FastAccept
1785420243745,true,1785420243817,FastAccept
1785420243767,true,1785420243839,FastAccept
1785420243788,true,1785420243861,FastAccept
1785420243811,false,1785420243884,FastAccept
1785420243833,false,1785420243904,FastAccept
1785420243855,false,1785420243927,FastAccept
1785420243877,false,1785420243949,FastAccept
1785420243901,false,1785420243972,FastAccept
1785420243924,false,1785420243996,FastAccept
1785420243946,false,1785420244018,FastAccept
1785420243970,true,1785420244041,FastAccept
1785420243994,false,1785420244065,FastAccept
1785420244018,true,1785420244090,FastAccept
1785420244042,true,1785420244114,FastAccept
1785420244067,false,1785420244139,FastAccept
1785420244092,true,1785420244164,FastAccept
1785420244118,false,1785420244190,FastAccept
1785420244144,true,1785420244216,FastAccept
1785420244170,false,1785420244242,FastAccept
1785420244197,true,1785420244269,FastAccept
1785420244224,true,1785420244296,FastAccept
1785420244251,false,1785420244323,FastAccept
1785420244278,true,1785420244351,FastAccept
1785420244306,true,1785420244378,FastAccept
1785420244333,true,1785420244406,FastAccept
1785420244361,true,1785420244433,FastAccept
1785420244390,false,1785420244461,FastAccept
1785420244419,true,1785420244491,FastAccept
1785420244449,true,1785420244520,FastAccept
1785420244479,true,1785420244550,FastAccept
1785420244509,false,1785420244581,FastAccept
1785420244540,true,1785420244612,FastAccept
1785420244571,true,1785420244642,FastAccept
1785420244602,false,1785420244675,FastAccept
1785420244635,true,1785420244707,FastAccept
1785420244668,true,1785420244740,FastAccept
1785420244701,false,1785420244773,FastAccept
1785420244735,true,1785420244806,FastAccept
1785420244768,false,1785420244840,FastAccept
1785420244803,false,1785420244875,FastAccept
1785420244838,true,1785420244910,FastAccept
1785420244875,true,1785420244946,FastAccept
1785420244912,false,,
1785420244949,true,1785420245021,FastAccept
1785420244988,false,1785420245059,FastAccept
1785420245027,false,1785420245099,FastAccept
1785420245067,true,1785420245139,FastAccept
1785420245107,false,1785420245179,FastAccept
1785420245148,true,1785420245220,FastAccept
1785420245190,true,1785420245262,FastAccept
1785420245233,false,1785420245305,FastAccept
1785420245276,false,1785420245349,FastAccept
1785420245321,false,1785420245393,FastAccept
1785420245367,false,1785420245439,FastAccept
1785420245414,false,1785420245486,FastAccept
1785420245461,false,1785420245533,FastAccept
1785420245511,false,1785420245583,FastAccept
1785420245561,false,1785420245633,FastAccept
1785420245611,true,1785420245684,FastAccept
1785420245664,true,1785420245737,FastAccept
1785420245718,false,1785420245790,FastAccept
1785420245774,true,1785420245846,FastAccept
1785420245831,true,1785420245903,FastAccept
1785420245889,false,1785420245961,FastAccept
1785420245948,true,1785420246020,FastAccept
1785420246010,false,1785420246082,FastAccept
1785420246074,true,1785420246146,FastAccept
1785420246141,false,1785420246213,FastAccept
1785420246209,false,1785420246280,FastAccept
1785420246278,false,1785420246350,FastAccept
1785420246352,true,1785420246424,FastAccept
1785420246428,true,1785420246501,FastAccept
1785420246507,true,1785420246579,FastAccept
1785420246588,true,1785420246660,FastAccept
1785420246672,true,1785420246745,FastAccept
1785420246761,true,1785420246832,FastAccept
1785420246853,true,1785420246925,FastAccept
1785420246950,false,1785420247021,FastAccept
1785420247051,false,1785420247123,FastAccept
1785420247158,false,1785420247229,FastAccept
1785420247270,false,1785420247342,FastAccept
1785420247389,false,1785420247461,FastAccept
1785420247515,true,1785420247587,FastAccept
1785420247648,true,1785420247721,FastAccept
1785420247792,false,1785420247864,FastAccept
1785420247946,false,1785420248018,FastAccept
1785420248112,true,1785420248184,FastAccept
1785420248293,true,1785420248365,FastAccept
1785420248491,false,1785420248563,FastAccept
1785420248709,true,1785420248780,FastAccept
1785420248951,false,1785420249022,FastAccept
1785420249225,true,1785420249297,FastAccept
1785420249538,false,1785420249610,FastAccept
1785420249905,false,1785420249977,FastAccept
1785420250345,true,1785420250417,FastAccept
1785420250894,true,,
1785420251614,false,,
1785420252647,true,,
1785420254376,false,1785420254467,LeaderAccept
1785420254679,true,1785420254769,LeaderAccept
1785420254695,true,1785420254783,LeaderAccept
1785420254709,true,1785420254799,LeaderAccept
1785420254725,true,1785420254814,LeaderAccept
1785420254740,true,1785420254829,LeaderAccept
1785420254756,true,1785420254845,LeaderAccept
1785420254772,false,1785420254861,LeaderAccept
1785420254788,false,1785420254876,LeaderAccept
1785420254803,false,1785420254893,LeaderAccept
1785420254819,false,1785420254909,LeaderAccept
1785420254835,false,1785420254925,LeaderAccept
1785420254851,true,1785420254940,LeaderAccept
1785420254867,false,1785420254957,LeaderAccept
1785420254883,true,1785420254972,LeaderAccept
1785420254900,true,1785420254989,LeaderAccept
1785420254916,false,1785420255005,LeaderAccept
1785420254932,false,1785420255018,LeaderAccept
1785420254950,true,1785420255036,LeaderAccept
1785420254966,false,1785420255053,LeaderAccept
1785420254983,true,1785420255070,LeaderAccept
1785420255001,false,1785420255088,LeaderAccept
1785420255017,false,1785420255104,LeaderAccept
1785420255035,true,1785420255123,LeaderAccept
1785420255053,false,1785420255140,LeaderAccept
1785420255070,true,1785420255157,LeaderAccept
1785420255089,false,1785420255176,LeaderAccept
1785420255106,true,1785420255194,LeaderAccept
1785420255125,true,1785420255212,LeaderAccept
1785420255144,true,1785420255231,LeaderAccept
1785420255163,false,1785420255250,LeaderAccept
1785420255182,false,1785420255269,LeaderAccept
1785420255201,true,1785420255287,LeaderAccept
1785420255219,false,1785420255306,LeaderAccept
1785420255239,false,1785420255326,LeaderAccept
1785420255258,true,1785420255346,LeaderAccept
1785420255277,false,1785420255364,LeaderAccept
1785420255296,false,1785420255383,LeaderAccept
1785420255316,false,1785420255403,LeaderAccept
1785420255337,true,1785420255423,LeaderAccept
1785420255358,true,1785420255445,LeaderAccept
1785420255378,true,1785420255465,LeaderAccept
1785420255399,true,1785420255486,LeaderAccept
1785420255420,true,1785420255507,LeaderAccept
1785420255441,true,1785420255528,LeaderAccept
1785420255462,false,1785420255549,LeaderAccept
1785420255482,true,1785420255569,LeaderAccept
1785420255504,true,1785420255591,LeaderAccept
1785420255526,false,1785420255613,LeaderAccept
1785420255548,false,1785420255635,LeaderAccept
1785420255570,true,1785420255657,LeaderAccept
1785420255593,false,1785420255680,LeaderAccept
1785420255616,true,1785420255702,LeaderAccept
1785420255639,false,1785420255727,LeaderAccept
1785420255661,true,1785420255748,LeaderAccept
1785420255686,true,1785420255774,LeaderAccept
1785420255710,false,1785420255797,LeaderAccept
1785420255734,true,1785420255822,LeaderAccept
1785420255759,false,1785420255846,LeaderAccept
1785420255784,false,1785420255871,LeaderAccept
1785420255810,false,1785420255897,LeaderAccept
1785420255836,true,1785420255923,LeaderAccept
1785420255862,true,1785420255949,LeaderAccept
1785420255888,true,1785420255975,LeaderAccept
1785420255915,true,1785420256002,LeaderAccept
1785420255941,false,1785420256029,LeaderAccept
1785420255968,true,1785420256056,LeaderAccept
1785420255996,false,1785420256083,LeaderAccept
1785420256024,true,1785420256110,LeaderAccept
1785420256052,true,1785420256139,LeaderAccept
1785420256081,false,1785420256168,LeaderAccept
1785420256110,true,1785420256197,LeaderAccept
1785420256139,true,1785420256226,LeaderAccept
1785420256169,true,1785420256256,LeaderAccept
1785420256199,false,1785420256286,LeaderAccept
1785420256230,false,1785420256316,LeaderAccept
1785420256261,true,1785420256347,LeaderAccept
1785420256292,false,1785420256378,LeaderAccept
1785420256324,true,1785420256412,LeaderAccept
1785420256356,false,1785420256443,LeaderAccept
1785420256390,false,1785420256476,LeaderAccept
1785420256424,false,1785420256511,LeaderAccept
1785420256457,true,1785420256544,LeaderAccept
1785420256492,true,1785420256579,LeaderAccept
1785420256527,true,1785420256613,LeaderAccept
1785420256563,true,1785420256650,LeaderAccept
1785420256599,true,1785420256685,LeaderAccept
1785420256635,false,1785420256722,LeaderAccept
1785420256674,true,1785420256761,LeaderAccept
1785420256713,true,1785420256800,LeaderAccept
1785420256751,false,1785420256838,LeaderAccept
1785420256792,false,1785420256878,LeaderAccept
1785420256833,true,1785420256920,LeaderAccept
1785420256875,true,1785420256961,LeaderAccept
1785420256918,true,1785420257005,LeaderAccept
1785420256960,false,1785420257047,LeaderAccept
1785420257005,false,1785420257091,LeaderAccept
1785420257050,false,1785420257137,LeaderAccept
1785420257096,true,1785420257183,LeaderAccept
1785420257144,false,1785420257231,LeaderAccept
1785420257192,false,1785420257279,LeaderAccept
1785420257242,false,1785420257329,LeaderAccept
1785420257293,true,1785420257380,LeaderAccept
1785420257344,false,1785420257431,LeaderAccept
1785420257398,false,1785420257486,LeaderAccept
1785420257453,true,1785420257540,LeaderAccept
1785420257509,false,1785420257596,LeaderAccept
1785420257566,true,1785420257653,LeaderAccept
1785420257626,false,1785420257713,LeaderAccept
1785420257687,false,1785420257774,LeaderAccept
1785420257751,false,1785420257837,LeaderAccept
1785420257816,false,1785420257903,LeaderAccept
1785420257883,true,1785420257970,LeaderAccept
1785420257951,true,1785420258039,LeaderAccept
1785420258024,false,1785420258111,LeaderAccept
1785420258098,false,1785420258185,LeaderAccept
1785420258174,true,1785420258260,LeaderAccept
1785420258255,false,1785420258341,LeaderAccept
1785420258339,false,1785420258426,LeaderAccept
1785420258426,true,1785420258514,LeaderAccept
1785420258517,true,1785420258604,LeaderAccept
1785420258611,false,1785420258698,LeaderAccept
1785420258711,true,1785420258798,LeaderAccept
1785420258814,true,1785420258902,LeaderAccept
1785420258924,false,1785420259011,LeaderAccept
1785420259040,true,1785420259127,LeaderAccept
1785420259163,true,1785420259250,LeaderAccept
1785420259293,true,1785420259381,LeaderAccept
1785420259433,true,1785420259520,LeaderAccept
1785420259582,false,1785420259669,LeaderAccept
1785420259743,true,1785420259829,LeaderAccept
1785420259917,false,1785420260004,LeaderAccept
1785420260106,false,1785420260194,LeaderAccept
1785420260314,false,1785420260401,LeaderAccept
1785420260546,false,1785420260634,LeaderAccept
1785420260805,true,1785420260892,LeaderAccept
1785420261101,true,1785420261188,LeaderAccept
1785420261444,false,1785420261531,LeaderAccept
1785420261850,true,1785420261940,LeaderAccept
1785420262346,true,1785420262436,LeaderAccept
1785420262983,true,1785420263073,LeaderAccept
1785420263857,false,1785420263946,LeaderAccept
1785420265209,true,1785420265281,FastAccept
1785420267866,false,1785420267938,FastAccept
