request_time,write,response_time,accept_status
1785419613463,false,1785419613500,LeaderAccept
1785419614040,true,1785419614075,LeaderAccept
1785419614071,true,1785419614106,LeaderAccept
1785419614102,false,1785419614137,LeaderAccept
1785419614133,true,1785419614169,LeaderAccept
1785419614165,true,1785419614201,LeaderAccept
1785419614198,true,1785419614233,LeaderAccept
1785419614230,true,1785419614266,LeaderAccept
1785419614265,true,1785419614300,LeaderAccept
1785419614298,true,1785419614333,LeaderAccept
1785419614333,false,1785419614368,LeaderAccept
1785419614368,false,1785419614404,LeaderAccept
1785419614405,false,1785419614440,LeaderAccept
1785419614441,true,1785419614477,LeaderAccept
1785419614479,true,1785419614515,LeaderAccept
1785419614517,true,1785419614552,LeaderAccept
1785419614556,true,1785419614591,LeaderAccept
1785419614594,false,1785419614630,LeaderAccept
1785419614634,false,1785419614670,LeaderAccept
1785419614675,false,1785419614711,LeaderAccept
1785419614717,false,1785419614753,LeaderAccept
1785419614760,true,1785419614796,LeaderAccept
1785419614804,true,1785419614839,LeaderAccept
1785419614849,false,1785419614885,LeaderAccept
1785419614894,true,1785419614930,LeaderAccept
1785419614941,false,1785419614976,LeaderAccept
1785419614989,true,1785419615024,LeaderAccept
1785419615037,false,1785419615073,LeaderAccept
1785419615087,true,1785419615123,LeaderAccept
1785419615138,true,1785419615174,LeaderAccept
1785419615190,true,1785419615226,LeaderAccept
1785419615243,true,1785419615279,LeaderAccept
1785419615299,false,1785419615334,LeaderAccept
1785419615354,false,1785419615390,LeaderAccept
1785419615412,true,1785419615447,LeaderAccept
1785419615472,true,1785419615507,LeaderAccept
1785419615533,true,1785419615569,LeaderAccept
1785419615596,false,1785419615632,LeaderAccept
1785419615661,false,1785419615697,LeaderAccept
1785419615729,false,1785419615765,LeaderAccept
1785419615799,false,1785419615835,LeaderAccept
1785419615872,false,1785419615907,LeaderAccept
1785419615947,true,1785419615983,LeaderAccept
1785419616025,false,1785419616061,LeaderAccept
1785419616105,false,1785419616141,LeaderAccept
1785419616188,true,1785419616224,LeaderAccept
1785419616275,true,1785419616310,LeaderAccept
1785419616367,true,1785419616402,LeaderAccept
1785419616462,true,1785419616497,LeaderAccept
1785419616562,true,1785419616598,LeaderAccept
1785419616667,false,1785419616703,LeaderAccept
1785419616778,true,1785419616813,LeaderAccept
1785419616895,false,1785419616930,LeaderAccept
1785419617019,true,1785419617054,LeaderAccept
1785419617151,true,1785419617187,LeaderAccept
1785419617291,true,1785419617327,LeaderAccept
1785419617441,true,1785419617477,LeaderAccept
1785419617603,false,1785419617639,LeaderAccept
1785419617779,true,1785419617815,LeaderAccept
1785419617972,true,1785419618007,LeaderAccept
1785419618183,true,1785419618218,LeaderAccept
1785419618418,false,1785419618454,LeaderAccept
1785419618681,false,1785419618717,LeaderAccept
1785419618982,true,1785419619018,LeaderAccept
1785419619331,true,1785419619367,LeaderAccept
1785419619747,false,1785419619783,LeaderAccept
1785419620260,true,1785419620295,LeaderAccept
1785419620920,false,1785419620955,LeaderAccept
1785419621840,false,1785419621875,LeaderAccept
1785419623294,true,1785419623330,LeaderAccept
1785419626304,false,1785419626339,LeaderAccept
1785419630339,false,1785419630374,LeaderAccept
1785419630371,true,1785419630407,LeaderAccept
1785419630403,false,1785419630439,LeaderAccept
1785419630437,false,1785419630472,LeaderAccept
1785419630471,false,1785419630506,LeaderAccept
1785419630505,true,1785419630540,LeaderAccept
1785419630540,false,1785419630575,LeaderAccept
1785419630575,true,1785419630611,LeaderAccept
1785419630611,true,1785419630646,LeaderAccept
1785419630648,false,1785419630683,LeaderAccept
1785419630685,false,1785419630721,LeaderAccept
1785419630723,true,1785419630758,LeaderAccept
1785419630762,false,1785419630797,LeaderAccept
1785419630800,true,1785419630836,LeaderAccept
1785419630841,true,1785419630876,LeaderAccept
1785419630881,true,1785419630917,LeaderAccept
1785419630923,true,1785419630958,LeaderAccept
1785419630966,true,1785419631001,LeaderAccept
1785419631009,true,1785419631045,LeaderAccept
1785419631054,true,1785419631089,LeaderAccept
1785419631099,true,1785419631135,LeaderAccept
1785419631146,false,1785419631181,LeaderAccept
1785419631193,true,1785419631228,LeaderAccept
1785419631243,false,1785419631278,LeaderAccept
1785419631293,false,1785419631328,LeaderAccept
1785419631345,true,1785419631380,LeaderAccept
1785419631396,false,1785419631431,LeaderAccept
1785419631450,true,1785419631484,LeaderAccept
1785419631505,true,1785419631540,LeaderAccept
1785419631562,true,1785419631597,LeaderAccept
1785419631620,true,1785419631655,LeaderAccept
1785419631679,false,1785419631715,LeaderAccept
1785419631741,true,1785419631777,LeaderAccept
1785419631805,true,1785419631840,LeaderAccept
1785419631871,true,1785419631906,LeaderAccept
1785419631938,false,1785419631974,LeaderAccept
1785419632008,false,1785419632044,LeaderAccept
1785419632080,false,1785419632115,LeaderAccept
1785419632155,true,1785419632191,LeaderAccept
1785419632234,false,1785419632269,LeaderAccept
1785419632314,true,1785419632350,LeaderAccept
1785419632399,false,1785419632435,LeaderAccept
1785419632487,true,1785419632523,LeaderAccept
1785419632578,false,1785419632614,LeaderAccept
1785419632674,true,1785419632710,LeaderAccept
1785419632774,true,1785419632810,LeaderAccept
1785419632879,false,1785419632914,LeaderAccept
1785419632990,false,1785419633026,LeaderAccept
1785419633109,false,1785419633145,LeaderAccept
1785419633233,false,1785419633269,LeaderAccept
1785419633365,false,1785419633401,LeaderAccept
1785419633507,false,1785419633543,LeaderAccept
1785419633658,true,1785419633694,LeaderAccept
1785419633823,false,1785419633859,LeaderAccept
1785419634001,true,1785419634036,LeaderAccept
1785419634195,false,1785419634230,LeaderAccept
1785419634409,true,1785419634445,LeaderAccept
1785419634646,false,1785419634682,LeaderAccept
1785419634913,false,1785419634949,LeaderAccept
1785419635220,false,1785419635256,LeaderAccept
1785419635576,true,1785419635612,LeaderAccept
1785419636001,true,1785419636037,LeaderAccept
1785419636527,true,1785419636563,LeaderAccept
1785419637211,true,1785419637247,LeaderAccept
1785419638172,false,1785419638208,LeaderAccept
1785419639728,true,1785419639764,LeaderAccept
1785419643110,false,1785419643146,LeaderAccept
1785419661464,false,1785419661500,LeaderAccept
1785419694155,true,1785419694191,LeaderAccept
1785419694188,true,1785419694223,LeaderAccept
1785419694221,true,1785419694257,LeaderAccept
1785419694254,true,1785419694290,LeaderAccept
1785419694288,false,1785419694323,LeaderAccept
1785419694323,false,1785419694359,LeaderAccept
1785419694359,false,1785419694394,LeaderAccept
1785419694394,true,1785419694429,LeaderAccept
1785419694430,true,1785419694466,LeaderAccept
1785419694467,true,1785419694503,LeaderAccept
1785419694504,false,1785419694540,LeaderAccept
1785419694543,false,1785419694579,LeaderAccept
1785419694581,true,1785419694617,LeaderAccept
1785419694621,false,1785419694657,LeaderAccept
1785419694662,true,1785419694698,LeaderAccept
1785419694704,true,1785419694740,LeaderAccept
1785419694746,false,1785419694782,LeaderAccept
1785419694789,true,1785419694825,LeaderAccept
1785419694833,true,1785419694868,LeaderAccept
1785419694877,false,1785419694913,LeaderAccept
1785419694922,true,1785419694959,LeaderAccept
1785419694970,true,1785419695005,LeaderAccept
1785419695017,true,1785419695053,LeaderAccept
1785419695067,false,1785419695103,LeaderAccept
1785419695118,true,1785419695154,LeaderAccept
1785419695170,true,1785419695206,LeaderAccept
1785419695222,true,1785419695258,LeaderAccept
1785419695276,true,1785419695313,LeaderAccept
1785419695331,false,1785419695367,LeaderAccept
1785419695389,false,1785419695425,LeaderAccept
1785419695448,false,1785419695483,LeaderAccept
1785419695509,true,1785419695545,LeaderAccept
1785419695571,false,1785419695607,LeaderAccept
1785419695635,true,1785419695671,LeaderAccept
1785419695702,false,1785419695738,LeaderAccept
1785419695771,true,1785419695807,LeaderAccept
1785419695841,true,1785419695877,LeaderAccept
1785419695914,false,1785419695950,LeaderAccept
1785419695990,true,1785419696025,LeaderAccept
1785419696070,false,1785419696106,LeaderAccept
1785419696151,true,1785419696187,LeaderAccept
1785419696236,true,1785419696272,LeaderAccept
1785419696325,true,1785419696361,LeaderAccept
1785419696418,false,1785419696455,LeaderAccept
1785419696516,true,1785419696552,LeaderAccept
1785419696619,false,1785419696655,LeaderAccept
1785419696726,true,1785419696762,LeaderAccept
1785419696839,false,1785419696875,LeaderAccept
1785419696960,false,1785419696995,LeaderAccept
1785419697088,false,1785419697123,LeaderAccept
1785419697224,true,1785419697260,LeaderAccept
1785419697368,false,1785419697405,LeaderAccept
1785419697525,false,1785419697561,LeaderAccept
1785419697693,true,1785419697729,LeaderAccept
1785419697876,false,1785419697913,LeaderAccept
1785419698078,false,1785419698113,LeaderAccept
1785419698300,true,1785419698336,LeaderAccept
1785419698547,false,1785419698583,LeaderAccept
1785419698827,true,1785419698863,LeaderAccept
1785419699150,true,1785419699185,LeaderAccept
1785419699529,true,1785419699564,LeaderAccept
1785419699986,true,1785419700022,LeaderAccept
1785419700561,false,1785419700596,LeaderAccept
1785419701326,true,1785419701361,LeaderAccept
1785419702447,false,1785419702483,LeaderAccept
1785419704409,true,1785419704445,LeaderAccept
1785419709643,true,1785419709678,LeaderAccept
1785419738554,true,1785419738589,LeaderAccept
1785419738582,true,1785419738617,LeaderAccept
1785419738609,false,1785419738644,LeaderAccept
1785419738638,false,1785419738673,LeaderAccept
1785419738667,true,1785419738701,LeaderAccept
1785419738695,true,1785419738730,LeaderAccept
1785419738725,true,1785419738760,LeaderAccept
1785419738755,true,1785419738790,LeaderAccept
1785419738785,true,1785419738821,LeaderAccept
1785419738816,false,1785419738852,LeaderAccept
1785419738848,false,1785419738884,LeaderAccept
1785419738880,true,1785419738915,LeaderAccept
1785419738913,false,1785419738948,LeaderAccept
1785419738946,true,1785419738982,LeaderAccept
1785419738979,true,1785419739015,LeaderAccept
1785419739014,false,1785419739049,LeaderAccept
1785419739049,true,1785419739084,LeaderAccept
1785419739084,true,1785419739119,LeaderAccept
1785419739119,true,1785419739154,LeaderAccept
1785419739155,true,1785419739190,LeaderAccept
1785419739191,false,1785419739227,LeaderAccept
1785419739229,false,1785419739264,LeaderAccept
1785419739266,true,1785419739302,LeaderAccept
1785419739305,true,1785419739340,LeaderAccept
1785419739345,false,1785419739380,LeaderAccept
1785419739385,false,1785419739420,LeaderAccept
1785419739427,true,1785419739462,LeaderAccept
1785419739468,false,1785419739504,LeaderAccept
1785419739511,true,1785419739546,LeaderAccept
1785419739554,false,1785419739590,LeaderAccept
1785419739599,false,1785419739634,LeaderAccept
1785419739644,false,1785419739679,LeaderAccept
1785419739690,true,1785419739726,LeaderAccept
1785419739739,false,1785419739774,LeaderAccept
1785419739788,false,1785419739823,LeaderAccept
1785419739837,true,1785419739873,LeaderAccept
1785419739888,false,1785419739924,LeaderAccept
1785419739940,false,1785419739975,LeaderAccept
1785419739994,false,1785419740029,LeaderAccept
1785419740049,true,1785419740085,LeaderAccept
1785419740106,false,1785419740142,LeaderAccept
1785419740164,false,1785419740200,LeaderAccept
1785419740224,false,1785419740261,LeaderAccept
1785419740287,true,1785419740321,LeaderAccept
1785419740350,true,1785419740386,LeaderAccept
1785419740417,false,1785419740452,LeaderAccept
1785419740485,true,1785419740521,LeaderAccept
1785419740555,false,1785419740591,LeaderAccept
1785419740627,true,1785419740663,LeaderAccept
1785419740702,false,1785419740739,LeaderAccept
1785419740781,true,1785419740817,LeaderAccept
1785419740863,true,1785419740898,LeaderAccept
1785419740947,false,1785419740983,LeaderAccept
1785419741036,false,1785419741071,LeaderAccept
1785419741128,true,1785419741163,LeaderAccept
1785419741224,false,1785419741260,LeaderAccept
1785419741326,false,1785419741362,LeaderAccept
1785419741433,true,1785419741469,LeaderAccept
1785419741546,true,1785419741582,LeaderAccept
1785419741665,true,1785419741701,LeaderAccept
1785419741790,false,1785419741826,LeaderAccept
1785419741924,true,1785419741960,LeaderAccept
1785419742068,false,1785419742103,LeaderAccept
1785419742221,false,1785419742257,LeaderAccept
1785419742388,false,1785419742424,LeaderAccept
1785419742568,true,1785419742604,LeaderAccept
1785419742765,false,1785419742801,LeaderAccept
1785419742982,true,1785419743018,LeaderAccept
1785419743224,true,1785419743260,LeaderAccept
1785419743498,true,1785419743534,LeaderAccept
1785419743810,true,1785419743846,LeaderAccept
1785419744176,false,1785419744211,LeaderAccept
1785419744614,true,1785419744650,LeaderAccept
1785419745160,true,1785419745197,LeaderAccept
1785419745878,true,1785419745913,LeaderAccept
1785419746904,false,1785419746939,LeaderAccept
1785419748617,false,1785419748653,LeaderAccept
1785419752649,false,1785419752684,LeaderAccept
1785419781912,true,1785419781947,LeaderAccept
1785419781938,true,1785419781974,LeaderAccept
1785419781966,true,1785419782001,LeaderAccept
1785419781994,true,1785419782029,LeaderAccept
1785419782022,true,1785419782058,LeaderAccept
1785419782050,false,1785419782086,LeaderAccept
1785419782079,true,1785419782114,LeaderAccept
1785419782108,true,1785419782143,LeaderAccept
1785419782138,true,1785419782173,LeaderAccept
1785419782168,true,1785419782203,LeaderAccept
1785419782198,false,1785419782233,LeaderAccept
1785419782229,false,1785419782263,LeaderAccept
1785419782260,true,1785419782295,LeaderAccept
1785419782292,true,1785419782327,LeaderAccept
1785419782323,false,1785419782359,LeaderAccept
1785419782356,false,1785419782391,LeaderAccept
1785419782388,false,1785419782423,LeaderAccept
1785419782422,true,1785419782457,LeaderAccept
1785419782456,false,1785419782491,LeaderAccept
1785419782491,true,1785419782526,LeaderAccept
1785419782525,true,1785419782560,LeaderAccept
1785419782560,true,1785419782596,LeaderAccept
1785419782597,true,1785419782632,LeaderAccept
1785419782634,true,1785419782669,LeaderAccept
1785419782671,true,1785419782707,LeaderAccept
1785419782709,true,1785419782745,LeaderAccept
1785419782748,true,1785419782784,LeaderAccept
1785419782788,true,1785419782824,LeaderAccept
1785419782828,false,1785419782865,LeaderAccept
1785419782870,true,1785419782905,LeaderAccept
1785419782912,false,1785419782947,LeaderAccept
1785419782955,true,1785419782990,LeaderAccept
1785419782998,false,1785419783034,LeaderAccept
1785419783044,true,1785419783080,LeaderAccept
1785419783090,true,1785419783126,LeaderAccept
1785419783137,false,1785419783173,LeaderAccept
1785419783186,true,1785419783222,LeaderAccept
1785419783236,true,1785419783272,LeaderAccept
1785419783287,false,1785419783322,LeaderAccept
1785419783339,false,1785419783374,LeaderAccept
1785419783391,true,1785419783427,LeaderAccept
1785419783445,false,1785419783481,LeaderAccept
1785419783502,true,1785419783537,LeaderAccept
1785419783560,true,1785419783595,LeaderAccept
1785419783618,false,1785419783654,LeaderAccept
1785419783680,false,1785419783716,LeaderAccept
1785419783743,false,1785419783779,LeaderAccept
1785419783807,false,1785419783843,LeaderAccept
1785419783873,true,1785419783909,LeaderAccept
1785419783943,true,1785419783978,LeaderAccept
1785419784014,true,1785419784050,LeaderAccept
1785419784088,false,1785419784124,LeaderAccept
1785419784164,true,1785419784200,LeaderAccept
1785419784244,false,1785419784279,LeaderAccept
1785419784327,false,1785419784363,LeaderAccept
1785419784412,false,1785419784448,LeaderAccept
1785419784502,true,1785419784538,LeaderAccept
1785419784595,true,1785419784631,LeaderAccept
1785419784693,true,1785419784729,LeaderAccept
1785419784796,true,1785419784832,LeaderAccept
1785419784906,false,1785419784941,LeaderAccept
1785419785021,true,1785419785057,LeaderAccept
1785419785142,false,1785419785178,LeaderAccept
1785419785271,false,1785419785307,LeaderAccept
1785419785408,true,1785419785444,LeaderAccept
1785419785556,false,1785419785591,LeaderAccept
1785419785713,false,1785419785749,LeaderAccept
1785419785885,false,1785419785920,LeaderAccept
1785419786072,false,1785419786107,LeaderAccept
1785419786277,false,1785419786312,LeaderAccept
1785419786504,true,1785419786539,LeaderAccept
1785419786758,false,1785419786794,LeaderAccept
1785419787046,true,1785419787081,LeaderAccept
1785419787378,false,1785419787414,LeaderAccept
1785419787769,false,1785419787805,LeaderAccept
1785419788246,false,1785419788282,LeaderAccept
1785419788850,false,1785419788887,LeaderAccept
1785419789668,false,1785419789703,LeaderAccept
1785419790896,false,1785419790932,LeaderAccept
1785419793167,false,,
1785419800232,false,1785419800267,LeaderAccept
1785419805260,false,1785419805295,LeaderAccept
1785419805285,false,1785419805321,LeaderAccept
1785419805310,false,1785419805346,LeaderAccept
1785419805335,false,1785419805370,LeaderAccept
1785419805361,true,1785419805396,LeaderAccept
1785419805386,true,1785419805421,LeaderAccept
1785419805413,false,1785419805448,LeaderAccept
1785419805439,true,1785419805475,LeaderAccept
1785419805466,false,1785419805502,LeaderAccept
1785419805494,true,1785419805530,LeaderAccept
1785419805522,false,1785419805557,LeaderAccept
1785419805550,true,1785419805585,LeaderAccept
1785419805578,true,1785419805613,LeaderAccept
1785419805606,true,1785419805642,LeaderAccept
1785419805636,true,1785419805671,LeaderAccept
1785419805665,true,1785419805700,LeaderAccept
1785419805694,true,1785419805730,LeaderAccept
1785419805725,true,1785419805760,LeaderAccept
1785419805756,true,1785419805791,LeaderAccept
1785419805786,false,1785419805821,LeaderAccept
1785419805817,false,1785419805853,LeaderAccept
1785419805850,false,1785419805885,LeaderAccept
1785419805883,false,1785419805918,LeaderAccept
1785419805917,false,1785419805952,LeaderAccept
1785419805950,false,1785419805985,LeaderAccept
1785419805985,false,1785419806020,LeaderAccept
1785419806019,false,1785419806055,LeaderAccept
1785419806054,true,1785419806089,LeaderAccept
1785419806091,false,1785419806126,LeaderAccept
1785419806128,false,1785419806163,LeaderAccept
1785419806164,false,1785419806200,LeaderAccept
1785419806202,false,1785419806238,LeaderAccept
1785419806241,false,1785419806276,LeaderAccept
1785419806281,false,1785419806316,LeaderAccept
1785419806321,false,1785419806356,LeaderAccept
1785419806362,false,1785419806397,LeaderAccept
1785419806403,true,1785419806439,LeaderAccept
1785419806446,true,1785419806482,LeaderAccept
1785419806490,true,1785419806525,LeaderAccept
1785419806535,false,1785419806570,LeaderAccept
1785419806579,true,1785419806615,LeaderAccept
1785419806626,false,1785419806661,LeaderAccept
1785419806674,false,1785419806709,LeaderAccept
1785419806722,true,1785419806759,LeaderAccept
1785419806772,false,1785419806808,LeaderAccept
1785419806824,true,1785419806859,LeaderAccept
1785419806876,false,1785419806912,LeaderAccept
1785419806930,false,1785419806965,LeaderAccept
1785419806985,false,1785419807021,LeaderAccept
1785419807041,false,1785419807077,LeaderAccept
1785419807099,false,1785419807135,LeaderAccept
1785419807159,true,1785419807195,LeaderAccept
1785419807220,false,1785419807256,LeaderAccept
1785419807283,false,1785419807319,LeaderAccept
1785419807349,false,1785419807385,LeaderAccept
1785419807417,false,1785419807452,LeaderAccept
1785419807486,false,1785419807522,LeaderAccept
1785419807559,false,1785419807594,LeaderAccept
1785419807634,true,1785419807669,LeaderAccept
1785419807712,false,1785419807747,LeaderAccept
1785419807793,true,1785419807828,LeaderAccept
1785419807876,false,1785419807912,LeaderAccept
1785419807963,false,1785419807999,LeaderAccept
1785419808054,false,1785419808090,LeaderAccept
1785419808150,false,1785419808185,LeaderAccept
1785419808250,false,1785419808285,LeaderAccept
1785419808355,true,1785419808391,LeaderAccept
1785419808466,false,1785419808502,LeaderAccept
1785419808584,false,1785419808619,LeaderAccept
1785419808709,false,1785419808744,LeaderAccept
1785419808841,false,1785419808876,LeaderAccept
1785419808983,true,1785419809018,LeaderAccept
1785419809135,true,1785419809170,LeaderAccept
1785419809298,true,1785419809333,LeaderAccept
1785419809475,false,1785419809510,LeaderAccept
1785419809669,false,1785419809705,LeaderAccept
1785419809882,true,1785419809917,LeaderAccept
1785419810119,false,1785419810155,LeaderAccept
1785419810385,false,1785419810420,LeaderAccept
1785419810690,false,1785419810725,LeaderAccept
1785419811044,false,1785419811080,LeaderAccept
1785419811466,true,1785419811502,LeaderAccept
1785419811988,true,1785419812023,LeaderAccept
1785419812664,true,1785419812700,LeaderAccept
1785419813614,false,1785419813649,LeaderAccept
1785419815137,false,1785419815173,LeaderAccept
1785419818400,true,,
1785419835079,true,1785419835114,LeaderAccept
1785419846781,true,1785419846817,LeaderAccept
1785419846803,true,1785419846838,LeaderAccept
1785419846825,false,1785419846860,LeaderAccept
1785419846846,true,1785419846882,LeaderAccept
1785419846869,false,1785419846904,LeaderAccept
1785419846891,false,1785419846926,LeaderAccept
1785419846914,true,1785419846949,LeaderAccept
1785419846937,true,1785419846972,LeaderAccept
1785419846959,false,1785419846995,LeaderAccept
1785419846982,false,1785419847017,LeaderAccept
1785419847005,true,1785419847040,LeaderAccept
1785419847029,false,1785419847064,LeaderAccept
1785419847054,false,1785419847088,LeaderAccept
1785419847079,true,1785419847114,LeaderAccept
1785419847104,true,1785419847139,LeaderAccept
1785419847129,false,1785419847164,LeaderAccept
1785419847153,false,1785419847188,LeaderAccept
1785419847178,true,1785419847213,LeaderAccept
1785419847204,true,1785419847238,LeaderAccept
1785419847230,false,1785419847265,LeaderAccept
1785419847257,false,1785419847292,LeaderAccept
1785419847284,false,1785419847319,LeaderAccept
1785419847311,false,1785419847346,LeaderAccept
1785419847339,true,1785419847375,LeaderAccept
1785419847366,false,1785419847402,LeaderAccept
1785419847395,true,1785419847430,LeaderAccept
1785419847423,true,1785419847458,LeaderAccept
1785419847452,true,1785419847488,LeaderAccept
1785419847482,true,1785419847517,LeaderAccept
1785419847511,true,1785419847546,LeaderAccept
1785419847541,false,1785419847577,LeaderAccept
1785419847572,false,1785419847607,LeaderAccept
1785419847603,false,1785419847637,LeaderAccept
1785419847635,true,1785419847670,LeaderAccept
1785419847667,false,1785419847702,LeaderAccept
1785419847700,false,1785419847735,LeaderAccept
1785419847732,false,1785419847767,LeaderAccept
1785419847766,false,1785419847802,LeaderAccept
1785419847801,true,1785419847836,LeaderAccept
1785419847835,false,1785419847870,LeaderAccept
1785419847870,false,1785419847906,LeaderAccept
1785419847907,false,1785419847942,LeaderAccept
1785419847944,true,1785419847979,LeaderAccept
1785419847981,false,1785419848016,LeaderAccept
1785419848018,true,1785419848054,LeaderAccept
1785419848057,true,1785419848093,LeaderAccept
1785419848096,false,1785419848132,LeaderAccept
1785419848137,true,1785419848172,LeaderAccept
1785419848177,true,1785419848213,LeaderAccept
1785419848219,false,1785419848255,LeaderAccept
1785419848262,false,1785419848297,LeaderAccept
1785419848306,false,1785419848341,LeaderAccept
1785419848350,false,1785419848386,LeaderAccept
1785419848396,false,1785419848432,LeaderAccept
1785419848442,false,1785419848478,LeaderAccept
1785419848490,true,1785419848525,LeaderAccept
1785419848539,false,1785419848574,LeaderAccept
1785419848589,false,1785419848624,LeaderAccept
1785419848640,true,1785419848676,LeaderAccept
1785419848691,true,1785419848727,LeaderAccept
1785419848745,true,1785419848780,LeaderAccept
1785419848800,false,1785419848835,LeaderAccept
1785419848857,true,1785419848892,LeaderAccept
1785419848916,false,1785419848951,LeaderAccept
1785419848975,true,1785419849011,LeaderAccept
1785419849037,false,1785419849072,LeaderAccept
1785419849101,false,1785419849136,LeaderAccept
1785419849167,true,1785419849202,LeaderAccept
1785419849235,true,1785419849271,LeaderAccept
1785419849305,true,1785419849341,LeaderAccept
1785419849378,false,1785419849414,LeaderAccept
1785419849453,true,1785419849489,LeaderAccept
1785419849531,false,1785419849567,LeaderAccept
1785419849612,false,1785419849648,LeaderAccept
1785419849697,false,1785419849733,LeaderAccept
1785419849784,true,1785419849820,LeaderAccept
1785419849877,true,1785419849914,LeaderAccept
1785419849974,true,1785419850009,LeaderAccept
1785419850075,false,1785419850110,LeaderAccept
1785419850181,false,1785419850217,LeaderAccept
1785419850293,false,1785419850329,LeaderAccept
1785419850411,false,1785419850447,LeaderAccept
1785419850537,false,1785419850573,LeaderAccept
1785419850669,false,1785419850706,LeaderAccept
1785419850812,false,1785419850848,LeaderAccept
1785419850964,false,1785419851000,LeaderAccept
1785419851128,false,1785419851164,LeaderAccept
1785419851306,false,1785419851342,LeaderAccept
1785419851502,false,1785419851538,LeaderAccept
1785419851717,false,1785419851754,LeaderAccept
1785419851957,true,1785419851993,LeaderAccept
1785419852226,false,1785419852262,LeaderAccept
1785419852534,true,1785419852570,LeaderAccept
1785419852895,false,1785419852930,LeaderAccept
1785419853326,false,1785419853361,LeaderAccept
1785419853860,true,1785419853896,LeaderAccept
1785419854557,false,1785419854592,LeaderAccept
1785419855543,true,1785419855580,LeaderAccept
1785419857159,true,1785419857194,LeaderAccept
1785419860781,false,1785419860816,LeaderAccept
1785419882923,false,1785419882958,LeaderAccept
1785419892141,false,1785419892178,LeaderAccept
1785419892159,true,1785419892195,LeaderAccept
1785419892179,false,1785419892214,LeaderAccept
1785419892198,false,1785419892234,LeaderAccept
1785419892218,false,1785419892253,LeaderAccept
1785419892237,false,1785419892273,LeaderAccept
1785419892256,true,1785419892292,LeaderAccept
1785419892277,true,1785419892313,LeaderAccept
1785419892297,false,1785419892332,LeaderAccept
1785419892317,true,1785419892353,LeaderAccept
1785419892337,true,1785419892374,LeaderAccept
1785419892358,true,1785419892394,LeaderAccept
1785419892379,false,1785419892414,LeaderAccept
1785419892400,false,1785419892435,LeaderAccept
1785419892422,true,1785419892457,LeaderAccept
1785419892443,true,1785419892479,LeaderAccept
1785419892465,true,1785419892500,LeaderAccept
1785419892487,true,1785419892523,LeaderAccept
1785419892509,false,1785419892544,LeaderAccept
1785419892531,false,1785419892567,LeaderAccept
1785419892553,false,1785419892589,LeaderAccept
1785419892577,true,1785419892613,LeaderAccept
1785419892600,false,1785419892635,LeaderAccept
1785419892623,true,1785419892658,LeaderAccept
1785419892647,false,1785419892682,LeaderAccept
1785419892671,true,1785419892706,LeaderAccept
1785419892694,false,1785419892730,LeaderAccept
1785419892718,false,1785419892753,LeaderAccept
1785419892743,true,1785419892778,LeaderAccept
1785419892768,true,1785419892803,LeaderAccept
1785419892792,true,1785419892827,LeaderAccept
1785419892818,true,1785419892853,LeaderAccept
1785419892844,true,1785419892879,LeaderAccept
1785419892870,true,1785419892905,LeaderAccept
1785419892896,false,1785419892932,LeaderAccept
1785419892924,false,1785419892959,LeaderAccept
1785419892951,false,1785419892987,LeaderAccept
1785419892979,false,1785419893014,LeaderAccept
1785419893007,true,1785419893042,LeaderAccept
1785419893036,false,1785419893072,LeaderAccept
1785419893065,true,1785419893100,LeaderAccept
1785419893094,true,1785419893129,LeaderAccept
1785419893123,false,1785419893159,LeaderAccept
1785419893154,true,1785419893189,LeaderAccept
1785419893184,true,1785419893220,LeaderAccept
1785419893215,false,1785419893250,LeaderAccept
1785419893246,false,1785419893281,LeaderAccept
1785419893278,true,1785419893313,LeaderAccept
1785419893310,true,1785419893345,LeaderAccept
1785419893342,true,1785419893378,LeaderAccept
1785419893376,false,1785419893411,LeaderAccept
1785419893409,true,1785419893444,LeaderAccept
1785419893444,true,1785419893479,LeaderAccept
1785419893479,false,1785419893514,LeaderAccept
1785419893514,false,1785419893550,LeaderAccept
1785419893550,true,1785419893586,LeaderAccept
1785419893587,true,1785419893622,LeaderAccept
1785419893625,false,1785419893660,LeaderAccept
1785419893662,true,1785419893699,LeaderAccept
1785419893702,true,1785419893738,LeaderAccept
1785419893741,true,1785419893777,LeaderAccept
1785419893782,true,1785419893818,LeaderAccept
1785419893823,true,1785419893859,LeaderAccept
1785419893864,false,1785419893900,LeaderAccept
1785419893906,true,1785419893942,LeaderAccept
1785419893950,true,1785419893985,LeaderAccept
1785419893995,false,1785419894031,LeaderAccept
1785419894041,true,1785419894077,LeaderAccept
1785419894088,true,1785419894124,LeaderAccept
1785419894136,true,1785419894171,LeaderAccept
1785419894185,false,1785419894220,LeaderAccept
1785419894235,false,1785419894270,LeaderAccept
1785419894286,true,1785419894321,LeaderAccept
1785419894338,true,1785419894374,LeaderAccept
1785419894392,false,1785419894428,LeaderAccept
1785419894447,true,1785419894484,LeaderAccept
1785419894505,true,1785419894540,LeaderAccept
1785419894563,true,1785419894598,LeaderAccept
1785419894623,false,1785419894658,LeaderAccept
1785419894685,false,1785419894720,LeaderAccept
1785419894749,false,1785419894785,LeaderAccept
1785419894815,false,1785419894851,LeaderAccept
1785419894883,false,1785419894919,LeaderAccept
1785419894953,true,1785419894988,LeaderAccept
1785419895026,true,1785419895061,LeaderAccept
1785419895100,false,1785419895136,LeaderAccept
1785419895178,false,1785419895214,LeaderAccept
1785419895260,true,1785419895296,LeaderAccept
1785419895344,true,1785419895381,LeaderAccept
1785419895433,false,1785419895469,LeaderAccept
1785419895525,true,1785419895561,LeaderAccept
1785419895622,true,1785419895657,LeaderAccept
1785419895723,true,1785419895759,LeaderAccept
1785419895829,false,1785419895865,LeaderAccept
1785419895941,false,1785419895977,LeaderAccept
1785419896059,false,1785419896095,LeaderAccept
1785419896185,true,1785419896221,LeaderAccept
1785419896319,false,1785419896355,LeaderAccept
1785419896462,true,1785419896498,LeaderAccept
1785419896615,true,1785419896651,LeaderAccept
1785419896781,false,1785419896817,LeaderAccept
1785419896960,false,1785419896996,LeaderAccept
1785419897157,true,1785419897193,LeaderAccept
1785419897372,true,1785419897408,LeaderAccept
1785419897614,true,1785419897650,LeaderAccept
1785419897886,false,1785419897922,LeaderAccept
1785419898196,true,1785419898232,LeaderAccept
1785419898560,false,1785419898595,LeaderAccept
1785419898994,false,1785419899030,LeaderAccept
1785419899534,true,1785419899570,LeaderAccept
1785419900242,true,1785419900278,LeaderAccept
1785419901249,true,1785419901285,LeaderAccept
1785419902916,false,1785419902952,LeaderAccept
1785419906749,true,1785419906785,LeaderAccept
1785419932793,false,1785419932829,LeaderAccept
1785419951031,false,1785419951067,LeaderAccept
1785419951050,true,1785419951087,LeaderAccept
1785419951070,true,1785419951107,LeaderAccept
1785419951090,false,1785419951126,LeaderAccept
1785419951111,true,1785419951147,LeaderAccept
1785419951132,false,1785419951168,LeaderAccept
1785419951152,false,1785419951188,LeaderAccept
1785419951174,true,1785419951210,LeaderAccept
1785419951195,true,1785419951231,LeaderAccept
1785419951216,false,1785419951252,LeaderAccept
1785419951237,false,1785419951273,LeaderAccept
1785419951259,false,1785419951295,LeaderAccept
1785419951281,false,1785419951317,LeaderAccept
1785419951303,false,1785419951339,LeaderAccept
1785419951325,false,1785419951361,LeaderAccept
1785419951348,false,1785419951384,LeaderAccept
1785419951371,false,1785419951407,LeaderAccept
1785419951394,true,1785419951430,LeaderAccept
1785419951418,true,1785419951454,LeaderAccept
1785419951442,true,1785419951478,LeaderAccept
1785419951466,true,1785419951502,LeaderAccept
1785419951491,false,1785419951527,LeaderAccept
1785419951515,false,1785419951551,LeaderAccept
1785419951540,false,1785419951577,LeaderAccept
1785419951566,false,1785419951602,LeaderAccept
1785419951592,true,1785419951628,LeaderAccept
1785419951617,false,1785419951653,LeaderAccept
1785419951643,false,1785419951679,LeaderAccept
1785419951670,true,1785419951706,LeaderAccept
1785419951697,false,1785419951734,LeaderAccept
1785419951724,false,1785419951761,LeaderAccept
1785419951752,true,1785419951788,LeaderAccept
1785419951779,true,1785419951815,LeaderAccept
1785419951807,true,1785419951844,LeaderAccept
1785419951836,true,1785419951872,LeaderAccept
1785419951865,false,1785419951901,LeaderAccept
1785419951895,false,1785419951932,LeaderAccept
1785419951925,false,1785419951960,LeaderAccept
1785419951954,false,1785419951991,LeaderAccept
1785419951985,true,1785419952021,LeaderAccept
1785419952016,true,1785419952052,LeaderAccept
1785419952047,false,1785419952083,LeaderAccept
1785419952080,true,1785419952115,LeaderAccept
1785419952113,true,1785419952149,LeaderAccept
1785419952146,false,1785419952182,LeaderAccept
1785419952179,true,1785419952216,LeaderAccept
1785419952214,true,1785419952251,LeaderAccept
1785419952249,true,1785419952285,LeaderAccept
1785419952285,false,1785419952322,LeaderAccept
1785419952321,true,1785419952357,LeaderAccept
1785419952357,false,1785419952393,LeaderAccept
1785419952394,false,1785419952430,LeaderAccept
1785419952433,true,1785419952469,LeaderAccept
1785419952472,true,1785419952509,LeaderAccept
1785419952512,true,1785419952548,LeaderAccept
1785419952551,true,1785419952587,LeaderAccept
1785419952593,true,1785419952629,LeaderAccept
1785419952635,true,1785419952671,LeaderAccept
1785419952678,false,1785419952715,LeaderAccept
1785419952722,false,1785419952759,LeaderAccept
1785419952767,true,1785419952803,LeaderAccept
1785419952813,true,1785419952849,LeaderAccept
1785419952859,true,1785419952896,LeaderAccept
1785419952908,true,1785419952943,LeaderAccept
1785419952957,true,1785419952993,LeaderAccept
1785419953006,false,1785419953042,LeaderAccept
1785419953058,false,1785419953094,LeaderAccept
1785419953110,true,1785419953147,LeaderAccept
1785419953164,true,1785419953201,LeaderAccept
1785419953219,false,1785419953255,LeaderAccept
1785419953276,false,1785419953312,LeaderAccept
1785419953335,false,1785419953371,LeaderAccept
1785419953395,false,1785419953431,LeaderAccept
1785419953456,true,1785419953493,LeaderAccept
1785419953520,false,1785419953556,LeaderAccept
1785419953587,true,1785419953623,LeaderAccept
1785419953655,false,1785419953691,LeaderAccept
1785419953726,true,1785419953762,LeaderAccept
1785419953798,false,1785419953834,LeaderAccept
1785419953874,true,1785419953910,LeaderAccept
1785419953952,true,1785419953988,LeaderAccept
1785419954034,false,1785419954070,LeaderAccept
1785419954119,true,1785419954155,LeaderAccept
1785419954207,false,1785419954243,LeaderAccept
1785419954300,false,1785419954336,LeaderAccept
1785419954397,false,1785419954433,LeaderAccept
1785419954499,true,1785419954535,LeaderAccept
1785419954606,false,1785419954642,LeaderAccept
1785419954719,true,1785419954755,LeaderAccept
1785419954837,true,1785419954873,LeaderAccept
1785419954963,false,1785419954999,LeaderAccept
1785419955098,false,1785419955134,LeaderAccept
1785419955242,false,1785419955278,LeaderAccept
1785419955396,false,1785419955433,LeaderAccept
1785419955563,false,1785419955600,LeaderAccept
1785419955744,true,1785419955781,LeaderAccept
1785419955942,true,1785419955979,LeaderAccept
1785419956160,false,1785419956197,LeaderAccept
1785419956403,false,1785419956440,LeaderAccept
1785419956678,false,1785419956714,LeaderAccept
1785419956992,true,1785419957029,LeaderAccept
1785419957361,false,1785419957398,LeaderAccept
1785419957803,false,1785419957839,LeaderAccept
1785419958355,true,1785419958392,LeaderAccept
1785419959083,true,1785419959119,LeaderAccept
1785419960129,true,1785419960165,LeaderAccept
1785419961891,false,1785419961927,LeaderAccept
1785419966144,false,1785419966180,LeaderAccept
1785420001784,true,1785420001821,LeaderAccept
1785420006981,false,1785420007013,LeaderAccept
1785420007007,true,1785420007039,LeaderAccept
1785420007032,true,1785420007064,LeaderAccept
1785420007057,true,1785420007090,LeaderAccept
1785420007083,true,1785420007115,LeaderAccept
1785420007110,false,1785420007142,LeaderAccept
1785420007136,true,1785420007168,LeaderAccept
1785420007164,true,1785420007195,LeaderAccept
1785420007191,true,1785420007223,LeaderAccept
1785420007218,false,1785420007251,LeaderAccept
1785420007246,true,1785420007278,LeaderAccept
1785420007274,true,1785420007306,LeaderAccept
1785420007304,true,1785420007336,LeaderAccept
1785420007333,false,1785420007364,LeaderAccept
1785420007362,true,1785420007395,LeaderAccept
1785420007392,false,1785420007424,LeaderAccept
1785420007422,false,1785420007454,LeaderAccept
1785420007454,true,1785420007486,LeaderAccept
1785420007486,true,1785420007517,LeaderAccept
1785420007517,false,1785420007550,LeaderAccept
1785420007550,true,1785420007582,LeaderAccept
1785420007583,false,1785420007615,LeaderAccept
1785420007616,false,1785420007648,LeaderAccept
1785420007651,true,1785420007682,LeaderAccept
1785420007686,false,1785420007718,LeaderAccept
1785420007720,false,1785420007752,LeaderAccept
1785420007755,false,1785420007788,LeaderAccept
1785420007792,true,1785420007824,LeaderAccept
1785420007828,false,1785420007861,LeaderAccept
1785420007865,true,1785420007897,LeaderAccept
1785420007903,false,1785420007936,LeaderAccept
1785420007942,true,1785420007975,LeaderAccept
1785420007983,true,1785420008015,LeaderAccept
1785420008023,true,1785420008056,LeaderAccept
1785420008065,false,1785420008097,LeaderAccept
1785420008106,false,1785420008139,LeaderAccept
1785420008150,false,1785420008182,LeaderAccept
1785420008194,false,1785420008226,LeaderAccept
1785420008239,true,1785420008271,LeaderAccept
1785420008284,false,1785420008317,LeaderAccept
1785420008331,true,1785420008363,LeaderAccept
1785420008380,false,1785420008412,LeaderAccept
1785420008428,true,1785420008460,LeaderAccept
1785420008479,false,1785420008511,LeaderAccept
1785420008530,true,1785420008563,LeaderAccept
1785420008584,false,1785420008616,LeaderAccept
1785420008638,true,1785420008671,LeaderAccept
1785420008694,false,1785420008727,LeaderAccept
1785420008752,true,1785420008784,LeaderAccept
1785420008812,true,1785420008844,LeaderAccept
1785420008873,false,1785420008905,LeaderAccept
1785420008936,true,1785420008968,LeaderAccept
1785420009001,false,1785420009033,LeaderAccept
1785420009067,false,1785420009099,LeaderAccept
1785420009136,true,1785420009168,LeaderAccept
1785420009206,false,1785420009240,LeaderAccept
1785420009280,true,1785420009313,LeaderAccept
1785420009357,false,1785420009389,LeaderAccept
1785420009437,false,1785420009469,LeaderAccept
1785420009519,false,1785420009552,LeaderAccept
1785420009606,true,1785420009638,LeaderAccept
1785420009696,true,1785420009728,LeaderAccept
1785420009790,true,1785420009822,LeaderAccept
1785420009888,true,1785420009921,LeaderAccept
1785420009991,true,1785420010024,LeaderAccept
1785420010099,false,1785420010132,LeaderAccept
1785420010214,false,1785420010247,LeaderAccept
1785420010334,true,1785420010367,LeaderAccept
1785420010463,false,1785420010496,LeaderAccept
1785420010600,true,1785420010633,LeaderAccept
1785420010748,false,1785420010781,LeaderAccept
1785420010906,true,1785420010939,LeaderAccept
1785420011076,true,1785420011109,LeaderAccept
1785420011263,false,1785420011295,LeaderAccept
1785420011467,true,1785420011499,LeaderAccept
1785420011693,true,1785420011725,LeaderAccept
1785420011946,true,1785420011978,LeaderAccept
1785420012233,true,1785420012266,LeaderAccept
1785420012564,true,1785420012595,LeaderAccept
1785420012953,false,1785420012985,LeaderAccept
1785420013427,false,1785420013458,LeaderAccept
1785420014027,false,1785420014059,LeaderAccept
1785420014836,false,1785420014868,LeaderAccept
1785420016049,true,1785420016081,LeaderAccept
1785420018271,false,1785420018303,LeaderAccept
1785420025017,false,1785420025050,LeaderAccept
1785420047164,false,1785420047197,LeaderAccept
1785420047182,true,1785420047214,LeaderAccept
1785420047199,true,1785420047232,LeaderAccept
1785420047218,false,1785420047250,LeaderAccept
1785420047236,false,1785420047268,LeaderAccept
1785420047254,true,1785420047287,LeaderAccept
1785420047272,false,1785420047305,LeaderAccept
1785420047290,false,1785420047323,LeaderAccept
1785420047309,true,1785420047342,LeaderAccept
1785420047328,false,1785420047360,LeaderAccept
1785420047347,true,1785420047380,LeaderAccept
1785420047367,false,1785420047399,LeaderAccept
1785420047387,true,1785420047419,LeaderAccept
1785420047406,true,1785420047439,LeaderAccept
1785420047426,true,1785420047459,LeaderAccept
1785420047447,false,1785420047479,LeaderAccept
1785420047467,false,1785420047500,LeaderAccept
1785420047487,true,1785420047520,LeaderAccept
1785420047509,false,1785420047541,LeaderAccept
1785420047529,true,1785420047561,LeaderAccept
1785420047551,false,1785420047583,LeaderAccept
1785420047572,false,1785420047604,LeaderAccept
1785420047593,true,1785420047625,LeaderAccept
1785420047614,false,1785420047647,LeaderAccept
1785420047636,true,1785420047669,LeaderAccept
1785420047659,true,1785420047691,LeaderAccept
1785420047682,false,1785420047714,LeaderAccept
1785420047705,true,1785420047737,LeaderAccept
1785420047727,false,1785420047760,LeaderAccept
1785420047750,true,1785420047783,LeaderAccept
1785420047774,true,1785420047806,LeaderAccept
1785420047797,false,1785420047830,LeaderAccept
1785420047822,true,1785420047854,LeaderAccept
1785420047845,true,1785420047877,LeaderAccept
1785420047870,false,1785420047903,LeaderAccept
1785420047895,false,1785420047927,LeaderAccept
1785420047920,false,1785420047953,LeaderAccept
1785420047945,true,1785420047978,LeaderAccept
1785420047971,false,1785420048003,LeaderAccept
1785420047996,false,1785420048028,LeaderAccept
1785420048022,true,1785420048055,LeaderAccept
1785420048048,false,1785420048081,LeaderAccept
1785420048075,true,1785420048108,LeaderAccept
1785420048103,true,1785420048135,LeaderAccept
1785420048131,false,1785420048163,LeaderAccept
1785420048158,true,1785420048191,LeaderAccept
1785420048186,true,1785420048219,LeaderAccept
1785420048215,true,1785420048247,LeaderAccept
1785420048244,false,1785420048277,LeaderAccept
1785420048274,false,1785420048306,LeaderAccept
1785420048303,true,1785420048336,LeaderAccept
1785420048334,false,1785420048366,LeaderAccept
1785420048365,false,1785420048398,LeaderAccept
1785420048397,false,1785420048429,LeaderAccept
1785420048428,true,1785420048461,LeaderAccept
1785420048461,false,1785420048493,LeaderAccept
1785420048493,false,1785420048525,LeaderAccept
1785420048526,true,1785420048559,LeaderAccept
1785420048560,false,1785420048593,LeaderAccept
1785420048595,false,1785420048627,LeaderAccept
1785420048629,false,1785420048662,LeaderAccept
1785420048664,true,1785420048697,LeaderAccept
1785420048700,true,1785420048733,LeaderAccept
1785420048736,true,1785420048769,LeaderAccept
1785420048773,true,1785420048806,LeaderAccept
1785420048811,true,1785420048843,LeaderAccept
1785420048850,true,1785420048882,LeaderAccept
1785420048888,true,1785420048921,LeaderAccept
1785420048928,false,1785420048961,LeaderAccept
1785420048969,true,1785420049002,LeaderAccept
1785420049011,true,1785420049044,LeaderAccept
1785420049054,true,1785420049087,LeaderAccept
1785420049097,true,1785420049130,LeaderAccept
1785420049141,false,1785420049174,LeaderAccept
1785420049187,false,1785420049219,LeaderAccept
1785420049233,true,1785420049266,LeaderAccept
1785420049282,true,1785420049314,LeaderAccept
1785420049331,true,1785420049363,LeaderAccept
1785420049380,true,1785420049413,LeaderAccept
1785420049431,false,1785420049464,LeaderAccept
1785420049484,true,1785420049517,LeaderAccept
1785420049538,false,1785420049570,LeaderAccept
1785420049594,false,1785420049626,LeaderAccept
1785420049651,true,1785420049683,LeaderAccept
1785420049709,true,1785420049742,LeaderAccept
1785420049770,true,1785420049802,LeaderAccept
1785420049832,false,1785420049864,LeaderAccept
1785420049896,true,1785420049928,LeaderAccept
1785420049961,true,1785420049993,LeaderAccept
1785420050030,true,1785420050062,LeaderAccept
1785420050099,false,1785420050131,LeaderAccept
1785420050172,false,1785420050204,LeaderAccept
1785420050247,false,1785420050280,LeaderAccept
1785420050325,false,1785420050358,LeaderAccept
1785420050407,true,1785420050439,LeaderAccept
1785420050491,false,1785420050524,LeaderAccept
1785420050580,false,1785420050612,LeaderAccept
1785420050671,true,1785420050703,LeaderAccept
1785420050768,true,1785420050800,LeaderAccept
1785420050869,false,1785420050901,LeaderAccept
1785420050975,false,1785420051007,LeaderAccept
1785420051086,false,1785420051119,LeaderAccept
1785420051205,true,1785420051237,LeaderAccept
1785420051331,true,1785420051364,LeaderAccept
1785420051465,true,1785420051498,LeaderAccept
1785420051607,false,1785420051640,LeaderAccept
1785420051760,false,1785420051793,LeaderAccept
1785420051925,false,1785420051958,LeaderAccept
1785420052105,false,1785420052138,LeaderAccept
1785420052301,false,1785420052334,LeaderAccept
1785420052518,false,1785420052551,LeaderAccept
1785420052759,false,1785420052792,LeaderAccept
1785420053032,true,1785420053064,LeaderAccept
1785420053343,true,1785420053375,LeaderAccept
1785420053706,false,1785420053739,LeaderAccept
1785420054142,false,1785420054174,LeaderAccept
1785420054682,true,1785420054715,LeaderAccept
1785420055391,false,1785420055424,LeaderAccept
1785420056401,true,1785420056434,LeaderAccept
1785420058074,false,1785420058106,LeaderAccept
1785420061933,true,1785420061965,LeaderAccept
1785420066181,false,1785420066213,LeaderAccept
1785420066208,true,1785420066240,LeaderAccept
1785420066236,true,1785420066269,LeaderAccept
1785420066266,false,1785420066298,LeaderAccept
1785420066294,true,1785420066326,LeaderAccept
1785420066323,true,1785420066356,LeaderAccept
1785420066354,false,1785420066386,LeaderAccept
1785420066384,true,1785420066416,LeaderAccept
1785420066415,false,1785420066447,LeaderAccept
1785420066447,true,1785420066479,LeaderAccept
1785420066479,false,1785420066511,LeaderAccept
1785420066511,false,1785420066543,LeaderAccept
1785420066544,false,1785420066577,LeaderAccept
1785420066578,true,1785420066610,LeaderAccept
1785420066612,false,1785420066644,LeaderAccept
1785420066647,false,1785420066680,LeaderAccept
1785420066683,true,1785420066716,LeaderAccept
1785420066719,true,1785420066751,LeaderAccept
1785420066756,true,1785420066788,LeaderAccept
1785420066793,false,1785420066825,LeaderAccept
1785420066830,true,1785420066863,LeaderAccept
1785420066868,false,1785420066901,LeaderAccept
1785420066908,true,1785420066940,LeaderAccept
1785420066947,false,1785420066980,LeaderAccept
1785420066988,true,1785420067021,LeaderAccept
1785420067029,false,1785420067061,LeaderAccept
1785420067071,false,1785420067104,LeaderAccept
1785420067115,true,1785420067147,LeaderAccept
1785420067159,false,1785420067191,LeaderAccept
1785420067204,false,1785420067237,LeaderAccept
1785420067251,false,1785420067283,LeaderAccept
1785420067297,true,1785420067329,LeaderAccept
1785420067345,false,1785420067377,LeaderAccept
1785420067395,false,1785420067427,LeaderAccept
1785420067445,false,1785420067478,LeaderAccept
1785420067498,false,1785420067530,LeaderAccept
1785420067551,false,1785420067583,LeaderAccept
1785420067606,false,1785420067638,LeaderAccept
1785420067662,false,1785420067694,LeaderAccept
1785420067719,false,1785420067752,LeaderAccept
1785420067779,false,1785420067811,LeaderAccept
1785420067839,false,1785420067871,LeaderAccept
1785420067901,false,1785420067934,LeaderAccept
1785420067966,false,1785420067998,LeaderAccept
1785420068033,false,1785420068066,LeaderAccept
1785420068102,true,1785420068135,LeaderAccept
1785420068173,false,1785420068206,LeaderAccept
1785420068247,false,1785420068279,LeaderAccept
1785420068325,false,1785420068357,LeaderAccept
1785420068405,false,1785420068437,LeaderAccept
1785420068487,false,1785420068520,LeaderAccept
1785420068573,false,1785420068605,LeaderAccept
1785420068664,true,1785420068696,LeaderAccept
1785420068759,false,1785420068791,LeaderAccept
1785420068858,true,1785420068890,LeaderAccept
1785420068962,false,1785420068994,LeaderAccept
1785420069071,false,1785420069104,LeaderAccept
1785420069187,true,1785420069219,LeaderAccept
1785420069308,false,1785420069341,LeaderAccept
1785420069439,false,1785420069471,LeaderAccept
1785420069578,false,1785420069611,LeaderAccept
1785420069727,false,1785420069760,LeaderAccept
1785420069886,false,1785420069919,LeaderAccept
1785420070060,true,1785420070092,LeaderAccept
1785420070249,true,1785420070281,LeaderAccept
1785420070456,false,1785420070488,LeaderAccept
1785420070684,false,1785420070717,LeaderAccept
1785420070941,false,1785420070974,LeaderAccept
1785420071234,true,1785420071266,LeaderAccept
1785420071572,false,1785420071605,LeaderAccept
1785420071972,true,1785420072004,LeaderAccept
1785420072050,false,1785420072083,LeaderAccept
1785420072069,false,1785420072102,LeaderAccept
1785420072090,false,1785420072122,LeaderAccept
1785420072109,true,1785420072142,LeaderAccept
1785420072129,false,1785420072161,LeaderAccept
1785420072149,false,1785420072182,LeaderAccept
1785420072169,false,1785420072201,LeaderAccept
1785420072189,false,1785420072222,LeaderAccept
1785420072210,false,1785420072243,LeaderAccept
1785420072232,true,1785420072264,LeaderAccept
1785420072254,false,1785420072286,LeaderAccept
1785420072276,true,1785420072308,LeaderAccept
1785420072297,false,1785420072329,LeaderAccept
1785420072319,true,1785420072351,LeaderAccept
1785420072342,true,1785420072374,LeaderAccept
1785420072365,false,1785420072397,LeaderAccept
1785420072387,false,1785420072419,LeaderAccept
1785420072411,true,1785420072443,LeaderAccept
1785420072435,false,1785420072467,LeaderAccept
1785420072457,false,1785420072489,LeaderAccept
1785420072481,false,1785420072512,LeaderAccept
1785420072505,true,1785420072537,LeaderAccept
1785420072529,true,1785420072561,LeaderAccept
1785420072553,false,1785420072585,LeaderAccept
1785420072578,false,1785420072610,LeaderAccept
1785420072604,true,1785420072636,LeaderAccept
1785420072630,false,1785420072662,LeaderAccept
1785420072655,true,1785420072687,LeaderAccept
1785420072681,true,1785420072713,LeaderAccept
1785420072708,false,1785420072740,LeaderAccept
1785420072735,false,1785420072767,LeaderAccept
1785420072762,true,1785420072794,LeaderAccept
1785420072789,false,1785420072821,LeaderAccept
1785420072817,false,1785420072849,LeaderAccept
1785420072846,true,1785420072878,LeaderAccept
1785420072875,false,1785420072907,LeaderAccept
1785420072903,false,1785420072936,LeaderAccept
1785420072932,true,1785420072964,LeaderAccept
1785420072962,false,1785420072994,LeaderAccept
1785420072992,false,1785420073024,LeaderAccept
1785420073023,false,1785420073055,LeaderAccept
1785420073055,true,1785420073087,LeaderAccept
1785420073087,true,1785420073119,LeaderAccept
1785420073119,true,1785420073151,LeaderAccept
1785420073151,true,1785420073183,LeaderAccept
1785420073184,false,1785420073217,LeaderAccept
1785420073218,false,1785420073251,LeaderAccept
1785420073253,false,1785420073285,LeaderAccept
1785420073288,false,1785420073320,LeaderAccept
1785420073322,false,1785420073355,LeaderAccept
1785420073358,true,1785420073391,LeaderAccept
1785420073394,false,1785420073427,LeaderAccept
1785420073431,true,1785420073464,LeaderAccept
1785420073469,true,1785420073502,LeaderAccept
1785420073507,true,1785420073540,LeaderAccept
1785420073546,false,1785420073579,LeaderAccept
1785420073586,true,1785420073618,LeaderAccept
1785420073627,true,1785420073660,LeaderAccept
1785420073668,false,1785420073701,LeaderAccept
1785420073711,false,1785420073744,LeaderAccept
1785420073755,true,1785420073788,LeaderAccept
1785420073800,false,1785420073832,LeaderAccept
1785420073845,false,1785420073877,LeaderAccept
1785420073890,true,1785420073922,LeaderAccept
1785420073938,true,1785420073970,LeaderAccept
1785420073985,false,1785420074018,LeaderAccept
1785420074034,true,1785420074067,LeaderAccept
1785420074085,false,1785420074117,LeaderAccept
1785420074137,true,1785420074169,LeaderAccept
1785420074190,true,1785420074223,LeaderAccept
1785420074245,true,1785420074277,LeaderAccept
1785420074302,true,1785420074334,LeaderAccept
1785420074359,false,1785420074392,LeaderAccept
1785420074419,true,1785420074452,LeaderAccept
1785420074481,true,1785420074513,LeaderAccept
1785420074545,false,1785420074577,LeaderAccept
1785420074610,true,1785420074642,LeaderAccept
1785420074677,false,1785420074709,LeaderAccept
1785420074745,true,1785420074778,LeaderAccept
1785420074818,false,1785420074850,LeaderAccept
1785420074891,true,1785420074924,LeaderAccept
1785420074969,true,1785420075001,LeaderAccept
1785420075049,false,1785420075081,LeaderAccept
1785420075132,true,1785420075164,LeaderAccept
1785420075220,true,1785420075253,LeaderAccept
1785420075311,true,1785420075344,LeaderAccept
1785420075406,true,1785420075438,LeaderAccept
1785420075506,false,1785420075538,LeaderAccept
1785420075611,false,1785420075643,LeaderAccept
1785420075721,true,1785420075754,LeaderAccept
1785420075836,true,1785420075869,LeaderAccept
1785420075959,false,1785420075991,LeaderAccept
1785420076089,false,1785420076122,LeaderAccept
1785420076228,true,1785420076261,LeaderAccept
1785420076377,true,1785420076410,LeaderAccept
1785420076539,true,1785420076571,LeaderAccept
1785420076713,false,1785420076745,LeaderAccept
1785420076903,false,1785420076936,LeaderAccept
1785420077111,true,1785420077144,LeaderAccept
1785420077342,false,1785420077374,LeaderAccept
1785420077602,true,1785420077634,LeaderAccept
1785420077898,false,1785420077930,LeaderAccept
1785420078241,true,1785420078273,LeaderAccept
1785420078647,false,1785420078680,LeaderAccept
1785420079146,true,1785420079178,LeaderAccept
1785420079783,true,1785420079816,LeaderAccept
1785420080661,true,1785420080694,LeaderAccept
1785420082021,true,1785420082053,LeaderAccept
1785420084703,true,1785420084736,LeaderAccept
1785420094959,false,1785420094991,LeaderAccept
1785420115885,true,1785420115917,LeaderAccept
1785420115925,false,1785420115957,LeaderAccept
1785420115964,false,1785420115996,LeaderAccept
1785420116005,true,1785420116037,LeaderAccept
1785420116046,false,1785420116079,LeaderAccept
1785420116089,false,1785420116121,LeaderAccept
1785420116132,true,1785420116165,LeaderAccept
1785420116176,false,1785420116208,LeaderAccept
1785420116222,true,1785420116254,LeaderAccept
1785420116267,false,1785420116300,LeaderAccept
1785420116315,false,1785420116347,LeaderAccept
1785420116363,false,1785420116396,LeaderAccept
1785420116413,false,1785420116445,LeaderAccept
1785420116463,false,1785420116496,LeaderAccept
1785420116516,false,1785420116548,LeaderAccept
1785420116568,false,1785420116601,LeaderAccept
1785420116622,false,1785420116655,LeaderAccept
1785420116678,true,1785420116711,LeaderAccept
1785420116735,true,1785420116768,LeaderAccept
1785420116795,true,1785420116828,LeaderAccept
1785420116856,false,1785420116889,LeaderAccept
1785420116919,false,1785420116951,LeaderAccept
1785420116984,true,1785420117015,LeaderAccept
1785420117050,true,1785420117083,LeaderAccept
1785420117120,false,1785420117152,LeaderAccept
1785420117192,true,1785420117224,LeaderAccept
1785420117265,false,1785420117298,LeaderAccept
1785420117342,true,1785420117374,LeaderAccept
1785420117422,true,1785420117454,LeaderAccept
1785420117505,false,1785420117537,LeaderAccept
1785420117590,false,1785420117623,LeaderAccept
1785420117681,false,1785420117713,LeaderAccept
1785420117774,false,1785420117807,LeaderAccept
1785420117873,true,1785420117906,LeaderAccept
1785420117977,false,1785420118010,LeaderAccept
1785420118087,false,1785420118119,LeaderAccept
1785420118202,true,1785420118235,LeaderAccept
1785420118324,false,1785420118357,LeaderAccept
1785420118454,false,1785420118487,LeaderAccept
1785420118593,false,1785420118625,LeaderAccept
1785420118741,false,1785420118774,LeaderAccept
1785420118900,false,1785420118933,LeaderAccept
1785420119073,true,1785420119106,LeaderAccept
1785420119260,true,1785420119293,LeaderAccept
1785420119467,true,1785420119501,LeaderAccept
1785420119695,true,1785420119728,LeaderAccept
1785420119952,true,1785420119984,LeaderAccept
1785420120243,true,1785420120276,LeaderAccept
1785420120580,false,1785420120612,LeaderAccept
1785420120977,false,1785420121009,LeaderAccept
1785420121462,true,1785420121494,LeaderAccept
1785420122079,false,1785420122112,LeaderAccept
1785420122920,true,,
1785420124199,false,,
1785420126622,true,1785420126654,LeaderAccept
1785420134755,false,,
1785420158011,false,1785420158047,LeaderAccept
1785420158028,false,1785420158064,LeaderAccept
1785420158045,false,1785420158081,LeaderAccept
1785420158061,true,1785420158098,LeaderAccept
1785420158079,true,1785420158116,LeaderAccept
1785420158096,true,1785420158132,LeaderAccept
1785420158114,true,1785420158150,LeaderAccept
1785420158131,false,1785420158168,LeaderAccept
1785420158150,true,1785420158186,LeaderAccept
1785420158168,false,1785420158204,LeaderAccept
1785420158185,false,1785420158222,LeaderAccept
1785420158203,true,1785420158240,LeaderAccept
1785420158222,false,1785420158258,LeaderAccept
1785420158241,false,1785420158277,LeaderAccept
1785420158259,false,1785420158295,LeaderAccept
1785420158277,true,1785420158313,LeaderAccept
1785420158295,false,1785420158332,LeaderAccept
1785420158314,false,1785420158350,LeaderAccept
1785420158334,false,1785420158370,LeaderAccept
1785420158354,true,1785420158390,LeaderAccept
1785420158373,false,1785420158409,LeaderAccept
1785420158392,true,1785420158428,LeaderAccept
1785420158411,false,1785420158447,LeaderAccept
1785420158432,true,1785420158468,LeaderAccept
1785420158453,false,1785420158489,LeaderAccept
1785420158473,true,1785420158510,LeaderAccept
1785420158495,true,1785420158531,LeaderAccept
1785420158515,true,1785420158552,LeaderAccept
1785420158537,false,1785420158573,LeaderAccept
1785420158558,true,1785420158595,LeaderAccept
1785420158580,false,1785420158616,LeaderAccept
1785420158601,true,1785420158638,LeaderAccept
1785420158623,false,1785420158659,LeaderAccept
1785420158645,true,1785420158681,LeaderAccept
1785420158668,true,1785420158704,LeaderAccept
1785420158690,false,1785420158727,LeaderAccept
1785420158714,true,1785420158750,LeaderAccept
1785420158736,false,1785420158772,LeaderAccept
1785420158759,true,1785420158795,LeaderAccept
1785420158783,true,1785420158820,LeaderAccept
1785420158808,false,1785420158843,LeaderAccept
1785420158832,false,1785420158868,LeaderAccept
1785420158857,true,1785420158893,LeaderAccept
1785420158882,true,1785420158918,LeaderAccept
1785420158906,true,1785420158942,LeaderAccept
1785420158932,false,1785420158967,LeaderAccept
1785420158958,false,1785420158994,LeaderAccept
1785420158983,false,1785420159019,LeaderAccept
1785420159010,true,1785420159046,LeaderAccept
1785420159036,false,1785420159073,LeaderAccept
1785420159064,true,1785420159100,LeaderAccept
1785420159092,false,1785420159128,LeaderAccept
1785420159119,true,1785420159155,LeaderAccept
1785420159148,true,1785420159184,LeaderAccept
1785420159176,true,1785420159212,LeaderAccept
1785420159205,false,1785420159241,LeaderAccept
1785420159235,false,1785420159271,LeaderAccept
1785420159265,false,1785420159301,LeaderAccept
1785420159295,true,1785420159331,LeaderAccept
1785420159325,false,1785420159362,LeaderAccept
1785420159356,true,1785420159393,LeaderAccept
1785420159387,true,1785420159424,LeaderAccept
1785420159420,true,1785420159456,LeaderAccept
1785420159453,true,1785420159489,LeaderAccept
1785420159486,false,1785420159522,LeaderAccept
1785420159520,false,1785420159556,LeaderAccept
1785420159553,true,1785420159590,LeaderAccept
1785420159588,true,1785420159624,LeaderAccept
1785420159623,true,1785420159659,LeaderAccept
1785420159658,false,1785420159695,LeaderAccept
1785420159695,true,1785420159731,LeaderAccept
1785420159731,true,1785420159767,LeaderAccept
1785420159768,true,1785420159805,LeaderAccept
1785420159807,false,1785420159843,LeaderAccept
1785420159845,false,1785420159882,LeaderAccept
1785420159885,false,1785420159922,LeaderAccept
1785420159925,true,1785420159961,LeaderAccept
1785420159966,false,1785420160003,LeaderAccept
1785420160008,false,1785420160044,LeaderAccept
1785420160051,true,1785420160088,LeaderAccept
1785420160095,true,1785420160131,LeaderAccept
1785420160141,false,1785420160177,LeaderAccept
1785420160187,false,1785420160223,LeaderAccept
1785420160234,false,1785420160270,LeaderAccept
1785420160281,true,1785420160318,LeaderAccept
1785420160331,true,1785420160367,LeaderAccept
1785420160382,true,1785420160418,LeaderAccept
1785420160433,false,1785420160470,LeaderAccept
1785420160486,true,1785420160523,LeaderAccept
1785420160541,false,1785420160578,LeaderAccept
1785420160597,true,1785420160633,LeaderAccept
1785420160655,true,1785420160691,LeaderAccept
1785420160715,false,1785420160751,LeaderAccept
1785420160776,false,1785420160812,LeaderAccept
1785420160838,true,1785420160876,LeaderAccept
1785420160904,true,1785420160941,LeaderAccept
1785420160970,true,1785420161006,LeaderAccept
1785420161040,true,1785420161076,LeaderAccept
1785420161112,true,1785420161148,LeaderAccept
1785420161186,false,1785420161222,LeaderAccept
1785420161263,false,1785420161299,LeaderAccept
1785420161342,false,1785420161379,LeaderAccept
1785420161425,true,1785420161462,LeaderAccept
1785420161511,false,1785420161548,LeaderAccept
1785420161602,false,1785420161638,LeaderAccept
1785420161697,false,1785420161734,LeaderAccept
1785420161796,false,1785420161833,LeaderAccept
1785420161899,false,1785420161936,LeaderAccept
1785420162008,true,1785420162044,LeaderAccept
1785420162124,true,1785420162160,LeaderAccept
1785420162246,true,1785420162283,LeaderAccept
1785420162376,true,1785420162412,LeaderAccept
1785420162515,false,1785420162553,LeaderAccept
1785420162664,false,1785420162700,LeaderAccept
1785420162822,true,1785420162859,LeaderAccept
1785420162995,true,1785420163031,LeaderAccept
1785420163183,true,1785420163220,LeaderAccept
1785420163389,false,1785420163425,LeaderAccept
1785420163618,true,1785420163654,LeaderAccept
1785420163875,false,1785420163911,LeaderAccept
1785420164166,true,1785420164202,LeaderAccept
1785420164503,false,1785420164540,LeaderAccept
1785420164901,true,1785420164938,LeaderAccept
1785420165387,true,1785420165423,LeaderAccept
1785420166005,true,1785420166041,LeaderAccept
1785420166848,false,1785420166884,LeaderAccept
1785420168131,false,1785420168167,LeaderAccept
1785420170567,true,1785420170604,LeaderAccept
1785420178799,false,1785420178835,LeaderAccept
1785420206277,false,1785420206313,LeaderAccept
1785420206291,true,1785420206328,LeaderAccept
1785420206307,false,1785420206342,LeaderAccept
1785420206322,false,1785420206358,LeaderAccept
1785420206337,true,1785420206373,LeaderAccept
1785420206352,false,1785420206387,LeaderAccept
1785420206367,false,1785420206403,LeaderAccept
1785420206383,false,1785420206419,LeaderAccept
1785420206399,false,1785420206434,LeaderAccept
1785420206415,true,1785420206450,LeaderAccept
1785420206431,false,1785420206467,LeaderAccept
1785420206447,false,1785420206482,LeaderAccept
1785420206462,true,1785420206498,LeaderAccept
1785420206478,true,1785420206514,LeaderAccept
1785420206495,false,1785420206530,LeaderAccept
1785420206510,false,1785420206546,LeaderAccept
1785420206526,false,1785420206562,LeaderAccept
1785420206543,false,1785420206578,LeaderAccept
1785420206559,true,1785420206595,LeaderAccept
1785420206576,false,1785420206612,LeaderAccept
1785420206593,true,1785420206628,LeaderAccept
1785420206609,false,1785420206646,LeaderAccept
1785420206626,false,1785420206662,LeaderAccept
1785420206644,false,1785420206680,LeaderAccept
1785420206662,true,1785420206698,LeaderAccept
1785420206680,false,1785420206715,LeaderAccept
1785420206697,false,1785420206733,LeaderAccept
1785420206715,true,1785420206751,LeaderAccept
1785420206733,false,1785420206769,LeaderAccept
1785420206751,false,1785420206787,LeaderAccept
1785420206769,false,1785420206805,LeaderAccept
1785420206787,false,1785420206823,LeaderAccept
1785420206806,false,1785420206842,LeaderAccept
1785420206824,false,1785420206860,LeaderAccept
1785420206843,true,1785420206880,LeaderAccept
1785420206862,false,1785420206898,LeaderAccept
1785420206882,false,1785420206918,LeaderAccept
1785420206901,false,1785420206937,LeaderAccept
1785420206922,true,1785420206958,LeaderAccept
1785420206942,true,1785420206978,LeaderAccept
1785420206962,false,1785420206998,LeaderAccept
1785420206982,false,1785420207018,LeaderAccept
1785420207003,true,1785420207039,LeaderAccept
1785420207023,true,1785420207059,LeaderAccept
1785420207045,true,1785420207081,LeaderAccept
1785420207067,false,1785420207102,LeaderAccept
1785420207087,false,1785420207123,LeaderAccept
1785420207109,true,1785420207144,LeaderAccept
1785420207130,true,1785420207167,LeaderAccept
1785420207153,true,1785420207189,LeaderAccept
1785420207174,true,1785420207210,LeaderAccept
1785420207196,false,1785420207232,LeaderAccept
1785420207218,false,1785420207254,LeaderAccept
1785420207241,true,1785420207277,LeaderAccept
1785420207264,true,1785420207300,LeaderAccept
1785420207288,false,1785420207324,LeaderAccept
1785420207312,true,1785420207348,LeaderAccept
1785420207335,true,1785420207371,LeaderAccept
1785420207360,true,1785420207396,LeaderAccept
1785420207384,true,1785420207420,LeaderAccept
1785420207409,true,1785420207445,LeaderAccept
1785420207435,true,1785420207471,LeaderAccept
1785420207460,true,1785420207496,LeaderAccept
1785420207486,false,1785420207522,LeaderAccept
1785420207513,true,1785420207549,LeaderAccept
1785420207539,false,1785420207575,LeaderAccept
1785420207566,false,1785420207603,LeaderAccept
1785420207593,false,1785420207630,LeaderAccept
1785420207621,true,1785420207657,LeaderAccept
1785420207649,true,1785420207685,LeaderAccept
1785420207678,true,1785420207713,LeaderAccept
1785420207707,true,1785420207742,LeaderAccept
1785420207736,false,1785420207772,LeaderAccept
1785420207766,false,1785420207802,LeaderAccept
1785420207795,true,1785420207831,LeaderAccept
1785420207826,true,1785420207862,LeaderAccept
1785420207856,false,1785420207892,LeaderAccept
1785420207887,true,1785420207923,LeaderAccept
1785420207919,false,1785420207954,LeaderAccept
1785420207950,false,1785420207986,LeaderAccept
1785420207983,false,1785420208018,LeaderAccept
1785420208015,true,1785420208050,LeaderAccept
1785420208048,false,1785420208084,LeaderAccept
1785420208083,true,1785420208119,LeaderAccept
1785420208117,false,1785420208153,LeaderAccept
1785420208152,true,1785420208188,LeaderAccept
1785420208188,true,1785420208223,LeaderAccept
1785420208224,true,1785420208260,LeaderAccept
1785420208262,false,1785420208298,LeaderAccept
1785420208300,true,1785420208335,LeaderAccept
1785420208338,true,1785420208374,LeaderAccept
1785420208377,true,1785420208413,LeaderAccept
1785420208417,true,1785420208453,LeaderAccept
1785420208458,false,1785420208494,LeaderAccept
1785420208500,false,1785420208535,LeaderAccept
1785420208543,true,1785420208579,LeaderAccept
1785420208587,true,1785420208623,LeaderAccept
1785420208631,true,1785420208667,LeaderAccept
1785420208676,false,1785420208712,LeaderAccept
1785420208722,false,1785420208758,LeaderAccept
1785420208770,true,1785420208806,LeaderAccept
1785420208819,true,1785420208854,LeaderAccept
1785420208869,false,1785420208904,LeaderAccept
1785420208919,true,1785420208955,LeaderAccept
1785420208971,false,1785420209007,LeaderAccept
1785420209025,true,1785420209060,LeaderAccept
1785420209080,false,1785420209115,LeaderAccept
1785420209136,false,1785420209172,LeaderAccept
1785420209193,true,1785420209229,LeaderAccept
1785420209252,false,1785420209288,LeaderAccept
1785420209313,true,1785420209349,LeaderAccept
1785420209376,true,1785420209412,LeaderAccept
1785420209441,true,1785420209477,LeaderAccept
1785420209508,true,1785420209544,LeaderAccept
1785420209577,true,1785420209613,LeaderAccept
1785420209649,false,1785420209685,LeaderAccept
1785420209723,false,1785420209759,LeaderAccept
1785420209801,true,1785420209837,LeaderAccept
1785420209880,false,1785420209916,LeaderAccept
1785420209963,true,1785420210000,LeaderAccept
1785420210050,false,1785420210086,LeaderAccept
1785420210140,false,1785420210176,LeaderAccept
1785420210236,true,1785420210271,LeaderAccept
1785420210334,true,1785420210371,LeaderAccept
1785420210438,false,1785420210474,LeaderAccept
1785420210549,true,1785420210585,LeaderAccept
1785420210665,false,1785420210701,LeaderAccept
1785420210787,false,1785420210823,LeaderAccept
1785420210917,false,1785420210953,LeaderAccept
1785420211057,true,1785420211093,LeaderAccept
1785420211206,true,1785420211242,LeaderAccept
1785420211367,false,1785420211403,LeaderAccept
1785420211540,true,1785420211577,LeaderAccept
1785420211730,true,1785420211767,LeaderAccept
1785420211938,false,1785420211974,LeaderAccept
1785420212170,false,1785420212206,LeaderAccept
1785420212430,true,1785420212466,LeaderAccept
1785420212725,true,1785420212761,LeaderAccept
1785420213067,false,1785420213103,LeaderAccept
1785420213473,false,1785420213508,LeaderAccept
1785420213970,true,1785420214006,LeaderAccept
1785420214607,false,1785420214643,LeaderAccept
1785420215481,true,1785420215517,LeaderAccept
1785420216835,false,1785420216872,LeaderAccept
1785420219498,true,1785420219535,LeaderAccept
1785420227896,false,1785420227933,LeaderAccept
1785420227910,false,1785420227948,LeaderAccept
1785420227926,true,1785420227963,LeaderAccept
1785420227941,false,1785420227978,LeaderAccept
1785420227956,true,1785420227993,LeaderAccept
1785420227972,false,1785420228009,LeaderAccept
1785420227988,false,1785420228025,LeaderAccept
1785420228004,false,1785420228041,LeaderAccept
1785420228019,false,1785420228056,LeaderAccept
1785420228036,true,1785420228073,LeaderAccept
1785420228052,false,1785420228089,LeaderAccept
1785420228068,true,1785420228106,LeaderAccept
1785420228084,false,1785420228121,LeaderAccept
1785420228100,true,1785420228137,LeaderAccept
1785420228116,true,1785420228153,LeaderAccept
1785420228134,false,1785420228171,LeaderAccept
1785420228151,true,1785420228188,LeaderAccept
1785420228167,false,1785420228204,LeaderAccept
1785420228185,true,1785420228222,LeaderAccept
1785420228202,true,1785420228239,LeaderAccept
1785420228220,false,1785420228256,LeaderAccept
1785420228237,true,1785420228274,LeaderAccept
1785420228255,true,1785420228292,LeaderAccept
1785420228273,true,1785420228310,LeaderAccept
1785420228291,true,1785420228328,LeaderAccept
1785420228309,true,1785420228346,LeaderAccept
1785420228328,false,1785420228365,LeaderAccept
1785420228346,true,1785420228383,LeaderAccept
1785420228365,false,1785420228401,LeaderAccept
1785420228383,false,1785420228420,LeaderAccept
1785420228401,true,1785420228438,LeaderAccept
1785420228421,false,1785420228457,LeaderAccept
1785420228440,false,1785420228477,LeaderAccept
1785420228460,false,1785420228496,LeaderAccept
1785420228480,false,1785420228517,LeaderAccept
1785420228500,true,1785420228537,LeaderAccept
1785420228519,true,1785420228556,LeaderAccept
1785420228540,true,1785420228577,LeaderAccept
1785420228561,true,1785420228598,LeaderAccept
1785420228581,true,1785420228618,LeaderAccept
1785420228602,false,1785420228639,LeaderAccept
1785420228624,false,1785420228661,LeaderAccept
1785420228645,true,1785420228681,LeaderAccept
1785420228666,true,1785420228703,LeaderAccept
1785420228687,true,1785420228724,LeaderAccept
1785420228710,false,1785420228747,LeaderAccept
1785420228732,false,1785420228769,LeaderAccept
1785420228754,false,1785420228792,LeaderAccept
1785420228776,true,1785420228813,LeaderAccept
1785420228799,false,1785420228836,LeaderAccept
1785420228822,true,1785420228858,LeaderAccept
1785420228845,false,1785420228882,LeaderAccept
1785420228869,true,1785420228905,LeaderAccept
1785420228893,false,1785420228930,LeaderAccept
1785420228917,false,1785420228954,LeaderAccept
1785420228940,true,1785420228977,LeaderAccept
1785420228965,true,1785420229002,LeaderAccept
1785420228989,false,1785420229026,LeaderAccept
1785420229015,true,1785420229051,LeaderAccept
1785420229041,true,1785420229077,LeaderAccept
1785420229067,true,1785420229103,LeaderAccept
1785420229093,true,1785420229130,LeaderAccept
1785420229120,false,1785420229157,LeaderAccept
1785420229147,false,1785420229184,LeaderAccept
1785420229174,false,1785420229211,LeaderAccept
1785420229201,true,1785420229238,LeaderAccept
1785420229230,false,1785420229266,LeaderAccept
1785420229258,true,1785420229295,LeaderAccept
1785420229287,false,1785420229323,LeaderAccept
1785420229316,true,1785420229353,LeaderAccept
1785420229346,true,1785420229382,LeaderAccept
1785420229376,false,1785420229413,LeaderAccept
1785420229407,false,1785420229445,LeaderAccept
1785420229437,true,1785420229474,LeaderAccept
1785420229468,true,1785420229505,LeaderAccept
1785420229499,true,1785420229536,LeaderAccept
1785420229531,false,1785420229568,LeaderAccept
1785420229563,false,1785420229601,LeaderAccept
1785420229596,true,1785420229633,LeaderAccept
1785420229631,false,1785420229667,LeaderAccept
1785420229664,true,1785420229701,LeaderAccept
1785420229698,false,1785420229735,LeaderAccept
1785420229734,false,1785420229770,LeaderAccept
1785420229770,false,1785420229806,LeaderAccept
1785420229806,false,1785420229843,LeaderAccept
1785420229843,true,1785420229880,LeaderAccept
1785420229881,true,1785420229919,LeaderAccept
1785420229920,true,1785420229956,LeaderAccept
1785420229960,true,1785420229997,LeaderAccept
1785420229999,true,1785420230036,LeaderAccept
1785420230040,true,1785420230076,LeaderAccept
1785420230082,false,1785420230119,LeaderAccept
1785420230125,false,1785420230161,LeaderAccept
1785420230169,false,1785420230206,LeaderAccept
1785420230213,false,1785420230249,LeaderAccept
1785420230259,false,1785420230295,LeaderAccept
1785420230305,true,1785420230341,LeaderAccept
1785420230352,true,1785420230389,LeaderAccept
1785420230400,true,1785420230436,LeaderAccept
1785420230450,true,1785420230487,LeaderAccept
1785420230501,true,1785420230538,LeaderAccept
1785420230553,true,1785420230590,LeaderAccept
1785420230607,true,1785420230644,LeaderAccept
1785420230662,true,1785420230699,LeaderAccept
1785420230719,true,1785420230756,LeaderAccept
1785420230777,true,1785420230815,LeaderAccept
1785420230836,false,1785420230873,LeaderAccept
1785420230898,false,1785420230935,LeaderAccept
1785420230962,false,1785420230997,LeaderAccept
1785420231028,false,1785420231064,LeaderAccept
1785420231096,false,1785420231132,LeaderAccept
1785420231165,false,1785420231202,LeaderAccept
1785420231238,true,1785420231275,LeaderAccept
1785420231312,false,1785420231349,LeaderAccept
1785420231390,true,1785420231426,LeaderAccept
1785420231471,true,1785420231508,LeaderAccept
1785420231554,false,1785420231592,LeaderAccept
1785420231641,true,1785420231679,LeaderAccept
1785420231732,false,1785420231770,LeaderAccept
1785420231827,false,1785420231864,LeaderAccept
1785420231927,false,1785420231964,LeaderAccept
1785420232033,true,1785420232069,LeaderAccept
1785420232144,false,1785420232181,LeaderAccept
1785420232261,false,1785420232299,LeaderAccept
1785420232386,true,1785420232423,LeaderAccept
1785420232519,true,1785420232556,LeaderAccept
1785420232660,true,1785420232697,LeaderAccept
1785420232811,true,1785420232848,LeaderAccept
1785420232973,false,1785420233010,LeaderAccept
1785420233151,true,1785420233188,LeaderAccept
1785420233343,true,1785420233381,LeaderAccept
1785420233556,false,1785420233594,LeaderAccept
1785420233792,true,1785420233830,LeaderAccept
1785420234057,false,1785420234095,LeaderAccept
1785420234360,false,1785420234397,LeaderAccept
1785420234712,true,1785420234750,LeaderAccept
1785420235132,false,1785420235170,LeaderAccept
1785420235650,true,1785420235688,LeaderAccept
1785420236322,true,1785420236359,LeaderAccept
1785420237259,true,1785420237296,LeaderAccept
1785420238757,true,1785420238795,LeaderAccept
1785420241923,true,1785420241961,LeaderAccept
1785420257337,true,1785420257374,LeaderAccept
1785420258159,true,1785420258196,LeaderAccept
1785420258186,false,1785420258223,LeaderAccept
1785420258212,true,1785420258250,LeaderAccept
1785420258240,true,1785420258277,LeaderAccept
1785420258268,false,1785420258305,LeaderAccept
1785420258297,false,1785420258334,LeaderAccept
1785420258326,true,1785420258363,LeaderAccept
1785420258355,false,1785420258391,LeaderAccept
1785420258384,false,1785420258421,LeaderAccept
1785420258415,false,1785420258452,LeaderAccept
1785420258446,false,1785420258482,LeaderAccept
1785420258476,false,1785420258513,LeaderAccept
1785420258507,true,1785420258544,LeaderAccept
1785420258539,true,1785420258576,LeaderAccept
1785420258571,false,1785420258609,LeaderAccept
1785420258604,true,1785420258641,LeaderAccept
1785420258638,false,1785420258675,LeaderAccept
1785420258671,true,1785420258708,LeaderAccept
1785420258706,false,1785420258743,LeaderAccept
1785420258740,true,1785420258778,LeaderAccept
1785420258775,true,1785420258812,LeaderAccept
1785420258812,true,1785420258848,LeaderAccept
1785420258848,false,1785420258886,LeaderAccept
1785420258886,false,1785420258923,LeaderAccept
1785420258923,true,1785420258960,LeaderAccept
1785420258961,false,1785420258998,LeaderAccept
1785420259001,false,1785420259038,LeaderAccept
1785420259042,false,1785420259079,LeaderAccept
1785420259083,false,1785420259120,LeaderAccept
1785420259124,false,1785420259161,LeaderAccept
1785420259166,false,1785420259203,LeaderAccept
1785420259209,true,1785420259246,LeaderAccept
1785420259254,false,1785420259291,LeaderAccept
1785420259299,true,1785420259336,LeaderAccept
1785420259345,false,1785420259382,LeaderAccept
1785420259393,true,1785420259429,LeaderAccept
1785420259441,false,1785420259478,LeaderAccept
1785420259490,false,1785420259527,LeaderAccept
1785420259541,true,1785420259578,LeaderAccept
1785420259594,true,1785420259631,LeaderAccept
1785420259648,false,1785420259685,LeaderAccept
1785420259703,false,1785420259741,LeaderAccept
1785420259761,false,1785420259797,LeaderAccept
1785420259819,false,1785420259855,LeaderAccept
1785420259879,true,1785420259916,LeaderAccept
1785420259941,true,1785420259977,LeaderAccept
1785420260005,true,1785420260042,LeaderAccept
1785420260070,true,1785420260108,LeaderAccept
1785420260138,false,1785420260175,LeaderAccept
1785420260207,false,1785420260245,LeaderAccept
1785420260280,false,1785420260317,LeaderAccept
1785420260354,true,1785420260391,LeaderAccept
1785420260433,false,1785420260470,LeaderAccept
1785420260513,false,1785420260551,LeaderAccept
1785420260598,true,1785420260635,LeaderAccept
1785420260685,true,1785420260722,LeaderAccept
1785420260777,true,1785420260814,LeaderAccept
1785420260872,false,1785420260910,LeaderAccept
1785420260973,false,1785420261010,LeaderAccept
1785420261078,true,1785420261116,LeaderAccept
1785420261190,false,1785420261228,LeaderAccept
1785420261308,true,1785420261345,LeaderAccept
1785420261432,true,1785420261469,LeaderAccept
1785420261566,true,1785420261603,LeaderAccept
1785420261707,true,1785420261745,LeaderAccept
1785420261859,false,1785420261897,LeaderAccept
1785420262024,false,1785420262061,LeaderAccept
1785420262202,true,1785420262240,LeaderAccept
1785420262396,true,1785420262433,LeaderAccept
1785420262610,false,1785420262647,LeaderAccept
1785420262849,true,1785420262886,LeaderAccept
1785420263118,true,1785420263155,LeaderAccept
1785420263424,false,1785420263461,LeaderAccept
1785420263782,true,1785420263819,LeaderAccept
1785420264210,false,1785420264247,LeaderAccept
1785420264739,false,1785420264776,LeaderAccept
1785420265427,false,1785420265464,LeaderAccept
1785420266397,true,1785420266435,LeaderAccept
1785420267974,true,1785420268011,LeaderAccept
1785420271439,false,1785420271476,LeaderAccept
