Jul 30 13:54:32.957 INFO === Fast Path Statistics ===
Total Append Attempts:  66
Fast Path Attempts:     0 (Utilization: 0.00%)
  ├─ Successes:         0 (Total Rate: 0.00%, Path Success: N/A)
  └─ Errors:            0 (Total Rate: 0.00%, Path Error: N/A)
Jul 30 13:54:32.957 INFO Append performance over last minute - Count: 66, Avg Time: 6334 ns
Jul 30 13:54:32.957 INFO Current latencies: {5: Some(0.02523635), 1: Some(0.02477795), 2: Some(0.0237941), 4: Some(0.0095108)}
Jul 30 13:55:32.957 INFO === Fast Path Statistics ===
Total Append Attempts:  504
Fast Path Attempts:     41 (Utilization: 8.13%)
  ├─ Successes:         37 (Total Rate: 7.34%, Path Success: 90.24%)
  └─ Errors:            4 (Total Rate: 0.79%, Path Error: 9.76%)
Jul 30 13:55:32.957 INFO Append performance over last minute - Count: 504, Avg Time: 6750 ns
Jul 30 13:55:32.957 INFO Current latencies: {2: Some(0.023828449999999998), 4: Some(0.009292950000000001), 1: Some(0.024841600000000002), 5: Some(0.0214566)}
Jul 30 13:56:32.957 INFO === Fast Path Statistics ===
Total Append Attempts:  57
Fast Path Attempts:     1 (Utilization: 1.75%)
  ├─ Successes:         1 (Total Rate: 1.75%, Path Success: 100.00%)
  └─ Errors:            0 (Total Rate: 0.00%, Path Error: 0.00%)
Jul 30 13:56:32.957 INFO Append performance over last minute - Count: 57, Avg Time: 5511 ns
Jul 30 13:56:32.957 INFO Current latencies: {5: Some(0.02142995), 2: Some(0.023864049999999998), 1: Some(0.02486215), 4: Some(0.00931945)}
Jul 30 13:57:32.957 INFO === Fast Path Statistics ===
Total Append Attempts:  210
Fast Path Attempts:     2 (Utilization: 0.95%)
  ├─ Successes:         2 (Total Rate: 0.95%, Path Success: 100.00%)
  └─ Errors:            0 (Total Rate: 0.00%, Path Error: 0.00%)
Jul 30 13:57:32.957 INFO Append performance over last minute - Count: 210, Avg Time: 6276 ns
Jul 30 13:57:32.957 INFO Current latencies: {4: Some(0.0093536), 1: Some(0.024865350000000005), 2: Some(0.023509749999999996), 5: Some(0.021509749999999998)}
Jul 30 13:58:32.957 INFO === Fast Path Statistics ===
Total Append Attempts:  156
Fast Path Attempts:     152 (Utilization: 97.44%)
  ├─ Successes:         148 (Total Rate: 94.87%, Path Success: 97.37%)
  └─ Errors:            4 (Total Rate: 2.56%, Path Error: 2.63%)
Jul 30 13:58:32.957 INFO Append performance over last minute - Count: 156, Avg Time: 12680 ns
Jul 30 13:58:32.957 INFO Current latencies: {1: Some(0.02481705), 4: Some(0.009283199999999998), 5: Some(0.023163700000000002), 2: Some(0.023353199999999998)}
Jul 30 13:59:32.957 INFO === Fast Path Statistics ===
Total Append Attempts:  252
Fast Path Attempts:     144 (Utilization: 57.14%)
  ├─ Successes:         139 (Total Rate: 55.16%, Path Success: 96.53%)
  └─ Errors:            5 (Total Rate: 1.98%, Path Error: 3.47%)
Jul 30 13:59:32.957 INFO Append performance over last minute - Count: 252, Avg Time: 9196 ns
Jul 30 13:59:32.957 INFO Current latencies: {4: Some(0.009197399999999998), 5: Some(0.0230676), 1: Some(0.01817445), 2: Some(0.023280100000000005)}
Jul 30 14:00:32.957 INFO === Fast Path Statistics ===
Total Append Attempts:  82
Fast Path Attempts:     81 (Utilization: 98.78%)
  ├─ Successes:         79 (Total Rate: 96.34%, Path Success: 97.53%)
  └─ Errors:            2 (Total Rate: 2.44%, Path Error: 2.47%)
Jul 30 14:00:32.957 INFO Append performance over last minute - Count: 82, Avg Time: 10919 ns
Jul 30 14:00:32.957 INFO Current latencies: {2: Some(0.02337595), 5: Some(0.022582299999999996), 1: Some(0.01822305), 4: Some(0.00946435)}
Jul 30 14:01:32.956 INFO === Fast Path Statistics ===
Total Append Attempts:  230
Fast Path Attempts:     2 (Utilization: 0.87%)
  ├─ Successes:         1 (Total Rate: 0.43%, Path Success: 50.00%)
  └─ Errors:            1 (Total Rate: 0.43%, Path Error: 50.00%)
Jul 30 14:01:32.956 INFO Append performance over last minute - Count: 230, Avg Time: 5305 ns
Jul 30 14:01:32.956 INFO Current latencies: {2: Some(0.02335135), 1: Some(0.01820515), 4: Some(0.009383250000000001), 5: Some(0.0225826)}
Jul 30 14:02:32.957 INFO === Fast Path Statistics ===
Total Append Attempts:  93
Fast Path Attempts:     87 (Utilization: 93.55%)
  ├─ Successes:         81 (Total Rate: 87.10%, Path Success: 93.10%)
  └─ Errors:            6 (Total Rate: 6.45%, Path Error: 6.90%)
Jul 30 14:02:32.957 INFO Append performance over last minute - Count: 93, Avg Time: 13405 ns
Jul 30 14:02:32.957 INFO Current latencies: {5: Some(0.02265285), 1: Some(0.019651400000000003), 2: Some(0.02341165), 4: Some(0.009457700000000003)}
Jul 30 14:03:32.957 INFO === Fast Path Statistics ===
Total Append Attempts:  157
Fast Path Attempts:     108 (Utilization: 68.79%)
  ├─ Successes:         104 (Total Rate: 66.24%, Path Success: 96.30%)
  └─ Errors:            4 (Total Rate: 2.55%, Path Error: 3.70%)
Jul 30 14:03:32.957 INFO Append performance over last minute - Count: 157, Avg Time: 10134 ns
Jul 30 14:03:32.957 INFO Current latencies: {1: Some(0.019992899999999997), 5: Some(0.03130050000000001), 2: Some(0.02339675), 4: Some(0.009345750000000002)}
Jul 30 14:04:32.957 INFO === Fast Path Statistics ===
Total Append Attempts:  280
Fast Path Attempts:     105 (Utilization: 37.50%)
  ├─ Successes:         104 (Total Rate: 37.14%, Path Success: 99.05%)
  └─ Errors:            1 (Total Rate: 0.36%, Path Error: 0.95%)
Jul 30 14:04:32.957 INFO Append performance over last minute - Count: 280, Avg Time: 10062 ns
Jul 30 14:04:32.957 INFO Current latencies: {1: Some(0.022483000000000003), 2: Some(0.02345475), 4: Some(0.009456), 5: Some(0.03081735)}
