Jul 30 13:18:40.218 INFO === Fast Path Statistics ===
Total Append Attempts:  228
Fast Path Attempts:     124 (Utilization: 54.39%)
  ├─ Successes:         104 (Total Rate: 45.61%, Path Success: 83.87%)
  └─ Errors:            20 (Total Rate: 8.77%, Path Error: 16.13%)
Jul 30 13:18:40.218 INFO Append performance over last minute - Count: 228, Avg Time: 8112 ns
Jul 30 13:18:40.218 INFO Current latencies: {3: Some(0.009561450000000003), 1: Some(0.0699878), 2: Some(0.032675), 5: Some(0.028528900000000003)}
Jul 30 13:18:40.290 INFO start_calibration execution time: 62ns
Jul 30 13:19:40.218 INFO === Fast Path Statistics ===
Total Append Attempts:  373
Fast Path Attempts:     107 (Utilization: 28.69%)
  ├─ Successes:         78 (Total Rate: 20.91%, Path Success: 72.90%)
  └─ Errors:            29 (Total Rate: 7.77%, Path Error: 27.10%)
Jul 30 13:19:40.218 INFO Append performance over last minute - Count: 373, Avg Time: 9286 ns
Jul 30 13:19:40.218 INFO Current latencies: {1: Some(0.025323650000000003), 5: Some(0.02849655), 2: Some(0.032645799999999996), 3: Some(0.0094561)}
Jul 30 13:20:40.218 INFO === Fast Path Statistics ===
Total Append Attempts:  257
Fast Path Attempts:     101 (Utilization: 39.30%)
  ├─ Successes:         82 (Total Rate: 31.91%, Path Success: 81.19%)
  └─ Errors:            19 (Total Rate: 7.39%, Path Error: 18.81%)
Jul 30 13:20:40.218 INFO Append performance over last minute - Count: 257, Avg Time: 9078 ns
Jul 30 13:20:40.218 INFO Current latencies: {3: Some(0.00953455), 1: Some(0.13130859999999997), 2: Some(0.0326008), 5: Some(0.029176199999999996)}
Jul 30 13:21:40.218 INFO === Fast Path Statistics ===
Total Append Attempts:  200
Fast Path Attempts:     33 (Utilization: 16.50%)
  ├─ Successes:         29 (Total Rate: 14.50%, Path Success: 87.88%)
  └─ Errors:            4 (Total Rate: 2.00%, Path Error: 12.12%)
Jul 30 13:21:40.218 INFO Append performance over last minute - Count: 200, Avg Time: 8350 ns
Jul 30 13:21:40.218 INFO Current latencies: {3: Some(0.009646600000000002), 1: Some(0.13143145), 5: Some(0.0292742), 2: Some(0.03271715)}
Jul 30 13:22:40.218 INFO === Fast Path Statistics ===
Total Append Attempts:  143
Fast Path Attempts:     88 (Utilization: 61.54%)
  ├─ Successes:         82 (Total Rate: 57.34%, Path Success: 93.18%)
  └─ Errors:            6 (Total Rate: 4.20%, Path Error: 6.82%)
Jul 30 13:22:40.218 INFO Append performance over last minute - Count: 143, Avg Time: 9588 ns
Jul 30 13:22:40.218 INFO Current latencies: {2: Some(0.03294), 5: Some(0.029151849999999997), 1: Some(0.028984149999999997), 3: Some(0.009565800000000001)}
Jul 30 13:23:40.218 INFO === Fast Path Statistics ===
Total Append Attempts:  202
Fast Path Attempts:     75 (Utilization: 37.13%)
  ├─ Successes:         62 (Total Rate: 30.69%, Path Success: 82.67%)
  └─ Errors:            13 (Total Rate: 6.44%, Path Error: 17.33%)
Jul 30 13:23:40.218 INFO Append performance over last minute - Count: 202, Avg Time: 9169 ns
Jul 30 13:23:40.218 INFO Current latencies: {3: Some(0.009633), 1: Some(0.028945900000000004), 2: Some(0.032945800000000004), 5: Some(0.029172749999999997)}
Jul 30 13:23:40.297 INFO end_calibration execution time: 6.22512ms
Jul 30 13:24:40.218 INFO === Fast Path Statistics ===
Total Append Attempts:  68
Fast Path Attempts:     48 (Utilization: 70.59%)
  ├─ Successes:         22 (Total Rate: 32.35%, Path Success: 45.83%)
  └─ Errors:            26 (Total Rate: 38.24%, Path Error: 54.17%)
Jul 30 13:24:40.218 INFO Append performance over last minute - Count: 68, Avg Time: 8484 ns
Jul 30 13:24:40.218 INFO Current latencies: {3: Some(0.00964035), 2: Some(0.03297345), 5: Some(0.03459605), 1: Some(0.025363000000000004)}
Jul 30 13:25:40.218 INFO === Fast Path Statistics ===
Total Append Attempts:  304
Fast Path Attempts:     188 (Utilization: 61.84%)
  ├─ Successes:         81 (Total Rate: 26.64%, Path Success: 43.09%)
  └─ Errors:            107 (Total Rate: 35.20%, Path Error: 56.91%)
Jul 30 13:25:40.218 INFO Append performance over last minute - Count: 304, Avg Time: 7840 ns
Jul 30 13:25:40.218 INFO Current latencies: {5: Some(0.0351877), 3: Some(0.009534150000000002), 1: Some(0.025322499999999998), 2: Some(0.032974250000000004)}
Jul 30 13:26:40.218 INFO === Fast Path Statistics ===
Total Append Attempts:  189
Fast Path Attempts:     178 (Utilization: 94.18%)
  ├─ Successes:         106 (Total Rate: 56.08%, Path Success: 59.55%)
  └─ Errors:            72 (Total Rate: 38.10%, Path Error: 40.45%)
Jul 30 13:26:40.218 INFO Append performance over last minute - Count: 189, Avg Time: 9206 ns
Jul 30 13:26:40.218 INFO Current latencies: {3: Some(0.00951955), 2: Some(0.032954750000000005), 5: Some(0.028970749999999997), 1: Some(0.09962564999999998)}
Jul 30 13:27:40.217 INFO === Fast Path Statistics ===
Total Append Attempts:  219
Fast Path Attempts:     100 (Utilization: 45.66%)
  ├─ Successes:         5 (Total Rate: 2.28%, Path Success: 5.00%)
  └─ Errors:            95 (Total Rate: 43.38%, Path Error: 95.00%)
Jul 30 13:27:40.217 INFO Append performance over last minute - Count: 219, Avg Time: 7448 ns
Jul 30 13:27:40.217 INFO Current latencies: {1: Some(0.0292112), 3: Some(0.00940875), 5: Some(0.02960425), 2: Some(0.03279554999999999)}
Jul 30 13:28:40.217 INFO === Fast Path Statistics ===
Total Append Attempts:  213
Fast Path Attempts:     153 (Utilization: 71.83%)
  ├─ Successes:         62 (Total Rate: 29.11%, Path Success: 40.52%)
  └─ Errors:            91 (Total Rate: 42.72%, Path Error: 59.48%)
Jul 30 13:28:40.217 INFO Append performance over last minute - Count: 213, Avg Time: 8614 ns
Jul 30 13:28:40.218 INFO Current latencies: {5: Some(0.029672949999999997), 2: Some(0.03279144999999999), 3: Some(0.009520899999999999), 1: Some(0.029261899999999997)}
Jul 30 13:29:40.218 INFO === Fast Path Statistics ===
Total Append Attempts:  262
Fast Path Attempts:     166 (Utilization: 63.36%)
  ├─ Successes:         62 (Total Rate: 23.66%, Path Success: 37.35%)
  └─ Errors:            104 (Total Rate: 39.69%, Path Error: 62.65%)
Jul 30 13:29:40.218 INFO Append performance over last minute - Count: 262, Avg Time: 8237 ns
Jul 30 13:29:40.218 INFO Current latencies: {5: Some(0.0277121), 1: Some(0.0995538), 3: Some(0.0094737), 2: Some(0.03278515)}
Jul 30 13:30:40.218 INFO === Fast Path Statistics ===
Total Append Attempts:  283
Fast Path Attempts:     209 (Utilization: 73.85%)
  ├─ Successes:         106 (Total Rate: 37.46%, Path Success: 50.72%)
  └─ Errors:            103 (Total Rate: 36.40%, Path Error: 49.28%)
Jul 30 13:30:40.218 INFO Append performance over last minute - Count: 283, Avg Time: 8089 ns
Jul 30 13:30:40.218 INFO Current latencies: {2: Some(0.03275455), 3: Some(0.009438400000000001), 5: Some(0.028459199999999997), 1: Some(0.029028850000000002)}
Jul 30 13:31:40.218 INFO === Fast Path Statistics ===
Total Append Attempts:  164
Fast Path Attempts:     124 (Utilization: 75.61%)
  ├─ Successes:         38 (Total Rate: 23.17%, Path Success: 30.65%)
  └─ Errors:            86 (Total Rate: 52.44%, Path Error: 69.35%)
Jul 30 13:31:40.218 INFO Append performance over last minute - Count: 164, Avg Time: 8723 ns
Jul 30 13:31:40.218 INFO Current latencies: {1: Some(0.02907275), 2: Some(0.03215775), 3: Some(0.0094544), 5: Some(0.02849405)}
Jul 30 13:32:40.218 INFO === Fast Path Statistics ===
Total Append Attempts:  250
Fast Path Attempts:     150 (Utilization: 60.00%)
  ├─ Successes:         58 (Total Rate: 23.20%, Path Success: 38.67%)
  └─ Errors:            92 (Total Rate: 36.80%, Path Error: 61.33%)
Jul 30 13:32:40.218 INFO Append performance over last minute - Count: 250, Avg Time: 8067 ns
Jul 30 13:32:40.218 INFO Current latencies: {1: Some(0.029051599999999993), 2: Some(0.0320426), 3: Some(0.00937625), 5: Some(0.028470399999999996)}
Jul 30 13:33:40.217 INFO === Fast Path Statistics ===
Total Append Attempts:  224
Fast Path Attempts:     126 (Utilization: 56.25%)
  ├─ Successes:         27 (Total Rate: 12.05%, Path Success: 21.43%)
  └─ Errors:            99 (Total Rate: 44.20%, Path Error: 78.57%)
Jul 30 13:33:40.217 INFO Append performance over last minute - Count: 224, Avg Time: 7649 ns
Jul 30 13:33:40.217 INFO Current latencies: {5: Some(0.028378900000000006), 3: Some(0.00935695), 1: Some(0.0270101), 2: Some(0.03198315)}
