request_time,write,response_time,accept_status
1785243254827,true,1785243254874,LeaderAccept
1785243254844,true,1785243254892,LeaderAccept
1785243254862,false,1785243254909,LeaderAccept
1785243254879,false,1785243254925,LeaderAccept
1785243254896,false,1785243254942,LeaderAccept
1785243254913,false,1785243254960,LeaderAccept
1785243254931,false,1785243254977,LeaderAccept
1785243254949,false,1785243254995,LeaderAccept
1785243254966,true,1785243255013,LeaderAccept
1785243254985,false,1785243255032,LeaderAccept
1785243255002,true,1785243255050,LeaderAccept
1785243255020,true,1785243255067,LeaderAccept
1785243255039,true,1785243255086,LeaderAccept
1785243255058,false,1785243255104,LeaderAccept
1785243255076,false,1785243255123,LeaderAccept
1785243255095,false,1785243255141,LeaderAccept
1785243255115,false,1785243255161,LeaderAccept
1785243255134,true,1785243255180,LeaderAccept
1785243255153,true,1785243255200,LeaderAccept
1785243255173,true,1785243255220,LeaderAccept
1785243255193,true,1785243255239,LeaderAccept
1785243255214,true,1785243255260,LeaderAccept
1785243255234,false,1785243255280,LeaderAccept
1785243255255,false,1785243255301,LeaderAccept
1785243255275,false,1785243255321,LeaderAccept
1785243255297,true,1785243255343,LeaderAccept
1785243255317,true,1785243255364,LeaderAccept
1785243255339,false,1785243255385,LeaderAccept
1785243255360,false,1785243255407,LeaderAccept
1785243255382,true,1785243255428,LeaderAccept
1785243255404,false,1785243255450,LeaderAccept
1785243255426,false,1785243255473,LeaderAccept
1785243255449,true,1785243255495,LeaderAccept
1785243255472,false,1785243255518,LeaderAccept
1785243255494,true,1785243255541,LeaderAccept
1785243255517,false,1785243255564,LeaderAccept
1785243255540,true,1785243255587,LeaderAccept
1785243255564,true,1785243255611,LeaderAccept
1785243255588,false,1785243255634,LeaderAccept
1785243255613,true,1785243255660,LeaderAccept
1785243255638,false,1785243255684,LeaderAccept
1785243255663,true,1785243255710,LeaderAccept
1785243255688,true,1785243255735,LeaderAccept
1785243255714,false,1785243255760,LeaderAccept
1785243255739,true,1785243255786,LeaderAccept
1785243255765,false,1785243255812,LeaderAccept
1785243255792,true,1785243255838,LeaderAccept
1785243255819,true,1785243255865,LeaderAccept
1785243255846,true,1785243255893,LeaderAccept
1785243255873,false,1785243255920,LeaderAccept
1785243255901,true,1785243255947,LeaderAccept
1785243255929,false,1785243255976,LeaderAccept
1785243255958,false,1785243256005,LeaderAccept
1785243255987,true,1785243256033,LeaderAccept
1785243256016,false,1785243256062,LeaderAccept
1785243256046,true,1785243256092,LeaderAccept
1785243256076,false,1785243256122,LeaderAccept
1785243256106,true,1785243256153,LeaderAccept
1785243256137,true,1785243256184,LeaderAccept
1785243256169,true,1785243256216,LeaderAccept
1785243256201,false,1785243256248,LeaderAccept
1785243256233,false,1785243256280,LeaderAccept
1785243256267,false,1785243256314,LeaderAccept
1785243256300,false,1785243256347,LeaderAccept
1785243256335,false,1785243256382,LeaderAccept
1785243256369,false,1785243256416,LeaderAccept
1785243256404,true,1785243256451,LeaderAccept
1785243256441,true,1785243256488,LeaderAccept
1785243256478,false,1785243256525,LeaderAccept
1785243256514,true,1785243256561,LeaderAccept
1785243256551,false,1785243256598,LeaderAccept
1785243256589,true,1785243256636,LeaderAccept
1785243256629,false,1785243256676,LeaderAccept
1785243256669,true,1785243256715,LeaderAccept
1785243256710,true,1785243256756,LeaderAccept
1785243256752,true,1785243256798,LeaderAccept
1785243256795,false,1785243256841,LeaderAccept
1785243256839,false,1785243256885,LeaderAccept
1785243256882,true,1785243256929,LeaderAccept
1785243256927,true,1785243256973,LeaderAccept
1785243256973,false,1785243257020,LeaderAccept
1785243257021,false,1785243257068,LeaderAccept
1785243257069,false,1785243257116,LeaderAccept
1785243257118,true,1785243257164,LeaderAccept
1785243257169,true,1785243257215,LeaderAccept
1785243257220,false,1785243257267,LeaderAccept
1785243257274,false,1785243257321,LeaderAccept
1785243257328,false,1785243257374,LeaderAccept
1785243257384,true,1785243257431,LeaderAccept
1785243257442,true,1785243257489,LeaderAccept
1785243257501,false,1785243257547,LeaderAccept
1785243257563,false,1785243257610,LeaderAccept
1785243257625,false,1785243257672,LeaderAccept
1785243257690,true,1785243257737,LeaderAccept
1785243257757,false,1785243257803,LeaderAccept
1785243257826,true,1785243257873,LeaderAccept
1785243257898,false,1785243257945,LeaderAccept
1785243257972,false,1785243258019,LeaderAccept
1785243258049,true,1785243258096,LeaderAccept
1785243258129,false,1785243258176,LeaderAccept
1785243258213,true,1785243258260,LeaderAccept
1785243258300,true,1785243258347,LeaderAccept
1785243258390,true,1785243258437,LeaderAccept
1785243258484,false,1785243258532,LeaderAccept
1785243258583,false,1785243258630,LeaderAccept
1785243258687,true,1785243258734,LeaderAccept
1785243258798,true,1785243258845,LeaderAccept
1785243258913,true,1785243258960,LeaderAccept
1785243259036,false,1785243259083,LeaderAccept
1785243259167,true,1785243259214,LeaderAccept
1785243259306,false,1785243259352,LeaderAccept
1785243259455,true,1785243259502,LeaderAccept
1785243259615,false,1785243259662,LeaderAccept
1785243259788,false,1785243259835,LeaderAccept
1785243259977,true,1785243260024,LeaderAccept
1785243260185,false,1785243260232,LeaderAccept
1785243260417,true,1785243260464,LeaderAccept
1785243260676,true,1785243260722,LeaderAccept
1785243260969,true,1785243261016,LeaderAccept
1785243261309,false,1785243261357,LeaderAccept
1785243261712,true,1785243261759,LeaderAccept
1785243262205,true,1785243262252,LeaderAccept
1785243262836,true,1785243262882,LeaderAccept
1785243263700,true,1785243263747,LeaderAccept
1785243265031,false,1785243265077,LeaderAccept
1785243267617,true,1785243267664,LeaderAccept
1785243277038,true,1785243277085,LeaderAccept
1785243283600,true,1785243283647,LeaderAccept
1785243283626,false,1785243283673,LeaderAccept
1785243283651,false,1785243283698,LeaderAccept
1785243283677,true,1785243283724,LeaderAccept
1785243283702,true,1785243283749,LeaderAccept
1785243283728,true,1785243283775,LeaderAccept
1785243283755,false,1785243283802,LeaderAccept
1785243283783,true,1785243283829,LeaderAccept
1785243283810,true,1785243283856,LeaderAccept
1785243283838,true,1785243283885,LeaderAccept
1785243283865,true,1785243283912,LeaderAccept
1785243283894,true,1785243283941,LeaderAccept
1785243283923,true,1785243283969,LeaderAccept
1785243283951,true,1785243283997,LeaderAccept
1785243283980,false,1785243284027,LeaderAccept
1785243284010,false,1785243284057,LeaderAccept
1785243284041,true,1785243284087,LeaderAccept
1785243284071,true,1785243284118,LeaderAccept
1785243284102,false,1785243284149,LeaderAccept
1785243284134,true,1785243284181,LeaderAccept
1785243284166,true,1785243284213,LeaderAccept
1785243284199,false,1785243284246,LeaderAccept
1785243284232,true,1785243284279,LeaderAccept
1785243284267,false,1785243284314,LeaderAccept
1785243284301,false,1785243284348,LeaderAccept
1785243284336,true,1785243284383,LeaderAccept
1785243284371,false,1785243284418,LeaderAccept
1785243284407,false,1785243284454,LeaderAccept
1785243284444,true,1785243284490,LeaderAccept
1785243284481,true,1785243284528,LeaderAccept
1785243284520,false,1785243284567,LeaderAccept
1785243284559,false,1785243284605,LeaderAccept
1785243284598,false,1785243284645,LeaderAccept
1785243284639,false,1785243284686,LeaderAccept
1785243284679,true,1785243284726,LeaderAccept
1785243284722,false,1785243284769,LeaderAccept
1785243284765,true,1785243284812,LeaderAccept
1785243284808,false,1785243284854,LeaderAccept
1785243284852,false,1785243284898,LeaderAccept
1785243284898,true,1785243284945,LeaderAccept
1785243284945,false,1785243284992,LeaderAccept
1785243284993,true,1785243285040,LeaderAccept
1785243285041,true,1785243285088,LeaderAccept
1785243285091,true,1785243285138,LeaderAccept
1785243285142,false,1785243285189,LeaderAccept
1785243285194,false,1785243285242,LeaderAccept
1785243285249,true,1785243285296,LeaderAccept
1785243285304,true,1785243285351,LeaderAccept
1785243285361,true,1785243285408,LeaderAccept
1785243285419,true,1785243285466,LeaderAccept
1785243285479,false,1785243285526,LeaderAccept
1785243285541,true,1785243285588,LeaderAccept
1785243285605,true,1785243285651,LeaderAccept
1785243285672,true,1785243285718,LeaderAccept
1785243285739,true,1785243285786,LeaderAccept
1785243285810,true,1785243285857,LeaderAccept
1785243285883,true,1785243285930,LeaderAccept
1785243285959,false,1785243286006,LeaderAccept
1785243286038,false,1785243286084,LeaderAccept
1785243286120,true,1785243286166,LeaderAccept
1785243286205,true,1785243286252,LeaderAccept
1785243286293,false,1785243286340,LeaderAccept
1785243286386,false,1785243286433,LeaderAccept
1785243286482,true,1785243286529,LeaderAccept
1785243286583,true,1785243286630,LeaderAccept
1785243286691,false,1785243286737,LeaderAccept
1785243286804,true,1785243286851,LeaderAccept
1785243286922,true,1785243286969,LeaderAccept
1785243287048,true,1785243287095,LeaderAccept
1785243287183,false,1785243287229,LeaderAccept
1785243287327,true,1785243287373,LeaderAccept
1785243287481,true,1785243287528,LeaderAccept
1785243287648,true,1785243287695,LeaderAccept
1785243287830,true,1785243287876,LeaderAccept
1785243288027,false,1785243288074,LeaderAccept
1785243288245,true,1785243288292,LeaderAccept
1785243288489,true,1785243288536,LeaderAccept
1785243288763,false,1785243288810,LeaderAccept
1785243289078,true,1785243289125,LeaderAccept
1785243289448,true,1785243289495,LeaderAccept
1785243289892,true,1785243289965,SlowAccept
1785243290444,false,1785243290491,LeaderAccept
1785243291173,false,1785243291219,FastAccept
1785243292223,true,1785243292269,FastAccept
1785243293995,false,1785243294041,FastAccept
1785243298289,false,1785243298335,FastAccept
1785243304304,true,1785243304350,LeaderAccept
1785243304336,false,1785243304409,LeaderAccept
1785243304370,false,1785243304416,LeaderAccept
1785243304403,false,1785243304450,LeaderAccept
1785243304437,true,1785243304484,LeaderAccept
1785243304472,true,1785243304519,LeaderAccept
1785243304507,true,1785243304554,LeaderAccept
1785243304543,false,1785243304590,LeaderAccept
1785243304580,false,1785243304627,LeaderAccept
1785243304618,false,1785243304665,LeaderAccept
1785243304656,false,1785243304703,LeaderAccept
1785243304695,false,1785243304741,LeaderAccept
1785243304735,true,1785243304783,LeaderAccept
1785243304777,true,1785243304824,LeaderAccept
1785243304818,false,1785243304865,LeaderAccept
1785243304860,false,1785243304907,LeaderAccept
1785243304904,true,1785243304950,LeaderAccept
1785243304948,false,1785243304995,LeaderAccept
1785243304992,false,1785243305039,LeaderAccept
1785243305038,false,1785243305085,LeaderAccept
1785243305085,true,1785243305131,LeaderAccept
1785243305133,true,1785243305180,LeaderAccept
1785243305182,false,1785243305229,LeaderAccept
1785243305232,true,1785243305278,LeaderAccept
1785243305284,false,1785243305331,LeaderAccept
1785243305336,true,1785243305383,LeaderAccept
1785243305391,false,1785243305438,LeaderAccept
1785243305447,false,1785243305494,LeaderAccept
1785243305504,true,1785243305551,LeaderAccept
1785243305563,false,1785243305610,LeaderAccept
1785243305624,true,1785243305671,LeaderAccept
1785243305688,true,1785243305735,LeaderAccept
1785243305753,false,1785243305800,LeaderAccept
1785243305819,true,1785243305866,LeaderAccept
1785243305889,true,1785243305936,LeaderAccept
1785243305961,true,1785243306007,LeaderAccept
1785243306034,true,1785243306081,LeaderAccept
1785243306112,true,1785243306158,LeaderAccept
1785243306191,true,1785243306238,LeaderAccept
1785243306275,true,1785243306322,LeaderAccept
1785243306362,false,1785243306409,LeaderAccept
1785243306452,true,1785243306499,LeaderAccept
1785243306548,false,1785243306595,LeaderAccept
1785243306647,true,1785243306695,LeaderAccept
1785243306752,false,1785243306799,LeaderAccept
1785243306862,true,1785243306909,LeaderAccept
1785243306977,true,1785243307024,LeaderAccept
1785243307100,true,1785243307146,LeaderAccept
1785243307230,false,1785243307277,LeaderAccept
1785243307368,true,1785243307415,LeaderAccept
1785243307518,true,1785243307565,LeaderAccept
1785243307678,false,1785243307725,LeaderAccept
1785243307851,true,1785243307898,LeaderAccept
1785243308041,true,1785243308088,LeaderAccept
1785243308248,false,1785243308295,LeaderAccept
1785243308479,false,1785243308526,LeaderAccept
1785243308737,true,1785243308784,LeaderAccept
1785243309032,true,1785243309078,LeaderAccept
1785243309372,true,1785243309418,LeaderAccept
1785243309774,true,1785243309820,FastAccept
1785243310267,false,1785243310313,FastAccept
1785243310897,true,1785243310943,FastAccept
1785243311760,true,1785243311806,FastAccept
1785243311791,false,1785243311837,FastAccept
1785243311817,false,1785243311863,FastAccept
1785243311842,true,1785243311888,FastAccept
1785243311868,true,1785243311914,FastAccept
1785243311894,true,1785243311940,FastAccept
1785243311921,true,1785243311967,FastAccept
1785243311948,false,1785243311994,FastAccept
1785243311977,true,1785243312023,FastAccept
1785243312005,false,1785243312051,FastAccept
1785243312034,false,1785243312080,FastAccept
1785243312063,false,1785243312109,FastAccept
1785243312091,false,1785243312137,FastAccept
1785243312121,false,1785243312167,FastAccept
1785243312150,false,1785243312196,FastAccept
1785243312181,false,1785243312227,FastAccept
1785243312212,true,1785243312258,FastAccept
1785243312244,false,1785243312290,FastAccept
1785243312275,true,1785243312321,FastAccept
1785243312307,true,1785243312354,FastAccept
1785243312341,true,1785243312387,FastAccept
1785243312374,true,1785243312420,FastAccept
1785243312407,true,1785243312453,FastAccept
1785243312441,true,1785243312487,FastAccept
1785243312477,true,1785243312523,FastAccept
1785243312512,true,1785243312559,FastAccept
1785243312549,false,1785243312595,FastAccept
1785243312586,false,1785243312632,FastAccept
1785243312623,true,1785243312669,FastAccept
1785243312661,false,1785243312707,FastAccept
1785243312699,false,1785243312745,FastAccept
1785243312738,true,1785243312784,FastAccept
1785243312778,true,1785243312824,FastAccept
1785243312819,false,1785243312865,FastAccept
1785243312861,true,1785243312907,FastAccept
1785243312905,false,1785243312950,FastAccept
1785243312949,true,1785243312994,FastAccept
1785243312994,true,1785243313040,FastAccept
1785243313040,true,1785243313086,FastAccept
1785243313086,true,1785243313132,FastAccept
1785243313133,false,1785243313179,FastAccept
1785243313181,true,1785243313247,LeaderAccept
1785243313231,false,1785243313277,LeaderAccept
1785243313283,false,1785243313329,LeaderAccept
1785243313335,false,1785243313381,LeaderAccept
1785243313390,false,1785243313436,LeaderAccept
1785243313445,true,1785243313492,LeaderAccept
1785243313503,false,1785243313549,LeaderAccept
1785243313562,true,1785243313608,LeaderAccept
1785243313621,true,1785243313667,LeaderAccept
1785243313684,true,1785243313730,LeaderAccept
1785243313747,true,1785243313794,LeaderAccept
1785243313813,false,1785243313860,LeaderAccept
1785243313881,false,1785243313928,LeaderAccept
1785243313951,true,1785243313998,LeaderAccept
1785243314024,false,1785243314071,LeaderAccept
1785243314099,false,1785243314146,LeaderAccept
1785243314177,false,1785243314224,LeaderAccept
1785243314258,false,1785243314304,LeaderAccept
1785243314343,false,1785243314389,LeaderAccept
1785243314431,true,1785243314478,LeaderAccept
1785243314523,true,1785243314570,LeaderAccept
1785243314620,false,1785243314667,LeaderAccept
1785243314721,false,1785243314767,LeaderAccept
1785243314827,true,1785243314874,LeaderAccept
1785243314939,true,1785243314986,LeaderAccept
1785243315058,true,1785243315105,LeaderAccept
1785243315184,false,1785243315231,LeaderAccept
1785243315319,false,1785243315365,LeaderAccept
1785243315462,false,1785243315508,LeaderAccept
1785243315616,true,1785243315662,LeaderAccept
1785243315781,false,1785243315828,LeaderAccept
1785243315961,true,1785243316008,LeaderAccept
1785243316158,true,1785243316204,LeaderAccept
1785243316376,true,1785243316423,LeaderAccept
1785243316617,true,1785243316664,LeaderAccept
1785243316891,true,1785243316937,LeaderAccept
1785243317204,false,1785243317250,LeaderAccept
1785243317570,false,1785243317616,LeaderAccept
1785243318009,true,1785243318055,LeaderAccept
1785243318555,true,1785243318601,LeaderAccept
1785243319272,true,1785243319319,LeaderAccept
1785243320298,true,1785243320345,LeaderAccept
1785243322011,false,1785243322058,LeaderAccept
1785243326043,false,1785243326089,FastAccept
1785243349674,false,1785243349721,LeaderAccept
1785243349691,false,1785243349737,LeaderAccept
1785243349708,false,1785243349754,LeaderAccept
1785243349725,false,1785243349771,LeaderAccept
1785243349741,false,1785243349788,LeaderAccept
1785243349759,true,1785243349805,LeaderAccept
1785243349775,false,1785243349822,LeaderAccept
1785243349793,true,1785243349839,LeaderAccept
1785243349811,false,1785243349857,LeaderAccept
1785243349829,true,1785243349875,LeaderAccept
1785243349847,true,1785243349893,LeaderAccept
1785243349864,false,1785243349911,LeaderAccept
1785243349882,false,1785243349929,LeaderAccept
1785243349901,false,1785243349948,LeaderAccept
1785243349919,false,1785243349965,LeaderAccept
1785243349937,true,1785243349983,LeaderAccept
1785243349956,false,1785243350002,LeaderAccept
1785243349974,true,1785243350021,LeaderAccept
1785243349994,false,1785243350040,LeaderAccept
1785243350012,false,1785243350059,LeaderAccept
1785243350031,false,1785243350078,LeaderAccept
1785243350050,true,1785243350097,LeaderAccept
1785243350069,true,1785243350116,LeaderAccept
1785243350089,true,1785243350135,LeaderAccept
1785243350109,true,1785243350155,LeaderAccept
1785243350130,true,1785243350176,LeaderAccept
1785243350151,true,1785243350198,LeaderAccept
1785243350172,true,1785243350218,LeaderAccept
1785243350192,true,1785243350239,LeaderAccept
1785243350214,true,1785243350260,LeaderAccept
1785243350236,true,1785243350282,LeaderAccept
1785243350257,false,1785243350304,LeaderAccept
1785243350278,true,1785243350325,LeaderAccept
1785243350301,false,1785243350348,LeaderAccept
1785243350322,true,1785243350369,LeaderAccept
1785243350344,false,1785243350391,LeaderAccept
1785243350366,true,1785243350412,LeaderAccept
1785243350389,false,1785243350436,LeaderAccept
1785243350411,false,1785243350458,LeaderAccept
1785243350435,true,1785243350482,LeaderAccept
1785243350458,false,1785243350505,LeaderAccept
1785243350482,true,1785243350528,LeaderAccept
1785243350506,false,1785243350553,LeaderAccept
1785243350530,true,1785243350577,LeaderAccept
1785243350555,true,1785243350602,LeaderAccept
1785243350580,false,1785243350627,LeaderAccept
1785243350605,false,1785243350652,LeaderAccept
1785243350630,false,1785243350677,LeaderAccept
1785243350656,false,1785243350703,LeaderAccept
1785243350682,false,1785243350729,LeaderAccept
1785243350708,false,1785243350755,LeaderAccept
1785243350735,true,1785243350782,LeaderAccept
1785243350763,true,1785243350809,LeaderAccept
1785243350790,false,1785243350836,LeaderAccept
1785243350817,false,1785243350864,LeaderAccept
1785243350845,false,1785243350892,LeaderAccept
1785243350874,true,1785243350921,LeaderAccept
1785243350902,true,1785243350949,LeaderAccept
1785243350931,false,1785243350979,LeaderAccept
1785243350960,true,1785243351007,LeaderAccept
1785243350991,true,1785243351038,LeaderAccept
1785243351021,true,1785243351068,LeaderAccept
1785243351053,false,1785243351100,LeaderAccept
1785243351084,false,1785243351130,LeaderAccept
1785243351117,true,1785243351163,LeaderAccept
1785243351150,false,1785243351196,LeaderAccept
1785243351183,false,1785243351229,LeaderAccept
1785243351217,false,1785243351263,LeaderAccept
1785243351251,false,1785243351298,LeaderAccept
1785243351285,true,1785243351332,LeaderAccept
1785243351320,false,1785243351367,LeaderAccept
1785243351356,true,1785243351403,LeaderAccept
1785243351393,false,1785243351440,LeaderAccept
1785243351430,true,1785243351477,LeaderAccept
1785243351468,false,1785243351515,LeaderAccept
1785243351507,true,1785243351554,LeaderAccept
1785243351546,true,1785243351594,LeaderAccept
1785243351587,false,1785243351634,LeaderAccept
1785243351628,true,1785243351675,LeaderAccept
1785243351669,false,1785243351716,LeaderAccept
1785243351711,false,1785243351758,LeaderAccept
1785243351754,true,1785243351801,LeaderAccept
1785243351798,true,1785243351845,LeaderAccept
1785243351844,false,1785243351890,LeaderAccept
1785243351890,false,1785243351936,LeaderAccept
1785243351938,false,1785243351984,LeaderAccept
1785243351986,false,1785243352033,LeaderAccept
1785243352037,true,1785243352084,LeaderAccept
1785243352088,true,1785243352134,LeaderAccept
1785243352139,true,1785243352187,LeaderAccept
1785243352192,false,1785243352239,LeaderAccept
1785243352247,false,1785243352293,LeaderAccept
1785243352304,true,1785243352351,LeaderAccept
1785243352362,false,1785243352408,LeaderAccept
1785243352422,true,1785243352469,LeaderAccept
1785243352483,false,1785243352530,LeaderAccept
1785243352547,false,1785243352594,LeaderAccept
1785243352613,true,1785243352660,LeaderAccept
1785243352681,true,1785243352728,LeaderAccept
1785243352750,false,1785243352797,LeaderAccept
1785243352823,false,1785243352869,LeaderAccept
1785243352898,false,1785243352945,LeaderAccept
1785243352976,true,1785243353023,LeaderAccept
1785243353056,false,1785243353103,LeaderAccept
1785243353140,false,1785243353187,LeaderAccept
1785243353227,false,1785243353274,LeaderAccept
1785243353319,true,1785243353366,LeaderAccept
1785243353414,true,1785243353461,LeaderAccept
1785243353514,true,1785243353561,LeaderAccept
1785243353620,true,1785243353666,LeaderAccept
1785243353731,true,1785243353778,LeaderAccept
1785243353847,false,1785243353894,LeaderAccept
1785243353971,false,1785243354018,LeaderAccept
1785243354103,false,1785243354149,LeaderAccept
1785243354245,false,1785243354291,LeaderAccept
1785243354396,false,1785243354443,LeaderAccept
1785243354558,false,1785243354604,LeaderAccept
1785243354735,false,1785243354781,LeaderAccept
1785243354927,true,1785243354974,LeaderAccept
1785243355139,true,1785243355186,LeaderAccept
1785243355375,true,1785243355422,LeaderAccept
1785243355639,false,1785243355686,LeaderAccept
1785243355942,true,1785243355987,LeaderAccept
1785243356293,false,1785243356339,LeaderAccept
1785243356711,true,1785243356757,LeaderAccept
1785243357225,true,1785243357271,LeaderAccept
1785243357890,true,1785243357936,LeaderAccept
1785243358817,false,1785243358864,LeaderAccept
1785243360291,true,1785243360338,LeaderAccept
1785243363369,true,1785243363416,LeaderAccept
1785243377709,false,1785243377755,LeaderAccept
1785243384631,false,1785243384683,LeaderAccept
1785243384650,true,1785243384697,LeaderAccept
1785243384670,true,1785243384717,LeaderAccept
1785243384690,false,1785243384736,LeaderAccept
1785243384710,true,1785243384756,LeaderAccept
1785243384731,true,1785243384777,LeaderAccept
1785243384752,true,1785243384798,LeaderAccept
1785243384773,true,1785243384819,LeaderAccept
1785243384794,false,1785243384841,LeaderAccept
1785243384816,false,1785243384863,LeaderAccept
1785243384838,true,1785243384884,LeaderAccept
1785243384860,false,1785243384906,LeaderAccept
1785243384883,false,1785243384929,LeaderAccept
1785243384905,true,1785243384952,LeaderAccept
1785243384929,false,1785243384975,LeaderAccept
1785243384951,false,1785243384998,LeaderAccept
1785243384974,false,1785243385021,LeaderAccept
1785243384997,false,1785243385044,LeaderAccept
1785243385021,true,1785243385067,LeaderAccept
1785243385044,false,1785243385091,LeaderAccept
1785243385068,false,1785243385115,LeaderAccept
1785243385094,true,1785243385140,LeaderAccept
1785243385118,true,1785243385164,LeaderAccept
1785243385144,true,1785243385190,LeaderAccept
1785243385169,true,1785243385216,LeaderAccept
1785243385196,false,1785243385242,LeaderAccept
1785243385221,false,1785243385268,LeaderAccept
1785243385247,true,1785243385294,LeaderAccept
1785243385273,true,1785243385320,LeaderAccept
1785243385300,false,1785243385346,LeaderAccept
1785243385327,true,1785243385374,LeaderAccept
1785243385355,true,1785243385401,LeaderAccept
1785243385382,true,1785243385428,LeaderAccept
1785243385410,false,1785243385458,LeaderAccept
1785243385440,true,1785243385487,LeaderAccept
1785243385469,true,1785243385516,LeaderAccept
1785243385498,true,1785243385545,LeaderAccept
1785243385529,true,1785243385576,LeaderAccept
1785243385559,true,1785243385606,LeaderAccept
1785243385591,true,1785243385638,LeaderAccept
1785243385622,false,1785243385668,LeaderAccept
1785243385655,false,1785243385701,LeaderAccept
1785243385688,false,1785243385734,LeaderAccept
1785243385720,false,1785243385768,LeaderAccept
1785243385755,false,1785243385801,LeaderAccept
1785243385789,true,1785243385835,LeaderAccept
1785243385824,false,1785243385870,LeaderAccept
1785243385859,true,1785243385906,LeaderAccept
1785243385895,false,1785243385942,LeaderAccept
1785243385931,false,1785243385978,LeaderAccept
1785243385969,true,1785243386016,LeaderAccept
1785243386006,false,1785243386052,LeaderAccept
1785243386045,true,1785243386091,LeaderAccept
1785243386085,false,1785243386131,LeaderAccept
1785243386124,true,1785243386171,LeaderAccept
1785243386165,false,1785243386212,LeaderAccept
1785243386208,true,1785243386254,LeaderAccept
1785243386250,true,1785243386297,LeaderAccept
1785243386294,false,1785243386340,LeaderAccept
1785243386338,false,1785243386384,LeaderAccept
1785243386383,false,1785243386430,LeaderAccept
1785243386429,false,1785243386476,LeaderAccept
1785243386476,false,1785243386523,LeaderAccept
1785243386524,false,1785243386571,LeaderAccept
1785243386573,true,1785243386619,LeaderAccept
1785243386623,true,1785243386670,LeaderAccept
1785243386675,true,1785243386722,LeaderAccept
1785243386729,true,1785243386775,LeaderAccept
1785243386783,false,1785243386830,LeaderAccept
1785243386839,true,1785243386886,LeaderAccept
1785243386897,true,1785243386944,LeaderAccept
1785243386957,true,1785243387004,LeaderAccept
1785243387019,false,1785243387066,LeaderAccept
1785243387082,false,1785243387129,LeaderAccept
1785243387147,true,1785243387194,LeaderAccept
1785243387214,true,1785243387261,LeaderAccept
1785243387283,true,1785243387330,LeaderAccept
1785243387356,false,1785243387402,LeaderAccept
1785243387430,true,1785243387477,LeaderAccept
1785243387507,false,1785243387554,LeaderAccept
1785243387587,false,1785243387634,LeaderAccept
1785243387670,true,1785243387717,LeaderAccept
1785243387757,false,1785243387803,LeaderAccept
1785243387847,true,1785243387894,LeaderAccept
1785243387942,false,1785243387989,LeaderAccept
1785243388041,false,1785243388088,LeaderAccept
1785243388146,true,1785243388192,LeaderAccept
1785243388255,true,1785243388302,LeaderAccept
1785243388372,false,1785243388419,LeaderAccept
1785243388495,true,1785243388542,LeaderAccept
1785243388626,false,1785243388674,LeaderAccept
1785243388766,false,1785243388813,LeaderAccept
1785243388915,true,1785243388962,LeaderAccept
1785243389076,false,1785243389123,LeaderAccept
1785243389251,false,1785243389298,LeaderAccept
1785243389442,false,1785243389489,LeaderAccept
1785243389651,true,1785243389698,LeaderAccept
1785243389885,true,1785243389931,LeaderAccept
1785243390145,true,1785243390192,LeaderAccept
1785243390443,false,1785243390490,LeaderAccept
1785243390787,false,1785243390834,LeaderAccept
1785243391197,false,1785243391243,LeaderAccept
1785243391699,false,1785243391746,LeaderAccept
1785243392345,true,1785243392391,LeaderAccept
1785243393236,false,1785243393282,LeaderAccept
1785243394625,true,1785243394672,LeaderAccept
1785243397409,false,1785243397455,FastAccept
1785243408594,false,1785243408640,LeaderAccept
1785243415966,true,1785243416012,FastAccept
1785243415986,true,1785243416032,FastAccept
1785243416007,false,1785243416053,FastAccept
1785243416028,true,1785243416074,FastAccept
1785243416051,false,1785243416097,FastAccept
1785243416072,false,1785243416119,FastAccept
1785243416094,false,1785243416140,FastAccept
1785243416117,true,1785243416163,FastAccept
1785243416140,true,1785243416186,FastAccept
1785243416162,true,1785243416208,FastAccept
1785243416186,false,1785243416231,FastAccept
1785243416208,false,1785243416254,FastAccept
1785243416231,true,1785243416277,FastAccept
1785243416256,false,1785243416302,FastAccept
1785243416279,true,1785243416325,FastAccept
1785243416303,true,1785243416349,FastAccept
1785243416328,false,1785243416373,FastAccept
1785243416352,false,1785243416398,FastAccept
1785243416378,false,1785243416424,FastAccept
1785243416403,false,1785243416450,FastAccept
1785243416430,true,1785243416476,FastAccept
1785243416457,true,1785243416503,FastAccept
1785243416483,true,1785243416529,FastAccept
1785243416510,false,1785243416556,FastAccept
1785243416538,false,1785243416584,FastAccept
1785243416566,false,1785243416612,FastAccept
1785243416593,true,1785243416639,FastAccept
1785243416622,true,1785243416668,FastAccept
1785243416651,false,1785243416697,FastAccept
1785243416679,true,1785243416726,FastAccept
1785243416708,false,1785243416754,FastAccept
1785243416738,true,1785243416784,FastAccept
1785243416769,false,1785243416815,FastAccept
1785243416800,false,1785243416846,FastAccept
1785243416831,false,1785243416877,FastAccept
1785243416862,true,1785243416908,FastAccept
1785243416894,true,1785243416940,FastAccept
1785243416927,false,1785243416973,FastAccept
1785243416960,true,1785243417006,FastAccept
1785243416993,false,1785243417039,FastAccept
1785243417027,false,1785243417073,FastAccept
1785243417061,true,1785243417114,FastAccept
1785243417096,true,1785243417191,LeaderAccept
1785243417132,false,1785243417225,LeaderAccept
1785243417168,false,1785243417225,LeaderAccept
1785243417205,true,1785243417304,LeaderAccept
1785243417242,true,1785243417333,LeaderAccept
1785243417280,true,1785243417333,LeaderAccept
1785243417320,true,1785243417367,LeaderAccept
1785243417359,true,1785243417405,LeaderAccept
1785243417400,true,1785243417452,LeaderAccept
1785243417442,true,1785243417489,LeaderAccept
1785243417484,true,1785243417531,LeaderAccept
1785243417528,false,1785243417580,LeaderAccept
1785243417572,true,1785243417654,LeaderAccept
1785243417618,false,1785243417664,LeaderAccept
1785243417664,true,1785243417716,LeaderAccept
1785243417712,false,1785243417767,LeaderAccept
1785243417761,false,1785243417807,LeaderAccept
1785243417811,false,1785243417857,LeaderAccept
1785243417861,false,1785243417914,LeaderAccept
1785243417914,false,1785243417960,LeaderAccept
1785243417967,false,1785243418014,LeaderAccept
1785243418022,false,1785243418075,LeaderAccept
1785243418078,false,1785243418156,LeaderAccept
1785243418135,false,1785243418182,LeaderAccept
1785243418195,true,1785243418248,LeaderAccept
1785243418257,true,1785243418332,LeaderAccept
1785243418320,false,1785243418367,LeaderAccept
1785243418385,true,1785243418431,LeaderAccept
1785243418453,true,1785243418508,LeaderAccept
1785243418523,true,1785243418570,LeaderAccept
1785243418594,false,1785243418641,LeaderAccept
1785243418668,true,1785243418721,LeaderAccept
1785243418745,true,1785243418793,LeaderAccept
1785243418826,true,1785243418872,LeaderAccept
1785243418909,false,1785243418963,LeaderAccept
1785243418997,true,1785243419044,LeaderAccept
1785243419088,true,1785243419135,LeaderAccept
1785243419182,true,1785243419229,LeaderAccept
1785243419282,true,1785243419355,LeaderAccept
1785243419386,true,1785243419433,LeaderAccept
1785243419496,false,1785243419543,LeaderAccept
1785243419613,true,1785243419665,LeaderAccept
1785243419735,true,1785243419781,FastAccept
1785243419866,false,1785243419913,FastAccept
1785243420006,true,1785243420052,FastAccept
1785243420157,false,1785243420202,FastAccept
1785243420319,false,1785243420365,FastAccept
1785243420494,true,1785243420539,FastAccept
1785243420685,true,1785243420742,LeaderAccept
1785243420894,false,1785243420940,FastAccept
1785243421127,true,1785243421173,FastAccept
1785243421388,true,1785243421457,LeaderAccept
1785243421685,true,1785243421731,FastAccept
1785243422030,true,1785243422076,FastAccept
1785243422439,false,1785243422485,FastAccept
1785243422941,false,1785243422988,FastAccept
1785243423586,true,1785243423632,FastAccept
1785243424476,true,1785243424522,LeaderAccept
1785243425865,true,1785243425911,LeaderAccept
1785243428644,false,1785243428690,FastAccept
1785243439797,true,1785243439843,FastAccept
1785243449062,false,1785243449108,FastAccept
1785243449086,true,1785243449138,FastAccept
1785243449110,true,1785243449155,FastAccept
1785243449134,true,1785243449180,LeaderAccept
1785243449158,true,1785243449205,LeaderAccept
1785243449183,true,1785243449229,LeaderAccept
1785243449208,false,1785243449255,LeaderAccept
1785243449232,true,1785243449278,LeaderAccept
1785243449258,true,1785243449305,LeaderAccept
1785243449284,false,1785243449330,FastAccept
1785243449309,true,1785243449361,FastAccept
1785243449336,true,1785243449409,SlowAccept
1785243449363,true,1785243449415,FastAccept
1785243449390,false,1785243449463,SlowAccept
1785243449418,false,1785243449491,SlowAccept
1785243449445,false,1785243449499,SlowAccept
1785243449474,true,1785243449520,LeaderAccept
1785243449502,false,1785243449549,LeaderAccept
1785243449531,true,1785243449577,LeaderAccept
1785243449559,false,1785243449606,LeaderAccept
1785243449588,false,1785243449635,LeaderAccept
1785243449618,true,1785243449665,LeaderAccept
1785243449648,false,1785243449695,LeaderAccept
1785243449678,false,1785243449725,LeaderAccept
1785243449710,true,1785243449756,LeaderAccept
1785243449742,true,1785243449788,LeaderAccept
1785243449774,false,1785243449821,LeaderAccept
1785243449807,true,1785243449854,LeaderAccept
1785243449840,false,1785243449887,LeaderAccept
1785243449873,false,1785243449919,LeaderAccept
1785243449907,true,1785243449954,LeaderAccept
1785243449942,true,1785243449988,LeaderAccept
1785243449977,false,1785243450023,LeaderAccept
1785243450013,false,1785243450059,LeaderAccept
1785243450049,false,1785243450096,LeaderAccept
1785243450087,false,1785243450133,LeaderAccept
1785243450124,false,1785243450171,LeaderAccept
1785243450163,true,1785243450210,LeaderAccept
1785243450202,true,1785243450248,LeaderAccept
1785243450243,false,1785243450289,LeaderAccept
1785243450283,true,1785243450330,LeaderAccept
1785243450326,false,1785243450372,LeaderAccept
1785243450368,true,1785243450414,LeaderAccept
1785243450412,false,1785243450458,LeaderAccept
1785243450456,true,1785243450503,LeaderAccept
1785243450501,false,1785243450548,LeaderAccept
1785243450548,false,1785243450595,LeaderAccept
1785243450595,true,1785243450641,LeaderAccept
1785243450643,false,1785243450694,LeaderAccept
1785243450694,true,1785243450741,LeaderAccept
1785243450745,false,1785243450791,LeaderAccept
1785243450798,true,1785243450844,LeaderAccept
1785243450851,true,1785243450898,LeaderAccept
1785243450906,true,1785243450953,LeaderAccept
1785243450963,true,1785243451010,LeaderAccept
1785243451021,false,1785243451068,LeaderAccept
1785243451081,true,1785243451128,LeaderAccept
1785243451143,false,1785243451190,LeaderAccept
1785243451206,true,1785243451253,LeaderAccept
1785243451271,true,1785243451318,LeaderAccept
1785243451340,false,1785243451386,LeaderAccept
1785243451410,false,1785243451456,LeaderAccept
1785243451483,false,1785243451530,LeaderAccept
1785243451558,false,1785243451605,LeaderAccept
1785243451637,false,1785243451683,LeaderAccept
1785243451717,true,1785243451764,LeaderAccept
1785243451801,true,1785243451848,LeaderAccept
1785243451890,false,1785243451937,LeaderAccept
1785243451981,false,1785243452029,LeaderAccept
1785243452078,false,1785243452124,LeaderAccept
1785243452178,true,1785243452225,LeaderAccept
1785243452284,false,1785243452332,LeaderAccept
1785243452395,true,1785243452443,LeaderAccept
1785243452514,true,1785243452561,LeaderAccept
1785243452639,true,1785243452685,FastAccept
1785243452772,false,1785243452839,LeaderAccept
1785243452914,false,1785243452960,FastAccept
1785243453067,false,1785243453112,FastAccept
1785243453232,false,1785243453278,FastAccept
1785243453410,false,1785243453456,FastAccept
1785243453606,true,1785243453653,LeaderAccept
1785243453821,true,1785243453867,FastAccept
1785243454061,false,1785243454106,FastAccept
1785243454330,false,1785243454376,FastAccept
1785243454639,true,1785243454698,LeaderAccept
1785243454998,true,1785243455045,LeaderAccept
1785243455429,false,1785243455475,FastAccept
1785243455963,true,1785243456009,FastAccept
1785243456660,true,1785243456708,LeaderAccept
1785243457645,true,1785243457691,FastAccept
1785243459258,false,1785243459305,FastAccept
1785243462871,true,1785243462917,FastAccept
