request_time,write,response_time,accept_status
1785243248521,true,1785243248563,LeaderAccept
1785243249062,true,1785243249104,LeaderAccept
1785243249770,false,1785243249810,LeaderAccept
1785243250777,false,1785243250818,LeaderAccept
1785243252443,true,1785243252484,LeaderAccept
1785243256273,true,1785243256314,LeaderAccept
1785243256657,true,1785243256698,LeaderAccept
1785243256693,true,1785243256734,LeaderAccept
1785243256730,true,1785243256771,LeaderAccept
1785243256768,false,1785243256809,LeaderAccept
1785243256807,true,1785243256848,LeaderAccept
1785243256847,true,1785243256888,LeaderAccept
1785243256887,true,1785243256927,LeaderAccept
1785243256927,true,1785243256968,LeaderAccept
1785243256968,true,1785243257010,LeaderAccept
1785243257011,true,1785243257053,LeaderAccept
1785243257055,true,1785243257095,LeaderAccept
1785243257099,true,1785243257139,LeaderAccept
1785243257144,true,1785243257185,LeaderAccept
1785243257191,true,1785243257232,LeaderAccept
1785243257238,false,1785243257279,LeaderAccept
1785243257287,false,1785243257328,LeaderAccept
1785243257335,true,1785243257377,LeaderAccept
1785243257386,true,1785243257427,LeaderAccept
1785243257437,true,1785243257478,LeaderAccept
1785243257491,true,1785243257532,LeaderAccept
1785243257546,false,1785243257587,LeaderAccept
1785243257602,false,1785243257643,LeaderAccept
1785243257660,true,1785243257701,LeaderAccept
1785243257719,false,1785243257760,LeaderAccept
1785243257779,true,1785243257820,LeaderAccept
1785243257843,false,1785243257884,LeaderAccept
1785243257908,true,1785243257948,LeaderAccept
1785243257975,false,1785243258016,LeaderAccept
1785243258045,true,1785243258086,LeaderAccept
1785243258117,true,1785243258158,LeaderAccept
1785243258192,true,1785243258233,LeaderAccept
1785243258270,true,1785243258311,LeaderAccept
1785243258349,true,1785243258391,LeaderAccept
1785243258433,true,1785243258474,LeaderAccept
1785243258519,true,1785243258561,LeaderAccept
1785243258611,true,1785243258652,LeaderAccept
1785243258706,true,1785243258747,LeaderAccept
1785243258805,false,1785243258846,LeaderAccept
1785243258910,false,1785243258951,LeaderAccept
1785243259020,false,1785243259062,LeaderAccept
1785243259137,true,1785243259178,LeaderAccept
1785243259260,true,1785243259302,LeaderAccept
1785243259392,false,1785243259434,LeaderAccept
1785243259532,false,1785243259574,LeaderAccept
1785243259682,true,1785243259724,LeaderAccept
1785243259844,true,1785243259886,LeaderAccept
1785243260019,false,1785243260061,LeaderAccept
1785243260210,false,1785243260251,LeaderAccept
1785243260419,false,1785243260461,LeaderAccept
1785243260652,true,1785243260694,LeaderAccept
1785243260914,true,1785243260956,LeaderAccept
1785243261213,false,1785243261254,LeaderAccept
1785243261559,false,1785243261601,LeaderAccept
1785243261970,true,1785243262016,FastAccept
1785243262475,true,1785243262514,FastAccept
1785243263124,false,1785243263165,LeaderAccept
1785243264022,false,1785243264064,LeaderAccept
1785243265429,false,1785243265471,LeaderAccept
1785243268271,true,1785243268312,LeaderAccept
1785243280033,false,1785243280072,FastAccept
1785243313173,false,1785243313224,LeaderAccept
1785243313189,false,1785243313230,LeaderAccept
1785243313207,false,1785243313247,LeaderAccept
1785243313224,false,1785243313264,LeaderAccept
1785243313240,false,1785243313281,LeaderAccept
1785243313258,true,1785243313299,LeaderAccept
1785243313276,false,1785243313317,LeaderAccept
1785243313293,true,1785243313334,LeaderAccept
1785243313312,true,1785243313353,LeaderAccept
1785243313329,false,1785243313370,LeaderAccept
1785243313348,false,1785243313389,LeaderAccept
1785243313367,false,1785243313407,LeaderAccept
1785243313386,true,1785243313427,LeaderAccept
1785243313405,false,1785243313446,LeaderAccept
1785243313424,false,1785243313465,LeaderAccept
1785243313443,false,1785243313484,LeaderAccept
1785243313462,true,1785243313503,LeaderAccept
1785243313482,false,1785243313523,LeaderAccept
1785243313502,false,1785243313542,LeaderAccept
1785243313521,false,1785243313562,LeaderAccept
1785243313542,true,1785243313582,LeaderAccept
1785243313562,true,1785243313602,LeaderAccept
1785243313582,false,1785243313623,LeaderAccept
1785243313601,false,1785243313642,LeaderAccept
1785243313621,false,1785243313662,LeaderAccept
1785243313643,true,1785243313684,LeaderAccept
1785243313664,true,1785243313705,LeaderAccept
1785243313686,false,1785243313727,LeaderAccept
1785243313707,false,1785243313748,LeaderAccept
1785243313729,true,1785243313770,LeaderAccept
1785243313751,true,1785243313792,LeaderAccept
1785243313774,false,1785243313816,LeaderAccept
1785243313797,true,1785243313837,LeaderAccept
1785243313820,true,1785243313861,LeaderAccept
1785243313842,false,1785243313883,LeaderAccept
1785243313866,false,1785243313907,LeaderAccept
1785243313890,true,1785243313931,LeaderAccept
1785243313914,true,1785243313955,LeaderAccept
1785243313937,true,1785243313978,LeaderAccept
1785243313962,true,1785243314003,LeaderAccept
1785243313986,true,1785243314027,LeaderAccept
1785243314012,true,1785243314053,LeaderAccept
1785243314037,false,1785243314077,LeaderAccept
1785243314062,false,1785243314103,LeaderAccept
1785243314088,false,1785243314129,LeaderAccept
1785243314114,false,1785243314154,LeaderAccept
1785243314140,false,1785243314181,LeaderAccept
1785243314167,false,1785243314208,LeaderAccept
1785243314194,false,1785243314236,LeaderAccept
1785243314222,false,1785243314263,LeaderAccept
1785243314250,true,1785243314291,LeaderAccept
1785243314278,true,1785243314319,LeaderAccept
1785243314307,false,1785243314348,LeaderAccept
1785243314336,true,1785243314377,LeaderAccept
1785243314365,true,1785243314406,LeaderAccept
1785243314395,true,1785243314437,LeaderAccept
1785243314426,false,1785243314467,LeaderAccept
1785243314457,true,1785243314498,LeaderAccept
1785243314488,false,1785243314529,LeaderAccept
1785243314520,false,1785243314561,LeaderAccept
1785243314552,false,1785243314593,LeaderAccept
1785243314585,true,1785243314626,LeaderAccept
1785243314619,true,1785243314660,LeaderAccept
1785243314653,false,1785243314695,LeaderAccept
1785243314688,true,1785243314729,LeaderAccept
1785243314723,false,1785243314764,LeaderAccept
1785243314759,true,1785243314800,LeaderAccept
1785243314795,false,1785243314836,LeaderAccept
1785243314832,true,1785243314873,LeaderAccept
1785243314869,true,1785243314911,LeaderAccept
1785243314908,false,1785243314949,LeaderAccept
1785243314947,true,1785243314988,LeaderAccept
1785243314986,false,1785243315027,LeaderAccept
1785243315027,false,1785243315068,LeaderAccept
1785243315068,false,1785243315109,LeaderAccept
1785243315110,true,1785243315151,LeaderAccept
1785243315153,false,1785243315194,LeaderAccept
1785243315197,false,1785243315238,LeaderAccept
1785243315242,false,1785243315284,LeaderAccept
1785243315288,true,1785243315329,LeaderAccept
1785243315335,true,1785243315377,LeaderAccept
1785243315383,true,1785243315424,LeaderAccept
1785243315432,false,1785243315474,LeaderAccept
1785243315483,true,1785243315524,LeaderAccept
1785243315534,true,1785243315576,LeaderAccept
1785243315587,true,1785243315628,LeaderAccept
1785243315641,true,1785243315682,LeaderAccept
1785243315697,true,1785243315738,LeaderAccept
1785243315754,true,1785243315795,LeaderAccept
1785243315813,true,1785243315854,LeaderAccept
1785243315874,false,1785243315917,LeaderAccept
1785243315937,false,1785243315978,LeaderAccept
1785243316002,false,1785243316043,LeaderAccept
1785243316069,true,1785243316109,LeaderAccept
1785243316137,true,1785243316177,LeaderAccept
1785243316208,false,1785243316248,LeaderAccept
1785243316280,true,1785243316321,LeaderAccept
1785243316357,true,1785243316397,LeaderAccept
1785243316435,true,1785243316476,LeaderAccept
1785243316518,false,1785243316558,LeaderAccept
1785243316603,true,1785243316644,LeaderAccept
1785243316692,false,1785243316733,LeaderAccept
1785243316786,false,1785243316827,LeaderAccept
1785243316883,true,1785243316924,LeaderAccept
1785243316986,false,1785243317027,LeaderAccept
1785243317094,false,1785243317135,LeaderAccept
1785243317207,false,1785243317247,LeaderAccept
1785243317327,false,1785243317369,LeaderAccept
1785243317455,true,1785243317496,LeaderAccept
1785243317590,true,1785243317632,LeaderAccept
1785243317736,true,1785243317778,LeaderAccept
1785243317892,true,1785243317934,LeaderAccept
1785243318061,true,1785243318102,LeaderAccept
1785243318244,true,1785243318286,LeaderAccept
1785243318446,false,1785243318488,LeaderAccept
1785243318669,true,1785243318711,LeaderAccept
1785243318918,false,1785243318959,LeaderAccept
1785243319200,false,1785243319241,LeaderAccept
1785243319524,true,1785243319565,LeaderAccept
1785243319904,false,1785243319945,LeaderAccept
1785243320364,false,1785243320405,LeaderAccept
1785243320942,false,1785243320983,LeaderAccept
1785243321714,false,1785243321754,FastAccept
1785243322851,false,1785243322889,FastAccept
1785243324855,false,1785243324894,FastAccept
1785243330311,false,1785243330352,LeaderAccept
1785243333753,true,1785243333795,LeaderAccept
1785243333785,false,1785243333826,LeaderAccept
1785243333819,true,1785243333860,LeaderAccept
1785243333852,true,1785243333893,LeaderAccept
1785243333887,true,1785243333928,LeaderAccept
1785243333922,false,1785243333962,LeaderAccept
1785243333956,true,1785243333997,LeaderAccept
1785243333992,true,1785243334033,LeaderAccept
1785243334028,true,1785243334069,LeaderAccept
1785243334065,true,1785243334106,LeaderAccept
1785243334103,false,1785243334144,LeaderAccept
1785243334142,false,1785243334183,LeaderAccept
1785243334181,false,1785243334222,LeaderAccept
1785243334220,false,1785243334261,LeaderAccept
1785243334261,true,1785243334302,LeaderAccept
1785243334302,true,1785243334343,LeaderAccept
1785243334344,false,1785243334385,LeaderAccept
1785243334386,true,1785243334428,LeaderAccept
1785243334431,false,1785243334472,LeaderAccept
1785243334476,true,1785243334517,LeaderAccept
1785243334522,false,1785243334564,LeaderAccept
1785243334569,true,1785243334610,LeaderAccept
1785243334617,false,1785243334659,LeaderAccept
1785243334667,true,1785243334709,LeaderAccept
1785243334717,false,1785243334758,LeaderAccept
1785243334769,true,1785243334810,LeaderAccept
1785243334822,false,1785243334863,LeaderAccept
1785243334876,true,1785243334918,LeaderAccept
1785243334932,true,1785243334974,LeaderAccept
1785243334990,true,1785243335031,LeaderAccept
1785243335048,true,1785243335090,LeaderAccept
1785243335109,true,1785243335150,LeaderAccept
1785243335172,false,1785243335214,LeaderAccept
1785243335237,false,1785243335279,LeaderAccept
1785243335304,false,1785243335345,LeaderAccept
1785243335373,false,1785243335415,LeaderAccept
1785243335445,false,1785243335486,LeaderAccept
1785243335519,false,1785243335560,LeaderAccept
1785243335594,false,1785243335636,LeaderAccept
1785243335674,true,1785243335715,LeaderAccept
1785243335756,true,1785243335798,LeaderAccept
1785243335843,false,1785243335884,LeaderAccept
1785243335933,false,1785243335974,LeaderAccept
1785243336027,false,1785243336068,LeaderAccept
1785243336126,false,1785243336167,LeaderAccept
1785243336229,true,1785243336271,LeaderAccept
1785243336338,true,1785243336379,LeaderAccept
1785243336453,true,1785243336494,LeaderAccept
1785243336574,true,1785243336615,LeaderAccept
1785243336703,false,1785243336744,LeaderAccept
1785243336841,true,1785243336882,LeaderAccept
1785243336988,true,1785243337030,LeaderAccept
1785243337146,false,1785243337188,LeaderAccept
1785243337318,false,1785243337360,LeaderAccept
1785243337505,false,1785243337546,LeaderAccept
1785243337710,false,1785243337751,LeaderAccept
1785243337937,false,1785243337979,LeaderAccept
1785243338191,true,1785243338233,LeaderAccept
1785243338480,true,1785243338521,LeaderAccept
1785243338813,true,1785243338852,FastAccept
1785243339206,false,1785243339245,FastAccept
1785243339684,true,1785243339722,FastAccept
1785243340291,true,1785243340330,FastAccept
1785243341113,true,1785243341152,FastAccept
1785243342352,true,1785243342471,LeaderAccept
1785243344652,true,1785243344694,LeaderAccept
1785243347945,true,1785243347984,FastAccept
1785243347968,true,1785243348007,FastAccept
1785243347991,false,1785243348030,FastAccept
1785243348014,true,1785243348103,LeaderAccept
1785243348037,true,1785243348083,FastAccept
1785243348060,false,1785243348099,FastAccept
1785243348084,false,1785243348125,LeaderAccept
1785243348108,false,1785243348150,LeaderAccept
1785243348133,false,1785243348174,LeaderAccept
1785243348158,false,1785243348199,LeaderAccept
1785243348182,false,1785243348224,LeaderAccept
1785243348208,false,1785243348249,LeaderAccept
1785243348234,false,1785243348275,LeaderAccept
1785243348260,false,1785243348301,LeaderAccept
1785243348286,true,1785243348327,LeaderAccept
1785243348311,true,1785243348353,LeaderAccept
1785243348338,false,1785243348379,LeaderAccept
1785243348366,true,1785243348407,LeaderAccept
1785243348393,true,1785243348434,LeaderAccept
1785243348420,true,1785243348461,LeaderAccept
1785243348448,true,1785243348489,LeaderAccept
1785243348476,true,1785243348518,LeaderAccept
1785243348505,false,1785243348546,LeaderAccept
1785243348535,false,1785243348576,LeaderAccept
1785243348565,true,1785243348606,LeaderAccept
1785243348595,false,1785243348636,LeaderAccept
1785243348625,true,1785243348666,LeaderAccept
1785243348657,true,1785243348698,LeaderAccept
1785243348689,false,1785243348730,LeaderAccept
1785243348721,true,1785243348762,LeaderAccept
1785243348754,false,1785243348796,LeaderAccept
1785243348788,false,1785243348829,LeaderAccept
1785243348821,false,1785243348862,LeaderAccept
1785243348855,true,1785243348897,LeaderAccept
1785243348890,false,1785243348931,LeaderAccept
1785243348926,false,1785243348967,LeaderAccept
1785243348962,true,1785243349004,LeaderAccept
1785243348999,true,1785243349041,LeaderAccept
1785243349037,false,1785243349079,LeaderAccept
1785243349075,true,1785243349117,LeaderAccept
1785243349114,false,1785243349155,LeaderAccept
1785243349154,false,1785243349195,LeaderAccept
1785243349193,false,1785243349234,LeaderAccept
1785243349234,true,1785243349275,LeaderAccept
1785243349275,false,1785243349317,LeaderAccept
1785243349318,false,1785243349359,LeaderAccept
1785243349362,false,1785243349404,LeaderAccept
1785243349407,false,1785243349449,LeaderAccept
1785243349453,false,1785243349494,LeaderAccept
1785243349499,false,1785243349540,LeaderAccept
1785243349547,true,1785243349589,LeaderAccept
1785243349596,false,1785243349637,LeaderAccept
1785243349646,false,1785243349687,LeaderAccept
1785243349697,true,1785243349739,LeaderAccept
1785243349750,true,1785243349791,LeaderAccept
1785243349804,true,1785243349845,LeaderAccept
1785243349858,false,1785243349900,LeaderAccept
1785243349915,false,1785243349956,LeaderAccept
1785243349973,false,1785243350014,LeaderAccept
1785243350033,true,1785243350075,LeaderAccept
1785243350095,true,1785243350136,LeaderAccept
1785243350159,false,1785243350200,LeaderAccept
1785243350225,true,1785243350267,LeaderAccept
1785243350293,true,1785243350334,LeaderAccept
1785243350363,true,1785243350404,LeaderAccept
1785243350435,false,1785243350476,LeaderAccept
1785243350510,true,1785243350551,LeaderAccept
1785243350588,false,1785243350629,LeaderAccept
1785243350669,false,1785243350711,LeaderAccept
1785243350754,false,1785243350795,LeaderAccept
1785243350842,true,1785243350883,LeaderAccept
1785243350934,false,1785243350977,LeaderAccept
1785243351031,true,1785243351072,LeaderAccept
1785243351132,true,1785243351173,LeaderAccept
1785243351238,false,1785243351280,LeaderAccept
1785243351349,true,1785243351390,LeaderAccept
1785243351468,true,1785243351509,LeaderAccept
1785243351593,false,1785243351634,LeaderAccept
1785243351726,true,1785243351767,LeaderAccept
1785243351868,true,1785243351909,LeaderAccept
1785243352020,true,1785243352061,LeaderAccept
1785243352185,true,1785243352226,LeaderAccept
1785243352364,false,1785243352405,LeaderAccept
1785243352558,false,1785243352600,LeaderAccept
1785243352773,false,1785243352814,LeaderAccept
1785243353013,true,1785243353054,LeaderAccept
1785243353283,true,1785243353324,LeaderAccept
1785243353591,false,1785243353633,LeaderAccept
1785243353950,false,1785243353991,LeaderAccept
1785243354381,true,1785243354422,LeaderAccept
1785243354915,true,1785243354955,LeaderAccept
1785243355611,false,1785243355653,LeaderAccept
1785243356597,false,1785243356638,LeaderAccept
1785243358210,true,1785243358251,LeaderAccept
1785243359270,true,1785243359311,LeaderAccept
1785243359298,true,1785243359339,LeaderAccept
1785243359327,true,1785243359368,LeaderAccept
1785243359355,false,1785243359396,LeaderAccept
1785243359385,false,1785243359426,LeaderAccept
1785243359415,true,1785243359456,LeaderAccept
1785243359446,false,1785243359487,LeaderAccept
1785243359477,false,1785243359518,LeaderAccept
1785243359508,true,1785243359549,LeaderAccept
1785243359540,false,1785243359582,LeaderAccept
1785243359573,false,1785243359614,LeaderAccept
1785243359605,true,1785243359646,LeaderAccept
1785243359638,true,1785243359679,LeaderAccept
1785243359672,true,1785243359712,LeaderAccept
1785243359707,false,1785243359749,LeaderAccept
1785243359742,false,1785243359783,LeaderAccept
1785243359777,false,1785243359818,LeaderAccept
1785243359813,true,1785243359854,LeaderAccept
1785243359850,true,1785243359891,LeaderAccept
1785243359887,false,1785243359928,LeaderAccept
1785243359926,false,1785243359966,LeaderAccept
1785243359965,true,1785243360006,LeaderAccept
1785243360005,false,1785243360046,LeaderAccept
1785243360045,false,1785243360087,LeaderAccept
1785243360086,true,1785243360127,LeaderAccept
1785243360128,false,1785243360169,LeaderAccept
1785243360171,false,1785243360212,LeaderAccept
1785243360214,true,1785243360256,LeaderAccept
1785243360259,false,1785243360300,LeaderAccept
1785243360304,false,1785243360345,LeaderAccept
1785243360351,true,1785243360392,LeaderAccept
1785243360398,false,1785243360439,LeaderAccept
1785243360447,false,1785243360488,LeaderAccept
1785243360497,true,1785243360539,LeaderAccept
1785243360549,true,1785243360591,LeaderAccept
1785243360602,false,1785243360643,LeaderAccept
1785243360656,true,1785243360698,LeaderAccept
1785243360712,true,1785243360754,LeaderAccept
1785243360769,false,1785243360811,LeaderAccept
1785243360828,true,1785243360869,LeaderAccept
1785243360888,true,1785243360929,LeaderAccept
1785243360949,false,1785243360991,LeaderAccept
1785243361014,false,1785243361056,LeaderAccept
1785243361080,true,1785243361121,LeaderAccept
1785243361148,false,1785243361189,LeaderAccept
1785243361218,true,1785243361260,LeaderAccept
1785243361292,true,1785243361333,LeaderAccept
1785243361368,false,1785243361409,LeaderAccept
1785243361445,false,1785243361487,LeaderAccept
1785243361527,false,1785243361568,LeaderAccept
1785243361612,true,1785243361654,LeaderAccept
1785243361701,true,1785243361743,LeaderAccept
1785243361794,true,1785243361835,LeaderAccept
1785243361890,false,1785243361932,LeaderAccept
1785243361992,true,1785243362034,LeaderAccept
1785243362098,false,1785243362139,LeaderAccept
1785243362211,false,1785243362252,LeaderAccept
1785243362330,false,1785243362371,LeaderAccept
1785243362456,false,1785243362497,LeaderAccept
1785243362590,false,1785243362631,LeaderAccept
1785243362733,false,1785243362774,LeaderAccept
1785243362887,true,1785243362928,LeaderAccept
1785243363054,true,1785243363095,LeaderAccept
1785243363235,false,1785243363276,LeaderAccept
1785243363433,false,1785243363474,LeaderAccept
1785243363651,false,1785243363692,LeaderAccept
1785243363894,true,1785243363936,LeaderAccept
1785243364168,true,1785243364210,LeaderAccept
1785243364483,false,1785243364522,FastAccept
1785243364852,false,1785243364891,FastAccept
1785243365295,false,1785243365334,FastAccept
1785243365847,true,1785243365885,FastAccept
1785243366574,true,1785243366613,FastAccept
1785243367620,false,1785243367659,FastAccept
1785243369384,false,1785243369423,FastAccept
1785243373640,false,1785243373679,FastAccept
1785243383365,false,1785243383404,FastAccept
1785243383398,false,1785243383436,FastAccept
1785243383432,true,1785243383470,FastAccept
1785243383467,false,1785243383505,FastAccept
1785243383502,false,1785243383541,FastAccept
1785243383538,false,1785243383577,FastAccept
1785243383574,false,1785243383612,FastAccept
1785243383611,true,1785243383650,FastAccept
1785243383649,false,1785243383687,FastAccept
1785243383687,false,1785243383725,FastAccept
1785243383726,false,1785243383764,FastAccept
1785243383765,false,1785243383804,FastAccept
1785243383806,false,1785243383844,FastAccept
1785243383846,true,1785243383885,FastAccept
1785243383889,false,1785243383927,FastAccept
1785243383931,false,1785243383970,FastAccept
1785243383976,false,1785243384015,FastAccept
1785243384021,true,1785243384060,FastAccept
1785243384067,true,1785243384106,FastAccept
1785243384114,false,1785243384152,FastAccept
1785243384162,true,1785243384201,FastAccept
1785243384211,false,1785243384249,FastAccept
1785243384260,false,1785243384299,FastAccept
1785243384312,false,1785243384351,FastAccept
1785243384366,false,1785243384405,FastAccept
1785243384421,false,1785243384460,FastAccept
1785243384477,false,1785243384515,FastAccept
1785243384534,false,1785243384572,FastAccept
1785243384593,true,1785243384632,FastAccept
1785243384653,false,1785243384701,LeaderAccept
1785243384716,true,1785243384756,LeaderAccept
1785243384780,false,1785243384822,LeaderAccept
1785243384847,true,1785243384888,LeaderAccept
1785243384915,true,1785243384957,LeaderAccept
1785243384987,false,1785243385028,LeaderAccept
1785243385061,false,1785243385102,LeaderAccept
1785243385137,false,1785243385179,LeaderAccept
1785243385217,false,1785243385259,LeaderAccept
1785243385300,false,1785243385341,LeaderAccept
1785243385386,true,1785243385427,LeaderAccept
1785243385476,true,1785243385518,LeaderAccept
1785243385570,false,1785243385612,LeaderAccept
1785243385669,true,1785243385711,LeaderAccept
1785243385773,false,1785243385814,LeaderAccept
1785243385882,true,1785243385924,LeaderAccept
1785243385997,false,1785243386038,LeaderAccept
1785243386118,true,1785243386160,LeaderAccept
1785243386248,false,1785243386289,LeaderAccept
1785243386386,false,1785243386427,LeaderAccept
1785243386533,true,1785243386574,LeaderAccept
1785243386692,true,1785243386733,LeaderAccept
1785243386863,true,1785243386904,LeaderAccept
1785243387051,false,1785243387092,LeaderAccept
1785243387256,false,1785243387297,LeaderAccept
1785243387484,true,1785243387525,LeaderAccept
1785243387739,true,1785243387780,LeaderAccept
1785243388028,false,1785243388069,LeaderAccept
1785243388362,false,1785243388403,LeaderAccept
1785243388756,true,1785243388797,LeaderAccept
1785243389236,false,1785243389278,LeaderAccept
1785243389845,true,1785243389886,LeaderAccept
1785243390672,false,1785243390713,LeaderAccept
1785243391921,false,1785243391962,LeaderAccept
1785243394251,false,1785243394293,LeaderAccept
1785243401720,true,1785243401758,FastAccept
1785243402804,false,1785243402842,FastAccept
1785243402820,true,1785243402859,FastAccept
1785243402836,false,1785243402875,FastAccept
1785243402853,false,1785243402892,FastAccept
1785243402870,true,1785243402908,FastAccept
1785243402887,false,1785243402926,FastAccept
1785243402905,false,1785243402943,FastAccept
1785243402922,false,1785243402960,FastAccept
1785243402939,false,1785243402977,FastAccept
1785243402957,false,1785243402995,FastAccept
1785243402974,true,1785243403013,FastAccept
1785243402992,true,1785243403030,FastAccept
1785243403010,true,1785243403048,FastAccept
1785243403028,false,1785243403067,FastAccept
1785243403046,false,1785243403085,FastAccept
1785243403064,false,1785243403103,FastAccept
1785243403083,true,1785243403121,FastAccept
1785243403102,true,1785243403140,FastAccept
1785243403121,false,1785243403159,FastAccept
1785243403140,true,1785243403179,FastAccept
1785243403159,true,1785243403198,FastAccept
1785243403179,true,1785243403217,FastAccept
1785243403199,true,1785243403238,FastAccept
1785243403219,true,1785243403257,FastAccept
1785243403239,false,1785243403278,FastAccept
1785243403259,false,1785243403298,FastAccept
1785243403280,false,1785243403319,FastAccept
1785243403300,false,1785243403339,FastAccept
1785243403321,true,1785243403360,FastAccept
1785243403342,true,1785243403381,FastAccept
1785243403363,false,1785243403402,FastAccept
1785243403384,false,1785243403423,FastAccept
1785243403406,false,1785243403445,FastAccept
1785243403428,true,1785243403467,FastAccept
1785243403450,true,1785243403488,FastAccept
1785243403472,false,1785243403510,FastAccept
1785243403495,true,1785243403534,FastAccept
1785243403518,true,1785243403556,FastAccept
1785243403541,false,1785243403580,FastAccept
1785243403563,true,1785243403602,FastAccept
1785243403587,true,1785243403625,FastAccept
1785243403610,false,1785243403649,FastAccept
1785243403634,false,1785243403673,FastAccept
1785243403658,false,1785243403696,FastAccept
1785243403682,true,1785243403721,FastAccept
1785243403707,false,1785243403745,FastAccept
1785243403732,true,1785243403771,FastAccept
1785243403758,true,1785243403796,FastAccept
1785243403783,true,1785243403822,FastAccept
1785243403809,true,1785243403847,FastAccept
1785243403835,false,1785243403874,FastAccept
1785243403862,false,1785243403900,FastAccept
1785243403889,true,1785243403928,FastAccept
1785243403917,true,1785243403955,FastAccept
1785243403944,false,1785243403983,FastAccept
1785243403972,false,1785243404011,FastAccept
1785243404000,true,1785243404039,FastAccept
1785243404029,true,1785243404067,FastAccept
1785243404058,true,1785243404096,FastAccept
1785243404088,true,1785243404126,FastAccept
1785243404118,false,1785243404156,FastAccept
1785243404148,true,1785243404186,FastAccept
1785243404179,false,1785243404218,FastAccept
1785243404211,false,1785243404249,FastAccept
1785243404243,true,1785243404282,FastAccept
1785243404276,false,1785243404314,FastAccept
1785243404309,false,1785243404348,FastAccept
1785243404343,false,1785243404382,FastAccept
1785243404378,false,1785243404417,FastAccept
1785243404412,true,1785243404451,FastAccept
1785243404448,false,1785243404487,FastAccept
1785243404484,false,1785243404522,FastAccept
1785243404520,true,1785243404558,FastAccept
1785243404557,false,1785243404596,FastAccept
1785243404595,true,1785243404633,FastAccept
1785243404633,false,1785243404672,FastAccept
1785243404672,true,1785243404710,FastAccept
1785243404712,true,1785243404751,FastAccept
1785243404753,true,1785243404792,FastAccept
1785243404795,true,1785243404833,FastAccept
1785243404837,true,1785243404875,FastAccept
1785243404879,true,1785243404918,FastAccept
1785243404924,true,1785243404963,FastAccept
1785243404970,true,1785243405009,FastAccept
1785243405017,true,1785243405056,FastAccept
1785243405065,true,1785243405104,FastAccept
1785243405114,true,1785243405153,FastAccept
1785243405164,false,1785243405203,FastAccept
1785243405215,true,1785243405266,LeaderAccept
1785243405268,false,1785243405308,LeaderAccept
1785243405321,false,1785243405362,LeaderAccept
1785243405376,false,1785243405417,LeaderAccept
1785243405432,false,1785243405473,LeaderAccept
1785243405490,false,1785243405531,LeaderAccept
1785243405549,false,1785243405590,LeaderAccept
1785243405610,false,1785243405652,LeaderAccept
1785243405673,true,1785243405714,LeaderAccept
1785243405738,true,1785243405779,LeaderAccept
1785243405805,true,1785243405847,LeaderAccept
1785243405875,false,1785243405916,LeaderAccept
1785243405947,false,1785243405988,LeaderAccept
1785243406020,false,1785243406062,LeaderAccept
1785243406098,true,1785243406139,LeaderAccept
1785243406178,false,1785243406220,LeaderAccept
1785243406262,false,1785243406303,LeaderAccept
1785243406349,false,1785243406391,LeaderAccept
1785243406440,false,1785243406481,LeaderAccept
1785243406535,false,1785243406576,LeaderAccept
1785243406634,true,1785243406676,LeaderAccept
1785243406739,true,1785243406781,LeaderAccept
1785243406849,false,1785243406890,LeaderAccept
1785243406965,true,1785243407006,LeaderAccept
1785243407088,false,1785243407129,LeaderAccept
1785243407219,true,1785243407261,LeaderAccept
1785243407358,true,1785243407400,LeaderAccept
1785243407508,true,1785243407549,LeaderAccept
1785243407669,false,1785243407710,LeaderAccept
1785243407842,false,1785243407883,LeaderAccept
1785243408033,true,1785243408074,LeaderAccept
1785243408241,true,1785243408304,SlowAccept
1785243408474,true,1785243408513,FastAccept
1785243408735,false,1785243408775,FastAccept
1785243409032,false,1785243409094,SlowAccept
1785243409376,false,1785243409415,FastAccept
1785243409784,false,1785243409823,FastAccept
1785243410284,true,1785243410323,FastAccept
1785243410926,false,1785243410964,FastAccept
1785243411811,true,1785243411850,FastAccept
1785243413187,true,1785243413226,FastAccept
1785243415924,false,1785243415963,FastAccept
1785243423660,false,1785243423699,FastAccept
1785243423677,true,1785243423715,FastAccept
1785243423694,true,1785243423733,FastAccept
1785243423711,false,1785243423749,FastAccept
1785243423728,false,1785243423766,FastAccept
1785243423745,false,1785243423783,FastAccept
1785243423762,false,1785243423800,FastAccept
1785243423779,true,1785243423818,FastAccept
1785243423796,false,1785243423835,FastAccept
1785243423814,false,1785243423853,FastAccept
1785243423832,false,1785243423870,FastAccept
1785243423850,false,1785243423888,FastAccept
1785243423868,true,1785243423906,FastAccept
1785243423886,false,1785243423924,FastAccept
1785243423904,false,1785243423943,FastAccept
1785243423923,false,1785243424014,LeaderAccept
1785243423942,true,1785243424008,SlowAccept
1785243423961,false,1785243424008,FastAccept
1785243423979,true,1785243424065,LeaderAccept
1785243423999,false,1785243424059,SlowAccept
1785243424018,false,1785243424059,FastAccept
1785243424037,false,1785243424091,LeaderAccept
1785243424057,true,1785243424117,LeaderAccept
1785243424077,false,1785243424169,LeaderAccept
1785243424097,false,1785243424142,FastAccept
1785243424118,false,1785243424156,FastAccept
1785243424139,true,1785243424195,LeaderAccept
1785243424159,false,1785243424221,LeaderAccept
1785243424181,true,1785243424273,LeaderAccept
1785243424202,true,1785243424267,SlowAccept
1785243424224,false,1785243424267,FastAccept
1785243424246,false,1785243424300,LeaderAccept
1785243424267,true,1785243424326,LeaderAccept
1785243424290,false,1785243424352,LeaderAccept
1785243424313,false,1785243424425,LeaderAccept
1785243424336,false,1785243424398,SlowAccept
1785243424359,false,1785243424425,SlowAccept
1785243424383,false,1785243424425,LeaderAccept
1785243424406,false,1785243424448,LeaderAccept
1785243424430,false,1785243424471,LeaderAccept
1785243424454,true,1785243424495,LeaderAccept
1785243424478,false,1785243424519,LeaderAccept
1785243424502,false,1785243424544,LeaderAccept
1785243424527,false,1785243424568,LeaderAccept
1785243424552,true,1785243424593,LeaderAccept
1785243424577,true,1785243424618,LeaderAccept
1785243424602,true,1785243424644,LeaderAccept
1785243424628,true,1785243424670,LeaderAccept
1785243424655,true,1785243424696,LeaderAccept
1785243424681,true,1785243424723,LeaderAccept
1785243424708,true,1785243424779,LeaderAccept
1785243424735,true,1785243424778,LeaderAccept
1785243424762,true,1785243424803,LeaderAccept
1785243424790,false,1785243424831,LeaderAccept
1785243424817,true,1785243424858,LeaderAccept
1785243424846,false,1785243424887,LeaderAccept
1785243424874,true,1785243424916,LeaderAccept
1785243424903,true,1785243424944,LeaderAccept
1785243424933,false,1785243424974,LeaderAccept
1785243424963,false,1785243425005,LeaderAccept
1785243424994,true,1785243425035,LeaderAccept
1785243425025,false,1785243425065,LeaderAccept
1785243425057,false,1785243425098,LeaderAccept
1785243425089,true,1785243425129,LeaderAccept
1785243425121,false,1785243425162,LeaderAccept
1785243425155,false,1785243425196,LeaderAccept
1785243425188,false,1785243425229,LeaderAccept
1785243425223,true,1785243425264,LeaderAccept
1785243425258,true,1785243425299,LeaderAccept
1785243425293,true,1785243425335,LeaderAccept
1785243425330,true,1785243425371,LeaderAccept
1785243425367,false,1785243425409,LeaderAccept
1785243425405,true,1785243425446,LeaderAccept
1785243425443,true,1785243425484,LeaderAccept
1785243425481,true,1785243425523,LeaderAccept
1785243425521,false,1785243425562,LeaderAccept
1785243425561,false,1785243425602,LeaderAccept
1785243425602,true,1785243425643,LeaderAccept
1785243425644,false,1785243425685,LeaderAccept
1785243425687,true,1785243425728,LeaderAccept
1785243425730,false,1785243425772,LeaderAccept
1785243425775,false,1785243425816,LeaderAccept
1785243425821,false,1785243425862,LeaderAccept
1785243425867,false,1785243425905,FastAccept
1785243425914,true,1785243425955,LeaderAccept
1785243425962,true,1785243426001,FastAccept
1785243426012,false,1785243426051,FastAccept
1785243426063,true,1785243426101,FastAccept
1785243426114,true,1785243426154,FastAccept
1785243426168,false,1785243426207,FastAccept
1785243426223,false,1785243426262,FastAccept
1785243426280,true,1785243426319,FastAccept
1785243426338,false,1785243426376,FastAccept
1785243426398,true,1785243426437,FastAccept
1785243426460,false,1785243426499,FastAccept
1785243426524,false,1785243426563,FastAccept
1785243426590,true,1785243426629,FastAccept
1785243426658,true,1785243426697,FastAccept
1785243426728,true,1785243426767,FastAccept
1785243426800,true,1785243426839,FastAccept
1785243426875,false,1785243426913,FastAccept
1785243426953,true,1785243426991,FastAccept
1785243427034,false,1785243427072,FastAccept
1785243427118,false,1785243427156,FastAccept
1785243427206,true,1785243427244,FastAccept
1785243427298,true,1785243427337,FastAccept
1785243427394,false,1785243427433,FastAccept
1785243427495,false,1785243427533,FastAccept
1785243427601,true,1785243427640,FastAccept
1785243427712,false,1785243427751,FastAccept
1785243427830,true,1785243427869,FastAccept
1785243427955,false,1785243427994,FastAccept
1785243428089,false,1785243428127,FastAccept
1785243428231,false,1785243428269,FastAccept
1785243428383,false,1785243428421,FastAccept
1785243428547,false,1785243428586,FastAccept
1785243428725,true,1785243428764,FastAccept
1785243428920,false,1785243428958,FastAccept
1785243429135,true,1785243429173,FastAccept
1785243429374,false,1785243429413,FastAccept
1785243429643,false,1785243429682,FastAccept
1785243429951,true,1785243429989,FastAccept
1785243430310,false,1785243430349,FastAccept
1785243430739,true,1785243430778,FastAccept
1785243431271,false,1785243431310,FastAccept
1785243431965,true,1785243432004,FastAccept
1785243432946,true,1785243432985,FastAccept
1785243434548,true,1785243434587,FastAccept
1785243438113,true,1785243438154,LeaderAccept
1785243446987,true,1785243447026,FastAccept
1785243447027,false,1785243447066,FastAccept
1785243447067,false,1785243447106,FastAccept
1785243447108,false,1785243447146,FastAccept
1785243447148,true,1785243447187,FastAccept
1785243447191,false,1785243447230,FastAccept
1785243447235,true,1785243447291,LeaderAccept
1785243447280,true,1785243447318,FastAccept
1785243447325,true,1785243447364,FastAccept
1785243447372,false,1785243447411,FastAccept
1785243447420,true,1785243447459,FastAccept
1785243447468,false,1785243447506,FastAccept
1785243447516,false,1785243447555,FastAccept
1785243447567,false,1785243447606,FastAccept
1785243447620,false,1785243447659,FastAccept
1785243447674,false,1785243447713,FastAccept
1785243447729,true,1785243447768,FastAccept
1785243447785,false,1785243447824,FastAccept
1785243447843,false,1785243447882,FastAccept
1785243447903,false,1785243447942,FastAccept
1785243447964,false,1785243448002,FastAccept
1785243448027,true,1785243448065,FastAccept
1785243448092,false,1785243448131,FastAccept
1785243448160,false,1785243448199,FastAccept
1785243448229,true,1785243448268,FastAccept
1785243448302,false,1785243448341,FastAccept
1785243448377,true,1785243448416,FastAccept
1785243448455,true,1785243448494,FastAccept
1785243448536,true,1785243448575,FastAccept
1785243448620,true,1785243448658,FastAccept
1785243448707,true,1785243448746,FastAccept
1785243448798,true,1785243448837,FastAccept
1785243448894,false,1785243448933,FastAccept
1785243448994,false,1785243449033,FastAccept
1785243449099,true,1785243449156,LeaderAccept
1785243449210,false,1785243449249,FastAccept
1785243449327,true,1785243449496,LeaderAccept
1785243449451,true,1785243449509,LeaderAccept
1785243449583,false,1785243449623,LeaderAccept
1785243449723,true,1785243449764,LeaderAccept
1785243449874,false,1785243449916,LeaderAccept
1785243450036,true,1785243450077,LeaderAccept
1785243450212,true,1785243450254,LeaderAccept
1785243450405,false,1785243450448,LeaderAccept
1785243450617,false,1785243450659,LeaderAccept
1785243450852,true,1785243450893,LeaderAccept
1785243451116,false,1785243451157,LeaderAccept
1785243451417,true,1785243451458,LeaderAccept
1785243451767,true,1785243451808,LeaderAccept
1785243452184,true,1785243452225,LeaderAccept
1785243452697,false,1785243452736,FastAccept
1785243453360,true,1785243453398,FastAccept
1785243454282,true,1785243454321,FastAccept
1785243455744,true,1785243455783,FastAccept
1785243458782,true,1785243458822,FastAccept
