request_time,write,response_time,accept_status
1785243248596,false,1785243248637,LeaderAccept
1785243249171,true,1785243249213,LeaderAccept
1785243249202,true,1785243249242,LeaderAccept
1785243249233,false,1785243249274,LeaderAccept
1785243249265,true,1785243249306,LeaderAccept
1785243249298,true,1785243249339,LeaderAccept
1785243249330,true,1785243249371,LeaderAccept
1785243249363,true,1785243249404,LeaderAccept
1785243249397,true,1785243249439,LeaderAccept
1785243249431,true,1785243249472,LeaderAccept
1785243249465,false,1785243249506,LeaderAccept
1785243249500,false,1785243249541,LeaderAccept
1785243249537,false,1785243249577,LeaderAccept
1785243249574,true,1785243249614,LeaderAccept
1785243249611,true,1785243249651,LeaderAccept
1785243249650,true,1785243249691,LeaderAccept
1785243249688,true,1785243249729,LeaderAccept
1785243249727,false,1785243249768,LeaderAccept
1785243249767,false,1785243249808,LeaderAccept
1785243249808,false,1785243249848,LeaderAccept
1785243249850,false,1785243249891,LeaderAccept
1785243249892,true,1785243249933,LeaderAccept
1785243249935,true,1785243249976,LeaderAccept
1785243249980,false,1785243250021,LeaderAccept
1785243250025,true,1785243250066,LeaderAccept
1785243250073,false,1785243250114,LeaderAccept
1785243250120,true,1785243250161,LeaderAccept
1785243250169,false,1785243250210,LeaderAccept
1785243250220,true,1785243250260,LeaderAccept
1785243250271,true,1785243250312,LeaderAccept
1785243250323,true,1785243250364,LeaderAccept
1785243250377,true,1785243250419,LeaderAccept
1785243250432,false,1785243250474,LeaderAccept
1785243250489,false,1785243250530,LeaderAccept
1785243250547,true,1785243250589,LeaderAccept
1785243250607,true,1785243250648,LeaderAccept
1785243250669,true,1785243250710,LeaderAccept
1785243250733,false,1785243250774,LeaderAccept
1785243250798,false,1785243250839,LeaderAccept
1785243250865,false,1785243250906,LeaderAccept
1785243250935,false,1785243250976,LeaderAccept
1785243251008,false,1785243251049,LeaderAccept
1785243251084,true,1785243251125,LeaderAccept
1785243251161,false,1785243251203,LeaderAccept
1785243251242,false,1785243251284,LeaderAccept
1785243251326,true,1785243251367,LeaderAccept
1785243251414,true,1785243251455,LeaderAccept
1785243251506,true,1785243251547,LeaderAccept
1785243251601,true,1785243251642,LeaderAccept
1785243251701,true,1785243251742,LeaderAccept
1785243251806,false,1785243251848,LeaderAccept
1785243251919,true,1785243251960,LeaderAccept
1785243252036,false,1785243252077,LeaderAccept
1785243252161,true,1785243252203,LeaderAccept
1785243252293,true,1785243252334,LeaderAccept
1785243252435,true,1785243252476,LeaderAccept
1785243252587,true,1785243252628,LeaderAccept
1785243252751,false,1785243252791,LeaderAccept
1785243252928,true,1785243252969,LeaderAccept
1785243253123,true,1785243253164,LeaderAccept
1785243253336,true,1785243253377,LeaderAccept
1785243253574,false,1785243253616,LeaderAccept
1785243253842,false,1785243253883,LeaderAccept
1785243254147,true,1785243254187,FastAccept
1785243254503,true,1785243254543,FastAccept
1785243254927,false,1785243254968,LeaderAccept
1785243255452,true,1785243255492,LeaderAccept
1785243256133,false,1785243256174,LeaderAccept
1785243257091,false,1785243257132,LeaderAccept
1785243258636,true,1785243258676,LeaderAccept
1785243261979,false,1785243262038,LeaderAccept
1785243265469,false,1785243265509,LeaderAccept
1785243265502,true,1785243265543,LeaderAccept
1785243265535,false,1785243265575,LeaderAccept
1785243265568,false,1785243265609,LeaderAccept
1785243265603,false,1785243265643,LeaderAccept
1785243265637,true,1785243265678,LeaderAccept
1785243265673,false,1785243265714,LeaderAccept
1785243265708,true,1785243265750,LeaderAccept
1785243265745,true,1785243265786,LeaderAccept
1785243265782,false,1785243265822,LeaderAccept
1785243265820,false,1785243265860,LeaderAccept
1785243265858,true,1785243265899,LeaderAccept
1785243265897,false,1785243265938,LeaderAccept
1785243265936,true,1785243265977,LeaderAccept
1785243265976,true,1785243266017,LeaderAccept
1785243266017,true,1785243266058,LeaderAccept
1785243266059,true,1785243266100,LeaderAccept
1785243266102,true,1785243266142,LeaderAccept
1785243266146,true,1785243266186,LeaderAccept
1785243266190,true,1785243266231,LeaderAccept
1785243266235,true,1785243266276,LeaderAccept
1785243266281,false,1785243266322,LeaderAccept
1785243266329,true,1785243266370,LeaderAccept
1785243266378,false,1785243266420,LeaderAccept
1785243266428,false,1785243266469,LeaderAccept
1785243266479,true,1785243266520,LeaderAccept
1785243266532,false,1785243266573,LeaderAccept
1785243266586,true,1785243266627,LeaderAccept
1785243266642,true,1785243266683,LeaderAccept
1785243266698,true,1785243266739,LeaderAccept
1785243266757,true,1785243266798,LeaderAccept
1785243266817,false,1785243266858,LeaderAccept
1785243266879,true,1785243266920,LeaderAccept
1785243266942,true,1785243266983,LeaderAccept
1785243267008,true,1785243267050,LeaderAccept
1785243267076,false,1785243267117,LeaderAccept
1785243267147,false,1785243267188,LeaderAccept
1785243267219,false,1785243267260,LeaderAccept
1785243267294,true,1785243267335,LeaderAccept
1785243267373,false,1785243267413,LeaderAccept
1785243267454,true,1785243267495,LeaderAccept
1785243267538,false,1785243267580,LeaderAccept
1785243267626,true,1785243267667,LeaderAccept
1785243267718,false,1785243267758,LeaderAccept
1785243267815,true,1785243267856,LeaderAccept
1785243267916,true,1785243267957,LeaderAccept
1785243268023,false,1785243268064,LeaderAccept
1785243268135,false,1785243268176,LeaderAccept
1785243268254,false,1785243268295,LeaderAccept
1785243268380,false,1785243268422,LeaderAccept
1785243268514,false,1785243268555,LeaderAccept
1785243268657,false,1785243268698,LeaderAccept
1785243268810,true,1785243268851,LeaderAccept
1785243268976,false,1785243269017,LeaderAccept
1785243269157,true,1785243269198,LeaderAccept
1785243269353,false,1785243269395,LeaderAccept
1785243269570,true,1785243269611,LeaderAccept
1785243269812,false,1785243269853,LeaderAccept
1785243270084,false,1785243270125,LeaderAccept
1785243270395,false,1785243270434,FastAccept
1785243270759,true,1785243270799,FastAccept
1785243271196,true,1785243271235,FastAccept
1785243271739,true,1785243271779,FastAccept
1785243272451,true,1785243272491,FastAccept
1785243273467,false,1785243273507,FastAccept
1785243275155,true,1785243275197,LeaderAccept
1785243279078,false,1785243279119,LeaderAccept
1785243306962,false,1785243307003,LeaderAccept
1785243329286,true,1785243329328,LeaderAccept
1785243329318,true,1785243329359,LeaderAccept
1785243329350,true,1785243329391,LeaderAccept
1785243329383,true,1785243329423,LeaderAccept
1785243329418,false,1785243329458,LeaderAccept
1785243329452,false,1785243329493,LeaderAccept
1785243329487,false,1785243329528,LeaderAccept
1785243329523,true,1785243329564,LeaderAccept
1785243329559,true,1785243329600,LeaderAccept
1785243329596,true,1785243329637,LeaderAccept
1785243329634,false,1785243329675,LeaderAccept
1785243329674,false,1785243329714,LeaderAccept
1785243329712,true,1785243329753,LeaderAccept
1785243329752,false,1785243329792,LeaderAccept
1785243329792,true,1785243329832,LeaderAccept
1785243329832,true,1785243329873,LeaderAccept
1785243329874,false,1785243329915,LeaderAccept
1785243329918,true,1785243329959,LeaderAccept
1785243329961,true,1785243330002,LeaderAccept
1785243330007,false,1785243330048,LeaderAccept
1785243330052,true,1785243330093,LeaderAccept
1785243330099,true,1785243330140,LeaderAccept
1785243330147,true,1785243330188,LeaderAccept
1785243330197,false,1785243330238,LeaderAccept
1785243330247,true,1785243330288,LeaderAccept
1785243330299,true,1785243330339,LeaderAccept
1785243330351,true,1785243330392,LeaderAccept
1785243330405,true,1785243330446,LeaderAccept
1785243330460,false,1785243330502,LeaderAccept
1785243330517,false,1785243330558,LeaderAccept
1785243330576,false,1785243330617,LeaderAccept
1785243330637,true,1785243330678,LeaderAccept
1785243330699,false,1785243330740,LeaderAccept
1785243330764,true,1785243330805,LeaderAccept
1785243330831,false,1785243330872,LeaderAccept
1785243330900,true,1785243330941,LeaderAccept
1785243330971,true,1785243331011,LeaderAccept
1785243331044,false,1785243331085,LeaderAccept
1785243331120,true,1785243331161,LeaderAccept
1785243331199,false,1785243331240,LeaderAccept
1785243331281,true,1785243331323,LeaderAccept
1785243331366,true,1785243331408,LeaderAccept
1785243331455,true,1785243331497,LeaderAccept
1785243331548,false,1785243331590,LeaderAccept
1785243331646,true,1785243331687,LeaderAccept
1785243331749,false,1785243331790,LeaderAccept
1785243331856,true,1785243331897,LeaderAccept
1785243331969,false,1785243332010,LeaderAccept
1785243332089,false,1785243332129,LeaderAccept
1785243332216,false,1785243332257,LeaderAccept
1785243332352,true,1785243332393,LeaderAccept
1785243332497,false,1785243332538,LeaderAccept
1785243332653,false,1785243332694,LeaderAccept
1785243332822,true,1785243332863,LeaderAccept
1785243333005,false,1785243333046,LeaderAccept
1785243333205,false,1785243333247,LeaderAccept
1785243333427,true,1785243333468,LeaderAccept
1785243333674,false,1785243333715,LeaderAccept
1785243333954,true,1785243333994,LeaderAccept
1785243334275,true,1785243334316,LeaderAccept
1785243334652,true,1785243334692,LeaderAccept
1785243335107,true,1785243335147,LeaderAccept
1785243335678,false,1785243335718,LeaderAccept
1785243336438,true,1785243336479,LeaderAccept
1785243337549,false,1785243337591,LeaderAccept
1785243339484,true,1785243339524,FastAccept
1785243344574,true,1785243344615,LeaderAccept
1785243373686,true,1785243373726,FastAccept
1785243373714,true,1785243373753,FastAccept
1785243373742,false,1785243373781,FastAccept
1785243373771,false,1785243373810,FastAccept
1785243373799,true,1785243373838,FastAccept
1785243373828,true,1785243373867,FastAccept
1785243373857,true,1785243373896,FastAccept
1785243373887,true,1785243373927,FastAccept
1785243373918,true,1785243373957,FastAccept
1785243373949,false,1785243373988,FastAccept
1785243373981,false,1785243374020,FastAccept
1785243374012,true,1785243374051,FastAccept
1785243374045,false,1785243374085,FastAccept
1785243374078,true,1785243374117,FastAccept
1785243374111,true,1785243374150,FastAccept
1785243374146,false,1785243374185,FastAccept
1785243374180,true,1785243374219,FastAccept
1785243374215,true,1785243374254,FastAccept
1785243374250,true,1785243374290,FastAccept
1785243374287,true,1785243374326,FastAccept
1785243374323,false,1785243374362,FastAccept
1785243374360,false,1785243374399,FastAccept
1785243374398,true,1785243374437,FastAccept
1785243374437,true,1785243374476,FastAccept
1785243374476,false,1785243374515,FastAccept
1785243374516,false,1785243374555,FastAccept
1785243374557,true,1785243374596,FastAccept
1785243374598,false,1785243374637,FastAccept
1785243374641,true,1785243374680,FastAccept
1785243374685,false,1785243374725,FastAccept
1785243374730,false,1785243374769,FastAccept
1785243374776,false,1785243374816,FastAccept
1785243374823,true,1785243374862,FastAccept
1785243374871,false,1785243374911,FastAccept
1785243374920,false,1785243374959,FastAccept
1785243374971,true,1785243375010,FastAccept
1785243375022,false,1785243375061,FastAccept
1785243375074,false,1785243375113,FastAccept
1785243375128,false,1785243375167,FastAccept
1785243375183,true,1785243375222,FastAccept
1785243375241,false,1785243375280,FastAccept
1785243375299,false,1785243375338,FastAccept
1785243375359,false,1785243375398,FastAccept
1785243375421,true,1785243375460,FastAccept
1785243375485,true,1785243375524,FastAccept
1785243375551,false,1785243375591,FastAccept
1785243375619,true,1785243375658,FastAccept
1785243375689,false,1785243375728,FastAccept
1785243375762,true,1785243375801,FastAccept
1785243375838,false,1785243375877,FastAccept
1785243375916,true,1785243375955,FastAccept
1785243375998,true,1785243376037,FastAccept
1785243376082,false,1785243376121,FastAccept
1785243376171,false,1785243376211,FastAccept
1785243376264,true,1785243376303,FastAccept
1785243376361,false,1785243376400,FastAccept
1785243376462,false,1785243376501,FastAccept
1785243376568,true,1785243376608,FastAccept
1785243376681,true,1785243376720,FastAccept
1785243376800,true,1785243376839,FastAccept
1785243376926,false,1785243376966,FastAccept
1785243377061,true,1785243377100,FastAccept
1785243377205,false,1785243377244,FastAccept
1785243377359,false,1785243377398,FastAccept
1785243377525,false,1785243377564,FastAccept
1785243377706,true,1785243377745,FastAccept
1785243377903,false,1785243377943,FastAccept
1785243378121,true,1785243378160,FastAccept
1785243378364,true,1785243378403,FastAccept
1785243378638,true,1785243378677,FastAccept
1785243378952,true,1785243378991,FastAccept
1785243379319,false,1785243379358,FastAccept
1785243379760,true,1785243379800,FastAccept
1785243380311,true,1785243380350,FastAccept
1785243381034,true,1785243381073,FastAccept
1785243382073,false,1785243382113,FastAccept
1785243383819,false,1785243383860,LeaderAccept
1785243387996,false,1785243388038,LeaderAccept
1785243417042,true,1785243417082,FastAccept
1785243417069,true,1785243417161,SlowAccept
1785243417096,true,1785243417190,LeaderAccept
1785243417123,true,1785243417217,LeaderAccept
1785243417151,true,1785243417217,SlowAccept
1785243417179,false,1785243417332,LeaderAccept
1785243417207,true,1785243417273,SlowAccept
1785243417236,true,1785243417302,SlowAccept
1785243417266,true,1785243417332,SlowAccept
1785243417295,true,1785243417357,LeaderAccept
1785243417325,false,1785243417383,LeaderAccept
1785243417355,false,1785243417403,LeaderAccept
1785243417386,true,1785243417425,FastAccept
1785243417418,true,1785243417477,LeaderAccept
1785243417449,false,1785243417498,LeaderAccept
1785243417482,false,1785243417521,FastAccept
1785243417514,false,1785243417553,FastAccept
1785243417547,true,1785243417599,LeaderAccept
1785243417581,false,1785243417647,SlowAccept
1785243417616,true,1785243417679,LeaderAccept
1785243417651,true,1785243417699,LeaderAccept
1785243417687,true,1785243417736,LeaderAccept
1785243417723,true,1785243417793,LeaderAccept
1785243417760,true,1785243417813,LeaderAccept
1785243417798,true,1785243417837,FastAccept
1785243417836,true,1785243417876,FastAccept
1785243417875,true,1785243417934,LeaderAccept
1785243417915,true,1785243417954,FastAccept
1785243417956,false,1785243417996,FastAccept
1785243417998,true,1785243418038,FastAccept
1785243418040,false,1785243418094,LeaderAccept
1785243418084,true,1785243418128,FastAccept
1785243418127,false,1785243418176,LeaderAccept
1785243418172,true,1785243418211,FastAccept
1785243418218,true,1785243418268,LeaderAccept
1785243418265,false,1785243418331,SlowAccept
1785243418313,true,1785243418352,FastAccept
1785243418362,true,1785243418401,FastAccept
1785243418412,false,1785243418452,FastAccept
1785243418464,false,1785243418528,LeaderAccept
1785243418517,true,1785243418557,FastAccept
1785243418572,false,1785243418611,FastAccept
1785243418627,true,1785243418666,FastAccept
1785243418684,true,1785243418740,LeaderAccept
1785243418743,false,1785243418783,FastAccept
1785243418804,false,1785243418843,FastAccept
1785243418866,false,1785243418906,FastAccept
1785243418930,false,1785243418982,LeaderAccept
1785243418998,true,1785243419037,FastAccept
1785243419066,true,1785243419105,FastAccept
1785243419137,true,1785243419176,FastAccept
1785243419211,false,1785243419250,FastAccept
1785243419288,true,1785243419354,SlowAccept
1785243419367,false,1785243419407,FastAccept
1785243419450,false,1785243419490,FastAccept
1785243419536,false,1785243419576,FastAccept
1785243419627,true,1785243419684,LeaderAccept
1785243419720,true,1785243419760,FastAccept
1785243419818,true,1785243419857,FastAccept
1785243419921,true,1785243419960,FastAccept
1785243420029,false,1785243420068,FastAccept
1785243420143,true,1785243420182,FastAccept
1785243420264,false,1785243420303,FastAccept
1785243420392,false,1785243420431,FastAccept
1785243420529,true,1785243420569,FastAccept
1785243420675,false,1785243420720,FastAccept
1785243420832,false,1785243420871,FastAccept
1785243421002,false,1785243421041,FastAccept
1785243421187,false,1785243421226,FastAccept
1785243421390,false,1785243421435,FastAccept
1785243421614,true,1785243421653,FastAccept
1785243421865,false,1785243421905,FastAccept
1785243422150,true,1785243422189,FastAccept
1785243422477,false,1785243422517,FastAccept
1785243422864,false,1785243422903,FastAccept
1785243423331,false,1785243423371,FastAccept
1785243423922,false,1785243423984,SlowAccept
1785243424715,false,1785243424780,SlowAccept
1785243425893,false,1785243425932,FastAccept
1785243428016,false,1785243428055,FastAccept
1785243434152,false,1785243434192,FastAccept
1785243440391,false,1785243440457,SlowAccept
1785243440416,false,1785243440457,FastAccept
1785243440441,false,1785243440480,FastAccept
1785243440467,false,1785243440507,FastAccept
1785243440493,true,1785243440532,FastAccept
1785243440518,true,1785243440557,FastAccept
1785243440544,false,1785243440583,FastAccept
1785243440570,true,1785243440609,FastAccept
1785243440597,false,1785243440636,FastAccept
1785243440624,true,1785243440663,FastAccept
1785243440651,false,1785243440690,FastAccept
1785243440679,true,1785243440718,FastAccept
1785243440707,true,1785243440746,FastAccept
1785243440736,true,1785243440775,FastAccept
1785243440765,true,1785243440805,FastAccept
1785243440795,true,1785243440834,FastAccept
1785243440825,true,1785243440863,FastAccept
1785243440855,true,1785243440894,FastAccept
1785243440887,true,1785243440926,FastAccept
1785243440918,false,1785243440957,FastAccept
1785243440949,false,1785243440988,FastAccept
1785243440981,false,1785243441031,LeaderAccept
1785243441015,false,1785243441053,FastAccept
1785243441048,false,1785243441087,FastAccept
1785243441082,false,1785243441120,FastAccept
1785243441116,false,1785243441154,FastAccept
1785243441151,false,1785243441203,LeaderAccept
1785243441187,true,1785243441226,FastAccept
1785243441224,false,1785243441262,FastAccept
1785243441260,false,1785243441299,FastAccept
1785243441297,false,1785243441336,FastAccept
1785243441335,false,1785243441391,LeaderAccept
1785243441374,false,1785243441413,FastAccept
1785243441414,false,1785243441454,FastAccept
1785243441455,false,1785243441494,FastAccept
1785243441496,false,1785243441535,FastAccept
1785243441539,true,1785243441597,LeaderAccept
1785243441581,true,1785243441620,FastAccept
1785243441625,true,1785243441665,FastAccept
1785243441670,false,1785243441710,FastAccept
1785243441716,true,1785243441755,FastAccept
1785243441762,false,1785243441828,SlowAccept
1785243441810,false,1785243441849,FastAccept
1785243441858,true,1785243441898,FastAccept
1785243441908,false,1785243441947,FastAccept
1785243441959,true,1785243441999,FastAccept
1785243442012,false,1785243442051,FastAccept
1785243442066,false,1785243442105,FastAccept
1785243442122,false,1785243442160,FastAccept
1785243442178,false,1785243442217,FastAccept
1785243442236,false,1785243442275,FastAccept
1785243442297,true,1785243442336,FastAccept
1785243442358,false,1785243442397,FastAccept
1785243442422,false,1785243442460,FastAccept
1785243442487,false,1785243442526,FastAccept
1785243442555,false,1785243442594,FastAccept
1785243442625,false,1785243442664,FastAccept
1785243442698,false,1785243442738,FastAccept
1785243442774,true,1785243442813,FastAccept
1785243442852,false,1785243442892,FastAccept
1785243442934,true,1785243442973,FastAccept
1785243443019,false,1785243443058,FastAccept
1785243443108,false,1785243443147,FastAccept
1785243443200,false,1785243443239,FastAccept
1785243443296,false,1785243443337,FastAccept
1785243443398,false,1785243443437,FastAccept
1785243443505,true,1785243443544,FastAccept
1785243443617,false,1785243443656,FastAccept
1785243443736,false,1785243443775,FastAccept
1785243443861,false,1785243443901,FastAccept
1785243443995,false,1785243444034,FastAccept
1785243444138,true,1785243444184,FastAccept
1785243444291,true,1785243444330,FastAccept
1785243444457,true,1785243444497,FastAccept
1785243444637,false,1785243444677,FastAccept
1785243444835,false,1785243444874,FastAccept
1785243445052,true,1785243445091,FastAccept
1785243445293,false,1785243445333,FastAccept
1785243445567,false,1785243445606,FastAccept
1785243445880,false,1785243445918,FastAccept
1785243446244,false,1785243446284,FastAccept
1785243446682,true,1785243446722,FastAccept
1785243447227,true,1785243447272,FastAccept
1785243447942,true,1785243447981,FastAccept
1785243448962,false,1785243449001,FastAccept
1785243450660,false,1785243450714,LeaderAccept
1785243454630,true,1785243454676,FastAccept
