request_time,write,response_time,accept_status
1785243248161,true,1785243248201,FastAccept
1785243248236,false,1785243248277,FastAccept
1785243248314,false,1785243248355,FastAccept
1785243248395,false,1785243248435,FastAccept
1785243248480,true,1785243248520,FastAccept
1785243248567,true,1785243248608,FastAccept
1785243248659,false,1785243248700,FastAccept
1785243248755,true,1785243248805,LeaderAccept
1785243248856,true,1785243248907,LeaderAccept
1785243248962,true,1785243249013,LeaderAccept
1785243249074,true,1785243249124,LeaderAccept
1785243249193,true,1785243249243,LeaderAccept
1785243249319,false,1785243249369,LeaderAccept
1785243249452,true,1785243249502,LeaderAccept
1785243249595,false,1785243249645,LeaderAccept
1785243249747,false,1785243249797,LeaderAccept
1785243249912,true,1785243249963,LeaderAccept
1785243250091,false,1785243250141,LeaderAccept
1785243250287,true,1785243250338,LeaderAccept
1785243250503,true,1785243250553,LeaderAccept
1785243250744,true,1785243250794,LeaderAccept
1785243251015,false,1785243251065,LeaderAccept
1785243251325,true,1785243251375,LeaderAccept
1785243251687,false,1785243251737,LeaderAccept
1785243252120,false,1785243252170,LeaderAccept
1785243252658,false,1785243252709,LeaderAccept
1785243253362,false,1785243253412,LeaderAccept
1785243254361,false,1785243254412,LeaderAccept
1785243256008,false,1785243256058,LeaderAccept
1785243259760,false,1785243259810,LeaderAccept
1785243274929,false,1785243274969,FastAccept
1785243274954,false,1785243274994,FastAccept
1785243274980,false,1785243275020,FastAccept
1785243275007,true,1785243275046,FastAccept
1785243275033,true,1785243275073,FastAccept
1785243275060,true,1785243275100,FastAccept
1785243275087,false,1785243275128,FastAccept
1785243275115,false,1785243275156,FastAccept
1785243275144,false,1785243275183,FastAccept
1785243275172,false,1785243275222,LeaderAccept
1785243275201,true,1785243275251,LeaderAccept
1785243275229,true,1785243275279,LeaderAccept
1785243275259,true,1785243275309,LeaderAccept
1785243275289,false,1785243275339,LeaderAccept
1785243275320,false,1785243275369,LeaderAccept
1785243275350,true,1785243275400,LeaderAccept
1785243275382,true,1785243275432,LeaderAccept
1785243275413,true,1785243275463,LeaderAccept
1785243275445,true,1785243275495,LeaderAccept
1785243275477,true,1785243275528,LeaderAccept
1785243275510,true,1785243275560,LeaderAccept
1785243275543,true,1785243275593,LeaderAccept
1785243275577,true,1785243275627,LeaderAccept
1785243275612,true,1785243275661,LeaderAccept
1785243275647,true,1785243275697,LeaderAccept
1785243275684,false,1785243275734,LeaderAccept
1785243275721,true,1785243275771,LeaderAccept
1785243275758,false,1785243275809,LeaderAccept
1785243275796,false,1785243275847,LeaderAccept
1785243275835,false,1785243275886,LeaderAccept
1785243275875,false,1785243275925,LeaderAccept
1785243275916,true,1785243275967,LeaderAccept
1785243275957,false,1785243276007,LeaderAccept
1785243275999,true,1785243276049,LeaderAccept
1785243276043,true,1785243276093,LeaderAccept
1785243276086,false,1785243276137,LeaderAccept
1785243276131,true,1785243276182,LeaderAccept
1785243276176,true,1785243276227,LeaderAccept
1785243276223,false,1785243276273,LeaderAccept
1785243276270,true,1785243276320,LeaderAccept
1785243276319,true,1785243276370,LeaderAccept
1785243276369,false,1785243276420,LeaderAccept
1785243276420,true,1785243276471,LeaderAccept
1785243276473,true,1785243276523,LeaderAccept
1785243276526,false,1785243276576,LeaderAccept
1785243276581,true,1785243276632,LeaderAccept
1785243276638,true,1785243276688,LeaderAccept
1785243276696,false,1785243276746,LeaderAccept
1785243276757,false,1785243276807,LeaderAccept
1785243276818,false,1785243276869,LeaderAccept
1785243276882,true,1785243276933,LeaderAccept
1785243276948,true,1785243276998,LeaderAccept
1785243277017,true,1785243277068,LeaderAccept
1785243277088,false,1785243277138,LeaderAccept
1785243277160,true,1785243277210,LeaderAccept
1785243277235,false,1785243277285,LeaderAccept
1785243277314,false,1785243277364,LeaderAccept
1785243277396,false,1785243277446,LeaderAccept
1785243277481,false,1785243277531,LeaderAccept
1785243277569,true,1785243277619,LeaderAccept
1785243277662,true,1785243277712,LeaderAccept
1785243277758,false,1785243277809,LeaderAccept
1785243277861,true,1785243277911,LeaderAccept
1785243277968,true,1785243278018,LeaderAccept
1785243278080,false,1785243278131,LeaderAccept
1785243278199,true,1785243278249,LeaderAccept
1785243278326,false,1785243278376,LeaderAccept
1785243278460,true,1785243278511,LeaderAccept
1785243278603,false,1785243278653,LeaderAccept
1785243278757,true,1785243278808,LeaderAccept
1785243278924,true,1785243278974,LeaderAccept
1785243279104,true,1785243279154,LeaderAccept
1785243279301,false,1785243279352,LeaderAccept
1785243279519,true,1785243279570,LeaderAccept
1785243279763,true,1785243279813,LeaderAccept
1785243280037,true,1785243280087,LeaderAccept
1785243280352,true,1785243280402,LeaderAccept
1785243280720,true,1785243280770,LeaderAccept
1785243281161,false,1785243281201,FastAccept
1785243281711,false,1785243281761,LeaderAccept
1785243282435,true,1785243282486,LeaderAccept
1785243283475,false,1785243283526,LeaderAccept
1785243285224,false,1785243285274,LeaderAccept
1785243289415,true,1785243289455,FastAccept
1785243301801,true,1785243301842,FastAccept
1785243301820,false,1785243301860,FastAccept
1785243301837,false,1785243301877,FastAccept
1785243301855,true,1785243301895,FastAccept
1785243301873,true,1785243301913,FastAccept
1785243301891,true,1785243301932,FastAccept
1785243301909,false,1785243301949,FastAccept
1785243301928,false,1785243301968,FastAccept
1785243301946,false,1785243301986,FastAccept
1785243301965,true,1785243302005,FastAccept
1785243301984,true,1785243302024,FastAccept
1785243302003,false,1785243302043,FastAccept
1785243302024,false,1785243302064,FastAccept
1785243302043,false,1785243302083,FastAccept
1785243302064,true,1785243302104,FastAccept
1785243302083,true,1785243302123,FastAccept
1785243302103,false,1785243302143,FastAccept
1785243302124,true,1785243302163,FastAccept
1785243302144,false,1785243302184,FastAccept
1785243302166,true,1785243302206,FastAccept
1785243302186,false,1785243302227,FastAccept
1785243302207,true,1785243302247,FastAccept
1785243302229,false,1785243302269,FastAccept
1785243302250,false,1785243302290,FastAccept
1785243302272,true,1785243302312,FastAccept
1785243302294,true,1785243302335,FastAccept
1785243302316,true,1785243302357,FastAccept
1785243302339,true,1785243302379,FastAccept
1785243302362,false,1785243302402,FastAccept
1785243302385,true,1785243302425,FastAccept
1785243302409,false,1785243302449,FastAccept
1785243302432,true,1785243302473,FastAccept
1785243302456,true,1785243302496,FastAccept
1785243302481,true,1785243302521,FastAccept
1785243302505,true,1785243302546,FastAccept
1785243302530,false,1785243302570,FastAccept
1785243302555,false,1785243302595,FastAccept
1785243302580,true,1785243302621,FastAccept
1785243302606,false,1785243302647,FastAccept
1785243302632,true,1785243302672,FastAccept
1785243302659,true,1785243302699,FastAccept
1785243302685,true,1785243302725,FastAccept
1785243302713,false,1785243302753,FastAccept
1785243302740,false,1785243302779,FastAccept
1785243302767,true,1785243302807,FastAccept
1785243302795,true,1785243302836,FastAccept
1785243302823,true,1785243302864,FastAccept
1785243302852,false,1785243302892,FastAccept
1785243302881,true,1785243302922,FastAccept
1785243302911,false,1785243302951,FastAccept
1785243302941,false,1785243302981,FastAccept
1785243302971,false,1785243303011,FastAccept
1785243303001,true,1785243303041,FastAccept
1785243303032,true,1785243303072,FastAccept
1785243303064,false,1785243303104,FastAccept
1785243303095,false,1785243303135,FastAccept
1785243303128,true,1785243303168,FastAccept
1785243303161,false,1785243303201,FastAccept
1785243303195,true,1785243303235,FastAccept
1785243303230,true,1785243303269,FastAccept
1785243303264,false,1785243303305,FastAccept
1785243303301,true,1785243303341,FastAccept
1785243303336,false,1785243303376,FastAccept
1785243303374,true,1785243303414,FastAccept
1785243303412,false,1785243303452,FastAccept
1785243303449,false,1785243303489,FastAccept
1785243303487,true,1785243303527,FastAccept
1785243303526,false,1785243303566,FastAccept
1785243303566,true,1785243303607,FastAccept
1785243303607,true,1785243303647,FastAccept
1785243303649,false,1785243303688,FastAccept
1785243303691,true,1785243303732,FastAccept
1785243303735,true,1785243303775,FastAccept
1785243303779,false,1785243303819,FastAccept
1785243303824,true,1785243303865,FastAccept
1785243303871,false,1785243303911,FastAccept
1785243303920,false,1785243303960,FastAccept
1785243303968,true,1785243304008,FastAccept
1785243304019,false,1785243304059,FastAccept
1785243304069,false,1785243304109,FastAccept
1785243304121,true,1785243304162,FastAccept
1785243304175,true,1785243304215,FastAccept
1785243304231,false,1785243304271,FastAccept
1785243304287,true,1785243304327,FastAccept
1785243304345,true,1785243304412,SlowAccept
1785243304406,true,1785243304456,LeaderAccept
1785243304467,true,1785243304517,LeaderAccept
1785243304530,false,1785243304581,LeaderAccept
1785243304596,false,1785243304647,LeaderAccept
1785243304665,true,1785243304715,LeaderAccept
1785243304735,true,1785243304786,LeaderAccept
1785243304807,true,1785243304857,LeaderAccept
1785243304883,false,1785243304933,LeaderAccept
1785243304960,true,1785243305011,LeaderAccept
1785243305041,false,1785243305091,LeaderAccept
1785243305126,false,1785243305175,LeaderAccept
1785243305213,false,1785243305263,LeaderAccept
1785243305304,false,1785243305354,LeaderAccept
1785243305401,false,1785243305452,LeaderAccept
1785243305501,true,1785243305552,LeaderAccept
1785243305607,false,1785243305657,LeaderAccept
1785243305719,false,1785243305768,LeaderAccept
1785243305837,false,1785243305888,LeaderAccept
1785243305962,true,1785243306012,LeaderAccept
1785243306095,false,1785243306146,LeaderAccept
1785243306237,false,1785243306287,LeaderAccept
1785243306390,true,1785243306440,LeaderAccept
1785243306554,false,1785243306604,LeaderAccept
1785243306732,true,1785243306783,LeaderAccept
1785243306927,true,1785243306978,LeaderAccept
1785243307142,false,1785243307193,LeaderAccept
1785243307381,true,1785243307431,LeaderAccept
1785243307651,true,1785243307701,LeaderAccept
1785243307959,false,1785243308009,LeaderAccept
1785243308318,false,1785243308368,LeaderAccept
1785243308747,false,1785243308798,LeaderAccept
1785243309279,true,1785243309330,LeaderAccept
1785243309973,false,1785243310013,FastAccept
1785243310955,false,1785243310995,FastAccept
1785243312558,false,1785243312608,LeaderAccept
1785243316129,true,1785243316179,LeaderAccept
1785243326402,true,1785243326443,FastAccept
1785243326421,true,1785243326461,FastAccept
1785243326438,false,1785243326478,FastAccept
1785243326455,true,1785243326496,FastAccept
1785243326473,false,1785243326514,FastAccept
1785243326491,true,1785243326532,FastAccept
1785243326509,true,1785243326550,FastAccept
1785243326528,false,1785243326568,FastAccept
1785243326547,false,1785243326587,FastAccept
1785243326565,false,1785243326605,FastAccept
1785243326583,false,1785243326623,FastAccept
1785243326602,true,1785243326643,FastAccept
1785243326621,false,1785243326661,FastAccept
1785243326640,true,1785243326683,FastAccept
1785243326660,false,1785243326700,FastAccept
1785243326681,true,1785243326720,FastAccept
1785243326700,true,1785243326740,FastAccept
1785243326720,true,1785243326761,FastAccept
1785243326740,false,1785243326780,FastAccept
1785243326760,true,1785243326800,FastAccept
1785243326781,true,1785243326822,FastAccept
1785243326802,false,1785243326842,FastAccept
1785243326824,true,1785243326864,FastAccept
1785243326846,true,1785243326885,FastAccept
1785243326867,true,1785243326906,FastAccept
1785243326888,true,1785243326928,FastAccept
1785243326911,false,1785243326951,FastAccept
1785243326932,false,1785243326972,FastAccept
1785243326954,false,1785243326994,FastAccept
1785243326976,false,1785243327095,LeaderAccept
1785243326999,false,1785243327069,SlowAccept
1785243327022,true,1785243327095,SlowAccept
1785243327046,true,1785243327095,LeaderAccept
1785243327069,false,1785243327119,LeaderAccept
1785243327094,false,1785243327144,LeaderAccept
1785243327119,false,1785243327169,LeaderAccept
1785243327143,true,1785243327193,LeaderAccept
1785243327168,true,1785243327218,LeaderAccept
1785243327193,false,1785243327244,LeaderAccept
1785243327218,false,1785243327268,LeaderAccept
1785243327244,false,1785243327294,LeaderAccept
1785243327269,true,1785243327320,LeaderAccept
1785243327295,true,1785243327345,LeaderAccept
1785243327321,true,1785243327371,LeaderAccept
1785243327347,false,1785243327398,LeaderAccept
1785243327374,true,1785243327424,LeaderAccept
1785243327402,true,1785243327452,LeaderAccept
1785243327430,true,1785243327480,LeaderAccept
1785243327458,false,1785243327508,LeaderAccept
1785243327487,false,1785243327538,LeaderAccept
1785243327517,true,1785243327567,LeaderAccept
1785243327546,false,1785243327597,LeaderAccept
1785243327576,true,1785243327626,LeaderAccept
1785243327606,true,1785243327656,LeaderAccept
1785243327637,true,1785243327687,LeaderAccept
1785243327668,false,1785243327719,LeaderAccept
1785243327700,false,1785243327751,LeaderAccept
1785243327732,true,1785243327782,LeaderAccept
1785243327765,true,1785243327815,LeaderAccept
1785243327799,false,1785243327849,LeaderAccept
1785243327832,false,1785243327882,LeaderAccept
1785243327866,true,1785243327916,LeaderAccept
1785243327900,true,1785243327951,LeaderAccept
1785243327935,false,1785243327985,LeaderAccept
1785243327971,true,1785243328021,LeaderAccept
1785243328007,false,1785243328057,LeaderAccept
1785243328044,true,1785243328095,LeaderAccept
1785243328082,true,1785243328132,LeaderAccept
1785243328120,true,1785243328170,LeaderAccept
1785243328159,false,1785243328210,LeaderAccept
1785243328200,false,1785243328250,LeaderAccept
1785243328240,true,1785243328290,LeaderAccept
1785243328282,false,1785243328332,LeaderAccept
1785243328326,false,1785243328376,LeaderAccept
1785243328369,true,1785243328420,LeaderAccept
1785243328414,false,1785243328464,LeaderAccept
1785243328459,false,1785243328510,LeaderAccept
1785243328506,false,1785243328557,LeaderAccept
1785243328555,true,1785243328605,LeaderAccept
1785243328604,false,1785243328654,LeaderAccept
1785243328654,false,1785243328704,LeaderAccept
1785243328705,true,1785243328755,LeaderAccept
1785243328759,false,1785243328809,LeaderAccept
1785243328812,false,1785243328863,LeaderAccept
1785243328868,true,1785243328918,LeaderAccept
1785243328925,true,1785243328975,LeaderAccept
1785243328983,true,1785243329033,LeaderAccept
1785243329044,false,1785243329094,LeaderAccept
1785243329106,true,1785243329156,LeaderAccept
1785243329169,false,1785243329219,LeaderAccept
1785243329235,true,1785243329286,LeaderAccept
1785243329303,true,1785243329354,LeaderAccept
1785243329373,false,1785243329424,LeaderAccept
1785243329446,false,1785243329496,LeaderAccept
1785243329521,true,1785243329571,LeaderAccept
1785243329599,false,1785243329649,LeaderAccept
1785243329680,false,1785243329730,LeaderAccept
1785243329766,true,1785243329816,LeaderAccept
1785243329855,false,1785243329905,LeaderAccept
1785243329947,true,1785243329997,LeaderAccept
1785243330045,false,1785243330095,LeaderAccept
1785243330146,false,1785243330197,LeaderAccept
1785243330254,false,1785243330304,LeaderAccept
1785243330366,true,1785243330416,LeaderAccept
1785243330486,false,1785243330535,LeaderAccept
1785243330613,false,1785243330663,LeaderAccept
1785243330747,true,1785243330798,LeaderAccept
1785243330891,false,1785243330941,LeaderAccept
1785243331046,true,1785243331096,LeaderAccept
1785243331213,false,1785243331263,LeaderAccept
1785243331394,true,1785243331444,LeaderAccept
1785243331593,true,1785243331643,LeaderAccept
1785243331811,true,1785243331862,LeaderAccept
1785243332055,false,1785243332106,LeaderAccept
1785243332330,false,1785243332381,LeaderAccept
1785243332646,false,1785243332697,LeaderAccept
1785243333017,true,1785243333067,LeaderAccept
1785243333462,false,1785243333512,LeaderAccept
1785243334017,false,1785243334067,LeaderAccept
1785243334749,false,1785243334799,LeaderAccept
1785243335805,true,1785243335856,LeaderAccept
1785243337595,false,1785243337645,LeaderAccept
1785243341973,false,1785243342013,FastAccept
1785243342153,false,1785243342193,FastAccept
1785243342178,true,1785243342218,FastAccept
1785243342202,true,1785243342242,FastAccept
1785243342226,false,1785243342266,FastAccept
1785243342250,false,1785243342290,FastAccept
1785243342274,false,1785243342315,FastAccept
1785243342299,false,1785243342340,FastAccept
1785243342325,false,1785243342365,FastAccept
1785243342352,true,1785243342425,SlowAccept
1785243342378,false,1785243342451,SlowAccept
1785243342404,false,1785243342476,SlowAccept
1785243342431,false,1785243342481,LeaderAccept
1785243342458,true,1785243342508,LeaderAccept
1785243342485,true,1785243342535,LeaderAccept
1785243342512,true,1785243342563,LeaderAccept
1785243342540,true,1785243342591,LeaderAccept
1785243342569,false,1785243342619,LeaderAccept
1785243342598,true,1785243342648,LeaderAccept
1785243342628,true,1785243342678,LeaderAccept
1785243342658,true,1785243342708,LeaderAccept
1785243342688,false,1785243342738,LeaderAccept
1785243342719,false,1785243342769,LeaderAccept
1785243342751,false,1785243342801,LeaderAccept
1785243342782,true,1785243342833,LeaderAccept
1785243342814,true,1785243342864,LeaderAccept
1785243342846,false,1785243342896,LeaderAccept
1785243342879,false,1785243342929,LeaderAccept
1785243342913,true,1785243342964,LeaderAccept
1785243342947,true,1785243342998,LeaderAccept
1785243342982,true,1785243343032,LeaderAccept
1785243343017,true,1785243343068,LeaderAccept
1785243343053,false,1785243343104,LeaderAccept
1785243343090,true,1785243343140,LeaderAccept
1785243343127,false,1785243343177,LeaderAccept
1785243343164,false,1785243343215,LeaderAccept
1785243343203,true,1785243343253,LeaderAccept
1785243343242,false,1785243343293,LeaderAccept
1785243343283,false,1785243343333,LeaderAccept
1785243343323,false,1785243343374,LeaderAccept
1785243343365,true,1785243343416,LeaderAccept
1785243343408,true,1785243343458,LeaderAccept
1785243343451,false,1785243343502,LeaderAccept
1785243343496,false,1785243343546,LeaderAccept
1785243343541,true,1785243343591,LeaderAccept
1785243343588,false,1785243343638,LeaderAccept
1785243343635,false,1785243343686,LeaderAccept
1785243343684,true,1785243343735,LeaderAccept
1785243343734,true,1785243343785,LeaderAccept
1785243343785,false,1785243343835,LeaderAccept
1785243343837,true,1785243343887,LeaderAccept
1785243343891,true,1785243343941,LeaderAccept
1785243343945,false,1785243343995,LeaderAccept
1785243344002,false,1785243344053,LeaderAccept
1785243344060,true,1785243344111,LeaderAccept
1785243344120,true,1785243344170,LeaderAccept
1785243344182,false,1785243344232,LeaderAccept
1785243344245,true,1785243344296,LeaderAccept
1785243344310,false,1785243344361,LeaderAccept
1785243344377,false,1785243344428,LeaderAccept
1785243344447,false,1785243344497,LeaderAccept
1785243344519,false,1785243344569,LeaderAccept
1785243344595,true,1785243344645,LeaderAccept
1785243344673,true,1785243344723,LeaderAccept
1785243344753,true,1785243344804,LeaderAccept
1785243344837,false,1785243344888,LeaderAccept
1785243344924,true,1785243344975,LeaderAccept
1785243345016,true,1785243345066,LeaderAccept
1785243345112,true,1785243345162,LeaderAccept
1785243345212,true,1785243345262,LeaderAccept
1785243345318,false,1785243345368,LeaderAccept
1785243345429,true,1785243345480,LeaderAccept
1785243345548,true,1785243345599,LeaderAccept
1785243345672,true,1785243345723,LeaderAccept
1785243345804,false,1785243345854,LeaderAccept
1785243345946,true,1785243345996,LeaderAccept
1785243346097,false,1785243346147,LeaderAccept
1785243346261,false,1785243346311,LeaderAccept
1785243346438,true,1785243346488,LeaderAccept
1785243346632,true,1785243346682,LeaderAccept
1785243346846,false,1785243346896,LeaderAccept
1785243347083,false,1785243347134,LeaderAccept
1785243347350,true,1785243347390,FastAccept
1785243347655,true,1785243347695,FastAccept
1785243348010,false,1785243348064,FastAccept
1785243348434,false,1785243348484,LeaderAccept
1785243348957,true,1785243349007,LeaderAccept
1785243349636,true,1785243349686,LeaderAccept
1785243350590,true,1785243350640,LeaderAccept
1785243352127,false,1785243352178,LeaderAccept
1785243354387,true,1785243354438,LeaderAccept
1785243354402,true,1785243354452,LeaderAccept
1785243354418,true,1785243354468,LeaderAccept
1785243354433,true,1785243354483,LeaderAccept
1785243354448,true,1785243354498,LeaderAccept
1785243354463,false,1785243354514,LeaderAccept
1785243354479,true,1785243354529,LeaderAccept
1785243354495,true,1785243354545,LeaderAccept
1785243354510,true,1785243354560,LeaderAccept
1785243354525,true,1785243354575,LeaderAccept
1785243354541,false,1785243354592,LeaderAccept
1785243354557,false,1785243354607,LeaderAccept
1785243354573,false,1785243354622,LeaderAccept
1785243354589,false,1785243354640,LeaderAccept
1785243354606,false,1785243354656,LeaderAccept
1785243354623,true,1785243354674,LeaderAccept
1785243354640,true,1785243354690,LeaderAccept
1785243354656,true,1785243354707,LeaderAccept
1785243354674,true,1785243354724,LeaderAccept
1785243354691,false,1785243354741,LeaderAccept
1785243354708,true,1785243354758,LeaderAccept
1785243354725,false,1785243354775,LeaderAccept
1785243354742,false,1785243354792,LeaderAccept
1785243354760,true,1785243354810,LeaderAccept
1785243354778,true,1785243354828,LeaderAccept
1785243354796,false,1785243354846,LeaderAccept
1785243354814,false,1785243354864,LeaderAccept
1785243354832,false,1785243354883,LeaderAccept
1785243354851,false,1785243354902,LeaderAccept
1785243354871,true,1785243354921,LeaderAccept
1785243354889,true,1785243354939,LeaderAccept
1785243354909,true,1785243354959,LeaderAccept
1785243354928,false,1785243354977,LeaderAccept
1785243354948,true,1785243354997,LeaderAccept
1785243354967,false,1785243355017,LeaderAccept
1785243354988,false,1785243355038,LeaderAccept
1785243355007,true,1785243355058,LeaderAccept
1785243355027,false,1785243355078,LeaderAccept
1785243355047,true,1785243355097,LeaderAccept
1785243355067,false,1785243355117,LeaderAccept
1785243355087,true,1785243355138,LeaderAccept
1785243355109,false,1785243355159,LeaderAccept
1785243355129,true,1785243355179,LeaderAccept
1785243355150,true,1785243355200,LeaderAccept
1785243355172,true,1785243355222,LeaderAccept
1785243355194,true,1785243355245,LeaderAccept
1785243355215,true,1785243355266,LeaderAccept
1785243355237,true,1785243355287,LeaderAccept
1785243355259,false,1785243355310,LeaderAccept
1785243355282,true,1785243355332,LeaderAccept
1785243355305,true,1785243355355,LeaderAccept
1785243355328,false,1785243355380,LeaderAccept
1785243355351,true,1785243355402,LeaderAccept
1785243355375,true,1785243355425,LeaderAccept
1785243355399,false,1785243355449,LeaderAccept
1785243355423,true,1785243355473,LeaderAccept
1785243355447,true,1785243355497,LeaderAccept
1785243355472,false,1785243355523,LeaderAccept
1785243355497,false,1785243355547,LeaderAccept
1785243355522,false,1785243355573,LeaderAccept
1785243355548,true,1785243355599,LeaderAccept
1785243355574,true,1785243355624,LeaderAccept
1785243355600,false,1785243355651,LeaderAccept
1785243355626,false,1785243355676,LeaderAccept
1785243355654,true,1785243355704,LeaderAccept
1785243355682,true,1785243355732,LeaderAccept
1785243355709,false,1785243355759,LeaderAccept
1785243355737,false,1785243355787,LeaderAccept
1785243355765,true,1785243355815,LeaderAccept
1785243355793,false,1785243355844,LeaderAccept
1785243355822,false,1785243355872,LeaderAccept
1785243355852,false,1785243355901,LeaderAccept
1785243355881,true,1785243355931,LeaderAccept
1785243355911,false,1785243355961,LeaderAccept
1785243355942,false,1785243355991,LeaderAccept
1785243355974,false,1785243356024,LeaderAccept
1785243356006,true,1785243356056,LeaderAccept
1785243356037,false,1785243356088,LeaderAccept
1785243356070,false,1785243356120,LeaderAccept
1785243356103,false,1785243356153,LeaderAccept
1785243356137,false,1785243356187,LeaderAccept
1785243356171,true,1785243356221,LeaderAccept
1785243356206,false,1785243356256,LeaderAccept
1785243356242,false,1785243356293,LeaderAccept
1785243356277,false,1785243356328,LeaderAccept
1785243356314,true,1785243356364,LeaderAccept
1785243356351,true,1785243356402,LeaderAccept
1785243356389,true,1785243356439,LeaderAccept
1785243356427,true,1785243356477,LeaderAccept
1785243356466,false,1785243356517,LeaderAccept
1785243356506,true,1785243356556,LeaderAccept
1785243356547,false,1785243356597,LeaderAccept
1785243356590,false,1785243356640,LeaderAccept
1785243356632,true,1785243356682,LeaderAccept
1785243356676,false,1785243356726,LeaderAccept
1785243356720,true,1785243356770,LeaderAccept
1785243356766,false,1785243356816,LeaderAccept
1785243356813,false,1785243356863,LeaderAccept
1785243356860,true,1785243356911,LeaderAccept
1785243356909,false,1785243356959,LeaderAccept
1785243356959,false,1785243357009,LeaderAccept
1785243357010,true,1785243357060,LeaderAccept
1785243357064,true,1785243357114,LeaderAccept
1785243357117,true,1785243357167,LeaderAccept
1785243357172,false,1785243357222,LeaderAccept
1785243357230,false,1785243357280,LeaderAccept
1785243357288,true,1785243357338,LeaderAccept
1785243357348,false,1785243357398,LeaderAccept
1785243357411,true,1785243357461,LeaderAccept
1785243357475,true,1785243357525,LeaderAccept
1785243357541,false,1785243357591,LeaderAccept
1785243357608,true,1785243357659,LeaderAccept
1785243357678,false,1785243357728,LeaderAccept
1785243357752,false,1785243357802,LeaderAccept
1785243357827,true,1785243357878,LeaderAccept
1785243357905,true,1785243357955,LeaderAccept
1785243357987,false,1785243358037,LeaderAccept
1785243358071,true,1785243358122,LeaderAccept
1785243358159,false,1785243358209,LeaderAccept
1785243358251,false,1785243358301,LeaderAccept
1785243358348,false,1785243358398,LeaderAccept
1785243358449,false,1785243358499,LeaderAccept
1785243358556,false,1785243358606,LeaderAccept
1785243358668,true,1785243358719,LeaderAccept
1785243358787,false,1785243358838,LeaderAccept
1785243358913,true,1785243358963,LeaderAccept
1785243359047,true,1785243359098,LeaderAccept
1785243359190,true,1785243359241,LeaderAccept
1785243359343,false,1785243359393,LeaderAccept
1785243359508,false,1785243359559,LeaderAccept
1785243359688,false,1785243359738,LeaderAccept
1785243359885,true,1785243359935,LeaderAccept
1785243360102,false,1785243360153,LeaderAccept
1785243360345,true,1785243360395,LeaderAccept
1785243360617,false,1785243360667,LeaderAccept
1785243360929,false,1785243360979,LeaderAccept
1785243361294,true,1785243361344,LeaderAccept
1785243361731,true,1785243361782,LeaderAccept
1785243362275,false,1785243362326,LeaderAccept
1785243362990,false,1785243363040,LeaderAccept
1785243364010,true,1785243364061,LeaderAccept
1785243365708,false,1785243365748,FastAccept
1785243369674,true,1785243369715,FastAccept
1785243389538,true,1785243389588,LeaderAccept
1785243389547,true,1785243389598,LeaderAccept
1785243389577,true,1785243389628,LeaderAccept
1785243389608,false,1785243389658,LeaderAccept
1785243389639,false,1785243389689,LeaderAccept
1785243389671,false,1785243389721,LeaderAccept
1785243389703,true,1785243389753,LeaderAccept
1785243389736,false,1785243389786,LeaderAccept
1785243389771,false,1785243389821,LeaderAccept
1785243389805,true,1785243389855,LeaderAccept
1785243389840,true,1785243389890,LeaderAccept
1785243389875,true,1785243389925,LeaderAccept
1785243389910,true,1785243389960,LeaderAccept
1785243389946,true,1785243389996,LeaderAccept
1785243389983,true,1785243390033,LeaderAccept
1785243390021,true,1785243390072,LeaderAccept
1785243390060,true,1785243390111,LeaderAccept
1785243390099,true,1785243390149,LeaderAccept
1785243390139,true,1785243390190,LeaderAccept
1785243390180,true,1785243390231,LeaderAccept
1785243390222,false,1785243390273,LeaderAccept
1785243390264,true,1785243390314,LeaderAccept
1785243390308,true,1785243390358,LeaderAccept
1785243390352,false,1785243390403,LeaderAccept
1785243390397,true,1785243390447,LeaderAccept
1785243390444,true,1785243390494,LeaderAccept
1785243390492,false,1785243390542,LeaderAccept
1785243390540,false,1785243390590,LeaderAccept
1785243390589,true,1785243390640,LeaderAccept
1785243390640,false,1785243390690,LeaderAccept
1785243390692,false,1785243390742,LeaderAccept
1785243390745,true,1785243390796,LeaderAccept
1785243390800,false,1785243390851,LeaderAccept
1785243390856,false,1785243390907,LeaderAccept
1785243390914,true,1785243390965,LeaderAccept
1785243390974,true,1785243391024,LeaderAccept
1785243391035,false,1785243391086,LeaderAccept
1785243391098,false,1785243391148,LeaderAccept
1785243391163,true,1785243391214,LeaderAccept
1785243391231,true,1785243391281,LeaderAccept
1785243391300,false,1785243391351,LeaderAccept
1785243391372,true,1785243391423,LeaderAccept
1785243391446,true,1785243391496,LeaderAccept
1785243391524,true,1785243391574,LeaderAccept
1785243391604,true,1785243391655,LeaderAccept
1785243391689,false,1785243391739,LeaderAccept
1785243391775,false,1785243391826,LeaderAccept
1785243391867,true,1785243391917,LeaderAccept
1785243391961,false,1785243392011,LeaderAccept
1785243392061,true,1785243392112,LeaderAccept
1785243392165,true,1785243392216,LeaderAccept
1785243392275,true,1785243392325,LeaderAccept
1785243392392,true,1785243392442,LeaderAccept
1785243392515,false,1785243392566,LeaderAccept
1785243392646,false,1785243392697,LeaderAccept
1785243392786,false,1785243392837,LeaderAccept
1785243392936,true,1785243392987,LeaderAccept
1785243393097,false,1785243393146,LeaderAccept
1785243393273,true,1785243393323,LeaderAccept
1785243393465,false,1785243393515,LeaderAccept
1785243393675,true,1785243393726,LeaderAccept
1785243393910,true,1785243393960,LeaderAccept
1785243394173,true,1785243394223,LeaderAccept
1785243394471,false,1785243394521,LeaderAccept
1785243394818,true,1785243394868,LeaderAccept
1785243395230,false,1785243395270,FastAccept
1785243395736,true,1785243395776,FastAccept
1785243396387,true,1785243396427,FastAccept
1785243397289,false,1785243397330,FastAccept
1785243398706,true,1785243398746,FastAccept
1785243401579,false,1785243401619,FastAccept
1785243413662,true,1785243413703,FastAccept
1785243449909,true,1785243449959,LeaderAccept
1785243449934,true,1785243449985,LeaderAccept
1785243449959,false,1785243450009,LeaderAccept
1785243449984,true,1785243450034,LeaderAccept
1785243450010,true,1785243450060,LeaderAccept
1785243450036,true,1785243450086,LeaderAccept
1785243450062,true,1785243450112,LeaderAccept
1785243450089,false,1785243450140,LeaderAccept
1785243450116,true,1785243450166,LeaderAccept
1785243450144,false,1785243450194,LeaderAccept
1785243450172,false,1785243450222,LeaderAccept
1785243450200,false,1785243450250,LeaderAccept
1785243450228,true,1785243450278,LeaderAccept
1785243450257,false,1785243450308,LeaderAccept
1785243450286,true,1785243450337,LeaderAccept
1785243450316,false,1785243450366,LeaderAccept
1785243450347,true,1785243450396,LeaderAccept
1785243450377,true,1785243450427,LeaderAccept
1785243450408,false,1785243450459,LeaderAccept
1785243450440,false,1785243450490,LeaderAccept
1785243450473,true,1785243450523,LeaderAccept
1785243450506,true,1785243450556,LeaderAccept
1785243450539,false,1785243450590,LeaderAccept
1785243450573,true,1785243450624,LeaderAccept
1785243450607,false,1785243450657,LeaderAccept
1785243450642,false,1785243450698,LeaderAccept
1785243450678,false,1785243450728,LeaderAccept
1785243450713,true,1785243450763,LeaderAccept
1785243450749,true,1785243450800,LeaderAccept
1785243450786,false,1785243450837,LeaderAccept
1785243450824,true,1785243450874,LeaderAccept
1785243450862,true,1785243450912,LeaderAccept
1785243450901,false,1785243450952,LeaderAccept
1785243450942,true,1785243450992,LeaderAccept
1785243450983,true,1785243451033,LeaderAccept
1785243451024,false,1785243451074,LeaderAccept
1785243451066,false,1785243451117,LeaderAccept
1785243451109,true,1785243451159,LeaderAccept
1785243451153,false,1785243451203,LeaderAccept
1785243451199,true,1785243451249,LeaderAccept
1785243451245,false,1785243451296,LeaderAccept
1785243451292,false,1785243451342,LeaderAccept
1785243451340,true,1785243451390,LeaderAccept
1785243451389,true,1785243451439,LeaderAccept
1785243451439,false,1785243451488,LeaderAccept
1785243451492,true,1785243451542,LeaderAccept
1785243451545,false,1785243451596,LeaderAccept
1785243451600,true,1785243451650,LeaderAccept
1785243451657,true,1785243451707,LeaderAccept
1785243451714,false,1785243451765,LeaderAccept
1785243451773,true,1785243451823,LeaderAccept
1785243451835,false,1785243451885,LeaderAccept
1785243451898,true,1785243451949,LeaderAccept
1785243451963,false,1785243452014,LeaderAccept
1785243452030,true,1785243452081,LeaderAccept
1785243452099,true,1785243452149,LeaderAccept
1785243452172,false,1785243452222,LeaderAccept
1785243452246,true,1785243452297,LeaderAccept
1785243452323,false,1785243452373,LeaderAccept
1785243452404,false,1785243452454,LeaderAccept
1785243452488,false,1785243452538,LeaderAccept
1785243452575,false,1785243452626,LeaderAccept
1785243452666,true,1785243452716,LeaderAccept
1785243452762,true,1785243452821,LeaderAccept
1785243452861,false,1785243452911,LeaderAccept
1785243452966,false,1785243453016,LeaderAccept
1785243453076,true,1785243453126,LeaderAccept
1785243453194,false,1785243453244,LeaderAccept
1785243453317,true,1785243453357,FastAccept
1785243453449,true,1785243453489,FastAccept
1785243453589,true,1785243453630,FastAccept
1785243453739,true,1785243453779,FastAccept
1785243453901,true,1785243453941,FastAccept
1785243454077,true,1785243454129,LeaderAccept
1785243454269,true,1785243454309,FastAccept
1785243454479,true,1785243454520,FastAccept
1785243454713,true,1785243454753,FastAccept
1785243454976,true,1785243455015,FastAccept
1785243455275,false,1785243455315,FastAccept
1785243455622,false,1785243455663,FastAccept
1785243456035,false,1785243456075,FastAccept
1785243456543,true,1785243456584,FastAccept
1785243457198,false,1785243457238,FastAccept
1785243458104,false,1785243458144,FastAccept
1785243459530,true,1785243459571,FastAccept
1785243462439,true,1785243462479,FastAccept
