request_time,write,response_time,accept_status
1785227573469,true,1785227573498,LeaderAccept
1785227573683,false,1785227573713,LeaderAccept
1785227573919,false,1785227573950,LeaderAccept
1785227574186,false,1785227574216,LeaderAccept
1785227574491,true,1785227574570,LeaderAccept
1785227574846,true,1785227574886,LeaderAccept
1785227575268,true,1785227575308,LeaderAccept
1785227575791,false,1785227575854,LeaderAccept
1785227576469,false,1785227576499,LeaderAccept
1785227577420,false,1785227577451,LeaderAccept
1785227578950,true,1785227578981,LeaderAccept
1785227582237,false,1785227582270,LeaderAccept
1785227587984,true,1785227588013,LeaderAccept
1785227587999,true,1785227588028,LeaderAccept
1785227588015,true,1785227588043,LeaderAccept
1785227588029,true,1785227588061,LeaderAccept
1785227588046,false,1785227588075,LeaderAccept
1785227588062,false,1785227588092,LeaderAccept
1785227588078,true,1785227588107,LeaderAccept
1785227588094,false,1785227588123,LeaderAccept
1785227588110,false,1785227588140,LeaderAccept
1785227588126,false,1785227588156,LeaderAccept
1785227588142,false,1785227588171,LeaderAccept
1785227588159,false,1785227588189,LeaderAccept
1785227588176,false,1785227588205,LeaderAccept
1785227588193,false,1785227588223,LeaderAccept
1785227588209,true,1785227588240,LeaderAccept
1785227588227,false,1785227588256,LeaderAccept
1785227588244,true,1785227588273,LeaderAccept
1785227588262,false,1785227588293,LeaderAccept
1785227588279,true,1785227588308,LeaderAccept
1785227588297,true,1785227588326,LeaderAccept
1785227588315,false,1785227588346,LeaderAccept
1785227588334,false,1785227588363,LeaderAccept
1785227588352,true,1785227588381,LeaderAccept
1785227588370,false,1785227588399,LeaderAccept
1785227588388,true,1785227588418,LeaderAccept
1785227588407,false,1785227588436,LeaderAccept
1785227588426,false,1785227588456,LeaderAccept
1785227588445,true,1785227588474,LeaderAccept
1785227588464,true,1785227588493,LeaderAccept
1785227588483,true,1785227588514,LeaderAccept
1785227588503,true,1785227588534,LeaderAccept
1785227588522,false,1785227588552,LeaderAccept
1785227588542,true,1785227588571,LeaderAccept
1785227588562,false,1785227588591,LeaderAccept
1785227588582,false,1785227588612,LeaderAccept
1785227588602,false,1785227588632,LeaderAccept
1785227588622,true,1785227588653,LeaderAccept
1785227588643,false,1785227588673,LeaderAccept
1785227588665,false,1785227588694,LeaderAccept
1785227588685,false,1785227588716,LeaderAccept
1785227588707,true,1785227588736,LeaderAccept
1785227588729,false,1785227588758,LeaderAccept
1785227588750,true,1785227588781,LeaderAccept
1785227588772,true,1785227588837,LeaderAccept
1785227588795,true,1785227588837,LeaderAccept
1785227588817,true,1785227588848,LeaderAccept
1785227588840,false,1785227588869,LeaderAccept
1785227588863,true,1785227588894,LeaderAccept
1785227588886,true,1785227588915,LeaderAccept
1785227588909,false,1785227588939,LeaderAccept
1785227588933,false,1785227588963,LeaderAccept
1785227588957,false,1785227588988,LeaderAccept
1785227588981,false,1785227589011,LeaderAccept
1785227589006,true,1785227589037,LeaderAccept
1785227589031,true,1785227589062,LeaderAccept
1785227589057,false,1785227589087,LeaderAccept
1785227589081,false,1785227589112,LeaderAccept
1785227589108,true,1785227589138,LeaderAccept
1785227589134,false,1785227589164,LeaderAccept
1785227589161,false,1785227589191,LeaderAccept
1785227589188,true,1785227589219,LeaderAccept
1785227589216,false,1785227589247,LeaderAccept
1785227589243,true,1785227589274,LeaderAccept
1785227589272,true,1785227589302,LeaderAccept
1785227589301,false,1785227589330,LeaderAccept
1785227589330,true,1785227589359,LeaderAccept
1785227589359,true,1785227589390,LeaderAccept
1785227589389,true,1785227589419,LeaderAccept
1785227589419,false,1785227589449,LeaderAccept
1785227589450,false,1785227589479,LeaderAccept
1785227589481,true,1785227589510,LeaderAccept
1785227589511,false,1785227589542,LeaderAccept
1785227589544,false,1785227589573,LeaderAccept
1785227589575,false,1785227589605,LeaderAccept
1785227589607,false,1785227589636,LeaderAccept
1785227589641,false,1785227589670,LeaderAccept
1785227589675,false,1785227589705,LeaderAccept
1785227589709,true,1785227589739,LeaderAccept
1785227589744,true,1785227589774,LeaderAccept
1785227589779,true,1785227589810,LeaderAccept
1785227589816,false,1785227589846,LeaderAccept
1785227589852,true,1785227589883,LeaderAccept
1785227589890,true,1785227589919,LeaderAccept
1785227589928,true,1785227589958,LeaderAccept
1785227589966,false,1785227589996,LeaderAccept
1785227590006,false,1785227590035,LeaderAccept
1785227590047,false,1785227590077,LeaderAccept
1785227590088,false,1785227590117,LeaderAccept
1785227590130,true,1785227590160,LeaderAccept
1785227590172,false,1785227590203,LeaderAccept
1785227590216,true,1785227590246,LeaderAccept
1785227590260,true,1785227590291,LeaderAccept
1785227590306,true,1785227590335,LeaderAccept
1785227590352,true,1785227590383,LeaderAccept
1785227590401,true,1785227590431,LeaderAccept
1785227590450,true,1785227590480,LeaderAccept
1785227590500,false,1785227590529,LeaderAccept
1785227590551,false,1785227590581,LeaderAccept
1785227590604,false,1785227590634,LeaderAccept
1785227590659,true,1785227590704,LeaderAccept
1785227590714,false,1785227590744,LeaderAccept
1785227590772,false,1785227590839,LeaderAccept
1785227590831,true,1785227590874,LeaderAccept
1785227590892,true,1785227590938,LeaderAccept
1785227590955,true,1785227590986,LeaderAccept
1785227591020,false,1785227591054,LeaderAccept
1785227591086,false,1785227591179,LeaderAccept
1785227591155,false,1785227591184,LeaderAccept
1785227591226,false,1785227591256,LeaderAccept
1785227591299,false,1785227591334,LeaderAccept
1785227591375,false,1785227591439,LeaderAccept
1785227591454,false,1785227591484,LeaderAccept
1785227591536,false,1785227591566,LeaderAccept
1785227591622,true,1785227591661,LeaderAccept
1785227591711,false,1785227591758,LeaderAccept
1785227591805,true,1785227591834,LeaderAccept
1785227591903,true,1785227591932,LeaderAccept
1785227592005,true,1785227592255,LeaderAccept
1785227592113,true,1785227592143,LeaderAccept
1785227592227,false,1785227592257,LeaderAccept
1785227592348,true,1785227592379,LeaderAccept
1785227592476,true,1785227592539,LeaderAccept
1785227592613,false,1785227592642,LeaderAccept
1785227592759,true,1785227592788,LeaderAccept
1785227592916,false,1785227592945,LeaderAccept
1785227593085,true,1785227593115,LeaderAccept
1785227593269,false,1785227593298,LeaderAccept
1785227593471,true,1785227593501,LeaderAccept
1785227593693,false,1785227593732,LeaderAccept
1785227593943,true,1785227593973,LeaderAccept
1785227594226,true,1785227594256,LeaderAccept
1785227594551,true,1785227594580,LeaderAccept
1785227594933,true,1785227594963,LeaderAccept
1785227595396,true,1785227595425,LeaderAccept
1785227595979,false,1785227596009,LeaderAccept
1785227596759,true,1785227596789,LeaderAccept
1785227597909,true,1785227597939,LeaderAccept
1785227599952,false,1785227600060,LeaderAccept
1785227605627,true,1785227605657,LeaderAccept
1785227606640,true,1785227606670,LeaderAccept
1785227606655,true,1785227606684,LeaderAccept
1785227606669,true,1785227606699,LeaderAccept
1785227606685,false,1785227606714,LeaderAccept
1785227606701,false,1785227606730,LeaderAccept
1785227606716,true,1785227606745,LeaderAccept
1785227606730,false,1785227606760,LeaderAccept
1785227606746,false,1785227606774,LeaderAccept
1785227606762,true,1785227606792,LeaderAccept
1785227606778,true,1785227606808,LeaderAccept
1785227606794,false,1785227606822,LeaderAccept
1785227606810,true,1785227606838,LeaderAccept
1785227606826,false,1785227606855,LeaderAccept
1785227606842,true,1785227606872,LeaderAccept
1785227606858,false,1785227606889,LeaderAccept
1785227606875,true,1785227606904,LeaderAccept
1785227606892,false,1785227606920,LeaderAccept
1785227606909,true,1785227606938,LeaderAccept
1785227606925,false,1785227606956,LeaderAccept
1785227606942,true,1785227606972,LeaderAccept
1785227606960,false,1785227606989,LeaderAccept
1785227606978,false,1785227607008,LeaderAccept
1785227606995,false,1785227607026,LeaderAccept
1785227607013,true,1785227607042,LeaderAccept
1785227607031,false,1785227607059,LeaderAccept
1785227607049,false,1785227607080,LeaderAccept
1785227607068,true,1785227607096,LeaderAccept
1785227607086,false,1785227607115,LeaderAccept
1785227607105,false,1785227607137,LeaderAccept
1785227607124,true,1785227607153,LeaderAccept
1785227607142,false,1785227607172,LeaderAccept
1785227607161,true,1785227607190,LeaderAccept
1785227607179,true,1785227607208,LeaderAccept
1785227607199,false,1785227607228,LeaderAccept
1785227607219,false,1785227607250,LeaderAccept
1785227607238,true,1785227607268,LeaderAccept
1785227607258,false,1785227607287,LeaderAccept
1785227607277,false,1785227607306,LeaderAccept
1785227607297,false,1785227607327,LeaderAccept
1785227607317,true,1785227607346,LeaderAccept
1785227607338,false,1785227607368,LeaderAccept
1785227607359,false,1785227607389,LeaderAccept
1785227607380,false,1785227607412,LeaderAccept
1785227607402,false,1785227607432,LeaderAccept
1785227607424,true,1785227607455,LeaderAccept
1785227607445,true,1785227607475,LeaderAccept
1785227607466,false,1785227607496,LeaderAccept
1785227607488,false,1785227607517,LeaderAccept
1785227607510,false,1785227607540,LeaderAccept
1785227607533,true,1785227607563,LeaderAccept
1785227607556,true,1785227607585,LeaderAccept
1785227607579,true,1785227607609,LeaderAccept
1785227607601,false,1785227607632,LeaderAccept
1785227607625,true,1785227607654,LeaderAccept
1785227607649,false,1785227607679,LeaderAccept
1785227607673,true,1785227607702,LeaderAccept
1785227607697,true,1785227607726,LeaderAccept
1785227607722,true,1785227607751,LeaderAccept
1785227607747,true,1785227607777,LeaderAccept
1785227607772,true,1785227607802,LeaderAccept
1785227607798,true,1785227607828,LeaderAccept
1785227607824,true,1785227607854,LeaderAccept
1785227607850,true,1785227607881,LeaderAccept
1785227607877,false,1785227607906,LeaderAccept
1785227607904,false,1785227607935,LeaderAccept
1785227607931,true,1785227607960,LeaderAccept
1785227607959,true,1785227607988,LeaderAccept
1785227607987,false,1785227608016,LeaderAccept
1785227608014,false,1785227608045,LeaderAccept
1785227608042,true,1785227608072,LeaderAccept
1785227608071,true,1785227608101,LeaderAccept
1785227608101,false,1785227608130,LeaderAccept
1785227608130,false,1785227608160,LeaderAccept
1785227608161,false,1785227608191,LeaderAccept
1785227608192,true,1785227608221,LeaderAccept
1785227608223,true,1785227608252,LeaderAccept
1785227608254,false,1785227608284,LeaderAccept
1785227608286,false,1785227608316,LeaderAccept
1785227608319,true,1785227608349,LeaderAccept
1785227608352,true,1785227608382,LeaderAccept
1785227608385,false,1785227608415,LeaderAccept
1785227608419,true,1785227608448,LeaderAccept
1785227608454,false,1785227608483,LeaderAccept
1785227608489,true,1785227608519,LeaderAccept
1785227608525,true,1785227608554,LeaderAccept
1785227608561,false,1785227608592,LeaderAccept
1785227608599,false,1785227608629,LeaderAccept
1785227608637,false,1785227608667,LeaderAccept
1785227608674,true,1785227608705,LeaderAccept
1785227608714,true,1785227608744,LeaderAccept
1785227608754,false,1785227608783,LeaderAccept
1785227608795,false,1785227608900,LeaderAccept
1785227608836,false,1785227608884,LeaderAccept
1785227608878,true,1785227608926,LeaderAccept
1785227608922,false,1785227609013,LeaderAccept
1785227608967,true,1785227609013,LeaderAccept
1785227609011,true,1785227609149,LeaderAccept
1785227609057,true,1785227609152,LeaderAccept
1785227609105,true,1785227609152,LeaderAccept
1785227609153,false,1785227609206,LeaderAccept
1785227609202,true,1785227609299,LeaderAccept
1785227609253,false,1785227609299,LeaderAccept
1785227609305,false,1785227609388,LeaderAccept
1785227609357,false,1785227609421,LeaderAccept
1785227609412,true,1785227609458,LeaderAccept
1785227609469,true,1785227609521,LeaderAccept
1785227609527,false,1785227609567,LeaderAccept
1785227609586,true,1785227609658,LeaderAccept
1785227609646,false,1785227609677,LeaderAccept
1785227609710,false,1785227609755,LeaderAccept
1785227609774,true,1785227609804,LeaderAccept
1785227609842,true,1785227609874,LeaderAccept
1785227609911,true,1785227609968,LeaderAccept
1785227609983,true,1785227610020,LeaderAccept
1785227610057,true,1785227610139,LeaderAccept
1785227610135,false,1785227610199,LeaderAccept
1785227610215,true,1785227610250,LeaderAccept
1785227610299,true,1785227610432,LeaderAccept
1785227610386,false,1785227610431,LeaderAccept
1785227610477,false,1785227610506,LeaderAccept
1785227610572,true,1785227610601,LeaderAccept
1785227610671,false,1785227610716,LeaderAccept
1785227610774,true,1785227610805,LeaderAccept
1785227610885,true,1785227610915,LeaderAccept
1785227611001,true,1785227611046,LeaderAccept
1785227611125,true,1785227611154,LeaderAccept
1785227611256,false,1785227611285,LeaderAccept
1785227611396,true,1785227611441,LeaderAccept
1785227611546,true,1785227611575,LeaderAccept
1785227611707,false,1785227611737,LeaderAccept
1785227611882,false,1785227611928,LeaderAccept
1785227612073,true,1785227612102,LeaderAccept
1785227612283,false,1785227612313,LeaderAccept
1785227612516,true,1785227612547,LeaderAccept
1785227612778,true,1785227612808,LeaderAccept
1785227613076,false,1785227613106,LeaderAccept
1785227613421,false,1785227613450,LeaderAccept
1785227613831,false,1785227613861,LeaderAccept
1785227614334,true,1785227614364,LeaderAccept
1785227614981,true,1785227615011,LeaderAccept
1785227615874,false,1785227615903,LeaderAccept
1785227617269,true,1785227617299,LeaderAccept
1785227620069,true,1785227620098,LeaderAccept
1785227631416,false,1785227631447,LeaderAccept
1785227674435,false,1785227674498,LeaderAccept
1785227674471,false,1785227674501,LeaderAccept
1785227674508,false,1785227674537,LeaderAccept
1785227674546,true,1785227674576,LeaderAccept
1785227674583,false,1785227674613,LeaderAccept
1785227674623,true,1785227674662,LeaderAccept
1785227674662,true,1785227674692,LeaderAccept
1785227674702,true,1785227674732,LeaderAccept
1785227674743,true,1785227674778,LeaderAccept
1785227674785,true,1785227674815,LeaderAccept
1785227674828,true,1785227674857,LeaderAccept
1785227674871,false,1785227674944,LeaderAccept
1785227674916,false,1785227674946,LeaderAccept
1785227674962,false,1785227675005,LeaderAccept
1785227675009,false,1785227675065,LeaderAccept
1785227675057,true,1785227675086,LeaderAccept
1785227675106,false,1785227675177,LeaderAccept
1785227675157,false,1785227675187,LeaderAccept
1785227675208,true,1785227675238,LeaderAccept
1785227675261,false,1785227675332,LeaderAccept
1785227675315,false,1785227675346,LeaderAccept
1785227675371,true,1785227675402,LeaderAccept
1785227675428,false,1785227675486,LeaderAccept
1785227675486,false,1785227675554,LeaderAccept
1785227675547,true,1785227675627,SlowAccept
1785227675609,true,1785227675639,LeaderAccept
1785227675673,false,1785227675702,LeaderAccept
1785227675739,false,1785227675771,LeaderAccept
1785227675808,false,1785227675837,LeaderAccept
1785227675878,true,1785227675948,LeaderAccept
1785227675952,false,1785227676017,LeaderAccept
1785227676027,true,1785227676059,LeaderAccept
1785227676106,false,1785227676195,LeaderAccept
1785227676187,true,1785227676217,LeaderAccept
1785227676273,true,1785227676303,LeaderAccept
1785227676362,false,1785227676392,LeaderAccept
1785227676455,true,1785227676486,LeaderAccept
1785227676553,false,1785227676625,LeaderAccept
1785227676655,false,1785227676684,LeaderAccept
1785227676763,true,1785227676793,LeaderAccept
1785227676876,false,1785227676922,LeaderAccept
1785227676996,true,1785227677026,LeaderAccept
1785227677122,false,1785227677153,LeaderAccept
1785227677258,false,1785227677287,LeaderAccept
1785227677402,false,1785227677432,LeaderAccept
1785227677558,true,1785227677621,LeaderAccept
1785227677726,false,1785227677756,LeaderAccept
1785227677909,false,1785227677939,LeaderAccept
1785227678109,false,1785227678139,LeaderAccept
1785227678330,false,1785227678360,LeaderAccept
1785227678576,false,1785227678607,LeaderAccept
1785227678855,true,1785227678885,LeaderAccept
1785227679175,false,1785227679205,LeaderAccept
1785227679550,true,1785227679579,LeaderAccept
1785227680003,true,1785227680033,LeaderAccept
1785227680570,true,1785227680600,LeaderAccept
1785227681324,true,1785227681355,LeaderAccept
1785227682420,false,1785227682451,LeaderAccept
1785227684319,false,1785227684349,LeaderAccept
1785227689222,false,1785227689252,LeaderAccept
1785227721189,true,1785227721219,LeaderAccept
1785227721217,true,1785227721248,LeaderAccept
1785227721246,true,1785227721276,LeaderAccept
1785227721275,false,1785227721304,LeaderAccept
1785227721304,false,1785227721333,LeaderAccept
1785227721332,true,1785227721361,LeaderAccept
1785227721362,false,1785227721391,LeaderAccept
1785227721391,false,1785227721421,LeaderAccept
1785227721422,true,1785227721451,LeaderAccept
1785227721452,false,1785227721483,LeaderAccept
1785227721484,true,1785227721513,LeaderAccept
1785227721516,true,1785227721545,LeaderAccept
1785227721549,true,1785227721579,LeaderAccept
1785227721582,true,1785227721611,LeaderAccept
1785227721615,false,1785227721645,LeaderAccept
1785227721648,false,1785227721679,LeaderAccept
1785227721683,false,1785227721713,LeaderAccept
1785227721718,true,1785227721749,LeaderAccept
1785227721754,false,1785227721784,LeaderAccept
1785227721791,true,1785227721821,LeaderAccept
1785227721828,false,1785227721857,LeaderAccept
1785227721865,false,1785227721896,LeaderAccept
1785227721904,false,1785227721934,LeaderAccept
1785227721943,false,1785227721973,LeaderAccept
1785227721983,true,1785227722013,LeaderAccept
1785227722024,true,1785227722054,LeaderAccept
1785227722066,false,1785227722095,LeaderAccept
1785227722108,false,1785227722137,LeaderAccept
1785227722152,false,1785227722181,LeaderAccept
1785227722195,true,1785227722225,LeaderAccept
1785227722241,true,1785227722271,LeaderAccept
1785227722287,true,1785227722316,LeaderAccept
1785227722334,false,1785227722363,LeaderAccept
1785227722382,false,1785227722412,LeaderAccept
1785227722432,true,1785227722463,LeaderAccept
1785227722483,false,1785227722513,LeaderAccept
1785227722535,true,1785227722564,LeaderAccept
1785227722588,false,1785227722618,LeaderAccept
1785227722642,true,1785227722672,LeaderAccept
1785227722698,true,1785227722754,LeaderAccept
1785227722755,true,1785227722784,LeaderAccept
1785227722815,true,1785227722845,LeaderAccept
1785227722876,true,1785227722906,LeaderAccept
1785227722939,true,1785227722968,LeaderAccept
1785227723004,false,1785227723034,LeaderAccept
1785227723071,false,1785227723100,LeaderAccept
1785227723140,true,1785227723170,LeaderAccept
1785227723211,false,1785227723241,LeaderAccept
1785227723285,true,1785227723339,LeaderAccept
1785227723362,false,1785227723392,LeaderAccept
1785227723442,true,1785227723471,LeaderAccept
1785227723525,true,1785227723554,LeaderAccept
1785227723612,false,1785227723642,LeaderAccept
1785227723702,false,1785227723732,LeaderAccept
1785227723797,true,1785227723827,LeaderAccept
1785227723896,true,1785227723926,LeaderAccept
1785227724000,true,1785227724030,LeaderAccept
1785227724110,true,1785227724161,LeaderAccept
1785227724226,false,1785227724255,LeaderAccept
1785227724348,true,1785227724378,LeaderAccept
1785227724479,false,1785227724509,LeaderAccept
1785227724618,false,1785227724647,LeaderAccept
1785227724767,true,1785227724797,LeaderAccept
1785227724927,true,1785227724957,LeaderAccept
1785227725100,true,1785227725130,LeaderAccept
1785227725289,false,1785227725318,LeaderAccept
1785227725497,true,1785227725527,LeaderAccept
1785227725727,true,1785227725757,LeaderAccept
1785227725984,false,1785227726015,LeaderAccept
1785227726278,false,1785227726307,LeaderAccept
1785227726617,false,1785227726681,LeaderAccept
1785227727018,false,1785227727156,LeaderAccept
1785227727510,false,1785227727555,LeaderAccept
1785227728138,true,1785227728257,LeaderAccept
1785227728997,true,1785227729050,LeaderAccept
1785227730315,true,1785227730345,LeaderAccept
1785227732863,false,1785227732923,LeaderAccept
1785227741968,true,1785227741998,LeaderAccept
1785227749483,false,1785227749512,LeaderAccept
1785227749517,true,1785227749548,LeaderAccept
1785227749553,false,1785227749583,LeaderAccept
1785227749589,false,1785227749618,LeaderAccept
1785227749625,false,1785227749655,LeaderAccept
1785227749662,true,1785227749691,LeaderAccept
1785227749700,true,1785227749730,LeaderAccept
1785227749739,false,1785227749770,LeaderAccept
1785227749778,false,1785227749842,LeaderAccept
1785227749818,true,1785227749848,LeaderAccept
1785227749859,false,1785227749888,LeaderAccept
1785227749900,true,1785227749931,LeaderAccept
1785227749943,false,1785227749973,LeaderAccept
1785227749986,true,1785227750015,LeaderAccept
1785227750030,false,1785227750060,LeaderAccept
1785227750075,true,1785227750105,LeaderAccept
1785227750121,true,1785227750150,LeaderAccept
1785227750168,true,1785227750198,LeaderAccept
1785227750216,false,1785227750245,LeaderAccept
1785227750264,false,1785227750293,LeaderAccept
1785227750315,true,1785227750344,LeaderAccept
1785227750366,true,1785227750396,LeaderAccept
1785227750419,true,1785227750449,LeaderAccept
1785227750474,false,1785227750504,LeaderAccept
1785227750530,false,1785227750561,LeaderAccept
1785227750588,false,1785227750618,LeaderAccept
1785227750647,false,1785227750678,LeaderAccept
1785227750708,true,1785227750738,LeaderAccept
1785227750771,false,1785227750801,LeaderAccept
1785227750835,true,1785227750864,LeaderAccept
1785227750902,true,1785227750947,LeaderAccept
1785227750971,false,1785227751001,LeaderAccept
1785227751042,false,1785227751072,LeaderAccept
1785227751116,false,1785227751146,LeaderAccept
1785227751192,false,1785227751221,LeaderAccept
1785227751271,false,1785227751300,LeaderAccept
1785227751353,false,1785227751383,LeaderAccept
1785227751439,true,1785227751469,LeaderAccept
1785227751529,false,1785227751558,LeaderAccept
1785227751623,false,1785227751652,LeaderAccept
1785227751721,false,1785227751751,LeaderAccept
1785227751824,false,1785227751856,LeaderAccept
1785227751933,false,1785227751995,LeaderAccept
1785227752048,false,1785227752078,LeaderAccept
1785227752169,false,1785227752224,LeaderAccept
1785227752296,true,1785227752326,LeaderAccept
1785227752433,false,1785227752463,LeaderAccept
1785227752578,true,1785227752608,LeaderAccept
1785227752736,true,1785227752766,LeaderAccept
1785227752905,true,1785227752936,LeaderAccept
1785227753091,true,1785227753121,LeaderAccept
1785227753294,false,1785227753324,LeaderAccept
1785227753518,true,1785227753548,LeaderAccept
1785227753769,false,1785227753830,LeaderAccept
1785227754054,false,1785227754084,LeaderAccept
1785227754382,true,1785227754411,LeaderAccept
1785227754768,false,1785227754798,LeaderAccept
1785227755236,false,1785227755266,LeaderAccept
1785227755827,true,1785227755858,LeaderAccept
1785227756621,true,1785227756651,LeaderAccept
1785227757801,true,1785227757830,LeaderAccept
1785227759929,true,1785227759959,LeaderAccept
1785227766093,false,1785227766124,LeaderAccept
1785227774863,true,1785227774893,LeaderAccept
1785227774889,false,1785227774919,LeaderAccept
1785227774915,true,1785227774945,LeaderAccept
1785227774941,true,1785227774972,LeaderAccept
1785227774967,false,1785227774997,LeaderAccept
1785227774994,true,1785227775023,LeaderAccept
1785227775020,false,1785227775051,LeaderAccept
1785227775048,false,1785227775078,LeaderAccept
1785227775076,false,1785227775105,LeaderAccept
1785227775104,false,1785227775134,LeaderAccept
1785227775133,false,1785227775162,LeaderAccept
1785227775162,false,1785227775192,LeaderAccept
1785227775191,true,1785227775221,LeaderAccept
1785227775221,true,1785227775250,LeaderAccept
1785227775250,true,1785227775279,LeaderAccept
1785227775280,false,1785227775311,LeaderAccept
1785227775312,false,1785227775342,LeaderAccept
1785227775344,true,1785227775374,LeaderAccept
1785227775376,false,1785227775405,LeaderAccept
1785227775409,true,1785227775438,LeaderAccept
1785227775442,false,1785227775471,LeaderAccept
1785227775476,true,1785227775505,LeaderAccept
1785227775509,false,1785227775540,LeaderAccept
1785227775544,true,1785227775573,LeaderAccept
1785227775578,true,1785227775609,LeaderAccept
1785227775614,false,1785227775644,LeaderAccept
1785227775651,true,1785227775680,LeaderAccept
1785227775687,false,1785227775717,LeaderAccept
1785227775725,false,1785227775755,LeaderAccept
1785227775764,true,1785227775794,LeaderAccept
1785227775803,false,1785227775833,LeaderAccept
1785227775842,true,1785227775872,LeaderAccept
1785227775883,true,1785227775913,LeaderAccept
1785227775924,false,1785227775954,LeaderAccept
1785227775967,false,1785227775998,LeaderAccept
1785227776011,false,1785227776041,LeaderAccept
1785227776055,true,1785227776085,LeaderAccept
1785227776100,true,1785227776129,LeaderAccept
1785227776146,false,1785227776177,LeaderAccept
1785227776193,false,1785227776224,LeaderAccept
1785227776242,false,1785227776272,LeaderAccept
1785227776292,true,1785227776321,LeaderAccept
1785227776343,false,1785227776402,LeaderAccept
1785227776395,true,1785227776425,LeaderAccept
1785227776449,false,1785227776480,LeaderAccept
1785227776504,true,1785227776534,LeaderAccept
1785227776560,false,1785227776590,LeaderAccept
1785227776618,true,1785227776648,LeaderAccept
1785227776677,true,1785227776706,LeaderAccept
1785227776739,false,1785227776769,LeaderAccept
1785227776803,true,1785227776833,LeaderAccept
1785227776867,false,1785227776898,LeaderAccept
1785227776935,true,1785227776964,LeaderAccept
1785227777005,true,1785227777060,LeaderAccept
1785227777077,true,1785227777107,LeaderAccept
1785227777152,false,1785227777182,LeaderAccept
1785227777230,false,1785227777260,LeaderAccept
1785227777311,true,1785227777341,LeaderAccept
1785227777395,true,1785227777425,LeaderAccept
1785227777482,true,1785227777512,LeaderAccept
1785227777573,false,1785227777602,LeaderAccept
1785227777668,true,1785227777698,LeaderAccept
1785227777768,true,1785227777797,LeaderAccept
1785227777873,true,1785227777903,LeaderAccept
1785227777982,false,1785227778013,LeaderAccept
1785227778098,true,1785227778129,LeaderAccept
1785227778222,true,1785227778253,LeaderAccept
1785227778354,false,1785227778383,LeaderAccept
1785227778494,false,1785227778524,LeaderAccept
1785227778643,false,1785227778673,LeaderAccept
1785227778805,true,1785227778835,LeaderAccept
1785227778981,true,1785227779012,LeaderAccept
1785227779173,true,1785227779203,LeaderAccept
1785227779384,false,1785227779415,LeaderAccept
1785227779618,true,1785227779647,LeaderAccept
1785227779881,true,1785227779911,LeaderAccept
1785227780180,false,1785227780210,LeaderAccept
1785227780527,true,1785227780558,LeaderAccept
1785227780940,true,1785227780985,LeaderAccept
1785227781447,true,1785227781493,LeaderAccept
1785227782100,true,1785227782131,LeaderAccept
1785227783004,true,1785227783033,LeaderAccept
1785227784424,false,1785227784454,LeaderAccept
1785227787312,false,1785227787372,LeaderAccept
1785227799552,true,1785227799582,LeaderAccept
1785227805134,false,1785227805165,LeaderAccept
1785227805158,false,1785227805187,LeaderAccept
1785227805181,true,1785227805211,LeaderAccept
1785227805205,false,1785227805235,LeaderAccept
1785227805228,true,1785227805257,LeaderAccept
1785227805252,true,1785227805281,LeaderAccept
1785227805276,true,1785227805305,LeaderAccept
1785227805300,false,1785227805330,LeaderAccept
1785227805324,true,1785227805355,LeaderAccept
1785227805350,true,1785227805380,LeaderAccept
1785227805376,true,1785227805406,LeaderAccept
1785227805401,false,1785227805431,LeaderAccept
1785227805428,false,1785227805458,LeaderAccept
1785227805455,true,1785227805485,LeaderAccept
1785227805482,false,1785227805511,LeaderAccept
1785227805510,true,1785227805540,LeaderAccept
1785227805538,true,1785227805567,LeaderAccept
1785227805565,false,1785227805596,LeaderAccept
1785227805594,true,1785227805623,LeaderAccept
1785227805621,false,1785227805652,LeaderAccept
1785227805651,false,1785227805682,LeaderAccept
1785227805681,true,1785227805711,LeaderAccept
1785227805711,false,1785227805740,LeaderAccept
1785227805742,false,1785227805772,LeaderAccept
1785227805773,true,1785227805802,LeaderAccept
1785227805804,true,1785227805834,LeaderAccept
1785227805836,false,1785227805865,LeaderAccept
1785227805867,false,1785227805897,LeaderAccept
1785227805900,false,1785227805929,LeaderAccept
1785227805933,true,1785227805963,LeaderAccept
1785227805966,true,1785227805996,LeaderAccept
1785227806001,false,1785227806031,LeaderAccept
1785227806036,true,1785227806066,LeaderAccept
1785227806071,false,1785227806101,LeaderAccept
1785227806107,true,1785227806136,LeaderAccept
1785227806144,false,1785227806174,LeaderAccept
1785227806182,false,1785227806211,LeaderAccept
1785227806220,true,1785227806249,LeaderAccept
1785227806257,true,1785227806288,LeaderAccept
1785227806297,false,1785227806326,LeaderAccept
1785227806337,true,1785227806366,LeaderAccept
1785227806378,true,1785227806407,LeaderAccept
1785227806420,false,1785227806450,LeaderAccept
1785227806461,true,1785227806492,LeaderAccept
1785227806505,true,1785227806535,LeaderAccept
1785227806550,false,1785227806580,LeaderAccept
1785227806594,true,1785227806625,LeaderAccept
1785227806640,false,1785227806671,LeaderAccept
1785227806688,true,1785227806718,LeaderAccept
1785227806737,false,1785227806767,LeaderAccept
1785227806786,false,1785227806817,LeaderAccept
1785227806838,false,1785227806868,LeaderAccept
1785227806890,true,1785227806920,LeaderAccept
1785227806943,true,1785227806973,LeaderAccept
1785227806998,true,1785227807028,LeaderAccept
1785227807055,true,1785227807084,LeaderAccept
1785227807113,false,1785227807142,LeaderAccept
1785227807173,false,1785227807203,LeaderAccept
1785227807233,true,1785227807264,LeaderAccept
1785227807297,true,1785227807327,LeaderAccept
1785227807362,false,1785227807393,LeaderAccept
1785227807429,false,1785227807460,LeaderAccept
1785227807499,false,1785227807529,LeaderAccept
1785227807570,true,1785227807601,LeaderAccept
1785227807645,true,1785227807675,LeaderAccept
1785227807722,true,1785227807752,LeaderAccept
1785227807802,true,1785227807833,LeaderAccept
1785227807886,false,1785227807916,LeaderAccept
1785227807974,true,1785227808004,LeaderAccept
1785227808065,true,1785227808095,LeaderAccept
1785227808161,true,1785227808206,LeaderAccept
1785227808261,false,1785227808292,LeaderAccept
1785227808366,false,1785227808397,LeaderAccept
1785227808478,true,1785227808508,LeaderAccept
1785227808595,false,1785227808625,LeaderAccept
1785227808719,false,1785227808749,LeaderAccept
1785227808851,false,1785227808881,LeaderAccept
1785227808992,true,1785227809022,LeaderAccept
1785227809143,false,1785227809174,LeaderAccept
1785227809306,false,1785227809335,LeaderAccept
1785227809483,true,1785227809513,LeaderAccept
1785227809676,false,1785227809706,LeaderAccept
1785227809889,false,1785227809919,LeaderAccept
1785227810125,false,1785227810156,LeaderAccept
1785227810391,false,1785227810421,LeaderAccept
1785227810694,false,1785227810723,LeaderAccept
1785227811047,true,1785227811076,LeaderAccept
1785227811467,false,1785227811643,LeaderAccept
1785227811985,true,1785227812048,LeaderAccept
1785227812656,true,1785227812713,LeaderAccept
1785227813594,false,1785227813683,LeaderAccept
1785227815091,false,1785227815179,LeaderAccept
1785227818257,true,1785227818286,LeaderAccept
1785227833664,true,1785227833724,LeaderAccept
1785227843634,true,1785227843663,LeaderAccept
1785227843663,false,1785227843692,LeaderAccept
1785227843692,true,1785227843721,LeaderAccept
1785227843721,true,1785227843750,LeaderAccept
1785227843751,false,1785227843780,LeaderAccept
1785227843782,true,1785227843812,LeaderAccept
1785227843813,false,1785227843843,LeaderAccept
1785227843843,false,1785227843873,LeaderAccept
1785227843875,false,1785227843903,LeaderAccept
1785227843907,false,1785227843936,LeaderAccept
1785227843939,false,1785227843969,LeaderAccept
1785227843972,false,1785227844001,LeaderAccept
1785227844005,false,1785227844040,LeaderAccept
1785227844040,true,1785227844069,LeaderAccept
1785227844074,false,1785227844104,LeaderAccept
1785227844110,true,1785227844138,LeaderAccept
1785227844146,false,1785227844176,LeaderAccept
1785227844182,false,1785227844212,LeaderAccept
1785227844219,true,1785227844249,LeaderAccept
1785227844257,true,1785227844287,LeaderAccept
1785227844296,false,1785227844326,LeaderAccept
1785227844335,true,1785227844365,LeaderAccept
1785227844375,true,1785227844405,LeaderAccept
1785227844416,false,1785227844447,LeaderAccept
1785227844458,true,1785227844487,LeaderAccept
1785227844501,true,1785227844530,LeaderAccept
1785227844544,true,1785227844573,LeaderAccept
1785227844589,true,1785227844650,LeaderAccept
1785227844635,true,1785227844720,SlowAccept
1785227844681,false,1785227844767,SlowAccept
1785227844729,false,1785227844818,LeaderAccept
1785227844777,false,1785227844818,LeaderAccept
1785227844827,false,1785227844857,LeaderAccept
1785227844878,false,1785227844924,LeaderAccept
1785227844930,true,1785227844968,LeaderAccept
1785227844983,true,1785227845038,LeaderAccept
1785227845038,false,1785227845089,LeaderAccept
1785227845095,false,1785227845147,LeaderAccept
1785227845153,true,1785227845199,LeaderAccept
1785227845213,true,1785227845259,LeaderAccept
1785227845274,false,1785227845305,LeaderAccept
1785227845337,true,1785227845408,LeaderAccept
1785227845403,true,1785227845449,LeaderAccept
1785227845471,false,1785227845514,LeaderAccept
1785227845541,true,1785227845579,LeaderAccept
1785227845614,false,1785227845692,SlowAccept
1785227845689,true,1785227845735,LeaderAccept
1785227845766,true,1785227845796,LeaderAccept
1785227845846,false,1785227845911,LeaderAccept
1785227845930,true,1785227845985,LeaderAccept
1785227846018,true,1785227846048,LeaderAccept
1785227846109,true,1785227846172,LeaderAccept
1785227846205,true,1785227846235,LeaderAccept
1785227846304,false,1785227846334,LeaderAccept
1785227846409,true,1785227846443,LeaderAccept
1785227846520,true,1785227846550,LeaderAccept
1785227846637,true,1785227846667,LeaderAccept
1785227846761,false,1785227846849,LeaderAccept
1785227846893,false,1785227846938,LeaderAccept
1785227847034,false,1785227847064,LeaderAccept
1785227847185,false,1785227847224,LeaderAccept
1785227847348,true,1785227847414,LeaderAccept
1785227847524,false,1785227847555,LeaderAccept
1785227847716,false,1785227847747,LeaderAccept
1785227847928,true,1785227847958,LeaderAccept
1785227848163,true,1785227848192,LeaderAccept
1785227848428,false,1785227848458,LeaderAccept
1785227848729,true,1785227848758,LeaderAccept
1785227849079,true,1785227849109,LeaderAccept
1785227849495,true,1785227849525,LeaderAccept
1785227850008,false,1785227850038,LeaderAccept
1785227850671,true,1785227850702,LeaderAccept
1785227851594,true,1785227851623,LeaderAccept
1785227853057,false,1785227853088,LeaderAccept
1785227856097,false,1785227856128,LeaderAccept
1785227869990,true,1785227870020,LeaderAccept
1785227895053,false,1785227895083,LeaderAccept
1785227895077,false,1785227895106,LeaderAccept
1785227895101,false,1785227895130,LeaderAccept
1785227895125,false,1785227895155,LeaderAccept
1785227895149,false,1785227895178,LeaderAccept
1785227895174,true,1785227895204,LeaderAccept
1785227895198,true,1785227895229,LeaderAccept
1785227895224,false,1785227895254,LeaderAccept
1785227895249,true,1785227895279,LeaderAccept
1785227895274,true,1785227895305,LeaderAccept
1785227895301,false,1785227895331,LeaderAccept
1785227895327,true,1785227895357,LeaderAccept
1785227895354,false,1785227895383,LeaderAccept
1785227895381,true,1785227895411,LeaderAccept
1785227895409,false,1785227895439,LeaderAccept
1785227895437,false,1785227895466,LeaderAccept
1785227895465,false,1785227895494,LeaderAccept
1785227895493,true,1785227895523,LeaderAccept
1785227895523,true,1785227895553,LeaderAccept
1785227895553,false,1785227895583,LeaderAccept
1785227895583,true,1785227895613,LeaderAccept
1785227895613,false,1785227895642,LeaderAccept
1785227895643,true,1785227895672,LeaderAccept
1785227895675,true,1785227895704,LeaderAccept
1785227895706,true,1785227895735,LeaderAccept
1785227895738,false,1785227895768,LeaderAccept
1785227895770,false,1785227895800,LeaderAccept
1785227895804,false,1785227895834,LeaderAccept
1785227895838,true,1785227895868,LeaderAccept
1785227895872,true,1785227895901,LeaderAccept
1785227895907,false,1785227895937,LeaderAccept
1785227895942,false,1785227895972,LeaderAccept
1785227895978,true,1785227896008,LeaderAccept
1785227896014,true,1785227896045,LeaderAccept
1785227896052,true,1785227896081,LeaderAccept
1785227896090,false,1785227896119,LeaderAccept
1785227896128,false,1785227896158,LeaderAccept
1785227896167,true,1785227896197,LeaderAccept
1785227896207,true,1785227896237,LeaderAccept
1785227896248,false,1785227896278,LeaderAccept
1785227896289,true,1785227896318,LeaderAccept
1785227896332,false,1785227896362,LeaderAccept
1785227896375,true,1785227896405,LeaderAccept
1785227896420,true,1785227896450,LeaderAccept
1785227896466,false,1785227896495,LeaderAccept
1785227896511,true,1785227896542,LeaderAccept
1785227896559,true,1785227896589,LeaderAccept
1785227896608,false,1785227896638,LeaderAccept
1785227896658,false,1785227896688,LeaderAccept
1785227896709,false,1785227896738,LeaderAccept
1785227896761,true,1785227896791,LeaderAccept
1785227896814,true,1785227896845,LeaderAccept
1785227896870,false,1785227896900,LeaderAccept
1785227896927,false,1785227896957,LeaderAccept
1785227896985,false,1785227897014,LeaderAccept
1785227897045,false,1785227897075,LeaderAccept
1785227897106,false,1785227897136,LeaderAccept
1785227897170,false,1785227897199,LeaderAccept
1785227897236,true,1785227897265,LeaderAccept
1785227897304,true,1785227897334,LeaderAccept
1785227897374,false,1785227897404,LeaderAccept
1785227897447,false,1785227897477,LeaderAccept
1785227897522,true,1785227897553,LeaderAccept
1785227897601,true,1785227897631,LeaderAccept
1785227897682,true,1785227897712,LeaderAccept
1785227897765,false,1785227897796,LeaderAccept
1785227897853,true,1785227897883,LeaderAccept
1785227897944,false,1785227897975,LeaderAccept
1785227898040,true,1785227898070,LeaderAccept
1785227898141,true,1785227898171,LeaderAccept
1785227898247,true,1785227898277,LeaderAccept
1785227898359,false,1785227898389,LeaderAccept
1785227898477,false,1785227898508,LeaderAccept
1785227898602,true,1785227898632,LeaderAccept
1785227898734,true,1785227898765,LeaderAccept
1785227898875,true,1785227898906,LeaderAccept
1785227899028,true,1785227899058,LeaderAccept
1785227899192,true,1785227899222,LeaderAccept
1785227899370,false,1785227899400,LeaderAccept
1785227899565,false,1785227899596,LeaderAccept
1785227899779,false,1785227899975,LeaderAccept
1785227900018,false,1785227900097,LeaderAccept
1785227900286,true,1785227900349,LeaderAccept
1785227900593,false,1785227900651,LeaderAccept
1785227900950,true,1785227900996,LeaderAccept
1785227901377,false,1785227901530,LeaderAccept
1785227901906,false,1785227901936,LeaderAccept
1785227902594,false,1785227902622,LeaderAccept
1785227903564,true,1785227903651,SlowAccept
1785227905140,true,1785227905170,LeaderAccept
1785227908601,false,1785227908632,LeaderAccept
1785227928137,false,1785227928167,LeaderAccept
1785227928423,true,1785227928454,LeaderAccept
1785227928452,true,1785227928482,LeaderAccept
1785227928481,true,1785227928511,LeaderAccept
1785227928511,false,1785227928541,LeaderAccept
1785227928541,true,1785227928571,LeaderAccept
1785227928572,true,1785227928602,LeaderAccept
1785227928604,true,1785227928634,LeaderAccept
1785227928636,true,1785227928666,LeaderAccept
1785227928668,false,1785227928698,LeaderAccept
1785227928701,true,1785227928730,LeaderAccept
1785227928733,true,1785227928764,LeaderAccept
1785227928767,false,1785227928796,LeaderAccept
1785227928801,true,1785227928831,LeaderAccept
1785227928835,true,1785227928865,LeaderAccept
1785227928871,false,1785227928900,LeaderAccept
1785227928906,false,1785227928937,LeaderAccept
1785227928943,true,1785227928972,LeaderAccept
1785227928981,true,1785227929011,LeaderAccept
1785227929018,true,1785227929049,LeaderAccept
1785227929057,true,1785227929087,LeaderAccept
1785227929096,true,1785227929125,LeaderAccept
1785227929136,false,1785227929166,LeaderAccept
1785227929177,false,1785227929208,LeaderAccept
1785227929219,true,1785227929249,LeaderAccept
1785227929262,true,1785227929291,LeaderAccept
1785227929305,false,1785227929335,LeaderAccept
1785227929350,false,1785227929379,LeaderAccept
1785227929396,true,1785227929426,LeaderAccept
1785227929441,true,1785227929471,LeaderAccept
1785227929489,false,1785227929519,LeaderAccept
1785227929538,false,1785227929568,LeaderAccept
1785227929588,true,1785227929617,LeaderAccept
1785227929639,true,1785227929669,LeaderAccept
1785227929691,true,1785227929721,LeaderAccept
1785227929743,false,1785227929774,LeaderAccept
1785227929799,false,1785227929830,LeaderAccept
1785227929855,false,1785227929885,LeaderAccept
1785227929914,false,1785227929944,LeaderAccept
1785227929974,false,1785227930004,LeaderAccept
1785227930036,false,1785227930065,LeaderAccept
1785227930100,true,1785227930130,LeaderAccept
1785227930165,true,1785227930196,LeaderAccept
1785227930233,false,1785227930263,LeaderAccept
1785227930303,true,1785227930333,LeaderAccept
1785227930375,true,1785227930405,LeaderAccept
1785227930450,true,1785227930479,LeaderAccept
1785227930528,false,1785227930558,LeaderAccept
1785227930609,true,1785227930640,LeaderAccept
1785227930693,false,1785227930723,LeaderAccept
1785227930781,false,1785227930811,LeaderAccept
1785227930873,true,1785227930904,LeaderAccept
1785227930968,false,1785227930999,LeaderAccept
1785227931068,false,1785227931099,LeaderAccept
1785227931173,true,1785227931204,LeaderAccept
1785227931284,true,1785227931315,LeaderAccept
1785227931402,true,1785227931431,LeaderAccept
1785227931527,true,1785227931558,LeaderAccept
1785227931659,true,1785227931689,LeaderAccept
1785227931801,true,1785227931831,LeaderAccept
1785227931953,false,1785227931983,LeaderAccept
1785227932117,false,1785227932147,LeaderAccept
1785227932295,true,1785227932324,LeaderAccept
1785227932488,false,1785227932519,LeaderAccept
1785227932702,false,1785227932732,LeaderAccept
1785227932939,true,1785227932969,LeaderAccept
1785227933206,true,1785227933236,LeaderAccept
1785227933510,false,1785227933541,LeaderAccept
1785227933866,true,1785227933896,LeaderAccept
1785227934290,true,1785227934320,LeaderAccept
1785227934814,false,1785227934920,LeaderAccept
1785227935495,true,1785227935613,LeaderAccept
1785227936451,true,1785227936481,LeaderAccept
1785227937991,false,1785227938021,LeaderAccept
1785227941317,true,1785227941369,LeaderAccept
1785227943598,false,1785227943632,LeaderAccept
1785227943618,false,1785227943647,LeaderAccept
1785227943639,true,1785227943668,LeaderAccept
1785227943659,false,1785227943689,LeaderAccept
1785227943681,false,1785227943732,LeaderAccept
1785227943701,false,1785227943732,LeaderAccept
1785227943723,true,1785227943753,LeaderAccept
1785227943745,true,1785227943774,LeaderAccept
1785227943767,true,1785227943820,LeaderAccept
1785227943790,true,1785227943820,LeaderAccept
1785227943812,false,1785227943841,LeaderAccept
1785227943836,false,1785227943865,LeaderAccept
1785227943860,false,1785227943890,LeaderAccept
1785227943882,false,1785227943911,LeaderAccept
1785227943906,true,1785227943936,LeaderAccept
1785227943930,false,1785227943960,LeaderAccept
1785227943954,true,1785227943988,LeaderAccept
1785227943979,false,1785227944009,LeaderAccept
1785227944004,false,1785227944034,LeaderAccept
1785227944029,false,1785227944059,LeaderAccept
1785227944054,false,1785227944086,LeaderAccept
1785227944080,false,1785227944110,LeaderAccept
1785227944105,false,1785227944135,LeaderAccept
1785227944131,false,1785227944161,LeaderAccept
1785227944158,true,1785227944190,LeaderAccept
1785227944186,true,1785227944215,LeaderAccept
1785227944213,true,1785227944242,LeaderAccept
1785227944241,true,1785227944271,LeaderAccept
1785227944268,true,1785227944301,LeaderAccept
1785227944297,true,1785227944326,LeaderAccept
1785227944326,true,1785227944356,LeaderAccept
1785227944356,false,1785227944385,LeaderAccept
1785227944385,false,1785227944418,LeaderAccept
1785227944416,true,1785227944446,LeaderAccept
1785227944447,false,1785227944477,LeaderAccept
1785227944479,false,1785227944509,LeaderAccept
1785227944511,false,1785227944540,LeaderAccept
1785227944542,false,1785227944572,LeaderAccept
1785227944575,false,1785227944604,LeaderAccept
1785227944608,false,1785227944637,LeaderAccept
1785227944640,true,1785227944671,LeaderAccept
1785227944675,true,1785227944720,LeaderAccept
1785227944710,false,1785227944740,LeaderAccept
1785227944745,false,1785227944775,LeaderAccept
1785227944781,true,1785227944811,LeaderAccept
1785227944818,false,1785227944848,LeaderAccept
1785227944854,true,1785227944884,LeaderAccept
1785227944892,true,1785227944921,LeaderAccept
1785227944930,true,1785227944961,LeaderAccept
1785227944970,true,1785227945000,LeaderAccept
1785227945011,false,1785227945041,LeaderAccept
1785227945052,true,1785227945082,LeaderAccept
1785227945094,false,1785227945124,LeaderAccept
1785227945137,true,1785227945201,LeaderAccept
1785227945180,false,1785227945210,LeaderAccept
1785227945225,true,1785227945255,LeaderAccept
1785227945270,true,1785227945300,LeaderAccept
1785227945316,false,1785227945345,LeaderAccept
1785227945363,true,1785227945393,LeaderAccept
1785227945412,true,1785227945441,LeaderAccept
1785227945461,true,1785227945491,LeaderAccept
1785227945512,false,1785227945542,LeaderAccept
1785227945564,false,1785227945595,LeaderAccept
1785227945618,true,1785227945648,LeaderAccept
1785227945672,true,1785227945702,LeaderAccept
1785227945729,false,1785227945783,LeaderAccept
1785227945787,true,1785227945817,LeaderAccept
1785227945847,true,1785227945877,LeaderAccept
1785227945909,false,1785227945973,LeaderAccept
1785227945973,true,1785227946003,LeaderAccept
1785227946038,false,1785227946068,LeaderAccept
1785227946105,false,1785227946136,LeaderAccept
1785227946175,true,1785227946205,LeaderAccept
1785227946248,true,1785227946278,LeaderAccept
1785227946323,true,1785227946353,LeaderAccept
1785227946401,false,1785227946431,LeaderAccept
1785227946482,false,1785227946512,LeaderAccept
1785227946565,true,1785227946596,LeaderAccept
1785227946653,false,1785227946684,LeaderAccept
1785227946744,false,1785227946774,LeaderAccept
1785227946840,false,1785227946870,LeaderAccept
1785227946941,false,1785227946971,LeaderAccept
1785227947046,true,1785227947105,LeaderAccept
1785227947157,true,1785227947186,LeaderAccept
1785227947274,true,1785227947304,LeaderAccept
1785227947399,false,1785227947429,LeaderAccept
1785227947531,true,1785227947561,LeaderAccept
1785227947672,false,1785227947701,LeaderAccept
1785227947823,false,1785227947853,LeaderAccept
1785227947986,false,1785227948016,LeaderAccept
1785227948162,true,1785227948193,LeaderAccept
1785227948356,false,1785227948386,LeaderAccept
1785227948569,false,1785227948600,LeaderAccept
1785227948805,false,1785227948835,LeaderAccept
1785227949071,false,1785227949103,LeaderAccept
1785227949375,true,1785227949406,LeaderAccept
1785227949729,false,1785227949759,LeaderAccept
1785227950150,false,1785227950180,LeaderAccept
1785227950670,true,1785227950700,LeaderAccept
1785227951343,true,1785227951373,LeaderAccept
1785227952286,false,1785227952315,LeaderAccept
1785227953794,true,1785227953848,LeaderAccept
1785227957002,true,1785227957031,LeaderAccept
1785227971458,true,1785227971487,LeaderAccept
1785227971473,false,1785227971503,LeaderAccept
1785227971490,true,1785227971519,LeaderAccept
1785227971506,true,1785227971536,LeaderAccept
1785227971522,true,1785227971551,LeaderAccept
1785227971538,false,1785227971568,LeaderAccept
1785227971553,true,1785227971583,LeaderAccept
1785227971570,false,1785227971600,LeaderAccept
1785227971587,false,1785227971617,LeaderAccept
1785227971604,false,1785227971634,LeaderAccept
1785227971622,true,1785227971651,LeaderAccept
1785227971640,true,1785227971669,LeaderAccept
1785227971657,false,1785227971688,LeaderAccept
1785227971675,true,1785227971705,LeaderAccept
1785227971693,true,1785227971723,LeaderAccept
1785227971710,false,1785227971740,LeaderAccept
1785227971729,true,1785227971759,LeaderAccept
1785227971747,false,1785227971778,LeaderAccept
1785227971766,true,1785227971796,LeaderAccept
1785227971785,true,1785227971814,LeaderAccept
1785227971804,true,1785227971834,LeaderAccept
1785227971823,false,1785227971852,LeaderAccept
1785227971842,true,1785227971872,LeaderAccept
1785227971860,true,1785227971891,LeaderAccept
1785227971880,false,1785227971909,LeaderAccept
1785227971899,false,1785227971929,LeaderAccept
1785227971919,false,1785227971949,LeaderAccept
1785227971939,false,1785227971967,LeaderAccept
1785227971959,true,1785227971987,LeaderAccept
1785227971980,true,1785227972010,LeaderAccept
1785227972000,true,1785227972030,LeaderAccept
1785227972020,true,1785227972051,LeaderAccept
1785227972042,false,1785227972072,LeaderAccept
1785227972063,false,1785227972093,LeaderAccept
1785227972084,true,1785227972116,LeaderAccept
1785227972106,true,1785227972136,LeaderAccept
1785227972128,false,1785227972158,LeaderAccept
1785227972150,true,1785227972179,LeaderAccept
1785227972171,true,1785227972217,LeaderAccept
1785227972194,false,1785227972223,LeaderAccept
1785227972217,true,1785227972245,LeaderAccept
1785227972240,false,1785227972270,LeaderAccept
1785227972263,false,1785227972293,LeaderAccept
1785227972286,true,1785227972316,LeaderAccept
1785227972310,false,1785227972338,LeaderAccept
1785227972334,true,1785227972363,LeaderAccept
1785227972358,false,1785227972388,LeaderAccept
1785227972383,true,1785227972413,LeaderAccept
1785227972408,true,1785227972438,LeaderAccept
1785227972434,false,1785227972464,LeaderAccept
1785227972460,false,1785227972490,LeaderAccept
1785227972486,true,1785227972515,LeaderAccept
1785227972513,true,1785227972543,LeaderAccept
1785227972538,false,1785227972569,LeaderAccept
1785227972565,false,1785227972593,LeaderAccept
1785227972593,true,1785227972622,LeaderAccept
1785227972621,true,1785227972651,LeaderAccept
1785227972648,false,1785227972679,LeaderAccept
1785227972677,true,1785227972707,LeaderAccept
1785227972706,false,1785227972736,LeaderAccept
1785227972736,false,1785227972766,LeaderAccept
1785227972766,true,1785227972796,LeaderAccept
1785227972796,true,1785227972826,LeaderAccept
1785227972825,false,1785227972855,LeaderAccept
1785227972856,true,1785227972886,LeaderAccept
1785227972888,true,1785227972918,LeaderAccept
1785227972920,true,1785227972950,LeaderAccept
1785227972953,false,1785227972983,LeaderAccept
1785227972985,true,1785227973015,LeaderAccept
1785227973019,false,1785227973050,LeaderAccept
1785227973053,true,1785227973083,LeaderAccept
1785227973088,false,1785227973117,LeaderAccept
1785227973122,true,1785227973152,LeaderAccept
1785227973157,false,1785227973187,LeaderAccept
1785227973193,true,1785227973224,LeaderAccept
1785227973230,false,1785227973259,LeaderAccept
1785227973268,true,1785227973297,LeaderAccept
1785227973306,false,1785227973335,LeaderAccept
1785227973345,false,1785227973374,LeaderAccept
1785227973385,false,1785227973431,LeaderAccept
1785227973425,true,1785227973455,LeaderAccept
1785227973466,false,1785227973496,LeaderAccept
1785227973508,true,1785227973538,LeaderAccept
1785227973550,true,1785227973581,LeaderAccept
1785227973593,false,1785227973623,LeaderAccept
1785227973638,false,1785227973668,LeaderAccept
1785227973683,true,1785227973713,LeaderAccept
1785227973730,false,1785227973758,LeaderAccept
1785227973778,false,1785227973808,LeaderAccept
1785227973826,false,1785227973857,LeaderAccept
1785227973876,false,1785227973941,LeaderAccept
1785227973928,true,1785227973992,LeaderAccept
1785227973981,true,1785227974044,LeaderAccept
1785227974035,true,1785227974099,LeaderAccept
1785227974090,false,1785227974153,LeaderAccept
1785227974147,true,1785227974247,LeaderAccept
1785227974206,true,1785227974247,LeaderAccept
1785227974266,false,1785227974307,LeaderAccept
1785227974328,false,1785227974367,LeaderAccept
1785227974392,true,1785227974431,LeaderAccept
1785227974458,true,1785227974497,LeaderAccept
1785227974526,true,1785227974562,LeaderAccept
1785227974595,true,1785227974631,LeaderAccept
1785227974668,false,1785227974701,LeaderAccept
1785227974744,true,1785227974774,LeaderAccept
1785227974822,false,1785227974852,LeaderAccept
1785227974903,true,1785227974933,LeaderAccept
1785227974988,false,1785227975034,LeaderAccept
1785227975076,false,1785227975121,LeaderAccept
1785227975169,true,1785227975234,LeaderAccept
1785227975266,true,1785227975375,LeaderAccept
1785227975368,true,1785227975475,LeaderAccept
1785227975475,true,1785227975516,LeaderAccept
1785227975587,false,1785227975625,LeaderAccept
1785227975706,true,1785227975741,LeaderAccept
1785227975832,false,1785227975863,LeaderAccept
1785227975967,false,1785227975997,LeaderAccept
1785227976111,false,1785227976141,LeaderAccept
1785227976266,true,1785227976294,LeaderAccept
1785227976433,true,1785227976462,LeaderAccept
1785227976614,true,1785227976644,LeaderAccept
1785227976812,true,1785227976843,LeaderAccept
1785227977031,false,1785227977076,LeaderAccept
1785227977275,false,1785227977369,LeaderAccept
1785227977550,true,1785227977592,LeaderAccept
1785227977866,false,1785227977906,LeaderAccept
1785227978236,false,1785227978273,LeaderAccept
1785227978680,true,1785227978723,LeaderAccept
1785227979234,true,1785227979265,LeaderAccept
1785227979966,true,1785227979996,LeaderAccept
1785227981019,true,1785227981049,LeaderAccept
1785227982800,false,1785227982830,LeaderAccept
1785227987143,false,1785227987173,LeaderAccept
1785228002843,false,1785228002873,LeaderAccept
1785228002874,true,1785228002903,LeaderAccept
1785228002904,false,1785228002935,LeaderAccept
1785228002936,true,1785228002965,LeaderAccept
1785228002968,true,1785228002997,LeaderAccept
1785228003001,true,1785228003030,LeaderAccept
1785228003035,false,1785228003065,LeaderAccept
1785228003069,true,1785228003098,LeaderAccept
1785228003103,false,1785228003148,LeaderAccept
1785228003138,true,1785228003168,LeaderAccept
1785228003174,false,1785228003203,LeaderAccept
1785228003210,true,1785228003240,LeaderAccept
1785228003246,false,1785228003277,LeaderAccept
1785228003284,true,1785228003313,LeaderAccept
1785228003322,false,1785228003351,LeaderAccept
1785228003361,false,1785228003391,LeaderAccept
1785228003399,false,1785228003430,LeaderAccept
1785228003440,false,1785228003471,LeaderAccept
1785228003482,true,1785228003511,LeaderAccept
1785228003524,false,1785228003553,LeaderAccept
1785228003567,false,1785228003597,LeaderAccept
1785228003610,false,1785228003674,LeaderAccept
1785228003655,false,1785228003685,LeaderAccept
1785228003701,true,1785228003730,LeaderAccept
1785228003748,true,1785228003777,LeaderAccept
1785228003796,false,1785228003826,LeaderAccept
1785228003845,true,1785228003874,LeaderAccept
1785228003895,false,1785228003924,LeaderAccept
1785228003945,false,1785228003975,LeaderAccept
1785228003998,false,1785228004028,LeaderAccept
1785228004051,true,1785228004081,LeaderAccept
1785228004107,true,1785228004137,LeaderAccept
1785228004164,true,1785228004194,LeaderAccept
1785228004223,false,1785228004254,LeaderAccept
1785228004284,false,1785228004313,LeaderAccept
1785228004346,true,1785228004375,LeaderAccept
1785228004410,true,1785228004440,LeaderAccept
1785228004475,false,1785228004506,LeaderAccept
1785228004544,true,1785228004573,LeaderAccept
1785228004615,false,1785228004645,LeaderAccept
1785228004688,false,1785228004717,LeaderAccept
1785228004764,true,1785228004794,LeaderAccept
1785228004841,true,1785228004871,LeaderAccept
1785228004923,true,1785228004953,LeaderAccept
1785228005008,true,1785228005037,LeaderAccept
1785228005096,true,1785228005141,LeaderAccept
1785228005189,false,1785228005219,LeaderAccept
1785228005286,true,1785228005317,LeaderAccept
1785228005387,false,1785228005418,LeaderAccept
1785228005495,true,1785228005524,LeaderAccept
1785228005608,false,1785228005637,LeaderAccept
1785228005728,true,1785228005757,LeaderAccept
1785228005855,false,1785228005884,LeaderAccept
1785228005990,false,1785228006020,LeaderAccept
1785228006134,false,1785228006163,LeaderAccept
1785228006289,false,1785228006318,LeaderAccept
1785228006457,false,1785228006488,LeaderAccept
1785228006638,true,1785228006668,LeaderAccept
1785228006837,true,1785228006868,LeaderAccept
1785228007057,true,1785228007086,LeaderAccept
1785228007302,false,1785228007332,LeaderAccept
1785228007579,true,1785228007608,LeaderAccept
1785228007896,true,1785228007926,LeaderAccept
1785228008268,true,1785228008299,LeaderAccept
1785228008716,false,1785228008771,LeaderAccept
1785228009276,false,1785228009305,LeaderAccept
1785228010017,true,1785228010047,LeaderAccept
1785228011089,false,1785228011119,LeaderAccept
1785228012919,false,1785228012965,LeaderAccept
1785228017489,false,1785228017519,LeaderAccept
1785228027845,true,1785228027874,LeaderAccept
1785228027868,true,1785228027897,LeaderAccept
1785228027892,false,1785228027922,LeaderAccept
1785228027915,false,1785228027945,LeaderAccept
1785228027939,false,1785228027969,LeaderAccept
1785228027963,false,1785228027992,LeaderAccept
1785228027988,false,1785228028018,LeaderAccept
1785228028013,true,1785228028042,LeaderAccept
1785228028037,false,1785228028068,LeaderAccept
1785228028062,true,1785228028146,LeaderAccept
1785228028088,true,1785228028117,LeaderAccept
1785228028114,false,1785228028145,LeaderAccept
1785228028140,false,1785228028170,LeaderAccept
1785228028167,true,1785228028197,LeaderAccept
1785228028194,false,1785228028224,LeaderAccept
1785228028222,true,1785228028251,LeaderAccept
1785228028250,false,1785228028279,LeaderAccept
1785228028278,false,1785228028307,LeaderAccept
1785228028305,false,1785228028335,LeaderAccept
1785228028334,false,1785228028364,LeaderAccept
1785228028363,false,1785228028393,LeaderAccept
1785228028393,true,1785228028423,LeaderAccept
1785228028422,false,1785228028453,LeaderAccept
1785228028453,false,1785228028482,LeaderAccept
1785228028484,false,1785228028513,LeaderAccept
1785228028514,true,1785228028544,LeaderAccept
1785228028546,false,1785228028575,LeaderAccept
1785228028579,true,1785228028609,LeaderAccept
1785228028611,true,1785228028642,LeaderAccept
1785228028645,true,1785228028675,LeaderAccept
1785228028679,false,1785228028709,LeaderAccept
1785228028712,true,1785228028742,LeaderAccept
1785228028747,false,1785228028777,LeaderAccept
1785228028783,true,1785228028813,LeaderAccept
1785228028820,true,1785228028850,LeaderAccept
1785228028856,false,1785228028887,LeaderAccept
1785228028894,false,1785228028924,LeaderAccept
1785228028932,false,1785228028962,LeaderAccept
1785228028971,true,1785228029000,LeaderAccept
1785228029011,false,1785228029041,LeaderAccept
1785228029051,false,1785228029137,LeaderAccept
1785228029093,true,1785228029137,LeaderAccept
1785228029135,true,1785228029165,LeaderAccept
1785228029177,true,1785228029207,LeaderAccept
1785228029221,true,1785228029251,LeaderAccept
1785228029266,false,1785228029296,LeaderAccept
1785228029312,false,1785228029341,LeaderAccept
1785228029359,false,1785228029389,LeaderAccept
1785228029406,false,1785228029437,LeaderAccept
1785228029455,true,1785228029485,LeaderAccept
1785228029506,false,1785228029535,LeaderAccept
1785228029558,false,1785228029588,LeaderAccept
1785228029610,false,1785228029641,LeaderAccept
1785228029665,false,1785228029695,LeaderAccept
1785228029721,true,1785228029750,LeaderAccept
1785228029778,true,1785228029808,LeaderAccept
1785228029837,false,1785228029867,LeaderAccept
1785228029897,true,1785228029927,LeaderAccept
1785228029960,true,1785228029990,LeaderAccept
1785228030024,false,1785228030054,LeaderAccept
1785228030089,false,1785228030120,LeaderAccept
1785228030158,true,1785228030187,LeaderAccept
1785228030229,false,1785228030260,LeaderAccept
1785228030303,true,1785228030333,LeaderAccept
1785228030379,false,1785228030408,LeaderAccept
1785228030458,false,1785228030488,LeaderAccept
1785228030540,false,1785228030570,LeaderAccept
1785228030625,true,1785228030656,LeaderAccept
1785228030715,false,1785228030744,LeaderAccept
1785228030808,true,1785228030838,LeaderAccept
1785228030906,false,1785228030936,LeaderAccept
1785228031007,true,1785228031038,LeaderAccept
1785228031115,true,1785228031144,LeaderAccept
1785228031228,true,1785228031257,LeaderAccept
1785228031348,true,1785228031377,LeaderAccept
1785228031475,false,1785228031505,LeaderAccept
1785228031611,true,1785228031641,LeaderAccept
1785228031756,true,1785228031785,LeaderAccept
1785228031911,true,1785228031941,LeaderAccept
1785228032079,true,1785228032110,LeaderAccept
1785228032263,false,1785228032293,LeaderAccept
1785228032464,false,1785228032494,LeaderAccept
1785228032686,false,1785228032716,LeaderAccept
1785228032934,false,1785228032964,LeaderAccept
1785228033214,true,1785228033244,LeaderAccept
1785228033535,true,1785228033565,LeaderAccept
1785228033912,true,1785228033978,LeaderAccept
1785228034368,false,1785228034405,LeaderAccept
1785228034940,false,1785228034969,LeaderAccept
1785228035701,true,1785228035731,LeaderAccept
1785228036814,true,1785228036844,LeaderAccept
1785228038755,false,1785228038784,LeaderAccept
1785228043875,true,1785228043905,LeaderAccept
1785228051397,true,1785228051443,LeaderAccept
1785228051412,true,1785228051443,LeaderAccept
1785228051427,true,1785228051457,LeaderAccept
1785228051443,true,1785228051488,LeaderAccept
1785228051458,false,1785228051488,LeaderAccept
1785228051474,false,1785228051520,LeaderAccept
1785228051489,true,1785228051520,LeaderAccept
1785228051505,false,1785228051534,LeaderAccept
1785228051521,false,1785228051565,LeaderAccept
1785228051537,true,1785228051565,LeaderAccept
1785228051553,false,1785228051584,LeaderAccept
1785228051570,true,1785228051616,LeaderAccept
1785228051586,false,1785228051616,LeaderAccept
1785228051603,true,1785228051632,LeaderAccept
1785228051620,true,1785228051700,LeaderAccept
1785228051637,true,1785228051700,LeaderAccept
1785228051654,true,1785228051700,LeaderAccept
1785228051671,true,1785228051747,LeaderAccept
1785228051688,false,1785228051747,LeaderAccept
1785228051706,true,1785228051747,LeaderAccept
1785228051723,false,1785228051764,LeaderAccept
1785228051741,false,1785228051772,LeaderAccept
1785228051759,false,1785228051788,LeaderAccept
1785228051777,true,1785228051808,LeaderAccept
1785228051795,true,1785228051824,LeaderAccept
1785228051814,false,1785228051859,LeaderAccept
1785228051831,false,1785228051862,LeaderAccept
1785228051850,false,1785228051879,LeaderAccept
1785228051869,true,1785228051914,LeaderAccept
1785228051888,true,1785228051918,LeaderAccept
1785228051906,true,1785228051935,LeaderAccept
1785228051926,true,1785228051969,LeaderAccept
1785228051946,true,1785228051976,LeaderAccept
1785228051965,false,1785228051995,LeaderAccept
1785228051985,true,1785228052023,LeaderAccept
1785228052005,false,1785228052035,LeaderAccept
1785228052026,false,1785228052055,LeaderAccept
1785228052046,true,1785228052080,LeaderAccept
1785228052066,false,1785228052097,LeaderAccept
1785228052086,false,1785228052116,LeaderAccept
1785228052108,false,1785228052139,LeaderAccept
1785228052130,false,1785228052161,LeaderAccept
1785228052151,false,1785228052180,LeaderAccept
1785228052173,true,1785228052203,LeaderAccept
1785228052195,false,1785228052225,LeaderAccept
1785228052217,false,1785228052262,LeaderAccept
1785228052239,false,1785228052268,LeaderAccept
1785228052261,false,1785228052290,LeaderAccept
1785228052284,false,1785228052330,LeaderAccept
1785228052307,true,1785228052337,LeaderAccept
1785228052331,false,1785228052360,LeaderAccept
1785228052355,false,1785228052401,LeaderAccept
1785228052379,true,1785228052408,LeaderAccept
1785228052403,false,1785228052433,LeaderAccept
1785228052427,false,1785228052471,LeaderAccept
1785228052451,false,1785228052482,LeaderAccept
1785228052476,false,1785228052505,LeaderAccept
1785228052501,true,1785228052575,SlowAccept
1785228052526,true,1785228052575,LeaderAccept
1785228052552,true,1785228052582,LeaderAccept
1785228052578,true,1785228052671,LeaderAccept
1785228052605,false,1785228052686,LeaderAccept
1785228052631,false,1785228052671,LeaderAccept
1785228052659,true,1785228052689,LeaderAccept
1785228052686,true,1785228052717,LeaderAccept
1785228052714,false,1785228052744,LeaderAccept
1785228052742,true,1785228052792,LeaderAccept
1785228052771,false,1785228052800,LeaderAccept
1785228052800,true,1785228052846,LeaderAccept
1785228052830,true,1785228052860,LeaderAccept
1785228052860,true,1785228052951,LeaderAccept
1785228052890,false,1785228052951,LeaderAccept
1785228052921,false,1785228052951,LeaderAccept
1785228052952,false,1785228052981,LeaderAccept
1785228052984,false,1785228053051,LeaderAccept
1785228053016,true,1785228053051,LeaderAccept
1785228053048,true,1785228053078,LeaderAccept
1785228053081,true,1785228053158,SlowAccept
1785228053115,false,1785228053158,LeaderAccept
1785228053149,false,1785228053179,LeaderAccept
1785228053184,true,1785228053256,SlowAccept
1785228053219,false,1785228053256,LeaderAccept
1785228053256,false,1785228053285,LeaderAccept
1785228053293,true,1785228053393,LeaderAccept
1785228053330,false,1785228053393,LeaderAccept
1785228053368,true,1785228053399,LeaderAccept
1785228053407,true,1785228053436,LeaderAccept
1785228053446,false,1785228053477,LeaderAccept
1785228053486,false,1785228053516,LeaderAccept
1785228053527,false,1785228053557,LeaderAccept
1785228053568,true,1785228053598,LeaderAccept
1785228053610,true,1785228053640,LeaderAccept
1785228053654,true,1785228053691,LeaderAccept
1785228053699,false,1785228053729,LeaderAccept
1785228053744,false,1785228053799,LeaderAccept
1785228053790,false,1785228053821,LeaderAccept
1785228053838,true,1785228053867,LeaderAccept
1785228053886,true,1785228053986,LeaderAccept
1785228053936,true,1785228053986,LeaderAccept
1785228053987,false,1785228054017,LeaderAccept
1785228054039,true,1785228054116,SlowAccept
1785228054093,false,1785228054123,LeaderAccept
1785228054149,false,1785228054179,LeaderAccept
1785228054205,true,1785228054306,LeaderAccept
1785228054263,true,1785228054306,LeaderAccept
1785228054323,true,1785228054353,LeaderAccept
1785228054385,false,1785228054415,LeaderAccept
1785228054449,false,1785228054479,LeaderAccept
1785228054515,false,1785228054544,LeaderAccept
1785228054581,true,1785228054612,LeaderAccept
1785228054652,false,1785228054681,LeaderAccept
1785228054725,false,1785228054754,LeaderAccept
1785228054800,false,1785228054829,LeaderAccept
1785228054878,true,1785228054908,LeaderAccept
1785228054959,true,1785228054989,LeaderAccept
1785228055043,false,1785228055073,LeaderAccept
1785228055131,false,1785228055161,LeaderAccept
1785228055222,false,1785228055268,LeaderAccept
1785228055317,false,1785228055348,LeaderAccept
1785228055418,true,1785228055453,LeaderAccept
1785228055524,true,1785228055588,LeaderAccept
1785228055634,true,1785228055669,LeaderAccept
1785228055752,true,1785228055846,LeaderAccept
1785228055876,false,1785228055969,LeaderAccept
1785228056009,true,1785228056055,LeaderAccept
1785228056150,true,1785228056181,LeaderAccept
1785228056302,true,1785228056336,LeaderAccept
1785228056466,true,1785228056508,LeaderAccept
1785228056642,false,1785228056707,LeaderAccept
1785228056836,false,1785228056866,LeaderAccept
1785228057049,true,1785228057079,LeaderAccept
1785228057286,false,1785228057331,LeaderAccept
1785228057552,false,1785228057591,LeaderAccept
1785228057857,false,1785228057904,LeaderAccept
1785228058210,true,1785228058241,LeaderAccept
1785228058633,false,1785228058663,LeaderAccept
1785228059155,true,1785228059185,LeaderAccept
1785228059832,false,1785228059862,LeaderAccept
1785228060782,true,1785228060812,LeaderAccept
1785228062309,false,1785228062338,LeaderAccept
1785228065582,false,1785228065612,LeaderAccept
1785228082396,false,1785228082458,LeaderAccept
1785228088278,true,1785228088307,LeaderAccept
1785228088293,true,1785228088321,LeaderAccept
1785228088307,true,1785228088336,LeaderAccept
1785228088322,false,1785228088353,LeaderAccept
1785228088337,false,1785228088366,LeaderAccept
1785228088353,true,1785228088383,LeaderAccept
1785228088367,false,1785228088397,LeaderAccept
1785228088383,true,1785228088412,LeaderAccept
1785228088397,false,1785228088443,LeaderAccept
1785228088413,true,1785228088443,LeaderAccept
1785228088429,false,1785228088459,LeaderAccept
1785228088445,true,1785228088475,LeaderAccept
1785228088461,false,1785228088490,LeaderAccept
1785228088477,true,1785228088506,LeaderAccept
1785228088494,true,1785228088523,LeaderAccept
1785228088511,false,1785228088540,LeaderAccept
1785228088528,false,1785228088559,LeaderAccept
1785228088545,true,1785228088574,LeaderAccept
1785228088562,true,1785228088608,LeaderAccept
1785228088579,false,1785228088609,LeaderAccept
1785228088596,false,1785228088624,LeaderAccept
1785228088614,true,1785228088645,LeaderAccept
1785228088632,false,1785228088662,LeaderAccept
1785228088649,false,1785228088680,LeaderAccept
1785228088667,true,1785228088696,LeaderAccept
1785228088685,false,1785228088714,LeaderAccept
1785228088703,false,1785228088733,LeaderAccept
1785228088721,false,1785228088751,LeaderAccept
1785228088739,true,1785228088785,LeaderAccept
1785228088758,false,1785228088788,LeaderAccept
1785228088777,true,1785228088807,LeaderAccept
1785228088796,false,1785228088826,LeaderAccept
1785228088815,true,1785228088844,LeaderAccept
1785228088834,true,1785228088863,LeaderAccept
1785228088854,false,1785228088884,LeaderAccept
1785228088873,true,1785228088903,LeaderAccept
1785228088893,true,1785228088923,LeaderAccept
1785228088913,true,1785228088943,LeaderAccept
1785228088932,false,1785228088979,LeaderAccept
1785228088953,true,1785228088983,LeaderAccept
1785228088973,false,1785228089004,LeaderAccept
1785228088994,true,1785228089024,LeaderAccept
1785228089013,false,1785228089043,LeaderAccept
1785228089035,true,1785228089065,LeaderAccept
1785228089056,true,1785228089086,LeaderAccept
1785228089078,true,1785228089107,LeaderAccept
1785228089100,false,1785228089131,LeaderAccept
1785228089122,true,1785228089152,LeaderAccept
1785228089144,false,1785228089188,LeaderAccept
1785228089165,true,1785228089196,LeaderAccept
1785228089188,true,1785228089217,LeaderAccept
1785228089211,true,1785228089240,LeaderAccept
1785228089234,true,1785228089264,LeaderAccept
1785228089257,false,1785228089286,LeaderAccept
1785228089279,true,1785228089309,LeaderAccept
1785228089303,false,1785228089333,LeaderAccept
1785228089327,true,1785228089356,LeaderAccept
1785228089351,false,1785228089380,LeaderAccept
1785228089375,false,1785228089405,LeaderAccept
1785228089400,true,1785228089487,LeaderAccept
1785228089425,true,1785228089487,LeaderAccept
1785228089450,false,1785228089487,LeaderAccept
1785228089476,true,1785228089506,LeaderAccept
1785228089502,false,1785228089531,LeaderAccept
1785228089528,true,1785228089558,LeaderAccept
1785228089554,false,1785228089585,LeaderAccept
1785228089581,true,1785228089611,LeaderAccept
1785228089608,true,1785228089639,LeaderAccept
1785228089636,false,1785228089666,LeaderAccept
1785228089664,true,1785228089729,LeaderAccept
1785228089693,false,1785228089729,LeaderAccept
1785228089722,true,1785228089751,LeaderAccept
1785228089751,true,1785228089781,LeaderAccept
1785228089781,true,1785228089811,LeaderAccept
1785228089811,true,1785228089841,LeaderAccept
1785228089841,true,1785228089871,LeaderAccept
1785228089872,false,1785228089902,LeaderAccept
1785228089904,false,1785228089933,LeaderAccept
1785228089936,false,1785228089965,LeaderAccept
1785228089968,false,1785228090014,LeaderAccept
1785228090001,false,1785228090031,LeaderAccept
1785228090034,true,1785228090064,LeaderAccept
1785228090068,true,1785228090098,LeaderAccept
1785228090101,false,1785228090132,LeaderAccept
1785228090137,true,1785228090167,LeaderAccept
1785228090173,true,1785228090203,LeaderAccept
1785228090209,false,1785228090238,LeaderAccept
1785228090246,true,1785228090298,LeaderAccept
1785228090283,true,1785228090312,LeaderAccept
1785228090321,true,1785228090367,LeaderAccept
1785228090361,true,1785228090390,LeaderAccept
1785228090401,false,1785228090430,LeaderAccept
1785228090442,false,1785228090471,LeaderAccept
1785228090483,true,1785228090512,LeaderAccept
1785228090526,false,1785228090555,LeaderAccept
1785228090569,false,1785228090598,LeaderAccept
1785228090613,false,1785228090641,LeaderAccept
1785228090658,false,1785228090687,LeaderAccept
1785228090704,false,1785228090733,LeaderAccept
1785228090751,true,1785228090780,LeaderAccept
1785228090798,false,1785228090852,LeaderAccept
1785228090848,true,1785228090878,LeaderAccept
1785228090898,false,1785228090928,LeaderAccept
1785228090950,true,1785228090980,LeaderAccept
1785228091002,false,1785228091032,LeaderAccept
1785228091057,true,1785228091087,LeaderAccept
1785228091113,true,1785228091142,LeaderAccept
1785228091170,true,1785228091200,LeaderAccept
1785228091230,true,1785228091260,LeaderAccept
1785228091291,true,1785228091382,LeaderAccept
1785228091354,true,1785228091382,LeaderAccept
1785228091419,true,1785228091448,LeaderAccept
1785228091486,false,1785228091516,LeaderAccept
1785228091555,true,1785228091584,LeaderAccept
1785228091627,true,1785228091656,LeaderAccept
1785228091701,true,1785228091731,LeaderAccept
1785228091778,true,1785228091808,LeaderAccept
1785228091858,false,1785228091888,LeaderAccept
1785228091941,false,1785228091970,LeaderAccept
1785228092027,true,1785228092056,LeaderAccept
1785228092117,true,1785228092147,LeaderAccept
1785228092211,false,1785228092240,LeaderAccept
1785228092310,false,1785228092339,LeaderAccept
1785228092414,false,1785228092444,LeaderAccept
1785228092523,true,1785228092552,LeaderAccept
1785228092638,false,1785228092666,LeaderAccept
1785228092760,false,1785228092790,LeaderAccept
1785228092889,false,1785228092918,LeaderAccept
1785228093027,false,1785228093057,LeaderAccept
1785228093175,false,1785228093239,LeaderAccept
1785228093334,false,1785228093364,LeaderAccept
1785228093505,false,1785228093535,LeaderAccept
1785228093692,false,1785228093722,LeaderAccept
1785228093898,true,1785228093928,LeaderAccept
1785228094126,false,1785228094156,LeaderAccept
1785228094381,true,1785228094411,LeaderAccept
1785228094670,false,1785228094700,LeaderAccept
1785228095004,false,1785228095062,LeaderAccept
1785228095398,true,1785228095428,LeaderAccept
1785228095878,true,1785228095908,LeaderAccept
1785228096488,false,1785228096518,LeaderAccept
1785228097316,false,1785228097346,LeaderAccept
1785228098568,false,1785228098598,LeaderAccept
1785228100908,false,1785228100939,LeaderAccept
1785228108442,true,1785228108473,LeaderAccept
1785228118274,false,1785228118322,LeaderAccept
1785228118292,false,1785228118322,LeaderAccept
1785228118310,true,1785228118340,LeaderAccept
1785228118328,false,1785228118358,LeaderAccept
1785228118347,false,1785228118376,LeaderAccept
1785228118366,false,1785228118395,LeaderAccept
1785228118384,false,1785228118415,LeaderAccept
1785228118404,false,1785228118433,LeaderAccept
1785228118424,true,1785228118453,LeaderAccept
1785228118444,false,1785228118474,LeaderAccept
1785228118464,false,1785228118494,LeaderAccept
1785228118483,false,1785228118513,LeaderAccept
1785228118504,true,1785228118535,LeaderAccept
1785228118525,false,1785228118555,LeaderAccept
1785228118545,false,1785228118575,LeaderAccept
1785228118565,true,1785228118595,LeaderAccept
1785228118586,false,1785228118616,LeaderAccept
1785228118606,false,1785228118637,LeaderAccept
1785228118627,false,1785228118658,LeaderAccept
1785228118649,false,1785228118679,LeaderAccept
1785228118671,false,1785228118700,LeaderAccept
1785228118692,false,1785228118723,LeaderAccept
1785228118715,true,1785228118745,LeaderAccept
1785228118737,true,1785228118766,LeaderAccept
1785228118760,false,1785228118789,LeaderAccept
1785228118783,true,1785228118813,LeaderAccept
1785228118806,false,1785228118835,LeaderAccept
1785228118828,false,1785228118858,LeaderAccept
1785228118852,true,1785228118881,LeaderAccept
1785228118875,true,1785228118905,LeaderAccept
1785228118899,false,1785228118929,LeaderAccept
1785228118924,false,1785228118953,LeaderAccept
1785228118949,true,1785228118979,LeaderAccept
1785228118974,false,1785228119003,LeaderAccept
1785228118998,false,1785228119029,LeaderAccept
1785228119024,false,1785228119053,LeaderAccept
1785228119050,true,1785228119079,LeaderAccept
1785228119076,false,1785228119105,LeaderAccept
1785228119101,true,1785228119132,LeaderAccept
1785228119128,true,1785228119157,LeaderAccept
1785228119155,false,1785228119185,LeaderAccept
1785228119182,false,1785228119213,LeaderAccept
1785228119210,false,1785228119240,LeaderAccept
1785228119239,false,1785228119270,LeaderAccept
1785228119268,false,1785228119297,LeaderAccept
1785228119297,true,1785228119326,LeaderAccept
1785228119326,false,1785228119356,LeaderAccept
1785228119356,true,1785228119385,LeaderAccept
1785228119385,false,1785228119415,LeaderAccept
1785228119416,true,1785228119446,LeaderAccept
1785228119446,true,1785228119475,LeaderAccept
1785228119477,true,1785228119507,LeaderAccept
1785228119510,true,1785228119539,LeaderAccept
1785228119543,true,1785228119573,LeaderAccept
1785228119576,false,1785228119606,LeaderAccept
1785228119610,false,1785228119639,LeaderAccept
1785228119644,false,1785228119673,LeaderAccept
1785228119679,true,1785228119709,LeaderAccept
1785228119714,false,1785228119744,LeaderAccept
1785228119750,false,1785228119780,LeaderAccept
1785228119786,false,1785228119815,LeaderAccept
1785228119822,false,1785228119851,LeaderAccept
1785228119859,false,1785228119889,LeaderAccept
1785228119898,true,1785228119927,LeaderAccept
1785228119937,true,1785228119966,LeaderAccept
1785228119976,true,1785228120007,LeaderAccept
1785228120017,false,1785228120046,LeaderAccept
1785228120059,true,1785228120089,LeaderAccept
1785228120101,true,1785228120130,LeaderAccept
1785228120144,true,1785228120173,LeaderAccept
1785228120188,false,1785228120218,LeaderAccept
1785228120233,false,1785228120264,LeaderAccept
1785228120280,true,1785228120309,LeaderAccept
1785228120327,false,1785228120356,LeaderAccept
1785228120376,false,1785228120406,LeaderAccept
1785228120425,true,1785228120455,LeaderAccept
1785228120475,false,1785228120504,LeaderAccept
1785228120526,false,1785228120557,LeaderAccept
1785228120580,false,1785228120609,LeaderAccept
1785228120635,false,1785228120665,LeaderAccept
1785228120691,false,1785228120721,LeaderAccept
1785228120749,true,1785228120779,LeaderAccept
1785228120808,false,1785228120838,LeaderAccept
1785228120869,false,1785228120899,LeaderAccept
1785228120932,true,1785228120962,LeaderAccept
1785228120997,true,1785228121026,LeaderAccept
1785228121064,true,1785228121093,LeaderAccept
1785228121133,false,1785228121164,LeaderAccept
1785228121204,false,1785228121235,LeaderAccept
1785228121279,true,1785228121308,LeaderAccept
1785228121355,true,1785228121386,LeaderAccept
1785228121435,false,1785228121465,LeaderAccept
1785228121519,true,1785228121548,LeaderAccept
1785228121606,false,1785228121636,LeaderAccept
1785228121696,true,1785228121777,LeaderAccept
1785228121791,true,1785228121821,LeaderAccept
1785228121890,true,1785228121920,LeaderAccept
1785228121994,false,1785228122023,LeaderAccept
1785228122103,false,1785228122133,LeaderAccept
1785228122218,true,1785228122248,LeaderAccept
1785228122341,false,1785228122371,LeaderAccept
1785228122472,true,1785228122501,LeaderAccept
1785228122611,false,1785228122642,LeaderAccept
1785228122759,false,1785228122788,LeaderAccept
1785228122919,true,1785228122948,LeaderAccept
1785228123092,true,1785228123121,LeaderAccept
1785228123281,false,1785228123346,LeaderAccept
1785228123487,false,1785228123546,LeaderAccept
1785228123718,false,1785228123747,LeaderAccept
1785228123975,true,1785228124006,LeaderAccept
1785228124268,true,1785228124299,LeaderAccept
1785228124607,true,1785228124638,LeaderAccept
1785228125009,false,1785228125074,LeaderAccept
1785228125500,false,1785228125559,LeaderAccept
1785228126127,true,1785228126196,LeaderAccept
1785228126985,false,1785228127103,LeaderAccept
1785228128300,false,1785228128392,LeaderAccept
1785228130840,true,1785228130870,LeaderAccept
1785228139879,false,1785228139910,LeaderAccept
1785228148534,false,1785228148563,LeaderAccept
1785228148550,false,1785228148613,LeaderAccept
1785228148565,true,1785228148613,LeaderAccept
1785228148582,true,1785228148628,LeaderAccept
1785228148598,false,1785228148628,LeaderAccept
1785228148615,true,1785228148645,LeaderAccept
1785228148632,false,1785228148674,LeaderAccept
1785228148649,true,1785228148678,LeaderAccept
1785228148665,false,1785228148710,LeaderAccept
1785228148683,true,1785228148711,LeaderAccept
1785228148700,true,1785228148731,LeaderAccept
1785228148718,true,1785228148755,LeaderAccept
1785228148735,false,1785228148766,LeaderAccept
1785228148752,false,1785228148799,LeaderAccept
1785228148770,true,1785228148799,LeaderAccept
1785228148788,false,1785228148818,LeaderAccept
1785228148806,true,1785228148845,LeaderAccept
1785228148824,true,1785228148852,LeaderAccept
1785228148842,false,1785228148888,LeaderAccept
1785228148860,true,1785228148889,LeaderAccept
1785228148879,false,1785228148908,LeaderAccept
1785228148897,false,1785228148943,LeaderAccept
1785228148917,true,1785228148947,LeaderAccept
1785228148936,true,1785228148964,LeaderAccept
1785228148956,true,1785228148987,LeaderAccept
1785228148976,false,1785228149006,LeaderAccept
1785228148996,false,1785228149041,LeaderAccept
1785228149016,false,1785228149046,LeaderAccept
1785228149036,false,1785228149066,LeaderAccept
1785228149057,false,1785228149086,LeaderAccept
1785228149078,false,1785228149107,LeaderAccept
1785228149099,true,1785228149144,LeaderAccept
1785228149120,true,1785228149150,LeaderAccept
1785228149141,false,1785228149170,LeaderAccept
1785228149163,true,1785228149251,LeaderAccept
1785228149185,true,1785228149250,LeaderAccept
1785228149207,false,1785228149251,LeaderAccept
1785228149229,true,1785228149259,LeaderAccept
1785228149250,true,1785228149280,LeaderAccept
1785228149273,true,1785228149365,LeaderAccept
1785228149296,false,1785228149362,LeaderAccept
1785228149318,false,1785228149365,LeaderAccept
1785228149342,false,1785228149371,LeaderAccept
1785228149364,true,1785228149395,LeaderAccept
1785228149388,true,1785228149451,LeaderAccept
1785228149412,true,1785228149451,LeaderAccept
1785228149437,false,1785228149482,LeaderAccept
1785228149461,true,1785228149491,LeaderAccept
1785228149485,true,1785228149515,LeaderAccept
1785228149511,true,1785228149575,LeaderAccept
1785228149537,true,1785228149575,LeaderAccept
1785228149563,false,1785228149609,LeaderAccept
1785228149588,false,1785228149618,LeaderAccept
1785228149614,true,1785228149644,LeaderAccept
1785228149641,true,1785228149687,LeaderAccept
1785228149668,false,1785228149698,LeaderAccept
1785228149695,false,1785228149725,LeaderAccept
1785228149723,true,1785228149826,LeaderAccept
1785228149752,true,1785228149810,LeaderAccept
1785228149781,false,1785228149826,LeaderAccept
1785228149810,true,1785228149839,LeaderAccept
1785228149839,false,1785228149868,LeaderAccept
1785228149868,false,1785228149972,LeaderAccept
1785228149899,true,1785228149956,LeaderAccept
1785228149929,false,1785228149972,LeaderAccept
1785228149959,false,1785228149990,LeaderAccept
1785228149991,true,1785228150020,LeaderAccept
1785228150022,true,1785228150115,LeaderAccept
1785228150055,true,1785228150115,LeaderAccept
1785228150088,true,1785228150119,LeaderAccept
1785228150122,true,1785228150151,LeaderAccept
1785228150155,true,1785228150185,LeaderAccept
1785228150189,false,1785228150254,LeaderAccept
1785228150225,false,1785228150255,LeaderAccept
1785228150261,true,1785228150291,LeaderAccept
1785228150298,false,1785228150328,LeaderAccept
1785228150335,false,1785228150364,LeaderAccept
1785228150373,false,1785228150420,LeaderAccept
1785228150412,false,1785228150442,LeaderAccept
1785228150451,false,1785228150481,LeaderAccept
1785228150491,true,1785228150573,LeaderAccept
1785228150531,true,1785228150562,LeaderAccept
1785228150572,false,1785228150618,LeaderAccept
1785228150615,true,1785228150645,LeaderAccept
1785228150659,false,1785228150689,LeaderAccept
1785228150703,true,1785228150790,LeaderAccept
1785228150749,false,1785228150778,LeaderAccept
1785228150795,false,1785228150824,LeaderAccept
1785228150841,true,1785228150871,LeaderAccept
1785228150890,false,1785228150920,LeaderAccept
1785228150940,false,1785228151031,LeaderAccept
1785228150990,true,1785228151031,LeaderAccept
1785228151043,true,1785228151073,LeaderAccept
1785228151096,false,1785228151125,LeaderAccept
1785228151151,true,1785228151180,LeaderAccept
1785228151207,true,1785228151253,LeaderAccept
1785228151265,false,1785228151294,LeaderAccept
1785228151324,true,1785228151354,LeaderAccept
1785228151385,false,1785228151415,LeaderAccept
1785228151448,true,1785228151477,LeaderAccept
1785228151512,true,1785228151558,LeaderAccept
1785228151580,false,1785228151609,LeaderAccept
1785228151649,true,1785228151680,LeaderAccept
1785228151722,true,1785228151751,LeaderAccept
1785228151797,false,1785228151827,LeaderAccept
1785228151874,true,1785228151904,LeaderAccept
1785228151953,false,1785228151984,LeaderAccept
1785228152037,false,1785228152066,LeaderAccept
1785228152124,true,1785228152153,LeaderAccept
1785228152215,false,1785228152244,LeaderAccept
1785228152310,false,1785228152339,LeaderAccept
1785228152410,false,1785228152440,LeaderAccept
1785228152514,true,1785228152544,LeaderAccept
1785228152625,false,1785228152655,LeaderAccept
1785228152742,false,1785228152773,LeaderAccept
1785228152866,true,1785228152897,LeaderAccept
1785228152998,true,1785228153027,LeaderAccept
1785228153138,true,1785228153168,LeaderAccept
1785228153288,true,1785228153317,LeaderAccept
1785228153450,false,1785228153511,LeaderAccept
1785228153626,false,1785228153656,LeaderAccept
1785228153817,true,1785228153846,LeaderAccept
1785228154027,true,1785228154056,LeaderAccept
1785228154261,false,1785228154291,LeaderAccept
1785228154523,true,1785228154553,LeaderAccept
1785228154822,false,1785228154852,LeaderAccept
1785228155169,true,1785228155200,LeaderAccept
1785228155582,true,1785228155612,LeaderAccept
1785228156088,true,1785228156146,LeaderAccept
1785228156740,true,1785228156808,LeaderAccept
1785228157645,true,1785228157674,LeaderAccept
1785228159066,false,1785228159130,LeaderAccept
1785228161955,true,1785228161985,LeaderAccept
1785228174199,false,1785228174229,LeaderAccept
1785228175697,true,1785228175726,LeaderAccept
1785228175717,true,1785228175808,LeaderAccept
1785228175737,true,1785228175778,LeaderAccept
1785228175759,false,1785228175788,LeaderAccept
1785228175779,false,1785228175808,LeaderAccept
1785228175801,false,1785228175830,LeaderAccept
1785228175822,true,1785228175852,LeaderAccept
1785228175843,true,1785228175874,LeaderAccept
1785228175866,true,1785228175896,LeaderAccept
1785228175889,false,1785228175919,LeaderAccept
1785228175911,false,1785228175940,LeaderAccept
1785228175934,false,1785228175963,LeaderAccept
1785228175958,false,1785228175988,LeaderAccept
1785228175981,false,1785228176011,LeaderAccept
1785228176005,false,1785228176035,LeaderAccept
1785228176029,false,1785228176059,LeaderAccept
1785228176052,false,1785228176081,LeaderAccept
1785228176077,true,1785228176167,LeaderAccept
1785228176102,true,1785228176138,LeaderAccept
1785228176127,false,1785228176156,LeaderAccept
1785228176152,false,1785228176181,LeaderAccept
1785228176177,false,1785228176207,LeaderAccept
1785228176203,true,1785228176233,LeaderAccept
1785228176229,false,1785228176259,LeaderAccept
1785228176255,true,1785228176286,LeaderAccept
1785228176282,false,1785228176310,LeaderAccept
1785228176309,true,1785228176339,LeaderAccept
1785228176336,true,1785228176365,LeaderAccept
1785228176363,true,1785228176393,LeaderAccept
1785228176392,false,1785228176422,LeaderAccept
1785228176420,false,1785228176449,LeaderAccept
1785228176450,true,1785228176480,LeaderAccept
1785228176479,true,1785228176509,LeaderAccept
1785228176509,true,1785228176549,LeaderAccept
1785228176539,true,1785228176569,LeaderAccept
1785228176570,false,1785228176599,LeaderAccept
1785228176601,true,1785228176631,LeaderAccept
1785228176632,true,1785228176662,LeaderAccept
1785228176663,false,1785228176691,LeaderAccept
1785228176696,false,1785228176726,LeaderAccept
1785228176729,false,1785228176758,LeaderAccept
1785228176763,true,1785228176793,LeaderAccept
1785228176796,false,1785228176827,LeaderAccept
1785228176831,true,1785228176861,LeaderAccept
1785228176866,false,1785228176895,LeaderAccept
1785228176901,false,1785228176930,LeaderAccept
1785228176938,false,1785228176968,LeaderAccept
1785228176975,true,1785228177004,LeaderAccept
1785228177013,true,1785228177042,LeaderAccept
1785228177052,true,1785228177146,LeaderAccept
1785228177091,true,1785228177136,LeaderAccept
1785228177130,false,1785228177166,LeaderAccept
1785228177172,false,1785228177228,LeaderAccept
1785228177214,false,1785228177260,LeaderAccept
1785228177257,true,1785228177361,LeaderAccept
1785228177301,false,1785228177436,LeaderAccept
1785228177345,false,1785228177452,LeaderAccept
1785228177391,true,1785228177436,LeaderAccept
1785228177436,true,1785228177500,LeaderAccept
1785228177484,true,1785228177650,LeaderAccept
1785228177533,true,1785228177589,LeaderAccept
1785228177583,true,1785228177650,LeaderAccept
1785228177634,false,1785228177682,LeaderAccept
1785228177686,true,1785228177726,LeaderAccept
1785228177740,true,1785228177788,LeaderAccept
1785228177795,true,1785228177840,LeaderAccept
1785228177852,true,1785228177904,LeaderAccept
1785228177910,true,1785228177962,LeaderAccept
1785228177970,false,1785228178001,LeaderAccept
1785228178032,false,1785228178100,LeaderAccept
1785228178095,true,1785228178413,LeaderAccept
1785228178160,false,1785228178213,LeaderAccept
1785228178227,true,1785228178273,LeaderAccept
1785228178297,true,1785228178354,LeaderAccept
1785228178368,true,1785228178413,LeaderAccept
1785228178443,false,1785228178632,LeaderAccept
1785228178521,true,1785228178597,LeaderAccept
1785228178602,true,1785228178665,LeaderAccept
1785228178686,true,1785228178716,LeaderAccept
1785228178772,false,1785228178827,LeaderAccept
1785228178863,false,1785228178962,LeaderAccept
1785228178959,true,1785228179004,LeaderAccept
1785228179058,false,1785228179097,LeaderAccept
1785228179164,true,1785228179194,LeaderAccept
1785228179275,true,1785228179368,LeaderAccept
1785228179391,false,1785228179422,LeaderAccept
1785228179516,false,1785228179562,LeaderAccept
1785228179647,true,1785228179678,LeaderAccept
1785228179789,true,1785228179835,LeaderAccept
1785228179941,false,1785228179971,LeaderAccept
1785228180104,true,1785228180133,LeaderAccept
1785228180281,true,1785228180381,LeaderAccept
1785228180474,false,1785228180504,LeaderAccept
1785228180687,false,1785228180751,LeaderAccept
1785228180923,true,1785228180953,LeaderAccept
1785228181190,true,1785228181220,LeaderAccept
1785228181494,true,1785228181524,LeaderAccept
1785228181848,false,1785228181877,LeaderAccept
1785228182270,false,1785228182354,LeaderAccept
1785228182791,true,1785228182820,LeaderAccept
1785228183466,false,1785228183496,LeaderAccept
1785228184410,true,1785228184440,LeaderAccept
1785228185924,true,1785228185978,LeaderAccept
1785228189152,false,1785228189183,LeaderAccept
1785228205361,false,1785228205411,LeaderAccept
1785228216575,true,1785228216605,LeaderAccept
1785228216603,false,1785228216633,LeaderAccept
1785228216631,false,1785228216661,LeaderAccept
1785228216660,false,1785228216689,LeaderAccept
1785228216689,false,1785228216719,LeaderAccept
1785228216719,true,1785228216749,LeaderAccept
1785228216749,false,1785228216779,LeaderAccept
1785228216779,true,1785228216808,LeaderAccept
1785228216810,false,1785228216840,LeaderAccept
1785228216842,true,1785228216872,LeaderAccept
1785228216874,false,1785228216903,LeaderAccept
1785228216906,false,1785228216935,LeaderAccept
1785228216939,true,1785228216968,LeaderAccept
1785228216971,false,1785228217001,LeaderAccept
1785228217005,false,1785228217034,LeaderAccept
1785228217039,false,1785228217068,LeaderAccept
1785228217073,true,1785228217104,LeaderAccept
1785228217109,false,1785228217199,LeaderAccept
1785228217145,true,1785228217175,LeaderAccept
1785228217182,true,1785228217212,LeaderAccept
1785228217219,true,1785228217248,LeaderAccept
1785228217257,true,1785228217287,LeaderAccept
1785228217296,true,1785228217325,LeaderAccept
1785228217336,true,1785228217365,LeaderAccept
1785228217376,true,1785228217407,LeaderAccept
1785228217418,false,1785228217448,LeaderAccept
1785228217460,true,1785228217490,LeaderAccept
1785228217503,true,1785228217533,LeaderAccept
1785228217547,false,1785228217577,LeaderAccept
1785228217592,true,1785228217622,LeaderAccept
1785228217638,false,1785228217668,LeaderAccept
1785228217684,true,1785228217715,LeaderAccept
1785228217732,false,1785228217762,LeaderAccept
1785228217781,false,1785228217810,LeaderAccept
1785228217830,true,1785228217861,LeaderAccept
1785228217882,true,1785228217912,LeaderAccept
1785228217933,false,1785228217963,LeaderAccept
1785228217988,false,1785228218018,LeaderAccept
1785228218043,false,1785228218072,LeaderAccept
1785228218100,true,1785228218129,LeaderAccept
1785228218158,false,1785228218188,LeaderAccept
1785228218218,false,1785228218248,LeaderAccept
1785228218279,false,1785228218309,LeaderAccept
1785228218343,true,1785228218374,LeaderAccept
1785228218409,true,1785228218439,LeaderAccept
1785228218476,false,1785228218507,LeaderAccept
1785228218547,false,1785228218577,LeaderAccept
1785228218620,false,1785228218649,LeaderAccept
1785228218696,true,1785228218726,LeaderAccept
1785228218774,true,1785228218805,LeaderAccept
1785228218855,true,1785228218890,LeaderAccept
1785228218940,false,1785228218986,LeaderAccept
1785228219029,false,1785228219156,LeaderAccept
1785228219122,false,1785228219205,LeaderAccept
1785228219219,true,1785228219249,LeaderAccept
1785228219319,false,1785228219367,LeaderAccept
1785228219425,true,1785228219527,LeaderAccept
1785228219538,true,1785228219646,LeaderAccept
1785228219656,true,1785228219712,LeaderAccept
1785228219782,false,1785228219826,LeaderAccept
1785228219917,false,1785228220004,LeaderAccept
1785228220061,false,1785228220154,LeaderAccept
1785228220215,false,1785228220272,LeaderAccept
1785228220381,false,1785228220414,LeaderAccept
1785228220562,false,1785228220594,LeaderAccept
1785228220759,false,1785228220805,LeaderAccept
1785228220977,false,1785228221035,LeaderAccept
1785228221220,false,1785228221250,LeaderAccept
1785228221494,false,1785228221536,LeaderAccept
1785228221809,false,1785228221838,LeaderAccept
1785228222177,true,1785228222207,LeaderAccept
1785228222619,false,1785228222685,LeaderAccept
1785228223170,false,1785228223199,LeaderAccept
1785228223895,false,1785228223926,LeaderAccept
1785228224937,false,1785228224993,LeaderAccept
1785228226689,true,1785228226719,LeaderAccept
1785228230896,true,1785228230926,LeaderAccept
