request_time,write,response_time,accept_status
1785227573783,false,1785227573883,LeaderAccept
1785227574359,true,1785227574413,FastAccept
1785227574389,true,1785227574441,FastAccept
1785227574420,false,1785227574475,FastAccept
1785227574452,true,1785227574506,FastAccept
1785227574484,true,1785227574572,SlowAccept
1785227574517,true,1785227574572,FastAccept
1785227574550,true,1785227574604,FastAccept
1785227574584,true,1785227574638,FastAccept
1785227574618,true,1785227574672,FastAccept
1785227574653,false,1785227574706,FastAccept
1785227574688,false,1785227574740,FastAccept
1785227574724,false,1785227574777,FastAccept
1785227574760,true,1785227574814,FastAccept
1785227574797,true,1785227574852,FastAccept
1785227574835,true,1785227574887,FastAccept
1785227574873,true,1785227574927,FastAccept
1785227574912,false,1785227574965,FastAccept
1785227574952,false,1785227575036,SlowAccept
1785227574993,false,1785227575046,FastAccept
1785227575035,false,1785227575089,FastAccept
1785227575077,true,1785227575131,FastAccept
1785227575120,true,1785227575174,FastAccept
1785227575165,false,1785227575219,FastAccept
1785227575210,true,1785227575265,FastAccept
1785227575257,false,1785227575310,FastAccept
1785227575304,true,1785227575357,FastAccept
1785227575352,false,1785227575405,FastAccept
1785227575402,true,1785227575456,FastAccept
1785227575453,true,1785227575506,FastAccept
1785227575505,true,1785227575577,FastAccept
1785227575558,true,1785227575612,FastAccept
1785227575613,false,1785227575667,FastAccept
1785227575670,false,1785227575724,FastAccept
1785227575728,true,1785227575805,LeaderAccept
1785227575787,true,1785227575920,LeaderAccept
1785227575849,true,1785227576002,LeaderAccept
1785227575912,false,1785227576002,LeaderAccept
1785227575977,false,1785227576030,FastAccept
1785227576045,false,1785227576099,FastAccept
1785227576114,false,1785227576168,FastAccept
1785227576186,false,1785227576239,FastAccept
1785227576260,true,1785227576314,FastAccept
1785227576337,false,1785227576391,FastAccept
1785227576418,false,1785227576471,FastAccept
1785227576500,true,1785227576554,FastAccept
1785227576588,true,1785227576643,FastAccept
1785227576679,true,1785227576733,FastAccept
1785227576774,true,1785227576827,FastAccept
1785227576872,true,1785227576947,SlowAccept
1785227576977,false,1785227577031,FastAccept
1785227577087,true,1785227577140,FastAccept
1785227577203,false,1785227577256,FastAccept
1785227577326,true,1785227577390,LeaderAccept
1785227577457,true,1785227577510,FastAccept
1785227577597,true,1785227577651,FastAccept
1785227577747,true,1785227577802,FastAccept
1785227577909,false,1785227577963,FastAccept
1785227578084,true,1785227578137,FastAccept
1785227578275,true,1785227578329,FastAccept
1785227578485,true,1785227578540,FastAccept
1785227578718,false,1785227578773,FastAccept
1785227578980,false,1785227579035,FastAccept
1785227579277,true,1785227579331,FastAccept
1785227579623,true,1785227579677,FastAccept
1785227580034,false,1785227580110,SlowAccept
1785227580538,true,1785227580609,FastAccept
1785227581185,false,1785227581239,FastAccept
1785227582080,false,1785227582193,LeaderAccept
1785227583477,true,1785227583525,SlowAccept
1785227586289,false,1785227586344,FastAccept
1785227590657,false,1785227590743,LeaderAccept
1785227590689,true,1785227590743,FastAccept
1785227590721,false,1785227590774,FastAccept
1785227590754,false,1785227590841,SlowAccept
1785227590787,false,1785227590841,FastAccept
1785227590822,true,1785227590876,FastAccept
1785227590856,false,1785227590910,FastAccept
1785227590892,true,1785227590982,LeaderAccept
1785227590927,true,1785227590982,FastAccept
1785227590964,false,1785227591017,FastAccept
1785227591001,false,1785227591056,FastAccept
1785227591039,true,1785227591093,FastAccept
1785227591078,false,1785227591149,FastAccept
1785227591117,true,1785227591171,FastAccept
1785227591157,true,1785227591211,FastAccept
1785227591198,true,1785227591251,FastAccept
1785227591240,true,1785227591294,FastAccept
1785227591283,true,1785227591336,FastAccept
1785227591327,true,1785227591380,FastAccept
1785227591371,true,1785227591471,LeaderAccept
1785227591417,true,1785227591471,FastAccept
1785227591463,false,1785227591517,FastAccept
1785227591511,true,1785227591564,FastAccept
1785227591560,false,1785227591614,FastAccept
1785227591609,false,1785227591663,FastAccept
1785227591660,true,1785227591715,FastAccept
1785227591712,false,1785227591788,LeaderAccept
1785227591766,true,1785227591819,FastAccept
1785227591821,true,1785227591875,FastAccept
1785227591878,true,1785227591931,FastAccept
1785227591936,true,1785227591990,FastAccept
1785227591996,false,1785227592068,FastAccept
1785227592057,true,1785227592129,FastAccept
1785227592121,true,1785227592223,SlowAccept
1785227592187,true,1785227592303,LeaderAccept
1785227592254,false,1785227592332,LeaderAccept
1785227592324,false,1785227592377,FastAccept
1785227592396,false,1785227592450,FastAccept
1785227592471,true,1785227592570,LeaderAccept
1785227592549,false,1785227592603,FastAccept
1785227592630,true,1785227592683,FastAccept
1785227592714,false,1785227592767,FastAccept
1785227592802,true,1785227592855,FastAccept
1785227592893,false,1785227592947,FastAccept
1785227592989,true,1785227593042,FastAccept
1785227593089,true,1785227593142,FastAccept
1785227593194,false,1785227593247,FastAccept
1785227593305,false,1785227593359,FastAccept
1785227593422,false,1785227593476,FastAccept
1785227593547,false,1785227593601,FastAccept
1785227593680,false,1785227593734,FastAccept
1785227593822,false,1785227593895,SlowAccept
1785227593974,true,1785227594029,FastAccept
1785227594138,false,1785227594192,FastAccept
1785227594316,true,1785227594369,FastAccept
1785227594510,false,1785227594564,FastAccept
1785227594723,true,1785227594777,FastAccept
1785227594961,false,1785227595016,FastAccept
1785227595227,false,1785227595281,FastAccept
1785227595533,false,1785227595588,FastAccept
1785227595888,true,1785227595943,FastAccept
1785227596313,true,1785227596365,FastAccept
1785227596837,true,1785227596892,FastAccept
1785227597517,true,1785227597571,FastAccept
1785227598473,false,1785227598528,FastAccept
1785227600015,true,1785227600091,LeaderAccept
1785227603346,false,1785227603399,FastAccept
1785227620948,false,1785227621002,FastAccept
1785227654474,true,1785227654529,FastAccept
1785227654506,true,1785227654560,FastAccept
1785227654539,true,1785227654593,FastAccept
1785227654573,true,1785227654647,SlowAccept
1785227654607,false,1785227654680,FastAccept
1785227654642,false,1785227654694,FastAccept
1785227654677,false,1785227654764,LeaderAccept
1785227654711,true,1785227654764,FastAccept
1785227654748,true,1785227654829,SlowAccept
1785227654785,true,1785227654838,FastAccept
1785227654822,false,1785227654876,FastAccept
1785227654860,false,1785227654914,FastAccept
1785227654898,true,1785227654953,FastAccept
1785227654938,false,1785227654992,FastAccept
1785227654979,true,1785227655033,FastAccept
1785227655021,true,1785227655074,FastAccept
1785227655063,false,1785227655131,SlowAccept
1785227655106,true,1785227655159,FastAccept
1785227655150,true,1785227655204,FastAccept
1785227655195,false,1785227655250,FastAccept
1785227655241,true,1785227655294,FastAccept
1785227655288,true,1785227655360,SlowAccept
1785227655336,true,1785227655389,FastAccept
1785227655385,false,1785227655439,FastAccept
1785227655435,true,1785227655489,FastAccept
1785227655487,true,1785227655540,FastAccept
1785227655540,true,1785227655618,SlowAccept
1785227655594,true,1785227655649,FastAccept
1785227655650,false,1785227655703,FastAccept
1785227655707,false,1785227655772,LeaderAccept
1785227655766,false,1785227655820,FastAccept
1785227655826,true,1785227655879,FastAccept
1785227655888,false,1785227655942,FastAccept
1785227655952,true,1785227656005,FastAccept
1785227656017,false,1785227656077,SlowAccept
1785227656086,true,1785227656140,FastAccept
1785227656157,true,1785227656210,FastAccept
1785227656229,false,1785227656284,FastAccept
1785227656305,true,1785227656359,FastAccept
1785227656383,false,1785227656455,SlowAccept
1785227656465,true,1785227656520,FastAccept
1785227656551,true,1785227656605,FastAccept
1785227656640,true,1785227656694,FastAccept
1785227656733,false,1785227656787,FastAccept
1785227656831,true,1785227656912,SlowAccept
1785227656933,false,1785227656986,FastAccept
1785227657040,true,1785227657095,FastAccept
1785227657154,false,1785227657208,FastAccept
1785227657274,false,1785227657327,FastAccept
1785227657401,false,1785227657454,FastAccept
1785227657536,true,1785227657588,FastAccept
1785227657681,false,1785227657734,FastAccept
1785227657836,false,1785227657889,FastAccept
1785227658003,true,1785227658058,FastAccept
1785227658186,false,1785227658241,FastAccept
1785227658386,false,1785227658439,FastAccept
1785227658607,true,1785227658660,FastAccept
1785227658853,false,1785227658906,FastAccept
1785227659131,true,1785227659369,LeaderAccept
1785227659451,true,1785227659549,LeaderAccept
1785227659826,true,1785227659884,LeaderAccept
1785227660278,true,1785227660354,SlowAccept
1785227660844,false,1785227660937,SlowAccept
1785227661594,true,1785227661648,FastAccept
1785227662688,false,1785227662770,LeaderAccept
1785227664577,true,1785227664629,FastAccept
1785227669429,true,1785227669483,FastAccept
1785227698874,true,1785227698928,FastAccept
1785227698902,true,1785227698955,FastAccept
1785227698930,false,1785227698982,FastAccept
1785227698958,false,1785227699011,FastAccept
1785227698987,true,1785227699040,FastAccept
1785227699016,true,1785227699069,FastAccept
1785227699046,true,1785227699099,FastAccept
1785227699076,true,1785227699129,FastAccept
1785227699106,true,1785227699160,FastAccept
1785227699137,false,1785227699190,FastAccept
1785227699168,false,1785227699222,FastAccept
1785227699200,true,1785227699254,FastAccept
1785227699232,false,1785227699285,FastAccept
1785227699265,true,1785227699318,FastAccept
1785227699298,true,1785227699351,FastAccept
1785227699331,false,1785227699385,FastAccept
1785227699365,true,1785227699420,FastAccept
1785227699399,true,1785227699453,FastAccept
1785227699435,true,1785227699487,FastAccept
1785227699471,true,1785227699526,FastAccept
1785227699508,false,1785227699560,FastAccept
1785227699545,false,1785227699600,FastAccept
1785227699582,true,1785227699637,FastAccept
1785227699621,true,1785227699675,FastAccept
1785227699661,false,1785227699715,FastAccept
1785227699702,false,1785227699755,FastAccept
1785227699743,true,1785227699798,FastAccept
1785227699784,false,1785227699838,FastAccept
1785227699827,true,1785227699880,FastAccept
1785227699871,false,1785227699926,FastAccept
1785227699916,false,1785227699970,FastAccept
1785227699962,false,1785227700016,FastAccept
1785227700009,true,1785227700063,FastAccept
1785227700057,false,1785227700111,FastAccept
1785227700106,false,1785227700168,LeaderAccept
1785227700155,true,1785227700209,FastAccept
1785227700207,false,1785227700260,FastAccept
1785227700259,false,1785227700313,FastAccept
1785227700312,false,1785227700389,SlowAccept
1785227700368,true,1785227700421,FastAccept
1785227700425,false,1785227700478,FastAccept
1785227700484,false,1785227700538,FastAccept
1785227700544,false,1785227700597,FastAccept
1785227700606,true,1785227700660,FastAccept
1785227700670,true,1785227700723,FastAccept
1785227700736,false,1785227700789,FastAccept
1785227700803,true,1785227700858,FastAccept
1785227700874,false,1785227700927,FastAccept
1785227700947,true,1785227700999,FastAccept
1785227701022,false,1785227701075,FastAccept
1785227701100,true,1785227701154,FastAccept
1785227701181,true,1785227701234,FastAccept
1785227701266,false,1785227701319,FastAccept
1785227701353,false,1785227701408,FastAccept
1785227701445,true,1785227701500,FastAccept
1785227701542,false,1785227701596,FastAccept
1785227701643,false,1785227701696,FastAccept
1785227701749,true,1785227701802,FastAccept
1785227701861,true,1785227701915,FastAccept
1785227701979,true,1785227702033,FastAccept
1785227702105,false,1785227702160,FastAccept
1785227702239,true,1785227702292,FastAccept
1785227702382,false,1785227702435,FastAccept
1785227702535,false,1785227702588,FastAccept
1785227702700,false,1785227702760,SlowAccept
1785227702879,true,1785227702932,FastAccept
1785227703075,false,1785227703130,FastAccept
1785227703291,true,1785227703346,FastAccept
1785227703531,true,1785227703586,FastAccept
1785227703803,true,1785227703856,FastAccept
1785227704114,true,1785227704168,FastAccept
1785227704477,false,1785227704532,FastAccept
1785227704911,true,1785227704966,FastAccept
1785227705450,true,1785227705504,FastAccept
1785227706157,true,1785227706211,FastAccept
1785227707163,false,1785227707216,FastAccept
1785227708825,false,1785227708916,SlowAccept
1785227712640,false,1785227712694,FastAccept
1785227738324,true,1785227738378,FastAccept
1785227742230,true,1785227742282,FastAccept
1785227742245,true,1785227742298,FastAccept
1785227742261,true,1785227742315,FastAccept
1785227742276,true,1785227742329,FastAccept
1785227742292,false,1785227742345,FastAccept
1785227742308,true,1785227742361,FastAccept
1785227742324,true,1785227742376,FastAccept
1785227742340,true,1785227742393,FastAccept
1785227742356,true,1785227742411,FastAccept
1785227742373,false,1785227742425,FastAccept
1785227742389,false,1785227742444,FastAccept
1785227742406,true,1785227742459,FastAccept
1785227742423,true,1785227742477,FastAccept
1785227742439,false,1785227742492,FastAccept
1785227742457,false,1785227742510,FastAccept
1785227742473,false,1785227742527,FastAccept
1785227742491,true,1785227742544,FastAccept
1785227742509,false,1785227742563,FastAccept
1785227742527,true,1785227742580,FastAccept
1785227742544,true,1785227742598,FastAccept
1785227742561,true,1785227742615,FastAccept
1785227742580,true,1785227742633,FastAccept
1785227742598,true,1785227742651,FastAccept
1785227742616,true,1785227742669,FastAccept
1785227742634,true,1785227742688,FastAccept
1785227742652,true,1785227742706,FastAccept
1785227742672,true,1785227742725,FastAccept
1785227742691,false,1785227742745,FastAccept
1785227742711,true,1785227742765,FastAccept
1785227742731,false,1785227742786,FastAccept
1785227742751,true,1785227742804,FastAccept
1785227742771,false,1785227742825,FastAccept
1785227742791,true,1785227742846,FastAccept
1785227742812,true,1785227742866,FastAccept
1785227742832,false,1785227742885,FastAccept
1785227742851,true,1785227742905,FastAccept
1785227742871,true,1785227742925,FastAccept
1785227742893,false,1785227742947,FastAccept
1785227742915,false,1785227742968,FastAccept
1785227742936,true,1785227742989,FastAccept
1785227742957,false,1785227743009,FastAccept
1785227742979,true,1785227743033,FastAccept
1785227743001,true,1785227743055,FastAccept
1785227743024,false,1785227743102,SlowAccept
1785227743046,false,1785227743102,FastAccept
1785227743069,false,1785227743159,LeaderAccept
1785227743091,false,1785227743219,LeaderAccept
1785227743114,true,1785227743168,FastAccept
1785227743138,true,1785227743219,SlowAccept
1785227743162,true,1785227743219,FastAccept
1785227743186,false,1785227743283,LeaderAccept
1785227743210,true,1785227743283,FastAccept
1785227743235,false,1785227743289,FastAccept
1785227743259,false,1785227743340,SlowAccept
1785227743285,false,1785227743340,FastAccept
1785227743311,true,1785227743408,LeaderAccept
1785227743336,true,1785227743408,FastAccept
1785227743362,true,1785227743416,FastAccept
1785227743389,true,1785227743496,LeaderAccept
1785227743416,false,1785227743471,FastAccept
1785227743443,true,1785227743496,FastAccept
1785227743470,false,1785227743522,FastAccept
1785227743498,false,1785227743552,FastAccept
1785227743526,true,1785227743661,LeaderAccept
1785227743555,false,1785227743609,FastAccept
1785227743585,false,1785227743677,LeaderAccept
1785227743614,false,1785227743667,FastAccept
1785227743644,false,1785227743698,FastAccept
1785227743674,false,1785227743802,LeaderAccept
1785227743705,true,1785227743759,FastAccept
1785227743737,false,1785227743904,LeaderAccept
1785227743769,true,1785227743822,FastAccept
1785227743801,false,1785227743904,LeaderAccept
1785227743834,false,1785227743967,LeaderAccept
1785227743867,false,1785227743921,FastAccept
1785227743900,false,1785227744030,LeaderAccept
1785227743935,false,1785227743989,FastAccept
1785227743970,false,1785227744030,FastAccept
1785227744005,false,1785227744059,FastAccept
1785227744041,false,1785227744122,FastAccept
1785227744078,false,1785227744150,FastAccept
1785227744114,true,1785227744169,FastAccept
1785227744153,false,1785227744206,FastAccept
1785227744191,true,1785227744343,LeaderAccept
1785227744231,false,1785227744302,FastAccept
1785227744271,false,1785227744343,FastAccept
1785227744312,false,1785227744365,FastAccept
1785227744353,true,1785227744446,LeaderAccept
1785227744396,true,1785227744510,LeaderAccept
1785227744440,false,1785227744616,LeaderAccept
1785227744483,true,1785227744538,FastAccept
1785227744529,false,1785227744600,FastAccept
1785227744576,true,1785227744629,FastAccept
1785227744624,false,1785227744677,FastAccept
1785227744672,true,1785227744827,LeaderAccept
1785227744722,true,1785227744795,FastAccept
1785227744773,true,1785227744827,FastAccept
1785227744826,true,1785227744897,FastAccept
1785227744880,true,1785227744934,FastAccept
1785227744936,true,1785227745008,SlowAccept
1785227744993,true,1785227745169,LeaderAccept
1785227745051,true,1785227745122,FastAccept
1785227745111,false,1785227745163,FastAccept
1785227745173,false,1785227745226,FastAccept
1785227745237,false,1785227745311,SlowAccept
1785227745303,false,1785227745396,LeaderAccept
1785227745371,false,1785227745424,FastAccept
1785227745441,false,1785227745495,FastAccept
1785227745514,false,1785227745569,FastAccept
1785227745590,false,1785227745671,SlowAccept
1785227745668,true,1785227745722,FastAccept
1785227745749,false,1785227745805,FastAccept
1785227745834,false,1785227745887,FastAccept
1785227745922,false,1785227745977,FastAccept
1785227746014,false,1785227746086,FastAccept
1785227746111,false,1785227746165,FastAccept
1785227746213,false,1785227746265,FastAccept
1785227746320,false,1785227746373,FastAccept
1785227746431,false,1785227746486,FastAccept
1785227746550,true,1785227746604,FastAccept
1785227746676,true,1785227746730,FastAccept
1785227746809,true,1785227746899,LeaderAccept
1785227746952,false,1785227747006,FastAccept
1785227747106,true,1785227747161,FastAccept
1785227747272,false,1785227747327,FastAccept
1785227747452,false,1785227747506,FastAccept
1785227747649,true,1785227747739,LeaderAccept
1785227747866,false,1785227747919,FastAccept
1785227748106,true,1785227748160,FastAccept
1785227748379,false,1785227748432,FastAccept
1785227748689,false,1785227748743,FastAccept
1785227749052,false,1785227749133,LeaderAccept
1785227749489,false,1785227749543,FastAccept
1785227750032,false,1785227750085,FastAccept
1785227750743,true,1785227750795,FastAccept
1785227751756,false,1785227751855,SlowAccept
1785227753435,false,1785227753508,SlowAccept
1785227757329,false,1785227757383,FastAccept
1785227784577,false,1785227784629,LeaderAccept
1785227788166,false,1785227788220,FastAccept
1785227788180,true,1785227788234,FastAccept
1785227788196,false,1785227788249,FastAccept
1785227788211,false,1785227788264,FastAccept
1785227788226,false,1785227788280,FastAccept
1785227788241,false,1785227788294,FastAccept
1785227788256,false,1785227788309,FastAccept
1785227788272,true,1785227788324,FastAccept
1785227788286,false,1785227788339,FastAccept
1785227788301,false,1785227788354,FastAccept
1785227788318,false,1785227788371,FastAccept
1785227788334,false,1785227788388,FastAccept
1785227788351,true,1785227788405,FastAccept
1785227788368,true,1785227788420,FastAccept
1785227788383,true,1785227788436,FastAccept
1785227788400,false,1785227788452,FastAccept
1785227788417,false,1785227788470,FastAccept
1785227788434,true,1785227788487,FastAccept
1785227788451,false,1785227788505,FastAccept
1785227788468,false,1785227788521,FastAccept
1785227788485,false,1785227788538,FastAccept
1785227788501,false,1785227788555,FastAccept
1785227788519,true,1785227788572,FastAccept
1785227788537,true,1785227788591,FastAccept
1785227788555,true,1785227788609,FastAccept
1785227788572,false,1785227788626,FastAccept
1785227788591,false,1785227788644,FastAccept
1785227788609,true,1785227788662,FastAccept
1785227788626,true,1785227788680,FastAccept
1785227788645,true,1785227788698,FastAccept
1785227788663,true,1785227788718,FastAccept
1785227788682,false,1785227788735,FastAccept
1785227788702,false,1785227788755,FastAccept
1785227788721,true,1785227788774,FastAccept
1785227788739,false,1785227788793,FastAccept
1785227788759,true,1785227788813,FastAccept
1785227788779,false,1785227788833,FastAccept
1785227788799,false,1785227788853,FastAccept
1785227788819,true,1785227788871,FastAccept
1785227788839,true,1785227788893,FastAccept
1785227788860,false,1785227788931,FastAccept
1785227788881,false,1785227788934,FastAccept
1785227788902,true,1785227788956,FastAccept
1785227788924,false,1785227788995,FastAccept
1785227788945,false,1785227788999,FastAccept
1785227788967,true,1785227789021,FastAccept
1785227788988,true,1785227789106,LeaderAccept
1785227789011,false,1785227789064,FastAccept
1785227789033,false,1785227789087,FastAccept
1785227789056,true,1785227789152,LeaderAccept
1785227789079,true,1785227789131,FastAccept
1785227789102,false,1785227789197,LeaderAccept
1785227789126,false,1785227789179,FastAccept
1785227789150,false,1785227789227,LeaderAccept
1785227789174,false,1785227789227,FastAccept
1785227789198,true,1785227789251,FastAccept
1785227789223,false,1785227789275,FastAccept
1785227789246,true,1785227789301,FastAccept
1785227789271,true,1785227789323,FastAccept
1785227789296,true,1785227789350,FastAccept
1785227789322,true,1785227789375,FastAccept
1785227789348,true,1785227789401,FastAccept
1785227789374,false,1785227789428,FastAccept
1785227789401,false,1785227789454,FastAccept
1785227789428,false,1785227789482,FastAccept
1785227789455,true,1785227789509,FastAccept
1785227789483,false,1785227789536,FastAccept
1785227789510,false,1785227789564,FastAccept
1785227789539,false,1785227789591,FastAccept
1785227789568,false,1785227789624,FastAccept
1785227789597,true,1785227789650,FastAccept
1785227789626,false,1785227789677,FastAccept
1785227789656,false,1785227789710,FastAccept
1785227789687,false,1785227789741,FastAccept
1785227789718,true,1785227789771,FastAccept
1785227789750,false,1785227789803,FastAccept
1785227789782,true,1785227789836,FastAccept
1785227789815,true,1785227789868,FastAccept
1785227789848,false,1785227789902,FastAccept
1785227789881,true,1785227789935,FastAccept
1785227789914,true,1785227789968,FastAccept
1785227789949,false,1785227790002,FastAccept
1785227789984,false,1785227790038,FastAccept
1785227790020,false,1785227790074,FastAccept
1785227790056,false,1785227790110,FastAccept
1785227790093,false,1785227790147,FastAccept
1785227790130,false,1785227790183,FastAccept
1785227790167,true,1785227790222,FastAccept
1785227790206,false,1785227790259,FastAccept
1785227790246,false,1785227790300,FastAccept
1785227790287,true,1785227790340,FastAccept
1785227790327,true,1785227790381,FastAccept
1785227790370,true,1785227790424,FastAccept
1785227790413,false,1785227790468,FastAccept
1785227790457,true,1785227790510,FastAccept
1785227790502,false,1785227790555,FastAccept
1785227790548,true,1785227790601,FastAccept
1785227790595,false,1785227790649,FastAccept
1785227790643,false,1785227790745,LeaderAccept
1785227790692,true,1785227790745,FastAccept
1785227790742,true,1785227790795,FastAccept
1785227790794,true,1785227790847,FastAccept
1785227790846,false,1785227790899,FastAccept
1785227790899,true,1785227790954,FastAccept
1785227790955,false,1785227791008,FastAccept
1785227791012,false,1785227791065,FastAccept
1785227791071,false,1785227791124,FastAccept
1785227791131,true,1785227791186,FastAccept
1785227791193,true,1785227791248,FastAccept
1785227791257,true,1785227791311,FastAccept
1785227791323,false,1785227791377,FastAccept
1785227791391,false,1785227791446,FastAccept
1785227791462,false,1785227791517,FastAccept
1785227791535,false,1785227791588,FastAccept
1785227791610,false,1785227791664,FastAccept
1785227791689,false,1785227791744,FastAccept
1785227791771,false,1785227791824,FastAccept
1785227791856,false,1785227791909,FastAccept
1785227791944,false,1785227791999,FastAccept
1785227792037,false,1785227792090,FastAccept
1785227792134,false,1785227792188,FastAccept
1785227792235,false,1785227792290,FastAccept
1785227792342,true,1785227792397,FastAccept
1785227792455,false,1785227792509,FastAccept
1785227792575,true,1785227792629,FastAccept
1785227792701,false,1785227792755,FastAccept
1785227792835,false,1785227792890,FastAccept
1785227792979,true,1785227793034,FastAccept
1785227793134,false,1785227793188,FastAccept
1785227793301,true,1785227793355,FastAccept
1785227793482,true,1785227793537,FastAccept
1785227793680,false,1785227793735,FastAccept
1785227793899,false,1785227793954,FastAccept
1785227794143,false,1785227794198,FastAccept
1785227794419,false,1785227794474,FastAccept
1785227794735,true,1785227794789,FastAccept
1785227795105,false,1785227795160,FastAccept
1785227795550,true,1785227795603,FastAccept
1785227796105,false,1785227796158,FastAccept
1785227796837,false,1785227796890,FastAccept
1785227797892,false,1785227797946,FastAccept
1785227799680,false,1785227799733,FastAccept
1785227804049,true,1785227804102,FastAccept
1785227811765,true,1785227811839,SlowAccept
1785227811780,true,1785227811891,LeaderAccept
1785227811795,false,1785227811912,LeaderAccept
1785227811810,false,1785227811863,FastAccept
1785227811825,true,1785227811954,LeaderAccept
1785227811841,true,1785227811912,FastAccept
1785227811855,true,1785227811967,LeaderAccept
1785227811871,true,1785227811967,LeaderAccept
1785227811886,false,1785227812006,LeaderAccept
1785227811902,false,1785227812010,LeaderAccept
1785227811918,false,1785227811972,FastAccept
1785227811934,true,1785227812006,FastAccept
1785227811950,false,1785227812047,LeaderAccept
1785227811967,true,1785227812020,FastAccept
1785227811983,false,1785227812105,LeaderAccept
1785227811999,true,1785227812132,LeaderAccept
1785227812016,false,1785227812087,FastAccept
1785227812033,false,1785227812105,FastAccept
1785227812050,true,1785227812105,FastAccept
1785227812067,true,1785227812189,LeaderAccept
1785227812084,true,1785227812197,LeaderAccept
1785227812101,true,1785227812215,LeaderAccept
1785227812119,true,1785227812189,FastAccept
1785227812136,true,1785227812189,FastAccept
1785227812153,false,1785227812206,FastAccept
1785227812171,false,1785227812225,FastAccept
1785227812189,false,1785227812307,LeaderAccept
1785227812207,false,1785227812288,SlowAccept
1785227812225,true,1785227812307,SlowAccept
1785227812243,false,1785227812307,FastAccept
1785227812262,true,1785227812314,FastAccept
1785227812280,true,1785227812331,FastAccept
1785227812299,false,1785227812430,LeaderAccept
1785227812318,true,1785227812448,LeaderAccept
1785227812338,true,1785227812390,FastAccept
1785227812357,false,1785227812462,LeaderAccept
1785227812377,false,1785227812448,FastAccept
1785227812396,true,1785227812526,LeaderAccept
1785227812416,true,1785227812485,FastAccept
1785227812436,true,1785227812506,FastAccept
1785227812456,false,1785227812586,LeaderAccept
1785227812476,true,1785227812586,LeaderAccept
1785227812497,true,1785227812621,LeaderAccept
1785227812518,false,1785227812680,LeaderAccept
1785227812539,false,1785227812621,SlowAccept
1785227812560,true,1785227812621,FastAccept
1785227812582,true,1785227812680,LeaderAccept
1785227812603,false,1785227812711,LeaderAccept
1785227812625,true,1785227812680,FastAccept
1785227812647,true,1785227812757,LeaderAccept
1785227812669,true,1785227812742,FastAccept
1785227812692,true,1785227812745,FastAccept
1785227812714,true,1785227812767,FastAccept
1785227812738,false,1785227812848,LeaderAccept
1785227812761,true,1785227812815,FastAccept
1785227812785,true,1785227812894,LeaderAccept
1785227812809,false,1785227812880,FastAccept
1785227812832,true,1785227812886,FastAccept
1785227812856,true,1785227812910,FastAccept
1785227812881,true,1785227812933,FastAccept
1785227812906,false,1785227812977,FastAccept
1785227812932,false,1785227813004,FastAccept
1785227812958,true,1785227813011,FastAccept
1785227812983,true,1785227813037,FastAccept
1785227813010,false,1785227813063,FastAccept
1785227813036,true,1785227813117,SlowAccept
1785227813063,true,1785227813134,FastAccept
1785227813091,true,1785227813144,FastAccept
1785227813118,false,1785227813172,FastAccept
1785227813146,false,1785227813199,FastAccept
1785227813174,false,1785227813272,LeaderAccept
1785227813202,false,1785227813272,FastAccept
1785227813232,false,1785227813312,SlowAccept
1785227813261,true,1785227813333,FastAccept
1785227813290,true,1785227813349,FastAccept
1785227813321,false,1785227813394,SlowAccept
1785227813352,false,1785227813423,FastAccept
1785227813383,true,1785227813515,LeaderAccept
1785227813415,true,1785227813515,SlowAccept
1785227813448,false,1785227813549,LeaderAccept
1785227813481,true,1785227813590,LeaderAccept
1785227813514,true,1785227813620,LeaderAccept
1785227813548,true,1785227813620,FastAccept
1785227813582,false,1785227813665,SlowAccept
1785227813617,false,1785227813707,LeaderAccept
1785227813653,false,1785227813707,FastAccept
1785227813689,true,1785227813742,FastAccept
1785227813726,false,1785227813780,FastAccept
1785227813764,true,1785227813889,LeaderAccept
1785227813802,true,1785227813855,FastAccept
1785227813841,false,1785227813896,FastAccept
1785227813881,false,1785227813952,FastAccept
1785227813922,true,1785227814030,LeaderAccept
1785227813963,true,1785227814078,LeaderAccept
1785227814005,true,1785227814078,FastAccept
1785227814048,false,1785227814103,FastAccept
1785227814092,true,1785227814169,FastAccept
1785227814137,false,1785227814283,LeaderAccept
1785227814183,false,1785227814273,LeaderAccept
1785227814229,true,1785227814283,FastAccept
1785227814277,true,1785227814330,FastAccept
1785227814326,true,1785227814380,FastAccept
1785227814376,false,1785227814429,FastAccept
1785227814427,true,1785227814605,LeaderAccept
1785227814480,false,1785227814557,LeaderAccept
1785227814534,false,1785227814605,FastAccept
1785227814589,false,1785227814641,FastAccept
1785227814645,true,1785227814834,LeaderAccept
1785227814704,false,1785227814776,FastAccept
1785227814764,true,1785227814834,LeaderAccept
1785227814827,true,1785227814910,SlowAccept
1785227814891,false,1785227814945,FastAccept
1785227814957,true,1785227815011,FastAccept
1785227815026,false,1785227815079,FastAccept
1785227815097,false,1785227815178,FastAccept
1785227815170,true,1785227815245,LeaderAccept
1785227815245,true,1785227815298,FastAccept
1785227815323,false,1785227815378,FastAccept
1785227815405,false,1785227815458,FastAccept
1785227815490,false,1785227815543,FastAccept
1785227815578,false,1785227815665,SlowAccept
1785227815671,false,1785227815768,LeaderAccept
1785227815768,false,1785227815865,LeaderAccept
1785227815870,false,1785227815940,FastAccept
1785227815977,false,1785227816030,FastAccept
1785227816090,true,1785227816184,SlowAccept
1785227816209,true,1785227816281,FastAccept
1785227816335,true,1785227816444,LeaderAccept
1785227816470,true,1785227816617,LeaderAccept
1785227816614,false,1785227816668,FastAccept
1785227816769,false,1785227816870,LeaderAccept
1785227816936,false,1785227817018,SlowAccept
1785227817117,false,1785227817189,FastAccept
1785227817315,true,1785227817369,FastAccept
1785227817534,false,1785227817609,SlowAccept
1785227817778,false,1785227817831,FastAccept
1785227818052,true,1785227818105,FastAccept
1785227818369,false,1785227818444,SlowAccept
1785227818739,false,1785227818791,FastAccept
1785227819184,true,1785227819238,FastAccept
1785227819739,true,1785227819811,FastAccept
1785227820472,true,1785227820527,FastAccept
1785227821529,true,1785227821584,FastAccept
1785227823321,false,1785227823373,FastAccept
1785227827707,false,1785227827761,FastAccept
1785227832173,false,1785227832264,SlowAccept
1785227832191,false,1785227832284,SlowAccept
1785227832210,true,1785227832284,FastAccept
1785227832228,true,1785227832293,SlowAccept
1785227832247,false,1785227832318,SlowAccept
1785227832265,true,1785227832357,SlowAccept
1785227832284,true,1785227832402,LeaderAccept
1785227832304,true,1785227832432,LeaderAccept
1785227832324,false,1785227832402,SlowAccept
1785227832343,true,1785227832432,SlowAccept
1785227832363,false,1785227832458,SlowAccept
1785227832383,false,1785227832477,SlowAccept
1785227832403,true,1785227832477,FastAccept
1785227832424,true,1785227832541,LeaderAccept
1785227832444,true,1785227832541,LeaderAccept
1785227832465,true,1785227832541,SlowAccept
1785227832486,true,1785227832541,FastAccept
1785227832507,true,1785227832601,LeaderAccept
1785227832529,false,1785227832601,SlowAccept
1785227832551,false,1785227832643,LeaderAccept
1785227832573,true,1785227832625,FastAccept
1785227832594,true,1785227832706,LeaderAccept
1785227832617,true,1785227832747,LeaderAccept
1785227832640,true,1785227832751,LeaderAccept
1785227832663,true,1785227832747,SlowAccept
1785227832686,false,1785227832793,LeaderAccept
1785227832710,false,1785227832793,SlowAccept
1785227832733,true,1785227832793,FastAccept
1785227832757,true,1785227832825,SlowAccept
1785227832781,false,1785227832879,SlowAccept
1785227832806,false,1785227832879,FastAccept
1785227832831,false,1785227832884,FastAccept
1785227832856,false,1785227832960,LeaderAccept
1785227832881,true,1785227832960,LeaderAccept
1785227832907,false,1785227832960,FastAccept
1785227832933,true,1785227833036,LeaderAccept
1785227832959,false,1785227833036,SlowAccept
1785227832986,true,1785227833038,FastAccept
1785227833013,false,1785227833140,LeaderAccept
1785227833041,true,1785227833140,LeaderAccept
1785227833068,true,1785227833140,FastAccept
1785227833097,false,1785227833149,FastAccept
1785227833125,true,1785227833178,FastAccept
1785227833153,false,1785227833232,SlowAccept
1785227833183,false,1785227833299,LeaderAccept
1785227833212,false,1785227833299,SlowAccept
1785227833242,true,1785227833299,FastAccept
1785227833272,false,1785227833325,FastAccept
1785227833303,true,1785227833459,LeaderAccept
1785227833335,true,1785227833389,FastAccept
1785227833367,false,1785227833459,LeaderAccept
1785227833399,false,1785227833459,FastAccept
1785227833432,false,1785227833485,FastAccept
1785227833465,false,1785227833536,SlowAccept
1785227833499,false,1785227833586,SlowAccept
1785227833533,true,1785227833586,FastAccept
1785227833568,true,1785227833654,SlowAccept
1785227833604,false,1785227833674,FastAccept
1785227833640,false,1785227833722,SlowAccept
1785227833677,false,1785227833731,FastAccept
1785227833715,true,1785227833807,SlowAccept
1785227833752,false,1785227833807,FastAccept
1785227833792,false,1785227833843,FastAccept
1785227833832,true,1785227833972,LeaderAccept
1785227833872,true,1785227833972,SlowAccept
1785227833913,true,1785227833972,FastAccept
1785227833955,false,1785227834008,FastAccept
1785227833998,false,1785227834091,SlowAccept
1785227834042,true,1785227834140,LeaderAccept
1785227834086,false,1785227834140,FastAccept
1785227834133,true,1785227834187,FastAccept
1785227834180,true,1785227834251,FastAccept
1785227834228,true,1785227834280,FastAccept
1785227834277,true,1785227834341,SlowAccept
1785227834328,true,1785227834421,SlowAccept
1785227834378,true,1785227834431,FastAccept
1785227834431,true,1785227834485,FastAccept
1785227834486,false,1785227834538,FastAccept
1785227834542,true,1785227834643,SlowAccept
1785227834599,true,1785227834664,LeaderAccept
1785227834658,true,1785227834712,FastAccept
1785227834719,false,1785227834803,SlowAccept
1785227834781,true,1785227834836,FastAccept
1785227834846,true,1785227834888,LeaderAccept
1785227834912,true,1785227834972,SlowAccept
1785227834981,false,1785227835061,SlowAccept
1785227835053,true,1785227835149,SlowAccept
1785227835127,false,1785227835182,FastAccept
1785227835204,false,1785227835276,SlowAccept
1785227835283,true,1785227835337,FastAccept
1785227835366,true,1785227835421,FastAccept
1785227835452,false,1785227835529,SlowAccept
1785227835542,true,1785227835596,FastAccept
1785227835636,false,1785227835682,SlowAccept
1785227835735,false,1785227835807,SlowAccept
1785227835838,true,1785227835932,SlowAccept
1785227835946,false,1785227835999,FastAccept
1785227836059,false,1785227836114,FastAccept
1785227836180,false,1785227836228,SlowAccept
1785227836309,true,1785227836364,FastAccept
1785227836446,false,1785227836501,FastAccept
1785227836593,true,1785227836648,FastAccept
1785227836751,false,1785227836846,SlowAccept
1785227836921,true,1785227836977,SlowAccept
1785227837106,true,1785227837161,FastAccept
1785227837310,true,1785227837364,FastAccept
1785227837535,false,1785227837588,FastAccept
1785227837786,false,1785227837839,FastAccept
1785227838071,false,1785227838133,LeaderAccept
1785227838399,false,1785227838462,SlowAccept
1785227838786,true,1785227838841,FastAccept
1785227839256,false,1785227839309,FastAccept
1785227839849,true,1785227839903,FastAccept
1785227840647,false,1785227840736,SlowAccept
1785227841836,true,1785227841890,FastAccept
1785227843989,false,1785227844069,LeaderAccept
1785227850300,true,1785227850361,LeaderAccept
1785227879626,false,1785227879674,LeaderAccept
1785227879648,true,1785227879720,FastAccept
1785227879669,false,1785227879723,FastAccept
1785227879692,true,1785227879806,LeaderAccept
1785227879714,false,1785227879830,LeaderAccept
1785227879737,false,1785227879835,LeaderAccept
1785227879760,true,1785227879875,LeaderAccept
1785227879783,false,1785227879835,FastAccept
1785227879807,true,1785227879860,FastAccept
1785227879831,false,1785227879933,LeaderAccept
1785227879855,false,1785227879908,FastAccept
1785227879880,false,1785227879933,FastAccept
1785227879904,true,1785227880007,LeaderAccept
1785227879930,true,1785227879983,FastAccept
1785227879955,true,1785227880007,FastAccept
1785227879981,true,1785227880095,LeaderAccept
1785227880007,true,1785227880059,FastAccept
1785227880033,false,1785227880253,LeaderAccept
1785227880059,false,1785227880130,FastAccept
1785227880087,true,1785227880182,SlowAccept
1785227880114,false,1785227880182,FastAccept
1785227880142,true,1785227880214,FastAccept
1785227880170,false,1785227880223,FastAccept
1785227880198,true,1785227880253,FastAccept
1785227880227,true,1785227880299,FastAccept
1785227880257,false,1785227880310,FastAccept
1785227880287,true,1785227880363,SlowAccept
1785227880317,true,1785227880370,FastAccept
1785227880347,true,1785227880401,FastAccept
1785227880378,true,1785227880458,SlowAccept
1785227880410,true,1785227880463,FastAccept
1785227880442,false,1785227880496,FastAccept
1785227880474,false,1785227880624,LeaderAccept
1785227880507,false,1785227880579,FastAccept
1785227880540,false,1785227880594,FastAccept
1785227880573,true,1785227880662,LeaderAccept
1785227880608,false,1785227880662,FastAccept
1785227880642,false,1785227880696,FastAccept
1785227880678,false,1785227880731,FastAccept
1785227880714,false,1785227880767,FastAccept
1785227880751,true,1785227880829,FastAccept
1785227880789,true,1785227880884,SlowAccept
1785227880827,true,1785227880884,FastAccept
1785227880866,true,1785227880919,FastAccept
1785227880905,false,1785227880958,FastAccept
1785227880946,false,1785227881012,SlowAccept
1785227880988,true,1785227881041,FastAccept
1785227881030,false,1785227881107,SlowAccept
1785227881073,false,1785227881142,LeaderAccept
1785227881117,true,1785227881171,FastAccept
1785227881162,false,1785227881215,FastAccept
1785227881208,true,1785227881282,SlowAccept
1785227881255,false,1785227881309,FastAccept
1785227881303,true,1785227881357,FastAccept
1785227881352,true,1785227881433,SlowAccept
1785227881403,true,1785227881456,FastAccept
1785227881455,false,1785227881509,FastAccept
1785227881508,false,1785227881560,FastAccept
1785227881562,true,1785227881615,FastAccept
1785227881618,false,1785227881672,FastAccept
1785227881676,true,1785227881729,FastAccept
1785227881735,false,1785227881788,FastAccept
1785227881796,false,1785227881884,LeaderAccept
1785227881858,true,1785227881911,FastAccept
1785227881923,false,1785227882000,LeaderAccept
1785227881990,true,1785227882044,FastAccept
1785227882059,true,1785227882113,FastAccept
1785227882131,false,1785227882185,FastAccept
1785227882204,true,1785227882259,FastAccept
1785227882281,false,1785227882354,FastAccept
1785227882361,true,1785227882415,FastAccept
1785227882443,true,1785227882498,FastAccept
1785227882529,false,1785227882582,FastAccept
1785227882617,true,1785227882670,LeaderAccept
1785227882711,true,1785227882765,FastAccept
1785227882809,false,1785227882862,FastAccept
1785227882912,false,1785227882980,LeaderAccept
1785227883020,false,1785227883074,FastAccept
1785227883135,true,1785227883190,FastAccept
1785227883256,false,1785227883305,LeaderAccept
1785227883384,false,1785227883439,FastAccept
1785227883521,true,1785227883575,FastAccept
1785227883668,false,1785227883721,FastAccept
1785227883825,true,1785227883898,FastAccept
1785227883996,true,1785227884050,FastAccept
1785227884181,false,1785227884235,FastAccept
1785227884385,true,1785227884440,FastAccept
1785227884610,true,1785227884665,FastAccept
1785227884862,true,1785227884916,FastAccept
1785227885148,false,1785227885203,FastAccept
1785227885477,false,1785227885532,FastAccept
1785227885864,true,1785227885918,FastAccept
1785227886334,false,1785227886387,FastAccept
1785227886927,false,1785227886981,FastAccept
1785227887726,false,1785227887779,FastAccept
1785227888916,true,1785227888971,FastAccept
1785227891074,false,1785227891129,FastAccept
1785227897418,false,1785227897471,FastAccept
1785227902824,true,1785227902904,SlowAccept
1785227902838,true,1785227902904,FastAccept
1785227902854,true,1785227902907,FastAccept
1785227902869,true,1785227903069,LeaderAccept
1785227902884,true,1785227902956,FastAccept
1785227902900,true,1785227903082,LeaderAccept
1785227902915,true,1785227902979,FastAccept
1785227902930,true,1785227903002,FastAccept
1785227902946,false,1785227903069,LeaderAccept
1785227902962,true,1785227903032,FastAccept
1785227902978,true,1785227903069,SlowAccept
1785227902994,true,1785227903082,LeaderAccept
1785227903010,true,1785227903082,FastAccept
1785227903026,false,1785227903154,LeaderAccept
1785227903043,false,1785227903096,FastAccept
1785227903059,true,1785227903154,SlowAccept
1785227903076,true,1785227903164,LeaderAccept
1785227903093,true,1785227903154,FastAccept
1785227903110,true,1785227903164,FastAccept
1785227903127,false,1785227903179,FastAccept
1785227903144,true,1785227903223,SlowAccept
1785227903161,false,1785227903223,FastAccept
1785227903178,false,1785227903232,FastAccept
1785227903196,true,1785227903249,FastAccept
1785227903214,true,1785227903266,FastAccept
1785227903232,true,1785227903286,FastAccept
1785227903249,false,1785227903338,SlowAccept
1785227903268,true,1785227903338,FastAccept
1785227903286,true,1785227903357,FastAccept
1785227903305,true,1785227903532,LeaderAccept
1785227903324,false,1785227903376,FastAccept
1785227903343,false,1785227903416,SlowAccept
1785227903362,false,1785227903416,FastAccept
1785227903381,false,1785227903479,SlowAccept
1785227903400,true,1785227903500,SlowAccept
1785227903420,false,1785227903500,FastAccept
1785227903439,false,1785227903552,LeaderAccept
1785227903459,true,1785227903521,FastAccept
1785227903479,true,1785227903532,FastAccept
1785227903499,false,1785227903552,FastAccept
1785227903519,false,1785227903572,FastAccept
1785227903540,false,1785227903593,FastAccept
1785227903560,true,1785227903682,LeaderAccept
1785227903582,true,1785227903652,FastAccept
1785227903603,true,1785227903682,SlowAccept
1785227903624,false,1785227903682,FastAccept
1785227903645,false,1785227903761,LeaderAccept
1785227903668,false,1785227903745,SlowAccept
1785227903690,false,1785227903745,FastAccept
1785227903713,false,1785227903806,LeaderAccept
1785227903736,false,1785227903790,FastAccept
1785227903759,false,1785227903857,LeaderAccept
1785227903782,true,1785227903857,SlowAccept
1785227903805,true,1785227903859,FastAccept
1785227903829,false,1785227903900,FastAccept
1785227903853,false,1785227903955,LeaderAccept
1785227903878,true,1785227903932,FastAccept
1785227903903,false,1785227903955,FastAccept
1785227903928,true,1785227904019,SlowAccept
1785227903953,false,1785227904020,FastAccept
1785227903978,true,1785227904102,LeaderAccept
1785227904004,false,1785227904057,FastAccept
1785227904030,true,1785227904137,LeaderAccept
1785227904057,true,1785227904128,FastAccept
1785227904082,true,1785227904137,FastAccept
1785227904110,true,1785227904164,FastAccept
1785227904136,true,1785227904190,FastAccept
1785227904164,false,1785227904235,FastAccept
1785227904192,true,1785227904245,FastAccept
1785227904220,true,1785227904306,SlowAccept
1785227904249,false,1785227904306,FastAccept
1785227904277,true,1785227904330,FastAccept
1785227904306,false,1785227904359,FastAccept
1785227904337,true,1785227904390,FastAccept
1785227904367,false,1785227904465,SlowAccept
1785227904398,false,1785227904467,FastAccept
1785227904429,false,1785227904563,LeaderAccept
1785227904461,true,1785227904595,LeaderAccept
1785227904493,false,1785227904638,LeaderAccept
1785227904526,false,1785227904638,LeaderAccept
1785227904559,true,1785227904648,LeaderAccept
1785227904594,true,1785227904648,FastAccept
1785227904629,true,1785227904681,FastAccept
1785227904664,false,1785227904762,LeaderAccept
1785227904699,true,1785227904753,FastAccept
1785227904735,false,1785227904789,FastAccept
1785227904772,true,1785227904912,LeaderAccept
1785227904810,false,1785227904882,FastAccept
1785227904849,true,1785227904902,FastAccept
1785227904888,false,1785227904940,FastAccept
1785227904928,false,1785227905000,FastAccept
1785227904969,true,1785227905056,LeaderAccept
1785227905011,false,1785227905103,LeaderAccept
1785227905053,false,1785227905166,LeaderAccept
1785227905097,false,1785227905195,LeaderAccept
1785227905141,true,1785227905194,FastAccept
1785227905186,false,1785227905239,FastAccept
1785227905232,false,1785227905286,FastAccept
1785227905279,false,1785227905333,FastAccept
1785227905327,false,1785227905381,FastAccept
1785227905377,false,1785227905430,FastAccept
1785227905428,false,1785227905517,SlowAccept
1785227905480,false,1785227905551,FastAccept
1785227905533,false,1785227905587,FastAccept
1785227905586,false,1785227905641,FastAccept
1785227905643,false,1785227905696,FastAccept
1785227905700,false,1785227905755,FastAccept
1785227905759,false,1785227905813,FastAccept
1785227905820,false,1785227905873,FastAccept
1785227905882,true,1785227905936,FastAccept
1785227905947,false,1785227906002,FastAccept
1785227906014,false,1785227906068,FastAccept
1785227906083,false,1785227906147,LeaderAccept
1785227906154,false,1785227906207,FastAccept
1785227906228,false,1785227906281,FastAccept
1785227906305,false,1785227906359,FastAccept
1785227906384,true,1785227906438,FastAccept
1785227906467,false,1785227906543,SlowAccept
1785227906554,true,1785227906608,FastAccept
1785227906644,false,1785227906699,FastAccept
1785227906738,false,1785227906792,FastAccept
1785227906837,true,1785227906890,FastAccept
1785227906941,false,1785227907029,SlowAccept
1785227907050,false,1785227907105,FastAccept
1785227907166,false,1785227907220,FastAccept
1785227907288,false,1785227907340,FastAccept
1785227907417,false,1785227907471,FastAccept
1785227907555,true,1785227907647,SlowAccept
1785227907703,true,1785227907757,FastAccept
1785227907862,false,1785227907915,FastAccept
1785227908034,false,1785227908087,FastAccept
1785227908221,false,1785227908275,FastAccept
1785227908427,true,1785227908491,LeaderAccept
1785227908655,false,1785227908708,FastAccept
1785227908910,true,1785227908963,FastAccept
1785227909199,false,1785227909254,FastAccept
1785227909534,false,1785227909587,FastAccept
1785227909929,false,1785227909982,FastAccept
1785227910410,false,1785227910464,FastAccept
1785227911022,false,1785227911073,SlowAccept
1785227911852,false,1785227911933,LeaderAccept
1785227913109,true,1785227913162,FastAccept
1785227915465,false,1785227915542,SlowAccept
1785227923117,false,1785227923172,FastAccept
1785227940454,false,1785227940538,SlowAccept
1785227940473,false,1785227940621,LeaderAccept
1785227940491,true,1785227940543,FastAccept
1785227940510,false,1785227940582,FastAccept
1785227940529,true,1785227940612,SlowAccept
1785227940548,true,1785227940612,FastAccept
1785227940567,false,1785227940620,FastAccept
1785227940587,false,1785227940641,FastAccept
1785227940607,true,1785227940697,SlowAccept
1785227940627,false,1785227940697,FastAccept
1785227940647,false,1785227940718,FastAccept
1785227940667,false,1785227940776,LeaderAccept
1785227940687,true,1785227940778,LeaderAccept
1785227940708,true,1785227940846,LeaderAccept
1785227940728,false,1785227940881,LeaderAccept
1785227940749,false,1785227940802,FastAccept
1785227940769,true,1785227940846,SlowAccept
1785227940791,false,1785227940846,FastAccept
1785227940812,true,1785227940935,LeaderAccept
1785227940834,true,1785227940935,LeaderAccept
1785227940856,false,1785227940935,SlowAccept
1785227940879,false,1785227940979,LeaderAccept
1785227940901,true,1785227940979,SlowAccept
1785227940923,false,1785227941049,SlowAccept
1785227940946,false,1785227941049,LeaderAccept
1785227940969,true,1785227941064,LeaderAccept
1785227940993,false,1785227941049,FastAccept
1785227941017,false,1785227941093,LeaderAccept
1785227941041,true,1785227941093,FastAccept
1785227941065,false,1785227941119,FastAccept
1785227941089,false,1785227941195,LeaderAccept
1785227941114,false,1785227941195,LeaderAccept
1785227941140,true,1785227941195,FastAccept
1785227941166,true,1785227941219,FastAccept
1785227941191,true,1785227941297,LeaderAccept
1785227941217,true,1785227941297,LeaderAccept
1785227941243,false,1785227941297,FastAccept
1785227941270,false,1785227941324,FastAccept
1785227941297,false,1785227941369,FastAccept
1785227941324,false,1785227941406,LeaderAccept
1785227941351,false,1785227941406,FastAccept
1785227941378,true,1785227941471,SlowAccept
1785227941407,false,1785227941471,FastAccept
1785227941436,true,1785227941580,LeaderAccept
1785227941465,true,1785227941519,FastAccept
1785227941495,true,1785227941569,SlowAccept
1785227941526,false,1785227941580,FastAccept
1785227941556,true,1785227941639,LeaderAccept
1785227941586,true,1785227941639,FastAccept
1785227941618,false,1785227941708,LeaderAccept
1785227941650,false,1785227941708,SlowAccept
1785227941682,true,1785227941795,LeaderAccept
1785227941714,false,1785227941768,FastAccept
1785227941748,false,1785227941844,LeaderAccept
1785227941782,true,1785227941844,SlowAccept
1785227941817,true,1785227941925,LeaderAccept
1785227941852,false,1785227941925,SlowAccept
1785227941888,true,1785227941991,LeaderAccept
1785227941925,false,1785227941991,SlowAccept
1785227941962,true,1785227942017,FastAccept
1785227942000,true,1785227942069,SlowAccept
1785227942038,true,1785227942141,SlowAccept
1785227942077,true,1785227942141,LeaderAccept
1785227942118,false,1785227942172,FastAccept
1785227942159,true,1785227942225,SlowAccept
1785227942201,true,1785227942255,FastAccept
1785227942244,false,1785227942305,SlowAccept
1785227942287,true,1785227942338,FastAccept
1785227942331,false,1785227942385,FastAccept
1785227942376,true,1785227942430,FastAccept
1785227942422,false,1785227942485,SlowAccept
1785227942469,true,1785227942540,FastAccept
1785227942517,true,1785227942579,SlowAccept
1785227942566,false,1785227942618,FastAccept
1785227942617,true,1785227942677,SlowAccept
1785227942669,true,1785227942723,FastAccept
1785227942723,true,1785227942781,SlowAccept
1785227942778,true,1785227942831,FastAccept
1785227942833,false,1785227942897,LeaderAccept
1785227942891,false,1785227942943,FastAccept
1785227942950,true,1785227943012,LeaderAccept
1785227943011,true,1785227943065,FastAccept
1785227943074,false,1785227943129,SlowAccept
1785227943139,false,1785227943192,FastAccept
1785227943207,true,1785227943257,SlowAccept
1785227943276,true,1785227943329,FastAccept
1785227943348,true,1785227943395,LeaderAccept
1785227943423,false,1785227943476,FastAccept
1785227943500,false,1785227943553,LeaderAccept
1785227943580,true,1785227943632,FastAccept
1785227943662,false,1785227943762,LeaderAccept
1785227943749,true,1785227943850,LeaderAccept
1785227943839,false,1785227943915,LeaderAccept
1785227943934,true,1785227943987,FastAccept
1785227944033,false,1785227944086,FastAccept
1785227944137,true,1785227944190,FastAccept
1785227944247,true,1785227944300,FastAccept
1785227944363,true,1785227944418,FastAccept
1785227944486,true,1785227944540,FastAccept
1785227944617,true,1785227944671,FastAccept
1785227944756,false,1785227944811,FastAccept
1785227944905,true,1785227944959,FastAccept
1785227945065,true,1785227945120,FastAccept
1785227945239,true,1785227945292,FastAccept
1785227945427,false,1785227945481,FastAccept
1785227945635,false,1785227945690,FastAccept
1785227945865,false,1785227945920,FastAccept
1785227946124,true,1785227946176,FastAccept
1785227946418,false,1785227946471,FastAccept
1785227946758,false,1785227946812,FastAccept
1785227947160,true,1785227947212,FastAccept
1785227947654,false,1785227947711,LeaderAccept
1785227948285,true,1785227948337,FastAccept
1785227949148,false,1785227949202,FastAccept
1785227950480,false,1785227950533,FastAccept
1785227953067,false,1785227953122,FastAccept
1785227962497,false,1785227962553,LeaderAccept
1785227973870,false,1785227973992,LeaderAccept
1785227973887,true,1785227973940,FastAccept
1785227973904,true,1785227973957,FastAccept
1785227973921,true,1785227974044,LeaderAccept
1785227973939,false,1785227974044,LeaderAccept
1785227973956,false,1785227974007,FastAccept
1785227973973,true,1785227974097,LeaderAccept
1785227973991,true,1785227974097,LeaderAccept
1785227974009,false,1785227974061,FastAccept
1785227974027,true,1785227974153,LeaderAccept
1785227974045,false,1785227974097,FastAccept
1785227974063,true,1785227974116,FastAccept
1785227974082,true,1785227974207,LeaderAccept
1785227974099,false,1785227974153,FastAccept
1785227974117,false,1785227974172,FastAccept
1785227974136,false,1785227974207,FastAccept
1785227974155,false,1785227974207,FastAccept
1785227974174,true,1785227974229,FastAccept
1785227974194,false,1785227974247,FastAccept
1785227974213,false,1785227974268,FastAccept
1785227974233,true,1785227974285,FastAccept
1785227974253,false,1785227974307,FastAccept
1785227974272,false,1785227974325,FastAccept
1785227974293,false,1785227974345,FastAccept
1785227974313,false,1785227974367,FastAccept
1785227974334,false,1785227974388,FastAccept
1785227974355,true,1785227974407,FastAccept
1785227974376,true,1785227974430,FastAccept
1785227974398,true,1785227974452,FastAccept
1785227974420,true,1785227974472,FastAccept
1785227974442,true,1785227974496,FastAccept
1785227974464,true,1785227974517,FastAccept
1785227974486,false,1785227974539,FastAccept
1785227974508,false,1785227974562,FastAccept
1785227974530,true,1785227974583,FastAccept
1785227974553,false,1785227974605,FastAccept
1785227974576,true,1785227974630,FastAccept
1785227974599,false,1785227974651,FastAccept
1785227974623,true,1785227974675,FastAccept
1785227974646,false,1785227974700,FastAccept
1785227974670,false,1785227974725,FastAccept
1785227974695,false,1785227974750,FastAccept
1785227974720,true,1785227974773,FastAccept
1785227974745,false,1785227974799,FastAccept
1785227974771,false,1785227974823,FastAccept
1785227974797,false,1785227974849,FastAccept
1785227974823,true,1785227974878,FastAccept
1785227974849,true,1785227974903,FastAccept
1785227974876,true,1785227974930,FastAccept
1785227974903,true,1785227974956,FastAccept
1785227974930,false,1785227974983,FastAccept
1785227974958,true,1785227975011,FastAccept
1785227974986,false,1785227975069,LeaderAccept
1785227975014,false,1785227975069,FastAccept
1785227975043,true,1785227975096,FastAccept
1785227975072,false,1785227975155,LeaderAccept
1785227975102,false,1785227975155,FastAccept
1785227975133,false,1785227975187,FastAccept
1785227975162,true,1785227975296,LeaderAccept
1785227975194,false,1785227975248,FastAccept
1785227975226,false,1785227975358,LeaderAccept
1785227975258,false,1785227975358,SlowAccept
1785227975291,true,1785227975375,LeaderAccept
1785227975324,false,1785227975428,LeaderAccept
1785227975357,true,1785227975428,FastAccept
1785227975392,false,1785227975447,FastAccept
1785227975426,true,1785227975515,LeaderAccept
1785227975462,false,1785227975515,FastAccept
1785227975498,true,1785227975553,FastAccept
1785227975534,true,1785227975589,FastAccept
1785227975572,true,1785227975625,FastAccept
1785227975610,false,1785227975689,SlowAccept
1785227975648,true,1785227975719,FastAccept
1785227975687,false,1785227975741,FastAccept
1785227975727,true,1785227975781,FastAccept
1785227975767,false,1785227975821,FastAccept
1785227975809,true,1785227975862,FastAccept
1785227975851,true,1785227975906,FastAccept
1785227975894,false,1785227975948,FastAccept
1785227975939,true,1785227975993,FastAccept
1785227975985,false,1785227976037,FastAccept
1785227976031,true,1785227976083,FastAccept
1785227976077,true,1785227976131,FastAccept
1785227976126,false,1785227976180,FastAccept
1785227976174,false,1785227976229,FastAccept
1785227976225,true,1785227976278,FastAccept
1785227976277,true,1785227976331,FastAccept
1785227976330,true,1785227976383,FastAccept
1785227976383,false,1785227976437,FastAccept
1785227976439,false,1785227976491,FastAccept
1785227976495,false,1785227976549,FastAccept
1785227976555,true,1785227976609,FastAccept
1785227976617,false,1785227976669,FastAccept
1785227976680,true,1785227976733,FastAccept
1785227976745,false,1785227976800,FastAccept
1785227976812,true,1785227976864,FastAccept
1785227976881,true,1785227976934,FastAccept
1785227976952,true,1785227977007,FastAccept
1785227977027,false,1785227977106,LeaderAccept
1785227977103,false,1785227977158,FastAccept
1785227977183,false,1785227977237,FastAccept
1785227977267,true,1785227977339,FastAccept
1785227977353,false,1785227977407,FastAccept
1785227977443,true,1785227977496,FastAccept
1785227977537,true,1785227977592,FastAccept
1785227977636,true,1785227977690,FastAccept
1785227977741,true,1785227977796,FastAccept
1785227977851,false,1785227977906,FastAccept
1785227977967,false,1785227978022,FastAccept
1785227978089,true,1785227978143,FastAccept
1785227978220,true,1785227978273,FastAccept
1785227978359,true,1785227978412,FastAccept
1785227978506,false,1785227978561,FastAccept
1785227978667,true,1785227978722,FastAccept
1785227978841,true,1785227978895,FastAccept
1785227979030,true,1785227979084,FastAccept
1785227979238,false,1785227979291,FastAccept
1785227979468,false,1785227979523,FastAccept
1785227979726,false,1785227979779,FastAccept
1785227980019,true,1785227980072,FastAccept
1785227980357,false,1785227980410,FastAccept
1785227980760,false,1785227980812,FastAccept
1785227981251,true,1785227981304,FastAccept
1785227981879,true,1785227981933,FastAccept
1785227982737,false,1785227982796,SlowAccept
1785227984055,false,1785227984121,SlowAccept
1785227986603,false,1785227986658,FastAccept
1785227995706,true,1785227995761,FastAccept
1785228010074,true,1785228010128,FastAccept
1785228010101,false,1785228010154,FastAccept
1785228010128,true,1785228010182,FastAccept
1785228010154,true,1785228010236,SlowAccept
1785228010182,false,1785228010236,FastAccept
1785228010210,false,1785228010263,FastAccept
1785228010237,true,1785228010291,FastAccept
1785228010265,true,1785228010320,FastAccept
1785228010294,true,1785228010347,FastAccept
1785228010323,true,1785228010377,FastAccept
1785228010353,true,1785228010406,FastAccept
1785228010383,false,1785228010437,FastAccept
1785228010412,false,1785228010465,FastAccept
1785228010444,false,1785228010499,FastAccept
1785228010476,true,1785228010529,FastAccept
1785228010508,false,1785228010563,FastAccept
1785228010540,false,1785228010621,SlowAccept
1785228010573,false,1785228010628,FastAccept
1785228010606,false,1785228010659,FastAccept
1785228010641,false,1785228010695,FastAccept
1785228010676,true,1785228010729,FastAccept
1785228010711,true,1785228010764,FastAccept
1785228010747,true,1785228010801,FastAccept
1785228010783,true,1785228010838,FastAccept
1785228010820,false,1785228010874,FastAccept
1785228010858,false,1785228010913,FastAccept
1785228010897,true,1785228010951,FastAccept
1785228010937,true,1785228010992,FastAccept
1785228010977,true,1785228011030,FastAccept
1785228011017,false,1785228011088,SlowAccept
1785228011059,true,1785228011113,FastAccept
1785228011102,false,1785228011156,FastAccept
1785228011145,true,1785228011198,FastAccept
1785228011189,false,1785228011242,FastAccept
1785228011234,true,1785228011288,FastAccept
1785228011280,true,1785228011332,FastAccept
1785228011327,true,1785228011381,FastAccept
1785228011375,false,1785228011428,FastAccept
1785228011424,false,1785228011478,FastAccept
1785228011474,true,1785228011528,FastAccept
1785228011526,false,1785228011579,FastAccept
1785228011579,false,1785228011631,FastAccept
1785228011633,false,1785228011686,FastAccept
1785228011689,false,1785228011760,FastAccept
1785228011747,true,1785228011820,FastAccept
1785228011807,true,1785228011862,FastAccept
1785228011868,false,1785228011957,FastAccept
1785228011931,false,1785228011992,FastAccept
1785228011996,true,1785228012051,FastAccept
1785228012063,false,1785228012134,FastAccept
1785228012132,false,1785228012281,LeaderAccept
1785228012204,false,1785228012256,FastAccept
1785228012278,false,1785228012332,FastAccept
1785228012355,true,1785228012442,LeaderAccept
1785228012435,false,1785228012542,LeaderAccept
1785228012518,false,1785228012598,SlowAccept
1785228012605,true,1785228012691,SlowAccept
1785228012696,true,1785228012768,FastAccept
1785228012790,false,1785228012844,FastAccept
1785228012889,false,1785228012941,FastAccept
1785228012993,false,1785228013176,LeaderAccept
1785228013103,false,1785228013176,LeaderAccept
1785228013217,true,1785228013290,FastAccept
1785228013340,false,1785228013394,FastAccept
1785228013470,true,1785228013523,FastAccept
1785228013608,false,1785228013662,FastAccept
1785228013757,false,1785228013811,FastAccept
1785228013917,false,1785228014005,LeaderAccept
1785228014090,true,1785228014191,LeaderAccept
1785228014278,false,1785228014331,FastAccept
1785228014485,false,1785228014537,FastAccept
1785228014714,true,1785228014768,FastAccept
1785228014971,false,1785228015025,FastAccept
1785228015263,false,1785228015315,FastAccept
1785228015600,false,1785228015655,FastAccept
1785228016000,false,1785228016055,FastAccept
1785228016488,false,1785228016541,FastAccept
1785228017109,false,1785228017162,FastAccept
1785228017957,true,1785228018059,LeaderAccept
1785228019251,false,1785228019305,FastAccept
1785228021724,false,1785228021779,FastAccept
1785228030234,false,1785228030287,FastAccept
1785228042960,true,1785228043015,FastAccept
1785228043001,true,1785228043055,FastAccept
1785228043041,true,1785228043094,FastAccept
1785228043082,true,1785228043135,FastAccept
1785228043124,false,1785228043178,SlowAccept
1785228043167,false,1785228043221,FastAccept
1785228043211,true,1785228043264,FastAccept
1785228043256,true,1785228043308,FastAccept
1785228043302,true,1785228043355,FastAccept
1785228043348,true,1785228043403,FastAccept
1785228043397,false,1785228043450,FastAccept
1785228043446,false,1785228043500,FastAccept
1785228043496,true,1785228043549,FastAccept
1785228043547,true,1785228043601,FastAccept
1785228043600,false,1785228043653,FastAccept
1785228043654,true,1785228043709,FastAccept
1785228043710,true,1785228043763,FastAccept
1785228043767,true,1785228043821,FastAccept
1785228043826,true,1785228043879,FastAccept
1785228043886,true,1785228043940,FastAccept
1785228043948,true,1785228044001,FastAccept
1785228044011,true,1785228044066,FastAccept
1785228044078,false,1785228044132,FastAccept
1785228044147,true,1785228044200,FastAccept
1785228044218,false,1785228044272,FastAccept
1785228044292,false,1785228044345,FastAccept
1785228044368,false,1785228044421,FastAccept
1785228044447,true,1785228044500,FastAccept
1785228044529,true,1785228044583,FastAccept
1785228044614,true,1785228044669,FastAccept
1785228044703,true,1785228044757,FastAccept
1785228044796,false,1785228044849,FastAccept
1785228044893,false,1785228044946,FastAccept
1785228044995,true,1785228045050,FastAccept
1785228045103,true,1785228045158,FastAccept
1785228045217,false,1785228045272,FastAccept
1785228045337,true,1785228045392,FastAccept
1785228045465,false,1785228045519,FastAccept
1785228045601,false,1785228045656,FastAccept
1785228045747,false,1785228045800,FastAccept
1785228045904,true,1785228045957,FastAccept
1785228046073,false,1785228046126,FastAccept
1785228046257,true,1785228046312,FastAccept
1785228046459,false,1785228046514,FastAccept
1785228046682,true,1785228046737,FastAccept
1785228046931,true,1785228046985,FastAccept
1785228047212,true,1785228047266,FastAccept
1785228047534,false,1785228047589,FastAccept
1785228047915,true,1785228047968,FastAccept
1785228048374,true,1785228048427,FastAccept
1785228048952,true,1785228049105,LeaderAccept
1785228049722,true,1785228049818,LeaderAccept
1785228050856,false,1785228050910,FastAccept
1785228052853,false,1785228052948,LeaderAccept
1785228055376,true,1785228055428,FastAccept
1785228055397,false,1785228055451,FastAccept
1785228055418,true,1785228055472,FastAccept
1785228055439,true,1785228055494,FastAccept
1785228055461,false,1785228055513,FastAccept
1785228055483,true,1785228055575,SlowAccept
1785228055505,false,1785228055621,LeaderAccept
1785228055528,true,1785228055586,FastAccept
1785228055550,false,1785228055667,LeaderAccept
1785228055574,false,1785228055627,FastAccept
1785228055597,true,1785228055650,FastAccept
1785228055621,false,1785228055696,LeaderAccept
1785228055645,true,1785228055696,FastAccept
1785228055668,true,1785228055721,FastAccept
1785228055693,true,1785228055745,FastAccept
1785228055716,true,1785228055769,FastAccept
1785228055741,true,1785228055813,FastAccept
1785228055767,false,1785228055819,FastAccept
1785228055791,false,1785228055844,FastAccept
1785228055816,true,1785228055870,FastAccept
1785228055843,false,1785228055916,SlowAccept
1785228055869,true,1785228055933,SlowAccept
1785228055896,false,1785228056005,LeaderAccept
1785228055924,false,1785228055978,FastAccept
1785228055951,true,1785228056005,FastAccept
1785228055979,true,1785228056032,FastAccept
1785228056006,false,1785228056088,LeaderAccept
1785228056035,true,1785228056088,FastAccept
1785228056064,false,1785228056119,FastAccept
1785228056094,false,1785228056147,FastAccept
1785228056124,false,1785228056177,FastAccept
1785228056155,true,1785228056210,FastAccept
1785228056186,true,1785228056238,FastAccept
1785228056217,false,1785228056311,SlowAccept
1785228056249,true,1785228056311,FastAccept
1785228056282,true,1785228056335,FastAccept
1785228056313,false,1785228056407,SlowAccept
1785228056347,false,1785228056407,FastAccept
1785228056381,true,1785228056434,FastAccept
1785228056416,true,1785228056468,FastAccept
1785228056451,false,1785228056506,FastAccept
1785228056487,false,1785228056542,FastAccept
1785228056524,true,1785228056577,FastAccept
1785228056560,false,1785228056612,FastAccept
1785228056597,true,1785228056650,FastAccept
1785228056635,false,1785228056783,LeaderAccept
1785228056674,true,1785228056727,FastAccept
1785228056713,false,1785228056783,FastAccept
1785228056754,false,1785228056809,FastAccept
1785228056795,false,1785228056855,FastAccept
1785228056836,true,1785228056890,FastAccept
1785228056879,false,1785228056975,SlowAccept
1785228056923,true,1785228056977,FastAccept
1785228056967,false,1785228057020,FastAccept
1785228057013,true,1785228057065,FastAccept
1785228057059,false,1785228057113,FastAccept
1785228057107,false,1785228057161,FastAccept
1785228057156,false,1785228057210,FastAccept
1785228057206,false,1785228057259,FastAccept
1785228057257,true,1785228057310,FastAccept
1785228057310,false,1785228057383,SlowAccept
1785228057364,true,1785228057418,FastAccept
1785228057420,false,1785228057474,FastAccept
1785228057476,true,1785228057531,FastAccept
1785228057535,true,1785228057590,FastAccept
1785228057596,false,1785228057649,FastAccept
1785228057657,true,1785228057732,SlowAccept
1785228057721,false,1785228057775,FastAccept
1785228057787,true,1785228057841,FastAccept
1785228057855,true,1785228057932,LeaderAccept
1785228057925,false,1785228057979,FastAccept
1785228057998,true,1785228058053,FastAccept
1785228058074,true,1785228058146,FastAccept
1785228058153,true,1785228058206,FastAccept
1785228058234,true,1785228058287,FastAccept
1785228058319,true,1785228058372,FastAccept
1785228058407,false,1785228058460,FastAccept
1785228058500,true,1785228058553,FastAccept
1785228058597,false,1785228058650,FastAccept
1785228058698,false,1785228058752,FastAccept
1785228058805,true,1785228058859,FastAccept
1785228058918,false,1785228058971,FastAccept
1785228059037,false,1785228059089,FastAccept
1785228059162,false,1785228059216,FastAccept
1785228059297,false,1785228059351,FastAccept
1785228059441,true,1785228059494,FastAccept
1785228059595,true,1785228059648,FastAccept
1785228059761,true,1785228059814,FastAccept
1785228059942,true,1785228059995,FastAccept
1785228060140,true,1785228060193,FastAccept
1785228060358,false,1785228060411,FastAccept
1785228060601,false,1785228060654,FastAccept
1785228060874,true,1785228060929,FastAccept
1785228061189,true,1785228061242,FastAccept
1785228061556,true,1785228061609,FastAccept
1785228061997,false,1785228062051,FastAccept
1785228062546,false,1785228062601,FastAccept
1785228063270,false,1785228063323,FastAccept
1785228064309,true,1785228064362,FastAccept
1785228066054,false,1785228066107,FastAccept
1785228070228,true,1785228070282,FastAccept
1785228102345,false,1785228102398,FastAccept
1785228102377,true,1785228102430,FastAccept
1785228102409,true,1785228102464,FastAccept
1785228102442,false,1785228102494,FastAccept
1785228102476,true,1785228102530,FastAccept
1785228102509,true,1785228102564,FastAccept
1785228102544,true,1785228102597,FastAccept
1785228102580,true,1785228102634,FastAccept
1785228102616,false,1785228102669,FastAccept
1785228102653,false,1785228102705,FastAccept
1785228102690,false,1785228102744,FastAccept
1785228102728,true,1785228102781,FastAccept
1785228102766,false,1785228102821,FastAccept
1785228102805,true,1785228102860,FastAccept
1785228102846,false,1785228102901,FastAccept
1785228102887,true,1785228102941,FastAccept
1785228102929,true,1785228103017,SlowAccept
1785228102972,false,1785228103026,FastAccept
1785228103015,false,1785228103069,FastAccept
1785228103060,true,1785228103115,FastAccept
1785228103106,true,1785228103160,FastAccept
1785228103152,true,1785228103206,FastAccept
1785228103200,false,1785228103253,FastAccept
1785228103249,false,1785228103304,FastAccept
1785228103298,true,1785228103352,FastAccept
1785228103350,false,1785228103403,FastAccept
1785228103402,true,1785228103455,FastAccept
1785228103456,false,1785228103511,FastAccept
1785228103510,false,1785228103565,FastAccept
1785228103567,false,1785228103620,FastAccept
1785228103625,false,1785228103678,FastAccept
1785228103685,true,1785228103740,FastAccept
1785228103747,true,1785228103801,FastAccept
1785228103811,true,1785228103865,FastAccept
1785228103876,true,1785228103931,FastAccept
1785228103944,true,1785228103999,FastAccept
1785228104014,true,1785228104068,FastAccept
1785228104087,false,1785228104142,FastAccept
1785228104162,false,1785228104227,SlowAccept
1785228104240,false,1785228104292,FastAccept
1785228104321,false,1785228104375,FastAccept
1785228104406,false,1785228104459,FastAccept
1785228104494,true,1785228104547,FastAccept
1785228104586,true,1785228104638,FastAccept
1785228104681,true,1785228104736,FastAccept
1785228104783,true,1785228104838,FastAccept
1785228104889,true,1785228104944,FastAccept
1785228105001,true,1785228105055,FastAccept
1785228105119,true,1785228105171,FastAccept
1785228105244,true,1785228105297,FastAccept
1785228105377,true,1785228105432,FastAccept
1785228105520,true,1785228105575,FastAccept
1785228105673,false,1785228105728,FastAccept
1785228105838,false,1785228105892,FastAccept
1785228106018,false,1785228106072,FastAccept
1785228106214,false,1785228106269,FastAccept
1785228106430,false,1785228106485,FastAccept
1785228106671,false,1785228106725,FastAccept
1785228106941,true,1785228106996,FastAccept
1785228107251,false,1785228107305,FastAccept
1785228107612,true,1785228107667,FastAccept
1785228108044,true,1785228108098,FastAccept
1785228108582,false,1785228108636,FastAccept
1785228109285,true,1785228109339,FastAccept
1785228110283,false,1785228110337,FastAccept
1785228111926,false,1785228111979,FastAccept
1785228115659,false,1785228115710,SlowAccept
1785228126413,true,1785228126466,FastAccept
1785228126428,true,1785228126481,FastAccept
1785228126443,true,1785228126495,FastAccept
1785228126458,true,1785228126512,FastAccept
1785228126474,false,1785228126527,FastAccept
1785228126490,true,1785228126543,FastAccept
1785228126506,true,1785228126597,SlowAccept
1785228126522,false,1785228126597,FastAccept
1785228126538,true,1785228126597,FastAccept
1785228126554,false,1785228126608,FastAccept
1785228126570,false,1785228126623,FastAccept
1785228126586,true,1785228126640,FastAccept
1785228126603,false,1785228126657,FastAccept
1785228126620,true,1785228126674,FastAccept
1785228126636,true,1785228126688,FastAccept
1785228126653,true,1785228126708,FastAccept
1785228126669,true,1785228126723,FastAccept
1785228126686,true,1785228126738,FastAccept
1785228126703,true,1785228126757,FastAccept
1785228126720,true,1785228126774,FastAccept
1785228126736,true,1785228126834,SlowAccept
1785228126754,false,1785228126834,FastAccept
1785228126772,false,1785228126834,FastAccept
1785228126789,false,1785228126842,FastAccept
1785228126807,true,1785228126861,FastAccept
1785228126825,true,1785228126879,FastAccept
1785228126842,false,1785228126896,FastAccept
1785228126861,false,1785228126914,FastAccept
1785228126878,true,1785228126932,FastAccept
1785228126896,false,1785228126951,FastAccept
1785228126915,false,1785228126968,FastAccept
1785228126934,false,1785228126987,FastAccept
1785228126953,false,1785228127006,FastAccept
1785228126972,false,1785228127043,FastAccept
1785228126990,true,1785228127044,FastAccept
1785228127009,true,1785228127101,SlowAccept
1785228127029,false,1785228127101,FastAccept
1785228127049,true,1785228127101,FastAccept
1785228127069,false,1785228127180,LeaderAccept
1785228127089,true,1785228127143,FastAccept
1785228127110,false,1785228127244,LeaderAccept
1785228127131,true,1785228127185,FastAccept
1785228127152,true,1785228127204,FastAccept
1785228127173,true,1785228127308,LeaderAccept
1785228127194,false,1785228127247,FastAccept
1785228127216,false,1785228127270,FastAccept
1785228127238,true,1785228127371,LeaderAccept
1785228127260,false,1785228127313,FastAccept
1785228127282,false,1785228127335,FastAccept
1785228127304,false,1785228127403,LeaderAccept
1785228127327,false,1785228127380,FastAccept
1785228127349,false,1785228127403,FastAccept
1785228127372,false,1785228127426,FastAccept
1785228127396,true,1785228127449,FastAccept
1785228127419,false,1785228127472,FastAccept
1785228127443,true,1785228127496,FastAccept
1785228127467,false,1785228127521,FastAccept
1785228127492,true,1785228127546,FastAccept
1785228127517,false,1785228127571,FastAccept
1785228127542,false,1785228127595,FastAccept
1785228127567,true,1785228127620,FastAccept
1785228127593,true,1785228127646,FastAccept
1785228127619,false,1785228127672,FastAccept
1785228127645,false,1785228127698,FastAccept
1785228127670,false,1785228127759,SlowAccept
1785228127697,false,1785228127759,FastAccept
1785228127724,true,1785228127806,LeaderAccept
1785228127752,true,1785228127806,FastAccept
1785228127780,true,1785228127834,FastAccept
1785228127808,true,1785228127861,FastAccept
1785228127837,false,1785228127890,FastAccept
1785228127866,false,1785228127921,FastAccept
1785228127896,false,1785228127950,FastAccept
1785228127926,true,1785228127978,FastAccept
1785228127956,false,1785228128010,FastAccept
1785228127987,false,1785228128041,FastAccept
1785228128019,true,1785228128073,FastAccept
1785228128050,true,1785228128104,FastAccept
1785228128083,true,1785228128179,SlowAccept
1785228128116,false,1785228128179,FastAccept
1785228128149,false,1785228128203,FastAccept
1785228128183,true,1785228128237,FastAccept
1785228128217,false,1785228128271,FastAccept
1785228128253,true,1785228128306,FastAccept
1785228128288,true,1785228128359,FastAccept
1785228128324,true,1785228128379,FastAccept
1785228128361,true,1785228128414,FastAccept
1785228128398,false,1785228128451,FastAccept
1785228128436,false,1785228128490,FastAccept
1785228128474,true,1785228128528,FastAccept
1785228128514,true,1785228128568,FastAccept
1785228128555,false,1785228128608,FastAccept
1785228128596,true,1785228128668,FastAccept
1785228128638,true,1785228128691,FastAccept
1785228128681,false,1785228128734,FastAccept
1785228128725,true,1785228128778,FastAccept
1785228128769,false,1785228128823,FastAccept
1785228128814,false,1785228128867,FastAccept
1785228128861,false,1785228128915,FastAccept
1785228128909,true,1785228128962,FastAccept
1785228128958,true,1785228129010,FastAccept
1785228129008,false,1785228129061,FastAccept
1785228129059,true,1785228129113,FastAccept
1785228129112,true,1785228129166,FastAccept
1785228129166,false,1785228129219,FastAccept
1785228129221,false,1785228129274,FastAccept
1785228129277,false,1785228129371,SlowAccept
1785228129336,true,1785228129592,LeaderAccept
1785228129396,true,1785228129468,FastAccept
1785228129458,true,1785228129530,FastAccept
1785228129522,true,1785228129637,LeaderAccept
1785228129588,false,1785228129667,LeaderAccept
1785228129656,true,1785228129711,FastAccept
1785228129727,true,1785228129780,FastAccept
1785228129799,false,1785228129853,FastAccept
1785228129875,false,1785228129929,FastAccept
1785228129953,false,1785228130008,FastAccept
1785228130035,true,1785228130090,FastAccept
1785228130120,true,1785228130174,FastAccept
1785228130209,false,1785228130262,FastAccept
1785228130301,false,1785228130355,FastAccept
1785228130399,true,1785228130452,FastAccept
1785228130500,false,1785228130554,LeaderAccept
1785228130608,false,1785228130663,FastAccept
1785228130722,true,1785228130777,FastAccept
1785228130842,true,1785228130896,FastAccept
1785228130969,false,1785228131024,FastAccept
1785228131104,true,1785228131158,FastAccept
1785228131249,false,1785228131302,FastAccept
1785228131404,true,1785228131457,FastAccept
1785228131571,true,1785228131624,FastAccept
1785228131753,true,1785228131829,SlowAccept
1785228131952,false,1785228132005,FastAccept
1785228132172,false,1785228132225,FastAccept
1785228132416,true,1785228132471,FastAccept
1785228132693,true,1785228132747,FastAccept
1785228133011,false,1785228133065,FastAccept
1785228133384,false,1785228133437,FastAccept
1785228133833,true,1785228133886,FastAccept
1785228134395,false,1785228134448,FastAccept
1785228135138,false,1785228135215,LeaderAccept
1785228136216,true,1785228136269,FastAccept
1785228138065,false,1785228138118,FastAccept
1785228142716,true,1785228142771,FastAccept
1785228169146,false,1785228169198,FastAccept
1785228169161,false,1785228169215,FastAccept
1785228169176,false,1785228169229,FastAccept
1785228169191,true,1785228169244,FastAccept
1785228169206,false,1785228169259,FastAccept
1785228169221,true,1785228169273,FastAccept
1785228169236,false,1785228169289,FastAccept
1785228169251,true,1785228169304,FastAccept
1785228169266,false,1785228169317,FastAccept
1785228169282,true,1785228169336,FastAccept
1785228169298,false,1785228169352,FastAccept
1785228169314,true,1785228169368,FastAccept
1785228169329,true,1785228169383,FastAccept
1785228169346,false,1785228169398,FastAccept
1785228169362,false,1785228169415,FastAccept
1785228169378,false,1785228169431,FastAccept
1785228169394,true,1785228169448,FastAccept
1785228169409,false,1785228169463,FastAccept
1785228169426,false,1785228169478,FastAccept
1785228169442,false,1785228169494,FastAccept
1785228169459,true,1785228169512,FastAccept
1785228169476,true,1785228169531,FastAccept
1785228169492,false,1785228169545,FastAccept
1785228169509,true,1785228169563,FastAccept
1785228169527,true,1785228169580,FastAccept
1785228169544,true,1785228169596,FastAccept
1785228169562,false,1785228169614,FastAccept
1785228169580,true,1785228169634,FastAccept
1785228169597,false,1785228169650,FastAccept
1785228169616,true,1785228169669,FastAccept
1785228169635,true,1785228169689,FastAccept
1785228169654,true,1785228169709,FastAccept
1785228169672,true,1785228169725,FastAccept
1785228169691,true,1785228169745,FastAccept
1785228169710,false,1785228169763,FastAccept
1785228169729,true,1785228169782,FastAccept
1785228169749,true,1785228169803,FastAccept
1785228169767,true,1785228169843,SlowAccept
1785228169787,false,1785228169843,FastAccept
1785228169807,true,1785228169908,SlowAccept
1785228169827,false,1785228169908,FastAccept
1785228169847,false,1785228169908,FastAccept
1785228169867,false,1785228169940,FastAccept
1785228169888,false,1785228169958,FastAccept
1785228169909,false,1785228169961,FastAccept
1785228169930,false,1785228170033,SlowAccept
1785228169952,false,1785228170086,LeaderAccept
1785228169973,false,1785228170033,FastAccept
1785228169994,true,1785228170065,FastAccept
1785228170016,false,1785228170130,LeaderAccept
1785228170039,true,1785228170092,FastAccept
1785228170061,false,1785228170158,LeaderAccept
1785228170084,false,1785228170176,LeaderAccept
1785228170107,true,1785228170203,LeaderAccept
1785228170129,false,1785228170204,LeaderAccept
1785228170153,false,1785228170250,LeaderAccept
1785228170177,true,1785228170229,FastAccept
1785228170200,true,1785228170278,LeaderAccept
1785228170225,true,1785228170278,FastAccept
1785228170250,false,1785228170304,FastAccept
1785228170275,false,1785228170328,FastAccept
1785228170300,true,1785228170353,FastAccept
1785228170325,false,1785228170378,FastAccept
1785228170351,false,1785228170405,FastAccept
1785228170377,true,1785228170429,FastAccept
1785228170403,false,1785228170488,SlowAccept
1785228170429,false,1785228170488,FastAccept
1785228170456,false,1785228170536,LeaderAccept
1785228170483,true,1785228170536,FastAccept
1785228170510,false,1785228170564,FastAccept
1785228170538,false,1785228170591,FastAccept
1785228170566,true,1785228170620,FastAccept
1785228170594,false,1785228170647,FastAccept
1785228170623,true,1785228170676,FastAccept
1785228170653,false,1785228170707,FastAccept
1785228170683,false,1785228170736,FastAccept
1785228170714,true,1785228170768,FastAccept
1785228170744,true,1785228170797,FastAccept
1785228170776,true,1785228170830,FastAccept
1785228170808,false,1785228170862,FastAccept
1785228170839,false,1785228170893,FastAccept
1785228170872,true,1785228170925,FastAccept
1785228170905,false,1785228170959,FastAccept
1785228170939,false,1785228170992,FastAccept
1785228170973,true,1785228171025,FastAccept
1785228171008,false,1785228171062,FastAccept
1785228171044,false,1785228171098,FastAccept
1785228171080,true,1785228171133,FastAccept
1785228171117,false,1785228171171,FastAccept
1785228171154,true,1785228171208,FastAccept
1785228171192,true,1785228171246,FastAccept
1785228171231,true,1785228171284,FastAccept
1785228171270,true,1785228171321,FastAccept
1785228171309,true,1785228171364,FastAccept
1785228171350,false,1785228171402,FastAccept
1785228171392,true,1785228171446,FastAccept
1785228171435,false,1785228171488,FastAccept
1785228171478,true,1785228171531,FastAccept
1785228171523,true,1785228171575,FastAccept
1785228171569,true,1785228171622,FastAccept
1785228171616,false,1785228171669,FastAccept
1785228171664,true,1785228171719,FastAccept
1785228171712,false,1785228171767,FastAccept
1785228171762,false,1785228171816,FastAccept
1785228171813,true,1785228171865,FastAccept
1785228171865,true,1785228171917,FastAccept
1785228171918,false,1785228171971,FastAccept
1785228171972,true,1785228172027,FastAccept
1785228172029,true,1785228172082,FastAccept
1785228172086,false,1785228172140,FastAccept
1785228172147,true,1785228172201,FastAccept
1785228172208,false,1785228172262,FastAccept
1785228172272,true,1785228172325,FastAccept
1785228172337,false,1785228172390,FastAccept
1785228172405,false,1785228172458,FastAccept
1785228172475,false,1785228172529,FastAccept
1785228172548,true,1785228172601,FastAccept
1785228172622,true,1785228172676,FastAccept
1785228172701,true,1785228172754,FastAccept
1785228172781,false,1785228172836,FastAccept
1785228172866,false,1785228172921,FastAccept
1785228172954,true,1785228173009,FastAccept
1785228173046,true,1785228173099,FastAccept
1785228173142,false,1785228173196,FastAccept
1785228173243,true,1785228173296,FastAccept
1785228173349,false,1785228173402,FastAccept
1785228173461,false,1785228173514,FastAccept
1785228173579,false,1785228173632,FastAccept
1785228173704,false,1785228173759,FastAccept
1785228173837,true,1785228173901,SlowAccept
1785228173980,false,1785228174034,FastAccept
1785228174133,true,1785228174188,FastAccept
1785228174298,true,1785228174352,FastAccept
1785228174477,false,1785228174528,FastAccept
1785228174671,false,1785228174724,FastAccept
1785228174886,true,1785228174940,FastAccept
1785228175126,true,1785228175178,FastAccept
1785228175395,true,1785228175448,FastAccept
1785228175703,true,1785228175775,FastAccept
1785228176062,false,1785228176134,FastAccept
1785228176492,false,1785228176545,FastAccept
1785228177023,true,1785228177162,LeaderAccept
1785228177717,true,1785228177837,LeaderAccept
1785228178697,true,1785228178823,LeaderAccept
1785228180297,true,1785228180350,FastAccept
1785228183857,false,1785228183953,LeaderAccept
1785228203477,false,1785228203530,FastAccept
1785228203504,true,1785228203557,FastAccept
1785228203531,false,1785228203586,FastAccept
1785228203558,true,1785228203611,FastAccept
1785228203586,true,1785228203639,FastAccept
1785228203614,false,1785228203667,FastAccept
1785228203642,true,1785228203694,FastAccept
1785228203671,true,1785228203776,LeaderAccept
1785228203700,false,1785228203782,LeaderAccept
1785228203729,true,1785228203782,FastAccept
1785228203758,false,1785228203876,LeaderAccept
1785228203788,false,1785228203861,FastAccept
1785228203819,true,1785228203870,FastAccept
1785228203850,false,1785228203922,FastAccept
1785228203882,true,1785228203939,FastAccept
1785228203915,false,1785228204018,LeaderAccept
1785228203947,false,1785228204018,FastAccept
1785228203980,true,1785228204081,LeaderAccept
1785228204014,false,1785228204119,LeaderAccept
1785228204048,true,1785228204119,FastAccept
1785228204083,false,1785228204136,FastAccept
1785228204118,true,1785228204210,LeaderAccept
1785228204154,false,1785228204253,LeaderAccept
1785228204190,false,1785228204306,LeaderAccept
1785228204227,false,1785228204306,SlowAccept
1785228204265,false,1785228204374,LeaderAccept
1785228204303,true,1785228204374,FastAccept
1785228204343,true,1785228204395,FastAccept
1785228204383,true,1785228204436,FastAccept
1785228204424,false,1785228204538,LeaderAccept
1785228204466,false,1785228204520,FastAccept
1785228204509,false,1785228204562,FastAccept
1785228204553,false,1785228204664,LeaderAccept
1785228204598,false,1785228204715,LeaderAccept
1785228204643,true,1785228204715,FastAccept
1785228204690,false,1785228204743,FastAccept
1785228204737,false,1785228204806,FastAccept
1785228204786,false,1785228204837,FastAccept
1785228204836,false,1785228204890,FastAccept
1785228204886,true,1785228204954,LeaderAccept
1785228204939,false,1785228205015,SlowAccept
1785228204993,false,1785228205120,LeaderAccept
1785228205048,true,1785228205120,FastAccept
1785228205105,true,1785228205159,FastAccept
1785228205163,false,1785228205309,LeaderAccept
1785228205223,true,1785228205276,FastAccept
1785228205284,true,1785228205338,FastAccept
1785228205348,false,1785228205453,LeaderAccept
1785228205414,true,1785228205467,FastAccept
1785228205482,false,1785228205554,FastAccept
1785228205551,true,1785228205628,LeaderAccept
1785228205624,true,1785228205677,FastAccept
1785228205699,true,1785228205753,FastAccept
1785228205777,true,1785228205831,FastAccept
1785228205859,true,1785228205913,FastAccept
1785228205943,true,1785228205997,FastAccept
1785228206032,false,1785228206106,LeaderAccept
1785228206124,false,1785228206197,FastAccept
1785228206221,true,1785228206275,FastAccept
1785228206322,false,1785228206375,FastAccept
1785228206428,false,1785228206483,FastAccept
1785228206540,false,1785228206593,FastAccept
1785228206658,true,1785228206711,FastAccept
1785228206782,false,1785228206836,FastAccept
1785228206916,true,1785228206990,LeaderAccept
1785228207059,false,1785228207112,FastAccept
1785228207211,true,1785228207265,FastAccept
1785228207376,false,1785228207431,FastAccept
1785228207555,false,1785228207610,FastAccept
1785228207751,true,1785228207806,FastAccept
1785228207967,false,1785228208021,FastAccept
1785228208207,false,1785228208260,FastAccept
1785228208477,true,1785228208566,LeaderAccept
1785228208785,true,1785228208839,FastAccept
1785228209146,true,1785228209198,FastAccept
1785228209577,true,1785228209630,FastAccept
1785228210112,false,1785228210167,FastAccept
1785228210811,true,1785228210864,FastAccept
1785228211802,true,1785228211856,FastAccept
1785228213428,true,1785228213482,FastAccept
1785228217094,true,1785228217166,FastAccept
1785228218772,false,1785228218825,FastAccept
1785228218791,false,1785228218845,FastAccept
1785228218810,false,1785228218863,FastAccept
1785228218830,true,1785228218884,FastAccept
1785228218850,true,1785228218902,FastAccept
1785228218869,true,1785228218922,FastAccept
1785228218890,false,1785228218944,FastAccept
1785228218911,true,1785228218965,FastAccept
1785228218932,false,1785228219044,LeaderAccept
1785228218953,true,1785228219006,FastAccept
1785228218973,true,1785228219117,LeaderAccept
1785228218995,false,1785228219091,SlowAccept
1785228219016,false,1785228219117,SlowAccept
1785228219038,true,1785228219117,SlowAccept
1785228219060,true,1785228219236,LeaderAccept
1785228219083,false,1785228219243,LeaderAccept
1785228219105,false,1785228219236,LeaderAccept
1785228219127,false,1785228219243,LeaderAccept
1785228219150,false,1785228219243,LeaderAccept
1785228219172,true,1785228219243,FastAccept
1785228219196,false,1785228219315,LeaderAccept
1785228219219,false,1785228219315,SlowAccept
1785228219243,false,1785228219353,LeaderAccept
1785228219267,false,1785228219353,SlowAccept
1785228219291,true,1785228219362,FastAccept
1785228219316,false,1785228219387,FastAccept
1785228219341,true,1785228219432,SlowAccept
1785228219366,true,1785228219432,FastAccept
1785228219390,false,1785228219443,FastAccept
1785228219416,false,1785228219495,SlowAccept
1785228219442,true,1785228219523,LeaderAccept
1785228219469,false,1785228219523,FastAccept
1785228219496,true,1785228219549,FastAccept
1785228219523,true,1785228219595,FastAccept
1785228219550,false,1785228219642,LeaderAccept
1785228219578,false,1785228219642,SlowAccept
1785228219607,false,1785228219675,SlowAccept
1785228219636,false,1785228219707,FastAccept
1785228219665,false,1785228219771,LeaderAccept
1785228219695,true,1785228219771,SlowAccept
1785228219725,false,1785228219778,FastAccept
1785228219755,true,1785228219821,SlowAccept
1785228219786,true,1785228219871,LeaderAccept
1785228219817,false,1785228219871,FastAccept
1785228219847,true,1785228219944,SlowAccept
1785228219880,false,1785228219944,FastAccept
1785228219912,true,1785228220000,LeaderAccept
1785228219946,true,1785228220000,FastAccept
1785228219979,true,1785228220033,FastAccept
1785228220014,true,1785228220089,SlowAccept
1785228220048,false,1785228220148,SlowAccept
1785228220084,false,1785228220148,FastAccept
1785228220120,true,1785228220172,FastAccept
1785228220155,true,1785228220210,FastAccept
1785228220193,false,1785228220268,SlowAccept
1785228220231,true,1785228220332,LeaderAccept
1785228220270,false,1785228220324,FastAccept
1785228220309,true,1785228220364,FastAccept
1785228220350,true,1785228220410,SlowAccept
1785228220391,false,1785228220443,FastAccept
1785228220433,true,1785228220554,SlowAccept
1785228220476,true,1785228220588,LeaderAccept
1785228220520,false,1785228220619,LeaderAccept
1785228220564,true,1785228220618,FastAccept
1785228220610,false,1785228220702,SlowAccept
1785228220656,false,1785228220710,FastAccept
1785228220704,false,1785228220779,SlowAccept
1785228220751,false,1785228220858,LeaderAccept
1785228220800,false,1785228220858,FastAccept
1785228220852,false,1785228220942,SlowAccept
1785228220903,false,1785228220974,FastAccept
1785228220957,false,1785228221029,SlowAccept
1785228221012,true,1785228221065,FastAccept
1785228221069,false,1785228221123,FastAccept
1785228221127,true,1785228221216,SlowAccept
1785228221187,true,1785228221239,FastAccept
1785228221248,false,1785228221305,LeaderAccept
1785228221311,false,1785228221365,FastAccept
1785228221377,false,1785228221431,FastAccept
1785228221444,false,1785228221530,SlowAccept
1785228221513,false,1785228221567,FastAccept
1785228221586,true,1785228221648,LeaderAccept
1785228221661,false,1785228221715,FastAccept
1785228221738,true,1785228221792,FastAccept
1785228221819,false,1785228221901,SlowAccept
1785228221904,true,1785228221958,FastAccept
1785228221992,false,1785228222045,FastAccept
1785228222084,false,1785228222137,FastAccept
1785228222179,true,1785228222232,FastAccept
1785228222280,true,1785228222355,SlowAccept
1785228222385,true,1785228222440,FastAccept
1785228222497,true,1785228222550,FastAccept
1785228222615,false,1785228222680,SlowAccept
1785228222739,true,1785228222793,FastAccept
1785228222872,true,1785228222970,LeaderAccept
1785228223014,true,1785228223067,FastAccept
1785228223165,true,1785228223219,FastAccept
1785228223328,false,1785228223404,SlowAccept
1785228223506,false,1785228223585,LeaderAccept
1785228223700,true,1785228223772,FastAccept
1785228223912,false,1785228223966,FastAccept
1785228224150,false,1785228224202,FastAccept
1785228224417,false,1785228224501,LeaderAccept
1785228224723,true,1785228224790,SlowAccept
1785228225078,true,1785228225145,SlowAccept
1785228225502,true,1785228225572,SlowAccept
1785228226026,false,1785228226080,FastAccept
1785228226707,true,1785228226761,FastAccept
1785228227663,false,1785228227718,FastAccept
1785228229206,false,1785228229260,FastAccept
1785228232539,false,1785228232592,FastAccept
